11-12 09:10:03.328 D/MusicViewModel(19383): Skipping preload (sizeMb=7, vlc=true, recentGc=false) for JERE KLEIN - MIRALA Matt Xtd. Edit.mp3
11-12 09:10:03.398 D/MusicService(19445): Successfully extracted cover art: 1182x1182
11-12 09:10:03.400 D/MusicService(19445): Notification created (VLC-exact) - Title: INNA X JUMANJI - CHEEKY HABIBI Disk Jokers Xtd. Mash Up.mp3, Playing: true, Seekable: false, Compact: [1, 2, 3]
11-12 09:10:03.418 D/MusicService(19445): Extracting cover art from: content://com.android.externalstorage.documents/tree/primary%3ATrial%20now%2FMogo/document/primary%3ATrial%20now%2FMogo%2FNEW%202%4025%2F2025%20-%2060%2FCOMERCIAL%2FINNA%20X%20JUMANJI%20-%20CHEEKY%20HABIBI%20Disk%20Jokers%20Xtd.%20Mash%20Up.mp3
11-12 09:10:03.431 D/MediaProvider( 4276): Open with FUSE. FilePath: /storage/emulated/0/Trial now/Mogo/NEW 2@25/2025 - 60/COMERCIAL/INNA X JUMANJI - CHEEKY HABIBI Disk Jokers Xtd. Mash Up.mp3. Uid: 10082. Media Capabilities Uid: 0. ShouldRedact: false. ShouldTranscode: false
11-12 09:10:03.523 D/MusicService(19445): Successfully extracted cover art: 1182x1182
11-12 09:10:03.524 D/MusicService(19445): Notification created (VLC-exact) - Title: INNA X JUMANJI - CHEEKY HABIBI Disk Jokers Xtd. Mash Up.mp3, Playing: true, Seekable: false, Compact: [1, 2, 3]
11-12 09:10:03.527 D/MusicService(19445): updateNotificationData - Title: INNA X JUMANJI - CHEEKY HABIBI Disk Jokers Xtd. Mash Up.mp3, Playing: true, Position: 0, Duration: 0
11-12 09:10:03.527 D/MusicService(19445): MediaSession player updated - Title: INNA X JUMANJI - CHEEKY HABIBI Disk Jokers Xtd. Mash Up.mp3, Playing: true, Position: 0
11-12 09:10:03.528 D/MediaSessionService( 1884): onSessionPlaybackStateChanged: record=com.example.mobiledigger/MobileDigger/1113 (userId=0) playbackState=PlaybackState {state=PLAYING(3), position=0, buffered position=0, speed=1.0, updated=700662667, actions=895, custom actions=[], active item id=-1, error=null}
11-12 09:10:03.531 D/MusicService(19445): Extracting cover art from: content://com.android.externalstorage.documents/tree/primary%3ATrial%20now%2FMogo/document/primary%3ATrial%20now%2FMogo%2FNEW%202%4025%2F2025%20-%2060%2FCOMERCIAL%2FINNA%20X%20JUMANJI%20-%20CHEEKY%20HABIBI%20Disk%20Jokers%20Xtd.%20Mash%20Up.mp3
11-12 09:10:03.540 D/MediaProvider( 4276): Open with FUSE. FilePath: /storage/emulated/0/Trial now/Mogo/NEW 2@25/2025 - 60/COMERCIAL/INNA X JUMANJI - CHEEKY HABIBI Disk Jokers Xtd. Mash Up.mp3. Uid: 10082. Media Capabilities Uid: 0. ShouldRedact: false. ShouldTranscode: false
11-12 09:10:03.587 D/MusicService(19445): Successfully extracted cover art: 1182x1182
11-12 09:10:03.588 D/MusicService(19445): Notification created (VLC-exact) - Title: INNA X JUMANJI - CHEEKY HABIBI Disk Jokers Xtd. Mash Up.mp3, Playing: true, Seekable: false, Compact: [1, 2, 3]
11-12 09:10:03.638 D/CCodecBufferChannel(19383): [c2.android.mp3.decoder#502] MediaCodec discarded an unknown buffer
11-12 09:10:03.638 D/CCodecBufferChannel(19383): [c2.android.mp3.decoder#502] MediaCodec discarded an unknown buffer
11-12 09:10:03.638 D/CCodecBufferChannel(19383): [c2.android.mp3.decoder#502] MediaCodec discarded an unknown buffer
11-12 09:10:03.638 D/CCodecBufferChannel(19383): [c2.android.mp3.decoder#502] MediaCodec discarded an unknown buffer
11-12 09:10:03.639 D/CCodecBufferChannel(19383): [c2.android.mp3.decoder#502] MediaCodec discarded an unknown buffer
11-12 09:10:03.657 D/Debug   (19383): 🎯 Shared waveform tap seek to: 13%
11-12 09:10:03.666 D/CCodecBufferChannel(19383): [c2.android.mp3.decoder#547] MediaCodec discarded an unknown buffer
11-12 09:10:03.666 D/CCodecBufferChannel(19383): [c2.android.mp3.decoder#547] MediaCodec discarded an unknown buffer
11-12 09:10:03.666 D/CCodecBufferChannel(19383): [c2.android.mp3.decoder#547] MediaCodec discarded an unknown buffer
11-12 09:10:03.666 D/CCodecBufferChannel(19383): [c2.android.mp3.decoder#547] MediaCodec discarded an unknown buffer
11-12 09:10:03.666 D/CCodecBufferChannel(19383): [c2.android.mp3.decoder#547] MediaCodec discarded an unknown buffer
11-12 09:10:03.677 E/MP3Extractor( 1616): Unable to resync. Signalling end of stream.
11-12 09:10:03.681 D/CCodecBufferChannel(19383): [c2.android.mp3.decoder#171] MediaCodec discarded an unknown buffer
11-12 09:10:03.681 D/CCodecBufferChannel(19383): [c2.android.mp3.decoder#171] MediaCodec discarded an unknown buffer
11-12 09:10:03.681 D/CCodecBufferChannel(19383): [c2.android.mp3.decoder#171] MediaCodec discarded an unknown buffer
11-12 09:10:03.681 D/CCodecBufferChannel(19383): [c2.android.mp3.decoder#171] MediaCodec discarded an unknown buffer
11-12 09:10:03.681 D/CCodecBufferChannel(19383): [c2.android.mp3.decoder#171] MediaCodec discarded an unknown buffer
11-12 09:10:03.686 D/CCodecBufferChannel(19383): [c2.android.mp3.decoder#677] MediaCodec discarded an unknown buffer
11-12 09:10:03.686 D/CCodecBufferChannel(19383): [c2.android.mp3.decoder#677] MediaCodec discarded an unknown buffer
11-12 09:10:03.686 D/CCodecBufferChannel(19383): [c2.android.mp3.decoder#677] MediaCodec discarded an unknown buffer
11-12 09:10:03.686 D/CCodecBufferChannel(19383): [c2.android.mp3.decoder#677] MediaCodec discarded an unknown buffer
11-12 09:10:03.686 D/CCodecBufferChannel(19383): [c2.android.mp3.decoder#677] MediaCodec discarded an unknown buffer
11-12 09:10:03.698 D/CCodecBufferChannel(19383): [c2.android.mp3.decoder#310] MediaCodec discarded an unknown buffer
11-12 09:10:03.698 D/CCodecBufferChannel(19383): [c2.android.mp3.decoder#310] MediaCodec discarded an unknown buffer
11-12 09:10:03.698 D/CCodecBufferChannel(19383): [c2.android.mp3.decoder#310] MediaCodec discarded an unknown buffer
11-12 09:10:03.698 D/CCodecBufferChannel(19383): [c2.android.mp3.decoder#310] MediaCodec discarded an unknown buffer
11-12 09:10:03.698 D/CCodecBufferChannel(19383): [c2.android.mp3.decoder#310] MediaCodec discarded an unknown buffer
11-12 09:10:03.700 D/CCodecBufferChannel(19383): [c2.android.mp3.decoder#38] MediaCodec discarded an unknown buffer
11-12 09:10:03.700 D/CCodecBufferChannel(19383): [c2.android.mp3.decoder#38] MediaCodec discarded an unknown buffer
11-12 09:10:03.700 D/CCodecBufferChannel(19383): [c2.android.mp3.decoder#38] MediaCodec discarded an unknown buffer
11-12 09:10:03.700 D/CCodecBufferChannel(19383): [c2.android.mp3.decoder#38] MediaCodec discarded an unknown buffer
11-12 09:10:03.700 D/CCodecBufferChannel(19383): [c2.android.mp3.decoder#38] MediaCodec discarded an unknown buffer
11-12 09:10:03.705 D/WaveformGenerator(19383): ✅ Waveform generated: 256 samples
11-12 09:10:03.707 D/WaveformGenerator(19383): 📊 UI State - Min: 30, Max: 85, Avg: 66
11-12 09:10:03.707 D/WaveformGenerator(19383): 📊 UI State - First 10: 64, 71, 59, 38, 33, 36, 44, 63, 80, 77
11-12 09:10:03.713 D/WaveformGenerator(19383): 📊 UI State UPDATED - waveformData is now NOT NULL (256 samples)
11-12 09:10:03.728 D/WaveformGenerator(19383): 📺 SharedWaveformDisplay - Received waveform: 256 samples
11-12 09:10:03.728 D/WaveformGenerator(19383): 📺 SharedWaveformDisplay - Min: 30, Max: 85, Avg: 66
11-12 09:10:03.728 D/WaveformGenerator(19383): 📺 SharedWaveformDisplay - First 10: 64, 71, 59, 38, 33, 36, 44, 63, 80, 77
11-12 09:10:04.472 D/Debug   (19383): 🎯 Shared waveform tap seek to: 28%
11-12 09:10:05.693 W/Binder  (14295): Caught a RuntimeException from the binder stub implementation.
11-12 09:10:05.693 W/Binder  (14295): java.lang.UnsupportedOperationException
11-12 09:10:05.697 W/Binder  (14295): Caught a RuntimeException from the binder stub implementation.
11-12 09:10:05.697 W/Binder  (14295): java.lang.UnsupportedOperationException
11-12 09:10:06.135 D/Debug   (19383): 🎯 Shared waveform tap seek to: 45%
11-12 09:10:07.988 D/MusicViewModel(19383): 📁 LOAD_CURRENT_FILE() - loading file: JERE KLEIN - MIRALA Matt Xtd. Edit.mp3
11-12 09:10:07.988 D/MusicViewModel(19383): 📁 LOAD_CURRENT_FILE() - updated current playing file to: JERE KLEIN - MIRALA Matt Xtd. Edit.mp3 (URI: content://com.android.externalstorage.documents/tree/primary%3ATrial%20now%2FMogo/document/primary%3ATrial%20now%2FMogo%2FNEW%202%4025%2F2025%20-%2060%2FCOMERCIAL%2FJERE%20KLEIN%20-%20MIRALA%20Matt%20Xtd.%20Edit.mp3)
11-12 09:10:07.988 D/MusicViewModel(19383): 📁 LOAD_CURRENT_FILE() - preloaded next file: MILEY CYRUS - EASY LOVER Isi Xtd. Remix.mp3
11-12 09:10:07.989 D/MusicViewModel(19383): 📁 LOAD_CURRENT_FILE() - calling audioManager.playFile() [IO]
11-12 09:10:07.990 D/AudioManager(19383): 🎵 Starting playback for: JERE KLEIN - MIRALA Matt Xtd. Edit.mp3
11-12 09:10:07.991 D/AudioManager(19383): 📁 File URI: content://com.android.externalstorage.documents/tree/primary%3ATrial%20now%2FMogo/document/primary%3ATrial%20now%2FMogo%2FNEW%202%4025%2F2025%20-%2060%2FCOMERCIAL%2FJERE%20KLEIN%20-%20MIRALA%20Matt%20Xtd.%20Edit.mp3
11-12 09:10:07.991 D/AudioManager(19383): 🧹 Ensuring clean state before playback...
11-12 09:10:07.991 D/AudioManager(19383): 🛑 Stopping all playback before starting new file
11-12 09:10:07.991 D/AudioManager(19383): 🧹 Cleaning up VLC backend...
11-12 09:10:07.992 D/AudioManager(19383): 🛑 Stopping VLC playback...
11-12 09:10:08.012 D/VLC     (19383): [b40000705be82000/529d] libvlc input: Destroying the input for 'aiff_temp_5997981973464234414.aiff'
11-12 09:10:08.013 D/AudioManager(19383): ✅ VLC stopped
11-12 09:10:08.013 D/AudioManager(19383): ✅ VLC reset completed
11-12 09:10:08.014 D/AudioManager(19383): 🧹 Cleaning up FFmpegMediaPlayer...
11-12 09:10:08.015 D/AudioManager(19383): 🔄 Resetting FFmpegMediaPlayer state...
11-12 09:10:08.016 D/AudioManager(19383): ✅ FFmpegMediaPlayer reset completed
11-12 09:10:08.022 D/WaveformGenerator(19383): LaunchedEffect triggered for file: JERE KLEIN - MIRALA Matt Xtd. Edit.mp3
11-12 09:10:08.055 W/EffectProxy( 1488): runWithActiveSubEffectThenOthers active sub-effect return error Status(-4, EX_NULL_POINTER): 'activeSubEffectNull'
11-12 09:10:08.101 D/WaveformGenerator(19383): Starting waveform generation for: JERE KLEIN - MIRALA Matt Xtd. Edit.mp3
11-12 09:10:08.103 D/WaveformGenerator(19383): File size: 7.2MB
11-12 09:10:08.104 D/WaveformGenerator(19383): Generating waveform for: JERE KLEIN - MIRALA Matt Xtd. Edit.mp3
11-12 09:10:08.106 D/WaveformGenerator(19383): Requesting 256 samples for any duration
11-12 09:10:08.124 D/WaveformGenerator(19383): 📺 SharedWaveformDisplay - Received waveform: 256 samples
11-12 09:10:08.124 D/WaveformGenerator(19383): 📺 SharedWaveformDisplay - Min: 30, Max: 85, Avg: 66
11-12 09:10:08.124 D/WaveformGenerator(19383): 📺 SharedWaveformDisplay - First 10: 64, 71, 59, 38, 33, 36, 44, 63, 80, 77
11-12 09:10:08.129 D/MediaProvider( 4276): Open with FUSE. FilePath: /storage/emulated/0/Trial now/Mogo/NEW 2@25/2025 - 60/COMERCIAL/JERE KLEIN - MIRALA Matt Xtd. Edit.mp3. Uid: 10082. Media Capabilities Uid: 0. ShouldRedact: false. ShouldTranscode: false
11-12 09:10:08.147 D/AudioManager(19383): ExoPlayer cleared
11-12 09:10:08.147 D/AudioManager(19383): All playback stopped successfully
11-12 09:10:08.148 D/AudioManager(19383): 🔄 Starting VLC playback for: content://com.android.externalstorage.documents/tree/primary%3ATrial%20now%2FMogo/document/primary%3ATrial%20now%2FMogo%2FNEW%202%4025%2F2025%20-%2060%2FCOMERCIAL%2FJERE%20KLEIN%20-%20MIRALA%20Matt%20Xtd.%20Edit.mp3
11-12 09:10:08.148 D/AudioManager(19383): 🔄 Starting copyUriToTempFile for: content://com.android.externalstorage.documents/tree/primary%3ATrial%20now%2FMogo/document/primary%3ATrial%20now%2FMogo%2FNEW%202%4025%2F2025%20-%2060%2FCOMERCIAL%2FJERE%20KLEIN%20-%20MIRALA%20Matt%20Xtd.%20Edit.mp3
11-12 09:10:08.149 D/AudioManager(19383): 📁 Temp file created: /data/user/0/com.example.mobiledigger/cache/aiff_temp_6641500551761594627.aiff
11-12 09:10:08.152 D/CCodec  (19383): allocate(c2.android.mp3.decoder)
11-12 09:10:08.158 D/MediaProvider( 4276): Open with FUSE. FilePath: /storage/emulated/0/Trial now/Mogo/NEW 2@25/2025 - 60/COMERCIAL/JERE KLEIN - MIRALA Matt Xtd. Edit.mp3. Uid: 10082. Media Capabilities Uid: 0. ShouldRedact: false. ShouldTranscode: false
11-12 09:10:08.159 I/CCodec  (19383): Created component [c2.android.mp3.decoder] for [c2.android.mp3.decoder]
11-12 09:10:08.169 D/CCodec  (19383): [c2.android.mp3.decoder] buffers are bound to CCodec for this session
11-12 09:10:08.174 D/CCodecBufferChannel(19383): [c2.android.mp3.decoder#485] Created input block pool with allocatorID 16 => poolID 153 - OK (0)
11-12 09:10:08.176 I/CCodecBufferChannel(19383): [c2.android.mp3.decoder#485] Created output block pool with allocatorID 16 => poolID 51033 - OK
11-12 09:10:08.176 D/CCodecBufferChannel(19383): [c2.android.mp3.decoder#485] Configured output block pool ids 51033 => OK
11-12 09:10:08.179 D/CCodecBufferChannel(19383): [c2.android.mp3.decoder#485] MediaCodec discarded an unknown buffer
11-12 09:10:08.179 D/CCodecBufferChannel(19383): [c2.android.mp3.decoder#485] MediaCodec discarded an unknown buffer
11-12 09:10:08.180 D/CCodecBufferChannel(19383): [c2.android.mp3.decoder#485] MediaCodec discarded an unknown buffer
11-12 09:10:08.180 D/CCodecBufferChannel(19383): [c2.android.mp3.decoder#485] MediaCodec discarded an unknown buffer
11-12 09:10:08.194 D/MediaProvider( 4276): Open with FUSE. FilePath: /storage/emulated/0/Trial now/Mogo/NEW 2@25/2025 - 60/COMERCIAL/JERE KLEIN - MIRALA Matt Xtd. Edit.mp3. Uid: 10082. Media Capabilities Uid: 0. ShouldRedact: false. ShouldTranscode: false
11-12 09:10:08.196 D/MediaProvider( 4276): Open with FUSE. FilePath: /storage/emulated/0/Trial now/Mogo/NEW 2@25/2025 - 60/COMERCIAL/JERE KLEIN - MIRALA Matt Xtd. Edit.mp3. Uid: 10082. Media Capabilities Uid: 0. ShouldRedact: false. ShouldTranscode: false
11-12 09:10:08.198 D/MediaProvider( 4276): Open with FUSE. FilePath: /storage/emulated/0/Trial now/Mogo/NEW 2@25/2025 - 60/COMERCIAL/JERE KLEIN - MIRALA Matt Xtd. Edit.mp3. Uid: 10082. Media Capabilities Uid: 0. ShouldRedact: false. ShouldTranscode: false
11-12 09:10:08.198 D/MediaProvider( 4276): Open with FUSE. FilePath: /storage/emulated/0/Trial now/Mogo/NEW 2@25/2025 - 60/COMERCIAL/JERE KLEIN - MIRALA Matt Xtd. Edit.mp3. Uid: 10082. Media Capabilities Uid: 0. ShouldRedact: false. ShouldTranscode: false
11-12 09:10:08.199 D/AudioManager(19383): ✅ File copy completed, flushed and synced
11-12 09:10:08.200 D/AudioManager(19383): 🔄 Running GC and waiting for file descriptor cleanup...
11-12 09:10:08.202 D/MediaProvider( 4276): Open with FUSE. FilePath: /storage/emulated/0/Trial now/Mogo/NEW 2@25/2025 - 60/COMERCIAL/JERE KLEIN - MIRALA Matt Xtd. Edit.mp3. Uid: 10082. Media Capabilities Uid: 0. ShouldRedact: false. ShouldTranscode: false
11-12 09:10:08.203 D/MediaProvider( 4276): Open with FUSE. FilePath: /storage/emulated/0/Trial now/Mogo/NEW 2@25/2025 - 60/COMERCIAL/JERE KLEIN - MIRALA Matt Xtd. Edit.mp3. Uid: 10082. Media Capabilities Uid: 0. ShouldRedact: false. ShouldTranscode: false
11-12 09:10:08.214 D/CCodec  (19383): allocate(c2.android.mp3.decoder)
11-12 09:10:08.217 D/CCodec  (19383): allocate(c2.android.mp3.decoder)
11-12 09:10:08.221 I/CCodec  (19383): Created component [c2.android.mp3.decoder] for [c2.android.mp3.decoder]
11-12 09:10:08.221 D/CCodec  (19383): allocate(c2.android.mp3.decoder)
11-12 09:10:08.222 I/CCodec  (19383): Created component [c2.android.mp3.decoder] for [c2.android.mp3.decoder]
11-12 09:10:08.224 D/CCodec  (19383): allocate(c2.android.mp3.decoder)
11-12 09:10:08.224 D/CCodec  (19383): allocate(c2.android.mp3.decoder)
11-12 09:10:08.225 I/CCodec  (19383): Created component [c2.android.mp3.decoder] for [c2.android.mp3.decoder]
11-12 09:10:08.228 I/CCodec  (19383): Created component [c2.android.mp3.decoder] for [c2.android.mp3.decoder]
11-12 09:10:08.230 I/CCodec  (19383): Created component [c2.android.mp3.decoder] for [c2.android.mp3.decoder]
11-12 09:10:08.231 D/CCodec  (19383): allocate(c2.android.mp3.decoder)
11-12 09:10:08.232 D/CCodec  (19383): [c2.android.mp3.decoder] buffers are bound to CCodec for this session
11-12 09:10:08.232 D/CCodec  (19383): [c2.android.mp3.decoder] buffers are bound to CCodec for this session
11-12 09:10:08.235 I/CCodec  (19383): Created component [c2.android.mp3.decoder] for [c2.android.mp3.decoder]
11-12 09:10:08.236 D/CCodec  (19383): [c2.android.mp3.decoder] buffers are bound to CCodec for this session
11-12 09:10:08.237 D/CCodecBufferChannel(19383): [c2.android.mp3.decoder#256] Created input block pool with allocatorID 16 => poolID 154 - OK (0)
11-12 09:10:08.238 D/CCodec  (19383): [c2.android.mp3.decoder] buffers are bound to CCodec for this session
11-12 09:10:08.238 D/CCodecBufferChannel(19383): [c2.android.mp3.decoder#175] Created input block pool with allocatorID 16 => poolID 155 - OK (0)
11-12 09:10:08.239 D/CCodecBufferChannel(19383): [c2.android.mp3.decoder#345] Created input block pool with allocatorID 16 => poolID 156 - OK (0)
11-12 09:10:08.240 I/CCodecBufferChannel(19383): [c2.android.mp3.decoder#256] Created output block pool with allocatorID 16 => poolID 51040 - OK
11-12 09:10:08.241 D/CCodecBufferChannel(19383): [c2.android.mp3.decoder#256] Configured output block pool ids 51040 => OK
11-12 09:10:08.241 D/CCodec  (19383): [c2.android.mp3.decoder] buffers are bound to CCodec for this session
11-12 09:10:08.241 I/CCodecBufferChannel(19383): [c2.android.mp3.decoder#175] Created output block pool with allocatorID 16 => poolID 51041 - OK
11-12 09:10:08.242 D/CCodecBufferChannel(19383): [c2.android.mp3.decoder#175] Configured output block pool ids 51041 => OK
11-12 09:10:08.242 I/CCodecBufferChannel(19383): [c2.android.mp3.decoder#345] Created output block pool with allocatorID 16 => poolID 51042 - OK
11-12 09:10:08.242 D/CCodecBufferChannel(19383): [c2.android.mp3.decoder#345] Configured output block pool ids 51042 => OK
11-12 09:10:08.245 D/AudioManager(19383): ✅ Temp file verification passed: 7597006 bytes
11-12 09:10:08.245 D/AudioManager(19383): Successfully copied URI to temp file: /data/user/0/com.example.mobiledigger/cache/aiff_temp_6641500551761594627.aiff (7.25MB in 96ms, 75.47MB/s)
11-12 09:10:08.245 D/AudioManager(19383): ✅ Copied to temp file for VLC: /data/user/0/com.example.mobiledigger/cache/aiff_temp_6641500551761594627.aiff
11-12 09:10:08.246 D/VlcAudioBackend(19383): 🔄 Setting VLC data source: file:///data/user/0/com.example.mobiledigger/cache/aiff_temp_6641500551761594627.aiff
11-12 09:10:08.247 D/VLC     (19383): [b40000705be884a0/529d] libvlc input: Creating an input for 'aiff_temp_6641500551761594627.aiff'
11-12 09:10:08.248 D/CCodec  (19383): [c2.android.mp3.decoder] buffers are bound to CCodec for this session
11-12 09:10:08.248 D/CCodecBufferChannel(19383): [c2.android.mp3.decoder#269] Created input block pool with allocatorID 16 => poolID 157 - OK (0)
11-12 09:10:08.249 D/AudioManager(19383): ✅ VLC playback initiated
11-12 09:10:08.249 D/AudioManager(19383): ✅ VLC playback successful for: JERE KLEIN - MIRALA Matt Xtd. Edit.mp3
11-12 09:10:08.250 D/PerformanceProfiler(19383): 📊 AudioManager.playFile[JERE KLEIN - MIRALA Matt Xtd. Edit.mp3] took 260ms
11-12 09:10:08.250 D/MusicService(19445): updateNotificationData - Title: primary:Trial now/Mogo/NEW 2@25/2025 - 60/COMERCIAL/JERE KLEIN - MIRALA Matt Xtd. Edit.mp3, Playing: true, Position: 0, Duration: 0
11-12 09:10:08.250 I/CCodecBufferChannel(19383): [c2.android.mp3.decoder#269] Created output block pool with allocatorID 16 => poolID 51043 - OK
11-12 09:10:08.250 D/CCodecBufferChannel(19383): [c2.android.mp3.decoder#269] Configured output block pool ids 51043 => OK
11-12 09:10:08.250 D/MusicService(19445): MediaSession player updated - Title: primary:Trial now/Mogo/NEW 2@25/2025 - 60/COMERCIAL/JERE KLEIN - MIRALA Matt Xtd. Edit.mp3, Playing: true, Position: 0
11-12 09:10:08.251 D/CCodecBufferChannel(19383): [c2.android.mp3.decoder#679] Created input block pool with allocatorID 16 => poolID 158 - OK (0)
11-12 09:10:08.251 D/MediaSessionService( 1884): onSessionPlaybackStateChanged: record=com.example.mobiledigger/MobileDigger/1113 (userId=0) playbackState=PlaybackState {state=PLAYING(3), position=0, buffered position=0, speed=1.0, updated=700667391, actions=895, custom actions=[], active item id=-1, error=null}
11-12 09:10:08.252 D/VLC     (19383): [b40000705be884a0/567d] libvlc input: `file:///data/user/0/com.example.mobiledigger/cache/aiff_temp_6641500551761594627.aiff' gives access `file' demux `any' path `/data/user/0/com.example.mobiledigger/cache/aiff_temp_6641500551761594627.aiff'
11-12 09:10:08.252 D/VLC     (19383): [b4000070dbea00c0/567d] libvlc input source: creating demux: access='file' demux='any' location='/data/user/0/com.example.mobiledigger/cache/aiff_temp_6641500551761594627.aiff' file='/data/user/0/com.example.mobiledigger/cache/aiff_temp_6641500551761594627.aiff'
11-12 09:10:08.252 D/VLC     (19383): [b40000708be8dca0/567d] libvlc stream: creating access: file:///data/user/0/com.example.mobiledigger/cache/aiff_temp_6641500551761594627.aiff
11-12 09:10:08.252 D/VLC     (19383): [b40000708be8dca0/567d] libvlc stream:  (path: /data/user/0/com.example.mobiledigger/cache/aiff_temp_6641500551761594627.aiff)
11-12 09:10:08.253 I/CCodecBufferChannel(19383): [c2.android.mp3.decoder#679] Created output block pool with allocatorID 16 => poolID 51044 - OK
11-12 09:10:08.253 D/CCodecBufferChannel(19383): [c2.android.mp3.decoder#679] Configured output block pool ids 51044 => OK
11-12 09:10:08.255 D/CCodecBufferChannel(19383): [c2.android.mp3.decoder#770] Created input block pool with allocatorID 16 => poolID 159 - OK (0)
11-12 09:10:08.256 I/C2SoftMp3Dec( 1642): Reconfiguring decoder: 0->44100 Hz, 0->2 channels
11-12 09:10:08.257 D/MusicService(19445): Extracting cover art from: file:///data/user/0/com.example.mobiledigger/cache/aiff_temp_6641500551761594627.aiff
11-12 09:10:08.257 I/CCodecBufferChannel(19383): [c2.android.mp3.decoder#770] Created output block pool with allocatorID 16 => poolID 51045 - OK
11-12 09:10:08.257 D/CCodecBufferChannel(19383): [c2.android.mp3.decoder#770] Configured output block pool ids 51045 => OK
11-12 09:10:08.257 I/C2SoftMp3Dec( 1642): Reconfiguring decoder: 0->44100 Hz, 0->2 channels
11-12 09:10:08.258 I/C2SoftMp3Dec( 1642): Reconfiguring decoder: 0->44100 Hz, 0->2 channels
11-12 09:10:08.262 D/MusicViewModel(19383): 📁 LOAD_CURRENT_FILE() - playback started successfully for JERE KLEIN - MIRALA Matt Xtd. Edit.mp3
11-12 09:10:08.262 D/MusicViewModel(19383): ✅ Added JERE KLEIN - MIRALA Matt Xtd. Edit.mp3 to played-but-not-actioned list. Total tracked: 3
11-12 09:10:08.263 D/VLC     (19383): [b4000070dbea00c0/567d] libvlc input source: attachment of directory-extractor failed for file:///data/user/0/com.example.mobiledigger/cache/aiff_temp_6641500551761594627.aiff
11-12 09:10:08.263 D/VLC     (19383): [b4000070dbea00c0/567d] libvlc input source: creating demux: access='file' demux='any' location='/data/user/0/com.example.mobiledigger/cache/aiff_temp_6641500551761594627.aiff' file='/data/user/0/com.example.mobiledigger/cache/aiff_temp_6641500551761594627.aiff'
11-12 09:10:08.263 D/VLC     (19383): [b40000707be60f40/567d] libvlc demux: looking for demux module matching "aiff": 50 candidates
11-12 09:10:08.263 D/VLC     (19383): [b40000708be914a0/567d] libvlc stream: creating access: file:///data/user/0/com.example.mobiledigger/cache/aiff_temp_6641500551761594627.aiff
11-12 09:10:08.263 D/VLC     (19383): [b40000708be914a0/567d] libvlc stream:  (path: /data/user/0/com.example.mobiledigger/cache/aiff_temp_6641500551761594627.aiff)
11-12 09:10:08.264 D/VLC     (19383): [b40000705be884a0/567d] libvlc input: `file:///data/user/0/com.example.mobiledigger/cache/aiff_temp_6641500551761594627.aiff' successfully opened
11-12 09:10:08.268 I/C2SoftMp3Dec( 1642): Reconfiguring decoder: 0->44100 Hz, 0->2 channels
11-12 09:10:08.271 D/MediaProvider( 4276): Open with FUSE. FilePath: /storage/emulated/0/Trial now/Mogo/NEW 2@25/2025 - 60/COMERCIAL/JERE KLEIN - MIRALA Matt Xtd. Edit.mp3. Uid: 10082. Media Capabilities Uid: 0. ShouldRedact: false. ShouldTranscode: false
11-12 09:10:08.273 I/C2SoftMp3Dec( 1642): Reconfiguring decoder: 0->44100 Hz, 0->2 channels
11-12 09:10:08.274 I/C2SoftMp3Dec( 1642): Reconfiguring decoder: 0->44100 Hz, 0->2 channels
11-12 09:10:08.293 D/MediaProvider( 4276): Open with FUSE. FilePath: /storage/emulated/0/Trial now/Mogo/NEW 2@25/2025 - 60/COMERCIAL/JERE KLEIN - MIRALA Matt Xtd. Edit.mp3. Uid: 10082. Media Capabilities Uid: 0. ShouldRedact: false. ShouldTranscode: false
11-12 09:10:08.322 D/MusicViewModel(19383): 📁 LOAD_CURRENT_FILE() - extracted duration (IO): 175412ms
11-12 09:10:08.371 D/MusicService(19445): Successfully extracted cover art: 1182x1182
11-12 09:10:08.373 D/MusicViewModel(19383): Skipping preload (sizeMb=7, vlc=true, recentGc=false) for MILEY CYRUS - EASY LOVER Isi Xtd. Remix.mp3
11-12 09:10:08.374 D/MusicService(19445): Notification created (VLC-exact) - Title: primary:Trial now/Mogo/NEW 2@25/2025 - 60/COMERCIAL/JERE KLEIN - MIRALA Matt Xtd. Edit.mp3, Playing: true, Seekable: false, Compact: [1, 2, 3]
11-12 09:10:08.377 D/MusicService(19445): updateNotificationData - Title: JERE KLEIN - MIRALA Matt Xtd. Edit.mp3, Playing: true, Position: 0, Duration: 0
11-12 09:10:08.377 D/MusicService(19445): MediaSession player updated - Title: JERE KLEIN - MIRALA Matt Xtd. Edit.mp3, Playing: true, Position: 0
11-12 09:10:08.378 D/MediaSessionService( 1884): onSessionPlaybackStateChanged: record=com.example.mobiledigger/MobileDigger/1113 (userId=0) playbackState=PlaybackState {state=PLAYING(3), position=0, buffered position=0, speed=1.0, updated=700667517, actions=895, custom actions=[], active item id=-1, error=null}
11-12 09:10:08.381 D/MusicService(19445): Extracting cover art from: content://com.android.externalstorage.documents/tree/primary%3ATrial%20now%2FMogo/document/primary%3ATrial%20now%2FMogo%2FNEW%202%4025%2F2025%20-%2060%2FCOMERCIAL%2FJERE%20KLEIN%20-%20MIRALA%20Matt%20Xtd.%20Edit.mp3
11-12 09:10:08.394 D/MediaProvider( 4276): Open with FUSE. FilePath: /storage/emulated/0/Trial now/Mogo/NEW 2@25/2025 - 60/COMERCIAL/JERE KLEIN - MIRALA Matt Xtd. Edit.mp3. Uid: 10082. Media Capabilities Uid: 0. ShouldRedact: false. ShouldTranscode: false
11-12 09:10:08.489 D/MusicService(19445): Successfully extracted cover art: 1182x1182
11-12 09:10:08.491 D/MusicService(19445): Notification created (VLC-exact) - Title: JERE KLEIN - MIRALA Matt Xtd. Edit.mp3, Playing: true, Seekable: false, Compact: [1, 2, 3]
11-12 09:10:08.507 D/MusicService(19445): Extracting cover art from: content://com.android.externalstorage.documents/tree/primary%3ATrial%20now%2FMogo/document/primary%3ATrial%20now%2FMogo%2FNEW%202%4025%2F2025%20-%2060%2FCOMERCIAL%2FJERE%20KLEIN%20-%20MIRALA%20Matt%20Xtd.%20Edit.mp3
11-12 09:10:08.519 D/MediaProvider( 4276): Open with FUSE. FilePath: /storage/emulated/0/Trial now/Mogo/NEW 2@25/2025 - 60/COMERCIAL/JERE KLEIN - MIRALA Matt Xtd. Edit.mp3. Uid: 10082. Media Capabilities Uid: 0. ShouldRedact: false. ShouldTranscode: false
11-12 09:10:08.625 E/MP3Extractor( 1616): Unable to resync. Signalling end of stream.
11-12 09:10:08.628 D/CCodecBufferChannel(19383): [c2.android.mp3.decoder#345] MediaCodec discarded an unknown buffer
11-12 09:10:08.628 D/CCodecBufferChannel(19383): [c2.android.mp3.decoder#345] MediaCodec discarded an unknown buffer
11-12 09:10:08.628 D/CCodecBufferChannel(19383): [c2.android.mp3.decoder#345] MediaCodec discarded an unknown buffer
11-12 09:10:08.628 D/CCodecBufferChannel(19383): [c2.android.mp3.decoder#345] MediaCodec discarded an unknown buffer
11-12 09:10:08.628 D/CCodecBufferChannel(19383): [c2.android.mp3.decoder#345] MediaCodec discarded an unknown buffer
11-12 09:10:08.636 D/MusicService(19445): Successfully extracted cover art: 1182x1182
11-12 09:10:08.637 D/MusicService(19445): Notification created (VLC-exact) - Title: JERE KLEIN - MIRALA Matt Xtd. Edit.mp3, Playing: true, Seekable: false, Compact: [1, 2, 3]
11-12 09:10:08.643 D/MusicService(19445): updateNotificationData - Title: JERE KLEIN - MIRALA Matt Xtd. Edit.mp3, Playing: true, Position: 0, Duration: 0
11-12 09:10:08.643 D/MusicService(19445): MediaSession player updated - Title: JERE KLEIN - MIRALA Matt Xtd. Edit.mp3, Playing: true, Position: 0
11-12 09:10:08.644 D/MediaSessionService( 1884): onSessionPlaybackStateChanged: record=com.example.mobiledigger/MobileDigger/1113 (userId=0) playbackState=PlaybackState {state=PLAYING(3), position=0, buffered position=0, speed=1.0, updated=700667783, actions=895, custom actions=[], active item id=-1, error=null}
11-12 09:10:08.649 D/MusicService(19445): Extracting cover art from: content://com.android.externalstorage.documents/tree/primary%3ATrial%20now%2FMogo/document/primary%3ATrial%20now%2FMogo%2FNEW%202%4025%2F2025%20-%2060%2FCOMERCIAL%2FJERE%20KLEIN%20-%20MIRALA%20Matt%20Xtd.%20Edit.mp3
11-12 09:10:08.670 D/MediaProvider( 4276): Open with FUSE. FilePath: /storage/emulated/0/Trial now/Mogo/NEW 2@25/2025 - 60/COMERCIAL/JERE KLEIN - MIRALA Matt Xtd. Edit.mp3. Uid: 10082. Media Capabilities Uid: 0. ShouldRedact: false. ShouldTranscode: false
11-12 09:10:08.675 D/CCodecBufferChannel(19383): [c2.android.mp3.decoder#256] MediaCodec discarded an unknown buffer
11-12 09:10:08.675 D/CCodecBufferChannel(19383): [c2.android.mp3.decoder#256] MediaCodec discarded an unknown buffer
11-12 09:10:08.675 D/CCodecBufferChannel(19383): [c2.android.mp3.decoder#256] MediaCodec discarded an unknown buffer
11-12 09:10:08.675 D/CCodecBufferChannel(19383): [c2.android.mp3.decoder#256] MediaCodec discarded an unknown buffer
11-12 09:10:08.675 D/CCodecBufferChannel(19383): [c2.android.mp3.decoder#256] MediaCodec discarded an unknown buffer
11-12 09:10:08.682 D/CCodecBufferChannel(19383): [c2.android.mp3.decoder#175] MediaCodec discarded an unknown buffer
11-12 09:10:08.682 D/CCodecBufferChannel(19383): [c2.android.mp3.decoder#175] MediaCodec discarded an unknown buffer
11-12 09:10:08.682 D/CCodecBufferChannel(19383): [c2.android.mp3.decoder#175] MediaCodec discarded an unknown buffer
11-12 09:10:08.682 D/CCodecBufferChannel(19383): [c2.android.mp3.decoder#175] MediaCodec discarded an unknown buffer
11-12 09:10:08.682 D/CCodecBufferChannel(19383): [c2.android.mp3.decoder#175] MediaCodec discarded an unknown buffer
11-12 09:10:08.709 D/CCodecBufferChannel(19383): [c2.android.mp3.decoder#770] MediaCodec discarded an unknown buffer
11-12 09:10:08.709 D/CCodecBufferChannel(19383): [c2.android.mp3.decoder#770] MediaCodec discarded an unknown buffer
11-12 09:10:08.709 D/CCodecBufferChannel(19383): [c2.android.mp3.decoder#770] MediaCodec discarded an unknown buffer
11-12 09:10:08.709 D/CCodecBufferChannel(19383): [c2.android.mp3.decoder#770] MediaCodec discarded an unknown buffer
11-12 09:10:08.709 D/CCodecBufferChannel(19383): [c2.android.mp3.decoder#770] MediaCodec discarded an unknown buffer
11-12 09:10:08.719 D/CCodecBufferChannel(19383): [c2.android.mp3.decoder#679] MediaCodec discarded an unknown buffer
11-12 09:10:08.719 D/CCodecBufferChannel(19383): [c2.android.mp3.decoder#679] MediaCodec discarded an unknown buffer
11-12 09:10:08.719 D/CCodecBufferChannel(19383): [c2.android.mp3.decoder#679] MediaCodec discarded an unknown buffer
11-12 09:10:08.719 D/CCodecBufferChannel(19383): [c2.android.mp3.decoder#679] MediaCodec discarded an unknown buffer
11-12 09:10:08.719 D/CCodecBufferChannel(19383): [c2.android.mp3.decoder#679] MediaCodec discarded an unknown buffer
11-12 09:10:08.728 D/MusicService(19445): Successfully extracted cover art: 1182x1182
11-12 09:10:08.728 D/CCodecBufferChannel(19383): [c2.android.mp3.decoder#269] MediaCodec discarded an unknown buffer
11-12 09:10:08.728 D/CCodecBufferChannel(19383): [c2.android.mp3.decoder#269] MediaCodec discarded an unknown buffer
11-12 09:10:08.728 D/CCodecBufferChannel(19383): [c2.android.mp3.decoder#269] MediaCodec discarded an unknown buffer
11-12 09:10:08.728 D/CCodecBufferChannel(19383): [c2.android.mp3.decoder#269] MediaCodec discarded an unknown buffer
11-12 09:10:08.728 D/CCodecBufferChannel(19383): [c2.android.mp3.decoder#269] MediaCodec discarded an unknown buffer
11-12 09:10:08.729 D/MusicService(19445): Notification created (VLC-exact) - Title: JERE KLEIN - MIRALA Matt Xtd. Edit.mp3, Playing: true, Seekable: false, Compact: [1, 2, 3]
11-12 09:10:08.733 D/WaveformGenerator(19383): ✅ Waveform generated: 256 samples
11-12 09:10:08.733 D/WaveformGenerator(19383): 📊 UI State - Min: 30, Max: 85, Avg: 74
11-12 09:10:08.734 D/WaveformGenerator(19383): 📊 UI State - First 10: 31, 38, 54, 71, 75, 68, 69, 74, 80, 71
11-12 09:10:08.734 D/WaveformGenerator(19383): 📊 UI State UPDATED - waveformData is now NOT NULL (256 samples)
11-12 09:10:08.763 D/WaveformGenerator(19383): 📺 SharedWaveformDisplay - Received waveform: 256 samples
11-12 09:10:08.763 D/WaveformGenerator(19383): 📺 SharedWaveformDisplay - Min: 30, Max: 85, Avg: 74
11-12 09:10:08.763 D/WaveformGenerator(19383): 📺 SharedWaveformDisplay - First 10: 31, 38, 54, 71, 75, 68, 69, 74, 80, 71
11-12 09:10:08.921 D/Debug   (19383): 🎯 Shared waveform tap seek to: 13%
11-12 09:10:09.619 D/MusicViewModel(19383): Moving file to rejected: ENISA - PRETTY PLEASE Calvee Xtd. Remix.mp3
11-12 09:10:09.619 D/MusicViewModel(19383): 🔍 sortMusicFile called: ENISA - PRETTY PLEASE Calvee Xtd. Remix.mp3 with action=DISLIKE
11-12 09:10:09.619 D/MusicViewModel(19383): 📁 Sorting file: ENISA - PRETTY PLEASE Calvee Xtd. Remix.mp3 with action DISLIKE, source: TODO
11-12 09:10:09.620 D/MusicViewModel(19383): 🔄 Calling fileManager.sortFile for ENISA - PRETTY PLEASE Calvee Xtd. Remix.mp3
11-12 09:10:09.621 D/FileManager(19383): 🔍 Starting sort operation for: ENISA - PRETTY PLEASE Calvee Xtd. Remix.mp3 with action: DISLIKE
11-12 09:10:09.622 D/FileManager(19383): 🔍 File URI: content://com.android.externalstorage.documents/tree/primary%3ATrial%20now%2FMogo/document/primary%3ATrial%20now%2FMogo%2FNEW%202%4025%2F2025%20-%2060%2FCOMERCIAL%2FENISA%20-%20PRETTY%20PLEASE%20Calvee%20Xtd.%20Remix.mp3
11-12 09:10:09.647 D/FileManager(19383): Source file found: ENISA - PRETTY PLEASE Calvee Xtd. Remix.mp3, exists: true, canRead: true
11-12 09:10:09.720 D/MusicViewModel(19383): Moving file to rejected: INNA X JUMANJI - CHEEKY HABIBI Disk Jokers Xtd. Mash Up.mp3
11-12 09:10:09.720 D/MusicViewModel(19383): 🔍 sortMusicFile called: INNA X JUMANJI - CHEEKY HABIBI Disk Jokers Xtd. Mash Up.mp3 with action=DISLIKE
11-12 09:10:09.721 D/MusicViewModel(19383): 📁 Sorting file: INNA X JUMANJI - CHEEKY HABIBI Disk Jokers Xtd. Mash Up.mp3 with action DISLIKE, source: TODO
11-12 09:10:09.882 W/ModernMediaScanner( 4276): Trouble scanning /storage/emulated/0/Results 3/Rejected/ENISA - PRETTY PLEASE Calvee Xtd. Remix.mp3
11-12 09:10:09.882 W/ModernMediaScanner( 4276): java.lang.RuntimeException: setDataSource failed: status = 0xFFFFFFEA
11-12 09:10:09.899 D/MediaProvider( 4276): Open with FUSE. FilePath: /storage/emulated/0/Trial now/Mogo/NEW 2@25/2025 - 60/COMERCIAL/ENISA - PRETTY PLEASE Calvee Xtd. Remix.mp3. Uid: 10082. Media Capabilities Uid: 0. ShouldRedact: false. ShouldTranscode: false
11-12 09:10:09.984 W/ModernMediaScanner( 4276): Failed to visit /storage/emulated/0/Trial now/Mogo/NEW 2@25/2025 - 60/COMERCIAL/ENISA - PRETTY PLEASE Calvee Xtd. Remix.mp3: java.nio.file.NoSuchFileException: /storage/emulated/0/Trial now/Mogo/NEW 2@25/2025 - 60/COMERCIAL/ENISA - PRETTY PLEASE Calvee Xtd. Remix.mp3
11-12 09:10:10.121 D/FileManager(19383): Successfully sorted file: ENISA - PRETTY PLEASE Calvee Xtd. Remix.mp3 to Rejected (13397470 bytes)
11-12 09:10:10.122 D/MusicViewModel(19383): 📁 FileManager.sortFile result: success=true for ENISA - PRETTY PLEASE Calvee Xtd. Remix.mp3
11-12 09:10:10.124 D/MusicViewModel(19383): 🔄 Calling fileManager.sortFile for INNA X JUMANJI - CHEEKY HABIBI Disk Jokers Xtd. Mash Up.mp3
11-12 09:10:10.124 D/FileManager(19383): 🔍 Starting sort operation for: INNA X JUMANJI - CHEEKY HABIBI Disk Jokers Xtd. Mash Up.mp3 with action: DISLIKE
11-12 09:10:10.125 D/FileManager(19383): 🔍 File URI: content://com.android.externalstorage.documents/tree/primary%3ATrial%20now%2FMogo/document/primary%3ATrial%20now%2FMogo%2FNEW%202%4025%2F2025%20-%2060%2FCOMERCIAL%2FINNA%20X%20JUMANJI%20-%20CHEEKY%20HABIBI%20Disk%20Jokers%20Xtd.%20Mash%20Up.mp3
11-12 09:10:10.139 D/FileManager(19383): Source file found: INNA X JUMANJI - CHEEKY HABIBI Disk Jokers Xtd. Mash Up.mp3, exists: true, canRead: true
11-12 09:10:10.336 W/ModernMediaScanner( 4276): Trouble scanning /storage/emulated/0/Results 3/Rejected/INNA X JUMANJI - CHEEKY HABIBI Disk Jokers Xtd. Mash Up.mp3
11-12 09:10:10.336 W/ModernMediaScanner( 4276): java.lang.RuntimeException: setDataSource failed: status = 0xFFFFFFEA
11-12 09:10:10.353 D/MediaProvider( 4276): Open with FUSE. FilePath: /storage/emulated/0/Trial now/Mogo/NEW 2@25/2025 - 60/COMERCIAL/INNA X JUMANJI - CHEEKY HABIBI Disk Jokers Xtd. Mash Up.mp3. Uid: 10082. Media Capabilities Uid: 0. ShouldRedact: false. ShouldTranscode: false
11-12 09:10:10.359 D/FileManager(19383): Starting scanForMusicFiles with extensions: [mp3, wav, flac, aac, ogg, m4a, aif, aiff]
11-12 09:10:10.408 D/FileManager(19383): Starting scanForMusicFiles with extensions: [mp3, wav, flac, aac, ogg, m4a, aif, aiff]
11-12 09:10:10.410 W/ModernMediaScanner( 4276): Failed to visit /storage/emulated/0/Trial now/Mogo/NEW 2@25/2025 - 60/COMERCIAL/INNA X JUMANJI - CHEEKY HABIBI Disk Jokers Xtd. Mash Up.mp3: java.nio.file.NoSuchFileException: /storage/emulated/0/Trial now/Mogo/NEW 2@25/2025 - 60/COMERCIAL/INNA X JUMANJI - CHEEKY HABIBI Disk Jokers Xtd. Mash Up.mp3
11-12 09:10:10.418 D/FileManager(19383): Starting scanForMusicFiles with extensions: [mp3, wav, flac, aac, ogg, m4a, aif, aiff]
11-12 09:10:10.465 D/FileManager(19383): 📁 SAF: Found file in 'Main': DARUDE - SANDSTORM REMIXES Baur Xtd. Remix.mp3
11-12 09:10:10.467 D/FileManager(19383): 📁 SAF: Found file in 'Main': BURAK SIS - Tres Estrellas (Ninetoes Extended Remix).aiff
11-12 09:10:10.468 D/FileManager(19383): Starting scanForMusicFiles with extensions: [mp3, wav, flac, aac, ogg, m4a, aif, aiff]
11-12 09:10:10.494 D/FileManager(19383): 📁 SAF: Found file in 'Balkan': MR. JUVE X RAVA - UH AH IN MAZDA Hoss Xtd. Edit MAJORAT.mp3
11-12 09:10:10.495 D/FileManager(19383): 📁 SAF: Found file in 'Balkan': AZA - TIGANCA FOC Dj Gun Xtd. Edit.mp3
11-12 09:10:10.496 D/FileManager(19383): Starting scanForMusicFiles with extensions: [mp3, wav, flac, aac, ogg, m4a, aif, aiff]
11-12 09:10:10.518 D/FileManager(19383): 📁 SAF: Found file in 'Events': WHIGFIELD - SATURDAY NIGHT Cesar Troncos Xtd. Edit.mp3
11-12 09:10:10.519 D/FileManager(19383): Successfully sorted file: INNA X JUMANJI - CHEEKY HABIBI Disk Jokers Xtd. Mash Up.mp3 to Rejected (9594796 bytes)
11-12 09:10:10.519 D/FileManager(19383): 📁 SAF: Found file in 'Events': Julio Iglesias - Megamix Italian Extended (1).mp3
11-12 09:10:10.519 D/MusicViewModel(19383): 📁 FileManager.sortFile result: success=true for INNA X JUMANJI - CHEEKY HABIBI Disk Jokers Xtd. Mash Up.mp3
11-12 09:10:10.520 D/FileManager(19383): Starting scanForMusicFiles with extensions: [mp3, wav, flac, aac, ogg, m4a, aif, aiff]
11-12 09:10:10.528 D/FileManager(19383): Starting scanForMusicFiles with extensions: [mp3, wav, flac, aac, ogg, m4a, aif, aiff]
11-12 09:10:10.536 D/FileManager(19383): Starting scanForMusicFiles with extensions: [mp3, wav, flac, aac, ogg, m4a, aif, aiff]
11-12 09:10:10.541 D/FileManager(19383): Starting scanForMusicFiles with extensions: [mp3, wav, flac, aac, ogg, m4a, aif, aiff]
11-12 09:10:10.546 D/FileManager(19383): Found AIFF file: Takkanit and TakiNouN - Initiate Criticism (Extended Mix).aiff
11-12 09:10:10.546 D/FileManager(19383): Starting scanForMusicFiles with extensions: [mp3, wav, flac, aac, ogg, m4a, aif, aiff]
11-12 09:10:10.558 D/FileManager(19383): Found AIFF file: St. Germain - Rose Rouge (Chris Stussy Edit) [Unreleased].aiff
11-12 09:10:10.559 D/FileManager(19383): Starting scanForMusicFiles with extensions: [mp3, wav, flac, aac, ogg, m4a, aif, aiff]
11-12 09:10:10.565 D/FileManager(19383): Found AIFF file: Sonata Collective - Down To The Sound (Extended Mix) [Sola].aiff
11-12 09:10:10.566 D/FileManager(19383): Starting scanForMusicFiles with extensions: [mp3, wav, flac, aac, ogg, m4a, aif, aiff]
11-12 09:10:10.576 D/FileManager(19383): Found AIFF file: Havoc & Lawn - From L to R  [Short Ciruit].aiff
11-12 09:10:10.577 D/FileManager(19383): Starting scanForMusicFiles with extensions: [mp3, wav, flac, aac, ogg, m4a, aif, aiff]
11-12 09:10:10.585 D/FileManager(19383): Found AIFF file: The Angels - Ardo (Extended Mix).aif
11-12 09:10:10.586 D/FileManager(19383): Starting scanForMusicFiles with extensions: [mp3, wav, flac, aac, ogg, m4a, aif, aiff]
11-12 09:10:10.606 D/FileManager(19383): Found AIFF file: DARCO 09 - Baziman (Original Mix) [Descending Order].aiff
11-12 09:10:10.607 D/FileManager(19383): 📁 SAF: Found file in 'Main allin': Hanan - Enhak (Ozan Akçiçek & Catwork Afro Remix Extended).mp3
11-12 09:10:10.655 D/FileManager(19383): Starting scanForMusicFiles with extensions: [mp3, wav, flac, aac, ogg, m4a, aif, aiff]
11-12 09:10:10.691 D/FileManager(19383): Starting scanForMusicFiles with extensions: [mp3, wav, flac, aac, ogg, m4a, aif, aiff]
11-12 09:10:10.783 D/MusicViewModel(19383):   ✅ File with subfolder: RICCHI E POVERI - SARA PERCHE TI AMO Danny The Menace Xtd. Remix.mp3 -> Main
11-12 09:10:10.798 D/FileManager(19383): Starting scanForMusicFiles with extensions: [mp3, wav, flac, aac, ogg, m4a, aif, aiff]
11-12 09:10:10.917 D/MusicViewModel(19383):   ✅ File with subfolder: ALEX VELEA X CONNECT R. X SMILEY - ASA CEVA Fred Spinner Xtd. Edit.mp3 -> Balkan
11-12 09:10:10.917 D/MusicViewModel(19383):   ✅ File with subfolder: COSTEL BIJU X MIRAJ X SUSANU X TZANCA URAGANU - SA LIPIT K LIPITOAREA Eden Xtd. Edit.mp3 -> Balkan
11-12 09:10:10.928 D/FileManager(19383): Starting scanForMusicFiles with extensions: [mp3, wav, flac, aac, ogg, m4a, aif, aiff]
11-12 09:10:11.058 D/MusicViewModel(19383):   ✅ File with subfolder: DOECHII - ANXIETY Mike D, Xtd. Remix.mp3 -> Events
11-12 09:10:11.058 D/MusicViewModel(19383):   ✅ File with subfolder: RARES - CEL MAI FERICIT DE PE PAMANT Alpha Xtd. Remix.mp3 -> Events
11-12 09:10:11.068 D/FileManager(19383): Starting scanForMusicFiles with extensions: [mp3, wav, flac, aac, ogg, m4a, aif, aiff]
11-12 09:10:11.094 D/MusicViewModel(19383):   ✅ File with subfolder: PAUL STANGA - HORA TIGANEASCA INTRUMENTALA.mp3 -> Folclor
11-12 09:10:11.095 D/MusicViewModel(19383):   ✅ File with subfolder: DENIS RAMNICEANU - CUM DA MANDRA DIN SALE Maia Dan Xtd. Redrum.mp3 -> Folclor
11-12 09:10:11.127 D/FileManager(19383): Starting scanForMusicFiles with extensions: [mp3, wav, flac, aac, ogg, m4a, aif, aiff]
11-12 09:10:11.164 D/FileManager(19383): Starting scanForMusicFiles with extensions: [mp3, wav, flac, aac, ogg, m4a, aif, aiff]
11-12 09:10:11.199 D/FileManager(19383): Starting scanForMusicFiles with extensions: [mp3, wav, flac, aac, ogg, m4a, aif, aiff]
11-12 09:10:11.207 D/FileManager(19383): Found AIFF file: Takkanit and TakiNouN - Initiate Criticism (Extended Mix).aiff
11-12 09:10:11.219 D/MusicViewModel(19383):   ✅ File with subfolder: Takkanit and TakiNouN - Initiate Criticism (Extended Mix).aiff -> FourTet
11-12 09:10:11.219 D/MusicViewModel(19383):   ✅ File with subfolder: Takkanit and TakiNouN - For The People (Extended Mix).aiff -> FourTet
11-12 09:10:11.230 D/FileManager(19383): Starting scanForMusicFiles with extensions: [mp3, wav, flac, aac, ogg, m4a, aif, aiff]
11-12 09:10:11.242 D/FileManager(19383): Found AIFF file: St. Germain - Rose Rouge (Chris Stussy Edit) [Unreleased].aiff
11-12 09:10:11.279 D/MusicViewModel(19383):   ✅ File with subfolder: St. Germain - Rose Rouge (Chris Stussy Edit) [Unreleased].aiff -> Warm Fitil
11-12 09:10:11.291 D/FileManager(19383): Starting scanForMusicFiles with extensions: [mp3, wav, flac, aac, ogg, m4a, aif, aiff]
11-12 09:10:11.302 D/FileManager(19383): Found AIFF file: Sonata Collective - Down To The Sound (Extended Mix) [Sola].aiff
11-12 09:10:11.309 D/MusicViewModel(19383):   ✅ File with subfolder: Sonata Collective - Down To The Sound (Extended Mix) [Sola].aiff -> HotSince 82
11-12 09:10:11.331 D/FileManager(19383): Starting scanForMusicFiles with extensions: [mp3, wav, flac, aac, ogg, m4a, aif, aiff]
11-12 09:10:11.345 D/FileManager(19383): Found AIFF file: Havoc & Lawn - From L to R  [Short Ciruit].aiff
11-12 09:10:11.394 D/MusicViewModel(19383):   ✅ File with subfolder: Havoc & Lawn - From L to R  [Short Ciruit].aiff -> Main Fitil
11-12 09:10:11.413 D/FileManager(19383): Starting scanForMusicFiles with extensions: [mp3, wav, flac, aac, ogg, m4a, aif, aiff]
11-12 09:10:11.425 D/FileManager(19383): Found AIFF file: The Angels - Ardo (Extended Mix).aif
11-12 09:10:11.441 D/MusicViewModel(19383):   ✅ File with subfolder: Vanco - Isaka (6am) [MIZAK 'Hey Hey' Edit].wav -> Warm allin
11-12 09:10:11.452 D/FileManager(19383): Starting scanForMusicFiles with extensions: [mp3, wav, flac, aac, ogg, m4a, aif, aiff]
11-12 09:10:11.479 D/FileManager(19383): Found AIFF file: DARCO 09 - Baziman (Original Mix) [Descending Order].aiff
11-12 09:10:11.563 D/MusicViewModel(19383):   ✅ File with subfolder: DARCO 09 - Baziman (Original Mix) [Descending Order].aiff -> Main allin
11-12 09:10:11.563 D/MusicViewModel(19383):   ✅ File with subfolder: Fred again.., CA7RIEL & Paco Amoroso - Beto's Horns (fred remix).aiff -> Main allin
11-12 09:10:11.620 D/FileManager(19383): Starting scanForMusicFiles with extensions: [mp3, wav, flac, aac, ogg, m4a, aif, aiff]
11-12 09:10:11.733 D/FileManager(19383): Starting scanForMusicFiles with extensions: [mp3, wav, flac, aac, ogg, m4a, aif, aiff]
11-12 09:10:11.782 D/FileManager(19383): Starting scanForMusicFiles with extensions: [mp3, wav, flac, aac, ogg, m4a, aif, aiff]
11-12 09:10:11.799 D/FileManager(19383): Starting scanForMusicFiles with extensions: [mp3, wav, flac, aac, ogg, m4a, aif, aiff]
11-12 09:10:11.835 D/FileManager(19383): 📁 SAF: Found file in 'Main': DARUDE - SANDSTORM REMIXES Baur Xtd. Remix.mp3
11-12 09:10:11.837 D/FileManager(19383): 📁 SAF: Found file in 'Main': BURAK SIS - Tres Estrellas (Ninetoes Extended Remix).aiff
11-12 09:10:11.838 D/FileManager(19383): Starting scanForMusicFiles with extensions: [mp3, wav, flac, aac, ogg, m4a, aif, aiff]
11-12 09:10:11.869 D/FileManager(19383): 📁 SAF: Found file in 'Balkan': MR. JUVE X RAVA - UH AH IN MAZDA Hoss Xtd. Edit MAJORAT.mp3
11-12 09:10:11.870 D/FileManager(19383): 📁 SAF: Found file in 'Balkan': AZA - TIGANCA FOC Dj Gun Xtd. Edit.mp3
11-12 09:10:11.872 D/FileManager(19383): Starting scanForMusicFiles with extensions: [mp3, wav, flac, aac, ogg, m4a, aif, aiff]
11-12 09:10:11.921 D/FileManager(19383): 📁 SAF: Found file in 'Events': WHIGFIELD - SATURDAY NIGHT Cesar Troncos Xtd. Edit.mp3
11-12 09:10:11.923 D/FileManager(19383): 📁 SAF: Found file in 'Events': Julio Iglesias - Megamix Italian Extended (1).mp3
11-12 09:10:11.926 D/FileManager(19383): Starting scanForMusicFiles with extensions: [mp3, wav, flac, aac, ogg, m4a, aif, aiff]
11-12 09:10:11.947 D/FileManager(19383): Starting scanForMusicFiles with extensions: [mp3, wav, flac, aac, ogg, m4a, aif, aiff]
11-12 09:10:11.967 D/FileManager(19383): Starting scanForMusicFiles with extensions: [mp3, wav, flac, aac, ogg, m4a, aif, aiff]
11-12 09:10:11.982 D/FileManager(19383): Starting scanForMusicFiles with extensions: [mp3, wav, flac, aac, ogg, m4a, aif, aiff]
11-12 09:10:11.994 D/FileManager(19383): Found AIFF file: Takkanit and TakiNouN - Initiate Criticism (Extended Mix).aiff
11-12 09:10:11.995 D/FileManager(19383): Starting scanForMusicFiles with extensions: [mp3, wav, flac, aac, ogg, m4a, aif, aiff]
11-12 09:10:12.019 D/FileManager(19383): Found AIFF file: St. Germain - Rose Rouge (Chris Stussy Edit) [Unreleased].aiff
11-12 09:10:12.021 D/FileManager(19383): Starting scanForMusicFiles with extensions: [mp3, wav, flac, aac, ogg, m4a, aif, aiff]
11-12 09:10:12.033 D/FileManager(19383): Found AIFF file: Sonata Collective - Down To The Sound (Extended Mix) [Sola].aiff
11-12 09:10:12.034 D/FileManager(19383): Starting scanForMusicFiles with extensions: [mp3, wav, flac, aac, ogg, m4a, aif, aiff]
11-12 09:10:12.061 D/FileManager(19383): Found AIFF file: Havoc & Lawn - From L to R  [Short Ciruit].aiff
11-12 09:10:12.063 D/FileManager(19383): Starting scanForMusicFiles with extensions: [mp3, wav, flac, aac, ogg, m4a, aif, aiff]
11-12 09:10:12.078 D/FileManager(19383): Found AIFF file: The Angels - Ardo (Extended Mix).aif
11-12 09:10:12.079 D/FileManager(19383): Starting scanForMusicFiles with extensions: [mp3, wav, flac, aac, ogg, m4a, aif, aiff]
11-12 09:10:12.108 D/FileManager(19383): Found AIFF file: DARCO 09 - Baziman (Original Mix) [Descending Order].aiff
11-12 09:10:12.110 D/FileManager(19383): 📁 SAF: Found file in 'Main allin': Hanan - Enhak (Ozan Akçiçek & Catwork Afro Remix Extended).mp3
11-12 09:10:12.178 D/FileManager(19383): Starting scanForMusicFiles with extensions: [mp3, wav, flac, aac, ogg, m4a, aif, aiff]
11-12 09:10:12.251 D/FileManager(19383): Starting scanForMusicFiles with extensions: [mp3, wav, flac, aac, ogg, m4a, aif, aiff]
11-12 09:10:12.458 D/MusicViewModel(19383):   ✅ File with subfolder: RICCHI E POVERI - SARA PERCHE TI AMO Danny The Menace Xtd. Remix.mp3 -> Main
11-12 09:10:12.484 D/FileManager(19383): Starting scanForMusicFiles with extensions: [mp3, wav, flac, aac, ogg, m4a, aif, aiff]
11-12 09:10:12.695 D/MusicViewModel(19383):   ✅ File with subfolder: ALEX VELEA X CONNECT R. X SMILEY - ASA CEVA Fred Spinner Xtd. Edit.mp3 -> Balkan
11-12 09:10:12.695 D/MusicViewModel(19383):   ✅ File with subfolder: COSTEL BIJU X MIRAJ X SUSANU X TZANCA URAGANU - SA LIPIT K LIPITOAREA Eden Xtd. Edit.mp3 -> Balkan
11-12 09:10:12.710 D/FileManager(19383): Starting scanForMusicFiles with extensions: [mp3, wav, flac, aac, ogg, m4a, aif, aiff]
