11-12 09:10:12.721 I/NullBinder( 4275): NullBinder for android.net.action.RECOMMEND_NETWORKS triggering remote TransactionTooLargeException due to Service without Chimera impl, calling uid: 1000, calling pid: 0
11-12 09:10:12.885 D/MusicViewModel(19383):   ✅ File with subfolder: DOECHII - ANXIETY Mike D, Xtd. Remix.mp3 -> Events
11-12 09:10:12.885 D/MusicViewModel(19383):   ✅ File with subfolder: RARES - CEL MAI FERICIT DE PE PAMANT Alpha Xtd. Remix.mp3 -> Events
11-12 09:10:12.897 D/FileManager(19383): Starting scanForMusicFiles with extensions: [mp3, wav, flac, aac, ogg, m4a, aif, aiff]
11-12 09:10:12.919 D/MusicViewModel(19383):   ✅ File with subfolder: PAUL STANGA - HORA TIGANEASCA INTRUMENTALA.mp3 -> Folclor
11-12 09:10:12.919 D/MusicViewModel(19383):   ✅ File with subfolder: DENIS RAMNICEANU - CUM DA MANDRA DIN SALE Maia Dan Xtd. Redrum.mp3 -> Folclor
11-12 09:10:12.950 D/FileManager(19383): Starting scanForMusicFiles with extensions: [mp3, wav, flac, aac, ogg, m4a, aif, aiff]
11-12 09:10:13.009 W/Binder  (18730): Caught a RuntimeException from the binder stub implementation.
11-12 09:10:13.009 W/Binder  (18730): java.lang.UnsupportedOperationException
11-12 09:10:13.011 W/Binder  (18730): Caught a RuntimeException from the binder stub implementation.
11-12 09:10:13.011 W/Binder  (18730): java.lang.UnsupportedOperationException
11-12 09:10:13.014 D/FileManager(19383): Starting scanForMusicFiles with extensions: [mp3, wav, flac, aac, ogg, m4a, aif, aiff]
11-12 09:10:13.031 W/Binder  (18730): Caught a RuntimeException from the binder stub implementation.
11-12 09:10:13.031 W/Binder  (18730): java.lang.UnsupportedOperationException
11-12 09:10:13.068 D/FileManager(19383): Starting scanForMusicFiles with extensions: [mp3, wav, flac, aac, ogg, m4a, aif, aiff]
11-12 09:10:13.080 D/FileManager(19383): Found AIFF file: Takkanit and TakiNouN - Initiate Criticism (Extended Mix).aiff
11-12 09:10:13.100 D/MusicViewModel(19383):   ✅ File with subfolder: Takkanit and TakiNouN - Initiate Criticism (Extended Mix).aiff -> FourTet
11-12 09:10:13.100 D/MusicViewModel(19383):   ✅ File with subfolder: Takkanit and TakiNouN - For The People (Extended Mix).aiff -> FourTet
11-12 09:10:13.121 D/FileManager(19383): Starting scanForMusicFiles with extensions: [mp3, wav, flac, aac, ogg, m4a, aif, aiff]
11-12 09:10:13.143 D/FileManager(19383): Found AIFF file: St. Germain - Rose Rouge (Chris Stussy Edit) [Unreleased].aiff
11-12 09:10:13.181 D/MusicViewModel(19383):   ✅ File with subfolder: St. Germain - Rose Rouge (Chris Stussy Edit) [Unreleased].aiff -> Warm Fitil
11-12 09:10:13.195 D/FileManager(19383): Starting scanForMusicFiles with extensions: [mp3, wav, flac, aac, ogg, m4a, aif, aiff]
11-12 09:10:13.205 D/FileManager(19383): Found AIFF file: Sonata Collective - Down To The Sound (Extended Mix) [Sola].aiff
11-12 09:10:13.215 D/MusicViewModel(19383):   ✅ File with subfolder: Sonata Collective - Down To The Sound (Extended Mix) [Sola].aiff -> HotSince 82
11-12 09:10:13.252 D/FileManager(19383): Starting scanForMusicFiles with extensions: [mp3, wav, flac, aac, ogg, m4a, aif, aiff]
11-12 09:10:13.270 D/FileManager(19383): Found AIFF file: Havoc & Lawn - From L to R  [Short Ciruit].aiff
11-12 09:10:13.329 D/MusicViewModel(19383):   ✅ File with subfolder: Havoc & Lawn - From L to R  [Short Ciruit].aiff -> Main Fitil
11-12 09:10:13.356 D/FileManager(19383): Starting scanForMusicFiles with extensions: [mp3, wav, flac, aac, ogg, m4a, aif, aiff]
11-12 09:10:13.368 D/FileManager(19383): Found AIFF file: The Angels - Ardo (Extended Mix).aif
11-12 09:10:13.391 D/MusicViewModel(19383):   ✅ File with subfolder: Vanco - Isaka (6am) [MIZAK 'Hey Hey' Edit].wav -> Warm allin
11-12 09:10:13.407 D/FileManager(19383): Starting scanForMusicFiles with extensions: [mp3, wav, flac, aac, ogg, m4a, aif, aiff]
11-12 09:10:13.431 D/FileManager(19383): Found AIFF file: DARCO 09 - Baziman (Original Mix) [Descending Order].aiff
11-12 09:10:13.538 D/MusicViewModel(19383):   ✅ File with subfolder: DARCO 09 - Baziman (Original Mix) [Descending Order].aiff -> Main allin
11-12 09:10:13.538 D/MusicViewModel(19383):   ✅ File with subfolder: Fred again.., CA7RIEL & Paco Amoroso - Beto's Horns (fred remix).aiff -> Main allin
11-12 09:10:13.592 D/FileManager(19383): Starting scanForMusicFiles with extensions: [mp3, wav, flac, aac, ogg, m4a, aif, aiff]
11-12 09:10:32.021 W/LogErrorOperation( 4275): onLogError callback failed.
11-12 09:10:32.028 W/LogErrorOperation( 4275): onLogError callback failed.
11-12 09:10:32.466 W/keystore2(  745): system/security/keystore2/watchdog/src/lib.rs:151 - When extracting from a bug report, please include this header
11-12 09:10:32.481 W/keystore2(  745): system/security/keystore2/watchdog/src/lib.rs:151 - When extracting from a bug report, please include this header
11-12 09:10:33.029 W/Binder  (18730): Caught a RuntimeException from the binder stub implementation.
11-12 09:10:33.029 W/Binder  (18730): java.lang.UnsupportedOperationException
11-12 09:10:33.030 W/Binder  (18730): Caught a RuntimeException from the binder stub implementation.
11-12 09:10:33.030 W/Binder  (18730): java.lang.UnsupportedOperationException
11-12 09:10:33.040 W/Binder  (18730): Caught a RuntimeException from the binder stub implementation.
11-12 09:10:33.040 W/Binder  (18730): java.lang.UnsupportedOperationException
11-12 09:10:33.218 D/GRIL-S  ( 2978): [33107]> UPDATE_DEVICE_STATE DeviceState: Usb:0, Wifi: 1, Wifi AP: 0, Earpiece: 0, Bluetooth: 1, Wireless charging: 0, Screen: 1, Camera: 0, 0, -, -, Motion: 0, Bluetooth tethering: 0, Voice: 0, Wifi 2.4G: 0, Radio: 1, Bluetooth connected: 1, Bluetooth media: 1, Wifi Band: 2, Wifi AP Band: 0, Wifi call: 0, mmWave: 0, mCellBackhaul: 0, mHallSensor: 0, mDozeStatus: 1, mAppClassInfo: 0, mWifiCapSensorStatus: 0, mCellCapSensorStatus: 0, mBesideHeadHandStatus: 0, mSpeakerStatus: 0, mProtectiveCaseStatus: 0, mWifiSettingStatus: 0, mGpsStatus: 0
11-12 09:10:35.490 W/LogErrorOperation( 4275): onLogError callback failed.
11-12 09:10:35.498 W/LogErrorOperation( 4275): onLogError callback failed.
11-12 09:10:35.626 W/LogErrorOperation( 4275): onLogError callback failed.
11-12 09:10:50.504 W/LogErrorOperation( 4275): onLogError callback failed.
11-12 09:10:50.516 W/LogErrorOperation( 4275): onLogError callback failed.
11-12 09:10:50.828 W/FirebaseSessions(22221): Error getting authentication token.
11-12 09:10:50.828 W/FirebaseSessions(22221): com.google.firebase.installations.FirebaseInstallationsException: Firebase Installations Service is unavailable. Please try again later.
11-12 09:10:50.829 W/FirebaseCrashlytics(22221): Error getting Firebase authentication token.
11-12 09:10:50.829 W/FirebaseCrashlytics(22221): java.util.concurrent.ExecutionException: com.google.firebase.installations.FirebaseInstallationsException: Firebase Installations Service is unavailable. Please try again later.
11-12 09:10:50.829 W/FirebaseCrashlytics(22221): Caused by: com.google.firebase.installations.FirebaseInstallationsException: Firebase Installations Service is unavailable. Please try again later.
11-12 09:10:50.840 E/FirebaseSessions(22221): Error failed to fetch the remote configs: Unable to resolve host "firebase-settings.crashlytics.com": No address associated with hostname
11-12 09:10:50.853 W/http    (22221): d#call(SourceFile:163) #<e 0001 /api/mobile/24/serverinfo GET> failed in 0.004s with java.net.UnknownHostException: Unable to resolve host "bandcamp.com": No address associated with hostname
11-12 09:10:50.901 E/FirebaseMessaging(22221): java.util.concurrent.ExecutionException: com.google.firebase.installations.FirebaseInstallationsException: Firebase Installations Service is unavailable. Please try again later.
11-12 09:10:50.901 E/FirebaseMessaging(22221): Caused by: com.google.firebase.installations.FirebaseInstallationsException: Firebase Installations Service is unavailable. Please try again later.
11-12 09:10:50.991 I/MediaFocusControl( 1884): abandonAudioFocus() from uid/pid 10306/22221 clientId=android.media.AudioManager@78386f6t7.u@e639af7 callingPack=com.bandcamp.android
11-12 09:10:51.010 E/player  (22221): com.google.gson.JsonSyntaxException: java.lang.IllegalStateException: Expected a long but was BEGIN_ARRAY at line 1 column 86 path $.queue.p
11-12 09:10:51.010 E/player  (22221): Caused by: java.lang.IllegalStateException: Expected a long but was BEGIN_ARRAY at line 1 column 86 path $.queue.p
11-12 09:10:51.076 W/LogErrorOperation( 4275): onLogError callback failed.
11-12 09:10:51.195 I/NetworkScheduler( 4275): (REDACTED) Error inserting %s
11-12 09:10:51.230 E/bandcamp(22221): a$a#a(SourceFile:152) push register failure getting token from returned task:  java.io.IOException: java.util.concurrent.ExecutionException: java.io.IOException: FIS_AUTH_ERROR
11-12 09:10:51.230 E/bandcamp(22221): com.google.android.gms.tasks.RuntimeExecutionException: java.io.IOException: java.util.concurrent.ExecutionException: java.io.IOException: FIS_AUTH_ERROR
11-12 09:10:51.230 E/bandcamp(22221): Caused by: java.io.IOException: java.util.concurrent.ExecutionException: java.io.IOException: FIS_AUTH_ERROR
11-12 09:10:51.230 E/bandcamp(22221): Caused by: java.util.concurrent.ExecutionException: java.io.IOException: FIS_AUTH_ERROR
11-12 09:10:51.230 E/bandcamp(22221): Caused by: java.io.IOException: FIS_AUTH_ERROR
11-12 09:10:53.063 W/Binder  (18730): Caught a RuntimeException from the binder stub implementation.
11-12 09:10:53.063 W/Binder  (18730): java.lang.UnsupportedOperationException
11-12 09:10:53.068 W/Binder  (18730): Caught a RuntimeException from the binder stub implementation.
11-12 09:10:53.068 W/Binder  (18730): java.lang.UnsupportedOperationException
11-12 09:10:53.084 W/Binder  (18730): Caught a RuntimeException from the binder stub implementation.
11-12 09:10:53.084 W/Binder  (18730): java.lang.UnsupportedOperationException
11-12 09:10:54.902 W/LogErrorOperation( 4275): onLogError callback failed.
11-12 09:10:54.924 W/LogErrorOperation( 4275): onLogError callback failed.
11-12 09:10:54.961 W/LogErrorOperation( 4275): onLogError callback failed.
11-12 09:10:54.979 W/Binder  (14295): Caught a RuntimeException from the binder stub implementation.
11-12 09:10:54.979 W/Binder  (14295): java.lang.UnsupportedOperationException
11-12 09:10:54.983 W/Binder  (14295): Caught a RuntimeException from the binder stub implementation.
11-12 09:10:54.983 W/Binder  (14295): java.lang.UnsupportedOperationException
11-12 09:10:55.007 W/LogErrorOperation( 4275): onLogError callback failed.
11-12 09:10:55.034 W/Binder  (14295): Caught a RuntimeException from the binder stub implementation.
11-12 09:10:55.034 W/Binder  (14295): java.lang.UnsupportedOperationException
11-12 09:10:55.039 W/Binder  (14295): Caught a RuntimeException from the binder stub implementation.
11-12 09:10:55.039 W/Binder  (14295): java.lang.UnsupportedOperationException
11-12 09:10:55.863 W/Binder  (14295): Caught a RuntimeException from the binder stub implementation.
11-12 09:10:55.863 W/Binder  (14295): java.lang.UnsupportedOperationException
11-12 09:10:55.979 W/Binder  (14295): Caught a RuntimeException from the binder stub implementation.
11-12 09:10:55.979 W/Binder  (14295): java.lang.UnsupportedOperationException
11-12 09:10:55.993 W/Binder  (14295): Caught a RuntimeException from the binder stub implementation.
11-12 09:10:55.993 W/Binder  (14295): java.lang.UnsupportedOperationException
11-12 09:10:56.001 W/Binder  (14295): Caught a RuntimeException from the binder stub implementation.
11-12 09:10:56.001 W/Binder  (14295): java.lang.UnsupportedOperationException
11-12 09:10:56.014 W/LogErrorOperation( 4275): onLogError callback failed.
11-12 09:10:56.055 E/bvkl    (14295): java.lang.RuntimeException: ManagedChannel allocation site
11-12 09:10:56.076 W/Binder  (14295): Caught a RuntimeException from the binder stub implementation.
11-12 09:10:56.076 W/Binder  (14295): java.lang.UnsupportedOperationException
11-12 09:10:56.100 W/Binder  (14295): Caught a RuntimeException from the binder stub implementation.
11-12 09:10:56.100 W/Binder  (14295): java.lang.UnsupportedOperationException
11-12 09:10:56.101 W/Binder  (14295): Caught a RuntimeException from the binder stub implementation.
11-12 09:10:56.101 W/Binder  (14295): java.lang.UnsupportedOperationException
11-12 09:10:56.227 W/Binder  (14295): Caught a RuntimeException from the binder stub implementation.
11-12 09:10:56.227 W/Binder  (14295): java.lang.UnsupportedOperationException
11-12 09:10:56.291 W/Binder  (14295): Caught a RuntimeException from the binder stub implementation.
11-12 09:10:56.291 W/Binder  (14295): java.lang.UnsupportedOperationException
11-12 09:10:56.293 W/Binder  (14295): Caught a RuntimeException from the binder stub implementation.
11-12 09:10:56.293 W/Binder  (14295): java.lang.UnsupportedOperationException
11-12 09:10:56.294 W/Binder  (14295): Caught a RuntimeException from the binder stub implementation.
11-12 09:10:56.294 W/Binder  (14295): java.lang.UnsupportedOperationException
11-12 09:10:56.403 W/Binder  (14295): Caught a RuntimeException from the binder stub implementation.
11-12 09:10:56.403 W/Binder  (14295): java.lang.UnsupportedOperationException
11-12 09:10:56.925 D/GRIL-S  ( 2978): [33108]> UPDATE_DEVICE_STATE DeviceState: Usb:0, Wifi: 1, Wifi AP: 0, Earpiece: 0, Bluetooth: 1, Wireless charging: 0, Screen: 1, Camera: 0, 0, -, -, Motion: 1, Bluetooth tethering: 0, Voice: 0, Wifi 2.4G: 0, Radio: 1, Bluetooth connected: 1, Bluetooth media: 1, Wifi Band: 2, Wifi AP Band: 0, Wifi call: 0, mmWave: 0, mCellBackhaul: 0, mHallSensor: 0, mDozeStatus: 1, mAppClassInfo: 0, mWifiCapSensorStatus: 0, mCellCapSensorStatus: 0, mBesideHeadHandStatus: 0, mSpeakerStatus: 0, mProtectiveCaseStatus: 0, mWifiSettingStatus: 0, mGpsStatus: 0
11-12 09:10:58.388 W/Binder  (17025): Caught a RuntimeException from the binder stub implementation.
11-12 09:10:58.388 W/Binder  (17025): java.lang.UnsupportedOperationException
11-12 09:10:59.992 W/Binder  (14295): Caught a RuntimeException from the binder stub implementation.
11-12 09:10:59.992 W/Binder  (14295): java.lang.UnsupportedOperationException
11-12 09:11:00.041 W/Binder  (14295): Caught a RuntimeException from the binder stub implementation.
11-12 09:11:00.041 W/Binder  (14295): java.lang.UnsupportedOperationException
11-12 09:11:00.042 W/Binder  (14295): Caught a RuntimeException from the binder stub implementation.
11-12 09:11:00.042 W/Binder  (14295): java.lang.UnsupportedOperationException
11-12 09:11:00.043 W/Binder  (14295): Caught a RuntimeException from the binder stub implementation.
11-12 09:11:00.043 W/Binder  (14295): java.lang.UnsupportedOperationException
11-12 09:11:00.043 W/Binder  (14295): Caught a RuntimeException from the binder stub implementation.
11-12 09:11:00.043 W/Binder  (14295): java.lang.UnsupportedOperationException
11-12 09:11:01.033 W/Binder  (14295): Caught a RuntimeException from the binder stub implementation.
11-12 09:11:01.033 W/Binder  (14295): java.lang.UnsupportedOperationException
11-12 09:11:19.714 D/PerformanceProfiler(19383): 📊 === PERFORMANCE STATISTICS ===
11-12 09:11:19.716 D/PerformanceProfiler(19383):   AudioManager.generateSpectrogram: 9x, avg=9488ms, min=1110ms, max=13209ms, total=85394ms
11-12 09:11:19.717 D/PerformanceProfiler(19383):   KEY.Frames+HPCP: 7x, avg=3979ms, min=1463ms, max=6089ms, total=27856ms
11-12 09:11:19.718 D/PerformanceProfiler(19383):   AudioManager.convertMp3ToWav: 3x, avg=7574ms, min=6765ms, max=8669ms, total=22722ms
11-12 09:11:19.719 D/PerformanceProfiler(19383):   BPM.StftMags: 7x, avg=3061ms, min=1116ms, max=4817ms, total=21433ms
11-12 09:11:19.720 D/PerformanceProfiler(19383):   WaveformGen: 24x, avg=511ms, min=172ms, max=673ms, total=12283ms
11-12 09:11:19.721 D/PerformanceProfiler(19383):   Spectrogram.ColumnsFFT: 8x, avg=491ms, min=191ms, max=1327ms, total=3935ms
11-12 09:11:19.721 D/PerformanceProfiler(19383):   BPM.ODF: 7x, avg=47ms, min=14ms, max=64ms, total=333ms
11-12 09:11:19.722 D/PerformanceProfiler(19383):   BPM.Tempogram+HPS: 7x, avg=46ms, min=5ms, max=89ms, total=325ms
11-12 09:11:19.723 D/PerformanceProfiler(19383):   Spectrogram.BitmapWrite: 8x, avg=28ms, min=21ms, max=47ms, total=228ms
11-12 09:11:19.723 D/PerformanceProfiler(19383):   KEY.Tuning: 7x, avg=22ms, min=18ms, max=34ms, total=156ms
11-12 09:11:19.724 D/PerformanceProfiler(19383):   BPM.Refine+BeatTrack: 7x, avg=3ms, min=0ms, max=11ms, total=27ms
11-12 09:11:19.724 D/PerformanceProfiler(19383):   KEY.Match: 7x, avg=0ms, min=0ms, max=0ms, total=0ms
11-12 09:11:23.066 D/GRIL-S  ( 2978): [33109]> UPDATE_DEVICE_STATE DeviceState: Usb:0, Wifi: 1, Wifi AP: 0, Earpiece: 0, Bluetooth: 1, Wireless charging: 0, Screen: 1, Camera: 0, 0, -, -, Motion: 0, Bluetooth tethering: 0, Voice: 0, Wifi 2.4G: 0, Radio: 1, Bluetooth connected: 1, Bluetooth media: 1, Wifi Band: 2, Wifi AP Band: 0, Wifi call: 0, mmWave: 0, mCellBackhaul: 0, mHallSensor: 0, mDozeStatus: 1, mAppClassInfo: 0, mWifiCapSensorStatus: 0, mCellCapSensorStatus: 0, mBesideHeadHandStatus: 0, mSpeakerStatus: 0, mProtectiveCaseStatus: 0, mWifiSettingStatus: 0, mGpsStatus: 0
11-12 09:11:23.094 W/Binder  (18730): Caught a RuntimeException from the binder stub implementation.
11-12 09:11:23.094 W/Binder  (18730): java.lang.UnsupportedOperationException
11-12 09:11:23.097 W/Binder  (18730): Caught a RuntimeException from the binder stub implementation.
11-12 09:11:23.097 W/Binder  (18730): java.lang.UnsupportedOperationException
11-12 09:11:23.126 W/Binder  (18730): Caught a RuntimeException from the binder stub implementation.
11-12 09:11:23.126 W/Binder  (18730): java.lang.UnsupportedOperationException
11-12 09:11:32.668 I/NullBinder( 4275): NullBinder for android.net.action.RECOMMEND_NETWORKS triggering remote TransactionTooLargeException due to Service without Chimera impl, calling uid: 1000, calling pid: 0
11-12 09:11:37.050 D/MusicViewModel(19383): 📁 LOAD_CURRENT_FILE() - loading file: MILEY CYRUS - EASY LOVER Isi Xtd. Remix.mp3
11-12 09:11:37.050 D/MusicViewModel(19383): 📁 LOAD_CURRENT_FILE() - updated current playing file to: MILEY CYRUS - EASY LOVER Isi Xtd. Remix.mp3 (URI: content://com.android.externalstorage.documents/tree/primary%3ATrial%20now%2FMogo/document/primary%3ATrial%20now%2FMogo%2FNEW%202%4025%2F2025%20-%2060%2FCOMERCIAL%2FMILEY%20CYRUS%20-%20EASY%20LOVER%20Isi%20Xtd.%20Remix.mp3)
11-12 09:11:37.050 D/MusicViewModel(19383): 📁 LOAD_CURRENT_FILE() - preloaded next file: MODERN TALKING - LONELY LADY BLUE Radio Vrs. NEW 2@25.mp3
11-12 09:11:37.051 D/MusicViewModel(19383): 📁 LOAD_CURRENT_FILE() - calling audioManager.playFile() [IO]
11-12 09:11:37.052 D/AudioManager(19383): 🎵 Starting playback for: MILEY CYRUS - EASY LOVER Isi Xtd. Remix.mp3
11-12 09:11:37.053 D/AudioManager(19383): 📁 File URI: content://com.android.externalstorage.documents/tree/primary%3ATrial%20now%2FMogo/document/primary%3ATrial%20now%2FMogo%2FNEW%202%4025%2F2025%20-%2060%2FCOMERCIAL%2FMILEY%20CYRUS%20-%20EASY%20LOVER%20Isi%20Xtd.%20Remix.mp3
11-12 09:11:37.053 D/AudioManager(19383): 🧹 Ensuring clean state before playback...
11-12 09:11:37.054 D/AudioManager(19383): 🛑 Stopping all playback before starting new file
11-12 09:11:37.054 D/AudioManager(19383): 🧹 Cleaning up VLC backend...
11-12 09:11:37.055 D/AudioManager(19383): 🛑 Stopping VLC playback...
11-12 09:11:37.080 D/WaveformGenerator(19383): LaunchedEffect triggered for file: MILEY CYRUS - EASY LOVER Isi Xtd. Remix.mp3
11-12 09:11:37.087 D/VLC     (19383): [b40000705be884a0/4bf1] libvlc input: Destroying the input for 'aiff_temp_6641500551761594627.aiff'
11-12 09:11:37.088 D/AudioManager(19383): ✅ VLC stopped
11-12 09:11:37.088 D/AudioManager(19383): ✅ VLC reset completed
11-12 09:11:37.089 D/AudioManager(19383): 🧹 Cleaning up FFmpegMediaPlayer...
11-12 09:11:37.090 D/AudioManager(19383): 🔄 Resetting FFmpegMediaPlayer state...
11-12 09:11:37.090 D/AudioManager(19383): ✅ FFmpegMediaPlayer reset completed
11-12 09:11:37.112 W/EffectProxy( 1488): runWithActiveSubEffectThenOthers active sub-effect return error Status(-4, EX_NULL_POINTER): 'activeSubEffectNull'
11-12 09:11:37.159 D/WaveformGenerator(19383): Starting waveform generation for: MILEY CYRUS - EASY LOVER Isi Xtd. Remix.mp3
11-12 09:11:37.159 D/WaveformGenerator(19383): File size: 7.2MB
11-12 09:11:37.161 D/WaveformGenerator(19383): Generating waveform for: MILEY CYRUS - EASY LOVER Isi Xtd. Remix.mp3
11-12 09:11:37.162 D/WaveformGenerator(19383): Requesting 256 samples for any duration
11-12 09:11:37.162 D/WaveformGenerator(19383): 📺 SharedWaveformDisplay - Received waveform: 256 samples
11-12 09:11:37.163 D/WaveformGenerator(19383): 📺 SharedWaveformDisplay - Min: 30, Max: 85, Avg: 74
11-12 09:11:37.163 D/WaveformGenerator(19383): 📺 SharedWaveformDisplay - First 10: 31, 38, 54, 71, 75, 68, 69, 74, 80, 71
11-12 09:11:37.194 D/MediaProvider( 4276): Open with FUSE. FilePath: /storage/emulated/0/Trial now/Mogo/NEW 2@25/2025 - 60/COMERCIAL/MILEY CYRUS - EASY LOVER Isi Xtd. Remix.mp3. Uid: 10082. Media Capabilities Uid: 0. ShouldRedact: false. ShouldTranscode: false
11-12 09:11:37.200 D/AudioManager(19383): ExoPlayer cleared
11-12 09:11:37.200 D/AudioManager(19383): All playback stopped successfully
11-12 09:11:37.200 D/AudioManager(19383): 🔄 Starting VLC playback for: content://com.android.externalstorage.documents/tree/primary%3ATrial%20now%2FMogo/document/primary%3ATrial%20now%2FMogo%2FNEW%202%4025%2F2025%20-%2060%2FCOMERCIAL%2FMILEY%20CYRUS%20-%20EASY%20LOVER%20Isi%20Xtd.%20Remix.mp3
11-12 09:11:37.201 D/AudioManager(19383): 🔄 Starting copyUriToTempFile for: content://com.android.externalstorage.documents/tree/primary%3ATrial%20now%2FMogo/document/primary%3ATrial%20now%2FMogo%2FNEW%202%4025%2F2025%20-%2060%2FCOMERCIAL%2FMILEY%20CYRUS%20-%20EASY%20LOVER%20Isi%20Xtd.%20Remix.mp3
11-12 09:11:37.202 D/AudioManager(19383): 📁 Temp file created: /data/user/0/com.example.mobiledigger/cache/aiff_temp_1461810338968323847.aiff
11-12 09:11:37.213 D/MediaProvider( 4276): Open with FUSE. FilePath: /storage/emulated/0/Trial now/Mogo/NEW 2@25/2025 - 60/COMERCIAL/MILEY CYRUS - EASY LOVER Isi Xtd. Remix.mp3. Uid: 10082. Media Capabilities Uid: 0. ShouldRedact: false. ShouldTranscode: false
11-12 09:11:37.215 D/CCodec  (19383): allocate(c2.android.mp3.decoder)
11-12 09:11:37.226 I/CCodec  (19383): Created component [c2.android.mp3.decoder] for [c2.android.mp3.decoder]
11-12 09:11:37.237 D/CCodec  (19383): [c2.android.mp3.decoder] buffers are bound to CCodec for this session
11-12 09:11:37.242 D/CCodecBufferChannel(19383): [c2.android.mp3.decoder#19] Created input block pool with allocatorID 16 => poolID 160 - OK (0)
11-12 09:11:37.243 I/CCodecBufferChannel(19383): [c2.android.mp3.decoder#19] Created output block pool with allocatorID 16 => poolID 51047 - OK
11-12 09:11:37.243 D/CCodecBufferChannel(19383): [c2.android.mp3.decoder#19] Configured output block pool ids 51047 => OK
11-12 09:11:37.245 D/CCodecBufferChannel(19383): [c2.android.mp3.decoder#19] MediaCodec discarded an unknown buffer
11-12 09:11:37.245 D/CCodecBufferChannel(19383): [c2.android.mp3.decoder#19] MediaCodec discarded an unknown buffer
11-12 09:11:37.245 D/CCodecBufferChannel(19383): [c2.android.mp3.decoder#19] MediaCodec discarded an unknown buffer
11-12 09:11:37.245 D/CCodecBufferChannel(19383): [c2.android.mp3.decoder#19] MediaCodec discarded an unknown buffer
11-12 09:11:37.250 D/AudioManager(19383): ✅ File copy completed, flushed and synced
11-12 09:11:37.251 D/AudioManager(19383): 🔄 Running GC and waiting for file descriptor cleanup...
11-12 09:11:37.261 D/MediaProvider( 4276): Open with FUSE. FilePath: /storage/emulated/0/Trial now/Mogo/NEW 2@25/2025 - 60/COMERCIAL/MILEY CYRUS - EASY LOVER Isi Xtd. Remix.mp3. Uid: 10082. Media Capabilities Uid: 0. ShouldRedact: false. ShouldTranscode: false
11-12 09:11:37.262 D/MediaProvider( 4276): Open with FUSE. FilePath: /storage/emulated/0/Trial now/Mogo/NEW 2@25/2025 - 60/COMERCIAL/MILEY CYRUS - EASY LOVER Isi Xtd. Remix.mp3. Uid: 10082. Media Capabilities Uid: 0. ShouldRedact: false. ShouldTranscode: false
11-12 09:11:37.263 D/MediaProvider( 4276): Open with FUSE. FilePath: /storage/emulated/0/Trial now/Mogo/NEW 2@25/2025 - 60/COMERCIAL/MILEY CYRUS - EASY LOVER Isi Xtd. Remix.mp3. Uid: 10082. Media Capabilities Uid: 0. ShouldRedact: false. ShouldTranscode: false
11-12 09:11:37.263 D/MediaProvider( 4276): Open with FUSE. FilePath: /storage/emulated/0/Trial now/Mogo/NEW 2@25/2025 - 60/COMERCIAL/MILEY CYRUS - EASY LOVER Isi Xtd. Remix.mp3. Uid: 10082. Media Capabilities Uid: 0. ShouldRedact: false. ShouldTranscode: false
11-12 09:11:37.265 D/MediaProvider( 4276): Open with FUSE. FilePath: /storage/emulated/0/Trial now/Mogo/NEW 2@25/2025 - 60/COMERCIAL/MILEY CYRUS - EASY LOVER Isi Xtd. Remix.mp3. Uid: 10082. Media Capabilities Uid: 0. ShouldRedact: false. ShouldTranscode: false
11-12 09:11:37.265 D/MediaProvider( 4276): Open with FUSE. FilePath: /storage/emulated/0/Trial now/Mogo/NEW 2@25/2025 - 60/COMERCIAL/MILEY CYRUS - EASY LOVER Isi Xtd. Remix.mp3. Uid: 10082. Media Capabilities Uid: 0. ShouldRedact: false. ShouldTranscode: false
11-12 09:11:37.282 D/CCodec  (19383): allocate(c2.android.mp3.decoder)
11-12 09:11:37.286 D/CCodec  (19383): allocate(c2.android.mp3.decoder)
11-12 09:11:37.286 D/CCodec  (19383): allocate(c2.android.mp3.decoder)
11-12 09:11:37.290 I/CCodec  (19383): Created component [c2.android.mp3.decoder] for [c2.android.mp3.decoder]
11-12 09:11:37.290 D/CCodec  (19383): allocate(c2.android.mp3.decoder)
11-12 09:11:37.292 I/CCodec  (19383): Created component [c2.android.mp3.decoder] for [c2.android.mp3.decoder]
11-12 09:11:37.293 I/CCodec  (19383): Created component [c2.android.mp3.decoder] for [c2.android.mp3.decoder]
11-12 09:11:37.293 D/CCodec  (19383): allocate(c2.android.mp3.decoder)
11-12 09:11:37.294 I/CCodec  (19383): Created component [c2.android.mp3.decoder] for [c2.android.mp3.decoder]
11-12 09:11:37.294 D/AudioManager(19383): ✅ Temp file verification passed: 7532152 bytes
11-12 09:11:37.294 D/AudioManager(19383): Successfully copied URI to temp file: /data/user/0/com.example.mobiledigger/cache/aiff_temp_1461810338968323847.aiff (7.18MB in 92ms, 78.08MB/s)
11-12 09:11:37.294 D/AudioManager(19383): ✅ Copied to temp file for VLC: /data/user/0/com.example.mobiledigger/cache/aiff_temp_1461810338968323847.aiff
11-12 09:11:37.295 D/VlcAudioBackend(19383): 🔄 Setting VLC data source: file:///data/user/0/com.example.mobiledigger/cache/aiff_temp_1461810338968323847.aiff
11-12 09:11:37.295 D/VLC     (19383): [b40000705bea5380/4bf1] libvlc input: Creating an input for 'aiff_temp_1461810338968323847.aiff'
11-12 09:11:37.297 D/CCodec  (19383): allocate(c2.android.mp3.decoder)
11-12 09:11:37.297 D/VLC     (19383): [b40000705bea5380/57a8] libvlc input: `file:///data/user/0/com.example.mobiledigger/cache/aiff_temp_1461810338968323847.aiff' gives access `file' demux `any' path `/data/user/0/com.example.mobiledigger/cache/aiff_temp_1461810338968323847.aiff'
11-12 09:11:37.298 D/VLC     (19383): [b4000070dbeabca0/57a8] libvlc input source: creating demux: access='file' demux='any' location='/data/user/0/com.example.mobiledigger/cache/aiff_temp_1461810338968323847.aiff' file='/data/user/0/com.example.mobiledigger/cache/aiff_temp_1461810338968323847.aiff'
11-12 09:11:37.298 D/VLC     (19383): [b40000708bed5a60/57a8] libvlc stream: creating access: file:///data/user/0/com.example.mobiledigger/cache/aiff_temp_1461810338968323847.aiff
11-12 09:11:37.298 D/VLC     (19383): [b40000708bed5a60/57a8] libvlc stream:  (path: /data/user/0/com.example.mobiledigger/cache/aiff_temp_1461810338968323847.aiff)
11-12 09:11:37.298 D/AudioManager(19383): ✅ VLC playback initiated
11-12 09:11:37.298 D/AudioManager(19383): ✅ VLC playback successful for: MILEY CYRUS - EASY LOVER Isi Xtd. Remix.mp3
11-12 09:11:37.299 D/PerformanceProfiler(19383): 📊 AudioManager.playFile[MILEY CYRUS - EASY LOVER Isi Xtd. Remix.mp3] took 247ms
11-12 09:11:37.301 I/CCodec  (19383): Created component [c2.android.mp3.decoder] for [c2.android.mp3.decoder]
11-12 09:11:37.302 D/MusicService(19445): updateNotificationData - Title: primary:Trial now/Mogo/NEW 2@25/2025 - 60/COMERCIAL/MILEY CYRUS - EASY LOVER Isi Xtd. Remix.mp3, Playing: true, Position: 0, Duration: 0
11-12 09:11:37.302 D/VLC     (19383): [b4000070dbeabca0/57a8] libvlc input source: attachment of directory-extractor failed for file:///data/user/0/com.example.mobiledigger/cache/aiff_temp_1461810338968323847.aiff
11-12 09:11:37.302 D/VLC     (19383): [b4000070dbeabca0/57a8] libvlc input source: creating demux: access='file' demux='any' location='/data/user/0/com.example.mobiledigger/cache/aiff_temp_1461810338968323847.aiff' file='/data/user/0/com.example.mobiledigger/cache/aiff_temp_1461810338968323847.aiff'
11-12 09:11:37.302 D/VLC     (19383): [b40000707bea9500/57a8] libvlc demux: looking for demux module matching "aiff": 50 candidates
11-12 09:11:37.302 I/CCodec  (19383): Created component [c2.android.mp3.decoder] for [c2.android.mp3.decoder]
11-12 09:11:37.302 D/MusicService(19445): MediaSession player updated - Title: primary:Trial now/Mogo/NEW 2@25/2025 - 60/COMERCIAL/MILEY CYRUS - EASY LOVER Isi Xtd. Remix.mp3, Playing: true, Position: 0
11-12 09:11:37.304 D/CCodec  (19383): [c2.android.mp3.decoder] buffers are bound to CCodec for this session
11-12 09:11:37.304 D/MediaSessionService( 1884): onSessionPlaybackStateChanged: record=com.example.mobiledigger/MobileDigger/1113 (userId=0) playbackState=PlaybackState {state=PLAYING(3), position=0, buffered position=0, speed=1.0, updated=700756443, actions=895, custom actions=[], active item id=-1, error=null}
11-12 09:11:37.304 D/VLC     (19383): [b40000708be89a20/57a8] libvlc stream: creating access: file:///data/user/0/com.example.mobiledigger/cache/aiff_temp_1461810338968323847.aiff
11-12 09:11:37.304 D/VLC     (19383): [b40000708be89a20/57a8] libvlc stream:  (path: /data/user/0/com.example.mobiledigger/cache/aiff_temp_1461810338968323847.aiff)
11-12 09:11:37.305 D/VLC     (19383): [b40000705bea5380/57a8] libvlc input: `file:///data/user/0/com.example.mobiledigger/cache/aiff_temp_1461810338968323847.aiff' successfully opened
11-12 09:11:37.306 D/CCodec  (19383): [c2.android.mp3.decoder] buffers are bound to CCodec for this session
11-12 09:11:37.306 D/CCodec  (19383): [c2.android.mp3.decoder] buffers are bound to CCodec for this session
11-12 09:11:37.308 D/MusicService(19445): Extracting cover art from: file:///data/user/0/com.example.mobiledigger/cache/aiff_temp_1461810338968323847.aiff
11-12 09:11:37.309 D/CCodec  (19383): [c2.android.mp3.decoder] buffers are bound to CCodec for this session
11-12 09:11:37.311 D/MusicViewModel(19383): 📁 LOAD_CURRENT_FILE() - playback started successfully for MILEY CYRUS - EASY LOVER Isi Xtd. Remix.mp3
11-12 09:11:37.311 D/MusicViewModel(19383): ✅ Added MILEY CYRUS - EASY LOVER Isi Xtd. Remix.mp3 to played-but-not-actioned list. Total tracked: 2
11-12 09:11:37.313 D/CCodecBufferChannel(19383): [c2.android.mp3.decoder#917] Created input block pool with allocatorID 16 => poolID 161 - OK (0)
11-12 09:11:37.313 D/CCodecBufferChannel(19383): [c2.android.mp3.decoder#369] Created input block pool with allocatorID 16 => poolID 162 - OK (0)
11-12 09:11:37.316 I/CCodecBufferChannel(19383): [c2.android.mp3.decoder#369] Created output block pool with allocatorID 16 => poolID 51055 - OK
11-12 09:11:37.316 D/CCodecBufferChannel(19383): [c2.android.mp3.decoder#423] Created input block pool with allocatorID 16 => poolID 163 - OK (0)
11-12 09:11:37.316 I/CCodecBufferChannel(19383): [c2.android.mp3.decoder#917] Created output block pool with allocatorID 16 => poolID 51054 - OK
11-12 09:11:37.316 D/CCodecBufferChannel(19383): [c2.android.mp3.decoder#369] Configured output block pool ids 51055 => OK
11-12 09:11:37.317 D/CCodecBufferChannel(19383): [c2.android.mp3.decoder#541] Created input block pool with allocatorID 16 => poolID 164 - OK (0)
11-12 09:11:37.317 D/CCodecBufferChannel(19383): [c2.android.mp3.decoder#917] Configured output block pool ids 51054 => OK
11-12 09:11:37.318 I/CCodecBufferChannel(19383): [c2.android.mp3.decoder#423] Created output block pool with allocatorID 16 => poolID 51056 - OK
11-12 09:11:37.318 D/CCodecBufferChannel(19383): [c2.android.mp3.decoder#423] Configured output block pool ids 51056 => OK
11-12 09:11:37.319 I/CCodecBufferChannel(19383): [c2.android.mp3.decoder#541] Created output block pool with allocatorID 16 => poolID 51057 - OK
11-12 09:11:37.320 D/CCodecBufferChannel(19383): [c2.android.mp3.decoder#541] Configured output block pool ids 51057 => OK
11-12 09:11:37.322 D/CCodec  (19383): [c2.android.mp3.decoder] buffers are bound to CCodec for this session
11-12 09:11:37.329 I/C2SoftMp3Dec( 1642): Reconfiguring decoder: 0->44100 Hz, 0->2 channels
11-12 09:11:37.332 D/CCodecBufferChannel(19383): [c2.android.mp3.decoder#335] Created input block pool with allocatorID 16 => poolID 165 - OK (0)
11-12 09:11:37.333 I/C2SoftMp3Dec( 1642): Reconfiguring decoder: 0->44100 Hz, 0->2 channels
11-12 09:11:37.333 I/CCodecBufferChannel(19383): [c2.android.mp3.decoder#335] Created output block pool with allocatorID 16 => poolID 51058 - OK
11-12 09:11:37.334 D/CCodecBufferChannel(19383): [c2.android.mp3.decoder#335] Configured output block pool ids 51058 => OK
11-12 09:11:37.335 D/CCodec  (19383): [c2.android.mp3.decoder] buffers are bound to CCodec for this session
11-12 09:11:37.336 I/C2SoftMp3Dec( 1642): Reconfiguring decoder: 0->44100 Hz, 0->2 channels
11-12 09:11:37.340 D/MediaProvider( 4276): Open with FUSE. FilePath: /storage/emulated/0/Trial now/Mogo/NEW 2@25/2025 - 60/COMERCIAL/MILEY CYRUS - EASY LOVER Isi Xtd. Remix.mp3. Uid: 10082. Media Capabilities Uid: 0. ShouldRedact: false. ShouldTranscode: false
11-12 09:11:37.341 D/CCodecBufferChannel(19383): [c2.android.mp3.decoder#418] Created input block pool with allocatorID 16 => poolID 166 - OK (0)
11-12 09:11:37.341 I/C2SoftMp3Dec( 1642): Reconfiguring decoder: 0->44100 Hz, 0->2 channels
11-12 09:11:37.343 I/CCodecBufferChannel(19383): [c2.android.mp3.decoder#418] Created output block pool with allocatorID 16 => poolID 51059 - OK
11-12 09:11:37.343 D/CCodecBufferChannel(19383): [c2.android.mp3.decoder#418] Configured output block pool ids 51059 => OK
11-12 09:11:37.351 I/C2SoftMp3Dec( 1642): Reconfiguring decoder: 0->44100 Hz, 0->2 channels
11-12 09:11:37.359 I/C2SoftMp3Dec( 1642): Reconfiguring decoder: 0->44100 Hz, 0->2 channels
11-12 09:11:37.362 D/MediaProvider( 4276): Open with FUSE. FilePath: /storage/emulated/0/Trial now/Mogo/NEW 2@25/2025 - 60/COMERCIAL/MILEY CYRUS - EASY LOVER Isi Xtd. Remix.mp3. Uid: 10082. Media Capabilities Uid: 0. ShouldRedact: false. ShouldTranscode: false
11-12 09:11:37.409 D/MusicService(19445): Successfully extracted cover art: 1182x1182
11-12 09:11:37.411 D/MusicService(19445): Notification created (VLC-exact) - Title: primary:Trial now/Mogo/NEW 2@25/2025 - 60/COMERCIAL/MILEY CYRUS - EASY LOVER Isi Xtd. Remix.mp3, Playing: true, Seekable: false, Compact: [1, 2, 3]
11-12 09:11:37.416 D/MusicService(19445): updateNotificationData - Title: MILEY CYRUS - EASY LOVER Isi Xtd. Remix.mp3, Playing: true, Position: 0, Duration: 0
11-12 09:11:37.416 D/MusicService(19445): MediaSession player updated - Title: MILEY CYRUS - EASY LOVER Isi Xtd. Remix.mp3, Playing: true, Position: 0
11-12 09:11:37.422 D/MediaSessionService( 1884): onSessionPlaybackStateChanged: record=com.example.mobiledigger/MobileDigger/1113 (userId=0) playbackState=PlaybackState {state=PLAYING(3), position=0, buffered position=0, speed=1.0, updated=700756557, actions=895, custom actions=[], active item id=-1, error=null}
11-12 09:11:37.424 D/MusicViewModel(19383): 📁 LOAD_CURRENT_FILE() - extracted duration (IO): 173793ms
11-12 09:11:37.426 D/MusicService(19445): Extracting cover art from: content://com.android.externalstorage.documents/tree/primary%3ATrial%20now%2FMogo/document/primary%3ATrial%20now%2FMogo%2FNEW%202%4025%2F2025%20-%2060%2FCOMERCIAL%2FMILEY%20CYRUS%20-%20EASY%20LOVER%20Isi%20Xtd.%20Remix.mp3
11-12 09:11:37.449 D/MediaProvider( 4276): Open with FUSE. FilePath: /storage/emulated/0/Trial now/Mogo/NEW 2@25/2025 - 60/COMERCIAL/MILEY CYRUS - EASY LOVER Isi Xtd. Remix.mp3. Uid: 10082. Media Capabilities Uid: 0. ShouldRedact: false. ShouldTranscode: false
11-12 09:11:37.462 D/MusicViewModel(19383): Skipping preload (sizeMb=8, vlc=true, recentGc=false) for MODERN TALKING - LONELY LADY BLUE Radio Vrs. NEW 2@25.mp3
11-12 09:11:37.549 D/MusicService(19445): Successfully extracted cover art: 1182x1182
11-12 09:11:37.550 D/MusicService(19445): Notification created (VLC-exact) - Title: MILEY CYRUS - EASY LOVER Isi Xtd. Remix.mp3, Playing: true, Seekable: false, Compact: [1, 2, 3]
11-12 09:11:37.563 D/MusicService(19445): Extracting cover art from: content://com.android.externalstorage.documents/tree/primary%3ATrial%20now%2FMogo/document/primary%3ATrial%20now%2FMogo%2FNEW%202%4025%2F2025%20-%2060%2FCOMERCIAL%2FMILEY%20CYRUS%20-%20EASY%20LOVER%20Isi%20Xtd.%20Remix.mp3
11-12 09:11:37.578 D/MediaProvider( 4276): Open with FUSE. FilePath: /storage/emulated/0/Trial now/Mogo/NEW 2@25/2025 - 60/COMERCIAL/MILEY CYRUS - EASY LOVER Isi Xtd. Remix.mp3. Uid: 10082. Media Capabilities Uid: 0. ShouldRedact: false. ShouldTranscode: false
11-12 09:11:37.637 D/MusicService(19445): Successfully extracted cover art: 1182x1182
11-12 09:11:37.638 D/MusicService(19445): Notification created (VLC-exact) - Title: MILEY CYRUS - EASY LOVER Isi Xtd. Remix.mp3, Playing: true, Seekable: false, Compact: [1, 2, 3]
11-12 09:11:37.647 D/MusicService(19445): updateNotificationData - Title: MILEY CYRUS - EASY LOVER Isi Xtd. Remix.mp3, Playing: true, Position: 0, Duration: 0
11-12 09:11:37.647 D/MusicService(19445): MediaSession player updated - Title: MILEY CYRUS - EASY LOVER Isi Xtd. Remix.mp3, Playing: true, Position: 0
11-12 09:11:37.651 D/MediaSessionService( 1884): onSessionPlaybackStateChanged: record=com.example.mobiledigger/MobileDigger/1113 (userId=0) playbackState=PlaybackState {state=PLAYING(3), position=0, buffered position=0, speed=1.0, updated=700756790, actions=895, custom actions=[], active item id=-1, error=null}
11-12 09:11:37.656 D/MusicService(19445): Extracting cover art from: content://com.android.externalstorage.documents/tree/primary%3ATrial%20now%2FMogo/document/primary%3ATrial%20now%2FMogo%2FNEW%202%4025%2F2025%20-%2060%2FCOMERCIAL%2FMILEY%20CYRUS%20-%20EASY%20LOVER%20Isi%20Xtd.%20Remix.mp3
11-12 09:11:37.670 D/MediaProvider( 4276): Open with FUSE. FilePath: /storage/emulated/0/Trial now/Mogo/NEW 2@25/2025 - 60/COMERCIAL/MILEY CYRUS - EASY LOVER Isi Xtd. Remix.mp3. Uid: 10082. Media Capabilities Uid: 0. ShouldRedact: false. ShouldTranscode: false
11-12 09:11:37.748 D/MusicService(19445): Successfully extracted cover art: 1182x1182
11-12 09:11:37.750 D/MusicService(19445): Notification created (VLC-exact) - Title: MILEY CYRUS - EASY LOVER Isi Xtd. Remix.mp3, Playing: true, Seekable: false, Compact: [1, 2, 3]
11-12 09:11:37.767 D/CCodecBufferChannel(19383): [c2.android.mp3.decoder#541] MediaCodec discarded an unknown buffer
11-12 09:11:37.767 D/CCodecBufferChannel(19383): [c2.android.mp3.decoder#541] MediaCodec discarded an unknown buffer
11-12 09:11:37.767 D/CCodecBufferChannel(19383): [c2.android.mp3.decoder#541] MediaCodec discarded an unknown buffer
11-12 09:11:37.767 D/CCodecBufferChannel(19383): [c2.android.mp3.decoder#541] MediaCodec discarded an unknown buffer
11-12 09:11:37.767 D/CCodecBufferChannel(19383): [c2.android.mp3.decoder#541] MediaCodec discarded an unknown buffer
11-12 09:11:37.800 D/CCodecBufferChannel(19383): [c2.android.mp3.decoder#335] MediaCodec discarded an unknown buffer
11-12 09:11:37.800 D/CCodecBufferChannel(19383): [c2.android.mp3.decoder#335] MediaCodec discarded an unknown buffer
11-12 09:11:37.800 D/CCodecBufferChannel(19383): [c2.android.mp3.decoder#335] MediaCodec discarded an unknown buffer
11-12 09:11:37.800 D/CCodecBufferChannel(19383): [c2.android.mp3.decoder#335] MediaCodec discarded an unknown buffer
11-12 09:11:37.800 D/CCodecBufferChannel(19383): [c2.android.mp3.decoder#335] MediaCodec discarded an unknown buffer
11-12 09:11:37.800 E/MP3Extractor( 1616): Unable to resync. Signalling end of stream.
11-12 09:11:37.802 D/CCodecBufferChannel(19383): [c2.android.mp3.decoder#423] MediaCodec discarded an unknown buffer
11-12 09:11:37.802 D/CCodecBufferChannel(19383): [c2.android.mp3.decoder#423] MediaCodec discarded an unknown buffer
11-12 09:11:37.802 D/CCodecBufferChannel(19383): [c2.android.mp3.decoder#423] MediaCodec discarded an unknown buffer
11-12 09:11:37.802 D/CCodecBufferChannel(19383): [c2.android.mp3.decoder#423] MediaCodec discarded an unknown buffer
11-12 09:11:37.802 D/CCodecBufferChannel(19383): [c2.android.mp3.decoder#423] MediaCodec discarded an unknown buffer
11-12 09:11:37.804 D/CCodecBufferChannel(19383): [c2.android.mp3.decoder#418] MediaCodec discarded an unknown buffer
11-12 09:11:37.804 D/CCodecBufferChannel(19383): [c2.android.mp3.decoder#418] MediaCodec discarded an unknown buffer
11-12 09:11:37.804 D/CCodecBufferChannel(19383): [c2.android.mp3.decoder#418] MediaCodec discarded an unknown buffer
11-12 09:11:37.804 D/CCodecBufferChannel(19383): [c2.android.mp3.decoder#418] MediaCodec discarded an unknown buffer
11-12 09:11:37.804 D/CCodecBufferChannel(19383): [c2.android.mp3.decoder#418] MediaCodec discarded an unknown buffer
11-12 09:11:37.805 D/CCodecBufferChannel(19383): [c2.android.mp3.decoder#917] MediaCodec discarded an unknown buffer
11-12 09:11:37.805 D/CCodecBufferChannel(19383): [c2.android.mp3.decoder#917] MediaCodec discarded an unknown buffer
11-12 09:11:37.805 D/CCodecBufferChannel(19383): [c2.android.mp3.decoder#917] MediaCodec discarded an unknown buffer
11-12 09:11:37.805 D/CCodecBufferChannel(19383): [c2.android.mp3.decoder#917] MediaCodec discarded an unknown buffer
11-12 09:11:37.805 D/CCodecBufferChannel(19383): [c2.android.mp3.decoder#917] MediaCodec discarded an unknown buffer
11-12 09:11:37.808 D/CCodecBufferChannel(19383): [c2.android.mp3.decoder#369] MediaCodec discarded an unknown buffer
11-12 09:11:37.809 D/CCodecBufferChannel(19383): [c2.android.mp3.decoder#369] MediaCodec discarded an unknown buffer
11-12 09:11:37.809 D/CCodecBufferChannel(19383): [c2.android.mp3.decoder#369] MediaCodec discarded an unknown buffer
11-12 09:11:37.809 D/CCodecBufferChannel(19383): [c2.android.mp3.decoder#369] MediaCodec discarded an unknown buffer
11-12 09:11:37.809 D/CCodecBufferChannel(19383): [c2.android.mp3.decoder#369] MediaCodec discarded an unknown buffer
11-12 09:11:37.812 D/WaveformGenerator(19383): ✅ Waveform generated: 256 samples
11-12 09:11:37.812 D/WaveformGenerator(19383): 📊 UI State - Min: 30, Max: 85, Avg: 65
11-12 09:11:37.812 D/WaveformGenerator(19383): 📊 UI State - First 10: 34, 53, 69, 67, 71, 71, 54, 43, 41, 49
11-12 09:11:37.813 D/WaveformGenerator(19383): 📊 UI State UPDATED - waveformData is now NOT NULL (256 samples)
11-12 09:11:37.843 D/WaveformGenerator(19383): 📺 SharedWaveformDisplay - Received waveform: 256 samples
11-12 09:11:37.844 D/WaveformGenerator(19383): 📺 SharedWaveformDisplay - Min: 30, Max: 85, Avg: 65
11-12 09:11:37.844 D/WaveformGenerator(19383): 📺 SharedWaveformDisplay - First 10: 34, 53, 69, 67, 71, 71, 54, 43, 41, 49
11-12 09:11:38.751 D/GRIL-S  ( 2978): [33110]> UPDATE_DEVICE_STATE DeviceState: Usb:0, Wifi: 1, Wifi AP: 0, Earpiece: 0, Bluetooth: 1, Wireless charging: 0, Screen: 1, Camera: 0, 0, -, -, Motion: 1, Bluetooth tethering: 0, Voice: 0, Wifi 2.4G: 0, Radio: 1, Bluetooth connected: 1, Bluetooth media: 1, Wifi Band: 2, Wifi AP Band: 0, Wifi call: 0, mmWave: 0, mCellBackhaul: 0, mHallSensor: 0, mDozeStatus: 1, mAppClassInfo: 0, mWifiCapSensorStatus: 0, mCellCapSensorStatus: 0, mBesideHeadHandStatus: 0, mSpeakerStatus: 0, mProtectiveCaseStatus: 0, mWifiSettingStatus: 0, mGpsStatus: 0
11-12 09:12:03.159 W/Binder  (18730): Caught a RuntimeException from the binder stub implementation.
11-12 09:12:03.159 W/Binder  (18730): java.lang.UnsupportedOperationException
11-12 09:12:03.164 W/Binder  (18730): Caught a RuntimeException from the binder stub implementation.
11-12 09:12:03.164 W/Binder  (18730): java.lang.UnsupportedOperationException
11-12 09:12:03.186 W/Binder  (18730): Caught a RuntimeException from the binder stub implementation.
11-12 09:12:03.186 W/Binder  (18730): java.lang.UnsupportedOperationException
11-12 09:12:04.858 D/GRIL-S  ( 2978): [33111]> UPDATE_DEVICE_STATE DeviceState: Usb:0, Wifi: 1, Wifi AP: 0, Earpiece: 0, Bluetooth: 1, Wireless charging: 0, Screen: 1, Camera: 0, 0, -, -, Motion: 0, Bluetooth tethering: 0, Voice: 0, Wifi 2.4G: 0, Radio: 1, Bluetooth connected: 1, Bluetooth media: 1, Wifi Band: 2, Wifi AP Band: 0, Wifi call: 0, mmWave: 0, mCellBackhaul: 0, mHallSensor: 0, mDozeStatus: 1, mAppClassInfo: 0, mWifiCapSensorStatus: 0, mCellCapSensorStatus: 0, mBesideHeadHandStatus: 0, mSpeakerStatus: 0, mProtectiveCaseStatus: 0, mWifiSettingStatus: 0, mGpsStatus: 0
11-12 09:12:10.435 D/MusicViewModel(19383): 📁 LOAD_CURRENT_FILE() - loading file: MODERN TALKING - LONELY LADY BLUE Radio Vrs. NEW 2@25.mp3
11-12 09:12:10.436 D/MusicViewModel(19383): 📁 LOAD_CURRENT_FILE() - updated current playing file to: MODERN TALKING - LONELY LADY BLUE Radio Vrs. NEW 2@25.mp3 (URI: content://com.android.externalstorage.documents/tree/primary%3ATrial%20now%2FMogo/document/primary%3ATrial%20now%2FMogo%2FNEW%202%4025%2F2025%20-%2060%2FCOMERCIAL%2FMODERN%20TALKING%20-%20LONELY%20LADY%20BLUE%20Radio%20Vrs.%20NEW%202%4025.mp3)
11-12 09:12:10.436 D/MusicViewModel(19383): 📁 LOAD_CURRENT_FILE() - preloaded next file: ROSE X BRUNO MARS - APT Isi Xtd. Remix.mp3
11-12 09:12:10.436 D/MusicViewModel(19383): 📁 LOAD_CURRENT_FILE() - calling audioManager.playFile() [IO]
11-12 09:12:10.437 D/AudioManager(19383): 🎵 Starting playback for: MODERN TALKING - LONELY LADY BLUE Radio Vrs. NEW 2@25.mp3
11-12 09:12:10.438 D/AudioManager(19383): 📁 File URI: content://com.android.externalstorage.documents/tree/primary%3ATrial%20now%2FMogo/document/primary%3ATrial%20now%2FMogo%2FNEW%202%4025%2F2025%20-%2060%2FCOMERCIAL%2FMODERN%20TALKING%20-%20LONELY%20LADY%20BLUE%20Radio%20Vrs.%20NEW%202%4025.mp3
11-12 09:12:10.440 D/AudioManager(19383): 🧹 Ensuring clean state before playback...
11-12 09:12:10.441 D/AudioManager(19383): 🛑 Stopping all playback before starting new file
11-12 09:12:10.442 D/AudioManager(19383): 🧹 Cleaning up VLC backend...
11-12 09:12:10.443 D/AudioManager(19383): 🛑 Stopping VLC playback...
11-12 09:12:10.458 D/VLC     (19383): [b40000705bea5380/529e] libvlc input: Destroying the input for 'aiff_temp_1461810338968323847.aiff'
11-12 09:12:10.459 D/AudioManager(19383): ✅ VLC stopped
11-12 09:12:10.460 D/AudioManager(19383): ✅ VLC reset completed
11-12 09:12:10.461 D/AudioManager(19383): 🧹 Cleaning up FFmpegMediaPlayer...
11-12 09:12:10.461 D/AudioManager(19383): 🔄 Resetting FFmpegMediaPlayer state...
11-12 09:12:10.462 D/AudioManager(19383): ✅ FFmpegMediaPlayer reset completed
11-12 09:12:10.467 D/WaveformGenerator(19383): LaunchedEffect triggered for file: MODERN TALKING - LONELY LADY BLUE Radio Vrs. NEW 2@25.mp3
11-12 09:12:10.500 W/EffectProxy( 1488): runWithActiveSubEffectThenOthers active sub-effect return error Status(-4, EX_NULL_POINTER): 'activeSubEffectNull'
11-12 09:12:10.547 D/WaveformGenerator(19383): Starting waveform generation for: MODERN TALKING - LONELY LADY BLUE Radio Vrs. NEW 2@25.mp3
11-12 09:12:10.547 D/WaveformGenerator(19383): File size: 8.3MB
11-12 09:12:10.549 D/WaveformGenerator(19383): Generating waveform for: MODERN TALKING - LONELY LADY BLUE Radio Vrs. NEW 2@25.mp3
11-12 09:12:10.551 D/WaveformGenerator(19383): Requesting 256 samples for any duration
11-12 09:12:10.571 D/WaveformGenerator(19383): 📺 SharedWaveformDisplay - Received waveform: 256 samples
11-12 09:12:10.571 D/WaveformGenerator(19383): 📺 SharedWaveformDisplay - Min: 30, Max: 85, Avg: 65
11-12 09:12:10.572 D/WaveformGenerator(19383): 📺 SharedWaveformDisplay - First 10: 34, 53, 69, 67, 71, 71, 54, 43, 41, 49
11-12 09:12:10.592 D/MediaProvider( 4276): Open with FUSE. FilePath: /storage/emulated/0/Trial now/Mogo/NEW 2@25/2025 - 60/COMERCIAL/MODERN TALKING - LONELY LADY BLUE Radio Vrs. NEW 2@25.mp3. Uid: 10082. Media Capabilities Uid: 0. ShouldRedact: false. ShouldTranscode: false
11-12 09:12:10.594 D/AudioManager(19383): ExoPlayer cleared
11-12 09:12:10.595 D/AudioManager(19383): All playback stopped successfully
11-12 09:12:10.595 D/AudioManager(19383): 🔄 Starting VLC playback for: content://com.android.externalstorage.documents/tree/primary%3ATrial%20now%2FMogo/document/primary%3ATrial%20now%2FMogo%2FNEW%202%4025%2F2025%20-%2060%2FCOMERCIAL%2FMODERN%20TALKING%20-%20LONELY%20LADY%20BLUE%20Radio%20Vrs.%20NEW%202%4025.mp3
11-12 09:12:10.596 D/AudioManager(19383): 🔄 Starting copyUriToTempFile for: content://com.android.externalstorage.documents/tree/primary%3ATrial%20now%2FMogo/document/primary%3ATrial%20now%2FMogo%2FNEW%202%4025%2F2025%20-%2060%2FCOMERCIAL%2FMODERN%20TALKING%20-%20LONELY%20LADY%20BLUE%20Radio%20Vrs.%20NEW%202%4025.mp3
11-12 09:12:10.597 D/AudioManager(19383): 📁 Temp file created: /data/user/0/com.example.mobiledigger/cache/aiff_temp_8822955868644309618.aiff
11-12 09:12:10.606 D/MediaProvider( 4276): Open with FUSE. FilePath: /storage/emulated/0/Trial now/Mogo/NEW 2@25/2025 - 60/COMERCIAL/MODERN TALKING - LONELY LADY BLUE Radio Vrs. NEW 2@25.mp3. Uid: 10082. Media Capabilities Uid: 0. ShouldRedact: false. ShouldTranscode: false
11-12 09:12:10.613 D/CCodec  (19383): allocate(c2.android.mp3.decoder)
11-12 09:12:10.622 I/CCodec  (19383): Created component [c2.android.mp3.decoder] for [c2.android.mp3.decoder]
11-12 09:12:10.632 D/CCodec  (19383): [c2.android.mp3.decoder] buffers are bound to CCodec for this session
