11-12 09:09:26.868 D/AudioManager(19383): 📁 Temp file created: /data/user/0/com.example.mobiledigger/cache/aiff_temp_8562770461107777532.aiff
11-12 09:09:26.873 D/MediaProvider( 4276): Open with FUSE. FilePath: /storage/emulated/0/Results 3/Liked/Main allin/DARCO 09 - Baziman (Original Mix) [Descending Order].aiff. Uid: 10082. Media Capabilities Uid: 0. ShouldRedact: false. ShouldTranscode: false
11-12 09:09:26.884 D/AudioManager(19383): 📊 Copied 10.0MB...
11-12 09:09:26.894 D/AudioManager(19383): 📊 Copied 20.0MB...
11-12 09:09:26.903 D/AudioManager(19383): 📊 Copied 30.0MB...
11-12 09:09:26.913 D/AudioManager(19383): 📊 Copied 40.0MB...
11-12 09:09:26.923 D/AudioManager(19383): 📊 Copied 50.0MB...
11-12 09:09:26.933 D/AudioManager(19383): 📊 Copied 60.0MB...
11-12 09:09:26.975 D/WaveformGenerator(19383): ✅ Waveform generated: 256 samples
11-12 09:09:26.976 D/WaveformGenerator(19383): 📊 UI State - Min: 30, Max: 85, Avg: 74
11-12 09:09:26.976 D/WaveformGenerator(19383): 📊 UI State - First 10: 49, 38, 41, 47, 47, 41, 41, 43, 39, 32
11-12 09:09:27.006 D/WaveformGenerator(19383): 📊 UI State UPDATED - waveformData is now NOT NULL (256 samples)
11-12 09:09:27.044 D/WaveformGenerator(19383): 📺 SharedWaveformDisplay - Received waveform: 256 samples
11-12 09:09:27.044 D/WaveformGenerator(19383): 📺 SharedWaveformDisplay - Min: 30, Max: 85, Avg: 74
11-12 09:09:27.044 D/WaveformGenerator(19383): 📺 SharedWaveformDisplay - First 10: 49, 38, 41, 47, 47, 41, 41, 43, 39, 32
11-12 09:09:27.044 D/WaveformGenerator(19383): 📺 SharedWaveformDisplay - Received waveform: 256 samples
11-12 09:09:27.044 D/WaveformGenerator(19383): 📺 SharedWaveformDisplay - Min: 30, Max: 85, Avg: 74
11-12 09:09:27.045 D/WaveformGenerator(19383): 📺 SharedWaveformDisplay - First 10: 49, 38, 41, 47, 47, 41, 41, 43, 39, 32
11-12 09:09:27.064 D/AudioManager(19383): ✅ File copy completed, flushed and synced
11-12 09:09:27.064 D/AudioManager(19383): 🔄 Running GC and waiting for file descriptor cleanup...
11-12 09:09:27.105 D/AudioManager(19383): ✅ Temp file verification passed: 70113813 bytes
11-12 09:09:27.105 D/AudioManager(19383): Successfully copied URI to temp file: /data/user/0/com.example.mobiledigger/cache/aiff_temp_8562770461107777532.aiff (66.87MB in 237ms, 282.13MB/s)
11-12 09:09:27.105 D/AudioManager(19383): ✅ Copied to temp file for VLC: /data/user/0/com.example.mobiledigger/cache/aiff_temp_8562770461107777532.aiff
11-12 09:09:27.106 D/VlcAudioBackend(19383): 🔄 Setting VLC data source: file:///data/user/0/com.example.mobiledigger/cache/aiff_temp_8562770461107777532.aiff
11-12 09:09:27.107 D/VLC     (19383): [b40000705be8df30/529b] libvlc input: Creating an input for 'aiff_temp_8562770461107777532.aiff'
11-12 09:09:27.108 D/VLC     (19383): [b40000705be8df30/554d] libvlc input: `file:///data/user/0/com.example.mobiledigger/cache/aiff_temp_8562770461107777532.aiff' gives access `file' demux `any' path `/data/user/0/com.example.mobiledigger/cache/aiff_temp_8562770461107777532.aiff'
11-12 09:09:27.108 D/VLC     (19383): [b4000070dbea12c0/554d] libvlc input source: creating demux: access='file' demux='any' location='/data/user/0/com.example.mobiledigger/cache/aiff_temp_8562770461107777532.aiff' file='/data/user/0/com.example.mobiledigger/cache/aiff_temp_8562770461107777532.aiff'
11-12 09:09:27.108 D/VLC     (19383): [b40000708bebe5a0/554d] libvlc stream: creating access: file:///data/user/0/com.example.mobiledigger/cache/aiff_temp_8562770461107777532.aiff
11-12 09:09:27.108 D/VLC     (19383): [b40000708bebe5a0/554d] libvlc stream:  (path: /data/user/0/com.example.mobiledigger/cache/aiff_temp_8562770461107777532.aiff)
11-12 09:09:27.108 D/AudioManager(19383): ✅ VLC playback initiated
11-12 09:09:27.109 D/AudioManager(19383): ✅ VLC playback successful for AIFF: DARCO 09 - Baziman (Original Mix) [Descending Order].aiff
11-12 09:09:27.109 D/PerformanceProfiler(19383): 📊 AudioManager.playFile[DARCO 09 - Baziman (Original Mix) [Descending Order].aiff] took 448ms
11-12 09:09:27.109 D/VLC     (19383): [b4000070dbea12c0/554d] libvlc input source: attachment of directory-extractor failed for file:///data/user/0/com.example.mobiledigger/cache/aiff_temp_8562770461107777532.aiff
11-12 09:09:27.109 D/VLC     (19383): [b4000070dbea12c0/554d] libvlc input source: creating demux: access='file' demux='any' location='/data/user/0/com.example.mobiledigger/cache/aiff_temp_8562770461107777532.aiff' file='/data/user/0/com.example.mobiledigger/cache/aiff_temp_8562770461107777532.aiff'
11-12 09:09:27.109 D/VLC     (19383): [b40000707be820a0/554d] libvlc demux: looking for demux module matching "aiff": 50 candidates
11-12 09:09:27.110 D/VLC     (19383): [b40000707be820a0/554d] libvlc demux: using demux module "aiff"
11-12 09:09:27.112 D/VLC     (19383): [b40000708beb9520/554d] libvlc stream: creating access: file:///data/user/0/com.example.mobiledigger/cache/aiff_temp_8562770461107777532.aiff
11-12 09:09:27.112 D/VLC     (19383): [b40000708beb9520/554d] libvlc stream:  (path: /data/user/0/com.example.mobiledigger/cache/aiff_temp_8562770461107777532.aiff)
11-12 09:09:27.113 D/MusicService(19445): updateNotificationData - Title: primary:Results 3/Liked/Main allin/DARCO 09 - Baziman (Original Mix) [Descending Order].aiff, Playing: true, Position: 0, Duration: 0
11-12 09:09:27.114 D/MusicService(19445): MediaSession player updated - Title: primary:Results 3/Liked/Main allin/DARCO 09 - Baziman (Original Mix) [Descending Order].aiff, Playing: true, Position: 0
11-12 09:09:27.116 D/MediaSessionService( 1884): onSessionPlaybackStateChanged: record=com.example.mobiledigger/MobileDigger/1113 (userId=0) playbackState=PlaybackState {state=PLAYING(3), position=0, buffered position=0, speed=1.0, updated=700626255, actions=895, custom actions=[], active item id=-1, error=null}
11-12 09:09:27.116 D/MusicViewModel(19383): 📁 LOAD_CURRENT_FILE() - playback started successfully for DARCO 09 - Baziman (Original Mix) [Descending Order].aiff
11-12 09:09:27.116 D/MusicViewModel(19383): ⏭️ Not tracking DARCO 09 - Baziman (Original Mix) [Descending Order].aiff - not in TODO playlist (current: LIKED)
11-12 09:09:27.117 D/VLC     (19383): [b40000705be8df30/554d] libvlc input: `file:///data/user/0/com.example.mobiledigger/cache/aiff_temp_8562770461107777532.aiff' successfully opened
11-12 09:09:27.121 D/MusicService(19445): Extracting cover art from: file:///data/user/0/com.example.mobiledigger/cache/aiff_temp_8562770461107777532.aiff
11-12 09:09:27.129 D/MediaProvider( 4276): Open with FUSE. FilePath: /storage/emulated/0/Results 3/Liked/Main allin/DARCO 09 - Baziman (Original Mix) [Descending Order].aiff. Uid: 10082. Media Capabilities Uid: 0. ShouldRedact: false. ShouldTranscode: false
11-12 09:09:27.137 D/MusicService(19445): Failed to extract cover art: setDataSource failed: status = 0x80000000
11-12 09:09:27.137 D/MusicService(19445): java.lang.RuntimeException: setDataSource failed: status = 0x80000000
11-12 09:09:27.137 D/MusicService(19445): 	at com.example.mobiledigger.audio.MusicService.extractCoverArt(MusicService.kt:828)
11-12 09:09:27.139 D/MusicService(19445): Notification created (VLC-exact) - Title: primary:Results 3/Liked/Main allin/DARCO 09 - Baziman (Original Mix) [Descending Order].aiff, Playing: true, Seekable: false, Compact: [1, 2, 3]
11-12 09:09:27.140 D/MediaProvider( 4276): Open with FUSE. FilePath: /storage/emulated/0/Results 3/Liked/Main allin/DARCO 09 - Baziman (Original Mix) [Descending Order].aiff. Uid: 10082. Media Capabilities Uid: 0. ShouldRedact: false. ShouldTranscode: false
11-12 09:09:27.147 D/MusicService(19445): Extracting cover art from: file:///data/user/0/com.example.mobiledigger/cache/aiff_temp_8562770461107777532.aiff
11-12 09:09:27.164 D/ResourceManager(19383): setDataSource failed for URI: content://com.android.externalstorage.documents/tree/primary%3AResults%203/document/primary%3AResults%203%2FLiked%2FMain%20allin%2FDARCO%2009%20-%20Baziman%20(Original%20Mix)%20%5BDescending%20Order%5D.aiff
11-12 09:09:27.164 D/ResourceManager(19383): java.lang.RuntimeException: setDataSource failed: status = 0x80000000
11-12 09:09:27.164 D/ResourceManager(19383): 	at com.example.mobiledigger.util.ResourceManager$extractDuration$2.invokeSuspend(ResourceManager.kt:102)
11-12 09:09:27.164 D/ResourceManager(19383): 	at com.example.mobiledigger.util.ResourceManager$extractDuration$2.invoke(Unknown Source:8)
11-12 09:09:27.164 D/ResourceManager(19383): 	at com.example.mobiledigger.util.ResourceManager$extractDuration$2.invoke(Unknown Source:4)
11-12 09:09:27.164 D/ResourceManager(19383): 	at com.example.mobiledigger.util.ResourceManager.extractDuration(ResourceManager.kt:101)
11-12 09:09:27.164 D/ResourceManager(19383): 	at com.example.mobiledigger.util.ResourceManager$extractDurationWithFallback$2.invokeSuspend(ResourceManager.kt:130)
11-12 09:09:27.164 D/ResourceManager(19383): 	at com.example.mobiledigger.util.ResourceManager$extractDurationWithFallback$2.invoke(Unknown Source:8)
11-12 09:09:27.164 D/ResourceManager(19383): 	at com.example.mobiledigger.util.ResourceManager$extractDurationWithFallback$2.invoke(Unknown Source:4)
11-12 09:09:27.164 D/ResourceManager(19383): 	at com.example.mobiledigger.util.ResourceManager.extractDurationWithFallback(ResourceManager.kt:111)
11-12 09:09:27.164 D/ResourceManager(19383): 	at com.example.mobiledigger.viewmodel.MusicViewModel.extractDuration(MusicViewModel.kt:1479)
11-12 09:09:27.164 D/ResourceManager(19383): 	at com.example.mobiledigger.viewmodel.MusicViewModel.access$extractDuration(MusicViewModel.kt:53)
11-12 09:09:27.164 D/MusicService(19445): Failed to extract cover art: setDataSource failed: status = 0x80000000
11-12 09:09:27.164 D/MusicService(19445): java.lang.RuntimeException: setDataSource failed: status = 0x80000000
11-12 09:09:27.164 D/MusicService(19445): 	at com.example.mobiledigger.audio.MusicService.extractCoverArt(MusicService.kt:828)
11-12 09:09:27.166 D/MusicService(19445): Notification created (VLC-exact) - Title: primary:Results 3/Liked/Main allin/DARCO 09 - Baziman (Original Mix) [Descending Order].aiff, Playing: true, Seekable: false, Compact: [1, 2, 3]
11-12 09:09:27.175 D/MusicService(19445): updateNotificationData - Title: DARCO 09 - Baziman (Original Mix) [Descending Order].aiff, Playing: true, Position: 0, Duration: 0
11-12 09:09:27.175 D/MusicService(19445): MediaSession player updated - Title: DARCO 09 - Baziman (Original Mix) [Descending Order].aiff, Playing: true, Position: 0
11-12 09:09:27.176 D/MediaProvider( 4276): Open with FUSE. FilePath: /storage/emulated/0/Results 3/Liked/Main allin/DARCO 09 - Baziman (Original Mix) [Descending Order].aiff. Uid: 10082. Media Capabilities Uid: 0. ShouldRedact: false. ShouldTranscode: false
11-12 09:09:27.178 D/MediaSessionService( 1884): onSessionPlaybackStateChanged: record=com.example.mobiledigger/MobileDigger/1113 (userId=0) playbackState=PlaybackState {state=PLAYING(3), position=0, buffered position=0, speed=1.0, updated=700626317, actions=895, custom actions=[], active item id=-1, error=null}
11-12 09:09:27.184 D/MusicService(19445): Extracting cover art from: file:///data/user/0/com.example.mobiledigger/cache/aiff_temp_8562770461107777532.aiff
11-12 09:09:27.192 E/NuMediaExtractor(19383): initMediaExtractor: failed to create MediaExtractor
11-12 09:09:27.193 E/FileSource(19383): Failed to open file 'content://com.android.externalstorage.documents/tree/primary%3AResults%203/document/primary%3AResults%203%2FLiked%2FMain%20allin%2FDARCO%2009%20-%20Baziman%20(Original%20Mix)%20%5BDescending%20Order%5D.aiff'. (No such file or directory)
11-12 09:09:27.194 D/ResourceManager(19383): MediaExtractor setDataSource failed for URI: content://com.android.externalstorage.documents/tree/primary%3AResults%203/document/primary%3AResults%203%2FLiked%2FMain%20allin%2FDARCO%2009%20-%20Baziman%20(Original%20Mix)%20%5BDescending%20Order%5D.aiff
11-12 09:09:27.194 D/ResourceManager(19383): java.io.IOException: Failed to instantiate extractor.
11-12 09:09:27.194 D/ResourceManager(19383): 	at android.media.MediaExtractor.nativeSetDataSource(Native Method)
11-12 09:09:27.194 D/ResourceManager(19383): 	at android.media.MediaExtractor.setDataSource(MediaExtractor.java:173)
11-12 09:09:27.194 D/ResourceManager(19383): 	at android.media.MediaExtractor.setDataSource(MediaExtractor.java:141)
11-12 09:09:27.194 D/ResourceManager(19383): 	at com.example.mobiledigger.util.ResourceManager$withMediaExtractor$2.invokeSuspend(ResourceManager.kt:79)
11-12 09:09:27.194 D/ResourceManager(19383): 	at com.example.mobiledigger.util.ResourceManager$withMediaExtractor$2.invoke(Unknown Source:8)
11-12 09:09:27.194 D/ResourceManager(19383): 	at com.example.mobiledigger.util.ResourceManager$withMediaExtractor$2.invoke(Unknown Source:4)
11-12 09:09:27.194 D/ResourceManager(19383): 	at com.example.mobiledigger.util.ResourceManager.withMediaExtractor(ResourceManager.kt:66)
11-12 09:09:27.194 D/ResourceManager(19383): 	at com.example.mobiledigger.util.ResourceManager$extractDurationWithFallback$2.invokeSuspend(ResourceManager.kt:135)
11-12 09:09:27.194 D/ResourceManager(19383): 	at com.example.mobiledigger.util.ResourceManager$extractDurationWithFallback$2.invoke(Unknown Source:8)
11-12 09:09:27.194 D/ResourceManager(19383): 	at com.example.mobiledigger.util.ResourceManager$extractDurationWithFallback$2.invoke(Unknown Source:4)
11-12 09:09:27.194 D/ResourceManager(19383): 	at com.example.mobiledigger.util.ResourceManager.extractDurationWithFallback(ResourceManager.kt:111)
11-12 09:09:27.194 D/ResourceManager(19383): 	at com.example.mobiledigger.viewmodel.MusicViewModel.extractDuration(MusicViewModel.kt:1479)
11-12 09:09:27.194 D/ResourceManager(19383): 	at com.example.mobiledigger.viewmodel.MusicViewModel.access$extractDuration(MusicViewModel.kt:53)
11-12 09:09:27.195 D/MusicViewModel(19383): 📁 LOAD_CURRENT_FILE() - extracted duration (IO): 397470ms
11-12 09:09:27.201 D/MusicService(19445): Failed to extract cover art: setDataSource failed: status = 0x80000000
11-12 09:09:27.201 D/MusicService(19445): java.lang.RuntimeException: setDataSource failed: status = 0x80000000
11-12 09:09:27.201 D/MusicService(19445): 	at com.example.mobiledigger.audio.MusicService.extractCoverArt(MusicService.kt:828)
11-12 09:09:27.202 D/MusicService(19445): Notification created (VLC-exact) - Title: DARCO 09 - Baziman (Original Mix) [Descending Order].aiff, Playing: true, Seekable: false, Compact: [1, 2, 3]
11-12 09:09:27.256 D/MusicViewModel(19383): Skipping preload (sizeMb=38, vlc=true, recentGc=false) for Fred again.., CA7RIEL & Paco Amoroso - Beto's Horns (fred remix).aiff
11-12 09:09:27.869 D/MediaProvider( 4276): Open with FUSE. FilePath: /storage/emulated/0/Results 3/Liked/Main allin/DARCO 09 - Baziman (Original Mix) [Descending Order].aiff. Uid: 10082. Media Capabilities Uid: 0. ShouldRedact: false. ShouldTranscode: false
11-12 09:09:27.933 D/Debug   (19383): SpectrogramPopupDialog: Starting spectrogram generation for DARCO 09 - Baziman (Original Mix) [Descending Order].aiff
11-12 09:09:27.934 D/AudioManager(19383): Generating new spectrogram for: DARCO 09 - Baziman (Original Mix) [Descending Order].aiff
11-12 09:09:27.934 D/AudioManager(19383): Starting spectrogram generation for: DARCO 09 - Baziman (Original Mix) [Descending Order].aiff at 1762931367934ms
11-12 09:09:27.935 D/AudioManager(19383): Large file detected (66MB), forcing garbage collection
11-12 09:09:27.947 D/MediaProvider( 4276): Open with FUSE. FilePath: /storage/emulated/0/Results 3/Liked/Main allin/DARCO 09 - Baziman (Original Mix) [Descending Order].aiff. Uid: 10082. Media Capabilities Uid: 0. ShouldRedact: false. ShouldTranscode: false
11-12 09:09:28.187 D/AudioManager(19383): URI: content://com.android.externalstorage.documents/tree/primary%3AResults%203/document/primary%3AResults%203%2FLiked%2FMain%20allin%2FDARCO%2009%20-%20Baziman%20(Original%20Mix)%20%5BDescending%20Order%5D.aiff
11-12 09:09:28.201 D/MediaProvider( 4276): Open with FUSE. FilePath: /storage/emulated/0/Results 3/Liked/Main allin/DARCO 09 - Baziman (Original Mix) [Descending Order].aiff. Uid: 10082. Media Capabilities Uid: 0. ShouldRedact: false. ShouldTranscode: false
11-12 09:09:28.206 D/MediaProvider( 4276): Open with FUSE. FilePath: /storage/emulated/0/Results 3/Liked/Main allin/DARCO 09 - Baziman (Original Mix) [Descending Order].aiff. Uid: 10082. Media Capabilities Uid: 0. ShouldRedact: false. ShouldTranscode: false
11-12 09:09:28.223 D/AudioManager(19383): Failed to extract duration
11-12 09:09:28.223 D/AudioManager(19383): java.lang.RuntimeException: setDataSource failed: status = 0x80000000
11-12 09:09:28.223 D/AudioManager(19383): 	at android.media.MediaMetadataRetriever._setDataSource(Native Method)
11-12 09:09:28.223 D/AudioManager(19383): 	at android.media.MediaMetadataRetriever.setDataSource(MediaMetadataRetriever.java:310)
11-12 09:09:28.223 D/AudioManager(19383): 	at android.media.MediaMetadataRetriever.setDataSource(MediaMetadataRetriever.java:334)
11-12 09:09:28.223 D/AudioManager(19383): 	at android.media.MediaMetadataRetriever.setDataSource(MediaMetadataRetriever.java:383)
11-12 09:09:28.223 D/AudioManager(19383): 	at com.example.mobiledigger.audio.AudioManager.extractAudioDataWithMemoryManagement(AudioManager.kt:2153)
11-12 09:09:28.223 D/AudioManager(19383): 	at com.example.mobiledigger.audio.AudioManager.generateSpectrogramInternal(AudioManager.kt:1933)
11-12 09:09:28.223 D/AudioManager(19383): 	at com.example.mobiledigger.audio.AudioManager.access$generateSpectrogramInternal(AudioManager.kt:57)
11-12 09:09:28.223 D/AudioManager(19383): 	at com.example.mobiledigger.audio.AudioManager$generateSpectrogram$spectrogram$1$1.invokeSuspend(AudioManager.kt:1579)
11-12 09:09:28.223 D/AudioManager(19383): 	at kotlin.coroutines.jvm.internal.BaseContinuationImpl.resumeWith(ContinuationImpl.kt:33)
11-12 09:09:28.223 D/AudioManager(19383): 	at kotlinx.coroutines.DispatchedTask.run(DispatchedTask.kt:108)
11-12 09:09:28.223 D/AudioManager(19383): 	at kotlinx.coroutines.internal.LimitedDispatcher$Worker.run(LimitedDispatcher.kt:115)
11-12 09:09:28.223 D/AudioManager(19383): 	at kotlinx.coroutines.scheduling.TaskImpl.run(Tasks.kt:103)
11-12 09:09:28.223 D/AudioManager(19383): 	at kotlinx.coroutines.scheduling.CoroutineScheduler.runSafely(CoroutineScheduler.kt:584)
11-12 09:09:28.223 D/AudioManager(19383): 	at kotlinx.coroutines.scheduling.CoroutineScheduler$Worker.executeTask(CoroutineScheduler.kt:793)
11-12 09:09:28.223 D/AudioManager(19383): 	at kotlinx.coroutines.scheduling.CoroutineScheduler$Worker.runWorker(CoroutineScheduler.kt:697)
11-12 09:09:28.223 D/AudioManager(19383): 	at kotlinx.coroutines.scheduling.CoroutineScheduler$Worker.run(CoroutineScheduler.kt:684)
11-12 09:09:28.236 D/MediaProvider( 4276): Open with FUSE. FilePath: /storage/emulated/0/Results 3/Liked/Main allin/DARCO 09 - Baziman (Original Mix) [Descending Order].aiff. Uid: 10082. Media Capabilities Uid: 0. ShouldRedact: false. ShouldTranscode: false
11-12 09:09:28.388 D/AudioManager(19383): FileStream extracted 3969024 samples
11-12 09:09:28.438 D/AudioManager(19383): Extracted 3969024 audio samples in 249ms
11-12 09:09:28.438 D/AudioManager(19383): Starting streaming spectrogram generation at 1762931368438ms
11-12 09:09:28.443 D/AudioManager(19383): Converted stereo to mono: 3969024 -> 1984512 samples
11-12 09:09:28.444 D/AudioManager(19383): Quality parameters: windowSize=4096, height=256, maxFreq=22000
11-12 09:09:28.444 D/AudioManager(19383): File size: ~3MB, limiting analysis to 30s for memory management
11-12 09:09:28.444 D/AudioManager(19383): Spectrogram dims: duration=45.00027s, cap=30s, targetWidth=150px, hop=13202, group=1, fftSize=4096
11-12 09:09:28.445 D/AudioManager(19383): Streaming spectrogram: 1984512 samples, targetWidth=150, actualWidth=150 (grouped), hop=13202, group=1
11-12 09:09:28.445 D/AudioManager(19383): Generating spectrogram: 1984512 mono samples, windowSize=4096, fftSize=4096, maxFreq=22000Hz
11-12 09:09:28.452 D/AudioManager(19383): Audio data range: min=-32637, max=32633
11-12 09:09:28.452 D/MediaProvider( 4276): Open with FUSE. FilePath: /storage/emulated/0/Results 3/Liked/Main allin/DARCO 09 - Baziman (Original Mix) [Descending Order].aiff. Uid: 10082. Media Capabilities Uid: 0. ShouldRedact: false. ShouldTranscode: false
11-12 09:09:28.452 D/AudioManager(19383): Audio data first 10 samples: 13318, 0, 1, 6, -3, -25, -8, -24, -15, 12
11-12 09:09:28.477 D/AudioManager(19383): Audio data middle 10 samples: 2110, 852, -482, 642, -121, -613, -213, 71, 207, -1048
11-12 09:09:28.477 D/AudioManager(19383): Audio data last 10 samples: -5838, -6002, -6176, -6498, -5812, -4538, -5201, -6252, -5101, -4333
11-12 09:09:28.608 D/AudioManager(19383): First quarter range: min=-24353, max=24220
11-12 09:09:28.624 D/AudioManager(19383): Second quarter range: min=-23197, max=24647
11-12 09:09:28.639 D/AudioManager(19383): Third quarter range: min=-32476, max=32633
11-12 09:09:28.655 D/AudioManager(19383): Last quarter range: min=-32637, max=32538
11-12 09:09:28.781 D/AudioManager(19383): Dynamic range adjustment: 1.0 (first quarter max: 24353.0, overall max: 32637.0)
11-12 09:09:28.782 D/AudioManager(19383): Starting spectrogram generation with 1984512 samples, width=150, height=256
11-12 09:09:28.782 D/AudioManager(19383): Target width: 150, Max possible windows: 151, Using: 150 windows
11-12 09:09:28.782 D/AudioManager(19383): Quality: BALANCED, Frequency: EXTENDED, Resolution: 5px/s
11-12 09:09:28.782 D/AudioManager(19383): Calculated hop size: 13202, Window size: 4096, FFT size: 4096
11-12 09:09:28.782 D/AudioManager(19383): Analyzing 30 seconds (0.5 minutes) of audio data
11-12 09:09:29.043 D/AudioManager(19383): Generated spectrogram bitmap successfully, maxPower=5.6196875E14
11-12 09:09:29.043 D/AudioManager(19383): Spectrogram generation completed in 604ms (0.604s)
11-12 09:09:29.043 D/AudioManager(19383): Generated spectrogram bitmap successfully
11-12 09:09:29.043 D/AudioManager(19383): Total spectrogram generation time: 1109ms (1.109s)
11-12 09:09:29.043 D/AudioManager(19383): 📊 Cache eviction: Removing eldest spectrogram (2/1)
11-12 09:09:29.043 D/AudioManager(19383): Spectrogram generated and cached successfully
11-12 09:09:29.044 D/AudioManager(19383): ⚠️ SLOW spectrogram generation: 1110ms for DARCO 09 - Baziman (Original Mix) [Descending Order].aiff
11-12 09:09:29.044 D/Debug   (19383): SpectrogramPopupDialog: Received bitmap: true
11-12 09:09:29.044 D/Debug   (19383): SpectrogramPopupDialog: Generation completed, isLoading = false
11-12 09:09:29.052 D/MediaProvider( 4276): Open with FUSE. FilePath: /storage/emulated/0/Results 3/Liked/Main allin/DARCO 09 - Baziman (Original Mix) [Descending Order].aiff. Uid: 10082. Media Capabilities Uid: 0. ShouldRedact: false. ShouldTranscode: false
11-12 09:09:31.749 D/MusicViewModel(19383): 📁 LOAD_CURRENT_FILE() - preloaded next file: Dan Tanev & Claudia León - Haneeni (Original Mix).mp3
11-12 09:09:31.749 D/MusicViewModel(19383): 📁 LOAD_CURRENT_FILE() - AIFF file detected: Gerardo Calles - La Plata (Original Mix).aif
11-12 09:09:31.749 D/MusicViewModel(19383): 📁 LOAD_CURRENT_FILE() - calling audioManager.playFile() [IO]
11-12 09:09:31.751 D/AudioManager(19383): 🎵 Starting playback for: Gerardo Calles - La Plata (Original Mix).aif
11-12 09:09:31.757 D/AudioManager(19383): 📁 File URI: content://com.android.externalstorage.documents/tree/primary%3AResults%203/document/primary%3AResults%203%2FLiked%2FMain%20allin%2FGerardo%20Calles%20-%20La%20Plata%20(Original%20Mix).aif
11-12 09:09:31.757 D/AudioManager(19383): 🧹 Ensuring clean state before playback...
11-12 09:09:31.757 D/AudioManager(19383): 🛑 Stopping all playback before starting new file
11-12 09:09:31.757 D/AudioManager(19383): 🧹 Cleaning up VLC backend...
11-12 09:09:31.757 D/AudioManager(19383): 🛑 Stopping VLC playback...
11-12 09:09:31.772 D/VLC     (19383): [b40000707be820a0/554d] libvlc demux: removing module "aiff"
11-12 09:09:31.777 D/AudioManager(19383): ✅ VLC stopped
11-12 09:09:31.778 D/AudioManager(19383): ✅ VLC reset completed
11-12 09:09:31.778 D/AudioManager(19383): 🧹 Cleaning up FFmpegMediaPlayer...
11-12 09:09:31.778 D/AudioManager(19383): 🔄 Resetting FFmpegMediaPlayer state...
11-12 09:09:31.778 D/AudioManager(19383): ✅ FFmpegMediaPlayer reset completed
11-12 09:09:31.783 D/WaveformGenerator(19383): LaunchedEffect triggered for file: Gerardo Calles - La Plata (Original Mix).aif
11-12 09:09:31.828 W/EffectProxy( 1488): runWithActiveSubEffectThenOthers active sub-effect return error Status(-4, EX_NULL_POINTER): 'activeSubEffectNull'
11-12 09:09:31.870 D/WaveformGenerator(19383): Starting waveform generation for: Gerardo Calles - La Plata (Original Mix).aif
11-12 09:09:31.871 D/WaveformGenerator(19383): File size: 47.4MB
11-12 09:09:31.872 D/WaveformGenerator(19383): Generating waveform for: Gerardo Calles - La Plata (Original Mix).aif
11-12 09:09:31.873 D/WaveformGenerator(19383): Requesting 256 samples for any duration
11-12 09:09:31.892 D/WaveformGenerator(19383): 📺 SharedWaveformDisplay - Received waveform: 256 samples
11-12 09:09:31.892 D/WaveformGenerator(19383): 📺 SharedWaveformDisplay - Min: 30, Max: 85, Avg: 74
11-12 09:09:31.892 D/WaveformGenerator(19383): 📺 SharedWaveformDisplay - First 10: 49, 38, 41, 47, 47, 41, 41, 43, 39, 32
11-12 09:09:31.918 D/AudioManager(19383): ExoPlayer cleared
11-12 09:09:31.918 D/AudioManager(19383): All playback stopped successfully
11-12 09:09:31.918 D/AudioManager(19383): 🎵 AIFF file detected: Gerardo Calles - La Plata (Original Mix).aif
11-12 09:09:31.919 D/AudioManager(19383): 🔄 AIFF file detected, validating before playback: Gerardo Calles - La Plata (Original Mix).aif
11-12 09:09:31.919 D/AudioManager(19383): 🔍 Validating AIFF file: Gerardo Calles - La Plata (Original Mix).aif
11-12 09:09:31.929 D/AudioManager(19383): ✅ AIFF file validation passed: valid header
11-12 09:09:31.930 D/AudioManager(19383): ✅ AIFF file validation passed, trying VLC first
11-12 09:09:31.930 D/AudioManager(19383): 🔄 Starting VLC playback for: content://com.android.externalstorage.documents/tree/primary%3AResults%203/document/primary%3AResults%203%2FLiked%2FMain%20allin%2FGerardo%20Calles%20-%20La%20Plata%20(Original%20Mix).aif
11-12 09:09:31.930 D/AudioManager(19383): 🔄 Starting copyUriToTempFile for: content://com.android.externalstorage.documents/tree/primary%3AResults%203/document/primary%3AResults%203%2FLiked%2FMain%20allin%2FGerardo%20Calles%20-%20La%20Plata%20(Original%20Mix).aif
11-12 09:09:31.931 D/AudioManager(19383): 📁 Temp file created: /data/user/0/com.example.mobiledigger/cache/aiff_temp_6470953793447623748.aiff
11-12 09:09:31.954 D/AudioManager(19383): 📊 Copied 10.0MB...
11-12 09:09:31.968 D/AudioManager(19383): 📊 Copied 20.0MB...
11-12 09:09:31.986 D/AudioManager(19383): 📊 Copied 30.0MB...
11-12 09:09:32.005 D/AudioManager(19383): 📊 Copied 40.0MB...
11-12 09:09:32.045 D/WaveformGenerator(19383): ✅ Waveform generated: 256 samples
11-12 09:09:32.046 D/WaveformGenerator(19383): 📊 UI State - Min: 30, Max: 85, Avg: 73
11-12 09:09:32.046 D/WaveformGenerator(19383): 📊 UI State - First 10: 43, 70, 79, 74, 71, 68, 76, 85, 74, 55
11-12 09:09:32.054 D/WaveformGenerator(19383): 📊 UI State UPDATED - waveformData is now NOT NULL (256 samples)
11-12 09:09:32.069 D/WaveformGenerator(19383): 📺 SharedWaveformDisplay - Received waveform: 256 samples
11-12 09:09:32.070 D/WaveformGenerator(19383): 📺 SharedWaveformDisplay - Min: 30, Max: 85, Avg: 73
11-12 09:09:32.070 D/WaveformGenerator(19383): 📺 SharedWaveformDisplay - First 10: 43, 70, 79, 74, 71, 68, 76, 85, 74, 55
11-12 09:09:32.106 D/AudioManager(19383): ✅ File copy completed, flushed and synced
11-12 09:09:32.107 D/AudioManager(19383): 🔄 Running GC and waiting for file descriptor cleanup...
11-12 09:09:32.156 D/AudioManager(19383): ✅ Temp file verification passed: 49744858 bytes
11-12 09:09:32.157 D/AudioManager(19383): Successfully copied URI to temp file: /data/user/0/com.example.mobiledigger/cache/aiff_temp_6470953793447623748.aiff (47.44MB in 225ms, 210.85MB/s)
11-12 09:09:32.157 D/AudioManager(19383): ✅ Copied to temp file for VLC: /data/user/0/com.example.mobiledigger/cache/aiff_temp_6470953793447623748.aiff
11-12 09:09:32.157 D/VlcAudioBackend(19383): 🔄 Setting VLC data source: file:///data/user/0/com.example.mobiledigger/cache/aiff_temp_6470953793447623748.aiff
11-12 09:09:32.158 D/VLC     (19383): [b40000705be66f50/529b] libvlc input: Creating an input for 'aiff_temp_6470953793447623748.aiff'
11-12 09:09:32.159 D/VLC     (19383): [b40000705be66f50/5567] libvlc input: `file:///data/user/0/com.example.mobiledigger/cache/aiff_temp_6470953793447623748.aiff' gives access `file' demux `any' path `/data/user/0/com.example.mobiledigger/cache/aiff_temp_6470953793447623748.aiff'
11-12 09:09:32.159 D/VLC     (19383): [b4000070dbe9dcc0/5567] libvlc input source: creating demux: access='file' demux='any' location='/data/user/0/com.example.mobiledigger/cache/aiff_temp_6470953793447623748.aiff' file='/data/user/0/com.example.mobiledigger/cache/aiff_temp_6470953793447623748.aiff'
11-12 09:09:32.159 D/VLC     (19383): [b40000708bec39a0/5567] libvlc stream: creating access: file:///data/user/0/com.example.mobiledigger/cache/aiff_temp_6470953793447623748.aiff
11-12 09:09:32.159 D/VLC     (19383): [b40000708bec39a0/5567] libvlc stream:  (path: /data/user/0/com.example.mobiledigger/cache/aiff_temp_6470953793447623748.aiff)
11-12 09:09:32.159 D/AudioManager(19383): ✅ VLC playback initiated
11-12 09:09:32.160 D/AudioManager(19383): ✅ VLC playback successful for AIFF: Gerardo Calles - La Plata (Original Mix).aif
11-12 09:09:32.160 D/PerformanceProfiler(19383): 📊 AudioManager.playFile[Gerardo Calles - La Plata (Original Mix).aif] took 409ms
11-12 09:09:32.160 D/VLC     (19383): [b4000070dbe9dcc0/5567] libvlc input source: attachment of directory-extractor failed for file:///data/user/0/com.example.mobiledigger/cache/aiff_temp_6470953793447623748.aiff
11-12 09:09:32.160 D/VLC     (19383): [b4000070dbe9dcc0/5567] libvlc input source: creating demux: access='file' demux='any' location='/data/user/0/com.example.mobiledigger/cache/aiff_temp_6470953793447623748.aiff' file='/data/user/0/com.example.mobiledigger/cache/aiff_temp_6470953793447623748.aiff'
11-12 09:09:32.160 D/VLC     (19383): [b40000707be81860/5567] libvlc demux: looking for demux module matching "aiff": 50 candidates
11-12 09:09:32.161 D/VLC     (19383): [b40000707be81860/5567] libvlc demux: using demux module "aiff"
11-12 09:09:32.162 D/VLC     (19383): [b40000708bec6e20/5567] libvlc stream: creating access: file:///data/user/0/com.example.mobiledigger/cache/aiff_temp_6470953793447623748.aiff
11-12 09:09:32.162 D/VLC     (19383): [b40000708bec6e20/5567] libvlc stream:  (path: /data/user/0/com.example.mobiledigger/cache/aiff_temp_6470953793447623748.aiff)
11-12 09:09:32.163 D/VLC     (19383): [b40000705be66f50/5567] libvlc input: `file:///data/user/0/com.example.mobiledigger/cache/aiff_temp_6470953793447623748.aiff' successfully opened
11-12 09:09:32.166 D/MediaSessionService( 1884): onSessionPlaybackStateChanged: record=com.example.mobiledigger/MobileDigger/1113 (userId=0) playbackState=PlaybackState {state=PLAYING(3), position=0, buffered position=0, speed=1.0, updated=700631305, actions=895, custom actions=[], active item id=-1, error=null}
11-12 09:09:32.172 D/MusicService(19445): Extracting cover art from: file:///data/user/0/com.example.mobiledigger/cache/aiff_temp_6470953793447623748.aiff
11-12 09:09:32.184 D/MusicService(19445): Failed to extract cover art: setDataSource failed: status = 0x80000000
11-12 09:09:32.184 D/MusicService(19445): java.lang.RuntimeException: setDataSource failed: status = 0x80000000
11-12 09:09:32.184 D/MusicService(19445): 	at com.example.mobiledigger.audio.MusicService.extractCoverArt(MusicService.kt:828)
11-12 09:09:32.196 D/MusicService(19445): Extracting cover art from: file:///data/user/0/com.example.mobiledigger/cache/aiff_temp_6470953793447623748.aiff
11-12 09:09:32.216 D/MusicService(19445): Failed to extract cover art: setDataSource failed: status = 0x80000000
11-12 09:09:32.216 D/MusicService(19445): java.lang.RuntimeException: setDataSource failed: status = 0x80000000
11-12 09:09:32.216 D/MusicService(19445): 	at com.example.mobiledigger.audio.MusicService.extractCoverArt(MusicService.kt:828)
11-12 09:09:32.218 D/ResourceManager(19383): java.lang.RuntimeException: setDataSource failed: status = 0x80000000
11-12 09:09:32.218 D/ResourceManager(19383): 	at com.example.mobiledigger.util.ResourceManager$extractDuration$2.invokeSuspend(ResourceManager.kt:102)
11-12 09:09:32.218 D/ResourceManager(19383): 	at com.example.mobiledigger.util.ResourceManager$extractDuration$2.invoke(Unknown Source:8)
11-12 09:09:32.218 D/ResourceManager(19383): 	at com.example.mobiledigger.util.ResourceManager$extractDuration$2.invoke(Unknown Source:4)
11-12 09:09:32.218 D/ResourceManager(19383): 	at com.example.mobiledigger.util.ResourceManager.extractDuration(ResourceManager.kt:101)
11-12 09:09:32.218 D/ResourceManager(19383): 	at com.example.mobiledigger.util.ResourceManager$extractDurationWithFallback$2.invokeSuspend(ResourceManager.kt:130)
11-12 09:09:32.218 D/ResourceManager(19383): 	at com.example.mobiledigger.util.ResourceManager$extractDurationWithFallback$2.invoke(Unknown Source:8)
11-12 09:09:32.218 D/ResourceManager(19383): 	at com.example.mobiledigger.util.ResourceManager$extractDurationWithFallback$2.invoke(Unknown Source:4)
11-12 09:09:32.218 D/ResourceManager(19383): 	at com.example.mobiledigger.util.ResourceManager.extractDurationWithFallback(ResourceManager.kt:111)
11-12 09:09:32.218 D/ResourceManager(19383): 	at com.example.mobiledigger.viewmodel.MusicViewModel.extractDuration(MusicViewModel.kt:1479)
11-12 09:09:32.218 D/ResourceManager(19383): 	at com.example.mobiledigger.viewmodel.MusicViewModel.access$extractDuration(MusicViewModel.kt:53)
11-12 09:09:32.223 D/MediaSessionService( 1884): onSessionPlaybackStateChanged: record=com.example.mobiledigger/MobileDigger/1113 (userId=0) playbackState=PlaybackState {state=PLAYING(3), position=0, buffered position=0, speed=1.0, updated=700631362, actions=895, custom actions=[], active item id=-1, error=null}
11-12 09:09:32.227 D/MusicService(19445): Extracting cover art from: file:///data/user/0/com.example.mobiledigger/cache/aiff_temp_6470953793447623748.aiff
11-12 09:09:32.242 D/MusicService(19445): Failed to extract cover art: setDataSource failed: status = 0x80000000
11-12 09:09:32.242 D/MusicService(19445): java.lang.RuntimeException: setDataSource failed: status = 0x80000000
11-12 09:09:32.242 D/MusicService(19445): 	at com.example.mobiledigger.audio.MusicService.extractCoverArt(MusicService.kt:828)
11-12 09:09:32.242 E/NuMediaExtractor(19383): initMediaExtractor: failed to create MediaExtractor
11-12 09:09:32.244 D/ResourceManager(19383): MediaExtractor setDataSource failed for URI: content://com.android.externalstorage.documents/tree/primary%3AResults%203/document/primary%3AResults%203%2FLiked%2FMain%20allin%2FGerardo%20Calles%20-%20La%20Plata%20(Original%20Mix).aif
11-12 09:09:32.244 D/ResourceManager(19383): java.io.IOException: Failed to instantiate extractor.
11-12 09:09:32.244 D/ResourceManager(19383): 	at android.media.MediaExtractor.nativeSetDataSource(Native Method)
11-12 09:09:32.244 D/ResourceManager(19383): 	at android.media.MediaExtractor.setDataSource(MediaExtractor.java:173)
11-12 09:09:32.244 D/ResourceManager(19383): 	at android.media.MediaExtractor.setDataSource(MediaExtractor.java:141)
11-12 09:09:32.244 D/ResourceManager(19383): 	at com.example.mobiledigger.util.ResourceManager$withMediaExtractor$2.invokeSuspend(ResourceManager.kt:79)
11-12 09:09:32.244 D/ResourceManager(19383): 	at com.example.mobiledigger.util.ResourceManager$withMediaExtractor$2.invoke(Unknown Source:8)
11-12 09:09:32.244 D/ResourceManager(19383): 	at com.example.mobiledigger.util.ResourceManager$withMediaExtractor$2.invoke(Unknown Source:4)
11-12 09:09:32.244 D/ResourceManager(19383): 	at com.example.mobiledigger.util.ResourceManager.withMediaExtractor(ResourceManager.kt:66)
11-12 09:09:32.244 D/ResourceManager(19383): 	at com.example.mobiledigger.util.ResourceManager$extractDurationWithFallback$2.invokeSuspend(ResourceManager.kt:135)
11-12 09:09:32.244 D/ResourceManager(19383): 	at com.example.mobiledigger.util.ResourceManager$extractDurationWithFallback$2.invoke(Unknown Source:8)
11-12 09:09:32.244 D/ResourceManager(19383): 	at com.example.mobiledigger.util.ResourceManager$extractDurationWithFallback$2.invoke(Unknown Source:4)
11-12 09:09:32.244 D/ResourceManager(19383): 	at com.example.mobiledigger.util.ResourceManager.extractDurationWithFallback(ResourceManager.kt:111)
11-12 09:09:32.244 D/ResourceManager(19383): 	at com.example.mobiledigger.viewmodel.MusicViewModel.extractDuration(MusicViewModel.kt:1479)
11-12 09:09:32.244 D/ResourceManager(19383): 	at com.example.mobiledigger.viewmodel.MusicViewModel.access$extractDuration(MusicViewModel.kt:53)
11-12 09:09:32.245 D/MusicViewModel(19383): 📁 LOAD_CURRENT_FILE() - extracted duration (IO): 282000ms
11-12 09:09:32.287 D/MusicViewModel(19383): Skipping preload (sizeMb=13, vlc=true, recentGc=false) for Dan Tanev & Claudia León - Haneeni (Original Mix).mp3
11-12 09:09:32.888 D/Debug   (19383): SpectrogramPopupDialog: Starting spectrogram generation for Gerardo Calles - La Plata (Original Mix).aif
11-12 09:09:32.889 D/AudioManager(19383): Generating new spectrogram for: Gerardo Calles - La Plata (Original Mix).aif
11-12 09:09:32.890 D/AudioManager(19383): Starting spectrogram generation for: Gerardo Calles - La Plata (Original Mix).aif at 1762931372890ms
11-12 09:09:32.891 D/AudioManager(19383): URI: content://com.android.externalstorage.documents/tree/primary%3AResults%203/document/primary%3AResults%203%2FLiked%2FMain%20allin%2FGerardo%20Calles%20-%20La%20Plata%20(Original%20Mix).aif
11-12 09:09:32.942 D/AudioManager(19383): Failed to extract duration
11-12 09:09:32.942 D/AudioManager(19383): java.lang.RuntimeException: setDataSource failed: status = 0x80000000
11-12 09:09:32.942 D/AudioManager(19383): 	at android.media.MediaMetadataRetriever._setDataSource(Native Method)
11-12 09:09:32.942 D/AudioManager(19383): 	at android.media.MediaMetadataRetriever.setDataSource(MediaMetadataRetriever.java:310)
11-12 09:09:32.942 D/AudioManager(19383): 	at android.media.MediaMetadataRetriever.setDataSource(MediaMetadataRetriever.java:334)
11-12 09:09:32.942 D/AudioManager(19383): 	at android.media.MediaMetadataRetriever.setDataSource(MediaMetadataRetriever.java:383)
11-12 09:09:32.942 D/AudioManager(19383): 	at com.example.mobiledigger.audio.AudioManager.extractAudioDataWithMemoryManagement(AudioManager.kt:2153)
11-12 09:09:32.942 D/AudioManager(19383): 	at com.example.mobiledigger.audio.AudioManager.generateSpectrogramInternal(AudioManager.kt:1933)
11-12 09:09:32.942 D/AudioManager(19383): 	at com.example.mobiledigger.audio.AudioManager.access$generateSpectrogramInternal(AudioManager.kt:57)
11-12 09:09:32.942 D/AudioManager(19383): 	at com.example.mobiledigger.audio.AudioManager$generateSpectrogram$spectrogram$1$1.invokeSuspend(AudioManager.kt:1579)
11-12 09:09:32.942 D/AudioManager(19383): 	at kotlin.coroutines.jvm.internal.BaseContinuationImpl.resumeWith(ContinuationImpl.kt:33)
11-12 09:09:32.942 D/AudioManager(19383): 	at kotlinx.coroutines.DispatchedTask.run(DispatchedTask.kt:108)
11-12 09:09:32.942 D/AudioManager(19383): 	at kotlinx.coroutines.internal.LimitedDispatcher$Worker.run(LimitedDispatcher.kt:115)
11-12 09:09:32.942 D/AudioManager(19383): 	at kotlinx.coroutines.scheduling.TaskImpl.run(Tasks.kt:103)
11-12 09:09:32.942 D/AudioManager(19383): 	at kotlinx.coroutines.scheduling.CoroutineScheduler.runSafely(CoroutineScheduler.kt:584)
11-12 09:09:32.942 D/AudioManager(19383): 	at kotlinx.coroutines.scheduling.CoroutineScheduler$Worker.executeTask(CoroutineScheduler.kt:793)
11-12 09:09:32.942 D/AudioManager(19383): 	at kotlinx.coroutines.scheduling.CoroutineScheduler$Worker.runWorker(CoroutineScheduler.kt:697)
11-12 09:09:32.942 D/AudioManager(19383): 	at kotlinx.coroutines.scheduling.CoroutineScheduler$Worker.run(CoroutineScheduler.kt:684)
11-12 09:09:32.971 W/Binder  (18730): Caught a RuntimeException from the binder stub implementation.
11-12 09:09:32.971 W/Binder  (18730): java.lang.UnsupportedOperationException
11-12 09:09:32.974 W/Binder  (18730): Caught a RuntimeException from the binder stub implementation.
11-12 09:09:32.974 W/Binder  (18730): java.lang.UnsupportedOperationException
11-12 09:09:33.003 W/Binder  (18730): Caught a RuntimeException from the binder stub implementation.
11-12 09:09:33.003 W/Binder  (18730): java.lang.UnsupportedOperationException
11-12 09:09:33.157 D/AudioManager(19383): FileStream extracted 3969024 samples
11-12 09:09:33.235 D/AudioManager(19383): Extracted 3969024 audio samples in 343ms
11-12 09:09:33.250 E/NuMediaExtractor(19383): initMediaExtractor: failed to create MediaExtractor
11-12 09:09:41.478 D/AudioManager(19383): Starting streaming spectrogram generation at 1762931381478ms
11-12 09:09:41.483 D/AudioManager(19383): Converted stereo to mono: 3969024 -> 1984512 samples
11-12 09:09:41.484 D/AudioManager(19383): Quality parameters: windowSize=4096, height=256, maxFreq=22000
11-12 09:09:41.484 D/AudioManager(19383): File size: ~3MB, limiting analysis to 30s for memory management
11-12 09:09:41.484 D/AudioManager(19383): Spectrogram dims: duration=45.00027s, cap=30s, targetWidth=150px, hop=13202, group=1, fftSize=4096
11-12 09:09:41.484 D/AudioManager(19383): Streaming spectrogram: 1984512 samples, targetWidth=150, actualWidth=150 (grouped), hop=13202, group=1
11-12 09:09:41.484 D/AudioManager(19383): Generating spectrogram: 1984512 mono samples, windowSize=4096, fftSize=4096, maxFreq=22000Hz
11-12 09:09:41.490 D/AudioManager(19383): Audio data range: min=-32767, max=32767
11-12 09:09:41.490 D/AudioManager(19383): Audio data first 10 samples: 1494, 0, 0, 0, 0, 0, 0, 0, 0, 0
11-12 09:09:41.511 D/AudioManager(19383): Audio data middle 10 samples: 3231, 863, 3457, 4177, -110, -4846, -5375, -1102, 2283, 2819
11-12 09:09:41.512 D/AudioManager(19383): Audio data last 10 samples: -16521, -17232, -17711, -17973, -17193, -15079, -12411, -10429, -9666, -9468
11-12 09:09:41.623 D/AudioManager(19383): First quarter range: min=-32767, max=32767
11-12 09:09:41.642 D/AudioManager(19383): Second quarter range: min=-32767, max=32767
11-12 09:09:41.675 D/AudioManager(19383): Third quarter range: min=-32767, max=32767
11-12 09:09:41.700 D/AudioManager(19383): Last quarter range: min=-32767, max=32767
11-12 09:09:41.826 D/AudioManager(19383): Dynamic range adjustment: 1.0 (first quarter max: 32767.0, overall max: 32767.0)
11-12 09:09:41.826 D/AudioManager(19383): Starting spectrogram generation with 1984512 samples, width=150, height=256
11-12 09:09:41.826 D/AudioManager(19383): Target width: 150, Max possible windows: 151, Using: 150 windows
11-12 09:09:41.826 D/AudioManager(19383): Quality: BALANCED, Frequency: EXTENDED, Resolution: 5px/s
11-12 09:09:41.826 D/AudioManager(19383): Calculated hop size: 13202, Window size: 4096, FFT size: 4096
11-12 09:09:41.827 D/AudioManager(19383): Analyzing 30 seconds (0.5 minutes) of audio data
11-12 09:09:42.112 D/AudioManager(19383): Generated spectrogram bitmap successfully, maxPower=2.7625921E14
11-12 09:09:42.112 D/AudioManager(19383): Spectrogram generation completed in 633ms (0.633s)
11-12 09:09:42.112 D/AudioManager(19383): Generated spectrogram bitmap successfully
11-12 09:09:42.112 D/AudioManager(19383): Total spectrogram generation time: 9222ms (9.222s)
11-12 09:09:42.112 D/AudioManager(19383): 📊 Cache eviction: Removing eldest spectrogram (2/1)
11-12 09:09:42.113 D/AudioManager(19383): Spectrogram generated and cached successfully
11-12 09:09:42.113 D/AudioManager(19383): ⚠️ SLOW spectrogram generation: 9224ms for Gerardo Calles - La Plata (Original Mix).aif
11-12 09:09:42.113 D/Debug   (19383): SpectrogramPopupDialog: Received bitmap: true
11-12 09:09:42.114 D/Debug   (19383): SpectrogramPopupDialog: Generation completed, isLoading = false
11-12 09:09:42.997 W/Binder  (18730): Caught a RuntimeException from the binder stub implementation.
11-12 09:09:42.997 W/Binder  (18730): java.lang.UnsupportedOperationException
11-12 09:09:43.001 W/Binder  (18730): Caught a RuntimeException from the binder stub implementation.
11-12 09:09:43.001 W/Binder  (18730): java.lang.UnsupportedOperationException
11-12 09:09:43.022 W/Binder  (18730): Caught a RuntimeException from the binder stub implementation.
11-12 09:09:43.022 W/Binder  (18730): java.lang.UnsupportedOperationException
11-12 09:09:52.999 W/Binder  (18730): Caught a RuntimeException from the binder stub implementation.
11-12 09:09:52.999 W/Binder  (18730): java.lang.UnsupportedOperationException
11-12 09:09:53.002 W/Binder  (18730): Caught a RuntimeException from the binder stub implementation.
11-12 09:09:53.002 W/Binder  (18730): java.lang.UnsupportedOperationException
11-12 09:09:53.045 W/Binder  (18730): Caught a RuntimeException from the binder stub implementation.
11-12 09:09:53.045 W/Binder  (18730): java.lang.UnsupportedOperationException
11-12 09:09:54.216 D/WaveformGenerator(19383): 📺 SharedWaveformDisplay - Received waveform: 256 samples
11-12 09:09:54.216 D/WaveformGenerator(19383): 📺 SharedWaveformDisplay - Min: 30, Max: 85, Avg: 73
11-12 09:09:54.217 D/WaveformGenerator(19383): 📺 SharedWaveformDisplay - First 10: 43, 70, 79, 74, 71, 68, 76, 85, 74, 55
11-12 09:09:54.252 D/FileManager(19383): Starting scanForMusicFiles with extensions: [mp3, wav, flac, aac, ogg, m4a, aif, aiff]
11-12 09:09:54.559 W/LogErrorOperation( 4275): onLogError callback failed.
11-12 09:09:54.562 W/LogErrorOperation( 4275): onLogError callback failed.
11-12 09:09:54.564 W/LogErrorOperation( 4275): onLogError callback failed.
11-12 09:09:54.567 W/LogErrorOperation( 4275): onLogError callback failed.
11-12 09:09:54.576 W/LogErrorOperation( 4275): onLogError callback failed.
11-12 09:09:54.608 W/LogErrorOperation( 4275): onLogError callback failed.
11-12 09:09:54.612 W/Binder  (14295): Caught a RuntimeException from the binder stub implementation.
11-12 09:09:54.612 W/Binder  (14295): java.lang.UnsupportedOperationException
11-12 09:09:54.616 W/Binder  (14295): Caught a RuntimeException from the binder stub implementation.
11-12 09:09:54.616 W/Binder  (14295): java.lang.UnsupportedOperationException
11-12 09:09:54.623 W/LogErrorOperation( 4275): onLogError callback failed.
11-12 09:09:54.632 W/LogErrorOperation( 4275): onLogError callback failed.
11-12 09:09:54.641 W/Binder  (14295): Caught a RuntimeException from the binder stub implementation.
11-12 09:09:54.641 W/Binder  (14295): java.lang.UnsupportedOperationException
11-12 09:09:54.648 W/Binder  (14295): Caught a RuntimeException from the binder stub implementation.
11-12 09:09:54.648 W/Binder  (14295): java.lang.UnsupportedOperationException
11-12 09:09:54.656 W/Binder  (14295): Caught a RuntimeException from the binder stub implementation.
11-12 09:09:54.656 W/Binder  (14295): java.lang.UnsupportedOperationException
11-12 09:09:54.662 W/Binder  (14295): Caught a RuntimeException from the binder stub implementation.
11-12 09:09:54.662 W/Binder  (14295): java.lang.UnsupportedOperationException
11-12 09:09:54.672 W/LogErrorOperation( 4275): onLogError callback failed.
11-12 09:09:54.679 W/Binder  (14295): Caught a RuntimeException from the binder stub implementation.
11-12 09:09:54.679 W/Binder  (14295): java.lang.UnsupportedOperationException
11-12 09:09:54.680 W/Binder  (14295): Caught a RuntimeException from the binder stub implementation.
11-12 09:09:54.680 W/Binder  (14295): java.lang.UnsupportedOperationException
11-12 09:09:55.663 W/Binder  (14295): Caught a RuntimeException from the binder stub implementation.
11-12 09:09:55.663 W/Binder  (14295): java.lang.UnsupportedOperationException
11-12 09:09:55.733 W/LogErrorOperation( 4275): onLogError callback failed.
11-12 09:09:55.846 W/Binder  (14295): Caught a RuntimeException from the binder stub implementation.
11-12 09:09:55.846 W/Binder  (14295): java.lang.UnsupportedOperationException
11-12 09:09:55.988 W/Binder  (14295): Caught a RuntimeException from the binder stub implementation.
11-12 09:09:55.988 W/Binder  (14295): java.lang.UnsupportedOperationException
11-12 09:09:55.994 W/Binder  (14295): Caught a RuntimeException from the binder stub implementation.
11-12 09:09:55.994 W/Binder  (14295): java.lang.UnsupportedOperationException
11-12 09:09:56.007 W/Binder  (14295): Caught a RuntimeException from the binder stub implementation.
11-12 09:09:56.007 W/Binder  (14295): java.lang.UnsupportedOperationException
11-12 09:09:56.008 W/Binder  (14295): Caught a RuntimeException from the binder stub implementation.
11-12 09:09:56.008 W/Binder  (14295): java.lang.UnsupportedOperationException
11-12 09:09:56.357 W/Binder  (14295): Caught a RuntimeException from the binder stub implementation.
11-12 09:09:56.357 W/Binder  (14295): java.lang.UnsupportedOperationException
11-12 09:09:56.541 D/MusicViewModel(19383): 📁 LOAD_CURRENT_FILE() - loading file: ENISA - PRETTY PLEASE Calvee Xtd. Remix.mp3
11-12 09:09:56.541 D/MusicViewModel(19383): 📁 LOAD_CURRENT_FILE() - updated current playing file to: ENISA - PRETTY PLEASE Calvee Xtd. Remix.mp3 (URI: content://com.android.externalstorage.documents/tree/primary%3ATrial%20now%2FMogo/document/primary%3ATrial%20now%2FMogo%2FNEW%202%4025%2F2025%20-%2060%2FCOMERCIAL%2FENISA%20-%20PRETTY%20PLEASE%20Calvee%20Xtd.%20Remix.mp3)
11-12 09:09:56.541 D/MusicViewModel(19383): 📁 LOAD_CURRENT_FILE() - preloaded next file: INNA X JUMANJI - CHEEKY HABIBI Disk Jokers Xtd. Mash Up.mp3
11-12 09:09:56.542 D/MusicViewModel(19383): 📁 LOAD_CURRENT_FILE() - calling audioManager.playFile() [IO]
