11-12 09:09:10.448 D/CCodecBufferChannel(19383): [c2.android.mp3.decoder#489] MediaCodec discarded an unknown buffer
11-12 09:09:10.448 D/CCodecBufferChannel(19383): [c2.android.mp3.decoder#489] MediaCodec discarded an unknown buffer
11-12 09:09:10.448 D/CCodecBufferChannel(19383): [c2.android.mp3.decoder#489] MediaCodec discarded an unknown buffer
11-12 09:09:10.462 D/MediaProvider( 4276): Open with FUSE. FilePath: /storage/emulated/0/Trial now/Mogo/NEW 2@25/2025 - 60/COMERCIAL/ENISA - PRETTY PLEASE Calvee Xtd. Remix.mp3. Uid: 10082. Media Capabilities Uid: 0. ShouldRedact: false. ShouldTranscode: false
11-12 09:09:10.463 D/MediaProvider( 4276): Open with FUSE. FilePath: /storage/emulated/0/Trial now/Mogo/NEW 2@25/2025 - 60/COMERCIAL/INNA X JUMANJI - CHEEKY HABIBI Disk Jokers Xtd. Mash Up.mp3. Uid: 10082. Media Capabilities Uid: 0. ShouldRedact: false. ShouldTranscode: false
11-12 09:09:10.471 D/MediaProvider( 4276): Open with FUSE. FilePath: /storage/emulated/0/Trial now/Mogo/NEW 2@25/2025 - 60/COMERCIAL/INNA X JUMANJI - CHEEKY HABIBI Disk Jokers Xtd. Mash Up.mp3. Uid: 10082. Media Capabilities Uid: 0. ShouldRedact: false. ShouldTranscode: false
11-12 09:09:10.472 D/MediaProvider( 4276): Open with FUSE. FilePath: /storage/emulated/0/Trial now/Mogo/NEW 2@25/2025 - 60/COMERCIAL/INNA X JUMANJI - CHEEKY HABIBI Disk Jokers Xtd. Mash Up.mp3. Uid: 10082. Media Capabilities Uid: 0. ShouldRedact: false. ShouldTranscode: false
11-12 09:09:10.472 D/MediaProvider( 4276): Open with FUSE. FilePath: /storage/emulated/0/Trial now/Mogo/NEW 2@25/2025 - 60/COMERCIAL/INNA X JUMANJI - CHEEKY HABIBI Disk Jokers Xtd. Mash Up.mp3. Uid: 10082. Media Capabilities Uid: 0. ShouldRedact: false. ShouldTranscode: false
11-12 09:09:10.474 D/MediaProvider( 4276): Open with FUSE. FilePath: /storage/emulated/0/Trial now/Mogo/NEW 2@25/2025 - 60/COMERCIAL/INNA X JUMANJI - CHEEKY HABIBI Disk Jokers Xtd. Mash Up.mp3. Uid: 10082. Media Capabilities Uid: 0. ShouldRedact: false. ShouldTranscode: false
11-12 09:09:10.474 D/MediaProvider( 4276): Open with FUSE. FilePath: /storage/emulated/0/Trial now/Mogo/NEW 2@25/2025 - 60/COMERCIAL/INNA X JUMANJI - CHEEKY HABIBI Disk Jokers Xtd. Mash Up.mp3. Uid: 10082. Media Capabilities Uid: 0. ShouldRedact: false. ShouldTranscode: false
11-12 09:09:10.490 D/CCodec  (19383): allocate(c2.android.mp3.decoder)
11-12 09:09:10.497 D/AudioManager(19383): Converting MP3: maxSamples=1323000, expectedSamples=1323000
11-12 09:09:10.499 D/CCodec  (19383): allocate(c2.android.mp3.decoder)
11-12 09:09:10.500 I/CCodec  (19383): Created component [c2.android.mp3.decoder] for [c2.android.mp3.decoder]
11-12 09:09:10.502 D/CCodec  (19383): allocate(c2.android.mp3.decoder)
11-12 09:09:10.502 D/CCodec  (19383): allocate(c2.android.mp3.decoder)
11-12 09:09:10.504 I/CCodec  (19383): Created component [c2.android.mp3.decoder] for [c2.android.mp3.decoder]
11-12 09:09:10.504 D/CCodec  (19383): allocate(c2.android.mp3.decoder)
11-12 09:09:10.507 I/CCodec  (19383): Created component [c2.android.mp3.decoder] for [c2.android.mp3.decoder]
11-12 09:09:10.509 I/CCodec  (19383): Created component [c2.android.mp3.decoder] for [c2.android.mp3.decoder]
11-12 09:09:10.511 I/CCodec  (19383): Created component [c2.android.mp3.decoder] for [c2.android.mp3.decoder]
11-12 09:09:10.514 D/CCodec  (19383): allocate(c2.android.mp3.decoder)
11-12 09:09:10.516 I/C2SoftMp3Dec( 1642): Reconfiguring decoder: 0->44100 Hz, 0->2 channels
11-12 09:09:10.517 D/CCodec  (19383): [c2.android.mp3.decoder] buffers are bound to CCodec for this session
11-12 09:09:10.517 D/CCodec  (19383): [c2.android.mp3.decoder] buffers are bound to CCodec for this session
11-12 09:09:10.521 I/CCodec  (19383): Created component [c2.android.mp3.decoder] for [c2.android.mp3.decoder]
11-12 09:09:10.522 D/AudioManager(19383): Decoder output format changed: {buffer-batch-max-output-size=0, buffer-batch-threshold-output-size=0, sample-rate=44100, mime=audio/raw, channel-count=2}
11-12 09:09:10.524 D/CCodec  (19383): [c2.android.mp3.decoder] buffers are bound to CCodec for this session
11-12 09:09:10.525 D/CCodec  (19383): [c2.android.mp3.decoder] buffers are bound to CCodec for this session
11-12 09:09:10.526 D/CCodecBufferChannel(19383): [c2.android.mp3.decoder#933] Created input block pool with allocatorID 16 => poolID 133 - OK (0)
11-12 09:09:10.528 D/CCodecBufferChannel(19383): [c2.android.mp3.decoder#521] Created input block pool with allocatorID 16 => poolID 134 - OK (0)
11-12 09:09:10.528 I/CCodecBufferChannel(19383): [c2.android.mp3.decoder#933] Created output block pool with allocatorID 16 => poolID 50998 - OK
11-12 09:09:10.528 D/CCodecBufferChannel(19383): [c2.android.mp3.decoder#933] Configured output block pool ids 50998 => OK
11-12 09:09:10.529 D/CCodecBufferChannel(19383): [c2.android.mp3.decoder#193] Created input block pool with allocatorID 16 => poolID 135 - OK (0)
11-12 09:09:10.529 D/CCodec  (19383): [c2.android.mp3.decoder] buffers are bound to CCodec for this session
11-12 09:09:10.530 D/CCodecBufferChannel(19383): [c2.android.mp3.decoder#498] Created input block pool with allocatorID 16 => poolID 136 - OK (0)
11-12 09:09:10.531 I/CCodecBufferChannel(19383): [c2.android.mp3.decoder#193] Created output block pool with allocatorID 16 => poolID 50999 - OK
11-12 09:09:10.531 D/CCodecBufferChannel(19383): [c2.android.mp3.decoder#193] Configured output block pool ids 50999 => OK
11-12 09:09:10.532 I/CCodecBufferChannel(19383): [c2.android.mp3.decoder#498] Created output block pool with allocatorID 16 => poolID 51001 - OK
11-12 09:09:10.532 D/CCodecBufferChannel(19383): [c2.android.mp3.decoder#498] Configured output block pool ids 51001 => OK
11-12 09:09:10.533 I/CCodecBufferChannel(19383): [c2.android.mp3.decoder#521] Created output block pool with allocatorID 16 => poolID 51000 - OK
11-12 09:09:10.533 D/CCodecBufferChannel(19383): [c2.android.mp3.decoder#50] Created input block pool with allocatorID 16 => poolID 137 - OK (0)
11-12 09:09:10.534 D/CCodecBufferChannel(19383): [c2.android.mp3.decoder#521] Configured output block pool ids 51000 => OK
11-12 09:09:10.536 D/CCodec  (19383): [c2.android.mp3.decoder] buffers are bound to CCodec for this session
11-12 09:09:10.537 I/CCodecBufferChannel(19383): [c2.android.mp3.decoder#50] Created output block pool with allocatorID 16 => poolID 51002 - OK
11-12 09:09:10.537 D/CCodecBufferChannel(19383): [c2.android.mp3.decoder#50] Configured output block pool ids 51002 => OK
11-12 09:09:10.540 D/CCodecBufferChannel(19383): [c2.android.mp3.decoder#543] Created input block pool with allocatorID 16 => poolID 138 - OK (0)
11-12 09:09:10.542 I/CCodecBufferChannel(19383): [c2.android.mp3.decoder#543] Created output block pool with allocatorID 16 => poolID 51003 - OK
11-12 09:09:10.542 D/CCodecBufferChannel(19383): [c2.android.mp3.decoder#543] Configured output block pool ids 51003 => OK
11-12 09:09:10.543 I/C2SoftMp3Dec( 1642): Reconfiguring decoder: 0->44100 Hz, 0->2 channels
11-12 09:09:10.546 D/MediaProvider( 4276): Open with FUSE. FilePath: /storage/emulated/0/Trial now/Mogo/NEW 2@25/2025 - 60/COMERCIAL/ENISA - PRETTY PLEASE Calvee Xtd. Remix.mp3. Uid: 10082. Media Capabilities Uid: 0. ShouldRedact: false. ShouldTranscode: false
11-12 09:09:10.547 I/C2SoftMp3Dec( 1642): Reconfiguring decoder: 0->44100 Hz, 0->2 channels
11-12 09:09:10.548 I/C2SoftMp3Dec( 1642): Reconfiguring decoder: 0->44100 Hz, 0->2 channels
11-12 09:09:10.554 I/C2SoftMp3Dec( 1642): Reconfiguring decoder: 0->44100 Hz, 0->2 channels
11-12 09:09:10.554 I/C2SoftMp3Dec( 1642): Reconfiguring decoder: 0->44100 Hz, 0->2 channels
11-12 09:09:10.559 I/C2SoftMp3Dec( 1642): Reconfiguring decoder: 0->44100 Hz, 0->2 channels
11-12 09:09:10.575 D/MediaProvider( 4276): Open with FUSE. FilePath: /storage/emulated/0/Trial now/Mogo/NEW 2@25/2025 - 60/COMERCIAL/ENISA - PRETTY PLEASE Calvee Xtd. Remix.mp3. Uid: 10082. Media Capabilities Uid: 0. ShouldRedact: false. ShouldTranscode: false
11-12 09:09:10.638 D/MediaProvider( 4276): Open with FUSE. FilePath: /storage/emulated/0/Trial now/Mogo/NEW 2@25/2025 - 60/COMERCIAL/ENISA - PRETTY PLEASE Calvee Xtd. Remix.mp3. Uid: 10082. Media Capabilities Uid: 0. ShouldRedact: false. ShouldTranscode: false
11-12 09:09:10.666 D/MediaProvider( 4276): Open with FUSE. FilePath: /storage/emulated/0/Trial now/Mogo/NEW 2@25/2025 - 60/COMERCIAL/ENISA - PRETTY PLEASE Calvee Xtd. Remix.mp3. Uid: 10082. Media Capabilities Uid: 0. ShouldRedact: false. ShouldTranscode: false
11-12 09:09:10.734 D/MediaProvider( 4276): Open with FUSE. FilePath: /storage/emulated/0/Trial now/Mogo/NEW 2@25/2025 - 60/COMERCIAL/ENISA - PRETTY PLEASE Calvee Xtd. Remix.mp3. Uid: 10082. Media Capabilities Uid: 0. ShouldRedact: false. ShouldTranscode: false
11-12 09:09:10.763 D/MediaProvider( 4276): Open with FUSE. FilePath: /storage/emulated/0/Trial now/Mogo/NEW 2@25/2025 - 60/COMERCIAL/ENISA - PRETTY PLEASE Calvee Xtd. Remix.mp3. Uid: 10082. Media Capabilities Uid: 0. ShouldRedact: false. ShouldTranscode: false
11-12 09:09:10.816 D/MediaProvider( 4276): Open with FUSE. FilePath: /storage/emulated/0/Trial now/Mogo/NEW 2@25/2025 - 60/COMERCIAL/ENISA - PRETTY PLEASE Calvee Xtd. Remix.mp3. Uid: 10082. Media Capabilities Uid: 0. ShouldRedact: false. ShouldTranscode: false
11-12 09:09:10.848 D/MediaProvider( 4276): Open with FUSE. FilePath: /storage/emulated/0/Trial now/Mogo/NEW 2@25/2025 - 60/COMERCIAL/ENISA - PRETTY PLEASE Calvee Xtd. Remix.mp3. Uid: 10082. Media Capabilities Uid: 0. ShouldRedact: false. ShouldTranscode: false
11-12 09:09:10.916 D/MediaProvider( 4276): Open with FUSE. FilePath: /storage/emulated/0/Trial now/Mogo/NEW 2@25/2025 - 60/COMERCIAL/ENISA - PRETTY PLEASE Calvee Xtd. Remix.mp3. Uid: 10082. Media Capabilities Uid: 0. ShouldRedact: false. ShouldTranscode: false
11-12 09:09:10.927 E/MP3Extractor( 1616): Unable to resync. Signalling end of stream.
11-12 09:09:10.931 D/CCodecBufferChannel(19383): [c2.android.mp3.decoder#193] MediaCodec discarded an unknown buffer
11-12 09:09:10.931 D/CCodecBufferChannel(19383): [c2.android.mp3.decoder#193] MediaCodec discarded an unknown buffer
11-12 09:09:10.931 D/CCodecBufferChannel(19383): [c2.android.mp3.decoder#193] MediaCodec discarded an unknown buffer
11-12 09:09:10.931 D/CCodecBufferChannel(19383): [c2.android.mp3.decoder#193] MediaCodec discarded an unknown buffer
11-12 09:09:10.931 D/CCodecBufferChannel(19383): [c2.android.mp3.decoder#193] MediaCodec discarded an unknown buffer
11-12 09:09:10.946 D/MediaProvider( 4276): Open with FUSE. FilePath: /storage/emulated/0/Trial now/Mogo/NEW 2@25/2025 - 60/COMERCIAL/ENISA - PRETTY PLEASE Calvee Xtd. Remix.mp3. Uid: 10082. Media Capabilities Uid: 0. ShouldRedact: false. ShouldTranscode: false
11-12 09:09:10.972 D/CCodecBufferChannel(19383): [c2.android.mp3.decoder#521] MediaCodec discarded an unknown buffer
11-12 09:09:10.972 D/CCodecBufferChannel(19383): [c2.android.mp3.decoder#933] MediaCodec discarded an unknown buffer
11-12 09:09:10.972 D/CCodecBufferChannel(19383): [c2.android.mp3.decoder#521] MediaCodec discarded an unknown buffer
11-12 09:09:10.972 D/CCodecBufferChannel(19383): [c2.android.mp3.decoder#933] MediaCodec discarded an unknown buffer
11-12 09:09:10.972 D/CCodecBufferChannel(19383): [c2.android.mp3.decoder#933] MediaCodec discarded an unknown buffer
11-12 09:09:10.972 D/CCodecBufferChannel(19383): [c2.android.mp3.decoder#933] MediaCodec discarded an unknown buffer
11-12 09:09:10.972 D/CCodecBufferChannel(19383): [c2.android.mp3.decoder#521] MediaCodec discarded an unknown buffer
11-12 09:09:10.972 D/CCodecBufferChannel(19383): [c2.android.mp3.decoder#933] MediaCodec discarded an unknown buffer
11-12 09:09:10.972 D/CCodecBufferChannel(19383): [c2.android.mp3.decoder#521] MediaCodec discarded an unknown buffer
11-12 09:09:10.972 D/CCodecBufferChannel(19383): [c2.android.mp3.decoder#521] MediaCodec discarded an unknown buffer
11-12 09:09:10.980 D/CCodecBufferChannel(19383): [c2.android.mp3.decoder#498] MediaCodec discarded an unknown buffer
11-12 09:09:10.980 D/CCodecBufferChannel(19383): [c2.android.mp3.decoder#498] MediaCodec discarded an unknown buffer
11-12 09:09:10.980 D/CCodecBufferChannel(19383): [c2.android.mp3.decoder#498] MediaCodec discarded an unknown buffer
11-12 09:09:10.980 D/CCodecBufferChannel(19383): [c2.android.mp3.decoder#498] MediaCodec discarded an unknown buffer
11-12 09:09:10.980 D/CCodecBufferChannel(19383): [c2.android.mp3.decoder#498] MediaCodec discarded an unknown buffer
11-12 09:09:10.981 D/CCodecBufferChannel(19383): [c2.android.mp3.decoder#50] MediaCodec discarded an unknown buffer
11-12 09:09:10.981 D/CCodecBufferChannel(19383): [c2.android.mp3.decoder#50] MediaCodec discarded an unknown buffer
11-12 09:09:10.981 D/CCodecBufferChannel(19383): [c2.android.mp3.decoder#50] MediaCodec discarded an unknown buffer
11-12 09:09:10.981 D/CCodecBufferChannel(19383): [c2.android.mp3.decoder#50] MediaCodec discarded an unknown buffer
11-12 09:09:10.981 D/CCodecBufferChannel(19383): [c2.android.mp3.decoder#50] MediaCodec discarded an unknown buffer
11-12 09:09:10.990 D/CCodecBufferChannel(19383): [c2.android.mp3.decoder#543] MediaCodec discarded an unknown buffer
11-12 09:09:10.990 D/CCodecBufferChannel(19383): [c2.android.mp3.decoder#543] MediaCodec discarded an unknown buffer
11-12 09:09:10.990 D/CCodecBufferChannel(19383): [c2.android.mp3.decoder#543] MediaCodec discarded an unknown buffer
11-12 09:09:10.990 D/CCodecBufferChannel(19383): [c2.android.mp3.decoder#543] MediaCodec discarded an unknown buffer
11-12 09:09:10.990 D/CCodecBufferChannel(19383): [c2.android.mp3.decoder#543] MediaCodec discarded an unknown buffer
11-12 09:09:10.993 D/WaveformGenerator(19383): ✅ Waveform generated: 256 samples
11-12 09:09:10.993 D/WaveformGenerator(19383): 📊 UI State - Min: 30, Max: 85, Avg: 66
11-12 09:09:10.994 D/WaveformGenerator(19383): 📊 UI State - First 10: 64, 71, 59, 38, 33, 36, 44, 63, 80, 77
11-12 09:09:11.003 D/MediaProvider( 4276): Open with FUSE. FilePath: /storage/emulated/0/Trial now/Mogo/NEW 2@25/2025 - 60/COMERCIAL/ENISA - PRETTY PLEASE Calvee Xtd. Remix.mp3. Uid: 10082. Media Capabilities Uid: 0. ShouldRedact: false. ShouldTranscode: false
11-12 09:09:11.025 D/MediaProvider( 4276): Open with FUSE. FilePath: /storage/emulated/0/Trial now/Mogo/NEW 2@25/2025 - 60/COMERCIAL/ENISA - PRETTY PLEASE Calvee Xtd. Remix.mp3. Uid: 10082. Media Capabilities Uid: 0. ShouldRedact: false. ShouldTranscode: false
11-12 09:09:11.068 D/WaveformGenerator(19383): 📊 UI State UPDATED - waveformData is now NOT NULL (256 samples)
11-12 09:09:11.085 D/MediaProvider( 4276): Open with FUSE. FilePath: /storage/emulated/0/Trial now/Mogo/NEW 2@25/2025 - 60/COMERCIAL/ENISA - PRETTY PLEASE Calvee Xtd. Remix.mp3. Uid: 10082. Media Capabilities Uid: 0. ShouldRedact: false. ShouldTranscode: false
11-12 09:09:11.113 D/MediaProvider( 4276): Open with FUSE. FilePath: /storage/emulated/0/Trial now/Mogo/NEW 2@25/2025 - 60/COMERCIAL/ENISA - PRETTY PLEASE Calvee Xtd. Remix.mp3. Uid: 10082. Media Capabilities Uid: 0. ShouldRedact: false. ShouldTranscode: false
11-12 09:09:11.168 D/WaveformGenerator(19383): 📺 SharedWaveformDisplay - Received waveform: 256 samples
11-12 09:09:11.168 D/WaveformGenerator(19383): 📺 SharedWaveformDisplay - Min: 30, Max: 85, Avg: 66
11-12 09:09:11.168 D/WaveformGenerator(19383): 📺 SharedWaveformDisplay - First 10: 64, 71, 59, 38, 33, 36, 44, 63, 80, 77
11-12 09:09:11.180 D/MediaProvider( 4276): Open with FUSE. FilePath: /storage/emulated/0/Trial now/Mogo/NEW 2@25/2025 - 60/COMERCIAL/ENISA - PRETTY PLEASE Calvee Xtd. Remix.mp3. Uid: 10082. Media Capabilities Uid: 0. ShouldRedact: false. ShouldTranscode: false
11-12 09:09:11.203 D/MediaProvider( 4276): Open with FUSE. FilePath: /storage/emulated/0/Trial now/Mogo/NEW 2@25/2025 - 60/COMERCIAL/ENISA - PRETTY PLEASE Calvee Xtd. Remix.mp3. Uid: 10082. Media Capabilities Uid: 0. ShouldRedact: false. ShouldTranscode: false
11-12 09:09:11.248 D/MediaProvider( 4276): Open with FUSE. FilePath: /storage/emulated/0/Trial now/Mogo/NEW 2@25/2025 - 60/COMERCIAL/ENISA - PRETTY PLEASE Calvee Xtd. Remix.mp3. Uid: 10082. Media Capabilities Uid: 0. ShouldRedact: false. ShouldTranscode: false
11-12 09:09:11.277 D/MediaProvider( 4276): Open with FUSE. FilePath: /storage/emulated/0/Trial now/Mogo/NEW 2@25/2025 - 60/COMERCIAL/ENISA - PRETTY PLEASE Calvee Xtd. Remix.mp3. Uid: 10082. Media Capabilities Uid: 0. ShouldRedact: false. ShouldTranscode: false
11-12 09:09:11.316 D/MediaProvider( 4276): Open with FUSE. FilePath: /storage/emulated/0/Trial now/Mogo/NEW 2@25/2025 - 60/COMERCIAL/ENISA - PRETTY PLEASE Calvee Xtd. Remix.mp3. Uid: 10082. Media Capabilities Uid: 0. ShouldRedact: false. ShouldTranscode: false
11-12 09:09:11.343 D/MediaProvider( 4276): Open with FUSE. FilePath: /storage/emulated/0/Trial now/Mogo/NEW 2@25/2025 - 60/COMERCIAL/ENISA - PRETTY PLEASE Calvee Xtd. Remix.mp3. Uid: 10082. Media Capabilities Uid: 0. ShouldRedact: false. ShouldTranscode: false
11-12 09:09:11.397 D/MediaProvider( 4276): Open with FUSE. FilePath: /storage/emulated/0/Trial now/Mogo/NEW 2@25/2025 - 60/COMERCIAL/ENISA - PRETTY PLEASE Calvee Xtd. Remix.mp3. Uid: 10082. Media Capabilities Uid: 0. ShouldRedact: false. ShouldTranscode: false
11-12 09:09:11.422 D/MediaProvider( 4276): Open with FUSE. FilePath: /storage/emulated/0/Trial now/Mogo/NEW 2@25/2025 - 60/COMERCIAL/ENISA - PRETTY PLEASE Calvee Xtd. Remix.mp3. Uid: 10082. Media Capabilities Uid: 0. ShouldRedact: false. ShouldTranscode: false
11-12 09:09:11.448 D/AudioManager(19383): Decoded 1323000 audio samples from MP3
11-12 09:09:11.473 D/MediaProvider( 4276): Open with FUSE. FilePath: /storage/emulated/0/Trial now/Mogo/NEW 2@25/2025 - 60/COMERCIAL/ENISA - PRETTY PLEASE Calvee Xtd. Remix.mp3. Uid: 10082. Media Capabilities Uid: 0. ShouldRedact: false. ShouldTranscode: false
11-12 09:09:11.494 D/MediaProvider( 4276): Open with FUSE. FilePath: /storage/emulated/0/Trial now/Mogo/NEW 2@25/2025 - 60/COMERCIAL/ENISA - PRETTY PLEASE Calvee Xtd. Remix.mp3. Uid: 10082. Media Capabilities Uid: 0. ShouldRedact: false. ShouldTranscode: false
11-12 09:09:17.133 D/AudioManager(19383): Created temporary WAV file: /data/user/0/com.example.mobiledigger/cache/temp_spectrogram_1762931350372.wav, size: 2646044 bytes
11-12 09:09:17.134 D/CCodecBufferChannel(19383): [c2.android.mp3.decoder#257] MediaCodec discarded an unknown buffer
11-12 09:09:17.134 D/CCodecBufferChannel(19383): [c2.android.mp3.decoder#257] MediaCodec discarded an unknown buffer
11-12 09:09:17.134 D/CCodecBufferChannel(19383): [c2.android.mp3.decoder#257] MediaCodec discarded an unknown buffer
11-12 09:09:17.134 D/CCodecBufferChannel(19383): [c2.android.mp3.decoder#257] MediaCodec discarded an unknown buffer
11-12 09:09:17.134 D/CCodecBufferChannel(19383): [c2.android.mp3.decoder#257] MediaCodec discarded an unknown buffer
11-12 09:09:17.134 D/CCodecBufferChannel(19383): [c2.android.mp3.decoder#257] MediaCodec discarded an unknown buffer
11-12 09:09:17.134 D/CCodecBufferChannel(19383): [c2.android.mp3.decoder#257] MediaCodec discarded an unknown buffer
11-12 09:09:17.136 D/AudioManager(19383): ⚠️ SLOW MP3 conversion: 6765ms for ENISA - PRETTY PLEASE Calvee Xtd. Remix.mp3
11-12 09:09:17.137 D/AudioManager(19383): Starting spectrogram generation for: temp_spectrogram_1762931350372.wav at 1762931357137ms
11-12 09:09:17.137 D/AudioManager(19383): URI: content://com.example.mobiledigger.fileprovider/temp_files/temp_spectrogram_1762931350372.wav
11-12 09:09:17.155 D/MediaProvider( 4276): Open with FUSE. FilePath: /storage/emulated/0/Trial now/Mogo/NEW 2@25/2025 - 60/COMERCIAL/ENISA - PRETTY PLEASE Calvee Xtd. Remix.mp3. Uid: 10082. Media Capabilities Uid: 0. ShouldRedact: false. ShouldTranscode: false
11-12 09:09:17.167 D/AudioManager(19383): MediaExtractor: mimeType=audio/raw, sampleRate=44100, channels=2, format=2
11-12 09:09:17.180 D/MediaProvider( 4276): Open with FUSE. FilePath: /storage/emulated/0/Trial now/Mogo/NEW 2@25/2025 - 60/COMERCIAL/ENISA - PRETTY PLEASE Calvee Xtd. Remix.mp3. Uid: 10082. Media Capabilities Uid: 0. ShouldRedact: false. ShouldTranscode: false
11-12 09:09:17.264 D/AudioManager(19383): MediaExtractor: No more samples available at iteration 80
11-12 09:09:17.265 D/AudioManager(19383): MediaExtractor extracted 1323000 samples in 105ms
11-12 09:09:17.299 D/AudioManager(19383): Extracted 1323000 audio samples in 161ms
11-12 09:09:17.319 D/MediaProvider( 4276): Open with FUSE. FilePath: /storage/emulated/0/Trial now/Mogo/NEW 2@25/2025 - 60/COMERCIAL/ENISA - PRETTY PLEASE Calvee Xtd. Remix.mp3. Uid: 10082. Media Capabilities Uid: 0. ShouldRedact: false. ShouldTranscode: false
11-12 09:09:17.344 D/MediaProvider( 4276): Open with FUSE. FilePath: /storage/emulated/0/Trial now/Mogo/NEW 2@25/2025 - 60/COMERCIAL/ENISA - PRETTY PLEASE Calvee Xtd. Remix.mp3. Uid: 10082. Media Capabilities Uid: 0. ShouldRedact: false. ShouldTranscode: false
11-12 09:09:20.019 D/AudioManager(19383): Starting streaming spectrogram generation at 1762931360019ms
11-12 09:09:20.021 D/AudioManager(19383): Converted stereo to mono: 1323000 -> 661500 samples
11-12 09:09:20.021 D/AudioManager(19383): Quality parameters: windowSize=4096, height=256, maxFreq=22000
11-12 09:09:20.021 D/AudioManager(19383): File size: ~1MB, limiting analysis to 30s for memory management
11-12 09:09:20.021 D/AudioManager(19383): Spectrogram dims: duration=15.0s, cap=30s, targetWidth=150px, hop=1095, group=4, fftSize=4096
11-12 09:09:20.022 D/AudioManager(19383): Streaming spectrogram: 661500 samples, targetWidth=150, actualWidth=150 (grouped), hop=1095, group=4
11-12 09:09:20.022 D/AudioManager(19383): Generating spectrogram: 661500 mono samples, windowSize=4096, fftSize=4096, maxFreq=22000Hz
11-12 09:09:20.025 D/AudioManager(19383): Audio data range: min=-32074, max=31432
11-12 09:09:20.025 D/AudioManager(19383): Audio data first 10 samples: 120, 123, 89, -44, -2, 40, -18, -18, -95, -95
11-12 09:09:20.031 D/AudioManager(19383): Audio data middle 10 samples: -35, -14, 1, 5, 7, 24, 56, 88, 102, 100
11-12 09:09:20.031 D/AudioManager(19383): Audio data last 10 samples: 809, 451, 155, -313, -995, -1396, -1245, -742, -166, 371
11-12 09:09:20.032 D/MediaProvider( 4276): Open with FUSE. FilePath: /storage/emulated/0/Trial now/Mogo/NEW 2@25/2025 - 60/COMERCIAL/ENISA - PRETTY PLEASE Calvee Xtd. Remix.mp3. Uid: 10082. Media Capabilities Uid: 0. ShouldRedact: false. ShouldTranscode: false
11-12 09:09:20.061 D/MediaProvider( 4276): Open with FUSE. FilePath: /storage/emulated/0/Trial now/Mogo/NEW 2@25/2025 - 60/COMERCIAL/ENISA - PRETTY PLEASE Calvee Xtd. Remix.mp3. Uid: 10082. Media Capabilities Uid: 0. ShouldRedact: false. ShouldTranscode: false
11-12 09:09:20.062 D/AudioManager(19383): First quarter range: min=-32074, max=30059
11-12 09:09:20.067 D/AudioManager(19383): Second quarter range: min=-31823, max=30692
11-12 09:09:20.072 D/AudioManager(19383): Third quarter range: min=-31484, max=31432
11-12 09:09:20.078 D/AudioManager(19383): Last quarter range: min=-32066, max=30558
11-12 09:09:20.129 D/AudioManager(19383): Dynamic range adjustment: 1.0 (first quarter max: 32074.0, overall max: 32074.0)
11-12 09:09:20.129 D/AudioManager(19383): Starting spectrogram generation with 661500 samples, width=150, height=256
11-12 09:09:20.129 D/AudioManager(19383): Target width: 150, Max possible windows: 601, Using: 150 windows
11-12 09:09:20.129 D/AudioManager(19383): Quality: BALANCED, Frequency: EXTENDED, Resolution: 5px/s
11-12 09:09:20.129 D/AudioManager(19383): Calculated hop size: 1095, Window size: 4096, FFT size: 4096
11-12 09:09:20.129 D/AudioManager(19383): Analyzing 30 seconds (0.5 minutes) of audio data
11-12 09:09:21.264 D/AudioManager(19383): Generated spectrogram bitmap successfully, maxPower=2.4177628E14
11-12 09:09:21.265 D/AudioManager(19383): Spectrogram generation completed in 1245ms (1.245s)
11-12 09:09:21.265 D/AudioManager(19383): Generated spectrogram bitmap successfully
11-12 09:09:21.265 D/AudioManager(19383): Total spectrogram generation time: 4128ms (4.128s)
11-12 09:09:21.270 D/AudioManager(19383): Successfully deleted temporary WAV file: /data/user/0/com.example.mobiledigger/cache/temp_spectrogram_1762931350372.wav
11-12 09:09:21.271 D/AudioManager(19383): Spectrogram generated and cached successfully
11-12 09:09:21.272 D/AudioManager(19383): ⚠️ SLOW spectrogram generation: 10900ms for ENISA - PRETTY PLEASE Calvee Xtd. Remix.mp3
11-12 09:09:21.274 D/Debug   (19383): SpectrogramPopupDialog: Received bitmap: true
11-12 09:09:21.275 D/Debug   (19383): SpectrogramPopupDialog: Generation completed, isLoading = false
11-12 09:09:21.293 D/MediaProvider( 4276): Open with FUSE. FilePath: /storage/emulated/0/Trial now/Mogo/NEW 2@25/2025 - 60/COMERCIAL/ENISA - PRETTY PLEASE Calvee Xtd. Remix.mp3. Uid: 10082. Media Capabilities Uid: 0. ShouldRedact: false. ShouldTranscode: false
11-12 09:09:21.352 D/MediaProvider( 4276): Open with FUSE. FilePath: /storage/emulated/0/Trial now/Mogo/NEW 2@25/2025 - 60/COMERCIAL/ENISA - PRETTY PLEASE Calvee Xtd. Remix.mp3. Uid: 10082. Media Capabilities Uid: 0. ShouldRedact: false. ShouldTranscode: false
11-12 09:09:22.976 W/Binder  (18730): Caught a RuntimeException from the binder stub implementation.
11-12 09:09:22.976 W/Binder  (18730): java.lang.UnsupportedOperationException
11-12 09:09:22.985 W/Binder  (18730): Caught a RuntimeException from the binder stub implementation.
11-12 09:09:22.985 W/Binder  (18730): java.lang.UnsupportedOperationException
11-12 09:09:23.003 W/Binder  (18730): Caught a RuntimeException from the binder stub implementation.
11-12 09:09:23.003 W/Binder  (18730): java.lang.UnsupportedOperationException
11-12 09:09:24.170 D/FileManager(19383): Starting scanForMusicFiles with extensions: [mp3, wav, flac, aac, ogg, m4a, aif, aiff]
11-12 09:09:24.200 D/FileManager(19383): Starting scanForMusicFiles with extensions: [mp3, wav, flac, aac, ogg, m4a, aif, aiff]
11-12 09:09:24.209 D/FileManager(19383): Starting scanForMusicFiles with extensions: [mp3, wav, flac, aac, ogg, m4a, aif, aiff]
11-12 09:09:24.234 D/FileManager(19383): 📁 SAF: Found file in 'Main': DARUDE - SANDSTORM REMIXES Baur Xtd. Remix.mp3
11-12 09:09:24.235 D/FileManager(19383): 📁 SAF: Found file in 'Main': BURAK SIS - Tres Estrellas (Ninetoes Extended Remix).aiff
11-12 09:09:24.236 D/FileManager(19383): Starting scanForMusicFiles with extensions: [mp3, wav, flac, aac, ogg, m4a, aif, aiff]
11-12 09:09:24.269 D/WaveformGenerator(19383): 📺 SharedWaveformDisplay - Received waveform: 256 samples
11-12 09:09:24.269 D/WaveformGenerator(19383): 📺 SharedWaveformDisplay - Min: 30, Max: 85, Avg: 66
11-12 09:09:24.269 D/WaveformGenerator(19383): 📺 SharedWaveformDisplay - First 10: 64, 71, 59, 38, 33, 36, 44, 63, 80, 77
11-12 09:09:24.280 D/FileManager(19383): 📁 SAF: Found file in 'Balkan': MR. JUVE X RAVA - UH AH IN MAZDA Hoss Xtd. Edit MAJORAT.mp3
11-12 09:09:24.281 D/FileManager(19383): 📁 SAF: Found file in 'Balkan': AZA - TIGANCA FOC Dj Gun Xtd. Edit.mp3
11-12 09:09:24.282 D/FileManager(19383): Starting scanForMusicFiles with extensions: [mp3, wav, flac, aac, ogg, m4a, aif, aiff]
11-12 09:09:24.312 D/FileManager(19383): 📁 SAF: Found file in 'Events': WHIGFIELD - SATURDAY NIGHT Cesar Troncos Xtd. Edit.mp3
11-12 09:09:24.313 D/FileManager(19383): 📁 SAF: Found file in 'Events': Julio Iglesias - Megamix Italian Extended (1).mp3
11-12 09:09:24.315 D/FileManager(19383): Starting scanForMusicFiles with extensions: [mp3, wav, flac, aac, ogg, m4a, aif, aiff]
11-12 09:09:24.323 D/FileManager(19383): Starting scanForMusicFiles with extensions: [mp3, wav, flac, aac, ogg, m4a, aif, aiff]
11-12 09:09:24.331 D/FileManager(19383): Starting scanForMusicFiles with extensions: [mp3, wav, flac, aac, ogg, m4a, aif, aiff]
11-12 09:09:24.337 D/FileManager(19383): Starting scanForMusicFiles with extensions: [mp3, wav, flac, aac, ogg, m4a, aif, aiff]
11-12 09:09:24.344 D/FileManager(19383): Found AIFF file: Takkanit and TakiNouN - Initiate Criticism (Extended Mix).aiff
11-12 09:09:24.345 D/FileManager(19383): Starting scanForMusicFiles with extensions: [mp3, wav, flac, aac, ogg, m4a, aif, aiff]
11-12 09:09:24.358 D/FileManager(19383): Found AIFF file: St. Germain - Rose Rouge (Chris Stussy Edit) [Unreleased].aiff
11-12 09:09:24.360 D/FileManager(19383): Starting scanForMusicFiles with extensions: [mp3, wav, flac, aac, ogg, m4a, aif, aiff]
11-12 09:09:24.371 D/FileManager(19383): Found AIFF file: Sonata Collective - Down To The Sound (Extended Mix) [Sola].aiff
11-12 09:09:24.373 D/FileManager(19383): Starting scanForMusicFiles with extensions: [mp3, wav, flac, aac, ogg, m4a, aif, aiff]
11-12 09:09:24.388 D/FileManager(19383): Found AIFF file: Havoc & Lawn - From L to R  [Short Ciruit].aiff
11-12 09:09:24.389 D/FileManager(19383): Starting scanForMusicFiles with extensions: [mp3, wav, flac, aac, ogg, m4a, aif, aiff]
11-12 09:09:24.396 D/FileManager(19383): Found AIFF file: The Angels - Ardo (Extended Mix).aif
11-12 09:09:24.396 D/FileManager(19383): Starting scanForMusicFiles with extensions: [mp3, wav, flac, aac, ogg, m4a, aif, aiff]
11-12 09:09:24.413 D/FileManager(19383): Found AIFF file: DARCO 09 - Baziman (Original Mix) [Descending Order].aiff
11-12 09:09:24.414 D/FileManager(19383): 📁 SAF: Found file in 'Main allin': Hanan - Enhak (Ozan Akçiçek & Catwork Afro Remix Extended).mp3
11-12 09:09:24.457 D/FileManager(19383): Starting scanForMusicFiles with extensions: [mp3, wav, flac, aac, ogg, m4a, aif, aiff]
11-12 09:09:24.494 D/FileManager(19383): Starting scanForMusicFiles with extensions: [mp3, wav, flac, aac, ogg, m4a, aif, aiff]
11-12 09:09:24.579 D/MusicViewModel(19383):   ✅ File with subfolder: RICCHI E POVERI - SARA PERCHE TI AMO Danny The Menace Xtd. Remix.mp3 -> Main
11-12 09:09:24.592 D/FileManager(19383): Starting scanForMusicFiles with extensions: [mp3, wav, flac, aac, ogg, m4a, aif, aiff]
11-12 09:09:24.702 D/MusicViewModel(19383):   ✅ File with subfolder: ALEX VELEA X CONNECT R. X SMILEY - ASA CEVA Fred Spinner Xtd. Edit.mp3 -> Balkan
11-12 09:09:24.702 D/MusicViewModel(19383):   ✅ File with subfolder: COSTEL BIJU X MIRAJ X SUSANU X TZANCA URAGANU - SA LIPIT K LIPITOAREA Eden Xtd. Edit.mp3 -> Balkan
11-12 09:09:24.713 D/FileManager(19383): Starting scanForMusicFiles with extensions: [mp3, wav, flac, aac, ogg, m4a, aif, aiff]
11-12 09:09:24.830 D/MusicViewModel(19383):   ✅ File with subfolder: DOECHII - ANXIETY Mike D, Xtd. Remix.mp3 -> Events
11-12 09:09:24.831 D/MusicViewModel(19383):   ✅ File with subfolder: RARES - CEL MAI FERICIT DE PE PAMANT Alpha Xtd. Remix.mp3 -> Events
11-12 09:09:24.839 D/FileManager(19383): Starting scanForMusicFiles with extensions: [mp3, wav, flac, aac, ogg, m4a, aif, aiff]
11-12 09:09:24.863 D/MusicViewModel(19383):   ✅ File with subfolder: PAUL STANGA - HORA TIGANEASCA INTRUMENTALA.mp3 -> Folclor
11-12 09:09:24.863 D/MusicViewModel(19383):   ✅ File with subfolder: DENIS RAMNICEANU - CUM DA MANDRA DIN SALE Maia Dan Xtd. Redrum.mp3 -> Folclor
11-12 09:09:24.891 D/FileManager(19383): Starting scanForMusicFiles with extensions: [mp3, wav, flac, aac, ogg, m4a, aif, aiff]
11-12 09:09:24.930 D/FileManager(19383): Starting scanForMusicFiles with extensions: [mp3, wav, flac, aac, ogg, m4a, aif, aiff]
11-12 09:09:24.969 D/FileManager(19383): Starting scanForMusicFiles with extensions: [mp3, wav, flac, aac, ogg, m4a, aif, aiff]
11-12 09:09:24.975 D/FileManager(19383): Found AIFF file: Takkanit and TakiNouN - Initiate Criticism (Extended Mix).aiff
11-12 09:09:24.985 D/MusicViewModel(19383):   ✅ File with subfolder: Takkanit and TakiNouN - Initiate Criticism (Extended Mix).aiff -> FourTet
11-12 09:09:24.985 D/MusicViewModel(19383):   ✅ File with subfolder: Takkanit and TakiNouN - For The People (Extended Mix).aiff -> FourTet
11-12 09:09:24.996 D/FileManager(19383): Starting scanForMusicFiles with extensions: [mp3, wav, flac, aac, ogg, m4a, aif, aiff]
11-12 09:09:25.009 D/FileManager(19383): Found AIFF file: St. Germain - Rose Rouge (Chris Stussy Edit) [Unreleased].aiff
11-12 09:09:25.036 D/MusicViewModel(19383):   ✅ File with subfolder: St. Germain - Rose Rouge (Chris Stussy Edit) [Unreleased].aiff -> Warm Fitil
11-12 09:09:25.046 D/FileManager(19383): Starting scanForMusicFiles with extensions: [mp3, wav, flac, aac, ogg, m4a, aif, aiff]
11-12 09:09:25.053 D/FileManager(19383): Found AIFF file: Sonata Collective - Down To The Sound (Extended Mix) [Sola].aiff
11-12 09:09:25.059 D/MusicViewModel(19383):   ✅ File with subfolder: Sonata Collective - Down To The Sound (Extended Mix) [Sola].aiff -> HotSince 82
11-12 09:09:25.077 D/FileManager(19383): Starting scanForMusicFiles with extensions: [mp3, wav, flac, aac, ogg, m4a, aif, aiff]
11-12 09:09:25.089 D/FileManager(19383): Found AIFF file: Havoc & Lawn - From L to R  [Short Ciruit].aiff
11-12 09:09:25.119 D/MusicViewModel(19383):   ✅ File with subfolder: Havoc & Lawn - From L to R  [Short Ciruit].aiff -> Main Fitil
11-12 09:09:25.135 D/FileManager(19383): Starting scanForMusicFiles with extensions: [mp3, wav, flac, aac, ogg, m4a, aif, aiff]
11-12 09:09:25.142 D/FileManager(19383): Found AIFF file: The Angels - Ardo (Extended Mix).aif
11-12 09:09:25.154 D/MusicViewModel(19383):   ✅ File with subfolder: Vanco - Isaka (6am) [MIZAK 'Hey Hey' Edit].wav -> Warm allin
11-12 09:09:25.166 D/FileManager(19383): Starting scanForMusicFiles with extensions: [mp3, wav, flac, aac, ogg, m4a, aif, aiff]
11-12 09:09:25.183 D/FileManager(19383): Found AIFF file: DARCO 09 - Baziman (Original Mix) [Descending Order].aiff
11-12 09:09:25.236 D/MusicViewModel(19383):   ✅ File with subfolder: DARCO 09 - Baziman (Original Mix) [Descending Order].aiff -> Main allin
11-12 09:09:25.236 D/MusicViewModel(19383):   ✅ File with subfolder: Fred again.., CA7RIEL & Paco Amoroso - Beto's Horns (fred remix).aiff -> Main allin
11-12 09:09:25.264 D/FileManager(19383): Starting scanForMusicFiles with extensions: [mp3, wav, flac, aac, ogg, m4a, aif, aiff]
11-12 09:09:25.289 D/FileManager(19383): Starting scanForMusicFiles with extensions: [mp3, wav, flac, aac, ogg, m4a, aif, aiff]
11-12 09:09:25.295 D/FileManager(19383): Starting scanForMusicFiles with extensions: [mp3, wav, flac, aac, ogg, m4a, aif, aiff]
11-12 09:09:25.315 D/FileManager(19383): 📁 SAF: Found file in 'Main': DARUDE - SANDSTORM REMIXES Baur Xtd. Remix.mp3
11-12 09:09:25.316 D/FileManager(19383): 📁 SAF: Found file in 'Main': BURAK SIS - Tres Estrellas (Ninetoes Extended Remix).aiff
11-12 09:09:25.316 D/FileManager(19383): Starting scanForMusicFiles with extensions: [mp3, wav, flac, aac, ogg, m4a, aif, aiff]
11-12 09:09:25.344 D/FileManager(19383): 📁 SAF: Found file in 'Balkan': MR. JUVE X RAVA - UH AH IN MAZDA Hoss Xtd. Edit MAJORAT.mp3
11-12 09:09:25.345 D/FileManager(19383): 📁 SAF: Found file in 'Balkan': AZA - TIGANCA FOC Dj Gun Xtd. Edit.mp3
11-12 09:09:25.346 D/FileManager(19383): Starting scanForMusicFiles with extensions: [mp3, wav, flac, aac, ogg, m4a, aif, aiff]
11-12 09:09:25.374 D/FileManager(19383): 📁 SAF: Found file in 'Events': WHIGFIELD - SATURDAY NIGHT Cesar Troncos Xtd. Edit.mp3
11-12 09:09:25.375 D/FileManager(19383): 📁 SAF: Found file in 'Events': Julio Iglesias - Megamix Italian Extended (1).mp3
11-12 09:09:25.376 D/FileManager(19383): Starting scanForMusicFiles with extensions: [mp3, wav, flac, aac, ogg, m4a, aif, aiff]
11-12 09:09:25.383 D/FileManager(19383): Starting scanForMusicFiles with extensions: [mp3, wav, flac, aac, ogg, m4a, aif, aiff]
11-12 09:09:25.391 D/FileManager(19383): Starting scanForMusicFiles with extensions: [mp3, wav, flac, aac, ogg, m4a, aif, aiff]
11-12 09:09:25.396 D/FileManager(19383): Starting scanForMusicFiles with extensions: [mp3, wav, flac, aac, ogg, m4a, aif, aiff]
11-12 09:09:25.402 D/FileManager(19383): Found AIFF file: Takkanit and TakiNouN - Initiate Criticism (Extended Mix).aiff
11-12 09:09:25.403 D/FileManager(19383): Starting scanForMusicFiles with extensions: [mp3, wav, flac, aac, ogg, m4a, aif, aiff]
11-12 09:09:25.416 D/FileManager(19383): Found AIFF file: St. Germain - Rose Rouge (Chris Stussy Edit) [Unreleased].aiff
11-12 09:09:25.418 D/FileManager(19383): Starting scanForMusicFiles with extensions: [mp3, wav, flac, aac, ogg, m4a, aif, aiff]
11-12 09:09:25.424 D/FileManager(19383): Found AIFF file: Sonata Collective - Down To The Sound (Extended Mix) [Sola].aiff
11-12 09:09:25.426 D/FileManager(19383): Starting scanForMusicFiles with extensions: [mp3, wav, flac, aac, ogg, m4a, aif, aiff]
11-12 09:09:25.439 D/FileManager(19383): Found AIFF file: Havoc & Lawn - From L to R  [Short Ciruit].aiff
11-12 09:09:25.440 D/FileManager(19383): Starting scanForMusicFiles with extensions: [mp3, wav, flac, aac, ogg, m4a, aif, aiff]
11-12 09:09:25.447 D/FileManager(19383): Found AIFF file: The Angels - Ardo (Extended Mix).aif
11-12 09:09:25.448 D/FileManager(19383): Starting scanForMusicFiles with extensions: [mp3, wav, flac, aac, ogg, m4a, aif, aiff]
11-12 09:09:25.468 D/FileManager(19383): Found AIFF file: DARCO 09 - Baziman (Original Mix) [Descending Order].aiff
11-12 09:09:25.469 D/FileManager(19383): 📁 SAF: Found file in 'Main allin': Hanan - Enhak (Ozan Akçiçek & Catwork Afro Remix Extended).mp3
11-12 09:09:25.514 D/FileManager(19383): Starting scanForMusicFiles with extensions: [mp3, wav, flac, aac, ogg, m4a, aif, aiff]
11-12 09:09:25.540 D/FileManager(19383): Starting scanForMusicFiles with extensions: [mp3, wav, flac, aac, ogg, m4a, aif, aiff]
11-12 09:09:25.640 D/MusicViewModel(19383):   ✅ File with subfolder: RICCHI E POVERI - SARA PERCHE TI AMO Danny The Menace Xtd. Remix.mp3 -> Main
11-12 09:09:25.653 D/FileManager(19383): Starting scanForMusicFiles with extensions: [mp3, wav, flac, aac, ogg, m4a, aif, aiff]
11-12 09:09:25.792 D/MusicViewModel(19383):   ✅ File with subfolder: ALEX VELEA X CONNECT R. X SMILEY - ASA CEVA Fred Spinner Xtd. Edit.mp3 -> Balkan
11-12 09:09:25.792 D/MusicViewModel(19383):   ✅ File with subfolder: COSTEL BIJU X MIRAJ X SUSANU X TZANCA URAGANU - SA LIPIT K LIPITOAREA Eden Xtd. Edit.mp3 -> Balkan
11-12 09:09:25.805 D/FileManager(19383): Starting scanForMusicFiles with extensions: [mp3, wav, flac, aac, ogg, m4a, aif, aiff]
11-12 09:09:25.998 D/MusicViewModel(19383):   ✅ File with subfolder: DOECHII - ANXIETY Mike D, Xtd. Remix.mp3 -> Events
11-12 09:09:26.000 D/MusicViewModel(19383):   ✅ File with subfolder: RARES - CEL MAI FERICIT DE PE PAMANT Alpha Xtd. Remix.mp3 -> Events
11-12 09:09:26.013 D/FileManager(19383): Starting scanForMusicFiles with extensions: [mp3, wav, flac, aac, ogg, m4a, aif, aiff]
11-12 09:09:26.039 D/MusicViewModel(19383):   ✅ File with subfolder: PAUL STANGA - HORA TIGANEASCA INTRUMENTALA.mp3 -> Folclor
11-12 09:09:26.039 D/MusicViewModel(19383):   ✅ File with subfolder: DENIS RAMNICEANU - CUM DA MANDRA DIN SALE Maia Dan Xtd. Redrum.mp3 -> Folclor
11-12 09:09:26.081 D/FileManager(19383): Starting scanForMusicFiles with extensions: [mp3, wav, flac, aac, ogg, m4a, aif, aiff]
11-12 09:09:26.151 D/FileManager(19383): Starting scanForMusicFiles with extensions: [mp3, wav, flac, aac, ogg, m4a, aif, aiff]
11-12 09:09:26.232 D/FileManager(19383): Starting scanForMusicFiles with extensions: [mp3, wav, flac, aac, ogg, m4a, aif, aiff]
11-12 09:09:26.247 D/FileManager(19383): Found AIFF file: Takkanit and TakiNouN - Initiate Criticism (Extended Mix).aiff
11-12 09:09:26.268 D/MusicViewModel(19383):   ✅ File with subfolder: Takkanit and TakiNouN - Initiate Criticism (Extended Mix).aiff -> FourTet
11-12 09:09:26.269 D/MusicViewModel(19383):   ✅ File with subfolder: Takkanit and TakiNouN - For The People (Extended Mix).aiff -> FourTet
11-12 09:09:26.288 D/FileManager(19383): Starting scanForMusicFiles with extensions: [mp3, wav, flac, aac, ogg, m4a, aif, aiff]
11-12 09:09:26.300 D/FileManager(19383): Found AIFF file: St. Germain - Rose Rouge (Chris Stussy Edit) [Unreleased].aiff
11-12 09:09:26.334 D/MusicViewModel(19383):   ✅ File with subfolder: St. Germain - Rose Rouge (Chris Stussy Edit) [Unreleased].aiff -> Warm Fitil
11-12 09:09:26.349 D/FileManager(19383): Starting scanForMusicFiles with extensions: [mp3, wav, flac, aac, ogg, m4a, aif, aiff]
11-12 09:09:26.357 D/FileManager(19383): Found AIFF file: Sonata Collective - Down To The Sound (Extended Mix) [Sola].aiff
11-12 09:09:26.362 I/BluetoothQualityReportNativeInterface(14050):     mTxTotalPackets: 0, mTxUnackPackets: 0, mTxFlushPackets: 0, mTxLastSubeventPackets: 0, mCrcErrorPackets: 0, mRxDupPackets: 0, mRxUnRecvPackets: 0, mCoexInfoMask: 0
11-12 09:09:26.370 D/MusicViewModel(19383):   ✅ File with subfolder: Sonata Collective - Down To The Sound (Extended Mix) [Sola].aiff -> HotSince 82
11-12 09:09:26.370 W/Binder  (18730): Caught a RuntimeException from the binder stub implementation.
11-12 09:09:26.370 W/Binder  (18730): java.lang.UnsupportedOperationException
11-12 09:09:26.380 W/Binder  (18730): Caught a RuntimeException from the binder stub implementation.
11-12 09:09:26.380 W/Binder  (18730): java.lang.UnsupportedOperationException
11-12 09:09:26.382 W/Binder  (18730): Caught a RuntimeException from the binder stub implementation.
11-12 09:09:26.382 W/Binder  (18730): java.lang.UnsupportedOperationException
11-12 09:09:26.384 W/Binder  (18730): Caught a RuntimeException from the binder stub implementation.
11-12 09:09:26.384 W/Binder  (18730): java.lang.UnsupportedOperationException
11-12 09:09:26.387 W/Binder  (18730): Caught a RuntimeException from the binder stub implementation.
11-12 09:09:26.387 W/Binder  (18730): java.lang.UnsupportedOperationException
11-12 09:09:26.389 W/Binder  (18730): Caught a RuntimeException from the binder stub implementation.
11-12 09:09:26.389 W/Binder  (18730): java.lang.UnsupportedOperationException
11-12 09:09:26.389 W/Binder  (18730): Caught a RuntimeException from the binder stub implementation.
11-12 09:09:26.389 W/Binder  (18730): java.lang.UnsupportedOperationException
11-12 09:09:26.390 W/Binder  (18730): Caught a RuntimeException from the binder stub implementation.
11-12 09:09:26.390 W/Binder  (18730): java.lang.UnsupportedOperationException
11-12 09:09:26.390 I/BluetoothQualityReportNativeInterface(14050):     mTxTotalPackets: 0, mTxUnackPackets: 0, mTxFlushPackets: 0, mTxLastSubeventPackets: 0, mCrcErrorPackets: 0, mRxDupPackets: 0, mRxUnRecvPackets: 0, mCoexInfoMask: 0
11-12 09:09:26.391 D/FileManager(19383): Starting scanForMusicFiles with extensions: [mp3, wav, flac, aac, ogg, m4a, aif, aiff]
11-12 09:09:26.391 W/Binder  (18730): Caught a RuntimeException from the binder stub implementation.
11-12 09:09:26.391 W/Binder  (18730): java.lang.UnsupportedOperationException
11-12 09:09:26.392 W/Binder  (18730): Caught a RuntimeException from the binder stub implementation.
11-12 09:09:26.392 W/Binder  (18730): java.lang.UnsupportedOperationException
11-12 09:09:26.393 W/Binder  (18730): Caught a RuntimeException from the binder stub implementation.
11-12 09:09:26.393 W/Binder  (18730): java.lang.UnsupportedOperationException
11-12 09:09:26.393 W/Binder  (18730): Caught a RuntimeException from the binder stub implementation.
11-12 09:09:26.393 W/Binder  (18730): java.lang.UnsupportedOperationException
11-12 09:09:26.395 W/Binder  (18730): Caught a RuntimeException from the binder stub implementation.
11-12 09:09:26.395 W/Binder  (18730): java.lang.UnsupportedOperationException
11-12 09:09:26.396 W/Binder  (18730): Caught a RuntimeException from the binder stub implementation.
11-12 09:09:26.396 W/Binder  (18730): java.lang.UnsupportedOperationException
11-12 09:09:26.397 W/Binder  (18730): Caught a RuntimeException from the binder stub implementation.
11-12 09:09:26.397 W/Binder  (18730): java.lang.UnsupportedOperationException
11-12 09:09:26.405 D/FileManager(19383): Found AIFF file: Havoc & Lawn - From L to R  [Short Ciruit].aiff
11-12 09:09:26.439 D/MusicViewModel(19383):   ✅ File with subfolder: Havoc & Lawn - From L to R  [Short Ciruit].aiff -> Main Fitil
11-12 09:09:26.459 D/FileManager(19383): Starting scanForMusicFiles with extensions: [mp3, wav, flac, aac, ogg, m4a, aif, aiff]
11-12 09:09:26.466 D/FileManager(19383): Found AIFF file: The Angels - Ardo (Extended Mix).aif
11-12 09:09:26.477 D/MusicViewModel(19383):   ✅ File with subfolder: Vanco - Isaka (6am) [MIZAK 'Hey Hey' Edit].wav -> Warm allin
11-12 09:09:26.487 D/FileManager(19383): Starting scanForMusicFiles with extensions: [mp3, wav, flac, aac, ogg, m4a, aif, aiff]
11-12 09:09:26.506 D/FileManager(19383): Found AIFF file: DARCO 09 - Baziman (Original Mix) [Descending Order].aiff
11-12 09:09:26.569 D/MusicViewModel(19383):   ✅ File with subfolder: DARCO 09 - Baziman (Original Mix) [Descending Order].aiff -> Main allin
11-12 09:09:26.569 D/MusicViewModel(19383):   ✅ File with subfolder: Fred again.., CA7RIEL & Paco Amoroso - Beto's Horns (fred remix).aiff -> Main allin
11-12 09:09:26.609 D/FileManager(19383): Starting scanForMusicFiles with extensions: [mp3, wav, flac, aac, ogg, m4a, aif, aiff]
11-12 09:09:26.659 D/MusicViewModel(19383): 📁 LOAD_CURRENT_FILE() - loading file: DARCO 09 - Baziman (Original Mix) [Descending Order].aiff
11-12 09:09:26.659 D/MusicViewModel(19383): 📁 LOAD_CURRENT_FILE() - updated current playing file to: DARCO 09 - Baziman (Original Mix) [Descending Order].aiff (URI: content://com.android.externalstorage.documents/tree/primary%3AResults%203/document/primary%3AResults%203%2FLiked%2FMain%20allin%2FDARCO%2009%20-%20Baziman%20(Original%20Mix)%20%5BDescending%20Order%5D.aiff)
11-12 09:09:26.659 D/MusicViewModel(19383): 📁 LOAD_CURRENT_FILE() - preloaded next file: Fred again.., CA7RIEL & Paco Amoroso - Beto's Horns (fred remix).aiff
11-12 09:09:26.659 D/MusicViewModel(19383): 📁 LOAD_CURRENT_FILE() - AIFF file detected: DARCO 09 - Baziman (Original Mix) [Descending Order].aiff
11-12 09:09:26.660 D/MusicViewModel(19383): 📁 LOAD_CURRENT_FILE() - calling audioManager.playFile() [IO]
11-12 09:09:26.661 D/AudioManager(19383): 🎵 Starting playback for: DARCO 09 - Baziman (Original Mix) [Descending Order].aiff
11-12 09:09:26.661 D/AudioManager(19383): 📁 File URI: content://com.android.externalstorage.documents/tree/primary%3AResults%203/document/primary%3AResults%203%2FLiked%2FMain%20allin%2FDARCO%2009%20-%20Baziman%20(Original%20Mix)%20%5BDescending%20Order%5D.aiff
11-12 09:09:26.661 D/AudioManager(19383): 🧹 Ensuring clean state before playback...
11-12 09:09:26.662 D/AudioManager(19383): 🛑 Stopping all playback before starting new file
11-12 09:09:26.662 D/AudioManager(19383): 🧹 Cleaning up VLC backend...
11-12 09:09:26.662 D/AudioManager(19383): 🛑 Stopping VLC playback...
11-12 09:09:26.691 D/VLC     (19383): [b40000705be66f50/529b] libvlc input: Destroying the input for 'aiff_temp_6463382033921375543.aiff'
11-12 09:09:26.692 D/AudioManager(19383): ✅ VLC stopped
11-12 09:09:26.692 D/AudioManager(19383): ✅ VLC reset completed
11-12 09:09:26.692 D/AudioManager(19383): 🧹 Cleaning up FFmpegMediaPlayer...
11-12 09:09:26.693 D/AudioManager(19383): 🔄 Resetting FFmpegMediaPlayer state...
11-12 09:09:26.693 D/AudioManager(19383): ✅ FFmpegMediaPlayer reset completed
11-12 09:09:26.695 D/WaveformGenerator(19383): LaunchedEffect triggered for file: DARCO 09 - Baziman (Original Mix) [Descending Order].aiff
11-12 09:09:26.783 D/WaveformGenerator(19383): Starting waveform generation for: DARCO 09 - Baziman (Original Mix) [Descending Order].aiff
11-12 09:09:26.783 D/WaveformGenerator(19383): File size: 66.9MB
11-12 09:09:26.784 D/WaveformGenerator(19383): Generating waveform for: DARCO 09 - Baziman (Original Mix) [Descending Order].aiff
11-12 09:09:26.784 D/WaveformGenerator(19383): Requesting 256 samples for any duration
11-12 09:09:26.786 D/WaveformGenerator(19383): 📺 SharedWaveformDisplay - Received waveform: 256 samples
11-12 09:09:26.786 D/WaveformGenerator(19383): 📺 SharedWaveformDisplay - Min: 30, Max: 85, Avg: 66
11-12 09:09:26.786 D/WaveformGenerator(19383): 📺 SharedWaveformDisplay - First 10: 64, 71, 59, 38, 33, 36, 44, 63, 80, 77
11-12 09:09:26.788 W/EffectProxy( 1488): runWithActiveSubEffectThenOthers active sub-effect return error Status(-4, EX_NULL_POINTER): 'activeSubEffectNull'
11-12 09:09:26.799 D/MediaProvider( 4276): Open with FUSE. FilePath: /storage/emulated/0/Results 3/Liked/Main allin/DARCO 09 - Baziman (Original Mix) [Descending Order].aiff. Uid: 10082. Media Capabilities Uid: 0. ShouldRedact: false. ShouldTranscode: false
11-12 09:09:26.857 D/AudioManager(19383): ExoPlayer cleared
11-12 09:09:26.857 D/AudioManager(19383): All playback stopped successfully
11-12 09:09:26.858 D/AudioManager(19383): 🎵 AIFF file detected: DARCO 09 - Baziman (Original Mix) [Descending Order].aiff
11-12 09:09:26.858 D/AudioManager(19383): 🔄 AIFF file detected, validating before playback: DARCO 09 - Baziman (Original Mix) [Descending Order].aiff
11-12 09:09:26.858 D/AudioManager(19383): 🔍 Validating AIFF file: DARCO 09 - Baziman (Original Mix) [Descending Order].aiff
11-12 09:09:26.865 D/MediaProvider( 4276): Open with FUSE. FilePath: /storage/emulated/0/Results 3/Liked/Main allin/DARCO 09 - Baziman (Original Mix) [Descending Order].aiff. Uid: 10082. Media Capabilities Uid: 0. ShouldRedact: false. ShouldTranscode: false
11-12 09:09:26.867 D/AudioManager(19383): ✅ AIFF file validation passed: valid header
11-12 09:09:26.867 D/AudioManager(19383): ✅ AIFF file validation passed, trying VLC first
11-12 09:09:26.867 D/AudioManager(19383): 🔄 Starting VLC playback for: content://com.android.externalstorage.documents/tree/primary%3AResults%203/document/primary%3AResults%203%2FLiked%2FMain%20allin%2FDARCO%2009%20-%20Baziman%20(Original%20Mix)%20%5BDescending%20Order%5D.aiff
11-12 09:09:26.867 D/AudioManager(19383): 🔄 Starting copyUriToTempFile for: content://com.android.externalstorage.documents/tree/primary%3AResults%203/document/primary%3AResults%203%2FLiked%2FMain%20allin%2FDARCO%2009%20-%20Baziman%20(Original%20Mix)%20%5BDescending%20Order%5D.aiff
