11-12 09:12:10.637 D/CCodecBufferChannel(19383): [c2.android.mp3.decoder#99] Created input block pool with allocatorID 16 => poolID 167 - OK (0)
11-12 09:12:10.638 I/CCodecBufferChannel(19383): [c2.android.mp3.decoder#99] Created output block pool with allocatorID 16 => poolID 51061 - OK
11-12 09:12:10.638 D/CCodecBufferChannel(19383): [c2.android.mp3.decoder#99] Configured output block pool ids 51061 => OK
11-12 09:12:10.640 D/CCodecBufferChannel(19383): [c2.android.mp3.decoder#99] MediaCodec discarded an unknown buffer
11-12 09:12:10.640 D/CCodecBufferChannel(19383): [c2.android.mp3.decoder#99] MediaCodec discarded an unknown buffer
11-12 09:12:10.640 D/CCodecBufferChannel(19383): [c2.android.mp3.decoder#99] MediaCodec discarded an unknown buffer
11-12 09:12:10.640 D/CCodecBufferChannel(19383): [c2.android.mp3.decoder#99] MediaCodec discarded an unknown buffer
11-12 09:12:10.649 D/AudioManager(19383): ✅ File copy completed, flushed and synced
11-12 09:12:10.649 D/AudioManager(19383): 🔄 Running GC and waiting for file descriptor cleanup...
11-12 09:12:10.650 D/MediaProvider( 4276): Open with FUSE. FilePath: /storage/emulated/0/Trial now/Mogo/NEW 2@25/2025 - 60/COMERCIAL/MODERN TALKING - LONELY LADY BLUE Radio Vrs. NEW 2@25.mp3. Uid: 10082. Media Capabilities Uid: 0. ShouldRedact: false. ShouldTranscode: false
11-12 09:12:10.651 D/MediaProvider( 4276): Open with FUSE. FilePath: /storage/emulated/0/Trial now/Mogo/NEW 2@25/2025 - 60/COMERCIAL/MODERN TALKING - LONELY LADY BLUE Radio Vrs. NEW 2@25.mp3. Uid: 10082. Media Capabilities Uid: 0. ShouldRedact: false. ShouldTranscode: false
11-12 09:12:10.654 D/MediaProvider( 4276): Open with FUSE. FilePath: /storage/emulated/0/Trial now/Mogo/NEW 2@25/2025 - 60/COMERCIAL/MODERN TALKING - LONELY LADY BLUE Radio Vrs. NEW 2@25.mp3. Uid: 10082. Media Capabilities Uid: 0. ShouldRedact: false. ShouldTranscode: false
11-12 09:12:10.658 D/MediaProvider( 4276): Open with FUSE. FilePath: /storage/emulated/0/Trial now/Mogo/NEW 2@25/2025 - 60/COMERCIAL/MODERN TALKING - LONELY LADY BLUE Radio Vrs. NEW 2@25.mp3. Uid: 10082. Media Capabilities Uid: 0. ShouldRedact: false. ShouldTranscode: false
11-12 09:12:10.659 D/MediaProvider( 4276): Open with FUSE. FilePath: /storage/emulated/0/Trial now/Mogo/NEW 2@25/2025 - 60/COMERCIAL/MODERN TALKING - LONELY LADY BLUE Radio Vrs. NEW 2@25.mp3. Uid: 10082. Media Capabilities Uid: 0. ShouldRedact: false. ShouldTranscode: false
11-12 09:12:10.661 D/MediaProvider( 4276): Open with FUSE. FilePath: /storage/emulated/0/Trial now/Mogo/NEW 2@25/2025 - 60/COMERCIAL/MODERN TALKING - LONELY LADY BLUE Radio Vrs. NEW 2@25.mp3. Uid: 10082. Media Capabilities Uid: 0. ShouldRedact: false. ShouldTranscode: false
11-12 09:12:10.663 D/CCodec  (19383): allocate(c2.android.mp3.decoder)
11-12 09:12:10.670 D/CCodec  (19383): allocate(c2.android.mp3.decoder)
11-12 09:12:10.671 D/CCodec  (19383): allocate(c2.android.mp3.decoder)
11-12 09:12:10.671 I/CCodec  (19383): Created component [c2.android.mp3.decoder] for [c2.android.mp3.decoder]
11-12 09:12:10.674 I/CCodec  (19383): Created component [c2.android.mp3.decoder] for [c2.android.mp3.decoder]
11-12 09:12:10.676 I/CCodec  (19383): Created component [c2.android.mp3.decoder] for [c2.android.mp3.decoder]
11-12 09:12:10.677 D/CCodec  (19383): [c2.android.mp3.decoder] buffers are bound to CCodec for this session
11-12 09:12:10.679 D/CCodec  (19383): allocate(c2.android.mp3.decoder)
11-12 09:12:10.681 D/CCodecBufferChannel(19383): [c2.android.mp3.decoder#781] Created input block pool with allocatorID 16 => poolID 168 - OK (0)
11-12 09:12:10.681 D/CCodec  (19383): allocate(c2.android.mp3.decoder)
11-12 09:12:10.682 D/CCodec  (19383): allocate(c2.android.mp3.decoder)
11-12 09:12:10.682 I/CCodecBufferChannel(19383): [c2.android.mp3.decoder#781] Created output block pool with allocatorID 16 => poolID 51066 - OK
11-12 09:12:10.683 D/CCodecBufferChannel(19383): [c2.android.mp3.decoder#781] Configured output block pool ids 51066 => OK
11-12 09:12:10.683 D/CCodec  (19383): [c2.android.mp3.decoder] buffers are bound to CCodec for this session
11-12 09:12:10.685 I/CCodec  (19383): Created component [c2.android.mp3.decoder] for [c2.android.mp3.decoder]
11-12 09:12:10.685 I/CCodec  (19383): Created component [c2.android.mp3.decoder] for [c2.android.mp3.decoder]
11-12 09:12:10.686 D/CCodec  (19383): [c2.android.mp3.decoder] buffers are bound to CCodec for this session
11-12 09:12:10.688 D/CCodecBufferChannel(19383): [c2.android.mp3.decoder#219] Created input block pool with allocatorID 16 => poolID 169 - OK (0)
11-12 09:12:10.688 I/CCodec  (19383): Created component [c2.android.mp3.decoder] for [c2.android.mp3.decoder]
11-12 09:12:10.689 I/CCodecBufferChannel(19383): [c2.android.mp3.decoder#219] Created output block pool with allocatorID 16 => poolID 51069 - OK
11-12 09:12:10.689 D/CCodecBufferChannel(19383): [c2.android.mp3.decoder#219] Configured output block pool ids 51069 => OK
11-12 09:12:10.692 D/CCodecBufferChannel(19383): [c2.android.mp3.decoder#326] Created input block pool with allocatorID 16 => poolID 170 - OK (0)
11-12 09:12:10.693 I/CCodecBufferChannel(19383): [c2.android.mp3.decoder#326] Created output block pool with allocatorID 16 => poolID 51070 - OK
11-12 09:12:10.693 D/CCodecBufferChannel(19383): [c2.android.mp3.decoder#326] Configured output block pool ids 51070 => OK
11-12 09:12:10.695 I/C2SoftMp3Dec( 1642): Reconfiguring decoder: 0->44100 Hz, 0->2 channels
11-12 09:12:10.696 D/AudioManager(19383): ✅ Temp file verification passed: 8689991 bytes
11-12 09:12:10.696 D/AudioManager(19383): Successfully copied URI to temp file: /data/user/0/com.example.mobiledigger/cache/aiff_temp_8822955868644309618.aiff (8.29MB in 99ms, 83.71MB/s)
11-12 09:12:10.697 D/AudioManager(19383): ✅ Copied to temp file for VLC: /data/user/0/com.example.mobiledigger/cache/aiff_temp_8822955868644309618.aiff
11-12 09:12:10.697 D/VlcAudioBackend(19383): 🔄 Setting VLC data source: file:///data/user/0/com.example.mobiledigger/cache/aiff_temp_8822955868644309618.aiff
11-12 09:12:10.698 D/VLC     (19383): [b40000705beaa400/529e] libvlc input: Creating an input for 'aiff_temp_8822955868644309618.aiff'
11-12 09:12:10.699 D/AudioManager(19383): ✅ VLC playback initiated
11-12 09:12:10.699 D/AudioManager(19383): ✅ VLC playback successful for: MODERN TALKING - LONELY LADY BLUE Radio Vrs. NEW 2@25.mp3
11-12 09:12:10.700 D/VLC     (19383): [b40000705beaa400/584f] libvlc input: `file:///data/user/0/com.example.mobiledigger/cache/aiff_temp_8822955868644309618.aiff' gives access `file' demux `any' path `/data/user/0/com.example.mobiledigger/cache/aiff_temp_8822955868644309618.aiff'
11-12 09:12:10.700 D/VLC     (19383): [b4000070dbe9d3c0/584f] libvlc input source: creating demux: access='file' demux='any' location='/data/user/0/com.example.mobiledigger/cache/aiff_temp_8822955868644309618.aiff' file='/data/user/0/com.example.mobiledigger/cache/aiff_temp_8822955868644309618.aiff'
11-12 09:12:10.700 D/PerformanceProfiler(19383): 📊 AudioManager.playFile[MODERN TALKING - LONELY LADY BLUE Radio Vrs. NEW 2@25.mp3] took 262ms
11-12 09:12:10.700 D/VLC     (19383): [b40000708bebb660/584f] libvlc stream: creating access: file:///data/user/0/com.example.mobiledigger/cache/aiff_temp_8822955868644309618.aiff
11-12 09:12:10.700 D/VLC     (19383): [b40000708bebb660/584f] libvlc stream:  (path: /data/user/0/com.example.mobiledigger/cache/aiff_temp_8822955868644309618.aiff)
11-12 09:12:10.700 D/MusicService(19445): updateNotificationData - Title: primary:Trial now/Mogo/NEW 2@25/2025 - 60/COMERCIAL/MODERN TALKING - LONELY LADY BLUE Radio Vrs. NEW 2@25.mp3, Playing: true, Position: 0, Duration: 0
11-12 09:12:10.701 D/MusicService(19445): MediaSession player updated - Title: primary:Trial now/Mogo/NEW 2@25/2025 - 60/COMERCIAL/MODERN TALKING - LONELY LADY BLUE Radio Vrs. NEW 2@25.mp3, Playing: true, Position: 0
11-12 09:12:10.702 D/CCodec  (19383): [c2.android.mp3.decoder] buffers are bound to CCodec for this session
11-12 09:12:10.702 D/CCodec  (19383): [c2.android.mp3.decoder] buffers are bound to CCodec for this session
11-12 09:12:10.702 D/CCodec  (19383): [c2.android.mp3.decoder] buffers are bound to CCodec for this session
11-12 09:12:10.705 I/C2SoftMp3Dec( 1642): Reconfiguring decoder: 0->44100 Hz, 0->2 channels
11-12 09:12:10.705 I/C2SoftMp3Dec( 1642): Reconfiguring decoder: 0->44100 Hz, 0->2 channels
11-12 09:12:10.706 D/MediaSessionService( 1884): onSessionPlaybackStateChanged: record=com.example.mobiledigger/MobileDigger/1113 (userId=0) playbackState=PlaybackState {state=PLAYING(3), position=0, buffered position=0, speed=1.0, updated=700789846, actions=895, custom actions=[], active item id=-1, error=null}
11-12 09:12:10.707 D/CCodecBufferChannel(19383): [c2.android.mp3.decoder#880] Created input block pool with allocatorID 16 => poolID 171 - OK (0)
11-12 09:12:10.708 D/CCodecBufferChannel(19383): [c2.android.mp3.decoder#521] Created input block pool with allocatorID 16 => poolID 172 - OK (0)
11-12 09:12:10.709 I/CCodecBufferChannel(19383): [c2.android.mp3.decoder#880] Created output block pool with allocatorID 16 => poolID 51071 - OK
11-12 09:12:10.709 D/CCodecBufferChannel(19383): [c2.android.mp3.decoder#880] Configured output block pool ids 51071 => OK
11-12 09:12:10.709 I/CCodecBufferChannel(19383): [c2.android.mp3.decoder#521] Created output block pool with allocatorID 16 => poolID 51072 - OK
11-12 09:12:10.710 D/CCodecBufferChannel(19383): [c2.android.mp3.decoder#660] Created input block pool with allocatorID 16 => poolID 173 - OK (0)
11-12 09:12:10.710 D/CCodecBufferChannel(19383): [c2.android.mp3.decoder#521] Configured output block pool ids 51072 => OK
11-12 09:12:10.710 I/CCodecBufferChannel(19383): [c2.android.mp3.decoder#660] Created output block pool with allocatorID 16 => poolID 51073 - OK
11-12 09:12:10.711 D/CCodecBufferChannel(19383): [c2.android.mp3.decoder#660] Configured output block pool ids 51073 => OK
11-12 09:12:10.713 D/MusicService(19445): Extracting cover art from: file:///data/user/0/com.example.mobiledigger/cache/aiff_temp_8822955868644309618.aiff
11-12 09:12:10.718 I/C2SoftMp3Dec( 1642): Reconfiguring decoder: 0->44100 Hz, 0->2 channels
11-12 09:12:10.718 D/VLC     (19383): [b4000070dbe9d3c0/584f] libvlc input source: attachment of directory-extractor failed for file:///data/user/0/com.example.mobiledigger/cache/aiff_temp_8822955868644309618.aiff
11-12 09:12:10.718 D/VLC     (19383): [b4000070dbe9d3c0/584f] libvlc input source: creating demux: access='file' demux='any' location='/data/user/0/com.example.mobiledigger/cache/aiff_temp_8822955868644309618.aiff' file='/data/user/0/com.example.mobiledigger/cache/aiff_temp_8822955868644309618.aiff'
11-12 09:12:10.718 D/VLC     (19383): [b40000707be7e580/584f] libvlc demux: looking for demux module matching "aiff": 50 candidates
11-12 09:12:10.719 D/VLC     (19383): [b40000708beaeb60/584f] libvlc stream: creating access: file:///data/user/0/com.example.mobiledigger/cache/aiff_temp_8822955868644309618.aiff
11-12 09:12:10.719 D/VLC     (19383): [b40000708beaeb60/584f] libvlc stream:  (path: /data/user/0/com.example.mobiledigger/cache/aiff_temp_8822955868644309618.aiff)
11-12 09:12:10.719 D/VLC     (19383): [b40000705beaa400/584f] libvlc input: `file:///data/user/0/com.example.mobiledigger/cache/aiff_temp_8822955868644309618.aiff' successfully opened
11-12 09:12:10.726 I/C2SoftMp3Dec( 1642): Reconfiguring decoder: 0->44100 Hz, 0->2 channels
11-12 09:12:10.726 D/MusicViewModel(19383): 📁 LOAD_CURRENT_FILE() - playback started successfully for MODERN TALKING - LONELY LADY BLUE Radio Vrs. NEW 2@25.mp3
11-12 09:12:10.727 D/MusicViewModel(19383): ✅ Added MODERN TALKING - LONELY LADY BLUE Radio Vrs. NEW 2@25.mp3 to played-but-not-actioned list. Total tracked: 3
11-12 09:12:10.727 I/C2SoftMp3Dec( 1642): Reconfiguring decoder: 0->44100 Hz, 0->2 channels
11-12 09:12:10.739 D/MediaProvider( 4276): Open with FUSE. FilePath: /storage/emulated/0/Trial now/Mogo/NEW 2@25/2025 - 60/COMERCIAL/MODERN TALKING - LONELY LADY BLUE Radio Vrs. NEW 2@25.mp3. Uid: 10082. Media Capabilities Uid: 0. ShouldRedact: false. ShouldTranscode: false
11-12 09:12:10.755 D/MediaProvider( 4276): Open with FUSE. FilePath: /storage/emulated/0/Trial now/Mogo/NEW 2@25/2025 - 60/COMERCIAL/MODERN TALKING - LONELY LADY BLUE Radio Vrs. NEW 2@25.mp3. Uid: 10082. Media Capabilities Uid: 0. ShouldRedact: false. ShouldTranscode: false
11-12 09:12:10.771 D/MusicService(19445): Successfully extracted cover art: 1182x1182
11-12 09:12:10.773 D/MusicService(19445): Notification created (VLC-exact) - Title: primary:Trial now/Mogo/NEW 2@25/2025 - 60/COMERCIAL/MODERN TALKING - LONELY LADY BLUE Radio Vrs. NEW 2@25.mp3, Playing: true, Seekable: false, Compact: [1, 2, 3]
11-12 09:12:10.776 D/MusicService(19445): updateNotificationData - Title: MODERN TALKING - LONELY LADY BLUE Radio Vrs. NEW 2@25.mp3, Playing: true, Position: 0, Duration: 0
11-12 09:12:10.777 D/MusicService(19445): MediaSession player updated - Title: MODERN TALKING - LONELY LADY BLUE Radio Vrs. NEW 2@25.mp3, Playing: true, Position: 0
11-12 09:12:10.777 D/MediaSessionService( 1884): onSessionPlaybackStateChanged: record=com.example.mobiledigger/MobileDigger/1113 (userId=0) playbackState=PlaybackState {state=PLAYING(3), position=0, buffered position=0, speed=1.0, updated=700789917, actions=895, custom actions=[], active item id=-1, error=null}
11-12 09:12:10.793 D/MusicService(19445): Extracting cover art from: content://com.android.externalstorage.documents/tree/primary%3ATrial%20now%2FMogo/document/primary%3ATrial%20now%2FMogo%2FNEW%202%4025%2F2025%20-%2060%2FCOMERCIAL%2FMODERN%20TALKING%20-%20LONELY%20LADY%20BLUE%20Radio%20Vrs.%20NEW%202%4025.mp3
11-12 09:12:10.794 D/MusicViewModel(19383): 📁 LOAD_CURRENT_FILE() - extracted duration (IO): 202736ms
11-12 09:12:10.809 D/MediaProvider( 4276): Open with FUSE. FilePath: /storage/emulated/0/Trial now/Mogo/NEW 2@25/2025 - 60/COMERCIAL/MODERN TALKING - LONELY LADY BLUE Radio Vrs. NEW 2@25.mp3. Uid: 10082. Media Capabilities Uid: 0. ShouldRedact: false. ShouldTranscode: false
11-12 09:12:10.848 D/MusicViewModel(19383): Skipping preload (sizeMb=6, vlc=true, recentGc=false) for ROSE X BRUNO MARS - APT Isi Xtd. Remix.mp3
11-12 09:12:10.861 D/MusicService(19445): Successfully extracted cover art: 1182x1182
11-12 09:12:10.863 D/MusicService(19445): Notification created (VLC-exact) - Title: MODERN TALKING - LONELY LADY BLUE Radio Vrs. NEW 2@25.mp3, Playing: true, Seekable: false, Compact: [1, 2, 3]
11-12 09:12:10.875 D/MusicService(19445): Extracting cover art from: content://com.android.externalstorage.documents/tree/primary%3ATrial%20now%2FMogo/document/primary%3ATrial%20now%2FMogo%2FNEW%202%4025%2F2025%20-%2060%2FCOMERCIAL%2FMODERN%20TALKING%20-%20LONELY%20LADY%20BLUE%20Radio%20Vrs.%20NEW%202%4025.mp3
11-12 09:12:10.889 D/MediaProvider( 4276): Open with FUSE. FilePath: /storage/emulated/0/Trial now/Mogo/NEW 2@25/2025 - 60/COMERCIAL/MODERN TALKING - LONELY LADY BLUE Radio Vrs. NEW 2@25.mp3. Uid: 10082. Media Capabilities Uid: 0. ShouldRedact: false. ShouldTranscode: false
11-12 09:12:10.944 D/MusicService(19445): Successfully extracted cover art: 1182x1182
11-12 09:12:10.945 D/MusicService(19445): Notification created (VLC-exact) - Title: MODERN TALKING - LONELY LADY BLUE Radio Vrs. NEW 2@25.mp3, Playing: true, Seekable: false, Compact: [1, 2, 3]
11-12 09:12:10.948 D/MusicService(19445): updateNotificationData - Title: MODERN TALKING - LONELY LADY BLUE Radio Vrs. NEW 2@25.mp3, Playing: true, Position: -1, Duration: -1
11-12 09:12:10.948 D/MusicService(19445): MediaSession player updated - Title: MODERN TALKING - LONELY LADY BLUE Radio Vrs. NEW 2@25.mp3, Playing: true, Position: -1
11-12 09:12:10.949 D/MediaSessionService( 1884): onSessionPlaybackStateChanged: record=com.example.mobiledigger/MobileDigger/1113 (userId=0) playbackState=PlaybackState {state=PLAYING(3), position=0, buffered position=0, speed=1.0, updated=700790088, actions=895, custom actions=[], active item id=-1, error=null}
11-12 09:12:10.954 D/MusicService(19445): Extracting cover art from: content://com.android.externalstorage.documents/tree/primary%3ATrial%20now%2FMogo/document/primary%3ATrial%20now%2FMogo%2FNEW%202%4025%2F2025%20-%2060%2FCOMERCIAL%2FMODERN%20TALKING%20-%20LONELY%20LADY%20BLUE%20Radio%20Vrs.%20NEW%202%4025.mp3
11-12 09:12:10.965 D/MediaProvider( 4276): Open with FUSE. FilePath: /storage/emulated/0/Trial now/Mogo/NEW 2@25/2025 - 60/COMERCIAL/MODERN TALKING - LONELY LADY BLUE Radio Vrs. NEW 2@25.mp3. Uid: 10082. Media Capabilities Uid: 0. ShouldRedact: false. ShouldTranscode: false
11-12 09:12:11.065 D/MusicService(19445): Successfully extracted cover art: 1182x1182
11-12 09:12:11.066 D/MusicService(19445): Notification created (VLC-exact) - Title: MODERN TALKING - LONELY LADY BLUE Radio Vrs. NEW 2@25.mp3, Playing: true, Seekable: false, Compact: [1, 2, 3]
11-12 09:12:11.154 D/CCodecBufferChannel(19383): [c2.android.mp3.decoder#880] MediaCodec discarded an unknown buffer
11-12 09:12:11.154 D/CCodecBufferChannel(19383): [c2.android.mp3.decoder#880] MediaCodec discarded an unknown buffer
11-12 09:12:11.154 D/CCodecBufferChannel(19383): [c2.android.mp3.decoder#880] MediaCodec discarded an unknown buffer
11-12 09:12:11.154 D/CCodecBufferChannel(19383): [c2.android.mp3.decoder#880] MediaCodec discarded an unknown buffer
11-12 09:12:11.154 D/CCodecBufferChannel(19383): [c2.android.mp3.decoder#880] MediaCodec discarded an unknown buffer
11-12 09:12:11.169 D/CCodecBufferChannel(19383): [c2.android.mp3.decoder#219] MediaCodec discarded an unknown buffer
11-12 09:12:11.169 D/CCodecBufferChannel(19383): [c2.android.mp3.decoder#219] MediaCodec discarded an unknown buffer
11-12 09:12:11.169 D/CCodecBufferChannel(19383): [c2.android.mp3.decoder#219] MediaCodec discarded an unknown buffer
11-12 09:12:11.169 D/CCodecBufferChannel(19383): [c2.android.mp3.decoder#219] MediaCodec discarded an unknown buffer
11-12 09:12:11.169 D/CCodecBufferChannel(19383): [c2.android.mp3.decoder#219] MediaCodec discarded an unknown buffer
11-12 09:12:11.177 D/CCodecBufferChannel(19383): [c2.android.mp3.decoder#326] MediaCodec discarded an unknown buffer
11-12 09:12:11.177 D/CCodecBufferChannel(19383): [c2.android.mp3.decoder#326] MediaCodec discarded an unknown buffer
11-12 09:12:11.177 D/CCodecBufferChannel(19383): [c2.android.mp3.decoder#326] MediaCodec discarded an unknown buffer
11-12 09:12:11.177 D/CCodecBufferChannel(19383): [c2.android.mp3.decoder#326] MediaCodec discarded an unknown buffer
11-12 09:12:11.177 D/CCodecBufferChannel(19383): [c2.android.mp3.decoder#326] MediaCodec discarded an unknown buffer
11-12 09:12:11.183 E/MP3Extractor( 1616): Unable to resync. Signalling end of stream.
11-12 09:12:11.186 D/CCodecBufferChannel(19383): [c2.android.mp3.decoder#521] MediaCodec discarded an unknown buffer
11-12 09:12:11.186 D/CCodecBufferChannel(19383): [c2.android.mp3.decoder#521] MediaCodec discarded an unknown buffer
11-12 09:12:11.186 D/CCodecBufferChannel(19383): [c2.android.mp3.decoder#521] MediaCodec discarded an unknown buffer
11-12 09:12:11.186 D/CCodecBufferChannel(19383): [c2.android.mp3.decoder#521] MediaCodec discarded an unknown buffer
11-12 09:12:11.186 D/CCodecBufferChannel(19383): [c2.android.mp3.decoder#521] MediaCodec discarded an unknown buffer
11-12 09:12:11.186 D/CCodecBufferChannel(19383): [c2.android.mp3.decoder#660] MediaCodec discarded an unknown buffer
11-12 09:12:11.186 D/CCodecBufferChannel(19383): [c2.android.mp3.decoder#660] MediaCodec discarded an unknown buffer
11-12 09:12:11.187 D/CCodecBufferChannel(19383): [c2.android.mp3.decoder#660] MediaCodec discarded an unknown buffer
11-12 09:12:11.187 D/CCodecBufferChannel(19383): [c2.android.mp3.decoder#660] MediaCodec discarded an unknown buffer
11-12 09:12:11.187 D/CCodecBufferChannel(19383): [c2.android.mp3.decoder#660] MediaCodec discarded an unknown buffer
11-12 09:12:11.187 D/CCodecBufferChannel(19383): [c2.android.mp3.decoder#781] MediaCodec discarded an unknown buffer
11-12 09:12:11.187 D/CCodecBufferChannel(19383): [c2.android.mp3.decoder#781] MediaCodec discarded an unknown buffer
11-12 09:12:11.187 D/CCodecBufferChannel(19383): [c2.android.mp3.decoder#781] MediaCodec discarded an unknown buffer
11-12 09:12:11.187 D/CCodecBufferChannel(19383): [c2.android.mp3.decoder#781] MediaCodec discarded an unknown buffer
11-12 09:12:11.187 D/CCodecBufferChannel(19383): [c2.android.mp3.decoder#781] MediaCodec discarded an unknown buffer
11-12 09:12:11.190 D/WaveformGenerator(19383): ✅ Waveform generated: 256 samples
11-12 09:12:11.191 D/WaveformGenerator(19383): 📊 UI State - Min: 30, Max: 85, Avg: 66
11-12 09:12:11.191 D/WaveformGenerator(19383): 📊 UI State - First 10: 33, 40, 43, 47, 59, 69, 66, 60, 48, 38
11-12 09:12:11.192 D/WaveformGenerator(19383): 📊 UI State UPDATED - waveformData is now NOT NULL (256 samples)
11-12 09:12:11.210 D/WaveformGenerator(19383): 📺 SharedWaveformDisplay - Received waveform: 256 samples
11-12 09:12:11.210 D/WaveformGenerator(19383): 📺 SharedWaveformDisplay - Min: 30, Max: 85, Avg: 66
11-12 09:12:11.211 D/WaveformGenerator(19383): 📺 SharedWaveformDisplay - First 10: 33, 40, 43, 47, 59, 69, 66, 60, 48, 38
11-12 09:12:11.382 D/Debug   (19383): 🎯 Shared waveform tap seek to: 11%
11-12 09:12:39.851 W/LogErrorOperation( 4275): onLogError callback failed.
11-12 09:12:39.865 W/LogErrorOperation( 4275): onLogError callback failed.
11-12 09:12:39.931 W/Binder  (14295): Caught a RuntimeException from the binder stub implementation.
11-12 09:12:39.931 W/Binder  (14295): java.lang.UnsupportedOperationException
11-12 09:12:39.935 W/LogErrorOperation( 4275): onLogError callback failed.
11-12 09:12:39.938 W/Binder  (14295): Caught a RuntimeException from the binder stub implementation.
11-12 09:12:39.938 W/Binder  (14295): java.lang.UnsupportedOperationException
11-12 09:12:39.952 W/LogErrorOperation( 4275): onLogError callback failed.
11-12 09:12:39.967 W/Binder  (14295): Caught a RuntimeException from the binder stub implementation.
11-12 09:12:39.967 W/Binder  (14295): java.lang.UnsupportedOperationException
11-12 09:12:39.969 W/Binder  (14295): Caught a RuntimeException from the binder stub implementation.
11-12 09:12:39.969 W/Binder  (14295): java.lang.UnsupportedOperationException
11-12 09:13:03.204 W/Binder  (18730): Caught a RuntimeException from the binder stub implementation.
11-12 09:13:03.204 W/Binder  (18730): java.lang.UnsupportedOperationException
11-12 09:13:03.207 W/Binder  (18730): Caught a RuntimeException from the binder stub implementation.
11-12 09:13:03.207 W/Binder  (18730): java.lang.UnsupportedOperationException
11-12 09:13:03.221 W/Binder  (18730): Caught a RuntimeException from the binder stub implementation.
11-12 09:13:03.221 W/Binder  (18730): java.lang.UnsupportedOperationException
11-12 09:13:07.581 I/BluetoothQualityReportNativeInterface(14050):     mTxTotalPackets: 0, mTxUnackPackets: 0, mTxFlushPackets: 0, mTxLastSubeventPackets: 0, mCrcErrorPackets: 0, mRxDupPackets: 0, mRxUnRecvPackets: 0, mCoexInfoMask: 0
11-12 09:13:07.596 W/Binder  (18730): Caught a RuntimeException from the binder stub implementation.
11-12 09:13:07.596 W/Binder  (18730): java.lang.UnsupportedOperationException
11-12 09:13:07.611 W/Binder  (18730): Caught a RuntimeException from the binder stub implementation.
11-12 09:13:07.611 W/Binder  (18730): java.lang.UnsupportedOperationException
11-12 09:13:07.618 W/Binder  (18730): Caught a RuntimeException from the binder stub implementation.
11-12 09:13:07.618 W/Binder  (18730): java.lang.UnsupportedOperationException
11-12 09:13:07.619 W/Binder  (18730): Caught a RuntimeException from the binder stub implementation.
11-12 09:13:07.619 W/Binder  (18730): java.lang.UnsupportedOperationException
11-12 09:13:07.619 I/BluetoothQualityReportNativeInterface(14050):     mTxTotalPackets: 0, mTxUnackPackets: 0, mTxFlushPackets: 0, mTxLastSubeventPackets: 0, mCrcErrorPackets: 0, mRxDupPackets: 0, mRxUnRecvPackets: 0, mCoexInfoMask: 0
11-12 09:13:07.620 W/Binder  (18730): Caught a RuntimeException from the binder stub implementation.
11-12 09:13:07.620 W/Binder  (18730): java.lang.UnsupportedOperationException
11-12 09:13:07.622 W/Binder  (18730): Caught a RuntimeException from the binder stub implementation.
11-12 09:13:07.622 W/Binder  (18730): java.lang.UnsupportedOperationException
11-12 09:13:07.624 W/Binder  (18730): Caught a RuntimeException from the binder stub implementation.
11-12 09:13:07.624 W/Binder  (18730): java.lang.UnsupportedOperationException
11-12 09:13:07.625 W/Binder  (18730): Caught a RuntimeException from the binder stub implementation.
11-12 09:13:07.625 W/Binder  (18730): java.lang.UnsupportedOperationException
11-12 09:13:07.626 W/Binder  (18730): Caught a RuntimeException from the binder stub implementation.
11-12 09:13:07.626 W/Binder  (18730): java.lang.UnsupportedOperationException
11-12 09:13:07.629 W/Binder  (18730): Caught a RuntimeException from the binder stub implementation.
11-12 09:13:07.629 W/Binder  (18730): java.lang.UnsupportedOperationException
11-12 09:13:07.630 W/Binder  (18730): Caught a RuntimeException from the binder stub implementation.
11-12 09:13:07.630 W/Binder  (18730): java.lang.UnsupportedOperationException
11-12 09:13:07.631 W/Binder  (18730): Caught a RuntimeException from the binder stub implementation.
11-12 09:13:07.631 W/Binder  (18730): java.lang.UnsupportedOperationException
11-12 09:13:07.632 W/Binder  (18730): Caught a RuntimeException from the binder stub implementation.
11-12 09:13:07.632 W/Binder  (18730): java.lang.UnsupportedOperationException
11-12 09:13:07.633 W/Binder  (18730): Caught a RuntimeException from the binder stub implementation.
11-12 09:13:07.633 W/Binder  (18730): java.lang.UnsupportedOperationException
11-12 09:13:07.640 W/Binder  (18730): Caught a RuntimeException from the binder stub implementation.
11-12 09:13:07.640 W/Binder  (18730): java.lang.UnsupportedOperationException
11-12 09:13:14.175 V/WindowManagerShell( 2772): Directly starting a new transition type=START_RECENTS_TRANSITION(FIRST_CUSTOM+21) wct=WindowContainerTransaction { changes= {} hops= [{pendingIntent: options=Bundle[{android.activity.splashScreenStyle=-1, android.activity.sourceInfo=android.app.ActivityOptions$SourceInfo@d4c52fe, android.pendingIntent.backgroundActivityAllowed=3, android.activity.launchDisplayId=0, android:activity.animAbortListener=null, android.activity.transientLaunch=true}]}] errorCallbackToken=null taskFragmentOrganizer=null } handler=com.android.wm.shell.recents.RecentsTransitionHandler@817a4ca
11-12 09:13:14.211 V/WindowManager( 1884):     startWCT=WindowContainerTransaction { changes= {} hops= [{pendingIntent: options=Bundle[{android.activity.splashScreenStyle=-1, android.activity.sourceInfo=android.app.ActivityOptions$SourceInfo@eade087, android.pendingIntent.backgroundActivityAllowed=3, android.activity.launchDisplayId=0, android:activity.animAbortListener=null, android.activity.transientLaunch=true}]}] errorCallbackToken=null taskFragmentOrganizer=null }
11-12 09:13:14.779 V/WindowManager( 1884):     startWCT=WindowContainerTransaction { changes= {} hops= [] errorCallbackToken=null taskFragmentOrganizer=null }
11-12 09:13:15.025 W/LogErrorOperation( 4275): onLogError callback failed.
11-12 09:13:15.047 W/LogErrorOperation( 4275): onLogError callback failed.
11-12 09:13:15.683 D/GRIL-S  ( 2978): [33112]> UPDATE_DEVICE_STATE DeviceState: Usb:0, Wifi: 1, Wifi AP: 0, Earpiece: 0, Bluetooth: 1, Wireless charging: 0, Screen: 1, Camera: 0, 0, -, -, Motion: 1, Bluetooth tethering: 0, Voice: 0, Wifi 2.4G: 0, Radio: 1, Bluetooth connected: 1, Bluetooth media: 1, Wifi Band: 2, Wifi AP Band: 0, Wifi call: 0, mmWave: 0, mCellBackhaul: 0, mHallSensor: 0, mDozeStatus: 1, mAppClassInfo: 0, mWifiCapSensorStatus: 0, mCellCapSensorStatus: 0, mBesideHeadHandStatus: 0, mSpeakerStatus: 0, mProtectiveCaseStatus: 0, mWifiSettingStatus: 0, mGpsStatus: 0
11-12 09:13:15.782 V/WindowManager( 1884):     startWCT=WindowContainerTransaction { changes= {} hops= [] errorCallbackToken=null taskFragmentOrganizer=null }
11-12 09:13:15.901 E/powerhal-libperfmgr(  893): Error: shouldn't report duration during pause state.
11-12 09:13:15.908 E/powerhal-libperfmgr(  893): Error: shouldn't report duration during pause state.
11-12 09:13:15.920 E/powerhal-libperfmgr(  893): Error: shouldn't report duration during pause state.
11-12 09:13:15.923 E/powerhal-libperfmgr(  893): Error: shouldn't report duration during pause state.
11-12 09:13:15.933 E/powerhal-libperfmgr(  893): Error: shouldn't report duration during pause state.
11-12 09:13:15.942 E/powerhal-libperfmgr(  893): Error: shouldn't report duration during pause state.
11-12 09:13:15.949 E/powerhal-libperfmgr(  893): Error: shouldn't report duration during pause state.
11-12 09:13:15.957 E/powerhal-libperfmgr(  893): Error: shouldn't report duration during pause state.
11-12 09:13:15.967 E/powerhal-libperfmgr(  893): Error: shouldn't report duration during pause state.
11-12 09:13:15.973 E/powerhal-libperfmgr(  893): Error: shouldn't report duration during pause state.
11-12 09:13:15.980 E/powerhal-libperfmgr(  893): Error: shouldn't report duration during pause state.
11-12 09:13:17.163 I/NullBinder( 4275): NullBinder for android.net.action.RECOMMEND_NETWORKS triggering remote TransactionTooLargeException due to Service without Chimera impl, calling uid: 1000, calling pid: 0
11-12 09:13:17.234 W/LogErrorOperation( 4275): onLogError callback failed.
11-12 09:13:17.242 W/LogErrorOperation( 4275): onLogError callback failed.
11-12 09:13:20.148 V/WindowManager( 1884):     startWCT=WindowContainerTransaction { changes= {} hops= [] errorCallbackToken=null taskFragmentOrganizer=null }
11-12 09:13:20.231 E/powerhal-libperfmgr(  893): Error: shouldn't report duration during pause state.
11-12 09:13:20.239 E/powerhal-libperfmgr(  893): Error: shouldn't report duration during pause state.
11-12 09:13:23.206 W/Binder  (18730): Caught a RuntimeException from the binder stub implementation.
11-12 09:13:23.206 W/Binder  (18730): java.lang.UnsupportedOperationException
11-12 09:13:23.209 W/Binder  (18730): Caught a RuntimeException from the binder stub implementation.
11-12 09:13:23.209 W/Binder  (18730): java.lang.UnsupportedOperationException
11-12 09:13:23.217 W/Binder  (18730): Caught a RuntimeException from the binder stub implementation.
11-12 09:13:23.217 W/Binder  (18730): java.lang.UnsupportedOperationException
11-12 09:13:23.296 I/NullBinder( 4275): NullBinder for android.net.action.RECOMMEND_NETWORKS triggering remote TransactionTooLargeException due to Service without Chimera impl, calling uid: 1000, calling pid: 0
11-12 09:13:28.049 E/ShadeDialogContextRepo( 2772): java.lang.IllegalStateException: This should be instantiated only when either StatusBarConnectedDisplays or ShadeWindowGoesAround or cursorHotCorner are enabled.
11-12 09:13:28.050 E/ShadeDialogContextRepo( 2772): java.lang.IllegalStateException: This should be instantiated only when either StatusBarConnectedDisplays or ShadeWindowGoesAround or cursorHotCorner are enabled.
11-12 09:13:28.050 E/ShadeDialogContextRepo( 2772): java.lang.IllegalStateException: This should be instantiated only when either StatusBarConnectedDisplays or ShadeWindowGoesAround or cursorHotCorner are enabled.
11-12 09:13:28.101 V/WindowManager( 1884):     startWCT=WindowContainerTransaction { changes= {} hops= [] errorCallbackToken=null taskFragmentOrganizer=null }
11-12 09:13:28.685 E/powerhal-libperfmgr(  893): Error: shouldn't report duration during pause state.
11-12 09:13:28.688 E/powerhal-libperfmgr(  893): Error: shouldn't report duration during pause state.
11-12 09:13:28.698 E/powerhal-libperfmgr(  893): Error: shouldn't report duration during pause state.
11-12 09:13:28.705 E/powerhal-libperfmgr(  893): Error: shouldn't report duration during pause state.
11-12 09:13:28.713 E/powerhal-libperfmgr(  893): Error: shouldn't report duration during pause state.
11-12 09:13:28.722 E/powerhal-libperfmgr(  893): Error: shouldn't report duration during pause state.
11-12 09:13:28.731 E/powerhal-libperfmgr(  893): Error: shouldn't report duration during pause state.
11-12 09:13:28.738 E/powerhal-libperfmgr(  893): Error: shouldn't report duration during pause state.
11-12 09:13:28.748 E/powerhal-libperfmgr(  893): Error: shouldn't report duration during pause state.
11-12 09:13:28.758 E/powerhal-libperfmgr(  893): Error: shouldn't report duration during pause state.
11-12 09:13:28.765 E/powerhal-libperfmgr(  893): Error: shouldn't report duration during pause state.
11-12 09:13:29.129 D/MusicViewModel(19383): 📁 LOAD_CURRENT_FILE() - loading file: ROSE X BRUNO MARS - APT Isi Xtd. Remix.mp3
11-12 09:13:29.129 D/MusicViewModel(19383): 📁 LOAD_CURRENT_FILE() - updated current playing file to: ROSE X BRUNO MARS - APT Isi Xtd. Remix.mp3 (URI: content://com.android.externalstorage.documents/tree/primary%3ATrial%20now%2FMogo/document/primary%3ATrial%20now%2FMogo%2FNEW%202%4025%2F2025%20-%2060%2FCOMERCIAL%2FROSE%20X%20BRUNO%20MARS%20-%20APT%20Isi%20Xtd.%20Remix.mp3)
11-12 09:13:29.129 D/MusicViewModel(19383): 📁 LOAD_CURRENT_FILE() - preloaded next file: RUBY - VIATA MEA Isi Xtd. Remix.mp3
11-12 09:13:29.129 D/MusicViewModel(19383): 📁 LOAD_CURRENT_FILE() - calling audioManager.playFile() [IO]
11-12 09:13:29.130 D/AudioManager(19383): 🎵 Starting playback for: ROSE X BRUNO MARS - APT Isi Xtd. Remix.mp3
11-12 09:13:29.130 D/AudioManager(19383): 📁 File URI: content://com.android.externalstorage.documents/tree/primary%3ATrial%20now%2FMogo/document/primary%3ATrial%20now%2FMogo%2FNEW%202%4025%2F2025%20-%2060%2FCOMERCIAL%2FROSE%20X%20BRUNO%20MARS%20-%20APT%20Isi%20Xtd.%20Remix.mp3
11-12 09:13:29.130 D/AudioManager(19383): 🧹 Ensuring clean state before playback...
11-12 09:13:29.130 D/AudioManager(19383): 🛑 Stopping all playback before starting new file
11-12 09:13:29.131 D/AudioManager(19383): 🧹 Cleaning up VLC backend...
11-12 09:13:29.131 D/AudioManager(19383): 🛑 Stopping VLC playback...
11-12 09:13:29.145 D/VLC     (19383): [b40000705beaa400/529c] libvlc input: Destroying the input for 'aiff_temp_8822955868644309618.aiff'
11-12 09:13:29.147 D/AudioManager(19383): ✅ VLC stopped
11-12 09:13:29.148 D/AudioManager(19383): ✅ VLC reset completed
11-12 09:13:29.148 D/AudioManager(19383): 🧹 Cleaning up FFmpegMediaPlayer...
11-12 09:13:29.149 D/AudioManager(19383): 🔄 Resetting FFmpegMediaPlayer state...
11-12 09:13:29.150 D/AudioManager(19383): ✅ FFmpegMediaPlayer reset completed
11-12 09:13:29.161 D/WaveformGenerator(19383): LaunchedEffect triggered for file: ROSE X BRUNO MARS - APT Isi Xtd. Remix.mp3
11-12 09:13:29.195 W/EffectProxy( 1488): runWithActiveSubEffectThenOthers active sub-effect return error Status(-4, EX_NULL_POINTER): 'activeSubEffectNull'
11-12 09:13:29.240 D/WaveformGenerator(19383): Starting waveform generation for: ROSE X BRUNO MARS - APT Isi Xtd. Remix.mp3
11-12 09:13:29.240 D/WaveformGenerator(19383): File size: 6.4MB
11-12 09:13:29.241 D/WaveformGenerator(19383): Generating waveform for: ROSE X BRUNO MARS - APT Isi Xtd. Remix.mp3
11-12 09:13:29.241 D/WaveformGenerator(19383): Requesting 256 samples for any duration
11-12 09:13:29.242 D/WaveformGenerator(19383): 📺 SharedWaveformDisplay - Received waveform: 256 samples
11-12 09:13:29.242 D/WaveformGenerator(19383): 📺 SharedWaveformDisplay - Min: 30, Max: 85, Avg: 66
11-12 09:13:29.242 D/WaveformGenerator(19383): 📺 SharedWaveformDisplay - First 10: 33, 40, 43, 47, 59, 69, 66, 60, 48, 38
11-12 09:13:29.257 D/MediaProvider( 4276): Open with FUSE. FilePath: /storage/emulated/0/Trial now/Mogo/NEW 2@25/2025 - 60/COMERCIAL/ROSE X BRUNO MARS - APT Isi Xtd. Remix.mp3. Uid: 10082. Media Capabilities Uid: 0. ShouldRedact: false. ShouldTranscode: false
11-12 09:13:29.272 D/CCodec  (19383): allocate(c2.android.mp3.decoder)
11-12 09:13:29.276 I/CCodec  (19383): Created component [c2.android.mp3.decoder] for [c2.android.mp3.decoder]
11-12 09:13:29.280 D/CCodec  (19383): [c2.android.mp3.decoder] buffers are bound to CCodec for this session
11-12 09:13:29.282 D/AudioManager(19383): ExoPlayer cleared
11-12 09:13:29.282 D/AudioManager(19383): All playback stopped successfully
11-12 09:13:29.282 D/AudioManager(19383): 🔄 Starting VLC playback for: content://com.android.externalstorage.documents/tree/primary%3ATrial%20now%2FMogo/document/primary%3ATrial%20now%2FMogo%2FNEW%202%4025%2F2025%20-%2060%2FCOMERCIAL%2FROSE%20X%20BRUNO%20MARS%20-%20APT%20Isi%20Xtd.%20Remix.mp3
11-12 09:13:29.282 D/AudioManager(19383): 🔄 Starting copyUriToTempFile for: content://com.android.externalstorage.documents/tree/primary%3ATrial%20now%2FMogo/document/primary%3ATrial%20now%2FMogo%2FNEW%202%4025%2F2025%20-%2060%2FCOMERCIAL%2FROSE%20X%20BRUNO%20MARS%20-%20APT%20Isi%20Xtd.%20Remix.mp3
11-12 09:13:29.284 D/AudioManager(19383): 📁 Temp file created: /data/user/0/com.example.mobiledigger/cache/aiff_temp_364391881421767463.aiff
11-12 09:13:29.285 D/CCodecBufferChannel(19383): [c2.android.mp3.decoder#934] Created input block pool with allocatorID 16 => poolID 174 - OK (0)
11-12 09:13:29.286 I/CCodecBufferChannel(19383): [c2.android.mp3.decoder#934] Created output block pool with allocatorID 16 => poolID 51077 - OK
11-12 09:13:29.286 D/CCodecBufferChannel(19383): [c2.android.mp3.decoder#934] Configured output block pool ids 51077 => OK
11-12 09:13:29.288 D/CCodecBufferChannel(19383): [c2.android.mp3.decoder#934] MediaCodec discarded an unknown buffer
11-12 09:13:29.288 D/CCodecBufferChannel(19383): [c2.android.mp3.decoder#934] MediaCodec discarded an unknown buffer
11-12 09:13:29.288 D/CCodecBufferChannel(19383): [c2.android.mp3.decoder#934] MediaCodec discarded an unknown buffer
11-12 09:13:29.288 D/CCodecBufferChannel(19383): [c2.android.mp3.decoder#934] MediaCodec discarded an unknown buffer
11-12 09:13:29.291 D/MediaProvider( 4276): Open with FUSE. FilePath: /storage/emulated/0/Trial now/Mogo/NEW 2@25/2025 - 60/COMERCIAL/ROSE X BRUNO MARS - APT Isi Xtd. Remix.mp3. Uid: 10082. Media Capabilities Uid: 0. ShouldRedact: false. ShouldTranscode: false
11-12 09:13:29.299 D/MediaProvider( 4276): Open with FUSE. FilePath: /storage/emulated/0/Trial now/Mogo/NEW 2@25/2025 - 60/COMERCIAL/ROSE X BRUNO MARS - APT Isi Xtd. Remix.mp3. Uid: 10082. Media Capabilities Uid: 0. ShouldRedact: false. ShouldTranscode: false
11-12 09:13:29.301 D/MediaProvider( 4276): Open with FUSE. FilePath: /storage/emulated/0/Trial now/Mogo/NEW 2@25/2025 - 60/COMERCIAL/ROSE X BRUNO MARS - APT Isi Xtd. Remix.mp3. Uid: 10082. Media Capabilities Uid: 0. ShouldRedact: false. ShouldTranscode: false
11-12 09:13:29.301 D/MediaProvider( 4276): Open with FUSE. FilePath: /storage/emulated/0/Trial now/Mogo/NEW 2@25/2025 - 60/COMERCIAL/ROSE X BRUNO MARS - APT Isi Xtd. Remix.mp3. Uid: 10082. Media Capabilities Uid: 0. ShouldRedact: false. ShouldTranscode: false
11-12 09:13:29.303 D/MediaProvider( 4276): Open with FUSE. FilePath: /storage/emulated/0/Trial now/Mogo/NEW 2@25/2025 - 60/COMERCIAL/ROSE X BRUNO MARS - APT Isi Xtd. Remix.mp3. Uid: 10082. Media Capabilities Uid: 0. ShouldRedact: false. ShouldTranscode: false
11-12 09:13:29.303 D/MediaProvider( 4276): Open with FUSE. FilePath: /storage/emulated/0/Trial now/Mogo/NEW 2@25/2025 - 60/COMERCIAL/ROSE X BRUNO MARS - APT Isi Xtd. Remix.mp3. Uid: 10082. Media Capabilities Uid: 0. ShouldRedact: false. ShouldTranscode: false
11-12 09:13:29.307 D/MediaProvider( 4276): Open with FUSE. FilePath: /storage/emulated/0/Trial now/Mogo/NEW 2@25/2025 - 60/COMERCIAL/ROSE X BRUNO MARS - APT Isi Xtd. Remix.mp3. Uid: 10082. Media Capabilities Uid: 0. ShouldRedact: false. ShouldTranscode: false
11-12 09:13:29.315 D/CCodec  (19383): allocate(c2.android.mp3.decoder)
11-12 09:13:29.323 D/CCodec  (19383): allocate(c2.android.mp3.decoder)
11-12 09:13:29.323 D/CCodec  (19383): allocate(c2.android.mp3.decoder)
11-12 09:13:29.323 I/CCodec  (19383): Created component [c2.android.mp3.decoder] for [c2.android.mp3.decoder]
11-12 09:13:29.324 D/CCodec  (19383): allocate(c2.android.mp3.decoder)
11-12 09:13:29.324 D/CCodec  (19383): allocate(c2.android.mp3.decoder)
11-12 09:13:29.329 I/CCodec  (19383): Created component [c2.android.mp3.decoder] for [c2.android.mp3.decoder]
11-12 09:13:29.329 I/CCodec  (19383): Created component [c2.android.mp3.decoder] for [c2.android.mp3.decoder]
11-12 09:13:29.330 I/CCodec  (19383): Created component [c2.android.mp3.decoder] for [c2.android.mp3.decoder]
11-12 09:13:29.331 I/CCodec  (19383): Created component [c2.android.mp3.decoder] for [c2.android.mp3.decoder]
11-12 09:13:29.333 D/CCodec  (19383): allocate(c2.android.mp3.decoder)
11-12 09:13:29.335 D/CCodec  (19383): [c2.android.mp3.decoder] buffers are bound to CCodec for this session
11-12 09:13:29.339 I/CCodec  (19383): Created component [c2.android.mp3.decoder] for [c2.android.mp3.decoder]
11-12 09:13:29.340 D/CCodecBufferChannel(19383): [c2.android.mp3.decoder#530] Created input block pool with allocatorID 16 => poolID 175 - OK (0)
11-12 09:13:29.340 D/CCodec  (19383): [c2.android.mp3.decoder] buffers are bound to CCodec for this session
11-12 09:13:29.341 D/AudioManager(19383): ✅ File copy completed, flushed and synced
11-12 09:13:29.341 D/CCodec  (19383): [c2.android.mp3.decoder] buffers are bound to CCodec for this session
11-12 09:13:29.342 I/CCodecBufferChannel(19383): [c2.android.mp3.decoder#530] Created output block pool with allocatorID 16 => poolID 51084 - OK
11-12 09:13:29.342 D/CCodecBufferChannel(19383): [c2.android.mp3.decoder#530] Configured output block pool ids 51084 => OK
11-12 09:13:29.342 D/AudioManager(19383): 🔄 Running GC and waiting for file descriptor cleanup...
11-12 09:13:29.343 D/CCodec  (19383): [c2.android.mp3.decoder] buffers are bound to CCodec for this session
11-12 09:13:29.347 D/CCodecBufferChannel(19383): [c2.android.mp3.decoder#684] Created input block pool with allocatorID 16 => poolID 176 - OK (0)
11-12 09:13:29.347 D/CCodecBufferChannel(19383): [c2.android.mp3.decoder#839] Created input block pool with allocatorID 16 => poolID 177 - OK (0)
11-12 09:13:29.347 D/CCodecBufferChannel(19383): [c2.android.mp3.decoder#116] Created input block pool with allocatorID 16 => poolID 178 - OK (0)
11-12 09:13:29.348 D/CCodec  (19383): [c2.android.mp3.decoder] buffers are bound to CCodec for this session
11-12 09:13:29.348 I/CCodecBufferChannel(19383): [c2.android.mp3.decoder#684] Created output block pool with allocatorID 16 => poolID 51085 - OK
11-12 09:13:29.349 D/CCodecBufferChannel(19383): [c2.android.mp3.decoder#684] Configured output block pool ids 51085 => OK
11-12 09:13:29.349 I/CCodecBufferChannel(19383): [c2.android.mp3.decoder#839] Created output block pool with allocatorID 16 => poolID 51086 - OK
11-12 09:13:29.349 D/CCodecBufferChannel(19383): [c2.android.mp3.decoder#839] Configured output block pool ids 51086 => OK
11-12 09:13:29.350 I/CCodecBufferChannel(19383): [c2.android.mp3.decoder#116] Created output block pool with allocatorID 16 => poolID 51087 - OK
11-12 09:13:29.350 D/CCodecBufferChannel(19383): [c2.android.mp3.decoder#116] Configured output block pool ids 51087 => OK
11-12 09:13:29.352 D/CCodecBufferChannel(19383): [c2.android.mp3.decoder#374] Created input block pool with allocatorID 16 => poolID 179 - OK (0)
11-12 09:13:29.353 D/CCodec  (19383): [c2.android.mp3.decoder] buffers are bound to CCodec for this session
11-12 09:13:29.355 I/CCodecBufferChannel(19383): [c2.android.mp3.decoder#374] Created output block pool with allocatorID 16 => poolID 51088 - OK
11-12 09:13:29.355 D/CCodecBufferChannel(19383): [c2.android.mp3.decoder#374] Configured output block pool ids 51088 => OK
11-12 09:13:29.357 I/C2SoftMp3Dec( 1642): Reconfiguring decoder: 0->44100 Hz, 0->2 channels
11-12 09:13:29.358 D/CCodecBufferChannel(19383): [c2.android.mp3.decoder#423] Created input block pool with allocatorID 16 => poolID 180 - OK (0)
11-12 09:13:29.359 I/CCodecBufferChannel(19383): [c2.android.mp3.decoder#423] Created output block pool with allocatorID 16 => poolID 51089 - OK
11-12 09:13:29.359 D/CCodecBufferChannel(19383): [c2.android.mp3.decoder#423] Configured output block pool ids 51089 => OK
11-12 09:13:29.361 I/C2SoftMp3Dec( 1642): Reconfiguring decoder: 0->44100 Hz, 0->2 channels
11-12 09:13:29.363 I/C2SoftMp3Dec( 1642): Reconfiguring decoder: 0->44100 Hz, 0->2 channels
11-12 09:13:29.364 I/C2SoftMp3Dec( 1642): Reconfiguring decoder: 0->44100 Hz, 0->2 channels
11-12 09:13:29.372 I/C2SoftMp3Dec( 1642): Reconfiguring decoder: 0->44100 Hz, 0->2 channels
11-12 09:13:29.373 I/C2SoftMp3Dec( 1642): Reconfiguring decoder: 0->44100 Hz, 0->2 channels
11-12 09:13:29.457 D/AudioManager(19383): ✅ Temp file verification passed: 6746387 bytes
11-12 09:13:29.458 D/AudioManager(19383): Successfully copied URI to temp file: /data/user/0/com.example.mobiledigger/cache/aiff_temp_364391881421767463.aiff (6.43MB in 173ms, 37.19MB/s)
11-12 09:13:29.458 D/AudioManager(19383): ✅ Copied to temp file for VLC: /data/user/0/com.example.mobiledigger/cache/aiff_temp_364391881421767463.aiff
11-12 09:13:29.461 D/VlcAudioBackend(19383): 🔄 Setting VLC data source: file:///data/user/0/com.example.mobiledigger/cache/aiff_temp_364391881421767463.aiff
11-12 09:13:29.461 D/VLC     (19383): [b40000705be9c6a0/529c] libvlc input: Creating an input for 'aiff_temp_364391881421767463.aiff'
11-12 09:13:29.465 D/AudioManager(19383): ✅ VLC playback initiated
11-12 09:13:29.465 D/MusicService(19445): updateNotificationData - Title: primary:Trial now/Mogo/NEW 2@25/2025 - 60/COMERCIAL/ROSE X BRUNO MARS - APT Isi Xtd. Remix.mp3, Playing: true, Position: 0, Duration: 0
11-12 09:13:29.466 D/MusicService(19445): MediaSession player updated - Title: primary:Trial now/Mogo/NEW 2@25/2025 - 60/COMERCIAL/ROSE X BRUNO MARS - APT Isi Xtd. Remix.mp3, Playing: true, Position: 0
11-12 09:13:29.466 D/AudioManager(19383): ✅ VLC playback successful for: ROSE X BRUNO MARS - APT Isi Xtd. Remix.mp3
11-12 09:13:29.467 D/MediaSessionService( 1884): onSessionPlaybackStateChanged: record=com.example.mobiledigger/MobileDigger/1113 (userId=0) playbackState=PlaybackState {state=PLAYING(3), position=0, buffered position=0, speed=1.0, updated=700868606, actions=895, custom actions=[], active item id=-1, error=null}
11-12 09:13:29.468 D/PerformanceProfiler(19383): 📊 AudioManager.playFile[ROSE X BRUNO MARS - APT Isi Xtd. Remix.mp3] took 338ms
11-12 09:13:29.469 D/MusicViewModel(19383): 📁 LOAD_CURRENT_FILE() - playback started successfully for ROSE X BRUNO MARS - APT Isi Xtd. Remix.mp3
11-12 09:13:29.469 D/MusicViewModel(19383): ✅ Added ROSE X BRUNO MARS - APT Isi Xtd. Remix.mp3 to played-but-not-actioned list. Total tracked: 4
11-12 09:13:29.471 D/VLC     (19383): [b40000705be9c6a0/597d] libvlc input: `file:///data/user/0/com.example.mobiledigger/cache/aiff_temp_364391881421767463.aiff' gives access `file' demux `any' path `/data/user/0/com.example.mobiledigger/cache/aiff_temp_364391881421767463.aiff'
11-12 09:13:29.471 D/VLC     (19383): [b4000070dbe9cac0/597d] libvlc input source: creating demux: access='file' demux='any' location='/data/user/0/com.example.mobiledigger/cache/aiff_temp_364391881421767463.aiff' file='/data/user/0/com.example.mobiledigger/cache/aiff_temp_364391881421767463.aiff'
11-12 09:13:29.473 D/VLC     (19383): [b40000708bedf7e0/597d] libvlc stream: creating access: file:///data/user/0/com.example.mobiledigger/cache/aiff_temp_364391881421767463.aiff
11-12 09:13:29.473 D/VLC     (19383): [b40000708bedf7e0/597d] libvlc stream:  (path: /data/user/0/com.example.mobiledigger/cache/aiff_temp_364391881421767463.aiff)
11-12 09:13:29.478 D/MusicService(19445): Extracting cover art from: file:///data/user/0/com.example.mobiledigger/cache/aiff_temp_364391881421767463.aiff
11-12 09:13:29.484 D/MediaProvider( 4276): Open with FUSE. FilePath: /storage/emulated/0/Trial now/Mogo/NEW 2@25/2025 - 60/COMERCIAL/ROSE X BRUNO MARS - APT Isi Xtd. Remix.mp3. Uid: 10082. Media Capabilities Uid: 0. ShouldRedact: false. ShouldTranscode: false
11-12 09:13:29.496 D/VLC     (19383): [b4000070dbe9cac0/597d] libvlc input source: attachment of directory-extractor failed for file:///data/user/0/com.example.mobiledigger/cache/aiff_temp_364391881421767463.aiff
11-12 09:13:29.496 D/VLC     (19383): [b4000070dbe9cac0/597d] libvlc input source: creating demux: access='file' demux='any' location='/data/user/0/com.example.mobiledigger/cache/aiff_temp_364391881421767463.aiff' file='/data/user/0/com.example.mobiledigger/cache/aiff_temp_364391881421767463.aiff'
11-12 09:13:29.496 D/VLC     (19383): [b40000707be81de0/597d] libvlc demux: looking for demux module matching "aiff": 50 candidates
11-12 09:13:29.497 D/VLC     (19383): [b40000708bec9ba0/597d] libvlc stream: creating access: file:///data/user/0/com.example.mobiledigger/cache/aiff_temp_364391881421767463.aiff
11-12 09:13:29.497 D/VLC     (19383): [b40000708bec9ba0/597d] libvlc stream:  (path: /data/user/0/com.example.mobiledigger/cache/aiff_temp_364391881421767463.aiff)
11-12 09:13:29.497 D/VLC     (19383): [b40000705be9c6a0/597d] libvlc input: `file:///data/user/0/com.example.mobiledigger/cache/aiff_temp_364391881421767463.aiff' successfully opened
11-12 09:13:29.499 D/MediaProvider( 4276): Open with FUSE. FilePath: /storage/emulated/0/Trial now/Mogo/NEW 2@25/2025 - 60/COMERCIAL/ROSE X BRUNO MARS - APT Isi Xtd. Remix.mp3. Uid: 10082. Media Capabilities Uid: 0. ShouldRedact: false. ShouldTranscode: false
11-12 09:13:29.523 D/MusicViewModel(19383): 📁 LOAD_CURRENT_FILE() - extracted duration (IO): 154149ms
11-12 09:13:29.573 D/MusicViewModel(19383): Skipping preload (sizeMb=10, vlc=true, recentGc=false) for RUBY - VIATA MEA Isi Xtd. Remix.mp3
11-12 09:13:29.583 D/MusicService(19445): Successfully extracted cover art: 1182x1182
