11-12 09:07:50.688 I/NullBinder( 4275): NullBinder for android.net.action.RECOMMEND_NETWORKS triggering remote TransactionTooLargeException due to Service without Chimera impl, calling uid: 1000, calling pid: 0
11-12 09:07:53.151 D/MusicViewModel(19383): 📁 LOAD_CURRENT_FILE() - loading file: EDWARD MAYA X COSTI - SO SEXY Radio Vrs..mp3
11-12 09:07:53.151 D/MusicViewModel(19383): 📁 LOAD_CURRENT_FILE() - updated current playing file to: EDWARD MAYA X COSTI - SO SEXY Radio Vrs..mp3 (URI: content://com.android.externalstorage.documents/tree/primary%3ATrial%20now%2FMogo/document/primary%3ATrial%20now%2FMogo%2FNEW%202%4025%2F2025%20-%2060%2FCOMERCIAL%2FEDWARD%20MAYA%20X%20COSTI%20-%20SO%20SEXY%20Radio%20Vrs..mp3)
11-12 09:07:53.151 D/MusicViewModel(19383): 📁 LOAD_CURRENT_FILE() - preloaded next file: EDWARD SANDA - ZICI CA AI COPILARIT LA ROMA Disk Jokers Xtd. Remix.mp3
11-12 09:07:53.152 D/MusicViewModel(19383): 📁 LOAD_CURRENT_FILE() - calling audioManager.playFile() [IO]
11-12 09:07:53.153 D/AudioManager(19383): 🎵 Starting playback for: EDWARD MAYA X COSTI - SO SEXY Radio Vrs..mp3
11-12 09:07:53.153 D/AudioManager(19383): 📁 File URI: content://com.android.externalstorage.documents/tree/primary%3ATrial%20now%2FMogo/document/primary%3ATrial%20now%2FMogo%2FNEW%202%4025%2F2025%20-%2060%2FCOMERCIAL%2FEDWARD%20MAYA%20X%20COSTI%20-%20SO%20SEXY%20Radio%20Vrs..mp3
11-12 09:07:53.153 D/AudioManager(19383): 🧹 Ensuring clean state before playback...
11-12 09:07:53.154 D/AudioManager(19383): 🛑 Stopping all playback before starting new file
11-12 09:07:53.155 D/AudioManager(19383): 🧹 Cleaning up VLC backend...
11-12 09:07:53.155 D/AudioManager(19383): 🛑 Stopping VLC playback...
11-12 09:07:53.179 D/VLC     (19383): [b40000705be91180/4bf1] libvlc input: Destroying the input for 'aiff_temp_2914114488136170659.aiff'
11-12 09:07:53.180 D/AudioManager(19383): ✅ VLC stopped
11-12 09:07:53.180 D/AudioManager(19383): ✅ VLC reset completed
11-12 09:07:53.181 D/AudioManager(19383): 🧹 Cleaning up FFmpegMediaPlayer...
11-12 09:07:53.181 D/AudioManager(19383): 🔄 Resetting FFmpegMediaPlayer state...
11-12 09:07:53.219 W/EffectProxy( 1488): runWithActiveSubEffectThenOthers active sub-effect return error Status(-4, EX_NULL_POINTER): 'activeSubEffectNull'
11-12 09:07:53.265 D/WaveformGenerator(19383): Starting waveform generation for: EDWARD MAYA X COSTI - SO SEXY Radio Vrs..mp3
11-12 09:07:53.266 D/WaveformGenerator(19383): File size: 7.1MB
11-12 09:07:53.267 D/WaveformGenerator(19383): Generating waveform for: EDWARD MAYA X COSTI - SO SEXY Radio Vrs..mp3
11-12 09:07:53.268 D/WaveformGenerator(19383): Requesting 256 samples for any duration
11-12 09:07:53.269 D/WaveformGenerator(19383): 📺 SharedWaveformDisplay - Received waveform: 256 samples
11-12 09:07:53.269 D/WaveformGenerator(19383): 📺 SharedWaveformDisplay - Min: 30, Max: 85, Avg: 73
11-12 09:07:53.269 D/WaveformGenerator(19383): 📺 SharedWaveformDisplay - First 10: 64, 63, 69, 75, 77, 78, 74, 66, 62, 54
11-12 09:07:53.301 D/MediaProvider( 4276): Open with FUSE. FilePath: /storage/emulated/0/Trial now/Mogo/NEW 2@25/2025 - 60/COMERCIAL/EDWARD MAYA X COSTI - SO SEXY Radio Vrs..mp3. Uid: 10082. Media Capabilities Uid: 0. ShouldRedact: false. ShouldTranscode: false
11-12 09:07:53.314 D/AudioManager(19383): ExoPlayer cleared
11-12 09:07:53.314 D/AudioManager(19383): All playback stopped successfully
11-12 09:07:53.315 D/AudioManager(19383): 🔄 Starting VLC playback for: content://com.android.externalstorage.documents/tree/primary%3ATrial%20now%2FMogo/document/primary%3ATrial%20now%2FMogo%2FNEW%202%4025%2F2025%20-%2060%2FCOMERCIAL%2FEDWARD%20MAYA%20X%20COSTI%20-%20SO%20SEXY%20Radio%20Vrs..mp3
11-12 09:07:53.315 D/AudioManager(19383): 🔄 Starting copyUriToTempFile for: content://com.android.externalstorage.documents/tree/primary%3ATrial%20now%2FMogo/document/primary%3ATrial%20now%2FMogo%2FNEW%202%4025%2F2025%20-%2060%2FCOMERCIAL%2FEDWARD%20MAYA%20X%20COSTI%20-%20SO%20SEXY%20Radio%20Vrs..mp3
11-12 09:07:53.316 D/AudioManager(19383): 📁 Temp file created: /data/user/0/com.example.mobiledigger/cache/aiff_temp_698153847746300543.aiff
11-12 09:07:53.321 D/CCodec  (19383): allocate(c2.android.mp3.decoder)
11-12 09:07:53.323 D/MediaProvider( 4276): Open with FUSE. FilePath: /storage/emulated/0/Trial now/Mogo/NEW 2@25/2025 - 60/COMERCIAL/EDWARD MAYA X COSTI - SO SEXY Radio Vrs..mp3. Uid: 10082. Media Capabilities Uid: 0. ShouldRedact: false. ShouldTranscode: false
11-12 09:07:53.333 I/CCodec  (19383): Created component [c2.android.mp3.decoder] for [c2.android.mp3.decoder]
11-12 09:07:53.344 D/CCodec  (19383): [c2.android.mp3.decoder] buffers are bound to CCodec for this session
11-12 09:07:53.349 D/CCodecBufferChannel(19383): [c2.android.mp3.decoder#516] Created input block pool with allocatorID 16 => poolID 110 - OK (0)
11-12 09:07:53.358 I/CCodecBufferChannel(19383): [c2.android.mp3.decoder#516] Created output block pool with allocatorID 16 => poolID 50947 - OK
11-12 09:07:53.358 D/CCodecBufferChannel(19383): [c2.android.mp3.decoder#516] Configured output block pool ids 50947 => OK
11-12 09:07:53.359 D/CCodecBufferChannel(19383): [c2.android.mp3.decoder#516] MediaCodec discarded an unknown buffer
11-12 09:07:53.359 D/CCodecBufferChannel(19383): [c2.android.mp3.decoder#516] MediaCodec discarded an unknown buffer
11-12 09:07:53.359 D/CCodecBufferChannel(19383): [c2.android.mp3.decoder#516] MediaCodec discarded an unknown buffer
11-12 09:07:53.360 D/CCodecBufferChannel(19383): [c2.android.mp3.decoder#516] MediaCodec discarded an unknown buffer
11-12 09:07:53.365 D/AudioManager(19383): ✅ File copy completed, flushed and synced
11-12 09:07:53.366 D/AudioManager(19383): 🔄 Running GC and waiting for file descriptor cleanup...
11-12 09:07:53.369 D/MediaProvider( 4276): Open with FUSE. FilePath: /storage/emulated/0/Trial now/Mogo/NEW 2@25/2025 - 60/COMERCIAL/EDWARD MAYA X COSTI - SO SEXY Radio Vrs..mp3. Uid: 10082. Media Capabilities Uid: 0. ShouldRedact: false. ShouldTranscode: false
11-12 09:07:53.371 D/MediaProvider( 4276): Open with FUSE. FilePath: /storage/emulated/0/Trial now/Mogo/NEW 2@25/2025 - 60/COMERCIAL/EDWARD MAYA X COSTI - SO SEXY Radio Vrs..mp3. Uid: 10082. Media Capabilities Uid: 0. ShouldRedact: false. ShouldTranscode: false
11-12 09:07:53.372 D/MediaProvider( 4276): Open with FUSE. FilePath: /storage/emulated/0/Trial now/Mogo/NEW 2@25/2025 - 60/COMERCIAL/EDWARD MAYA X COSTI - SO SEXY Radio Vrs..mp3. Uid: 10082. Media Capabilities Uid: 0. ShouldRedact: false. ShouldTranscode: false
11-12 09:07:53.372 D/MediaProvider( 4276): Open with FUSE. FilePath: /storage/emulated/0/Trial now/Mogo/NEW 2@25/2025 - 60/COMERCIAL/EDWARD MAYA X COSTI - SO SEXY Radio Vrs..mp3. Uid: 10082. Media Capabilities Uid: 0. ShouldRedact: false. ShouldTranscode: false
11-12 09:07:53.375 D/MediaProvider( 4276): Open with FUSE. FilePath: /storage/emulated/0/Trial now/Mogo/NEW 2@25/2025 - 60/COMERCIAL/EDWARD MAYA X COSTI - SO SEXY Radio Vrs..mp3. Uid: 10082. Media Capabilities Uid: 0. ShouldRedact: false. ShouldTranscode: false
11-12 09:07:53.378 D/MediaProvider( 4276): Open with FUSE. FilePath: /storage/emulated/0/Trial now/Mogo/NEW 2@25/2025 - 60/COMERCIAL/EDWARD MAYA X COSTI - SO SEXY Radio Vrs..mp3. Uid: 10082. Media Capabilities Uid: 0. ShouldRedact: false. ShouldTranscode: false
11-12 09:07:53.385 D/CCodec  (19383): allocate(c2.android.mp3.decoder)
11-12 09:07:53.392 I/CCodec  (19383): Created component [c2.android.mp3.decoder] for [c2.android.mp3.decoder]
11-12 09:07:53.392 D/CCodec  (19383): allocate(c2.android.mp3.decoder)
11-12 09:07:53.392 D/CCodec  (19383): allocate(c2.android.mp3.decoder)
11-12 09:07:53.393 D/CCodec  (19383): allocate(c2.android.mp3.decoder)
11-12 09:07:53.394 D/CCodec  (19383): allocate(c2.android.mp3.decoder)
11-12 09:07:53.395 I/CCodec  (19383): Created component [c2.android.mp3.decoder] for [c2.android.mp3.decoder]
11-12 09:07:53.397 D/CCodec  (19383): allocate(c2.android.mp3.decoder)
11-12 09:07:53.397 I/CCodec  (19383): Created component [c2.android.mp3.decoder] for [c2.android.mp3.decoder]
11-12 09:07:53.398 I/CCodec  (19383): Created component [c2.android.mp3.decoder] for [c2.android.mp3.decoder]
11-12 09:07:53.398 I/CCodec  (19383): Created component [c2.android.mp3.decoder] for [c2.android.mp3.decoder]
11-12 09:07:53.402 D/CCodec  (19383): [c2.android.mp3.decoder] buffers are bound to CCodec for this session
11-12 09:07:53.405 D/AudioManager(19383): ✅ Temp file verification passed: 7449668 bytes
11-12 09:07:53.406 D/AudioManager(19383): Successfully copied URI to temp file: /data/user/0/com.example.mobiledigger/cache/aiff_temp_698153847746300543.aiff (7.10MB in 90ms, 78.94MB/s)
11-12 09:07:53.406 I/CCodec  (19383): Created component [c2.android.mp3.decoder] for [c2.android.mp3.decoder]
11-12 09:07:53.406 D/AudioManager(19383): ✅ Copied to temp file for VLC: /data/user/0/com.example.mobiledigger/cache/aiff_temp_698153847746300543.aiff
11-12 09:07:53.407 D/CCodec  (19383): [c2.android.mp3.decoder] buffers are bound to CCodec for this session
11-12 09:07:53.407 D/VlcAudioBackend(19383): 🔄 Setting VLC data source: file:///data/user/0/com.example.mobiledigger/cache/aiff_temp_698153847746300543.aiff
11-12 09:07:53.407 D/CCodecBufferChannel(19383): [c2.android.mp3.decoder#730] Created input block pool with allocatorID 16 => poolID 111 - OK (0)
11-12 09:07:53.408 D/VLC     (19383): [b40000705be85250/4bf1] libvlc input: Creating an input for 'aiff_temp_698153847746300543.aiff'
11-12 09:07:53.408 I/CCodecBufferChannel(19383): [c2.android.mp3.decoder#730] Created output block pool with allocatorID 16 => poolID 50954 - OK
11-12 09:07:53.408 D/CCodecBufferChannel(19383): [c2.android.mp3.decoder#730] Configured output block pool ids 50954 => OK
11-12 09:07:53.409 D/VLC     (19383): [b40000705be85250/544f] libvlc input: `file:///data/user/0/com.example.mobiledigger/cache/aiff_temp_698153847746300543.aiff' gives access `file' demux `any' path `/data/user/0/com.example.mobiledigger/cache/aiff_temp_698153847746300543.aiff'
11-12 09:07:53.409 D/VLC     (19383): [b4000070dbea4e60/544f] libvlc input source: creating demux: access='file' demux='any' location='/data/user/0/com.example.mobiledigger/cache/aiff_temp_698153847746300543.aiff' file='/data/user/0/com.example.mobiledigger/cache/aiff_temp_698153847746300543.aiff'
11-12 09:07:53.409 D/VLC     (19383): [b40000708beaca20/544f] libvlc stream: creating access: file:///data/user/0/com.example.mobiledigger/cache/aiff_temp_698153847746300543.aiff
11-12 09:07:53.409 D/VLC     (19383): [b40000708beaca20/544f] libvlc stream:  (path: /data/user/0/com.example.mobiledigger/cache/aiff_temp_698153847746300543.aiff)
11-12 09:07:53.409 D/AudioManager(19383): ✅ VLC playback initiated
11-12 09:07:53.410 D/AudioManager(19383): ✅ VLC playback successful for: EDWARD MAYA X COSTI - SO SEXY Radio Vrs..mp3
11-12 09:07:53.410 D/CCodec  (19383): [c2.android.mp3.decoder] buffers are bound to CCodec for this session
11-12 09:07:53.410 D/PerformanceProfiler(19383): 📊 AudioManager.playFile[EDWARD MAYA X COSTI - SO SEXY Radio Vrs..mp3] took 258ms
11-12 09:07:53.410 D/MusicService(19445): updateNotificationData - Title: primary:Trial now/Mogo/NEW 2@25/2025 - 60/COMERCIAL/EDWARD MAYA X COSTI - SO SEXY Radio Vrs..mp3, Playing: true, Position: 0, Duration: 0
11-12 09:07:53.411 D/MusicService(19445): MediaSession player updated - Title: primary:Trial now/Mogo/NEW 2@25/2025 - 60/COMERCIAL/EDWARD MAYA X COSTI - SO SEXY Radio Vrs..mp3, Playing: true, Position: 0
11-12 09:07:53.412 D/CCodec  (19383): [c2.android.mp3.decoder] buffers are bound to CCodec for this session
11-12 09:07:53.412 D/CCodec  (19383): [c2.android.mp3.decoder] buffers are bound to CCodec for this session
11-12 09:07:53.412 D/CCodecBufferChannel(19383): [c2.android.mp3.decoder#310] Created input block pool with allocatorID 16 => poolID 112 - OK (0)
11-12 09:07:53.412 D/MediaSessionService( 1884): onSessionPlaybackStateChanged: record=com.example.mobiledigger/MobileDigger/1113 (userId=0) playbackState=PlaybackState {state=PLAYING(3), position=0, buffered position=0, speed=1.0, updated=700532552, actions=895, custom actions=[], active item id=-1, error=null}
11-12 09:07:53.413 I/CCodecBufferChannel(19383): [c2.android.mp3.decoder#310] Created output block pool with allocatorID 16 => poolID 50955 - OK
11-12 09:07:53.413 D/CCodecBufferChannel(19383): [c2.android.mp3.decoder#310] Configured output block pool ids 50955 => OK
11-12 09:07:53.414 D/CCodecBufferChannel(19383): [c2.android.mp3.decoder#781] Created input block pool with allocatorID 16 => poolID 113 - OK (0)
11-12 09:07:53.416 I/CCodecBufferChannel(19383): [c2.android.mp3.decoder#781] Created output block pool with allocatorID 16 => poolID 50956 - OK
11-12 09:07:53.416 D/CCodecBufferChannel(19383): [c2.android.mp3.decoder#781] Configured output block pool ids 50956 => OK
11-12 09:07:53.418 D/CCodecBufferChannel(19383): [c2.android.mp3.decoder#748] Created input block pool with allocatorID 16 => poolID 114 - OK (0)
11-12 09:07:53.419 D/CCodec  (19383): [c2.android.mp3.decoder] buffers are bound to CCodec for this session
11-12 09:07:53.419 I/CCodecBufferChannel(19383): [c2.android.mp3.decoder#748] Created output block pool with allocatorID 16 => poolID 50957 - OK
11-12 09:07:53.419 D/CCodecBufferChannel(19383): [c2.android.mp3.decoder#748] Configured output block pool ids 50957 => OK
11-12 09:07:53.421 D/CCodecBufferChannel(19383): [c2.android.mp3.decoder#108] Created input block pool with allocatorID 16 => poolID 115 - OK (0)
11-12 09:07:53.422 D/MusicService(19445): Extracting cover art from: file:///data/user/0/com.example.mobiledigger/cache/aiff_temp_698153847746300543.aiff
11-12 09:07:53.423 I/C2SoftMp3Dec( 1642): Reconfiguring decoder: 0->44100 Hz, 0->2 channels
11-12 09:07:53.423 I/C2SoftMp3Dec( 1642): Reconfiguring decoder: 0->44100 Hz, 0->2 channels
11-12 09:07:53.424 D/CCodecBufferChannel(19383): [c2.android.mp3.decoder#401] Created input block pool with allocatorID 16 => poolID 116 - OK (0)
11-12 09:07:53.424 D/VLC     (19383): [b4000070dbea4e60/544f] libvlc input source: attachment of directory-extractor failed for file:///data/user/0/com.example.mobiledigger/cache/aiff_temp_698153847746300543.aiff
11-12 09:07:53.424 D/VLC     (19383): [b4000070dbea4e60/544f] libvlc input source: creating demux: access='file' demux='any' location='/data/user/0/com.example.mobiledigger/cache/aiff_temp_698153847746300543.aiff' file='/data/user/0/com.example.mobiledigger/cache/aiff_temp_698153847746300543.aiff'
11-12 09:07:53.424 D/VLC     (19383): [b40000707bebc4e0/544f] libvlc demux: looking for demux module matching "aiff": 50 candidates
11-12 09:07:53.425 I/CCodecBufferChannel(19383): [c2.android.mp3.decoder#108] Created output block pool with allocatorID 16 => poolID 50958 - OK
11-12 09:07:53.425 I/CCodecBufferChannel(19383): [c2.android.mp3.decoder#401] Created output block pool with allocatorID 16 => poolID 50959 - OK
11-12 09:07:53.425 D/CCodecBufferChannel(19383): [c2.android.mp3.decoder#401] Configured output block pool ids 50959 => OK
11-12 09:07:53.425 D/CCodecBufferChannel(19383): [c2.android.mp3.decoder#108] Configured output block pool ids 50958 => OK
11-12 09:07:53.427 D/VLC     (19383): [b40000708bed9420/544f] libvlc stream: creating access: file:///data/user/0/com.example.mobiledigger/cache/aiff_temp_698153847746300543.aiff
11-12 09:07:53.427 D/VLC     (19383): [b40000708bed9420/544f] libvlc stream:  (path: /data/user/0/com.example.mobiledigger/cache/aiff_temp_698153847746300543.aiff)
11-12 09:07:53.428 D/VLC     (19383): [b40000705be85250/544f] libvlc input: `file:///data/user/0/com.example.mobiledigger/cache/aiff_temp_698153847746300543.aiff' successfully opened
11-12 09:07:53.429 D/MusicViewModel(19383): 📁 LOAD_CURRENT_FILE() - playback started successfully for EDWARD MAYA X COSTI - SO SEXY Radio Vrs..mp3
11-12 09:07:53.429 D/MusicViewModel(19383): ✅ Added EDWARD MAYA X COSTI - SO SEXY Radio Vrs..mp3 to played-but-not-actioned list. Total tracked: 5
11-12 09:07:53.430 I/C2SoftMp3Dec( 1642): Reconfiguring decoder: 0->44100 Hz, 0->2 channels
11-12 09:07:53.433 I/C2SoftMp3Dec( 1642): Reconfiguring decoder: 0->44100 Hz, 0->2 channels
11-12 09:07:53.437 I/C2SoftMp3Dec( 1642): Reconfiguring decoder: 0->44100 Hz, 0->2 channels
11-12 09:07:53.445 I/C2SoftMp3Dec( 1642): Reconfiguring decoder: 0->44100 Hz, 0->2 channels
11-12 09:07:53.445 W/Binder  (14295): Caught a RuntimeException from the binder stub implementation.
11-12 09:07:53.445 W/Binder  (14295): java.lang.UnsupportedOperationException
11-12 09:07:53.449 D/MediaProvider( 4276): Open with FUSE. FilePath: /storage/emulated/0/Trial now/Mogo/NEW 2@25/2025 - 60/COMERCIAL/EDWARD MAYA X COSTI - SO SEXY Radio Vrs..mp3. Uid: 10082. Media Capabilities Uid: 0. ShouldRedact: false. ShouldTranscode: false
11-12 09:07:53.461 W/Binder  (14295): Caught a RuntimeException from the binder stub implementation.
11-12 09:07:53.461 W/Binder  (14295): java.lang.UnsupportedOperationException
11-12 09:07:53.466 D/MediaProvider( 4276): Open with FUSE. FilePath: /storage/emulated/0/Trial now/Mogo/NEW 2@25/2025 - 60/COMERCIAL/EDWARD MAYA X COSTI - SO SEXY Radio Vrs..mp3. Uid: 10082. Media Capabilities Uid: 0. ShouldRedact: false. ShouldTranscode: false
11-12 09:07:53.493 D/MusicService(19445): Successfully extracted cover art: 1182x1182
11-12 09:07:53.499 D/MusicService(19445): Notification created (VLC-exact) - Title: primary:Trial now/Mogo/NEW 2@25/2025 - 60/COMERCIAL/EDWARD MAYA X COSTI - SO SEXY Radio Vrs..mp3, Playing: true, Seekable: false, Compact: [1, 2, 3]
11-12 09:07:53.502 D/MusicViewModel(19383): 📁 LOAD_CURRENT_FILE() - extracted duration (IO): 171729ms
11-12 09:07:53.503 D/MusicService(19445): updateNotificationData - Title: EDWARD MAYA X COSTI - SO SEXY Radio Vrs..mp3, Playing: true, Position: 0, Duration: 0
11-12 09:07:53.504 D/MusicService(19445): MediaSession player updated - Title: EDWARD MAYA X COSTI - SO SEXY Radio Vrs..mp3, Playing: true, Position: 0
11-12 09:07:53.504 D/MediaSessionService( 1884): onSessionPlaybackStateChanged: record=com.example.mobiledigger/MobileDigger/1113 (userId=0) playbackState=PlaybackState {state=PLAYING(3), position=0, buffered position=0, speed=1.0, updated=700532644, actions=895, custom actions=[], active item id=-1, error=null}
11-12 09:07:53.508 D/MusicService(19445): Extracting cover art from: content://com.android.externalstorage.documents/tree/primary%3ATrial%20now%2FMogo/document/primary%3ATrial%20now%2FMogo%2FNEW%202%4025%2F2025%20-%2060%2FCOMERCIAL%2FEDWARD%20MAYA%20X%20COSTI%20-%20SO%20SEXY%20Radio%20Vrs..mp3
11-12 09:07:53.514 D/MusicViewModel(19383): Skipping preload (sizeMb=9, vlc=true, recentGc=false) for EDWARD SANDA - ZICI CA AI COPILARIT LA ROMA Disk Jokers Xtd. Remix.mp3
11-12 09:07:53.527 D/MediaProvider( 4276): Open with FUSE. FilePath: /storage/emulated/0/Trial now/Mogo/NEW 2@25/2025 - 60/COMERCIAL/EDWARD MAYA X COSTI - SO SEXY Radio Vrs..mp3. Uid: 10082. Media Capabilities Uid: 0. ShouldRedact: false. ShouldTranscode: false
11-12 09:07:53.619 D/MusicService(19445): Successfully extracted cover art: 1182x1182
11-12 09:07:53.620 D/MusicService(19445): Notification created (VLC-exact) - Title: EDWARD MAYA X COSTI - SO SEXY Radio Vrs..mp3, Playing: true, Seekable: false, Compact: [1, 2, 3]
11-12 09:07:53.644 D/MusicService(19445): Extracting cover art from: content://com.android.externalstorage.documents/tree/primary%3ATrial%20now%2FMogo/document/primary%3ATrial%20now%2FMogo%2FNEW%202%4025%2F2025%20-%2060%2FCOMERCIAL%2FEDWARD%20MAYA%20X%20COSTI%20-%20SO%20SEXY%20Radio%20Vrs..mp3
11-12 09:07:53.659 D/MediaProvider( 4276): Open with FUSE. FilePath: /storage/emulated/0/Trial now/Mogo/NEW 2@25/2025 - 60/COMERCIAL/EDWARD MAYA X COSTI - SO SEXY Radio Vrs..mp3. Uid: 10082. Media Capabilities Uid: 0. ShouldRedact: false. ShouldTranscode: false
11-12 09:07:53.722 D/MusicService(19445): Successfully extracted cover art: 1182x1182
11-12 09:07:53.723 D/MusicService(19445): Notification created (VLC-exact) - Title: EDWARD MAYA X COSTI - SO SEXY Radio Vrs..mp3, Playing: true, Seekable: false, Compact: [1, 2, 3]
11-12 09:07:53.728 D/MusicService(19445): updateNotificationData - Title: EDWARD MAYA X COSTI - SO SEXY Radio Vrs..mp3, Playing: true, Position: 0, Duration: 171758
11-12 09:07:53.728 D/MusicService(19445): MediaSession player updated - Title: EDWARD MAYA X COSTI - SO SEXY Radio Vrs..mp3, Playing: true, Position: 0
11-12 09:07:53.729 D/MediaSessionService( 1884): onSessionPlaybackStateChanged: record=com.example.mobiledigger/MobileDigger/1113 (userId=0) playbackState=PlaybackState {state=PLAYING(3), position=0, buffered position=0, speed=1.0, updated=700532869, actions=895, custom actions=[], active item id=-1, error=null}
11-12 09:07:53.733 D/MusicService(19445): Extracting cover art from: content://com.android.externalstorage.documents/tree/primary%3ATrial%20now%2FMogo/document/primary%3ATrial%20now%2FMogo%2FNEW%202%4025%2F2025%20-%2060%2FCOMERCIAL%2FEDWARD%20MAYA%20X%20COSTI%20-%20SO%20SEXY%20Radio%20Vrs..mp3
11-12 09:07:53.749 D/MediaProvider( 4276): Open with FUSE. FilePath: /storage/emulated/0/Trial now/Mogo/NEW 2@25/2025 - 60/COMERCIAL/EDWARD MAYA X COSTI - SO SEXY Radio Vrs..mp3. Uid: 10082. Media Capabilities Uid: 0. ShouldRedact: false. ShouldTranscode: false
11-12 09:07:53.816 D/MusicService(19445): Successfully extracted cover art: 1182x1182
11-12 09:07:53.817 I/NullBinder( 4275): NullBinder for android.net.action.RECOMMEND_NETWORKS triggering remote TransactionTooLargeException due to Service without Chimera impl, calling uid: 1000, calling pid: 0
11-12 09:07:53.817 D/MusicService(19445): Notification created (VLC-exact) - Title: EDWARD MAYA X COSTI - SO SEXY Radio Vrs..mp3, Playing: true, Seekable: true, Compact: [1, 2, 3]
11-12 09:07:53.881 E/MP3Extractor( 1616): Unable to resync. Signalling end of stream.
11-12 09:07:53.884 D/CCodecBufferChannel(19383): [c2.android.mp3.decoder#108] MediaCodec discarded an unknown buffer
11-12 09:07:53.884 D/CCodecBufferChannel(19383): [c2.android.mp3.decoder#108] MediaCodec discarded an unknown buffer
11-12 09:07:53.884 D/CCodecBufferChannel(19383): [c2.android.mp3.decoder#108] MediaCodec discarded an unknown buffer
11-12 09:07:53.884 D/CCodecBufferChannel(19383): [c2.android.mp3.decoder#108] MediaCodec discarded an unknown buffer
11-12 09:07:53.884 D/CCodecBufferChannel(19383): [c2.android.mp3.decoder#108] MediaCodec discarded an unknown buffer
11-12 09:07:53.886 D/CCodecBufferChannel(19383): [c2.android.mp3.decoder#781] MediaCodec discarded an unknown buffer
11-12 09:07:53.886 D/CCodecBufferChannel(19383): [c2.android.mp3.decoder#781] MediaCodec discarded an unknown buffer
11-12 09:07:53.886 D/CCodecBufferChannel(19383): [c2.android.mp3.decoder#781] MediaCodec discarded an unknown buffer
11-12 09:07:53.886 D/CCodecBufferChannel(19383): [c2.android.mp3.decoder#781] MediaCodec discarded an unknown buffer
11-12 09:07:53.886 D/CCodecBufferChannel(19383): [c2.android.mp3.decoder#781] MediaCodec discarded an unknown buffer
11-12 09:07:53.901 D/CCodecBufferChannel(19383): [c2.android.mp3.decoder#748] MediaCodec discarded an unknown buffer
11-12 09:07:53.901 D/CCodecBufferChannel(19383): [c2.android.mp3.decoder#748] MediaCodec discarded an unknown buffer
11-12 09:07:53.901 D/CCodecBufferChannel(19383): [c2.android.mp3.decoder#748] MediaCodec discarded an unknown buffer
11-12 09:07:53.901 D/CCodecBufferChannel(19383): [c2.android.mp3.decoder#401] MediaCodec discarded an unknown buffer
11-12 09:07:53.901 D/CCodecBufferChannel(19383): [c2.android.mp3.decoder#748] MediaCodec discarded an unknown buffer
11-12 09:07:53.901 D/CCodecBufferChannel(19383): [c2.android.mp3.decoder#401] MediaCodec discarded an unknown buffer
11-12 09:07:53.901 D/CCodecBufferChannel(19383): [c2.android.mp3.decoder#401] MediaCodec discarded an unknown buffer
11-12 09:07:53.901 D/CCodecBufferChannel(19383): [c2.android.mp3.decoder#401] MediaCodec discarded an unknown buffer
11-12 09:07:53.901 D/CCodecBufferChannel(19383): [c2.android.mp3.decoder#401] MediaCodec discarded an unknown buffer
11-12 09:07:53.902 D/CCodecBufferChannel(19383): [c2.android.mp3.decoder#748] MediaCodec discarded an unknown buffer
11-12 09:07:53.914 D/CCodecBufferChannel(19383): [c2.android.mp3.decoder#310] MediaCodec discarded an unknown buffer
11-12 09:07:53.914 D/CCodecBufferChannel(19383): [c2.android.mp3.decoder#310] MediaCodec discarded an unknown buffer
11-12 09:07:53.914 D/CCodecBufferChannel(19383): [c2.android.mp3.decoder#310] MediaCodec discarded an unknown buffer
11-12 09:07:53.914 D/CCodecBufferChannel(19383): [c2.android.mp3.decoder#310] MediaCodec discarded an unknown buffer
11-12 09:07:53.914 D/CCodecBufferChannel(19383): [c2.android.mp3.decoder#310] MediaCodec discarded an unknown buffer
11-12 09:07:53.914 D/CCodecBufferChannel(19383): [c2.android.mp3.decoder#730] MediaCodec discarded an unknown buffer
11-12 09:07:53.915 D/CCodecBufferChannel(19383): [c2.android.mp3.decoder#730] MediaCodec discarded an unknown buffer
11-12 09:07:53.915 D/CCodecBufferChannel(19383): [c2.android.mp3.decoder#730] MediaCodec discarded an unknown buffer
11-12 09:07:53.915 D/CCodecBufferChannel(19383): [c2.android.mp3.decoder#730] MediaCodec discarded an unknown buffer
11-12 09:07:53.915 D/CCodecBufferChannel(19383): [c2.android.mp3.decoder#730] MediaCodec discarded an unknown buffer
11-12 09:07:53.920 D/WaveformGenerator(19383): ✅ Waveform generated: 256 samples
11-12 09:07:53.920 D/WaveformGenerator(19383): 📊 UI State - Min: 30, Max: 85, Avg: 79
11-12 09:07:53.921 D/WaveformGenerator(19383): 📊 UI State - First 10: 37, 54, 72, 80, 81, 82, 79, 69, 71, 80
11-12 09:07:53.929 D/WaveformGenerator(19383): 📊 UI State UPDATED - waveformData is now NOT NULL (256 samples)
11-12 09:07:53.944 D/WaveformGenerator(19383): 📺 SharedWaveformDisplay - Received waveform: 256 samples
11-12 09:07:53.944 D/WaveformGenerator(19383): 📺 SharedWaveformDisplay - Min: 30, Max: 85, Avg: 79
11-12 09:07:53.944 D/WaveformGenerator(19383): 📺 SharedWaveformDisplay - First 10: 37, 54, 72, 80, 81, 82, 79, 69, 71, 80
11-12 09:07:54.285 D/Debug   (19383): 🎯 Shared waveform tap seek to: 16%
11-12 09:07:56.520 D/Debug   (19383): 🎯 Shared waveform tap seek to: 24%
11-12 09:08:07.445 D/MusicViewModel(19383): 📁 LOAD_CURRENT_FILE() - loading file: EDWARD SANDA - ZICI CA AI COPILARIT LA ROMA Disk Jokers Xtd. Remix.mp3
11-12 09:08:07.446 D/MusicViewModel(19383): 📁 LOAD_CURRENT_FILE() - updated current playing file to: EDWARD SANDA - ZICI CA AI COPILARIT LA ROMA Disk Jokers Xtd. Remix.mp3 (URI: content://com.android.externalstorage.documents/tree/primary%3ATrial%20now%2FMogo/document/primary%3ATrial%20now%2FMogo%2FNEW%202%4025%2F2025%20-%2060%2FCOMERCIAL%2FEDWARD%20SANDA%20-%20ZICI%20CA%20AI%20COPILARIT%20LA%20ROMA%20Disk%20Jokers%20Xtd.%20Remix.mp3)
11-12 09:08:07.446 D/MusicViewModel(19383): 📁 LOAD_CURRENT_FILE() - preloaded next file: ENISA - PRETTY PLEASE Calvee Xtd. Remix.mp3
11-12 09:08:07.446 D/MusicViewModel(19383): 📁 LOAD_CURRENT_FILE() - calling audioManager.playFile() [IO]
11-12 09:08:07.448 D/AudioManager(19383): 🎵 Starting playback for: EDWARD SANDA - ZICI CA AI COPILARIT LA ROMA Disk Jokers Xtd. Remix.mp3
11-12 09:08:07.449 D/AudioManager(19383): 📁 File URI: content://com.android.externalstorage.documents/tree/primary%3ATrial%20now%2FMogo/document/primary%3ATrial%20now%2FMogo%2FNEW%202%4025%2F2025%20-%2060%2FCOMERCIAL%2FEDWARD%20SANDA%20-%20ZICI%20CA%20AI%20COPILARIT%20LA%20ROMA%20Disk%20Jokers%20Xtd.%20Remix.mp3
11-12 09:08:07.449 D/AudioManager(19383): 🧹 Ensuring clean state before playback...
11-12 09:08:07.450 D/AudioManager(19383): 🛑 Stopping all playback before starting new file
11-12 09:08:07.450 D/AudioManager(19383): 🧹 Cleaning up VLC backend...
11-12 09:08:07.450 D/AudioManager(19383): 🛑 Stopping VLC playback...
11-12 09:08:07.476 D/VLC     (19383): [b40000705be85250/50cc] libvlc input: Destroying the input for 'aiff_temp_698153847746300543.aiff'
11-12 09:08:07.477 D/AudioManager(19383): ✅ VLC stopped
11-12 09:08:07.478 D/AudioManager(19383): ✅ VLC reset completed
11-12 09:08:07.479 D/AudioManager(19383): 🧹 Cleaning up FFmpegMediaPlayer...
11-12 09:08:07.481 D/AudioManager(19383): 🔄 Resetting FFmpegMediaPlayer state...
11-12 09:08:07.481 D/AudioManager(19383): ✅ FFmpegMediaPlayer reset completed
11-12 09:08:07.482 D/WaveformGenerator(19383): LaunchedEffect triggered for file: EDWARD SANDA - ZICI CA AI COPILARIT LA ROMA Disk Jokers Xtd. Remix.mp3
11-12 09:08:07.511 W/EffectProxy( 1488): runWithActiveSubEffectThenOthers active sub-effect return error Status(-4, EX_NULL_POINTER): 'activeSubEffectNull'
11-12 09:08:07.558 D/WaveformGenerator(19383): Starting waveform generation for: EDWARD SANDA - ZICI CA AI COPILARIT LA ROMA Disk Jokers Xtd. Remix.mp3
11-12 09:08:07.558 D/WaveformGenerator(19383): File size: 9.3MB
11-12 09:08:07.561 D/WaveformGenerator(19383): Generating waveform for: EDWARD SANDA - ZICI CA AI COPILARIT LA ROMA Disk Jokers Xtd. Remix.mp3
11-12 09:08:07.563 D/WaveformGenerator(19383): Requesting 256 samples for any duration
11-12 09:08:07.579 D/WaveformGenerator(19383): 📺 SharedWaveformDisplay - Received waveform: 256 samples
11-12 09:08:07.579 D/WaveformGenerator(19383): 📺 SharedWaveformDisplay - Min: 30, Max: 85, Avg: 79
11-12 09:08:07.579 D/WaveformGenerator(19383): 📺 SharedWaveformDisplay - First 10: 37, 54, 72, 80, 81, 82, 79, 69, 71, 80
11-12 09:08:07.588 D/MediaProvider( 4276): Open with FUSE. FilePath: /storage/emulated/0/Trial now/Mogo/NEW 2@25/2025 - 60/COMERCIAL/EDWARD SANDA - ZICI CA AI COPILARIT LA ROMA Disk Jokers Xtd. Remix.mp3. Uid: 10082. Media Capabilities Uid: 0. ShouldRedact: false. ShouldTranscode: false
11-12 09:08:07.604 D/AudioManager(19383): ExoPlayer cleared
11-12 09:08:07.604 D/AudioManager(19383): All playback stopped successfully
11-12 09:08:07.604 D/AudioManager(19383): 🔄 Starting VLC playback for: content://com.android.externalstorage.documents/tree/primary%3ATrial%20now%2FMogo/document/primary%3ATrial%20now%2FMogo%2FNEW%202%4025%2F2025%20-%2060%2FCOMERCIAL%2FEDWARD%20SANDA%20-%20ZICI%20CA%20AI%20COPILARIT%20LA%20ROMA%20Disk%20Jokers%20Xtd.%20Remix.mp3
11-12 09:08:07.604 D/AudioManager(19383): 🔄 Starting copyUriToTempFile for: content://com.android.externalstorage.documents/tree/primary%3ATrial%20now%2FMogo/document/primary%3ATrial%20now%2FMogo%2FNEW%202%4025%2F2025%20-%2060%2FCOMERCIAL%2FEDWARD%20SANDA%20-%20ZICI%20CA%20AI%20COPILARIT%20LA%20ROMA%20Disk%20Jokers%20Xtd.%20Remix.mp3
11-12 09:08:07.605 D/AudioManager(19383): 📁 Temp file created: /data/user/0/com.example.mobiledigger/cache/aiff_temp_4536188973402024162.aiff
11-12 09:08:07.610 D/CCodec  (19383): allocate(c2.android.mp3.decoder)
11-12 09:08:07.616 D/MediaProvider( 4276): Open with FUSE. FilePath: /storage/emulated/0/Trial now/Mogo/NEW 2@25/2025 - 60/COMERCIAL/EDWARD SANDA - ZICI CA AI COPILARIT LA ROMA Disk Jokers Xtd. Remix.mp3. Uid: 10082. Media Capabilities Uid: 0. ShouldRedact: false. ShouldTranscode: false
11-12 09:08:07.620 I/CCodec  (19383): Created component [c2.android.mp3.decoder] for [c2.android.mp3.decoder]
11-12 09:08:07.630 D/CCodec  (19383): [c2.android.mp3.decoder] buffers are bound to CCodec for this session
11-12 09:08:07.637 D/CCodecBufferChannel(19383): [c2.android.mp3.decoder#745] Created input block pool with allocatorID 16 => poolID 117 - OK (0)
11-12 09:08:07.639 I/CCodecBufferChannel(19383): [c2.android.mp3.decoder#745] Created output block pool with allocatorID 16 => poolID 50961 - OK
11-12 09:08:07.639 D/CCodecBufferChannel(19383): [c2.android.mp3.decoder#745] Configured output block pool ids 50961 => OK
11-12 09:08:07.640 D/CCodecBufferChannel(19383): [c2.android.mp3.decoder#745] MediaCodec discarded an unknown buffer
11-12 09:08:07.640 D/CCodecBufferChannel(19383): [c2.android.mp3.decoder#745] MediaCodec discarded an unknown buffer
11-12 09:08:07.640 D/CCodecBufferChannel(19383): [c2.android.mp3.decoder#745] MediaCodec discarded an unknown buffer
11-12 09:08:07.640 D/CCodecBufferChannel(19383): [c2.android.mp3.decoder#745] MediaCodec discarded an unknown buffer
11-12 09:08:07.651 D/MediaProvider( 4276): Open with FUSE. FilePath: /storage/emulated/0/Trial now/Mogo/NEW 2@25/2025 - 60/COMERCIAL/EDWARD SANDA - ZICI CA AI COPILARIT LA ROMA Disk Jokers Xtd. Remix.mp3. Uid: 10082. Media Capabilities Uid: 0. ShouldRedact: false. ShouldTranscode: false
11-12 09:08:07.651 D/MediaProvider( 4276): Open with FUSE. FilePath: /storage/emulated/0/Trial now/Mogo/NEW 2@25/2025 - 60/COMERCIAL/EDWARD SANDA - ZICI CA AI COPILARIT LA ROMA Disk Jokers Xtd. Remix.mp3. Uid: 10082. Media Capabilities Uid: 0. ShouldRedact: false. ShouldTranscode: false
11-12 09:08:07.652 D/MediaProvider( 4276): Open with FUSE. FilePath: /storage/emulated/0/Trial now/Mogo/NEW 2@25/2025 - 60/COMERCIAL/EDWARD SANDA - ZICI CA AI COPILARIT LA ROMA Disk Jokers Xtd. Remix.mp3. Uid: 10082. Media Capabilities Uid: 0. ShouldRedact: false. ShouldTranscode: false
11-12 09:08:07.653 D/MediaProvider( 4276): Open with FUSE. FilePath: /storage/emulated/0/Trial now/Mogo/NEW 2@25/2025 - 60/COMERCIAL/EDWARD SANDA - ZICI CA AI COPILARIT LA ROMA Disk Jokers Xtd. Remix.mp3. Uid: 10082. Media Capabilities Uid: 0. ShouldRedact: false. ShouldTranscode: false
11-12 09:08:07.653 D/MediaProvider( 4276): Open with FUSE. FilePath: /storage/emulated/0/Trial now/Mogo/NEW 2@25/2025 - 60/COMERCIAL/EDWARD SANDA - ZICI CA AI COPILARIT LA ROMA Disk Jokers Xtd. Remix.mp3. Uid: 10082. Media Capabilities Uid: 0. ShouldRedact: false. ShouldTranscode: false
11-12 09:08:07.654 D/MediaProvider( 4276): Open with FUSE. FilePath: /storage/emulated/0/Trial now/Mogo/NEW 2@25/2025 - 60/COMERCIAL/EDWARD SANDA - ZICI CA AI COPILARIT LA ROMA Disk Jokers Xtd. Remix.mp3. Uid: 10082. Media Capabilities Uid: 0. ShouldRedact: false. ShouldTranscode: false
11-12 09:08:07.659 D/AudioManager(19383): ✅ File copy completed, flushed and synced
11-12 09:08:07.660 D/AudioManager(19383): 🔄 Running GC and waiting for file descriptor cleanup...
11-12 09:08:07.663 D/CCodec  (19383): allocate(c2.android.mp3.decoder)
11-12 09:08:07.664 D/CCodec  (19383): allocate(c2.android.mp3.decoder)
11-12 09:08:07.668 D/CCodec  (19383): allocate(c2.android.mp3.decoder)
11-12 09:08:07.668 I/CCodec  (19383): Created component [c2.android.mp3.decoder] for [c2.android.mp3.decoder]
11-12 09:08:07.668 I/CCodec  (19383): Created component [c2.android.mp3.decoder] for [c2.android.mp3.decoder]
11-12 09:08:07.671 D/CCodec  (19383): allocate(c2.android.mp3.decoder)
11-12 09:08:07.671 D/CCodec  (19383): allocate(c2.android.mp3.decoder)
11-12 09:08:07.672 I/CCodec  (19383): Created component [c2.android.mp3.decoder] for [c2.android.mp3.decoder]
11-12 09:08:07.674 I/CCodec  (19383): Created component [c2.android.mp3.decoder] for [c2.android.mp3.decoder]
11-12 09:08:07.677 I/CCodec  (19383): Created component [c2.android.mp3.decoder] for [c2.android.mp3.decoder]
11-12 09:08:07.678 D/CCodec  (19383): allocate(c2.android.mp3.decoder)
11-12 09:08:07.682 D/CCodec  (19383): [c2.android.mp3.decoder] buffers are bound to CCodec for this session
11-12 09:08:07.683 I/CCodec  (19383): Created component [c2.android.mp3.decoder] for [c2.android.mp3.decoder]
11-12 09:08:07.683 D/CCodec  (19383): [c2.android.mp3.decoder] buffers are bound to CCodec for this session
11-12 09:08:07.685 D/CCodec  (19383): [c2.android.mp3.decoder] buffers are bound to CCodec for this session
11-12 09:08:07.685 D/CCodec  (19383): [c2.android.mp3.decoder] buffers are bound to CCodec for this session
11-12 09:08:07.686 D/CCodecBufferChannel(19383): [c2.android.mp3.decoder#503] Created input block pool with allocatorID 16 => poolID 118 - OK (0)
11-12 09:08:07.687 D/CCodecBufferChannel(19383): [c2.android.mp3.decoder#141] Created input block pool with allocatorID 16 => poolID 119 - OK (0)
11-12 09:08:07.687 D/CCodec  (19383): [c2.android.mp3.decoder] buffers are bound to CCodec for this session
11-12 09:08:07.687 I/CCodecBufferChannel(19383): [c2.android.mp3.decoder#503] Created output block pool with allocatorID 16 => poolID 50968 - OK
11-12 09:08:07.687 D/CCodecBufferChannel(19383): [c2.android.mp3.decoder#503] Configured output block pool ids 50968 => OK
11-12 09:08:07.688 I/CCodecBufferChannel(19383): [c2.android.mp3.decoder#141] Created output block pool with allocatorID 16 => poolID 50969 - OK
11-12 09:08:07.688 D/CCodecBufferChannel(19383): [c2.android.mp3.decoder#141] Configured output block pool ids 50969 => OK
11-12 09:08:07.694 D/CCodec  (19383): [c2.android.mp3.decoder] buffers are bound to CCodec for this session
11-12 09:08:07.695 D/CCodecBufferChannel(19383): [c2.android.mp3.decoder#182] Created input block pool with allocatorID 16 => poolID 120 - OK (0)
11-12 09:08:07.696 D/CCodecBufferChannel(19383): [c2.android.mp3.decoder#373] Created input block pool with allocatorID 16 => poolID 121 - OK (0)
11-12 09:08:07.696 I/CCodecBufferChannel(19383): [c2.android.mp3.decoder#182] Created output block pool with allocatorID 16 => poolID 50970 - OK
11-12 09:08:07.696 D/CCodecBufferChannel(19383): [c2.android.mp3.decoder#182] Configured output block pool ids 50970 => OK
11-12 09:08:07.696 D/CCodecBufferChannel(19383): [c2.android.mp3.decoder#540] Created input block pool with allocatorID 16 => poolID 122 - OK (0)
11-12 09:08:07.698 I/CCodecBufferChannel(19383): [c2.android.mp3.decoder#373] Created output block pool with allocatorID 16 => poolID 50971 - OK
11-12 09:08:07.698 D/CCodecBufferChannel(19383): [c2.android.mp3.decoder#373] Configured output block pool ids 50971 => OK
11-12 09:08:07.698 I/CCodecBufferChannel(19383): [c2.android.mp3.decoder#540] Created output block pool with allocatorID 16 => poolID 50972 - OK
11-12 09:08:07.699 D/CCodecBufferChannel(19383): [c2.android.mp3.decoder#540] Configured output block pool ids 50972 => OK
11-12 09:08:07.699 D/CCodecBufferChannel(19383): [c2.android.mp3.decoder#682] Created input block pool with allocatorID 16 => poolID 123 - OK (0)
11-12 09:08:07.700 I/C2SoftMp3Dec( 1642): Reconfiguring decoder: 0->44100 Hz, 0->2 channels
11-12 09:08:07.703 I/C2SoftMp3Dec( 1642): Reconfiguring decoder: 0->44100 Hz, 0->2 channels
11-12 09:08:07.704 I/CCodecBufferChannel(19383): [c2.android.mp3.decoder#682] Created output block pool with allocatorID 16 => poolID 50973 - OK
11-12 09:08:07.704 D/CCodecBufferChannel(19383): [c2.android.mp3.decoder#682] Configured output block pool ids 50973 => OK
11-12 09:08:07.707 D/AudioManager(19383): ✅ Temp file verification passed: 9765126 bytes
11-12 09:08:07.707 I/C2SoftMp3Dec( 1642): Reconfiguring decoder: 0->44100 Hz, 0->2 channels
11-12 09:08:07.707 D/AudioManager(19383): Successfully copied URI to temp file: /data/user/0/com.example.mobiledigger/cache/aiff_temp_4536188973402024162.aiff (9.31MB in 102ms, 91.30MB/s)
11-12 09:08:07.707 D/AudioManager(19383): ✅ Copied to temp file for VLC: /data/user/0/com.example.mobiledigger/cache/aiff_temp_4536188973402024162.aiff
11-12 09:08:07.707 D/VlcAudioBackend(19383): 🔄 Setting VLC data source: file:///data/user/0/com.example.mobiledigger/cache/aiff_temp_4536188973402024162.aiff
11-12 09:08:07.708 D/VLC     (19383): [b40000705be88eb0/50cc] libvlc input: Creating an input for 'aiff_temp_4536188973402024162.aiff'
11-12 09:08:07.708 I/C2SoftMp3Dec( 1642): Reconfiguring decoder: 0->44100 Hz, 0->2 channels
11-12 09:08:07.710 D/VLC     (19383): [b40000705be88eb0/5479] libvlc input: `file:///data/user/0/com.example.mobiledigger/cache/aiff_temp_4536188973402024162.aiff' gives access `file' demux `any' path `/data/user/0/com.example.mobiledigger/cache/aiff_temp_4536188973402024162.aiff'
11-12 09:08:07.710 D/VLC     (19383): [b4000070dbe9a5a0/5479] libvlc input source: creating demux: access='file' demux='any' location='/data/user/0/com.example.mobiledigger/cache/aiff_temp_4536188973402024162.aiff' file='/data/user/0/com.example.mobiledigger/cache/aiff_temp_4536188973402024162.aiff'
11-12 09:08:07.710 D/VLC     (19383): [b40000708be86060/5479] libvlc stream: creating access: file:///data/user/0/com.example.mobiledigger/cache/aiff_temp_4536188973402024162.aiff
11-12 09:08:07.710 D/VLC     (19383): [b40000708be86060/5479] libvlc stream:  (path: /data/user/0/com.example.mobiledigger/cache/aiff_temp_4536188973402024162.aiff)
11-12 09:08:07.711 D/AudioManager(19383): ✅ VLC playback initiated
11-12 09:08:07.711 D/AudioManager(19383): ✅ VLC playback successful for: EDWARD SANDA - ZICI CA AI COPILARIT LA ROMA Disk Jokers Xtd. Remix.mp3
11-12 09:08:07.711 D/MusicService(19445): updateNotificationData - Title: primary:Trial now/Mogo/NEW 2@25/2025 - 60/COMERCIAL/EDWARD SANDA - ZICI CA AI COPILARIT LA ROMA Disk Jokers Xtd. Remix.mp3, Playing: true, Position: 0, Duration: 0
11-12 09:08:07.712 D/PerformanceProfiler(19383): 📊 AudioManager.playFile[EDWARD SANDA - ZICI CA AI COPILARIT LA ROMA Disk Jokers Xtd. Remix.mp3] took 264ms
11-12 09:08:07.712 D/MusicService(19445): MediaSession player updated - Title: primary:Trial now/Mogo/NEW 2@25/2025 - 60/COMERCIAL/EDWARD SANDA - ZICI CA AI COPILARIT LA ROMA Disk Jokers Xtd. Remix.mp3, Playing: true, Position: 0
11-12 09:08:07.713 D/MediaSessionService( 1884): onSessionPlaybackStateChanged: record=com.example.mobiledigger/MobileDigger/1113 (userId=0) playbackState=PlaybackState {state=PLAYING(3), position=0, buffered position=0, speed=1.0, updated=700546852, actions=895, custom actions=[], active item id=-1, error=null}
11-12 09:08:07.713 I/C2SoftMp3Dec( 1642): Reconfiguring decoder: 0->44100 Hz, 0->2 channels
11-12 09:08:07.718 D/MusicService(19445): Extracting cover art from: file:///data/user/0/com.example.mobiledigger/cache/aiff_temp_4536188973402024162.aiff
11-12 09:08:07.720 I/C2SoftMp3Dec( 1642): Reconfiguring decoder: 0->44100 Hz, 0->2 channels
11-12 09:08:07.721 D/VLC     (19383): [b4000070dbe9a5a0/5479] libvlc input source: attachment of directory-extractor failed for file:///data/user/0/com.example.mobiledigger/cache/aiff_temp_4536188973402024162.aiff
11-12 09:08:07.721 D/VLC     (19383): [b4000070dbe9a5a0/5479] libvlc input source: creating demux: access='file' demux='any' location='/data/user/0/com.example.mobiledigger/cache/aiff_temp_4536188973402024162.aiff' file='/data/user/0/com.example.mobiledigger/cache/aiff_temp_4536188973402024162.aiff'
11-12 09:08:07.721 D/VLC     (19383): [b40000707be74b80/5479] libvlc demux: looking for demux module matching "aiff": 50 candidates
11-12 09:08:07.722 D/VLC     (19383): [b40000708be94220/5479] libvlc stream: creating access: file:///data/user/0/com.example.mobiledigger/cache/aiff_temp_4536188973402024162.aiff
11-12 09:08:07.722 D/VLC     (19383): [b40000708be94220/5479] libvlc stream:  (path: /data/user/0/com.example.mobiledigger/cache/aiff_temp_4536188973402024162.aiff)
11-12 09:08:07.723 D/VLC     (19383): [b40000705be88eb0/5479] libvlc input: `file:///data/user/0/com.example.mobiledigger/cache/aiff_temp_4536188973402024162.aiff' successfully opened
11-12 09:08:07.744 D/MusicViewModel(19383): 📁 LOAD_CURRENT_FILE() - playback started successfully for EDWARD SANDA - ZICI CA AI COPILARIT LA ROMA Disk Jokers Xtd. Remix.mp3
11-12 09:08:07.744 D/MusicViewModel(19383): ✅ Added EDWARD SANDA - ZICI CA AI COPILARIT LA ROMA Disk Jokers Xtd. Remix.mp3 to played-but-not-actioned list. Total tracked: 6
11-12 09:08:07.756 D/MusicService(19445): Successfully extracted cover art: 1182x1182
11-12 09:08:07.756 D/MusicService(19445): Notification created (VLC-exact) - Title: primary:Trial now/Mogo/NEW 2@25/2025 - 60/COMERCIAL/EDWARD SANDA - ZICI CA AI COPILARIT LA ROMA Disk Jokers Xtd. Remix.mp3, Playing: true, Seekable: false, Compact: [1, 2, 3]
11-12 09:08:07.759 D/MediaProvider( 4276): Open with FUSE. FilePath: /storage/emulated/0/Trial now/Mogo/NEW 2@25/2025 - 60/COMERCIAL/EDWARD SANDA - ZICI CA AI COPILARIT LA ROMA Disk Jokers Xtd. Remix.mp3. Uid: 10082. Media Capabilities Uid: 0. ShouldRedact: false. ShouldTranscode: false
11-12 09:08:07.759 D/MusicService(19445): updateNotificationData - Title: EDWARD SANDA - ZICI CA AI COPILARIT LA ROMA Disk Jokers Xtd. Remix.mp3, Playing: true, Position: 0, Duration: 0
11-12 09:08:07.759 D/MusicService(19445): MediaSession player updated - Title: EDWARD SANDA - ZICI CA AI COPILARIT LA ROMA Disk Jokers Xtd. Remix.mp3, Playing: true, Position: 0
11-12 09:08:07.760 D/MediaSessionService( 1884): onSessionPlaybackStateChanged: record=com.example.mobiledigger/MobileDigger/1113 (userId=0) playbackState=PlaybackState {state=PLAYING(3), position=0, buffered position=0, speed=1.0, updated=700546899, actions=895, custom actions=[], active item id=-1, error=null}
11-12 09:08:07.763 D/MusicService(19445): Extracting cover art from: content://com.android.externalstorage.documents/tree/primary%3ATrial%20now%2FMogo/document/primary%3ATrial%20now%2FMogo%2FNEW%202%4025%2F2025%20-%2060%2FCOMERCIAL%2FEDWARD%20SANDA%20-%20ZICI%20CA%20AI%20COPILARIT%20LA%20ROMA%20Disk%20Jokers%20Xtd.%20Remix.mp3
11-12 09:08:07.778 D/MediaProvider( 4276): Open with FUSE. FilePath: /storage/emulated/0/Trial now/Mogo/NEW 2@25/2025 - 60/COMERCIAL/EDWARD SANDA - ZICI CA AI COPILARIT LA ROMA Disk Jokers Xtd. Remix.mp3. Uid: 10082. Media Capabilities Uid: 0. ShouldRedact: false. ShouldTranscode: false
11-12 09:08:07.780 D/MediaProvider( 4276): Open with FUSE. FilePath: /storage/emulated/0/Trial now/Mogo/NEW 2@25/2025 - 60/COMERCIAL/EDWARD SANDA - ZICI CA AI COPILARIT LA ROMA Disk Jokers Xtd. Remix.mp3. Uid: 10082. Media Capabilities Uid: 0. ShouldRedact: false. ShouldTranscode: false
11-12 09:08:07.821 D/MusicViewModel(19383): 📁 LOAD_CURRENT_FILE() - extracted duration (IO): 229616ms
11-12 09:08:07.877 D/MusicViewModel(19383): Skipping preload (sizeMb=12, vlc=true, recentGc=false) for ENISA - PRETTY PLEASE Calvee Xtd. Remix.mp3
11-12 09:08:07.880 D/MusicService(19445): Successfully extracted cover art: 1182x1182
11-12 09:08:07.882 D/MusicService(19445): Notification created (VLC-exact) - Title: EDWARD SANDA - ZICI CA AI COPILARIT LA ROMA Disk Jokers Xtd. Remix.mp3, Playing: true, Seekable: false, Compact: [1, 2, 3]
11-12 09:08:07.904 D/MusicService(19445): Extracting cover art from: content://com.android.externalstorage.documents/tree/primary%3ATrial%20now%2FMogo/document/primary%3ATrial%20now%2FMogo%2FNEW%202%4025%2F2025%20-%2060%2FCOMERCIAL%2FEDWARD%20SANDA%20-%20ZICI%20CA%20AI%20COPILARIT%20LA%20ROMA%20Disk%20Jokers%20Xtd.%20Remix.mp3
11-12 09:08:07.919 D/MediaProvider( 4276): Open with FUSE. FilePath: /storage/emulated/0/Trial now/Mogo/NEW 2@25/2025 - 60/COMERCIAL/EDWARD SANDA - ZICI CA AI COPILARIT LA ROMA Disk Jokers Xtd. Remix.mp3. Uid: 10082. Media Capabilities Uid: 0. ShouldRedact: false. ShouldTranscode: false
11-12 09:08:07.980 D/MusicService(19445): Successfully extracted cover art: 1182x1182
11-12 09:08:07.981 D/MusicService(19445): Notification created (VLC-exact) - Title: EDWARD SANDA - ZICI CA AI COPILARIT LA ROMA Disk Jokers Xtd. Remix.mp3, Playing: true, Seekable: false, Compact: [1, 2, 3]
11-12 09:08:07.985 D/MusicService(19445): updateNotificationData - Title: EDWARD SANDA - ZICI CA AI COPILARIT LA ROMA Disk Jokers Xtd. Remix.mp3, Playing: true, Position: 0, Duration: 0
11-12 09:08:07.985 D/MusicService(19445): MediaSession player updated - Title: EDWARD SANDA - ZICI CA AI COPILARIT LA ROMA Disk Jokers Xtd. Remix.mp3, Playing: true, Position: 0
11-12 09:08:07.986 D/MediaSessionService( 1884): onSessionPlaybackStateChanged: record=com.example.mobiledigger/MobileDigger/1113 (userId=0) playbackState=PlaybackState {state=PLAYING(3), position=0, buffered position=0, speed=1.0, updated=700547125, actions=895, custom actions=[], active item id=-1, error=null}
11-12 09:08:07.992 D/MusicService(19445): Extracting cover art from: content://com.android.externalstorage.documents/tree/primary%3ATrial%20now%2FMogo/document/primary%3ATrial%20now%2FMogo%2FNEW%202%4025%2F2025%20-%2060%2FCOMERCIAL%2FEDWARD%20SANDA%20-%20ZICI%20CA%20AI%20COPILARIT%20LA%20ROMA%20Disk%20Jokers%20Xtd.%20Remix.mp3
11-12 09:08:08.000 D/MediaProvider( 4276): Open with FUSE. FilePath: /storage/emulated/0/Trial now/Mogo/NEW 2@25/2025 - 60/COMERCIAL/EDWARD SANDA - ZICI CA AI COPILARIT LA ROMA Disk Jokers Xtd. Remix.mp3. Uid: 10082. Media Capabilities Uid: 0. ShouldRedact: false. ShouldTranscode: false
11-12 09:08:08.088 E/MP3Extractor( 1616): Unable to resync. Signalling end of stream.
11-12 09:08:08.092 D/CCodecBufferChannel(19383): [c2.android.mp3.decoder#373] MediaCodec discarded an unknown buffer
11-12 09:08:08.092 D/CCodecBufferChannel(19383): [c2.android.mp3.decoder#373] MediaCodec discarded an unknown buffer
11-12 09:08:08.092 D/CCodecBufferChannel(19383): [c2.android.mp3.decoder#373] MediaCodec discarded an unknown buffer
11-12 09:08:08.092 D/CCodecBufferChannel(19383): [c2.android.mp3.decoder#373] MediaCodec discarded an unknown buffer
11-12 09:08:08.092 D/CCodecBufferChannel(19383): [c2.android.mp3.decoder#373] MediaCodec discarded an unknown buffer
11-12 09:08:08.096 D/CCodecBufferChannel(19383): [c2.android.mp3.decoder#503] MediaCodec discarded an unknown buffer
11-12 09:08:08.096 D/CCodecBufferChannel(19383): [c2.android.mp3.decoder#503] MediaCodec discarded an unknown buffer
11-12 09:08:08.096 D/CCodecBufferChannel(19383): [c2.android.mp3.decoder#503] MediaCodec discarded an unknown buffer
11-12 09:08:08.096 D/CCodecBufferChannel(19383): [c2.android.mp3.decoder#503] MediaCodec discarded an unknown buffer
11-12 09:08:08.096 D/CCodecBufferChannel(19383): [c2.android.mp3.decoder#503] MediaCodec discarded an unknown buffer
11-12 09:08:08.102 D/MusicService(19445): Successfully extracted cover art: 1182x1182
11-12 09:08:08.103 D/MusicService(19445): Notification created (VLC-exact) - Title: EDWARD SANDA - ZICI CA AI COPILARIT LA ROMA Disk Jokers Xtd. Remix.mp3, Playing: true, Seekable: false, Compact: [1, 2, 3]
11-12 09:08:08.122 D/CCodecBufferChannel(19383): [c2.android.mp3.decoder#182] MediaCodec discarded an unknown buffer
