11-12 09:09:56.543 D/AudioManager(19383): 🎵 Starting playback for: ENISA - PRETTY PLEASE Calvee Xtd. Remix.mp3
11-12 09:09:56.543 D/AudioManager(19383): 📁 File URI: content://com.android.externalstorage.documents/tree/primary%3ATrial%20now%2FMogo/document/primary%3ATrial%20now%2FMogo%2FNEW%202%4025%2F2025%20-%2060%2FCOMERCIAL%2FENISA%20-%20PRETTY%20PLEASE%20Calvee%20Xtd.%20Remix.mp3
11-12 09:09:56.543 D/AudioManager(19383): 🧹 Ensuring clean state before playback...
11-12 09:09:56.544 D/AudioManager(19383): 🛑 Stopping all playback before starting new file
11-12 09:09:56.544 D/AudioManager(19383): 🧹 Cleaning up VLC backend...
11-12 09:09:56.544 D/AudioManager(19383): 🛑 Stopping VLC playback...
11-12 09:09:56.559 D/VLC     (19383): [b40000707be81860/5567] libvlc demux: removing module "aiff"
11-12 09:09:56.562 D/VLC     (19383): [b40000705be66f50/529b] libvlc input: Destroying the input for 'aiff_temp_6470953793447623748.aiff'
11-12 09:09:56.564 D/AudioManager(19383): ✅ VLC stopped
11-12 09:09:56.565 D/AudioManager(19383): ✅ VLC reset completed
11-12 09:09:56.565 D/AudioManager(19383): 🧹 Cleaning up FFmpegMediaPlayer...
11-12 09:09:56.566 D/AudioManager(19383): 🔄 Resetting FFmpegMediaPlayer state...
11-12 09:09:56.567 D/AudioManager(19383): ✅ FFmpegMediaPlayer reset completed
11-12 09:09:56.580 D/WaveformGenerator(19383): LaunchedEffect triggered for file: ENISA - PRETTY PLEASE Calvee Xtd. Remix.mp3
11-12 09:09:56.622 W/EffectProxy( 1488): runWithActiveSubEffectThenOthers active sub-effect return error Status(-4, EX_NULL_POINTER): 'activeSubEffectNull'
11-12 09:09:56.658 D/WaveformGenerator(19383): Starting waveform generation for: ENISA - PRETTY PLEASE Calvee Xtd. Remix.mp3
11-12 09:09:56.658 D/WaveformGenerator(19383): File size: 12.8MB
11-12 09:09:56.659 D/WaveformGenerator(19383): Generating waveform for: ENISA - PRETTY PLEASE Calvee Xtd. Remix.mp3
11-12 09:09:56.660 D/WaveformGenerator(19383): Requesting 256 samples for any duration
11-12 09:09:56.677 D/MediaProvider( 4276): Open with FUSE. FilePath: /storage/emulated/0/Trial now/Mogo/NEW 2@25/2025 - 60/COMERCIAL/ENISA - PRETTY PLEASE Calvee Xtd. Remix.mp3. Uid: 10082. Media Capabilities Uid: 0. ShouldRedact: false. ShouldTranscode: false
11-12 09:09:56.681 D/WaveformGenerator(19383): 📺 SharedWaveformDisplay - Received waveform: 256 samples
11-12 09:09:56.681 D/WaveformGenerator(19383): 📺 SharedWaveformDisplay - Min: 30, Max: 85, Avg: 73
11-12 09:09:56.681 D/WaveformGenerator(19383): 📺 SharedWaveformDisplay - First 10: 43, 70, 79, 74, 71, 68, 76, 85, 74, 55
11-12 09:09:56.700 D/CCodec  (19383): allocate(c2.android.mp3.decoder)
11-12 09:09:56.708 I/CCodec  (19383): Created component [c2.android.mp3.decoder] for [c2.android.mp3.decoder]
11-12 09:09:56.710 D/AudioManager(19383): ExoPlayer cleared
11-12 09:09:56.711 D/AudioManager(19383): All playback stopped successfully
11-12 09:09:56.711 D/AudioManager(19383): 🔄 Starting VLC playback for: content://com.android.externalstorage.documents/tree/primary%3ATrial%20now%2FMogo/document/primary%3ATrial%20now%2FMogo%2FNEW%202%4025%2F2025%20-%2060%2FCOMERCIAL%2FENISA%20-%20PRETTY%20PLEASE%20Calvee%20Xtd.%20Remix.mp3
11-12 09:09:56.711 D/AudioManager(19383): 🔄 Starting copyUriToTempFile for: content://com.android.externalstorage.documents/tree/primary%3ATrial%20now%2FMogo/document/primary%3ATrial%20now%2FMogo%2FNEW%202%4025%2F2025%20-%2060%2FCOMERCIAL%2FENISA%20-%20PRETTY%20PLEASE%20Calvee%20Xtd.%20Remix.mp3
11-12 09:09:56.712 D/AudioManager(19383): 📁 Temp file created: /data/user/0/com.example.mobiledigger/cache/aiff_temp_2227419615962279884.aiff
11-12 09:09:56.714 D/CCodec  (19383): [c2.android.mp3.decoder] buffers are bound to CCodec for this session
11-12 09:09:56.720 D/CCodecBufferChannel(19383): [c2.android.mp3.decoder#856] Created input block pool with allocatorID 16 => poolID 139 - OK (0)
11-12 09:09:56.722 I/CCodecBufferChannel(19383): [c2.android.mp3.decoder#856] Created output block pool with allocatorID 16 => poolID 51005 - OK
11-12 09:09:56.722 D/CCodecBufferChannel(19383): [c2.android.mp3.decoder#856] Configured output block pool ids 51005 => OK
11-12 09:09:56.724 D/MediaProvider( 4276): Open with FUSE. FilePath: /storage/emulated/0/Trial now/Mogo/NEW 2@25/2025 - 60/COMERCIAL/ENISA - PRETTY PLEASE Calvee Xtd. Remix.mp3. Uid: 10082. Media Capabilities Uid: 0. ShouldRedact: false. ShouldTranscode: false
11-12 09:09:56.724 D/CCodecBufferChannel(19383): [c2.android.mp3.decoder#856] MediaCodec discarded an unknown buffer
11-12 09:09:56.724 D/CCodecBufferChannel(19383): [c2.android.mp3.decoder#856] MediaCodec discarded an unknown buffer
11-12 09:09:56.724 D/CCodecBufferChannel(19383): [c2.android.mp3.decoder#856] MediaCodec discarded an unknown buffer
11-12 09:09:56.724 D/CCodecBufferChannel(19383): [c2.android.mp3.decoder#856] MediaCodec discarded an unknown buffer
11-12 09:09:56.740 D/MediaProvider( 4276): Open with FUSE. FilePath: /storage/emulated/0/Trial now/Mogo/NEW 2@25/2025 - 60/COMERCIAL/ENISA - PRETTY PLEASE Calvee Xtd. Remix.mp3. Uid: 10082. Media Capabilities Uid: 0. ShouldRedact: false. ShouldTranscode: false
11-12 09:09:56.741 D/MediaProvider( 4276): Open with FUSE. FilePath: /storage/emulated/0/Trial now/Mogo/NEW 2@25/2025 - 60/COMERCIAL/ENISA - PRETTY PLEASE Calvee Xtd. Remix.mp3. Uid: 10082. Media Capabilities Uid: 0. ShouldRedact: false. ShouldTranscode: false
11-12 09:09:56.742 D/MediaProvider( 4276): Open with FUSE. FilePath: /storage/emulated/0/Trial now/Mogo/NEW 2@25/2025 - 60/COMERCIAL/ENISA - PRETTY PLEASE Calvee Xtd. Remix.mp3. Uid: 10082. Media Capabilities Uid: 0. ShouldRedact: false. ShouldTranscode: false
11-12 09:09:56.745 D/MediaProvider( 4276): Open with FUSE. FilePath: /storage/emulated/0/Trial now/Mogo/NEW 2@25/2025 - 60/COMERCIAL/ENISA - PRETTY PLEASE Calvee Xtd. Remix.mp3. Uid: 10082. Media Capabilities Uid: 0. ShouldRedact: false. ShouldTranscode: false
11-12 09:09:56.745 D/MediaProvider( 4276): Open with FUSE. FilePath: /storage/emulated/0/Trial now/Mogo/NEW 2@25/2025 - 60/COMERCIAL/ENISA - PRETTY PLEASE Calvee Xtd. Remix.mp3. Uid: 10082. Media Capabilities Uid: 0. ShouldRedact: false. ShouldTranscode: false
11-12 09:09:56.746 D/MediaProvider( 4276): Open with FUSE. FilePath: /storage/emulated/0/Trial now/Mogo/NEW 2@25/2025 - 60/COMERCIAL/ENISA - PRETTY PLEASE Calvee Xtd. Remix.mp3. Uid: 10082. Media Capabilities Uid: 0. ShouldRedact: false. ShouldTranscode: false
11-12 09:09:56.747 D/AudioManager(19383): 📊 Copied 10.0MB...
11-12 09:09:56.765 D/CCodec  (19383): allocate(c2.android.mp3.decoder)
11-12 09:09:56.768 D/CCodec  (19383): allocate(c2.android.mp3.decoder)
11-12 09:09:56.770 I/CCodec  (19383): Created component [c2.android.mp3.decoder] for [c2.android.mp3.decoder]
11-12 09:09:56.774 D/CCodec  (19383): allocate(c2.android.mp3.decoder)
11-12 09:09:56.774 D/CCodec  (19383): allocate(c2.android.mp3.decoder)
11-12 09:09:56.774 I/CCodec  (19383): Created component [c2.android.mp3.decoder] for [c2.android.mp3.decoder]
11-12 09:09:56.775 D/CCodec  (19383): allocate(c2.android.mp3.decoder)
11-12 09:09:56.776 D/CCodec  (19383): allocate(c2.android.mp3.decoder)
11-12 09:09:56.777 I/CCodec  (19383): Created component [c2.android.mp3.decoder] for [c2.android.mp3.decoder]
11-12 09:09:56.778 W/Binder  (14295): Caught a RuntimeException from the binder stub implementation.
11-12 09:09:56.778 W/Binder  (14295): java.lang.UnsupportedOperationException
11-12 09:09:56.782 I/CCodec  (19383): Created component [c2.android.mp3.decoder] for [c2.android.mp3.decoder]
11-12 09:09:56.783 D/CCodec  (19383): [c2.android.mp3.decoder] buffers are bound to CCodec for this session
11-12 09:09:56.786 I/CCodec  (19383): Created component [c2.android.mp3.decoder] for [c2.android.mp3.decoder]
11-12 09:09:56.787 I/CCodec  (19383): Created component [c2.android.mp3.decoder] for [c2.android.mp3.decoder]
11-12 09:09:56.787 D/AudioManager(19383): ✅ File copy completed, flushed and synced
11-12 09:09:56.788 D/AudioManager(19383): 🔄 Running GC and waiting for file descriptor cleanup...
11-12 09:09:56.788 D/CCodec  (19383): [c2.android.mp3.decoder] buffers are bound to CCodec for this session
11-12 09:09:56.789 D/CCodecBufferChannel(19383): [c2.android.mp3.decoder#557] Created input block pool with allocatorID 16 => poolID 140 - OK (0)
11-12 09:09:56.790 I/CCodecBufferChannel(19383): [c2.android.mp3.decoder#557] Created output block pool with allocatorID 16 => poolID 51012 - OK
11-12 09:09:56.791 D/CCodecBufferChannel(19383): [c2.android.mp3.decoder#557] Configured output block pool ids 51012 => OK
11-12 09:09:56.794 D/CCodec  (19383): [c2.android.mp3.decoder] buffers are bound to CCodec for this session
11-12 09:09:56.796 D/CCodec  (19383): [c2.android.mp3.decoder] buffers are bound to CCodec for this session
11-12 09:09:56.796 D/CCodecBufferChannel(19383): [c2.android.mp3.decoder#42] Created input block pool with allocatorID 16 => poolID 141 - OK (0)
11-12 09:09:56.798 D/CCodec  (19383): [c2.android.mp3.decoder] buffers are bound to CCodec for this session
11-12 09:09:56.798 D/CCodec  (19383): [c2.android.mp3.decoder] buffers are bound to CCodec for this session
11-12 09:09:56.798 I/CCodecBufferChannel(19383): [c2.android.mp3.decoder#42] Created output block pool with allocatorID 16 => poolID 51013 - OK
11-12 09:09:56.799 D/CCodecBufferChannel(19383): [c2.android.mp3.decoder#42] Configured output block pool ids 51013 => OK
11-12 09:09:56.800 D/CCodecBufferChannel(19383): [c2.android.mp3.decoder#599] Created input block pool with allocatorID 16 => poolID 142 - OK (0)
11-12 09:09:56.801 D/CCodecBufferChannel(19383): [c2.android.mp3.decoder#837] Created input block pool with allocatorID 16 => poolID 143 - OK (0)
11-12 09:09:56.802 I/CCodecBufferChannel(19383): [c2.android.mp3.decoder#599] Created output block pool with allocatorID 16 => poolID 51014 - OK
11-12 09:09:56.802 I/CCodecBufferChannel(19383): [c2.android.mp3.decoder#837] Created output block pool with allocatorID 16 => poolID 51015 - OK
11-12 09:09:56.802 D/CCodecBufferChannel(19383): [c2.android.mp3.decoder#599] Configured output block pool ids 51014 => OK
11-12 09:09:56.802 D/CCodecBufferChannel(19383): [c2.android.mp3.decoder#924] Created input block pool with allocatorID 16 => poolID 144 - OK (0)
11-12 09:09:56.802 D/CCodecBufferChannel(19383): [c2.android.mp3.decoder#837] Configured output block pool ids 51015 => OK
11-12 09:09:56.803 I/C2SoftMp3Dec( 1642): Reconfiguring decoder: 0->44100 Hz, 0->2 channels
11-12 09:09:56.805 I/CCodecBufferChannel(19383): [c2.android.mp3.decoder#924] Created output block pool with allocatorID 16 => poolID 51016 - OK
11-12 09:09:56.805 D/CCodecBufferChannel(19383): [c2.android.mp3.decoder#924] Configured output block pool ids 51016 => OK
11-12 09:09:56.808 D/CCodecBufferChannel(19383): [c2.android.mp3.decoder#468] Created input block pool with allocatorID 16 => poolID 145 - OK (0)
11-12 09:09:56.809 I/CCodecBufferChannel(19383): [c2.android.mp3.decoder#468] Created output block pool with allocatorID 16 => poolID 51017 - OK
11-12 09:09:56.810 D/CCodecBufferChannel(19383): [c2.android.mp3.decoder#468] Configured output block pool ids 51017 => OK
11-12 09:09:56.811 I/C2SoftMp3Dec( 1642): Reconfiguring decoder: 0->44100 Hz, 0->2 channels
11-12 09:09:56.819 I/C2SoftMp3Dec( 1642): Reconfiguring decoder: 0->44100 Hz, 0->2 channels
11-12 09:09:56.823 I/C2SoftMp3Dec( 1642): Reconfiguring decoder: 0->44100 Hz, 0->2 channels
11-12 09:09:56.825 I/C2SoftMp3Dec( 1642): Reconfiguring decoder: 0->44100 Hz, 0->2 channels
11-12 09:09:56.828 I/C2SoftMp3Dec( 1642): Reconfiguring decoder: 0->44100 Hz, 0->2 channels
11-12 09:09:56.833 D/GRIL-S  ( 2978): [33106]> UPDATE_DEVICE_STATE DeviceState: Usb:0, Wifi: 1, Wifi AP: 0, Earpiece: 0, Bluetooth: 1, Wireless charging: 0, Screen: 1, Camera: 0, 0, -, -, Motion: 1, Bluetooth tethering: 0, Voice: 0, Wifi 2.4G: 0, Radio: 1, Bluetooth connected: 1, Bluetooth media: 1, Wifi Band: 2, Wifi AP Band: 0, Wifi call: 0, mmWave: 0, mCellBackhaul: 0, mHallSensor: 0, mDozeStatus: 1, mAppClassInfo: 0, mWifiCapSensorStatus: 0, mCellCapSensorStatus: 0, mBesideHeadHandStatus: 0, mSpeakerStatus: 0, mProtectiveCaseStatus: 0, mWifiSettingStatus: 0, mGpsStatus: 0
11-12 09:09:56.869 D/AudioManager(19383): ✅ Temp file verification passed: 13397470 bytes
11-12 09:09:56.869 D/AudioManager(19383): Successfully copied URI to temp file: /data/user/0/com.example.mobiledigger/cache/aiff_temp_2227419615962279884.aiff (12.78MB in 154ms, 82.97MB/s)
11-12 09:09:56.870 D/AudioManager(19383): ✅ Copied to temp file for VLC: /data/user/0/com.example.mobiledigger/cache/aiff_temp_2227419615962279884.aiff
11-12 09:09:56.870 D/VlcAudioBackend(19383): 🔄 Setting VLC data source: file:///data/user/0/com.example.mobiledigger/cache/aiff_temp_2227419615962279884.aiff
11-12 09:09:56.871 D/VLC     (19383): [b40000705be8df30/529b] libvlc input: Creating an input for 'aiff_temp_2227419615962279884.aiff'
11-12 09:09:56.873 D/AudioManager(19383): ✅ VLC playback initiated
11-12 09:09:56.873 D/AudioManager(19383): ✅ VLC playback successful for: ENISA - PRETTY PLEASE Calvee Xtd. Remix.mp3
11-12 09:09:56.874 D/PerformanceProfiler(19383): 📊 AudioManager.playFile[ENISA - PRETTY PLEASE Calvee Xtd. Remix.mp3] took 331ms
11-12 09:09:56.875 D/MusicService(19445): updateNotificationData - Title: primary:Trial now/Mogo/NEW 2@25/2025 - 60/COMERCIAL/ENISA - PRETTY PLEASE Calvee Xtd. Remix.mp3, Playing: true, Position: 0, Duration: 0
11-12 09:09:56.876 D/MusicService(19445): MediaSession player updated - Title: primary:Trial now/Mogo/NEW 2@25/2025 - 60/COMERCIAL/ENISA - PRETTY PLEASE Calvee Xtd. Remix.mp3, Playing: true, Position: 0
11-12 09:09:56.877 D/MediaSessionService( 1884): onSessionPlaybackStateChanged: record=com.example.mobiledigger/MobileDigger/1113 (userId=0) playbackState=PlaybackState {state=PLAYING(3), position=0, buffered position=0, speed=1.0, updated=700656016, actions=895, custom actions=[], active item id=-1, error=null}
11-12 09:09:56.881 D/VLC     (19383): [b40000705be8df30/55ff] libvlc input: `file:///data/user/0/com.example.mobiledigger/cache/aiff_temp_2227419615962279884.aiff' gives access `file' demux `any' path `/data/user/0/com.example.mobiledigger/cache/aiff_temp_2227419615962279884.aiff'
11-12 09:09:56.881 D/VLC     (19383): [b4000070dbea7ec0/55ff] libvlc input source: creating demux: access='file' demux='any' location='/data/user/0/com.example.mobiledigger/cache/aiff_temp_2227419615962279884.aiff' file='/data/user/0/com.example.mobiledigger/cache/aiff_temp_2227419615962279884.aiff'
11-12 09:09:56.883 D/VLC     (19383): [b40000708bed8d20/55ff] libvlc stream: creating access: file:///data/user/0/com.example.mobiledigger/cache/aiff_temp_2227419615962279884.aiff
11-12 09:09:56.883 D/VLC     (19383): [b40000708bed8d20/55ff] libvlc stream:  (path: /data/user/0/com.example.mobiledigger/cache/aiff_temp_2227419615962279884.aiff)
11-12 09:09:56.883 D/MusicService(19445): Extracting cover art from: file:///data/user/0/com.example.mobiledigger/cache/aiff_temp_2227419615962279884.aiff
11-12 09:09:56.893 D/VLC     (19383): [b4000070dbea7ec0/55ff] libvlc input source: attachment of directory-extractor failed for file:///data/user/0/com.example.mobiledigger/cache/aiff_temp_2227419615962279884.aiff
11-12 09:09:56.893 D/VLC     (19383): [b4000070dbea7ec0/55ff] libvlc input source: creating demux: access='file' demux='any' location='/data/user/0/com.example.mobiledigger/cache/aiff_temp_2227419615962279884.aiff' file='/data/user/0/com.example.mobiledigger/cache/aiff_temp_2227419615962279884.aiff'
11-12 09:09:56.893 D/VLC     (19383): [b40000707be74fa0/55ff] libvlc demux: looking for demux module matching "aiff": 50 candidates
11-12 09:09:56.895 D/VLC     (19383): [b40000708beb7060/55ff] libvlc stream: creating access: file:///data/user/0/com.example.mobiledigger/cache/aiff_temp_2227419615962279884.aiff
11-12 09:09:56.895 D/VLC     (19383): [b40000708beb7060/55ff] libvlc stream:  (path: /data/user/0/com.example.mobiledigger/cache/aiff_temp_2227419615962279884.aiff)
11-12 09:09:56.895 D/VLC     (19383): [b40000705be8df30/55ff] libvlc input: `file:///data/user/0/com.example.mobiledigger/cache/aiff_temp_2227419615962279884.aiff' successfully opened
11-12 09:09:56.897 D/MusicViewModel(19383): 📁 LOAD_CURRENT_FILE() - playback started successfully for ENISA - PRETTY PLEASE Calvee Xtd. Remix.mp3
11-12 09:09:56.898 D/MusicViewModel(19383): ✅ Added ENISA - PRETTY PLEASE Calvee Xtd. Remix.mp3 to played-but-not-actioned list. Total tracked: 1
11-12 09:09:56.951 D/MusicViewModel(19383): Skipping preload (sizeMb=9, vlc=true, recentGc=false) for INNA X JUMANJI - CHEEKY HABIBI Disk Jokers Xtd. Mash Up.mp3
11-12 09:09:57.006 D/MusicService(19445): Successfully extracted cover art: 1182x1182
11-12 09:09:57.008 D/MusicService(19445): Notification created (VLC-exact) - Title: primary:Trial now/Mogo/NEW 2@25/2025 - 60/COMERCIAL/ENISA - PRETTY PLEASE Calvee Xtd. Remix.mp3, Playing: true, Seekable: false, Compact: [1, 2, 3]
11-12 09:09:57.016 D/MusicService(19445): updateNotificationData - Title: ENISA - PRETTY PLEASE Calvee Xtd. Remix.mp3, Playing: true, Position: 0, Duration: 0
11-12 09:09:57.016 D/MusicService(19445): MediaSession player updated - Title: ENISA - PRETTY PLEASE Calvee Xtd. Remix.mp3, Playing: true, Position: 0
11-12 09:09:57.017 D/MediaSessionService( 1884): onSessionPlaybackStateChanged: record=com.example.mobiledigger/MobileDigger/1113 (userId=0) playbackState=PlaybackState {state=PLAYING(3), position=0, buffered position=0, speed=1.0, updated=700656156, actions=895, custom actions=[], active item id=-1, error=null}
11-12 09:09:57.033 D/MusicService(19445): Extracting cover art from: content://com.android.externalstorage.documents/tree/primary%3ATrial%20now%2FMogo/document/primary%3ATrial%20now%2FMogo%2FNEW%202%4025%2F2025%20-%2060%2FCOMERCIAL%2FENISA%20-%20PRETTY%20PLEASE%20Calvee%20Xtd.%20Remix.mp3
11-12 09:09:57.050 D/MediaProvider( 4276): Open with FUSE. FilePath: /storage/emulated/0/Trial now/Mogo/NEW 2@25/2025 - 60/COMERCIAL/ENISA - PRETTY PLEASE Calvee Xtd. Remix.mp3. Uid: 10082. Media Capabilities Uid: 0. ShouldRedact: false. ShouldTranscode: false
11-12 09:09:57.086 W/Binder  (14295): Caught a RuntimeException from the binder stub implementation.
11-12 09:09:57.086 W/Binder  (14295): java.lang.UnsupportedOperationException
11-12 09:09:57.099 W/Binder  (14295): Caught a RuntimeException from the binder stub implementation.
11-12 09:09:57.099 W/Binder  (14295): java.lang.UnsupportedOperationException
11-12 09:09:57.143 D/MusicService(19445): Successfully extracted cover art: 1182x1182
11-12 09:09:57.143 D/MusicService(19445): Notification created (VLC-exact) - Title: ENISA - PRETTY PLEASE Calvee Xtd. Remix.mp3, Playing: true, Seekable: false, Compact: [1, 2, 3]
11-12 09:09:57.152 D/MusicService(19445): Extracting cover art from: content://com.android.externalstorage.documents/tree/primary%3ATrial%20now%2FMogo/document/primary%3ATrial%20now%2FMogo%2FNEW%202%4025%2F2025%20-%2060%2FCOMERCIAL%2FENISA%20-%20PRETTY%20PLEASE%20Calvee%20Xtd.%20Remix.mp3
11-12 09:09:57.160 D/MediaProvider( 4276): Open with FUSE. FilePath: /storage/emulated/0/Trial now/Mogo/NEW 2@25/2025 - 60/COMERCIAL/ENISA - PRETTY PLEASE Calvee Xtd. Remix.mp3. Uid: 10082. Media Capabilities Uid: 0. ShouldRedact: false. ShouldTranscode: false
11-12 09:09:57.218 D/MusicService(19445): Successfully extracted cover art: 1182x1182
11-12 09:09:57.219 D/MusicService(19445): Notification created (VLC-exact) - Title: ENISA - PRETTY PLEASE Calvee Xtd. Remix.mp3, Playing: true, Seekable: false, Compact: [1, 2, 3]
11-12 09:09:57.222 D/MusicService(19445): updateNotificationData - Title: ENISA - PRETTY PLEASE Calvee Xtd. Remix.mp3, Playing: true, Position: -1, Duration: -1
11-12 09:09:57.222 D/MusicService(19445): MediaSession player updated - Title: ENISA - PRETTY PLEASE Calvee Xtd. Remix.mp3, Playing: true, Position: -1
11-12 09:09:57.224 D/MediaSessionService( 1884): onSessionPlaybackStateChanged: record=com.example.mobiledigger/MobileDigger/1113 (userId=0) playbackState=PlaybackState {state=PLAYING(3), position=0, buffered position=0, speed=1.0, updated=700656362, actions=895, custom actions=[], active item id=-1, error=null}
11-12 09:09:57.228 D/MusicService(19445): Extracting cover art from: content://com.android.externalstorage.documents/tree/primary%3ATrial%20now%2FMogo/document/primary%3ATrial%20now%2FMogo%2FNEW%202%4025%2F2025%20-%2060%2FCOMERCIAL%2FENISA%20-%20PRETTY%20PLEASE%20Calvee%20Xtd.%20Remix.mp3
11-12 09:09:57.241 D/MediaProvider( 4276): Open with FUSE. FilePath: /storage/emulated/0/Trial now/Mogo/NEW 2@25/2025 - 60/COMERCIAL/ENISA - PRETTY PLEASE Calvee Xtd. Remix.mp3. Uid: 10082. Media Capabilities Uid: 0. ShouldRedact: false. ShouldTranscode: false
11-12 09:09:57.244 D/CCodecBufferChannel(19383): [c2.android.mp3.decoder#557] MediaCodec discarded an unknown buffer
11-12 09:09:57.244 D/CCodecBufferChannel(19383): [c2.android.mp3.decoder#557] MediaCodec discarded an unknown buffer
11-12 09:09:57.244 D/CCodecBufferChannel(19383): [c2.android.mp3.decoder#557] MediaCodec discarded an unknown buffer
11-12 09:09:57.244 D/CCodecBufferChannel(19383): [c2.android.mp3.decoder#557] MediaCodec discarded an unknown buffer
11-12 09:09:57.244 D/CCodecBufferChannel(19383): [c2.android.mp3.decoder#557] MediaCodec discarded an unknown buffer
11-12 09:09:57.247 D/CCodecBufferChannel(19383): [c2.android.mp3.decoder#42] MediaCodec discarded an unknown buffer
11-12 09:09:57.247 D/CCodecBufferChannel(19383): [c2.android.mp3.decoder#42] MediaCodec discarded an unknown buffer
11-12 09:09:57.247 D/CCodecBufferChannel(19383): [c2.android.mp3.decoder#42] MediaCodec discarded an unknown buffer
11-12 09:09:57.247 D/CCodecBufferChannel(19383): [c2.android.mp3.decoder#42] MediaCodec discarded an unknown buffer
11-12 09:09:57.247 D/CCodecBufferChannel(19383): [c2.android.mp3.decoder#42] MediaCodec discarded an unknown buffer
11-12 09:09:57.251 D/CCodecBufferChannel(19383): [c2.android.mp3.decoder#924] MediaCodec discarded an unknown buffer
11-12 09:09:57.251 D/CCodecBufferChannel(19383): [c2.android.mp3.decoder#924] MediaCodec discarded an unknown buffer
11-12 09:09:57.251 D/CCodecBufferChannel(19383): [c2.android.mp3.decoder#924] MediaCodec discarded an unknown buffer
11-12 09:09:57.251 D/CCodecBufferChannel(19383): [c2.android.mp3.decoder#924] MediaCodec discarded an unknown buffer
11-12 09:09:57.251 D/CCodecBufferChannel(19383): [c2.android.mp3.decoder#924] MediaCodec discarded an unknown buffer
11-12 09:09:57.275 E/MP3Extractor( 1616): Unable to resync. Signalling end of stream.
11-12 09:09:57.278 D/CCodecBufferChannel(19383): [c2.android.mp3.decoder#599] MediaCodec discarded an unknown buffer
11-12 09:09:57.278 D/CCodecBufferChannel(19383): [c2.android.mp3.decoder#599] MediaCodec discarded an unknown buffer
11-12 09:09:57.278 D/CCodecBufferChannel(19383): [c2.android.mp3.decoder#599] MediaCodec discarded an unknown buffer
11-12 09:09:57.278 D/CCodecBufferChannel(19383): [c2.android.mp3.decoder#599] MediaCodec discarded an unknown buffer
11-12 09:09:57.278 D/CCodecBufferChannel(19383): [c2.android.mp3.decoder#599] MediaCodec discarded an unknown buffer
11-12 09:09:57.286 D/MusicService(19445): Successfully extracted cover art: 1182x1182
11-12 09:09:57.287 D/MusicService(19445): Notification created (VLC-exact) - Title: ENISA - PRETTY PLEASE Calvee Xtd. Remix.mp3, Playing: true, Seekable: false, Compact: [1, 2, 3]
11-12 09:09:57.314 D/CCodecBufferChannel(19383): [c2.android.mp3.decoder#837] MediaCodec discarded an unknown buffer
11-12 09:09:57.314 D/CCodecBufferChannel(19383): [c2.android.mp3.decoder#837] MediaCodec discarded an unknown buffer
11-12 09:09:57.314 D/CCodecBufferChannel(19383): [c2.android.mp3.decoder#837] MediaCodec discarded an unknown buffer
11-12 09:09:57.314 D/CCodecBufferChannel(19383): [c2.android.mp3.decoder#837] MediaCodec discarded an unknown buffer
11-12 09:09:57.314 D/CCodecBufferChannel(19383): [c2.android.mp3.decoder#837] MediaCodec discarded an unknown buffer
11-12 09:09:57.322 D/CCodecBufferChannel(19383): [c2.android.mp3.decoder#468] MediaCodec discarded an unknown buffer
11-12 09:09:57.323 D/CCodecBufferChannel(19383): [c2.android.mp3.decoder#468] MediaCodec discarded an unknown buffer
11-12 09:09:57.323 D/CCodecBufferChannel(19383): [c2.android.mp3.decoder#468] MediaCodec discarded an unknown buffer
11-12 09:09:57.323 D/CCodecBufferChannel(19383): [c2.android.mp3.decoder#468] MediaCodec discarded an unknown buffer
11-12 09:09:57.323 D/CCodecBufferChannel(19383): [c2.android.mp3.decoder#468] MediaCodec discarded an unknown buffer
11-12 09:09:57.325 D/WaveformGenerator(19383): ✅ Waveform generated: 256 samples
11-12 09:09:57.325 D/WaveformGenerator(19383): 📊 UI State - Min: 30, Max: 85, Avg: 67
11-12 09:09:57.326 D/WaveformGenerator(19383): 📊 UI State - First 10: 80, 70, 62, 63, 74, 70, 45, 31, 30, 43
11-12 09:09:57.335 D/WaveformGenerator(19383): 📊 UI State UPDATED - waveformData is now NOT NULL (256 samples)
11-12 09:09:57.349 D/WaveformGenerator(19383): 📺 SharedWaveformDisplay - Received waveform: 256 samples
11-12 09:09:57.349 D/WaveformGenerator(19383): 📺 SharedWaveformDisplay - Min: 30, Max: 85, Avg: 67
11-12 09:09:57.349 D/WaveformGenerator(19383): 📺 SharedWaveformDisplay - First 10: 80, 70, 62, 63, 74, 70, 45, 31, 30, 43
11-12 09:09:57.595 D/Debug   (19383): 🎯 Shared waveform tap seek to: 48%
11-12 09:09:59.911 W/Binder  (14295): Caught a RuntimeException from the binder stub implementation.
11-12 09:09:59.911 W/Binder  (14295): java.lang.UnsupportedOperationException
11-12 09:09:59.919 W/Binder  (14295): Caught a RuntimeException from the binder stub implementation.
11-12 09:09:59.919 W/Binder  (14295): java.lang.UnsupportedOperationException
11-12 09:10:00.063 W/Binder  (14295): Caught a RuntimeException from the binder stub implementation.
11-12 09:10:00.063 W/Binder  (14295): java.lang.UnsupportedOperationException
11-12 09:10:00.097 W/Binder  (14295): Caught a RuntimeException from the binder stub implementation.
11-12 09:10:00.097 W/Binder  (14295): java.lang.UnsupportedOperationException
11-12 09:10:00.612 W/Binder  (14295): Caught a RuntimeException from the binder stub implementation.
11-12 09:10:00.612 W/Binder  (14295): java.lang.UnsupportedOperationException
11-12 09:10:00.614 W/Binder  (14295): Caught a RuntimeException from the binder stub implementation.
11-12 09:10:00.614 W/Binder  (14295): java.lang.UnsupportedOperationException
11-12 09:10:00.624 W/Binder  (14295): Caught a RuntimeException from the binder stub implementation.
11-12 09:10:00.624 W/Binder  (14295): java.lang.UnsupportedOperationException
11-12 09:10:00.625 W/Binder  (14295): Caught a RuntimeException from the binder stub implementation.
11-12 09:10:00.625 W/Binder  (14295): java.lang.UnsupportedOperationException
11-12 09:10:00.625 W/Binder  (14295): Caught a RuntimeException from the binder stub implementation.
11-12 09:10:00.625 W/Binder  (14295): java.lang.UnsupportedOperationException
11-12 09:10:00.627 W/Binder  (14295): Caught a RuntimeException from the binder stub implementation.
11-12 09:10:00.627 W/Binder  (14295): java.lang.UnsupportedOperationException
11-12 09:10:00.627 W/Binder  (14295): Caught a RuntimeException from the binder stub implementation.
11-12 09:10:00.627 W/Binder  (14295): java.lang.UnsupportedOperationException
11-12 09:10:00.668 W/Binder  (14295): Caught a RuntimeException from the binder stub implementation.
11-12 09:10:00.668 W/Binder  (14295): java.lang.UnsupportedOperationException
11-12 09:10:00.756 W/LogErrorOperation( 4275): onLogError callback failed.
11-12 09:10:00.760 W/LogErrorOperation( 4275): onLogError callback failed.
11-12 09:10:00.771 W/Binder  (14295): Caught a RuntimeException from the binder stub implementation.
11-12 09:10:00.771 W/Binder  (14295): java.lang.UnsupportedOperationException
11-12 09:10:00.774 W/LogErrorOperation( 4275): onLogError callback failed.
11-12 09:10:00.776 W/Binder  (14295): Caught a RuntimeException from the binder stub implementation.
11-12 09:10:00.776 W/Binder  (14295): java.lang.UnsupportedOperationException
11-12 09:10:00.792 W/LogErrorOperation( 4275): onLogError callback failed.
11-12 09:10:00.805 W/Binder  (14295): Caught a RuntimeException from the binder stub implementation.
11-12 09:10:00.805 W/Binder  (14295): java.lang.UnsupportedOperationException
11-12 09:10:00.807 W/Binder  (14295): Caught a RuntimeException from the binder stub implementation.
11-12 09:10:00.807 W/Binder  (14295): java.lang.UnsupportedOperationException
11-12 09:10:00.920 W/Binder  (14295): Caught a RuntimeException from the binder stub implementation.
11-12 09:10:00.920 W/Binder  (14295): java.lang.UnsupportedOperationException
11-12 09:10:01.037 D/Debug   (19383): 🎯 Shared waveform tap seek to: 58%
11-12 09:10:01.169 W/Binder  (14295): Caught a RuntimeException from the binder stub implementation.
11-12 09:10:01.169 W/Binder  (14295): java.lang.UnsupportedOperationException
11-12 09:10:01.302 W/Binder  (14295): Caught a RuntimeException from the binder stub implementation.
11-12 09:10:01.302 W/Binder  (14295): java.lang.UnsupportedOperationException
11-12 09:10:01.330 I/BluetoothQualityReportNativeInterface(14050):     mTxTotalPackets: 0, mTxUnackPackets: 0, mTxFlushPackets: 0, mTxLastSubeventPackets: 0, mCrcErrorPackets: 0, mRxDupPackets: 0, mRxUnRecvPackets: 0, mCoexInfoMask: 0
11-12 09:10:01.449 W/Binder  (14295): Caught a RuntimeException from the binder stub implementation.
11-12 09:10:01.449 W/Binder  (14295): java.lang.UnsupportedOperationException
11-12 09:10:01.513 D/TelephonyManager( 1884): requestModemActivityInfo: Sending result to app: ModemActivityInfo{ mTimestamp=700660651 mSleepTimeMs=593666406 mIdleTimeMs=26979732 mActivityStatsTechSpecificInfo=[{mRat=GERAN,mFrequencyRange=UNKNOWN,mTxTimeMs[]=[0, 0, 0, 0, 0],mRxTimeMs=452}, {mRat=UTRAN,mFrequencyRange=UNKNOWN,mTxTimeMs[]=[0, 0, 0, 0, 0],mRxTimeMs=0}, {mRat=EUTRAN,mFrequencyRange=UNKNOWN,mTxTimeMs[]=[3652499, 764150, 2902872, 1366402, 661194],mRxTimeMs=74522558}, {mRat=NGRAN,mFrequencyRange=HIGH,mTxTimeMs[]=[58581, 29435, 126983, 150015, 532952],mRxTimeMs=9358950}, {mRat=NGRAN,mFrequencyRange=MMWAVE,mTxTimeMs[]=[0, 0, 0, 0, 0],mRxTimeMs=0}, {mRat=UNKNOWN,mFrequencyRange=UNKNOWN,mTxTimeMs[]=[0, 0, 0, 0, 0],mRxTimeMs=0}]}
11-12 09:10:02.076 D/Debug   (19383): 🎯 Shared waveform tap seek to: 65%
11-12 09:10:02.897 D/MusicViewModel(19383): 📁 LOAD_CURRENT_FILE() - loading file: INNA X JUMANJI - CHEEKY HABIBI Disk Jokers Xtd. Mash Up.mp3
11-12 09:10:02.897 D/MusicViewModel(19383): 📁 LOAD_CURRENT_FILE() - updated current playing file to: INNA X JUMANJI - CHEEKY HABIBI Disk Jokers Xtd. Mash Up.mp3 (URI: content://com.android.externalstorage.documents/tree/primary%3ATrial%20now%2FMogo/document/primary%3ATrial%20now%2FMogo%2FNEW%202%4025%2F2025%20-%2060%2FCOMERCIAL%2FINNA%20X%20JUMANJI%20-%20CHEEKY%20HABIBI%20Disk%20Jokers%20Xtd.%20Mash%20Up.mp3)
11-12 09:10:02.897 D/MusicViewModel(19383): 📁 LOAD_CURRENT_FILE() - preloaded next file: JERE KLEIN - MIRALA Matt Xtd. Edit.mp3
11-12 09:10:02.897 D/MusicViewModel(19383): 📁 LOAD_CURRENT_FILE() - calling audioManager.playFile() [IO]
11-12 09:10:02.899 D/AudioManager(19383): 🎵 Starting playback for: INNA X JUMANJI - CHEEKY HABIBI Disk Jokers Xtd. Mash Up.mp3
11-12 09:10:02.900 D/AudioManager(19383): 📁 File URI: content://com.android.externalstorage.documents/tree/primary%3ATrial%20now%2FMogo/document/primary%3ATrial%20now%2FMogo%2FNEW%202%4025%2F2025%20-%2060%2FCOMERCIAL%2FINNA%20X%20JUMANJI%20-%20CHEEKY%20HABIBI%20Disk%20Jokers%20Xtd.%20Mash%20Up.mp3
11-12 09:10:02.901 D/AudioManager(19383): 🧹 Ensuring clean state before playback...
11-12 09:10:02.902 D/AudioManager(19383): 🛑 Stopping all playback before starting new file
11-12 09:10:02.903 D/AudioManager(19383): 🧹 Cleaning up VLC backend...
11-12 09:10:02.904 D/AudioManager(19383): 🛑 Stopping VLC playback...
11-12 09:10:02.922 D/VLC     (19383): [b40000705be8df30/50cb] libvlc input: Destroying the input for 'aiff_temp_2227419615962279884.aiff'
11-12 09:10:02.923 D/AudioManager(19383): ✅ VLC stopped
11-12 09:10:02.923 D/AudioManager(19383): ✅ VLC reset completed
11-12 09:10:02.925 D/AudioManager(19383): 🧹 Cleaning up FFmpegMediaPlayer...
11-12 09:10:02.925 D/AudioManager(19383): 🔄 Resetting FFmpegMediaPlayer state...
11-12 09:10:02.927 D/AudioManager(19383): ✅ FFmpegMediaPlayer reset completed
11-12 09:10:02.950 D/WaveformGenerator(19383): LaunchedEffect triggered for file: INNA X JUMANJI - CHEEKY HABIBI Disk Jokers Xtd. Mash Up.mp3
11-12 09:10:02.989 W/EffectProxy( 1488): runWithActiveSubEffectThenOthers active sub-effect return error Status(-4, EX_NULL_POINTER): 'activeSubEffectNull'
11-12 09:10:03.001 W/Binder  (18730): Caught a RuntimeException from the binder stub implementation.
11-12 09:10:03.001 W/Binder  (18730): java.lang.UnsupportedOperationException
11-12 09:10:03.002 W/Binder  (18730): Caught a RuntimeException from the binder stub implementation.
11-12 09:10:03.002 W/Binder  (18730): java.lang.UnsupportedOperationException
11-12 09:10:03.029 W/Binder  (18730): Caught a RuntimeException from the binder stub implementation.
11-12 09:10:03.029 W/Binder  (18730): java.lang.UnsupportedOperationException
11-12 09:10:03.029 D/WaveformGenerator(19383): Starting waveform generation for: INNA X JUMANJI - CHEEKY HABIBI Disk Jokers Xtd. Mash Up.mp3
11-12 09:10:03.030 D/WaveformGenerator(19383): File size: 9.2MB
11-12 09:10:03.031 D/WaveformGenerator(19383): Generating waveform for: INNA X JUMANJI - CHEEKY HABIBI Disk Jokers Xtd. Mash Up.mp3
11-12 09:10:03.032 D/WaveformGenerator(19383): Requesting 256 samples for any duration
11-12 09:10:03.032 D/WaveformGenerator(19383): 📺 SharedWaveformDisplay - Received waveform: 256 samples
11-12 09:10:03.032 D/WaveformGenerator(19383): 📺 SharedWaveformDisplay - Min: 30, Max: 85, Avg: 67
11-12 09:10:03.032 D/WaveformGenerator(19383): 📺 SharedWaveformDisplay - First 10: 80, 70, 62, 63, 74, 70, 45, 31, 30, 43
11-12 09:10:03.051 D/AudioManager(19383): ExoPlayer cleared
11-12 09:10:03.051 D/AudioManager(19383): All playback stopped successfully
11-12 09:10:03.052 D/AudioManager(19383): 🔄 Starting VLC playback for: content://com.android.externalstorage.documents/tree/primary%3ATrial%20now%2FMogo/document/primary%3ATrial%20now%2FMogo%2FNEW%202%4025%2F2025%20-%2060%2FCOMERCIAL%2FINNA%20X%20JUMANJI%20-%20CHEEKY%20HABIBI%20Disk%20Jokers%20Xtd.%20Mash%20Up.mp3
11-12 09:10:03.052 D/AudioManager(19383): 🔄 Starting copyUriToTempFile for: content://com.android.externalstorage.documents/tree/primary%3ATrial%20now%2FMogo/document/primary%3ATrial%20now%2FMogo%2FNEW%202%4025%2F2025%20-%2060%2FCOMERCIAL%2FINNA%20X%20JUMANJI%20-%20CHEEKY%20HABIBI%20Disk%20Jokers%20Xtd.%20Mash%20Up.mp3
11-12 09:10:03.052 D/MediaProvider( 4276): Open with FUSE. FilePath: /storage/emulated/0/Trial now/Mogo/NEW 2@25/2025 - 60/COMERCIAL/INNA X JUMANJI - CHEEKY HABIBI Disk Jokers Xtd. Mash Up.mp3. Uid: 10082. Media Capabilities Uid: 0. ShouldRedact: false. ShouldTranscode: false
11-12 09:10:03.052 D/AudioManager(19383): 📁 Temp file created: /data/user/0/com.example.mobiledigger/cache/aiff_temp_5997981973464234414.aiff
11-12 09:10:03.063 D/MediaProvider( 4276): Open with FUSE. FilePath: /storage/emulated/0/Trial now/Mogo/NEW 2@25/2025 - 60/COMERCIAL/INNA X JUMANJI - CHEEKY HABIBI Disk Jokers Xtd. Mash Up.mp3. Uid: 10082. Media Capabilities Uid: 0. ShouldRedact: false. ShouldTranscode: false
11-12 09:10:03.071 D/CCodec  (19383): allocate(c2.android.mp3.decoder)
11-12 09:10:03.081 I/CCodec  (19383): Created component [c2.android.mp3.decoder] for [c2.android.mp3.decoder]
11-12 09:10:03.093 D/CCodec  (19383): [c2.android.mp3.decoder] buffers are bound to CCodec for this session
11-12 09:10:03.095 D/CCodecBufferChannel(19383): [c2.android.mp3.decoder#171] Created input block pool with allocatorID 16 => poolID 146 - OK (0)
11-12 09:10:03.096 I/CCodecBufferChannel(19383): [c2.android.mp3.decoder#171] Created output block pool with allocatorID 16 => poolID 51019 - OK
11-12 09:10:03.096 D/CCodecBufferChannel(19383): [c2.android.mp3.decoder#171] Configured output block pool ids 51019 => OK
11-12 09:10:03.098 D/CCodecBufferChannel(19383): [c2.android.mp3.decoder#171] MediaCodec discarded an unknown buffer
11-12 09:10:03.098 D/CCodecBufferChannel(19383): [c2.android.mp3.decoder#171] MediaCodec discarded an unknown buffer
11-12 09:10:03.098 D/CCodecBufferChannel(19383): [c2.android.mp3.decoder#171] MediaCodec discarded an unknown buffer
11-12 09:10:03.098 D/CCodecBufferChannel(19383): [c2.android.mp3.decoder#171] MediaCodec discarded an unknown buffer
11-12 09:10:03.099 D/AudioManager(19383): ✅ File copy completed, flushed and synced
11-12 09:10:03.099 D/AudioManager(19383): 🔄 Running GC and waiting for file descriptor cleanup...
11-12 09:10:03.111 D/MediaProvider( 4276): Open with FUSE. FilePath: /storage/emulated/0/Trial now/Mogo/NEW 2@25/2025 - 60/COMERCIAL/INNA X JUMANJI - CHEEKY HABIBI Disk Jokers Xtd. Mash Up.mp3. Uid: 10082. Media Capabilities Uid: 0. ShouldRedact: false. ShouldTranscode: false
11-12 09:10:03.113 D/MediaProvider( 4276): Open with FUSE. FilePath: /storage/emulated/0/Trial now/Mogo/NEW 2@25/2025 - 60/COMERCIAL/INNA X JUMANJI - CHEEKY HABIBI Disk Jokers Xtd. Mash Up.mp3. Uid: 10082. Media Capabilities Uid: 0. ShouldRedact: false. ShouldTranscode: false
11-12 09:10:03.114 D/MediaProvider( 4276): Open with FUSE. FilePath: /storage/emulated/0/Trial now/Mogo/NEW 2@25/2025 - 60/COMERCIAL/INNA X JUMANJI - CHEEKY HABIBI Disk Jokers Xtd. Mash Up.mp3. Uid: 10082. Media Capabilities Uid: 0. ShouldRedact: false. ShouldTranscode: false
11-12 09:10:03.116 D/MediaProvider( 4276): Open with FUSE. FilePath: /storage/emulated/0/Trial now/Mogo/NEW 2@25/2025 - 60/COMERCIAL/INNA X JUMANJI - CHEEKY HABIBI Disk Jokers Xtd. Mash Up.mp3. Uid: 10082. Media Capabilities Uid: 0. ShouldRedact: false. ShouldTranscode: false
11-12 09:10:03.118 D/MediaProvider( 4276): Open with FUSE. FilePath: /storage/emulated/0/Trial now/Mogo/NEW 2@25/2025 - 60/COMERCIAL/INNA X JUMANJI - CHEEKY HABIBI Disk Jokers Xtd. Mash Up.mp3. Uid: 10082. Media Capabilities Uid: 0. ShouldRedact: false. ShouldTranscode: false
11-12 09:10:03.119 D/MediaProvider( 4276): Open with FUSE. FilePath: /storage/emulated/0/Trial now/Mogo/NEW 2@25/2025 - 60/COMERCIAL/INNA X JUMANJI - CHEEKY HABIBI Disk Jokers Xtd. Mash Up.mp3. Uid: 10082. Media Capabilities Uid: 0. ShouldRedact: false. ShouldTranscode: false
11-12 09:10:03.134 D/CCodec  (19383): allocate(c2.android.mp3.decoder)
11-12 09:10:03.139 D/CCodec  (19383): allocate(c2.android.mp3.decoder)
11-12 09:10:03.139 I/CCodec  (19383): Created component [c2.android.mp3.decoder] for [c2.android.mp3.decoder]
11-12 09:10:03.140 D/CCodec  (19383): allocate(c2.android.mp3.decoder)
11-12 09:10:03.141 D/CCodec  (19383): allocate(c2.android.mp3.decoder)
11-12 09:10:03.142 D/CCodec  (19383): allocate(c2.android.mp3.decoder)
11-12 09:10:03.144 I/CCodec  (19383): Created component [c2.android.mp3.decoder] for [c2.android.mp3.decoder]
11-12 09:10:03.145 D/CCodec  (19383): allocate(c2.android.mp3.decoder)
11-12 09:10:03.145 I/CCodec  (19383): Created component [c2.android.mp3.decoder] for [c2.android.mp3.decoder]
11-12 09:10:03.148 I/CCodec  (19383): Created component [c2.android.mp3.decoder] for [c2.android.mp3.decoder]
11-12 09:10:03.148 D/CCodec  (19383): [c2.android.mp3.decoder] buffers are bound to CCodec for this session
11-12 09:10:03.148 I/CCodec  (19383): Created component [c2.android.mp3.decoder] for [c2.android.mp3.decoder]
11-12 09:10:03.150 I/CCodec  (19383): Created component [c2.android.mp3.decoder] for [c2.android.mp3.decoder]
11-12 09:10:03.152 D/AudioManager(19383): ✅ Temp file verification passed: 9594796 bytes
11-12 09:10:03.153 D/AudioManager(19383): Successfully copied URI to temp file: /data/user/0/com.example.mobiledigger/cache/aiff_temp_5997981973464234414.aiff (9.15MB in 100ms, 91.50MB/s)
11-12 09:10:03.153 D/AudioManager(19383): ✅ Copied to temp file for VLC: /data/user/0/com.example.mobiledigger/cache/aiff_temp_5997981973464234414.aiff
11-12 09:10:03.153 D/VlcAudioBackend(19383): 🔄 Setting VLC data source: file:///data/user/0/com.example.mobiledigger/cache/aiff_temp_5997981973464234414.aiff
11-12 09:10:03.154 D/VLC     (19383): [b40000705be82000/50cb] libvlc input: Creating an input for 'aiff_temp_5997981973464234414.aiff'
11-12 09:10:03.154 D/CCodecBufferChannel(19383): [c2.android.mp3.decoder#502] Created input block pool with allocatorID 16 => poolID 147 - OK (0)
11-12 09:10:03.156 D/VLC     (19383): [b40000705be82000/5634] libvlc input: `file:///data/user/0/com.example.mobiledigger/cache/aiff_temp_5997981973464234414.aiff' gives access `file' demux `any' path `/data/user/0/com.example.mobiledigger/cache/aiff_temp_5997981973464234414.aiff'
11-12 09:10:03.156 D/VLC     (19383): [b4000070dbe91000/5634] libvlc input source: creating demux: access='file' demux='any' location='/data/user/0/com.example.mobiledigger/cache/aiff_temp_5997981973464234414.aiff' file='/data/user/0/com.example.mobiledigger/cache/aiff_temp_5997981973464234414.aiff'
11-12 09:10:03.156 D/VLC     (19383): [b40000708be7e420/5634] libvlc stream: creating access: file:///data/user/0/com.example.mobiledigger/cache/aiff_temp_5997981973464234414.aiff
11-12 09:10:03.156 D/VLC     (19383): [b40000708be7e420/5634] libvlc stream:  (path: /data/user/0/com.example.mobiledigger/cache/aiff_temp_5997981973464234414.aiff)
11-12 09:10:03.156 D/AudioManager(19383): ✅ VLC playback initiated
11-12 09:10:03.157 D/AudioManager(19383): ✅ VLC playback successful for: INNA X JUMANJI - CHEEKY HABIBI Disk Jokers Xtd. Mash Up.mp3
11-12 09:10:03.157 I/CCodecBufferChannel(19383): [c2.android.mp3.decoder#502] Created output block pool with allocatorID 16 => poolID 51026 - OK
11-12 09:10:03.157 D/CCodecBufferChannel(19383): [c2.android.mp3.decoder#502] Configured output block pool ids 51026 => OK
11-12 09:10:03.158 D/PerformanceProfiler(19383): 📊 AudioManager.playFile[INNA X JUMANJI - CHEEKY HABIBI Disk Jokers Xtd. Mash Up.mp3] took 259ms
11-12 09:10:03.162 D/CCodec  (19383): [c2.android.mp3.decoder] buffers are bound to CCodec for this session
11-12 09:10:03.163 D/CCodec  (19383): [c2.android.mp3.decoder] buffers are bound to CCodec for this session
11-12 09:10:03.163 D/CCodec  (19383): [c2.android.mp3.decoder] buffers are bound to CCodec for this session
11-12 09:10:03.163 D/MusicService(19445): updateNotificationData - Title: primary:Trial now/Mogo/NEW 2@25/2025 - 60/COMERCIAL/INNA X JUMANJI - CHEEKY HABIBI Disk Jokers Xtd. Mash Up.mp3, Playing: true, Position: 0, Duration: 0
11-12 09:10:03.163 D/CCodec  (19383): [c2.android.mp3.decoder] buffers are bound to CCodec for this session
11-12 09:10:03.164 D/CCodec  (19383): [c2.android.mp3.decoder] buffers are bound to CCodec for this session
11-12 09:10:03.165 D/MusicService(19445): MediaSession player updated - Title: primary:Trial now/Mogo/NEW 2@25/2025 - 60/COMERCIAL/INNA X JUMANJI - CHEEKY HABIBI Disk Jokers Xtd. Mash Up.mp3, Playing: true, Position: 0
11-12 09:10:03.166 D/CCodecBufferChannel(19383): [c2.android.mp3.decoder#171] Created input block pool with allocatorID 16 => poolID 148 - OK (0)
11-12 09:10:03.166 D/MediaSessionService( 1884): onSessionPlaybackStateChanged: record=com.example.mobiledigger/MobileDigger/1113 (userId=0) playbackState=PlaybackState {state=PLAYING(3), position=0, buffered position=0, speed=1.0, updated=700662305, actions=895, custom actions=[], active item id=-1, error=null}
11-12 09:10:03.168 I/CCodecBufferChannel(19383): [c2.android.mp3.decoder#171] Created output block pool with allocatorID 16 => poolID 51027 - OK
11-12 09:10:03.168 D/CCodecBufferChannel(19383): [c2.android.mp3.decoder#171] Configured output block pool ids 51027 => OK
11-12 09:10:03.170 D/CCodecBufferChannel(19383): [c2.android.mp3.decoder#547] Created input block pool with allocatorID 16 => poolID 149 - OK (0)
11-12 09:10:03.171 D/CCodecBufferChannel(19383): [c2.android.mp3.decoder#310] Created input block pool with allocatorID 16 => poolID 150 - OK (0)
11-12 09:10:03.172 I/C2SoftMp3Dec( 1642): Reconfiguring decoder: 0->44100 Hz, 0->2 channels
11-12 09:10:03.172 D/CCodecBufferChannel(19383): [c2.android.mp3.decoder#677] Created input block pool with allocatorID 16 => poolID 151 - OK (0)
11-12 09:10:03.172 D/MusicViewModel(19383): 📁 LOAD_CURRENT_FILE() - playback started successfully for INNA X JUMANJI - CHEEKY HABIBI Disk Jokers Xtd. Mash Up.mp3
11-12 09:10:03.172 D/MusicViewModel(19383): ✅ Added INNA X JUMANJI - CHEEKY HABIBI Disk Jokers Xtd. Mash Up.mp3 to played-but-not-actioned list. Total tracked: 2
11-12 09:10:03.173 I/CCodecBufferChannel(19383): [c2.android.mp3.decoder#547] Created output block pool with allocatorID 16 => poolID 51028 - OK
11-12 09:10:03.173 I/CCodecBufferChannel(19383): [c2.android.mp3.decoder#310] Created output block pool with allocatorID 16 => poolID 51029 - OK
11-12 09:10:03.174 D/CCodecBufferChannel(19383): [c2.android.mp3.decoder#310] Configured output block pool ids 51029 => OK
11-12 09:10:03.174 D/CCodecBufferChannel(19383): [c2.android.mp3.decoder#547] Configured output block pool ids 51028 => OK
11-12 09:10:03.174 I/CCodecBufferChannel(19383): [c2.android.mp3.decoder#677] Created output block pool with allocatorID 16 => poolID 51030 - OK
11-12 09:10:03.175 D/CCodecBufferChannel(19383): [c2.android.mp3.decoder#677] Configured output block pool ids 51030 => OK
11-12 09:10:03.176 D/MusicService(19445): Extracting cover art from: file:///data/user/0/com.example.mobiledigger/cache/aiff_temp_5997981973464234414.aiff
11-12 09:10:03.179 D/CCodecBufferChannel(19383): [c2.android.mp3.decoder#38] Created input block pool with allocatorID 16 => poolID 152 - OK (0)
11-12 09:10:03.179 D/VLC     (19383): [b4000070dbe91000/5634] libvlc input source: attachment of directory-extractor failed for file:///data/user/0/com.example.mobiledigger/cache/aiff_temp_5997981973464234414.aiff
11-12 09:10:03.179 D/VLC     (19383): [b4000070dbe91000/5634] libvlc input source: creating demux: access='file' demux='any' location='/data/user/0/com.example.mobiledigger/cache/aiff_temp_5997981973464234414.aiff' file='/data/user/0/com.example.mobiledigger/cache/aiff_temp_5997981973464234414.aiff'
11-12 09:10:03.180 D/VLC     (19383): [b40000707be7afe0/5634] libvlc demux: looking for demux module matching "aiff": 50 candidates
11-12 09:10:03.181 D/VLC     (19383): [b40000708bece1a0/5634] libvlc stream: creating access: file:///data/user/0/com.example.mobiledigger/cache/aiff_temp_5997981973464234414.aiff
11-12 09:10:03.182 D/VLC     (19383): [b40000708bece1a0/5634] libvlc stream:  (path: /data/user/0/com.example.mobiledigger/cache/aiff_temp_5997981973464234414.aiff)
11-12 09:10:03.182 D/VLC     (19383): [b40000705be82000/5634] libvlc input: `file:///data/user/0/com.example.mobiledigger/cache/aiff_temp_5997981973464234414.aiff' successfully opened
11-12 09:10:03.182 I/CCodecBufferChannel(19383): [c2.android.mp3.decoder#38] Created output block pool with allocatorID 16 => poolID 51031 - OK
11-12 09:10:03.182 D/CCodecBufferChannel(19383): [c2.android.mp3.decoder#38] Configured output block pool ids 51031 => OK
11-12 09:10:03.183 I/C2SoftMp3Dec( 1642): Reconfiguring decoder: 0->44100 Hz, 0->2 channels
11-12 09:10:03.191 I/C2SoftMp3Dec( 1642): Reconfiguring decoder: 0->44100 Hz, 0->2 channels
11-12 09:10:03.193 I/C2SoftMp3Dec( 1642): Reconfiguring decoder: 0->44100 Hz, 0->2 channels
11-12 09:10:03.194 I/C2SoftMp3Dec( 1642): Reconfiguring decoder: 0->44100 Hz, 0->2 channels
11-12 09:10:03.196 I/C2SoftMp3Dec( 1642): Reconfiguring decoder: 0->44100 Hz, 0->2 channels
11-12 09:10:03.197 D/MediaProvider( 4276): Open with FUSE. FilePath: /storage/emulated/0/Trial now/Mogo/NEW 2@25/2025 - 60/COMERCIAL/INNA X JUMANJI - CHEEKY HABIBI Disk Jokers Xtd. Mash Up.mp3. Uid: 10082. Media Capabilities Uid: 0. ShouldRedact: false. ShouldTranscode: false
11-12 09:10:03.227 D/MediaProvider( 4276): Open with FUSE. FilePath: /storage/emulated/0/Trial now/Mogo/NEW 2@25/2025 - 60/COMERCIAL/INNA X JUMANJI - CHEEKY HABIBI Disk Jokers Xtd. Mash Up.mp3. Uid: 10082. Media Capabilities Uid: 0. ShouldRedact: false. ShouldTranscode: false
11-12 09:10:03.269 D/MusicViewModel(19383): 📁 LOAD_CURRENT_FILE() - extracted duration (IO): 225358ms
11-12 09:10:03.285 D/MusicService(19445): Successfully extracted cover art: 1182x1182
11-12 09:10:03.286 D/MusicService(19445): Notification created (VLC-exact) - Title: primary:Trial now/Mogo/NEW 2@25/2025 - 60/COMERCIAL/INNA X JUMANJI - CHEEKY HABIBI Disk Jokers Xtd. Mash Up.mp3, Playing: true, Seekable: false, Compact: [1, 2, 3]
11-12 09:10:03.289 D/MusicService(19445): updateNotificationData - Title: INNA X JUMANJI - CHEEKY HABIBI Disk Jokers Xtd. Mash Up.mp3, Playing: true, Position: 0, Duration: 0
11-12 09:10:03.289 D/MusicService(19445): MediaSession player updated - Title: INNA X JUMANJI - CHEEKY HABIBI Disk Jokers Xtd. Mash Up.mp3, Playing: true, Position: 0
11-12 09:10:03.290 D/MediaSessionService( 1884): onSessionPlaybackStateChanged: record=com.example.mobiledigger/MobileDigger/1113 (userId=0) playbackState=PlaybackState {state=PLAYING(3), position=0, buffered position=0, speed=1.0, updated=700662429, actions=895, custom actions=[], active item id=-1, error=null}
11-12 09:10:03.294 D/MusicService(19445): Extracting cover art from: content://com.android.externalstorage.documents/tree/primary%3ATrial%20now%2FMogo/document/primary%3ATrial%20now%2FMogo%2FNEW%202%4025%2F2025%20-%2060%2FCOMERCIAL%2FINNA%20X%20JUMANJI%20-%20CHEEKY%20HABIBI%20Disk%20Jokers%20Xtd.%20Mash%20Up.mp3
11-12 09:10:03.313 D/MediaProvider( 4276): Open with FUSE. FilePath: /storage/emulated/0/Trial now/Mogo/NEW 2@25/2025 - 60/COMERCIAL/INNA X JUMANJI - CHEEKY HABIBI Disk Jokers Xtd. Mash Up.mp3. Uid: 10082. Media Capabilities Uid: 0. ShouldRedact: false. ShouldTranscode: false
