11-12 09:08:08.122 D/CCodecBufferChannel(19383): [c2.android.mp3.decoder#182] MediaCodec discarded an unknown buffer
11-12 09:08:08.122 D/CCodecBufferChannel(19383): [c2.android.mp3.decoder#182] MediaCodec discarded an unknown buffer
11-12 09:08:08.122 D/CCodecBufferChannel(19383): [c2.android.mp3.decoder#182] MediaCodec discarded an unknown buffer
11-12 09:08:08.122 D/CCodecBufferChannel(19383): [c2.android.mp3.decoder#182] MediaCodec discarded an unknown buffer
11-12 09:08:08.141 D/CCodecBufferChannel(19383): [c2.android.mp3.decoder#141] MediaCodec discarded an unknown buffer
11-12 09:08:08.141 D/CCodecBufferChannel(19383): [c2.android.mp3.decoder#141] MediaCodec discarded an unknown buffer
11-12 09:08:08.141 D/CCodecBufferChannel(19383): [c2.android.mp3.decoder#141] MediaCodec discarded an unknown buffer
11-12 09:08:08.141 D/CCodecBufferChannel(19383): [c2.android.mp3.decoder#141] MediaCodec discarded an unknown buffer
11-12 09:08:08.141 D/CCodecBufferChannel(19383): [c2.android.mp3.decoder#141] MediaCodec discarded an unknown buffer
11-12 09:08:08.143 D/CCodecBufferChannel(19383): [c2.android.mp3.decoder#540] MediaCodec discarded an unknown buffer
11-12 09:08:08.143 D/CCodecBufferChannel(19383): [c2.android.mp3.decoder#540] MediaCodec discarded an unknown buffer
11-12 09:08:08.143 D/CCodecBufferChannel(19383): [c2.android.mp3.decoder#540] MediaCodec discarded an unknown buffer
11-12 09:08:08.143 D/CCodecBufferChannel(19383): [c2.android.mp3.decoder#540] MediaCodec discarded an unknown buffer
11-12 09:08:08.143 D/CCodecBufferChannel(19383): [c2.android.mp3.decoder#540] MediaCodec discarded an unknown buffer
11-12 09:08:08.149 D/CCodecBufferChannel(19383): [c2.android.mp3.decoder#682] MediaCodec discarded an unknown buffer
11-12 09:08:08.149 D/CCodecBufferChannel(19383): [c2.android.mp3.decoder#682] MediaCodec discarded an unknown buffer
11-12 09:08:08.149 D/CCodecBufferChannel(19383): [c2.android.mp3.decoder#682] MediaCodec discarded an unknown buffer
11-12 09:08:08.149 D/CCodecBufferChannel(19383): [c2.android.mp3.decoder#682] MediaCodec discarded an unknown buffer
11-12 09:08:08.149 D/CCodecBufferChannel(19383): [c2.android.mp3.decoder#682] MediaCodec discarded an unknown buffer
11-12 09:08:08.153 D/WaveformGenerator(19383): ✅ Waveform generated: 256 samples
11-12 09:08:08.153 D/WaveformGenerator(19383): 📊 UI State - Min: 30, Max: 85, Avg: 74
11-12 09:08:08.154 D/WaveformGenerator(19383): 📊 UI State - First 10: 31, 40, 56, 63, 61, 70, 81, 85, 85, 85
11-12 09:08:08.154 D/WaveformGenerator(19383): 📊 UI State UPDATED - waveformData is now NOT NULL (256 samples)
11-12 09:08:08.200 D/WaveformGenerator(19383): 📺 SharedWaveformDisplay - Received waveform: 256 samples
11-12 09:08:08.200 D/WaveformGenerator(19383): 📺 SharedWaveformDisplay - Min: 30, Max: 85, Avg: 74
11-12 09:08:08.200 D/WaveformGenerator(19383): 📺 SharedWaveformDisplay - First 10: 31, 40, 56, 63, 61, 70, 81, 85, 85, 85
11-12 09:08:09.175 D/Debug   (19383): 🎯 Shared waveform tap seek to: 26%
11-12 09:08:09.241 D/GRIL-S  ( 2978): [33103]> UPDATE_DEVICE_STATE DeviceState: Usb:0, Wifi: 1, Wifi AP: 0, Earpiece: 0, Bluetooth: 1, Wireless charging: 0, Screen: 1, Camera: 0, 0, -, -, Motion: 0, Bluetooth tethering: 0, Voice: 0, Wifi 2.4G: 0, Radio: 1, Bluetooth connected: 1, Bluetooth media: 1, Wifi Band: 2, Wifi AP Band: 0, Wifi call: 0, mmWave: 0, mCellBackhaul: 0, mHallSensor: 0, mDozeStatus: 1, mAppClassInfo: 0, mWifiCapSensorStatus: 0, mCellCapSensorStatus: 0, mBesideHeadHandStatus: 0, mSpeakerStatus: 0, mProtectiveCaseStatus: 0, mWifiSettingStatus: 0, mGpsStatus: 0
11-12 09:08:12.327 D/Debug   (19383): 🎯 Shared waveform tap seek to: 42%
11-12 09:08:12.927 W/Binder  (18730): Caught a RuntimeException from the binder stub implementation.
11-12 09:08:12.927 W/Binder  (18730): java.lang.UnsupportedOperationException
11-12 09:08:12.930 W/Binder  (18730): Caught a RuntimeException from the binder stub implementation.
11-12 09:08:12.930 W/Binder  (18730): java.lang.UnsupportedOperationException
11-12 09:08:12.962 W/Binder  (18730): Caught a RuntimeException from the binder stub implementation.
11-12 09:08:12.962 W/Binder  (18730): java.lang.UnsupportedOperationException
11-12 09:08:13.169 D/MusicViewModel(19383): 📁 LOAD_CURRENT_FILE() - loading file: ENISA - PRETTY PLEASE Calvee Xtd. Remix.mp3
11-12 09:08:13.169 D/MusicViewModel(19383): 📁 LOAD_CURRENT_FILE() - updated current playing file to: ENISA - PRETTY PLEASE Calvee Xtd. Remix.mp3 (URI: content://com.android.externalstorage.documents/tree/primary%3ATrial%20now%2FMogo/document/primary%3ATrial%20now%2FMogo%2FNEW%202%4025%2F2025%20-%2060%2FCOMERCIAL%2FENISA%20-%20PRETTY%20PLEASE%20Calvee%20Xtd.%20Remix.mp3)
11-12 09:08:13.169 D/MusicViewModel(19383): 📁 LOAD_CURRENT_FILE() - preloaded next file: INNA X JUMANJI - CHEEKY HABIBI Disk Jokers Xtd. Mash Up.mp3
11-12 09:08:13.170 D/MusicViewModel(19383): 📁 LOAD_CURRENT_FILE() - calling audioManager.playFile() [IO]
11-12 09:08:13.171 D/AudioManager(19383): 🎵 Starting playback for: ENISA - PRETTY PLEASE Calvee Xtd. Remix.mp3
11-12 09:08:13.171 D/AudioManager(19383): 📁 File URI: content://com.android.externalstorage.documents/tree/primary%3ATrial%20now%2FMogo/document/primary%3ATrial%20now%2FMogo%2FNEW%202%4025%2F2025%20-%2060%2FCOMERCIAL%2FENISA%20-%20PRETTY%20PLEASE%20Calvee%20Xtd.%20Remix.mp3
11-12 09:08:13.172 D/AudioManager(19383): 🧹 Ensuring clean state before playback...
11-12 09:08:13.172 D/AudioManager(19383): 🛑 Stopping all playback before starting new file
11-12 09:08:13.173 D/AudioManager(19383): 🧹 Cleaning up VLC backend...
11-12 09:08:13.173 D/AudioManager(19383): 🛑 Stopping VLC playback...
11-12 09:08:13.198 D/VLC     (19383): [b40000705be88eb0/529d] libvlc input: Destroying the input for 'aiff_temp_4536188973402024162.aiff'
11-12 09:08:13.199 D/AudioManager(19383): ✅ VLC stopped
11-12 09:08:13.201 D/AudioManager(19383): ✅ VLC reset completed
11-12 09:08:13.202 D/AudioManager(19383): 🧹 Cleaning up FFmpegMediaPlayer...
11-12 09:08:13.203 D/AudioManager(19383): 🔄 Resetting FFmpegMediaPlayer state...
11-12 09:08:13.204 D/AudioManager(19383): ✅ FFmpegMediaPlayer reset completed
11-12 09:08:13.226 D/WaveformGenerator(19383): LaunchedEffect triggered for file: ENISA - PRETTY PLEASE Calvee Xtd. Remix.mp3
11-12 09:08:13.255 W/EffectProxy( 1488): runWithActiveSubEffectThenOthers active sub-effect return error Status(-4, EX_NULL_POINTER): 'activeSubEffectNull'
11-12 09:08:13.301 D/WaveformGenerator(19383): Starting waveform generation for: ENISA - PRETTY PLEASE Calvee Xtd. Remix.mp3
11-12 09:08:13.302 D/WaveformGenerator(19383): File size: 12.8MB
11-12 09:08:13.303 D/WaveformGenerator(19383): Generating waveform for: ENISA - PRETTY PLEASE Calvee Xtd. Remix.mp3
11-12 09:08:13.303 D/WaveformGenerator(19383): Requesting 256 samples for any duration
11-12 09:08:13.304 D/WaveformGenerator(19383): 📺 SharedWaveformDisplay - Received waveform: 256 samples
11-12 09:08:13.304 D/WaveformGenerator(19383): 📺 SharedWaveformDisplay - Min: 30, Max: 85, Avg: 74
11-12 09:08:13.304 D/WaveformGenerator(19383): 📺 SharedWaveformDisplay - First 10: 31, 40, 56, 63, 61, 70, 81, 85, 85, 85
11-12 09:08:13.326 D/AudioManager(19383): ExoPlayer cleared
11-12 09:08:13.327 D/AudioManager(19383): All playback stopped successfully
11-12 09:08:13.327 D/AudioManager(19383): 🔄 Starting VLC playback for: content://com.android.externalstorage.documents/tree/primary%3ATrial%20now%2FMogo/document/primary%3ATrial%20now%2FMogo%2FNEW%202%4025%2F2025%20-%2060%2FCOMERCIAL%2FENISA%20-%20PRETTY%20PLEASE%20Calvee%20Xtd.%20Remix.mp3
11-12 09:08:13.328 D/AudioManager(19383): 🔄 Starting copyUriToTempFile for: content://com.android.externalstorage.documents/tree/primary%3ATrial%20now%2FMogo/document/primary%3ATrial%20now%2FMogo%2FNEW%202%4025%2F2025%20-%2060%2FCOMERCIAL%2FENISA%20-%20PRETTY%20PLEASE%20Calvee%20Xtd.%20Remix.mp3
11-12 09:08:13.329 D/MediaProvider( 4276): Open with FUSE. FilePath: /storage/emulated/0/Trial now/Mogo/NEW 2@25/2025 - 60/COMERCIAL/ENISA - PRETTY PLEASE Calvee Xtd. Remix.mp3. Uid: 10082. Media Capabilities Uid: 0. ShouldRedact: false. ShouldTranscode: false
11-12 09:08:13.329 D/AudioManager(19383): 📁 Temp file created: /data/user/0/com.example.mobiledigger/cache/aiff_temp_6463382033921375543.aiff
11-12 09:08:13.343 D/MediaProvider( 4276): Open with FUSE. FilePath: /storage/emulated/0/Trial now/Mogo/NEW 2@25/2025 - 60/COMERCIAL/ENISA - PRETTY PLEASE Calvee Xtd. Remix.mp3. Uid: 10082. Media Capabilities Uid: 0. ShouldRedact: false. ShouldTranscode: false
11-12 09:08:13.346 D/CCodec  (19383): allocate(c2.android.mp3.decoder)
11-12 09:08:13.355 I/CCodec  (19383): Created component [c2.android.mp3.decoder] for [c2.android.mp3.decoder]
11-12 09:08:13.361 D/CCodec  (19383): [c2.android.mp3.decoder] buffers are bound to CCodec for this session
11-12 09:08:13.365 D/CCodecBufferChannel(19383): [c2.android.mp3.decoder#218] Created input block pool with allocatorID 16 => poolID 124 - OK (0)
11-12 09:08:13.366 I/CCodecBufferChannel(19383): [c2.android.mp3.decoder#218] Created output block pool with allocatorID 16 => poolID 50975 - OK
11-12 09:08:13.366 D/CCodecBufferChannel(19383): [c2.android.mp3.decoder#218] Configured output block pool ids 50975 => OK
11-12 09:08:13.369 D/CCodecBufferChannel(19383): [c2.android.mp3.decoder#218] MediaCodec discarded an unknown buffer
11-12 09:08:13.369 D/CCodecBufferChannel(19383): [c2.android.mp3.decoder#218] MediaCodec discarded an unknown buffer
11-12 09:08:13.369 D/CCodecBufferChannel(19383): [c2.android.mp3.decoder#218] MediaCodec discarded an unknown buffer
11-12 09:08:13.369 D/CCodecBufferChannel(19383): [c2.android.mp3.decoder#218] MediaCodec discarded an unknown buffer
11-12 09:08:13.375 D/AudioManager(19383): 📊 Copied 10.0MB...
11-12 09:08:13.385 D/MediaProvider( 4276): Open with FUSE. FilePath: /storage/emulated/0/Trial now/Mogo/NEW 2@25/2025 - 60/COMERCIAL/ENISA - PRETTY PLEASE Calvee Xtd. Remix.mp3. Uid: 10082. Media Capabilities Uid: 0. ShouldRedact: false. ShouldTranscode: false
11-12 09:08:13.385 D/MediaProvider( 4276): Open with FUSE. FilePath: /storage/emulated/0/Trial now/Mogo/NEW 2@25/2025 - 60/COMERCIAL/ENISA - PRETTY PLEASE Calvee Xtd. Remix.mp3. Uid: 10082. Media Capabilities Uid: 0. ShouldRedact: false. ShouldTranscode: false
11-12 09:08:13.385 D/MediaProvider( 4276): Open with FUSE. FilePath: /storage/emulated/0/Trial now/Mogo/NEW 2@25/2025 - 60/COMERCIAL/ENISA - PRETTY PLEASE Calvee Xtd. Remix.mp3. Uid: 10082. Media Capabilities Uid: 0. ShouldRedact: false. ShouldTranscode: false
11-12 09:08:13.387 D/MediaProvider( 4276): Open with FUSE. FilePath: /storage/emulated/0/Trial now/Mogo/NEW 2@25/2025 - 60/COMERCIAL/ENISA - PRETTY PLEASE Calvee Xtd. Remix.mp3. Uid: 10082. Media Capabilities Uid: 0. ShouldRedact: false. ShouldTranscode: false
11-12 09:08:13.388 D/MediaProvider( 4276): Open with FUSE. FilePath: /storage/emulated/0/Trial now/Mogo/NEW 2@25/2025 - 60/COMERCIAL/ENISA - PRETTY PLEASE Calvee Xtd. Remix.mp3. Uid: 10082. Media Capabilities Uid: 0. ShouldRedact: false. ShouldTranscode: false
11-12 09:08:13.391 D/MediaProvider( 4276): Open with FUSE. FilePath: /storage/emulated/0/Trial now/Mogo/NEW 2@25/2025 - 60/COMERCIAL/ENISA - PRETTY PLEASE Calvee Xtd. Remix.mp3. Uid: 10082. Media Capabilities Uid: 0. ShouldRedact: false. ShouldTranscode: false
11-12 09:08:13.404 D/AudioManager(19383): ✅ File copy completed, flushed and synced
11-12 09:08:13.404 D/CCodec  (19383): allocate(c2.android.mp3.decoder)
11-12 09:08:13.404 D/AudioManager(19383): 🔄 Running GC and waiting for file descriptor cleanup...
11-12 09:08:13.405 D/CCodec  (19383): allocate(c2.android.mp3.decoder)
11-12 09:08:13.405 D/CCodec  (19383): allocate(c2.android.mp3.decoder)
11-12 09:08:13.406 D/CCodec  (19383): allocate(c2.android.mp3.decoder)
11-12 09:08:13.407 D/CCodec  (19383): allocate(c2.android.mp3.decoder)
11-12 09:08:13.408 I/CCodec  (19383): Created component [c2.android.mp3.decoder] for [c2.android.mp3.decoder]
11-12 09:08:13.409 D/CCodec  (19383): allocate(c2.android.mp3.decoder)
11-12 09:08:13.414 D/CCodec  (19383): [c2.android.mp3.decoder] buffers are bound to CCodec for this session
11-12 09:08:13.415 I/CCodec  (19383): Created component [c2.android.mp3.decoder] for [c2.android.mp3.decoder]
11-12 09:08:13.415 I/CCodec  (19383): Created component [c2.android.mp3.decoder] for [c2.android.mp3.decoder]
11-12 09:08:13.417 I/CCodec  (19383): Created component [c2.android.mp3.decoder] for [c2.android.mp3.decoder]
11-12 09:08:13.417 I/CCodec  (19383): Created component [c2.android.mp3.decoder] for [c2.android.mp3.decoder]
11-12 09:08:13.417 I/CCodec  (19383): Created component [c2.android.mp3.decoder] for [c2.android.mp3.decoder]
11-12 09:08:13.420 D/CCodecBufferChannel(19383): [c2.android.mp3.decoder#625] Created input block pool with allocatorID 16 => poolID 125 - OK (0)
11-12 09:08:13.421 I/CCodecBufferChannel(19383): [c2.android.mp3.decoder#625] Created output block pool with allocatorID 16 => poolID 50982 - OK
11-12 09:08:13.422 D/CCodecBufferChannel(19383): [c2.android.mp3.decoder#625] Configured output block pool ids 50982 => OK
11-12 09:08:13.426 D/CCodec  (19383): [c2.android.mp3.decoder] buffers are bound to CCodec for this session
11-12 09:08:13.428 D/CCodec  (19383): [c2.android.mp3.decoder] buffers are bound to CCodec for this session
11-12 09:08:13.429 D/CCodec  (19383): [c2.android.mp3.decoder] buffers are bound to CCodec for this session
11-12 09:08:13.430 D/CCodecBufferChannel(19383): [c2.android.mp3.decoder#534] Created input block pool with allocatorID 16 => poolID 126 - OK (0)
11-12 09:08:13.431 D/CCodec  (19383): [c2.android.mp3.decoder] buffers are bound to CCodec for this session
11-12 09:08:13.431 D/CCodec  (19383): [c2.android.mp3.decoder] buffers are bound to CCodec for this session
11-12 09:08:13.432 I/CCodecBufferChannel(19383): [c2.android.mp3.decoder#534] Created output block pool with allocatorID 16 => poolID 50983 - OK
11-12 09:08:13.432 D/CCodecBufferChannel(19383): [c2.android.mp3.decoder#534] Configured output block pool ids 50983 => OK
11-12 09:08:13.432 D/CCodecBufferChannel(19383): [c2.android.mp3.decoder#820] Created input block pool with allocatorID 16 => poolID 127 - OK (0)
11-12 09:08:13.433 D/CCodecBufferChannel(19383): [c2.android.mp3.decoder#32] Created input block pool with allocatorID 16 => poolID 128 - OK (0)
11-12 09:08:13.434 I/CCodecBufferChannel(19383): [c2.android.mp3.decoder#820] Created output block pool with allocatorID 16 => poolID 50984 - OK
11-12 09:08:13.434 D/CCodecBufferChannel(19383): [c2.android.mp3.decoder#820] Configured output block pool ids 50984 => OK
11-12 09:08:13.435 I/CCodecBufferChannel(19383): [c2.android.mp3.decoder#32] Created output block pool with allocatorID 16 => poolID 50985 - OK
11-12 09:08:13.435 D/CCodecBufferChannel(19383): [c2.android.mp3.decoder#32] Configured output block pool ids 50985 => OK
11-12 09:08:13.438 D/CCodecBufferChannel(19383): [c2.android.mp3.decoder#907] Created input block pool with allocatorID 16 => poolID 129 - OK (0)
11-12 09:08:13.438 I/C2SoftMp3Dec( 1642): Reconfiguring decoder: 0->44100 Hz, 0->2 channels
11-12 09:08:13.439 D/CCodecBufferChannel(19383): [c2.android.mp3.decoder#731] Created input block pool with allocatorID 16 => poolID 130 - OK (0)
11-12 09:08:13.440 I/CCodecBufferChannel(19383): [c2.android.mp3.decoder#907] Created output block pool with allocatorID 16 => poolID 50986 - OK
11-12 09:08:13.440 D/CCodecBufferChannel(19383): [c2.android.mp3.decoder#907] Configured output block pool ids 50986 => OK
11-12 09:08:13.441 I/CCodecBufferChannel(19383): [c2.android.mp3.decoder#731] Created output block pool with allocatorID 16 => poolID 50987 - OK
11-12 09:08:13.441 D/CCodecBufferChannel(19383): [c2.android.mp3.decoder#731] Configured output block pool ids 50987 => OK
11-12 09:08:13.445 I/C2SoftMp3Dec( 1642): Reconfiguring decoder: 0->44100 Hz, 0->2 channels
11-12 09:08:13.446 I/C2SoftMp3Dec( 1642): Reconfiguring decoder: 0->44100 Hz, 0->2 channels
11-12 09:08:13.447 I/C2SoftMp3Dec( 1642): Reconfiguring decoder: 0->44100 Hz, 0->2 channels
11-12 09:08:13.451 D/AudioManager(19383): ✅ Temp file verification passed: 13397470 bytes
11-12 09:08:13.451 D/AudioManager(19383): Successfully copied URI to temp file: /data/user/0/com.example.mobiledigger/cache/aiff_temp_6463382033921375543.aiff (12.78MB in 121ms, 105.59MB/s)
11-12 09:08:13.452 D/AudioManager(19383): ✅ Copied to temp file for VLC: /data/user/0/com.example.mobiledigger/cache/aiff_temp_6463382033921375543.aiff
11-12 09:08:13.452 D/VlcAudioBackend(19383): 🔄 Setting VLC data source: file:///data/user/0/com.example.mobiledigger/cache/aiff_temp_6463382033921375543.aiff
11-12 09:08:13.452 I/C2SoftMp3Dec( 1642): Reconfiguring decoder: 0->44100 Hz, 0->2 channels
11-12 09:08:13.453 D/VLC     (19383): [b40000705be66f50/529d] libvlc input: Creating an input for 'aiff_temp_6463382033921375543.aiff'
11-12 09:08:13.454 I/C2SoftMp3Dec( 1642): Reconfiguring decoder: 0->44100 Hz, 0->2 channels
11-12 09:08:13.456 D/VLC     (19383): [b40000705be66f50/54a4] libvlc input: `file:///data/user/0/com.example.mobiledigger/cache/aiff_temp_6463382033921375543.aiff' gives access `file' demux `any' path `/data/user/0/com.example.mobiledigger/cache/aiff_temp_6463382033921375543.aiff'
11-12 09:08:13.456 D/VLC     (19383): [b4000070dbe87040/54a4] libvlc input source: creating demux: access='file' demux='any' location='/data/user/0/com.example.mobiledigger/cache/aiff_temp_6463382033921375543.aiff' file='/data/user/0/com.example.mobiledigger/cache/aiff_temp_6463382033921375543.aiff'
11-12 09:08:13.456 D/AudioManager(19383): ✅ VLC playback initiated
11-12 09:08:13.456 D/AudioManager(19383): ✅ VLC playback successful for: ENISA - PRETTY PLEASE Calvee Xtd. Remix.mp3
11-12 09:08:13.457 D/VLC     (19383): [b40000708be97a20/54a4] libvlc stream: creating access: file:///data/user/0/com.example.mobiledigger/cache/aiff_temp_6463382033921375543.aiff
11-12 09:08:13.457 D/VLC     (19383): [b40000708be97a20/54a4] libvlc stream:  (path: /data/user/0/com.example.mobiledigger/cache/aiff_temp_6463382033921375543.aiff)
11-12 09:08:13.457 D/MusicService(19445): updateNotificationData - Title: primary:Trial now/Mogo/NEW 2@25/2025 - 60/COMERCIAL/ENISA - PRETTY PLEASE Calvee Xtd. Remix.mp3, Playing: true, Position: 0, Duration: 0
11-12 09:08:13.457 D/MusicService(19445): MediaSession player updated - Title: primary:Trial now/Mogo/NEW 2@25/2025 - 60/COMERCIAL/ENISA - PRETTY PLEASE Calvee Xtd. Remix.mp3, Playing: true, Position: 0
11-12 09:08:13.459 D/MediaSessionService( 1884): onSessionPlaybackStateChanged: record=com.example.mobiledigger/MobileDigger/1113 (userId=0) playbackState=PlaybackState {state=PLAYING(3), position=0, buffered position=0, speed=1.0, updated=700552598, actions=895, custom actions=[], active item id=-1, error=null}
11-12 09:08:13.460 D/PerformanceProfiler(19383): 📊 AudioManager.playFile[ENISA - PRETTY PLEASE Calvee Xtd. Remix.mp3] took 289ms
11-12 09:08:13.468 D/MusicService(19445): Extracting cover art from: file:///data/user/0/com.example.mobiledigger/cache/aiff_temp_6463382033921375543.aiff
11-12 09:08:13.472 D/MusicViewModel(19383): 📁 LOAD_CURRENT_FILE() - playback started successfully for ENISA - PRETTY PLEASE Calvee Xtd. Remix.mp3
11-12 09:08:13.472 D/MusicViewModel(19383): ✅ Added ENISA - PRETTY PLEASE Calvee Xtd. Remix.mp3 to played-but-not-actioned list. Total tracked: 7
11-12 09:08:13.473 D/VLC     (19383): [b4000070dbe87040/54a4] libvlc input source: attachment of directory-extractor failed for file:///data/user/0/com.example.mobiledigger/cache/aiff_temp_6463382033921375543.aiff
11-12 09:08:13.473 D/VLC     (19383): [b4000070dbe87040/54a4] libvlc input source: creating demux: access='file' demux='any' location='/data/user/0/com.example.mobiledigger/cache/aiff_temp_6463382033921375543.aiff' file='/data/user/0/com.example.mobiledigger/cache/aiff_temp_6463382033921375543.aiff'
11-12 09:08:13.473 D/VLC     (19383): [b40000707be6bc80/54a4] libvlc demux: looking for demux module matching "aiff": 50 candidates
11-12 09:08:13.475 D/VLC     (19383): [b40000708bea80a0/54a4] libvlc stream: creating access: file:///data/user/0/com.example.mobiledigger/cache/aiff_temp_6463382033921375543.aiff
11-12 09:08:13.475 D/VLC     (19383): [b40000708bea80a0/54a4] libvlc stream:  (path: /data/user/0/com.example.mobiledigger/cache/aiff_temp_6463382033921375543.aiff)
11-12 09:08:13.475 D/VLC     (19383): [b40000705be66f50/54a4] libvlc input: `file:///data/user/0/com.example.mobiledigger/cache/aiff_temp_6463382033921375543.aiff' successfully opened
11-12 09:08:13.492 D/MediaProvider( 4276): Open with FUSE. FilePath: /storage/emulated/0/Trial now/Mogo/NEW 2@25/2025 - 60/COMERCIAL/ENISA - PRETTY PLEASE Calvee Xtd. Remix.mp3. Uid: 10082. Media Capabilities Uid: 0. ShouldRedact: false. ShouldTranscode: false
11-12 09:08:13.506 D/MediaProvider( 4276): Open with FUSE. FilePath: /storage/emulated/0/Trial now/Mogo/NEW 2@25/2025 - 60/COMERCIAL/ENISA - PRETTY PLEASE Calvee Xtd. Remix.mp3. Uid: 10082. Media Capabilities Uid: 0. ShouldRedact: false. ShouldTranscode: false
11-12 09:08:13.534 D/MusicViewModel(19383): 📁 LOAD_CURRENT_FILE() - extracted duration (IO): 320447ms
11-12 09:08:13.577 D/MusicService(19445): Successfully extracted cover art: 1182x1182
11-12 09:08:13.578 D/MusicService(19445): Notification created (VLC-exact) - Title: primary:Trial now/Mogo/NEW 2@25/2025 - 60/COMERCIAL/ENISA - PRETTY PLEASE Calvee Xtd. Remix.mp3, Playing: true, Seekable: false, Compact: [1, 2, 3]
11-12 09:08:13.580 D/MusicViewModel(19383): Skipping preload (sizeMb=9, vlc=true, recentGc=false) for INNA X JUMANJI - CHEEKY HABIBI Disk Jokers Xtd. Mash Up.mp3
11-12 09:08:13.585 D/MusicService(19445): updateNotificationData - Title: ENISA - PRETTY PLEASE Calvee Xtd. Remix.mp3, Playing: true, Position: 0, Duration: 0
11-12 09:08:13.587 D/MusicService(19445): MediaSession player updated - Title: ENISA - PRETTY PLEASE Calvee Xtd. Remix.mp3, Playing: true, Position: 0
11-12 09:08:13.588 D/MediaSessionService( 1884): onSessionPlaybackStateChanged: record=com.example.mobiledigger/MobileDigger/1113 (userId=0) playbackState=PlaybackState {state=PLAYING(3), position=0, buffered position=0, speed=1.0, updated=700552728, actions=895, custom actions=[], active item id=-1, error=null}
11-12 09:08:13.599 D/MusicService(19445): Extracting cover art from: content://com.android.externalstorage.documents/tree/primary%3ATrial%20now%2FMogo/document/primary%3ATrial%20now%2FMogo%2FNEW%202%4025%2F2025%20-%2060%2FCOMERCIAL%2FENISA%20-%20PRETTY%20PLEASE%20Calvee%20Xtd.%20Remix.mp3
11-12 09:08:13.630 D/MediaProvider( 4276): Open with FUSE. FilePath: /storage/emulated/0/Trial now/Mogo/NEW 2@25/2025 - 60/COMERCIAL/ENISA - PRETTY PLEASE Calvee Xtd. Remix.mp3. Uid: 10082. Media Capabilities Uid: 0. ShouldRedact: false. ShouldTranscode: false
11-12 09:08:13.738 D/MusicService(19445): Successfully extracted cover art: 1182x1182
11-12 09:08:13.739 D/MusicService(19445): Notification created (VLC-exact) - Title: ENISA - PRETTY PLEASE Calvee Xtd. Remix.mp3, Playing: true, Seekable: false, Compact: [1, 2, 3]
11-12 09:08:13.752 D/MusicService(19445): Extracting cover art from: content://com.android.externalstorage.documents/tree/primary%3ATrial%20now%2FMogo/document/primary%3ATrial%20now%2FMogo%2FNEW%202%4025%2F2025%20-%2060%2FCOMERCIAL%2FENISA%20-%20PRETTY%20PLEASE%20Calvee%20Xtd.%20Remix.mp3
11-12 09:08:13.763 D/MediaProvider( 4276): Open with FUSE. FilePath: /storage/emulated/0/Trial now/Mogo/NEW 2@25/2025 - 60/COMERCIAL/ENISA - PRETTY PLEASE Calvee Xtd. Remix.mp3. Uid: 10082. Media Capabilities Uid: 0. ShouldRedact: false. ShouldTranscode: false
11-12 09:08:13.865 D/GRIL-S  ( 2978): [33104]> UPDATE_DEVICE_STATE DeviceState: Usb:0, Wifi: 1, Wifi AP: 0, Earpiece: 0, Bluetooth: 1, Wireless charging: 0, Screen: 1, Camera: 0, 0, -, -, Motion: 1, Bluetooth tethering: 0, Voice: 0, Wifi 2.4G: 0, Radio: 1, Bluetooth connected: 1, Bluetooth media: 1, Wifi Band: 2, Wifi AP Band: 0, Wifi call: 0, mmWave: 0, mCellBackhaul: 0, mHallSensor: 0, mDozeStatus: 1, mAppClassInfo: 0, mWifiCapSensorStatus: 0, mCellCapSensorStatus: 0, mBesideHeadHandStatus: 0, mSpeakerStatus: 0, mProtectiveCaseStatus: 0, mWifiSettingStatus: 0, mGpsStatus: 0
11-12 09:08:13.866 D/Debug   (19383): 🎯 Shared waveform tap seek to: 19%
11-12 09:08:13.886 D/MusicService(19445): Successfully extracted cover art: 1182x1182
11-12 09:08:13.887 D/MusicService(19445): Notification created (VLC-exact) - Title: ENISA - PRETTY PLEASE Calvee Xtd. Remix.mp3, Playing: true, Seekable: false, Compact: [1, 2, 3]
11-12 09:08:13.890 D/MusicService(19445): updateNotificationData - Title: ENISA - PRETTY PLEASE Calvee Xtd. Remix.mp3, Playing: true, Position: -1, Duration: -1
11-12 09:08:13.890 D/MusicService(19445): MediaSession player updated - Title: ENISA - PRETTY PLEASE Calvee Xtd. Remix.mp3, Playing: true, Position: -1
11-12 09:08:13.890 D/MediaSessionService( 1884): onSessionPlaybackStateChanged: record=com.example.mobiledigger/MobileDigger/1113 (userId=0) playbackState=PlaybackState {state=PLAYING(3), position=0, buffered position=0, speed=1.0, updated=700553030, actions=895, custom actions=[], active item id=-1, error=null}
11-12 09:08:13.895 D/MusicService(19445): Extracting cover art from: content://com.android.externalstorage.documents/tree/primary%3ATrial%20now%2FMogo/document/primary%3ATrial%20now%2FMogo%2FNEW%202%4025%2F2025%20-%2060%2FCOMERCIAL%2FENISA%20-%20PRETTY%20PLEASE%20Calvee%20Xtd.%20Remix.mp3
11-12 09:08:13.899 D/CCodecBufferChannel(19383): [c2.android.mp3.decoder#820] MediaCodec discarded an unknown buffer
11-12 09:08:13.899 D/CCodecBufferChannel(19383): [c2.android.mp3.decoder#820] MediaCodec discarded an unknown buffer
11-12 09:08:13.899 D/CCodecBufferChannel(19383): [c2.android.mp3.decoder#820] MediaCodec discarded an unknown buffer
11-12 09:08:13.899 D/CCodecBufferChannel(19383): [c2.android.mp3.decoder#820] MediaCodec discarded an unknown buffer
11-12 09:08:13.899 D/CCodecBufferChannel(19383): [c2.android.mp3.decoder#820] MediaCodec discarded an unknown buffer
11-12 09:08:13.907 E/MP3Extractor( 1616): Unable to resync. Signalling end of stream.
11-12 09:08:13.908 D/MediaProvider( 4276): Open with FUSE. FilePath: /storage/emulated/0/Trial now/Mogo/NEW 2@25/2025 - 60/COMERCIAL/ENISA - PRETTY PLEASE Calvee Xtd. Remix.mp3. Uid: 10082. Media Capabilities Uid: 0. ShouldRedact: false. ShouldTranscode: false
11-12 09:08:13.914 D/CCodecBufferChannel(19383): [c2.android.mp3.decoder#625] MediaCodec discarded an unknown buffer
11-12 09:08:13.914 D/CCodecBufferChannel(19383): [c2.android.mp3.decoder#625] MediaCodec discarded an unknown buffer
11-12 09:08:13.914 D/CCodecBufferChannel(19383): [c2.android.mp3.decoder#625] MediaCodec discarded an unknown buffer
11-12 09:08:13.914 D/CCodecBufferChannel(19383): [c2.android.mp3.decoder#625] MediaCodec discarded an unknown buffer
11-12 09:08:13.914 D/CCodecBufferChannel(19383): [c2.android.mp3.decoder#625] MediaCodec discarded an unknown buffer
11-12 09:08:13.915 D/CCodecBufferChannel(19383): [c2.android.mp3.decoder#907] MediaCodec discarded an unknown buffer
11-12 09:08:13.915 D/CCodecBufferChannel(19383): [c2.android.mp3.decoder#907] MediaCodec discarded an unknown buffer
11-12 09:08:13.915 D/CCodecBufferChannel(19383): [c2.android.mp3.decoder#907] MediaCodec discarded an unknown buffer
11-12 09:08:13.915 D/CCodecBufferChannel(19383): [c2.android.mp3.decoder#907] MediaCodec discarded an unknown buffer
11-12 09:08:13.915 D/CCodecBufferChannel(19383): [c2.android.mp3.decoder#907] MediaCodec discarded an unknown buffer
11-12 09:08:13.922 D/CCodecBufferChannel(19383): [c2.android.mp3.decoder#32] MediaCodec discarded an unknown buffer
11-12 09:08:13.922 D/CCodecBufferChannel(19383): [c2.android.mp3.decoder#32] MediaCodec discarded an unknown buffer
11-12 09:08:13.922 D/CCodecBufferChannel(19383): [c2.android.mp3.decoder#32] MediaCodec discarded an unknown buffer
11-12 09:08:13.922 D/CCodecBufferChannel(19383): [c2.android.mp3.decoder#32] MediaCodec discarded an unknown buffer
11-12 09:08:13.922 D/CCodecBufferChannel(19383): [c2.android.mp3.decoder#32] MediaCodec discarded an unknown buffer
11-12 09:08:13.929 D/CCodecBufferChannel(19383): [c2.android.mp3.decoder#534] MediaCodec discarded an unknown buffer
11-12 09:08:13.929 D/CCodecBufferChannel(19383): [c2.android.mp3.decoder#534] MediaCodec discarded an unknown buffer
11-12 09:08:13.929 D/CCodecBufferChannel(19383): [c2.android.mp3.decoder#534] MediaCodec discarded an unknown buffer
11-12 09:08:13.929 D/CCodecBufferChannel(19383): [c2.android.mp3.decoder#534] MediaCodec discarded an unknown buffer
11-12 09:08:13.929 D/CCodecBufferChannel(19383): [c2.android.mp3.decoder#534] MediaCodec discarded an unknown buffer
11-12 09:08:13.937 D/CCodecBufferChannel(19383): [c2.android.mp3.decoder#731] MediaCodec discarded an unknown buffer
11-12 09:08:13.937 D/CCodecBufferChannel(19383): [c2.android.mp3.decoder#731] MediaCodec discarded an unknown buffer
11-12 09:08:13.937 D/CCodecBufferChannel(19383): [c2.android.mp3.decoder#731] MediaCodec discarded an unknown buffer
11-12 09:08:13.937 D/CCodecBufferChannel(19383): [c2.android.mp3.decoder#731] MediaCodec discarded an unknown buffer
11-12 09:08:13.937 D/CCodecBufferChannel(19383): [c2.android.mp3.decoder#731] MediaCodec discarded an unknown buffer
11-12 09:08:13.941 D/WaveformGenerator(19383): ✅ Waveform generated: 256 samples
11-12 09:08:13.941 D/WaveformGenerator(19383): 📊 UI State - Min: 30, Max: 85, Avg: 67
11-12 09:08:13.941 D/WaveformGenerator(19383): 📊 UI State - First 10: 80, 70, 62, 63, 74, 70, 45, 31, 30, 43
11-12 09:08:13.942 D/WaveformGenerator(19383): 📊 UI State UPDATED - waveformData is now NOT NULL (256 samples)
11-12 09:08:13.953 D/MusicService(19445): Successfully extracted cover art: 1182x1182
11-12 09:08:13.953 D/MusicService(19445): Notification created (VLC-exact) - Title: ENISA - PRETTY PLEASE Calvee Xtd. Remix.mp3, Playing: true, Seekable: false, Compact: [1, 2, 3]
11-12 09:08:13.957 D/WaveformGenerator(19383): 📺 SharedWaveformDisplay - Received waveform: 256 samples
11-12 09:08:13.957 D/WaveformGenerator(19383): 📺 SharedWaveformDisplay - Min: 30, Max: 85, Avg: 67
11-12 09:08:13.958 D/WaveformGenerator(19383): 📺 SharedWaveformDisplay - First 10: 80, 70, 62, 63, 74, 70, 45, 31, 30, 43
11-12 09:08:15.231 W/LogErrorOperation( 4275): onLogError callback failed.
11-12 09:08:15.468 D/MusicViewModel(19383): Moving file to rejected: BITZA X SORE - UN ACTOR GRABIT Disk Jokers Xtd. Remix.mp3
11-12 09:08:15.468 D/MusicViewModel(19383): 🔍 sortMusicFile called: BITZA X SORE - UN ACTOR GRABIT Disk Jokers Xtd. Remix.mp3 with action=DISLIKE
11-12 09:08:15.469 D/MusicViewModel(19383): 📁 Sorting file: BITZA X SORE - UN ACTOR GRABIT Disk Jokers Xtd. Remix.mp3 with action DISLIKE, source: TODO
11-12 09:08:15.469 D/MusicViewModel(19383): 🔄 Calling fileManager.sortFile for BITZA X SORE - UN ACTOR GRABIT Disk Jokers Xtd. Remix.mp3
11-12 09:08:15.471 D/FileManager(19383): 🔍 Starting sort operation for: BITZA X SORE - UN ACTOR GRABIT Disk Jokers Xtd. Remix.mp3 with action: DISLIKE
11-12 09:08:15.471 D/FileManager(19383): 🔍 File URI: content://com.android.externalstorage.documents/tree/primary%3ATrial%20now%2FMogo/document/primary%3ATrial%20now%2FMogo%2FNEW%202%4025%2F2025%20-%2060%2FCOMERCIAL%2FBITZA%20X%20SORE%20-%20UN%20ACTOR%20GRABIT%20Disk%20Jokers%20Xtd.%20Remix.mp3
11-12 09:08:15.491 D/FileManager(19383): Source file found: BITZA X SORE - UN ACTOR GRABIT Disk Jokers Xtd. Remix.mp3, exists: true, canRead: true
11-12 09:08:15.569 D/MusicViewModel(19383): Moving file to rejected: CABRON X EMILIAN - LUMEA N-AR MAI FI Disk Jokers Xtd. Remix.mp3
11-12 09:08:15.570 D/MusicViewModel(19383): 🔍 sortMusicFile called: CABRON X EMILIAN - LUMEA N-AR MAI FI Disk Jokers Xtd. Remix.mp3 with action=DISLIKE
11-12 09:08:15.570 D/MusicViewModel(19383): 📁 Sorting file: CABRON X EMILIAN - LUMEA N-AR MAI FI Disk Jokers Xtd. Remix.mp3 with action DISLIKE, source: TODO
11-12 09:08:15.664 W/ModernMediaScanner( 4276): Trouble scanning /storage/emulated/0/Results 3/Rejected/BITZA X SORE - UN ACTOR GRABIT Disk Jokers Xtd. Remix.mp3
11-12 09:08:15.664 W/ModernMediaScanner( 4276): java.lang.RuntimeException: setDataSource failed: status = 0xFFFFFFEA
11-12 09:08:15.671 D/MusicViewModel(19383): Moving file to rejected: DARIA LUPI X CABRON - IN BATAIA VANTULUI Disk Jokers Xtd. Remix.mp3
11-12 09:08:15.672 D/MusicViewModel(19383): 🔍 sortMusicFile called: DARIA LUPI X CABRON - IN BATAIA VANTULUI Disk Jokers Xtd. Remix.mp3 with action=DISLIKE
11-12 09:08:15.673 D/MusicViewModel(19383): 📁 Sorting file: DARIA LUPI X CABRON - IN BATAIA VANTULUI Disk Jokers Xtd. Remix.mp3 with action DISLIKE, source: TODO
11-12 09:08:15.679 D/MediaProvider( 4276): Open with FUSE. FilePath: /storage/emulated/0/Trial now/Mogo/NEW 2@25/2025 - 60/COMERCIAL/BITZA X SORE - UN ACTOR GRABIT Disk Jokers Xtd. Remix.mp3. Uid: 10082. Media Capabilities Uid: 0. ShouldRedact: false. ShouldTranscode: false
11-12 09:08:15.740 W/ModernMediaScanner( 4276): Failed to visit /storage/emulated/0/Trial now/Mogo/NEW 2@25/2025 - 60/COMERCIAL/BITZA X SORE - UN ACTOR GRABIT Disk Jokers Xtd. Remix.mp3: java.nio.file.NoSuchFileException: /storage/emulated/0/Trial now/Mogo/NEW 2@25/2025 - 60/COMERCIAL/BITZA X SORE - UN ACTOR GRABIT Disk Jokers Xtd. Remix.mp3
11-12 09:08:15.775 D/MusicViewModel(19383): Moving file to rejected: DENY X REMAN X TOBI IBITOYE - MONA LISA Extended Vrs. NEW VERSION.mp3
11-12 09:08:15.775 D/MusicViewModel(19383): 🔍 sortMusicFile called: DENY X REMAN X TOBI IBITOYE - MONA LISA Extended Vrs. NEW VERSION.mp3 with action=DISLIKE
11-12 09:08:15.775 D/MusicViewModel(19383): 📁 Sorting file: DENY X REMAN X TOBI IBITOYE - MONA LISA Extended Vrs. NEW VERSION.mp3 with action DISLIKE, source: TODO
11-12 09:08:15.865 D/FileManager(19383): Successfully sorted file: BITZA X SORE - UN ACTOR GRABIT Disk Jokers Xtd. Remix.mp3 to Rejected (10778664 bytes)
11-12 09:08:15.865 D/MusicViewModel(19383): 📁 FileManager.sortFile result: success=true for BITZA X SORE - UN ACTOR GRABIT Disk Jokers Xtd. Remix.mp3
11-12 09:08:15.867 D/MusicViewModel(19383): 🔄 Calling fileManager.sortFile for CABRON X EMILIAN - LUMEA N-AR MAI FI Disk Jokers Xtd. Remix.mp3
11-12 09:08:15.868 D/FileManager(19383): 🔍 Starting sort operation for: CABRON X EMILIAN - LUMEA N-AR MAI FI Disk Jokers Xtd. Remix.mp3 with action: DISLIKE
11-12 09:08:15.868 D/FileManager(19383): 🔍 File URI: content://com.android.externalstorage.documents/tree/primary%3ATrial%20now%2FMogo/document/primary%3ATrial%20now%2FMogo%2FNEW%202%4025%2F2025%20-%2060%2FCOMERCIAL%2FCABRON%20X%20EMILIAN%20-%20LUMEA%20N-AR%20MAI%20FI%20Disk%20Jokers%20Xtd.%20Remix.mp3
11-12 09:08:15.880 D/FileManager(19383): Source file found: CABRON X EMILIAN - LUMEA N-AR MAI FI Disk Jokers Xtd. Remix.mp3, exists: true, canRead: true
11-12 09:08:15.889 D/MusicViewModel(19383): Moving file to rejected: EDWARD MAYA X COSTI - SO SEXY Radio Vrs..mp3
11-12 09:08:15.889 D/MusicViewModel(19383): 🔍 sortMusicFile called: EDWARD MAYA X COSTI - SO SEXY Radio Vrs..mp3 with action=DISLIKE
11-12 09:08:15.889 D/MusicViewModel(19383): 📁 Sorting file: EDWARD MAYA X COSTI - SO SEXY Radio Vrs..mp3 with action DISLIKE, source: TODO
11-12 09:08:15.990 D/MusicViewModel(19383): Moving file to rejected: EDWARD SANDA - ZICI CA AI COPILARIT LA ROMA Disk Jokers Xtd. Remix.mp3
11-12 09:08:15.990 D/MusicViewModel(19383): 🔍 sortMusicFile called: EDWARD SANDA - ZICI CA AI COPILARIT LA ROMA Disk Jokers Xtd. Remix.mp3 with action=DISLIKE
11-12 09:08:15.991 D/MusicViewModel(19383): 📁 Sorting file: EDWARD SANDA - ZICI CA AI COPILARIT LA ROMA Disk Jokers Xtd. Remix.mp3 with action DISLIKE, source: TODO
11-12 09:08:16.093 W/ModernMediaScanner( 4276): Trouble scanning /storage/emulated/0/Results 3/Rejected/CABRON X EMILIAN - LUMEA N-AR MAI FI Disk Jokers Xtd. Remix.mp3
11-12 09:08:16.093 W/ModernMediaScanner( 4276): java.lang.RuntimeException: setDataSource failed: status = 0xFFFFFFEA
11-12 09:08:16.110 D/FileManager(19383): Starting scanForMusicFiles with extensions: [mp3, wav, flac, aac, ogg, m4a, aif, aiff]
11-12 09:08:16.115 D/MediaProvider( 4276): Open with FUSE. FilePath: /storage/emulated/0/Trial now/Mogo/NEW 2@25/2025 - 60/COMERCIAL/CABRON X EMILIAN - LUMEA N-AR MAI FI Disk Jokers Xtd. Remix.mp3. Uid: 10082. Media Capabilities Uid: 0. ShouldRedact: false. ShouldTranscode: false
11-12 09:08:16.158 D/FileManager(19383): Starting scanForMusicFiles with extensions: [mp3, wav, flac, aac, ogg, m4a, aif, aiff]
11-12 09:08:16.176 D/FileManager(19383): Starting scanForMusicFiles with extensions: [mp3, wav, flac, aac, ogg, m4a, aif, aiff]
11-12 09:08:16.179 W/ModernMediaScanner( 4276): Failed to visit /storage/emulated/0/Trial now/Mogo/NEW 2@25/2025 - 60/COMERCIAL/CABRON X EMILIAN - LUMEA N-AR MAI FI Disk Jokers Xtd. Remix.mp3: java.nio.file.NoSuchFileException: /storage/emulated/0/Trial now/Mogo/NEW 2@25/2025 - 60/COMERCIAL/CABRON X EMILIAN - LUMEA N-AR MAI FI Disk Jokers Xtd. Remix.mp3
11-12 09:08:16.233 D/FileManager(19383): 📁 SAF: Found file in 'Main': DARUDE - SANDSTORM REMIXES Baur Xtd. Remix.mp3
11-12 09:08:16.237 D/FileManager(19383): 📁 SAF: Found file in 'Main': BURAK SIS - Tres Estrellas (Ninetoes Extended Remix).aiff
11-12 09:08:16.249 D/FileManager(19383): Starting scanForMusicFiles with extensions: [mp3, wav, flac, aac, ogg, m4a, aif, aiff]
11-12 09:08:16.287 D/FileManager(19383): Successfully sorted file: CABRON X EMILIAN - LUMEA N-AR MAI FI Disk Jokers Xtd. Remix.mp3 to Rejected (13588400 bytes)
11-12 09:08:16.314 D/FileManager(19383): 📁 SAF: Found file in 'Balkan': MR. JUVE X RAVA - UH AH IN MAZDA Hoss Xtd. Edit MAJORAT.mp3
11-12 09:08:16.315 D/FileManager(19383): 📁 SAF: Found file in 'Balkan': AZA - TIGANCA FOC Dj Gun Xtd. Edit.mp3
11-12 09:08:16.316 D/FileManager(19383): Starting scanForMusicFiles with extensions: [mp3, wav, flac, aac, ogg, m4a, aif, aiff]
11-12 09:08:16.319 D/MusicViewModel(19383): 📁 FileManager.sortFile result: success=true for CABRON X EMILIAN - LUMEA N-AR MAI FI Disk Jokers Xtd. Remix.mp3
11-12 09:08:16.321 D/MusicViewModel(19383): 🔄 Calling fileManager.sortFile for DARIA LUPI X CABRON - IN BATAIA VANTULUI Disk Jokers Xtd. Remix.mp3
11-12 09:08:16.323 D/FileManager(19383): 🔍 Starting sort operation for: DARIA LUPI X CABRON - IN BATAIA VANTULUI Disk Jokers Xtd. Remix.mp3 with action: DISLIKE
11-12 09:08:16.324 D/FileManager(19383): 🔍 File URI: content://com.android.externalstorage.documents/tree/primary%3ATrial%20now%2FMogo/document/primary%3ATrial%20now%2FMogo%2FNEW%202%4025%2F2025%20-%2060%2FCOMERCIAL%2FDARIA%20LUPI%20X%20CABRON%20-%20IN%20BATAIA%20VANTULUI%20Disk%20Jokers%20Xtd.%20Remix.mp3
11-12 09:08:16.343 D/FileManager(19383): Source file found: DARIA LUPI X CABRON - IN BATAIA VANTULUI Disk Jokers Xtd. Remix.mp3, exists: true, canRead: true
11-12 09:08:16.360 D/FileManager(19383): 📁 SAF: Found file in 'Events': WHIGFIELD - SATURDAY NIGHT Cesar Troncos Xtd. Edit.mp3
11-12 09:08:16.361 D/FileManager(19383): 📁 SAF: Found file in 'Events': Julio Iglesias - Megamix Italian Extended (1).mp3
11-12 09:08:16.363 D/FileManager(19383): Starting scanForMusicFiles with extensions: [mp3, wav, flac, aac, ogg, m4a, aif, aiff]
11-12 09:08:16.378 D/FileManager(19383): Starting scanForMusicFiles with extensions: [mp3, wav, flac, aac, ogg, m4a, aif, aiff]
11-12 09:08:16.393 D/FileManager(19383): Starting scanForMusicFiles with extensions: [mp3, wav, flac, aac, ogg, m4a, aif, aiff]
11-12 09:08:16.401 D/FileManager(19383): Starting scanForMusicFiles with extensions: [mp3, wav, flac, aac, ogg, m4a, aif, aiff]
11-12 09:08:16.411 D/FileManager(19383): Found AIFF file: Takkanit and TakiNouN - Initiate Criticism (Extended Mix).aiff
11-12 09:08:16.412 D/FileManager(19383): Starting scanForMusicFiles with extensions: [mp3, wav, flac, aac, ogg, m4a, aif, aiff]
11-12 09:08:16.438 D/FileManager(19383): Found AIFF file: St. Germain - Rose Rouge (Chris Stussy Edit) [Unreleased].aiff
11-12 09:08:16.441 D/FileManager(19383): Starting scanForMusicFiles with extensions: [mp3, wav, flac, aac, ogg, m4a, aif, aiff]
11-12 09:08:16.448 D/FileManager(19383): Found AIFF file: Sonata Collective - Down To The Sound (Extended Mix) [Sola].aiff
11-12 09:08:16.450 D/FileManager(19383): Starting scanForMusicFiles with extensions: [mp3, wav, flac, aac, ogg, m4a, aif, aiff]
11-12 09:08:16.474 D/FileManager(19383): Found AIFF file: Havoc & Lawn - From L to R  [Short Ciruit].aiff
11-12 09:08:16.480 D/FileManager(19383): Starting scanForMusicFiles with extensions: [mp3, wav, flac, aac, ogg, m4a, aif, aiff]
11-12 09:08:16.498 D/FileManager(19383): Found AIFF file: The Angels - Ardo (Extended Mix).aif
11-12 09:08:16.499 D/FileManager(19383): Starting scanForMusicFiles with extensions: [mp3, wav, flac, aac, ogg, m4a, aif, aiff]
11-12 09:08:16.522 W/ModernMediaScanner( 4276): Trouble scanning /storage/emulated/0/Results 3/Rejected/DARIA LUPI X CABRON - IN BATAIA VANTULUI Disk Jokers Xtd. Remix.mp3
11-12 09:08:16.522 W/ModernMediaScanner( 4276): java.lang.RuntimeException: setDataSource failed: status = 0xFFFFFFEA
11-12 09:08:16.523 D/FileManager(19383): Found AIFF file: DARCO 09 - Baziman (Original Mix) [Descending Order].aiff
11-12 09:08:16.524 D/FileManager(19383): 📁 SAF: Found file in 'Main allin': Hanan - Enhak (Ozan Akçiçek & Catwork Afro Remix Extended).mp3
11-12 09:08:16.546 D/MediaProvider( 4276): Open with FUSE. FilePath: /storage/emulated/0/Trial now/Mogo/NEW 2@25/2025 - 60/COMERCIAL/DARIA LUPI X CABRON - IN BATAIA VANTULUI Disk Jokers Xtd. Remix.mp3. Uid: 10082. Media Capabilities Uid: 0. ShouldRedact: false. ShouldTranscode: false
11-12 09:08:16.571 D/FileManager(19383): Starting scanForMusicFiles with extensions: [mp3, wav, flac, aac, ogg, m4a, aif, aiff]
11-12 09:08:16.597 D/FileManager(19383): Starting scanForMusicFiles with extensions: [mp3, wav, flac, aac, ogg, m4a, aif, aiff]
11-12 09:08:16.621 W/ModernMediaScanner( 4276): Failed to visit /storage/emulated/0/Trial now/Mogo/NEW 2@25/2025 - 60/COMERCIAL/DARIA LUPI X CABRON - IN BATAIA VANTULUI Disk Jokers Xtd. Remix.mp3: java.nio.file.NoSuchFileException: /storage/emulated/0/Trial now/Mogo/NEW 2@25/2025 - 60/COMERCIAL/DARIA LUPI X CABRON - IN BATAIA VANTULUI Disk Jokers Xtd. Remix.mp3
11-12 09:08:16.693 D/MusicViewModel(19383):   ✅ File with subfolder: RICCHI E POVERI - SARA PERCHE TI AMO Danny The Menace Xtd. Remix.mp3 -> Main
11-12 09:08:16.705 D/FileManager(19383): Starting scanForMusicFiles with extensions: [mp3, wav, flac, aac, ogg, m4a, aif, aiff]
11-12 09:08:16.727 D/FileManager(19383): Successfully sorted file: DARIA LUPI X CABRON - IN BATAIA VANTULUI Disk Jokers Xtd. Remix.mp3 to Rejected (9186249 bytes)
11-12 09:08:16.727 D/MusicViewModel(19383): 📁 FileManager.sortFile result: success=true for DARIA LUPI X CABRON - IN BATAIA VANTULUI Disk Jokers Xtd. Remix.mp3
11-12 09:08:16.729 D/MusicViewModel(19383): 🔄 Calling fileManager.sortFile for DENY X REMAN X TOBI IBITOYE - MONA LISA Extended Vrs. NEW VERSION.mp3
11-12 09:08:16.729 D/FileManager(19383): 🔍 Starting sort operation for: DENY X REMAN X TOBI IBITOYE - MONA LISA Extended Vrs. NEW VERSION.mp3 with action: DISLIKE
11-12 09:08:16.731 D/FileManager(19383): 🔍 File URI: content://com.android.externalstorage.documents/tree/primary%3ATrial%20now%2FMogo/document/primary%3ATrial%20now%2FMogo%2FNEW%202%4025%2F2025%20-%2060%2FCOMERCIAL%2FDENY%20X%20REMAN%20X%20TOBI%20IBITOYE%20-%20MONA%20LISA%20Extended%20Vrs.%20NEW%20VERSION.mp3
11-12 09:08:16.742 D/FileManager(19383): Source file found: DENY X REMAN X TOBI IBITOYE - MONA LISA Extended Vrs. NEW VERSION.mp3, exists: true, canRead: true
11-12 09:08:16.814 D/MusicViewModel(19383):   ✅ File with subfolder: ALEX VELEA X CONNECT R. X SMILEY - ASA CEVA Fred Spinner Xtd. Edit.mp3 -> Balkan
11-12 09:08:16.814 D/MusicViewModel(19383):   ✅ File with subfolder: COSTEL BIJU X MIRAJ X SUSANU X TZANCA URAGANU - SA LIPIT K LIPITOAREA Eden Xtd. Edit.mp3 -> Balkan
11-12 09:08:16.823 D/FileManager(19383): Starting scanForMusicFiles with extensions: [mp3, wav, flac, aac, ogg, m4a, aif, aiff]
11-12 09:08:16.922 W/ModernMediaScanner( 4276): Trouble scanning /storage/emulated/0/Results 3/Rejected/DENY X REMAN X TOBI IBITOYE - MONA LISA Extended Vrs. NEW VERSION.mp3
11-12 09:08:16.922 W/ModernMediaScanner( 4276): java.lang.RuntimeException: setDataSource failed: status = 0xFFFFFFEA
11-12 09:08:16.943 D/MediaProvider( 4276): Open with FUSE. FilePath: /storage/emulated/0/Trial now/Mogo/NEW 2@25/2025 - 60/COMERCIAL/DENY X REMAN X TOBI IBITOYE - MONA LISA Extended Vrs. NEW VERSION.mp3. Uid: 10082. Media Capabilities Uid: 0. ShouldRedact: false. ShouldTranscode: false
11-12 09:08:16.981 D/MusicViewModel(19383):   ✅ File with subfolder: DOECHII - ANXIETY Mike D, Xtd. Remix.mp3 -> Events
11-12 09:08:16.982 D/MusicViewModel(19383):   ✅ File with subfolder: RARES - CEL MAI FERICIT DE PE PAMANT Alpha Xtd. Remix.mp3 -> Events
11-12 09:08:16.993 D/FileManager(19383): Starting scanForMusicFiles with extensions: [mp3, wav, flac, aac, ogg, m4a, aif, aiff]
11-12 09:08:17.000 W/ModernMediaScanner( 4276): Failed to visit /storage/emulated/0/Trial now/Mogo/NEW 2@25/2025 - 60/COMERCIAL/DENY X REMAN X TOBI IBITOYE - MONA LISA Extended Vrs. NEW VERSION.mp3: java.nio.file.NoSuchFileException: /storage/emulated/0/Trial now/Mogo/NEW 2@25/2025 - 60/COMERCIAL/DENY X REMAN X TOBI IBITOYE - MONA LISA Extended Vrs. NEW VERSION.mp3
11-12 09:08:17.022 D/MusicViewModel(19383):   ✅ File with subfolder: PAUL STANGA - HORA TIGANEASCA INTRUMENTALA.mp3 -> Folclor
11-12 09:08:17.022 D/MusicViewModel(19383):   ✅ File with subfolder: DENIS RAMNICEANU - CUM DA MANDRA DIN SALE Maia Dan Xtd. Redrum.mp3 -> Folclor
11-12 09:08:17.056 D/FileManager(19383): Starting scanForMusicFiles with extensions: [mp3, wav, flac, aac, ogg, m4a, aif, aiff]
11-12 09:08:17.111 D/FileManager(19383): Starting scanForMusicFiles with extensions: [mp3, wav, flac, aac, ogg, m4a, aif, aiff]
11-12 09:08:17.113 D/FileManager(19383): Successfully sorted file: DENY X REMAN X TOBI IBITOYE - MONA LISA Extended Vrs. NEW VERSION.mp3 to Rejected (11255140 bytes)
11-12 09:08:17.123 D/MusicViewModel(19383): 📁 FileManager.sortFile result: success=true for DENY X REMAN X TOBI IBITOYE - MONA LISA Extended Vrs. NEW VERSION.mp3
11-12 09:08:17.124 D/MusicViewModel(19383): 🔄 Calling fileManager.sortFile for EDWARD MAYA X COSTI - SO SEXY Radio Vrs..mp3
11-12 09:08:17.124 D/FileManager(19383): 🔍 Starting sort operation for: EDWARD MAYA X COSTI - SO SEXY Radio Vrs..mp3 with action: DISLIKE
11-12 09:08:17.125 D/FileManager(19383): 🔍 File URI: content://com.android.externalstorage.documents/tree/primary%3ATrial%20now%2FMogo/document/primary%3ATrial%20now%2FMogo%2FNEW%202%4025%2F2025%20-%2060%2FCOMERCIAL%2FEDWARD%20MAYA%20X%20COSTI%20-%20SO%20SEXY%20Radio%20Vrs..mp3
11-12 09:08:17.142 D/FileManager(19383): Source file found: EDWARD MAYA X COSTI - SO SEXY Radio Vrs..mp3, exists: true, canRead: true
11-12 09:08:17.153 D/FileManager(19383): Starting scanForMusicFiles with extensions: [mp3, wav, flac, aac, ogg, m4a, aif, aiff]
11-12 09:08:17.158 D/FileManager(19383): Found AIFF file: Takkanit and TakiNouN - Initiate Criticism (Extended Mix).aiff
11-12 09:08:17.167 D/MusicViewModel(19383):   ✅ File with subfolder: Takkanit and TakiNouN - Initiate Criticism (Extended Mix).aiff -> FourTet
11-12 09:08:17.167 D/MusicViewModel(19383):   ✅ File with subfolder: Takkanit and TakiNouN - For The People (Extended Mix).aiff -> FourTet
11-12 09:08:17.176 D/FileManager(19383): Starting scanForMusicFiles with extensions: [mp3, wav, flac, aac, ogg, m4a, aif, aiff]
11-12 09:08:17.200 D/FileManager(19383): Found AIFF file: St. Germain - Rose Rouge (Chris Stussy Edit) [Unreleased].aiff
11-12 09:08:17.243 D/MusicViewModel(19383):   ✅ File with subfolder: St. Germain - Rose Rouge (Chris Stussy Edit) [Unreleased].aiff -> Warm Fitil
11-12 09:08:17.260 D/FileManager(19383): Starting scanForMusicFiles with extensions: [mp3, wav, flac, aac, ogg, m4a, aif, aiff]
11-12 09:08:17.266 D/FileManager(19383): Found AIFF file: Sonata Collective - Down To The Sound (Extended Mix) [Sola].aiff
11-12 09:08:17.271 D/MusicViewModel(19383):   ✅ File with subfolder: Sonata Collective - Down To The Sound (Extended Mix) [Sola].aiff -> HotSince 82
11-12 09:08:17.293 D/FileManager(19383): Starting scanForMusicFiles with extensions: [mp3, wav, flac, aac, ogg, m4a, aif, aiff]
11-12 09:08:17.302 D/FileManager(19383): Found AIFF file: Havoc & Lawn - From L to R  [Short Ciruit].aiff
11-12 09:08:17.333 D/MusicViewModel(19383):   ✅ File with subfolder: Havoc & Lawn - From L to R  [Short Ciruit].aiff -> Main Fitil
11-12 09:08:17.343 D/FileManager(19383): Starting scanForMusicFiles with extensions: [mp3, wav, flac, aac, ogg, m4a, aif, aiff]
11-12 09:08:17.348 D/FileManager(19383): Found AIFF file: The Angels - Ardo (Extended Mix).aif
11-12 09:08:17.353 W/ModernMediaScanner( 4276): Trouble scanning /storage/emulated/0/Results 3/Rejected/EDWARD MAYA X COSTI - SO SEXY Radio Vrs..mp3
11-12 09:08:17.353 W/ModernMediaScanner( 4276): java.lang.RuntimeException: setDataSource failed: status = 0xFFFFFFEA
11-12 09:08:17.357 D/MusicViewModel(19383):   ✅ File with subfolder: Vanco - Isaka (6am) [MIZAK 'Hey Hey' Edit].wav -> Warm allin
11-12 09:08:17.365 D/MediaProvider( 4276): Open with FUSE. FilePath: /storage/emulated/0/Trial now/Mogo/NEW 2@25/2025 - 60/COMERCIAL/EDWARD MAYA X COSTI - SO SEXY Radio Vrs..mp3. Uid: 10082. Media Capabilities Uid: 0. ShouldRedact: false. ShouldTranscode: false
11-12 09:08:17.366 D/FileManager(19383): Starting scanForMusicFiles with extensions: [mp3, wav, flac, aac, ogg, m4a, aif, aiff]
11-12 09:08:17.379 D/FileManager(19383): Found AIFF file: DARCO 09 - Baziman (Original Mix) [Descending Order].aiff
11-12 09:08:17.419 D/MusicViewModel(19383):   ✅ File with subfolder: DARCO 09 - Baziman (Original Mix) [Descending Order].aiff -> Main allin
