11-10 15:45:23.934  1431  2167 W USF     : USF_API: Drop flicker data, cannot find sampling_id:84682!
11-10 15:45:23.944  1431  2167 W USF     : USF_API: Drop flicker data, cannot find sampling_id:84682!
11-10 15:45:23.955  1431  2167 W USF     : USF_API: Drop flicker data, cannot find sampling_id:84682!
11-10 15:45:23.964  1431  2167 W USF     : USF_API: Drop flicker data, cannot find sampling_id:84682!
11-10 15:45:23.975  1431  2167 W USF     : USF_API: Drop flicker data, cannot find sampling_id:84682!
11-10 15:45:23.985  1431  2167 W USF     : USF_API: Drop flicker data, cannot find sampling_id:84682!
11-10 15:45:23.995  1431  2167 W USF     : USF_API: Drop flicker data, cannot find sampling_id:84682!
11-10 15:45:24.005  1431  2167 W USF     : USF_API: Drop flicker data, cannot find sampling_id:84682!
11-10 15:45:24.015  1431  2167 W USF     : USF_API: Drop flicker data, cannot find sampling_id:84682!
11-10 15:45:24.024  1431  2167 W USF     : USF_API: Drop flicker data, cannot find sampling_id:84682!
11-10 15:45:24.034  1431  2167 W USF     : USF_API: Drop flicker data, cannot find sampling_id:84682!
11-10 15:45:24.044  1431  2167 W USF     : USF_API: Drop flicker data, cannot find sampling_id:84682!
11-10 15:45:24.054  1431  2167 W USF     : USF_API: Drop flicker data, cannot find sampling_id:84682!
11-10 15:45:24.060  1428  2117 D BTAudioSessionAidl: GetSupportedLatencyModes - Supported LatencyMode= FREE
11-10 15:45:24.064  1431  2167 W USF     : USF_API: Drop flicker data, cannot find sampling_id:84682!
11-10 15:45:24.074  1431  2167 W USF     : USF_API: Drop flicker data, cannot find sampling_id:84682!
11-10 15:45:24.084  1431  2167 W USF     : USF_API: Drop flicker data, cannot find sampling_id:84682!
11-10 15:45:24.094  1431  2167 W USF     : USF_API: Drop flicker data, cannot find sampling_id:84682!
11-10 15:45:24.104  1431  2167 W USF     : USF_API: Drop flicker data, cannot find sampling_id:84682!
11-10 15:45:24.114  1431  2167 W USF     : USF_API: Drop flicker data, cannot find sampling_id:84682!
11-10 15:45:24.124  1431  2167 W USF     : USF_API: Drop flicker data, cannot find sampling_id:84682!
11-10 15:45:24.134  1431  2167 W USF     : USF_API: Drop flicker data, cannot find sampling_id:84682!
11-10 15:45:24.144  1431  2167 W USF     : USF_API: Drop flicker data, cannot find sampling_id:84682!
11-10 15:45:24.154  1431  2167 W USF     : USF_API: Drop flicker data, cannot find sampling_id:84682!
11-10 15:45:24.164  1431  2167 W USF     : USF_API: Drop flicker data, cannot find sampling_id:84682!
11-10 15:45:24.174  1431  2167 W USF     : USF_API: Drop flicker data, cannot find sampling_id:84682!
11-10 15:45:24.184  1431  2167 W USF     : USF_API: Drop flicker data, cannot find sampling_id:84682!
11-10 15:45:24.194  1431  2167 W USF     : USF_API: Drop flicker data, cannot find sampling_id:84682!
11-10 15:45:24.204  1431  2167 W USF     : USF_API: Drop flicker data, cannot find sampling_id:84682!
11-10 15:45:24.214  1431  2167 W USF     : USF_API: Drop flicker data, cannot find sampling_id:84682!
11-10 15:45:24.224  1431  2167 W USF     : USF_API: Drop flicker data, cannot find sampling_id:84682!
11-10 15:45:24.229  1431  2167 W USF     : USF_API: Drop sample report, cannot find sampling_id:84682
11-10 15:45:24.233  1431  2167 W USF     : USF_API: Drop flicker data, cannot find sampling_id:84682!
11-10 15:45:24.244  1431  2167 W USF     : USF_API: Drop flicker data, cannot find sampling_id:84682!
11-10 15:45:24.251  1653  1653 D AOC     : F1:BT_Tx (5s)MEL: 82.4  84.9  80.1  0.0  0.0
11-10 15:45:24.253  1431  2167 W USF     : USF_API: Drop flicker data, cannot find sampling_id:84682!
11-10 15:45:24.260  1428  2117 D BTAudioSessionAidl: GetSupportedLatencyModes - Supported LatencyMode= FREE
11-10 15:45:24.263  1431  2167 W USF     : USF_API: Drop flicker data, cannot find sampling_id:84682!
11-10 15:45:24.272  1488  2119 D StreamHalAidl: [out|ioHandle:21] standby
11-10 15:45:24.272  1488  2119 D StreamHalAidl: [out|ioHandle:21] pause
11-10 15:45:24.273  1428  2118 I AHal::Stream: Stop: stop stream deep-buffer-playback
11-10 15:45:24.273  1428  2118 I AHal::TinyalsaDriverOperations: Stop: pcm_close card_index 0 device 5
11-10 15:45:24.274  1653  1653 D AOC     : F1:MSG: controller.cc, 275: AudioOutCtrl: cmd ID: 0x00c9, tag: 0x26 [cntr = 82436]
11-10 15:45:24.274  1431  2167 W USF     : USF_API: Drop flicker data, cannot find sampling_id:84682!
11-10 15:45:24.274  1428  2118 I AHal::Router: Deactivate: deactivate 400002
11-10 15:45:24.274  1428  2118 I AHal::Router: InvalidateLocked: new graph #19745 Edges(0):
11-10 15:45:24.274  1428  2118 I AHal::Router: InvalidateLocked: ============ apply graph #19745 [Mon Nov 10 15:45:24 2025] start ============
11-10 15:45:24.274  1428  2118 I AHal::DeviceInterface: Disconnect: disconnect deep-buffer-playback-0 -> bluetooth-a2dp-device
11-10 15:45:24.275  1428  2118 I AHal::AudioRoutePathController: ResetPath: deep-buffer-playback-0 -> bluetooth-a2dp-device: true
11-10 15:45:24.275  1428  2118 D AHal::BT: SendCommandToMonitorThread: sending command  MonitorCmd::kA2dpRetryStop(4) to monitor thread
11-10 15:45:24.276  1428  2118 I AHal::Bt::A2dpWrapper: SuspendStream: 512
11-10 15:45:24.276  1653  1653 D AOC     : F1:MSG: controller.cc, 919: AudioOutCtrl: ipc: audio_output_co, cmd ID: 0x00c9, tag: 0x26, rc: 0
11-10 15:45:24.276  1653  1653 D AOC     : F1:MSG: controller.cc, 275: AudioOutCtrl: cmd ID: 0x010f, tag: 0x27 [cntr = 82437]
11-10 15:45:24.276 14050 22581 I BTAudioA2dpAIDL: system/audio_hal_interface/aidl/a2dp/a2dp_encoding_aidl.cc:171 SuspendRequest: 
11-10 15:45:24.276  1653  1653 D AOC     : F1:Unregistered Source 5 [DeepBuffer] from Sink 2 [Bluetooth]
11-10 15:45:24.276  1653  1653 D AOC     : F1:AT Map:0 (LL:0), 0 EPs active, Power: Yes, Config: No
11-10 15:45:24.276 14050 22581 I bluetooth-a2dp: system/btif/src/btif_av.cc:3752 btif_av_stream_started_ready: active_peer=xx:xx:xx:xx:0f:4f state=3 flags=0x0(None) ready=true
11-10 15:45:24.276 14050 22581 I bluetooth-a2dp: system/btif/src/btif_av.cc:3698 btif_av_stream_suspend: 
11-10 15:45:24.276  1653  1653 D AOC     : F1:Mixer 2 configuration changed: (0)
11-10 15:45:24.276  1653  1653 D AOC     : F1:Sink 2 Configuration changed: ULL (disabled)
11-10 15:45:24.276  1653  1653 D AOC     : F1:SinkBT: A2DP/BLE Output Stopped. (dma:5025, tx:216 rx:0)
11-10 15:45:24.277  1653  1653 D AOC     : F1:MSG: audio_hardware_sink_bt.cc, 1953: new dvfs 0
11-10 15:45:24.277  1653  1653 D AOC     : F1:[Idle Tracker] long no idle:[0] average between idle:[0.299069ms] max no idle:[38.962367ms]
11-10 15:45:24.277  1653  1653 D AOC     : F1:MSG: controller.cc, 919: AudioOutCtrl: ipc: audio_output_co, cmd ID: 0x010f, tag: 0x27, rc: 0
11-10 15:45:24.277 14050 14071 I bluetooth-a2dp: system/btif/src/btif_av.cc:3067 btif_av_handle_event: peer=xx:xx:xx:xx:0f:4f handle=0x0 event=BTIF_AV_SUSPEND_STREAM_REQ_EVT(0x1e)
11-10 15:45:24.277  1653  1653 D AOC     : H0:Mixer AMixBT: 480 samples (0000/0000) (OFF SC) multi out OFF
11-10 15:45:24.278  1653  1653 D AOC     : H0:Mixer configuration updated
11-10 15:45:24.278  1653  1653 D AOC     : H0:[Idle Tracker] long no idle:[113] average between idle:[1.569586ms] max no idle:[227.191969ms]
11-10 15:45:24.278 14050 14071 I bluetooth-a2dp: system/btif/src/btif_av.cc:2492 ProcessEvent: state=Started peer=xx:xx:xx:xx:0f:4f event=BTIF_AV_SUSPEND_STREAM_REQ_EVT(0x1e) flags=0x0(None) active_peer=true
11-10 15:45:24.278 14050 14071 I bluetooth-a2dp: system/btif/src/btif_av.cc:2512 ProcessEvent: Peer xx:xx:xx:xx:0f:4f : event=BTIF_AV_SUSPEND_STREAM_REQ_EVT(0x1e) flags=0x0(None)
11-10 15:45:24.278 14050 14071 I bluetooth-a2dp: system/btif/src/btif_a2dp_source.cc:822 btif_a2dp_source_set_tx_flush: enable=true state=STATE_RUNNING
11-10 15:45:24.278 14050 14071 I bluetooth-a2dp: system/bta/av/bta_av_api.cc:281 BTA_AvStop: bta_handle=0x41 suspend=true
11-10 15:45:24.278 14050 14071 I bluetooth-a2dp: system/bta/av/bta_av_aact.cc:1902 bta_av_str_stopped: peer xx:xx:xx:xx:0f:4f bta_handle:0x41 audio_open_cnt:1, p_data 0x712be8ddf0 start:1
11-10 15:45:24.278 14050 14071 I bluetooth: system/bta/dm/bta_dm_pm.cc:906 bta_dm_pm_ssr: Found connected service:BTA_ID_AV app_id:1 peer:xx:xx:xx:xx:0f:4f spec_name:sniff_capable
11-10 15:45:24.278 14050 14071 I bluetooth: system/bta/dm/bta_dm_pm.cc:906 bta_dm_pm_ssr: Found connected service:BTA_ID_AG app_id:1 peer:xx:xx:xx:xx:0f:4f spec_name:sniff_capable
11-10 15:45:24.278 14050 14071 I bluetooth: system/bta/dm/bta_dm_pm.cc:906 bta_dm_pm_ssr: Found connected service:BTA_ID_AV app_id:0 peer:xx:xx:xx:xx:0f:4f spec_name:sniff_capable
11-10 15:45:24.278 14050 14071 I bt_btm_pm: system/stack/acl/btm_pm.cc:326 BTM_SetSsrParams: Set sniff subrating state:immediate:active[0] max_latency:0x04b0 min_remote_timeout:0x0002 min_local_timeout:0x0002
11-10 15:45:24.279 14050 14071 I l2c_utils: system/stack/l2cap/l2c_utils.cc:2312 l2cu_set_acl_priority_latency_brcm: Set ACL priority: Normal Mode
11-10 15:45:24.279 14050 14071 I bluetooth-a2dp: system/stack/avdt/avdt_api.cc:617 AVDT_SuspendReq: num_handles=1
11-10 15:45:24.281 14050 14071 E bt_btu_hcif: system/stack/btu/btu_hcif.cc:973 btu_hcif_hdl_command_complete: Command complete for opcode:0x811 should not be handled here
11-10 15:45:24.282 14050 14071 E bt_btu_hcif: system/stack/btu/btu_hcif.cc:973 btu_hcif_hdl_command_complete: Command complete for opcode:0x80d should not be handled here
11-10 15:45:24.283  1431  2167 W USF     : USF_API: Drop flicker data, cannot find sampling_id:84682!
11-10 15:45:24.284  1430  2253 I bthal.bqr: ParseAdvanceRFStatsEvt: Advance RF Stats: Time Period:5038 ms, Extension id: 1, TW_Pw_iPA_BF: 8, TW_Pw_ePA_BF: 0, TW_Pw_iPA_Div: 279, TW_Pw_ePA_Div: 0, RSSI_Chain_>-50: 18, RSSI_Chain_-50_-55: 4, RSSI_Chain_-55_-60: 3, RSSI_Chain_-60_-65: 146, RSSI_Chain_-65_-70: 97, RSSI_Chain_-70_-75: 1, RSSI_Chain_-75_-80: 3, RSSI_Chain_-80_-85: 6, RSSI_Chain_-85_-90: 6, RSSI_Chain_<-90: 7, RSSI_Delta_<2: 64, RSSI_Delta_2_5: 110, RSSI_Delta_5_8: 35, RSSI_Delta_8_11: 22, RSSI_Delta_>11: 12
11-10 15:45:24.284  1430  2253 I bthal.flowcontrol: HciEventPreProcess: HCI Event 0xff Opcode 0 Length 85 unhandled by debug_VendorEvent
11-10 15:45:24.285 14050 14071 W btm_acl : system/stack/acl/btm_acl.cc:1484 BTM_ReadRemoteVersion: Unable to find active acl
11-10 15:45:24.285 14050 14071 I bluetooth: system/btif/src/btif_bqr.cc:1006 bqr_delivery_event: len: 82, addr: ff:ff:ff:ff:ff:ff, lmp_ver: 0, manufacturer_id: 0, lmp_subver: 0
11-10 15:45:24.286 14050 14084 I BluetoothQualityReportJni: android/app/jni/com_android_bluetooth_BluetoothQualityReport.cpp:51 bqr_delivery_callback: 
11-10 15:45:24.286 14050 14084 I BluetoothQualityReportNativeInterface: BQR: {
11-10 15:45:24.286 14050 14084 I BluetoothQualityReportNativeInterface:   mAddr: FF:FF:FF:FF:FF:FF, mLmpVer: 0x00, mLmpSubVer: 0x0000, mManufacturerId: 0x0000, mName: , mBluetoothClass: 0,
11-10 15:45:24.286 14050 14084 I BluetoothQualityReportNativeInterface:   BqrCommon: {
11-10 15:45:24.286 14050 14084 I BluetoothQualityReportNativeInterface:     mQualityReportId: RF Stats(0x09), mPacketType: INVALID(0x00), mConnectionHandle: 0x0000, mConnectionRole: 0(0), mTxPowerLevel: 0, mRssi: 0, mSnr: 0, mUnusedAfhChannelCount: 0,
11-10 15:45:24.286 14050 14084 I BluetoothQualityReportNativeInterface:     mAfhSelectUnidealChannelCount: 0, mLsto: 0, mPiconetClock: 0x00000000, mRetransmissionCount: 0, mNoRxCount: 0, mNakCount: 0, mLastTxAckTimestamp: 0x00000000, mFlowOffCount: 0,
11-10 15:45:24.286 14050 14084 I BluetoothQualityReportNativeInterface:     mLastFlowOnTimestamp: 0x00000000, mOverflowCount: 0, mUnderflowCount: 0, mAddr: null, mCalFailedItemCount: 0,
11-10 15:45:24.286 14050 14084 I BluetoothQualityReportNativeInterface:     mTxTotalPackets: 0, mTxUnackPackets: 0, mTxFlushPackets: 0, mTxLastSubeventPackets: 0, mCrcErrorPackets: 0, mRxDupPackets: 0, mRxUnRecvPackets: 0, mCoexInfoMask: 0
11-10 15:45:24.286 14050 14084 I BluetoothQualityReportNativeInterface:   }
11-10 15:45:24.286 14050 14084 I BluetoothQualityReportNativeInterface:   BqrRfStats: {
11-10 15:45:24.286 14050 14084 I BluetoothQualityReportNativeInterface:     mExtensionInfo: 1, mReportTimePeriod: 5038, mTxPoweriPaBf: 8, mTxPowerePaBf: 0, mTxPoweriPaDiv: 279, mTxPowerePaDiv: 0,
11-10 15:45:24.286 14050 14084 I BluetoothQualityReportNativeInterface:     mRssiChainOver50: 18, mRssiChain50To55: 4, mRssiChain55To60: 3, mRssiChain60To65: 146, mRssiChain65To70: 97, mRssiChain70To75: 1, mRssiChain75To80: 3, mRssiChain80To85: 6, mRssiChain85To90: 6, mRssiChainUnder90: 7,
11-10 15:45:24.286 14050 14084 I BluetoothQualityReportNativeInterface:     mRssiDeltaUnder2: 64, mRssiDelta2To5: 110, mRssiDelta5To8: 35, mRssiDelta8To11: 22, mRssiDeltaOver11: 12
11-10 15:45:24.286 14050 14084 I BluetoothQualityReportNativeInterface:   }
11-10 15:45:24.286 14050 14084 I BluetoothQualityReportNativeInterface: }
11-10 15:45:24.287 14050 14076 I bluetooth: system/main/shim/acl.cc:515 OnFlushOccurred: UNIMPLEMENTED
11-10 15:45:24.293  1431  2167 W USF     : USF_API: Drop flicker data, cannot find sampling_id:84682!
11-10 15:45:24.303  1431  2167 W USF     : USF_API: Drop flicker data, cannot find sampling_id:84682!
11-10 15:45:24.313  1431  2167 W USF     : USF_API: Drop flicker data, cannot find sampling_id:84682!
11-10 15:45:24.323  1431  2167 W USF     : USF_API: Drop flicker data, cannot find sampling_id:84682!
11-10 15:45:24.333  1431  2167 W USF     : USF_API: Drop flicker data, cannot find sampling_id:84682!
11-10 15:45:24.336 14050 14071 I bluetooth: system/bta/dm/bta_dm_pm.cc:906 bta_dm_pm_ssr: Found connected service:BTA_ID_AV app_id:1 peer:xx:xx:xx:xx:0f:4f spec_name:sniff_capable
11-10 15:45:24.336 14050 14071 I bluetooth: system/bta/dm/bta_dm_pm.cc:906 bta_dm_pm_ssr: Found connected service:BTA_ID_AG app_id:1 peer:xx:xx:xx:xx:0f:4f spec_name:sniff_capable
11-10 15:45:24.336 14050 14071 I bluetooth: system/bta/dm/bta_dm_pm.cc:906 bta_dm_pm_ssr: Found connected service:BTA_ID_AV app_id:0 peer:xx:xx:xx:xx:0f:4f spec_name:sniff_capable
11-10 15:45:24.336 14050 14071 I bt_btm_pm: system/stack/acl/btm_pm.cc:326 BTM_SetSsrParams: Set sniff subrating state:immediate:active[0] max_latency:0x04b0 min_remote_timeout:0x0002 min_local_timeout:0x0002
11-10 15:45:24.336 14050 14071 I bluetooth-a2dp: system/btif/src/btif_av.cc:3067 btif_av_handle_event: peer=00:00:00:00:00:00 handle=0x41 event=BTA_AV_SUSPEND_EVT(0xf)
11-10 15:45:24.336 14050 14071 I bluetooth-a2dp: system/btif/src/btif_av.cc:2492 ProcessEvent: state=Started peer=xx:xx:xx:xx:0f:4f event=BTA_AV_SUSPEND_EVT(0xf) flags=0x1(LOCAL_SUSPEND_PENDING) active_peer=true
11-10 15:45:24.336 14050 14071 I bluetooth-a2dp: system/btif/src/btif_av.cc:2563 ProcessEvent: Peer xx:xx:xx:xx:0f:4f : event=BTA_AV_SUSPEND_EVT(0xf) status=0 initiator=true flags=0x1(LOCAL_SUSPEND_PENDING)
11-10 15:45:24.336 14050 14071 I bluetooth-a2dp: system/btif/src/btif_a2dp.cc:114 btif_a2dp_on_suspended: ## ON A2DP SUSPENDED ## p_av_suspend=0x713beb6df0
11-10 15:45:24.336 14050 14071 I bluetooth-a2dp: system/btif/src/btif_a2dp_source.cc:792 btif_a2dp_source_on_suspended: state=STATE_RUNNING
11-10 15:45:24.336 14050 14071 I BTAudioA2dpAIDL: system/audio_hal_interface/aidl/a2dp/a2dp_encoding_aidl.cc:493 ack_stream_suspended: result=0
11-10 15:45:24.337  1428  2188 I BTAudioProviderStub: streamSuspended - SessionType=A2DP_HARDWARE_OFFLOAD_ENCODING_DATAPATH, status=SUCCESS
11-10 15:45:24.337  1428  2188 I BTAudioSessionAidl: ReportControlStatus - status=SUCCESS for SessionType=A2DP_HARDWARE_OFFLOAD_ENCODING_DATAPATH, bluetooth_audio=0x0200 suspended
11-10 15:45:24.337  1428  2188 I AHal::Bt::A2dpWrapper: ControlResultHandle: ctrl_cb: 512 suspend SUCCESS
11-10 15:45:24.337  1428  2118 I AHal::Bt::A2dpWrapper: SuspendStream: 512 done
11-10 15:45:24.337  1428  2118 I AHal::BT: Disable: bluetooth-a2dp-device done
11-10 15:45:24.337  1428  2118 I AHal::Router: LogTransferring: Transferring (1):
11-10 15:45:24.337  1428  2118 I AHal::Router: LogTransferring:   deep-buffer-playback-0 -> bluetooth-a2dp-device => (null)
11-10 15:45:24.337 14050 14071 I bluetooth-a2dp: system/btif/src/btif_a2dp_source.cc:680 btif_a2dp_source_stop_audio_req: state=STATE_RUNNING
11-10 15:45:24.337  1428  2118 I AHal::VoiceCall: Update: reset echo reference device
11-10 15:45:24.337 14050 14071 I bluetooth-a2dp: system/btif/src/btif_av.cc:2888 btif_report_audio_state: peer=xx:xx:xx:xx:0f:4f state=1
11-10 15:45:24.337  1428  2118 I AHal::Router: InvalidateLocked: ============ apply graph #19745 end ============
11-10 15:45:24.337  1428  2118 I ASvc::PeriodicWorker: SetLinkedConfigIds: update linked configs []
11-10 15:45:24.338 14050 14071 I bluetooth-a2dp: system/btif/src/btif_av.cc:2486 OnExit: state=Started peer=xx:xx:xx:xx:0f:4f
11-10 15:45:24.338 14050 14071 I bluetooth-a2dp: system/btif/src/btif_av.cc:2204 OnEnter: state=Opened peer=xx:xx:xx:xx:0f:4f
11-10 15:45:24.338 14050 14071 I bluetooth-a2dp: system/btif/src/btif_a2dp_source.cc:861 btif_a2dp_source_audio_tx_stop_event: is_streaming=false state=STATE_RUNNING
11-10 15:45:24.338  1428  2118 D BTAudioSessionAidl: UpdateSourceMetadata - SessionType=LE_AUDIO_HARDWARE_OFFLOAD_ENCODING_DATAPATH has NO session
11-10 15:45:24.338  1428  2118 D BTAudioSessionAidl: UpdateSinkMetadata - SessionType=LE_AUDIO_HARDWARE_OFFLOAD_DECODING_DATAPATH has NO session
11-10 15:45:24.338  1488  2119 D StreamHalAidl: [out|ioHandle:21] flush
11-10 15:45:24.338  1428  2118 I ASvc::CommandWorker: cw-deep-buffer-playback: Command{flush: Void{}} in StreamOutPausedState
11-10 15:45:24.338  1428  2118 I ASvc::StreamOutSyncStates: FlushDataQueue: flush 0 bytes in data queue
11-10 15:45:24.339  1428  2118 I ASvc::CommandWorker: cw-deep-buffer-playback: Command{standby: Void{}} in StreamOutIdleState
11-10 15:45:24.339 14050 14076 I bluetooth: system/main/shim/acl.cc:515 OnFlushOccurred: UNIMPLEMENTED
11-10 15:45:24.339 14050 14071 E bt_btu_hcif: system/stack/btu/btu_hcif.cc:973 btu_hcif_hdl_command_complete: Command complete for opcode:0x811 should not be handled here
11-10 15:45:24.339 14050 14084 I bluetooth-a2dp: android/app/jni/com_android_bluetooth_a2dp.cpp:104 bta2dp_audio_state_callback: xx:xx:xx:xx:0f:4f: state: BTAV_AUDIO_STATE_STOPPED(0x1)
11-10 15:45:24.339 14050 14071 E bt_btu_hcif: system/stack/btu/btu_hcif.cc:973 btu_hcif_hdl_command_complete: Command complete for opcode:0x80d should not be handled here
11-10 15:45:24.339 32743  5681 I com.whatsapp: Explicit concurrent mark compact GC freed 2222KB AllocSpace bytes, 1(20KB) LOS objects, 50% free, 26MB/53MB, paused 2.110ms,10.316ms total 655.789ms
11-10 15:45:24.340 14050 14050 I A2dpStateMachine: Connected: stopped playing: XX:XX:XX:XX:0F:4F
11-10 15:45:24.343  1431  2167 W USF     : USF_API: Drop flicker data, cannot find sampling_id:84682!
11-10 15:45:24.355  1431  2167 W USF     : USF_API: Drop flicker data, cannot find sampling_id:84682!
11-10 15:45:24.365  1431  2167 W USF     : USF_API: Drop flicker data, cannot find sampling_id:84682!
11-10 15:45:24.375  1431  2167 W USF     : USF_API: Drop flicker data, cannot find sampling_id:84682!
11-10 15:45:24.385  1431  2167 W USF     : USF_API: Drop flicker data, cannot find sampling_id:84682!
11-10 15:45:24.395  1431  2167 W USF     : USF_API: Drop flicker data, cannot find sampling_id:84682!
11-10 15:45:24.405  1431  2167 W USF     : USF_API: Drop flicker data, cannot find sampling_id:84682!
11-10 15:45:24.415  1431  2167 W USF     : USF_API: Drop flicker data, cannot find sampling_id:84682!
11-10 15:45:24.424  1431  2167 W USF     : USF_API: Drop flicker data, cannot find sampling_id:84682!
11-10 15:45:24.435  1431  2167 W USF     : USF_API: Drop flicker data, cannot find sampling_id:84682!
11-10 15:45:24.444  1431  2167 W USF     : USF_API: Drop flicker data, cannot find sampling_id:84682!
11-10 15:45:24.454  1431  2167 W USF     : USF_API: Drop flicker data, cannot find sampling_id:84682!
11-10 15:45:24.464  1431  2167 W USF     : USF_API: Drop flicker data, cannot find sampling_id:84682!
11-10 15:45:24.474  1431  2167 W USF     : USF_API: Drop flicker data, cannot find sampling_id:84682!
11-10 15:45:24.482 21379 21379 I ContentProtectionServic: CP service destroyed
11-10 15:45:24.484  1431  2167 W USF     : USF_API: Drop flicker data, cannot find sampling_id:84682!
11-10 15:45:24.491  1884  1884 I RemoteContentProtectionService: Connection status for: ComponentInfo{com.google.android.odad/com.google.android.apps.miphone.odad.contentprotection.ContentProtectionService} changed to: disconnected
11-10 15:45:24.494  1431  2167 W USF     : USF_API: Drop flicker data, cannot find sampling_id:84682!
11-10 15:45:24.503  1431  2167 W USF     : USF_API: Drop flicker data, cannot find sampling_id:84682!
11-10 15:45:24.513  1431  2167 W USF     : USF_API: Drop flicker data, cannot find sampling_id:84682!
11-10 15:45:24.523  1431  2167 W USF     : USF_API: Drop flicker data, cannot find sampling_id:84682!
11-10 15:45:24.533  1431  2167 W USF     : USF_API: Drop flicker data, cannot find sampling_id:84682!
11-10 15:45:24.543  1431  2167 W USF     : USF_API: Drop flicker data, cannot find sampling_id:84682!
11-10 15:45:24.553  1431  2167 W USF     : USF_API: Drop flicker data, cannot find sampling_id:84682!
11-10 15:45:24.563  1431  2167 W USF     : USF_API: Drop flicker data, cannot find sampling_id:84682!
11-10 15:45:24.572  1431  2167 W USF     : USF_API: Drop flicker data, cannot find sampling_id:84682!
11-10 15:45:24.583  1431  2167 W USF     : USF_API: Drop flicker data, cannot find sampling_id:84682!
11-10 15:45:24.593  1431  2167 W USF     : USF_API: Drop flicker data, cannot find sampling_id:84682!
11-10 15:45:24.603  1431  2167 W USF     : USF_API: Drop flicker data, cannot find sampling_id:84682!
11-10 15:45:24.612  1431  2167 W USF     : USF_API: Drop flicker data, cannot find sampling_id:84682!
11-10 15:45:24.622  1431  2167 W USF     : USF_API: Drop flicker data, cannot find sampling_id:84682!
11-10 15:45:24.632  1431  2167 W USF     : USF_API: Drop flicker data, cannot find sampling_id:84682!
11-10 15:45:24.642  1431  2167 W USF     : USF_API: Drop flicker data, cannot find sampling_id:84682!
11-10 15:45:24.652  1431  2167 W USF     : USF_API: Drop flicker data, cannot find sampling_id:84682!
11-10 15:45:24.662  1431  2167 W USF     : USF_API: Drop flicker data, cannot find sampling_id:84682!
11-10 15:45:24.672  1431  2167 W USF     : USF_API: Drop flicker data, cannot find sampling_id:84682!
11-10 15:45:24.683  1431  2167 W USF     : USF_API: Drop flicker data, cannot find sampling_id:84682!
11-10 15:45:24.693  1431  2167 W USF     : USF_API: Drop flicker data, cannot find sampling_id:84682!
11-10 15:45:24.703  1431  2167 W USF     : USF_API: Drop flicker data, cannot find sampling_id:84682!
11-10 15:45:24.712  1431  2167 W USF     : USF_API: Drop flicker data, cannot find sampling_id:84682!
11-10 15:45:24.723  1431  2167 W USF     : USF_API: Drop flicker data, cannot find sampling_id:84682!
11-10 15:45:24.732  1431  2167 W USF     : USF_API: Drop flicker data, cannot find sampling_id:84682!
11-10 15:45:24.742  1431  2167 W USF     : USF_API: Drop flicker data, cannot find sampling_id:84682!
11-10 15:45:24.752  1431  2167 W USF     : USF_API: Drop flicker data, cannot find sampling_id:84682!
11-10 15:45:24.762  1431  2167 W USF     : USF_API: Drop flicker data, cannot find sampling_id:84682!
11-10 15:45:24.772  1431  2167 W USF     : USF_API: Drop flicker data, cannot find sampling_id:84682!
11-10 15:45:24.783  1431  2167 W USF     : USF_API: Drop flicker data, cannot find sampling_id:84682!
11-10 15:45:24.792  1431  2167 W USF     : USF_API: Drop flicker data, cannot find sampling_id:84682!
11-10 15:45:24.802  1431  2167 W USF     : USF_API: Drop flicker data, cannot find sampling_id:84682!
11-10 15:45:24.813  1431  2167 W USF     : USF_API: Drop flicker data, cannot find sampling_id:84682!
11-10 15:45:24.823  1431  2167 W USF     : USF_API: Drop flicker data, cannot find sampling_id:84682!
11-10 15:45:24.833  1431  2167 W USF     : USF_API: Drop flicker data, cannot find sampling_id:84682!
11-10 15:45:24.843  1431  2167 W USF     : USF_API: Drop flicker data, cannot find sampling_id:84682!
11-10 15:45:24.853  1431  2167 W USF     : USF_API: Drop flicker data, cannot find sampling_id:84682!
11-10 15:45:24.866  1431  2167 W USF     : USF_API: Drop flicker data, cannot find sampling_id:84682!
11-10 15:45:24.874  1431  2167 W USF     : USF_API: Drop flicker data, cannot find sampling_id:84682!
11-10 15:45:24.885  1431  2167 W USF     : USF_API: Drop flicker data, cannot find sampling_id:84682!
11-10 15:45:24.895  1431  2167 W USF     : USF_API: Drop flicker data, cannot find sampling_id:84682!
11-10 15:45:24.904  1431  2167 W USF     : USF_API: Drop flicker data, cannot find sampling_id:84682!
11-10 15:45:24.914  1431  2167 W USF     : USF_API: Drop flicker data, cannot find sampling_id:84682!
11-10 15:45:24.926  1431  2167 W USF     : USF_API: Drop flicker data, cannot find sampling_id:84682!
11-10 15:45:24.926  1431  2167 W USF     : USF_API: Drop flicker data, cannot find sampling_id:84682!
11-10 15:45:24.934  1431  2167 W USF     : USF_API: Drop flicker data, cannot find sampling_id:84682!
11-10 15:45:24.944  1431  2167 W USF     : USF_API: Drop flicker data, cannot find sampling_id:84682!
11-10 15:45:24.953  1431  2167 W USF     : USF_API: Drop flicker data, cannot find sampling_id:84682!
11-10 15:45:24.964  1431  2167 W USF     : USF_API: Drop flicker data, cannot find sampling_id:84682!
11-10 15:45:24.974  1431  2167 W USF     : USF_API: Drop flicker data, cannot find sampling_id:84682!
11-10 15:45:24.983  1431  2167 W USF     : USF_API: Drop flicker data, cannot find sampling_id:84682!
11-10 15:45:24.993  1431  2167 W USF     : USF_API: Drop flicker data, cannot find sampling_id:84682!
11-10 15:45:25.003  1431  2167 W USF     : USF_API: Drop flicker data, cannot find sampling_id:84682!
11-10 15:45:25.013  1431  2167 W USF     : USF_API: Drop flicker data, cannot find sampling_id:84682!
11-10 15:45:25.023  1431  2167 W USF     : USF_API: Drop flicker data, cannot find sampling_id:84682!
11-10 15:45:25.032  1431  2167 W USF     : USF_API: Drop flicker data, cannot find sampling_id:84682!
11-10 15:45:25.042  1431  2167 W USF     : USF_API: Drop flicker data, cannot find sampling_id:84682!
11-10 15:45:25.052  1431  2167 W USF     : USF_API: Drop flicker data, cannot find sampling_id:84682!
11-10 15:45:25.062  1431  2167 W USF     : USF_API: Drop flicker data, cannot find sampling_id:84682!
11-10 15:45:25.072  1431  2167 W USF     : USF_API: Drop flicker data, cannot find sampling_id:84682!
11-10 15:45:25.083  1431  2167 W USF     : USF_API: Drop flicker data, cannot find sampling_id:84682!
11-10 15:45:25.092  1431  2167 W USF     : USF_API: Drop flicker data, cannot find sampling_id:84682!
11-10 15:45:25.102  1431  2167 W USF     : USF_API: Drop flicker data, cannot find sampling_id:84682!
11-10 15:45:25.111  1431  2167 W USF     : USF_API: Drop flicker data, cannot find sampling_id:84682!
11-10 15:45:25.122  1431  2167 W USF     : USF_API: Drop flicker data, cannot find sampling_id:84682!
11-10 15:45:25.131  1431  2167 W USF     : USF_API: Drop flicker data, cannot find sampling_id:84682!
11-10 15:45:25.142  1431  2167 W USF     : USF_API: Drop flicker data, cannot find sampling_id:84682!
11-10 15:45:25.152  1431  2167 W USF     : USF_API: Drop flicker data, cannot find sampling_id:84682!
11-10 15:45:25.162  1431  2167 W USF     : USF_API: Drop flicker data, cannot find sampling_id:84682!
11-10 15:45:25.172  1431  2167 W USF     : USF_API: Drop flicker data, cannot find sampling_id:84682!
11-10 15:45:25.183  1431  2167 W USF     : USF_API: Drop flicker data, cannot find sampling_id:84682!
11-10 15:45:25.192  1431  2167 W USF     : USF_API: Drop flicker data, cannot find sampling_id:84682!
11-10 15:45:25.203  1431  2167 W USF     : USF_API: Drop flicker data, cannot find sampling_id:84682!
11-10 15:45:25.212  1431  2167 W USF     : USF_API: Drop flicker data, cannot find sampling_id:84682!
11-10 15:45:25.222  1431  2167 W USF     : USF_API: Drop flicker data, cannot find sampling_id:84682!
11-10 15:45:25.231  1431  2167 W USF     : USF_API: Drop sample report, cannot find sampling_id:84682
11-10 15:45:25.232  1431  2167 W USF     : USF_API: Drop flicker data, cannot find sampling_id:84682!
11-10 15:45:25.242  1431  2167 W USF     : USF_API: Drop flicker data, cannot find sampling_id:84682!
11-10 15:45:25.251  1431  2167 W USF     : USF_API: Drop flicker data, cannot find sampling_id:84682!
11-10 15:45:25.261  1431  2167 W USF     : USF_API: Drop flicker data, cannot find sampling_id:84682!
11-10 15:45:25.273  1431  2167 W USF     : USF_API: Drop flicker data, cannot find sampling_id:84682!
11-10 15:45:25.282  1431  2167 W USF     : USF_API: Drop flicker data, cannot find sampling_id:84682!
11-10 15:45:25.292  1431  2167 W USF     : USF_API: Drop flicker data, cannot find sampling_id:84682!
11-10 15:45:25.302  1431  2167 W USF     : USF_API: Drop flicker data, cannot find sampling_id:84682!
11-10 15:45:25.311  1431  2167 W USF     : USF_API: Drop flicker data, cannot find sampling_id:84682!
11-10 15:45:25.321  1431  2167 W USF     : USF_API: Drop flicker data, cannot find sampling_id:84682!
11-10 15:45:25.331  1431  2167 W USF     : USF_API: Drop flicker data, cannot find sampling_id:84682!
11-10 15:45:25.335  1430 14081 I bthal.activity: bt_power: AclDataStat: 15:45:24:280 - 15:45:25:335, conn_handle: 11, duration: 1055, acl_data_count: 2, acl_tx_data_count: 1, acl_rx_data_count: 1, total_acl_data_count: 4269
11-10 15:45:25.340  1431  2167 W USF     : USF_API: Drop flicker data, cannot find sampling_id:84682!
11-10 15:45:25.351  1431  2167 W USF     : USF_API: Drop flicker data, cannot find sampling_id:84682!
11-10 15:45:25.351  1431  2167 W USF     : USF_API: Drop flicker data, cannot find sampling_id:84682!
11-10 15:45:25.360  1431  2167 W USF     : USF_API: Drop flicker data, cannot find sampling_id:84682!
11-10 15:45:25.372  1431  2167 W USF     : USF_API: Drop flicker data, cannot find sampling_id:84682!
11-10 15:45:25.383  1431  2167 W USF     : USF_API: Drop flicker data, cannot find sampling_id:84682!
11-10 15:45:25.393  1431  2167 W USF     : USF_API: Drop flicker data, cannot find sampling_id:84682!
11-10 15:45:25.402  1431  2167 W USF     : USF_API: Drop flicker data, cannot find sampling_id:84682!
11-10 15:45:25.413  1431  2167 W USF     : USF_API: Drop flicker data, cannot find sampling_id:84682!
11-10 15:45:25.422  1431  2167 W USF     : USF_API: Drop flicker data, cannot find sampling_id:84682!
11-10 15:45:25.433  1431  2167 W USF     : USF_API: Drop flicker data, cannot find sampling_id:84682!
11-10 15:45:25.442  1431  2167 W USF     : USF_API: Drop flicker data, cannot find sampling_id:84682!
11-10 15:45:25.452  1431  2167 W USF     : USF_API: Drop flicker data, cannot find sampling_id:84682!
11-10 15:45:25.462  1431  2167 W USF     : USF_API: Drop flicker data, cannot find sampling_id:84682!
11-10 15:45:25.472  1431  2167 W USF     : USF_API: Drop flicker data, cannot find sampling_id:84682!
11-10 15:45:25.481  1431  2167 W USF     : USF_API: Drop flicker data, cannot find sampling_id:84682!
11-10 15:45:25.491  1431  2167 W USF     : USF_API: Drop flicker data, cannot find sampling_id:84682!
11-10 15:45:25.502  1431  2167 W USF     : USF_API: Drop flicker data, cannot find sampling_id:84682!
11-10 15:45:25.511  1431  2167 W USF     : USF_API: Drop flicker data, cannot find sampling_id:84682!
11-10 15:45:25.521  1431  2167 W USF     : USF_API: Drop flicker data, cannot find sampling_id:84682!
11-10 15:45:25.531  1431  2167 W USF     : USF_API: Drop flicker data, cannot find sampling_id:84682!
11-10 15:45:25.541  1431  2167 W USF     : USF_API: Drop flicker data, cannot find sampling_id:84682!
11-10 15:45:25.551  1431  2167 W USF     : USF_API: Drop flicker data, cannot find sampling_id:84682!
11-10 15:45:25.560  1431  2167 W USF     : USF_API: Drop flicker data, cannot find sampling_id:84682!
11-10 15:45:25.570  1431  2167 W USF     : USF_API: Drop flicker data, cannot find sampling_id:84682!
11-10 15:45:25.580  1431  2167 W USF     : USF_API: Drop flicker data, cannot find sampling_id:84682!
11-10 15:45:25.591  1431  2167 W USF     : USF_API: Drop flicker data, cannot find sampling_id:84682!
11-10 15:45:25.600  1431  2167 W USF     : USF_API: Drop flicker data, cannot find sampling_id:84682!
11-10 15:45:25.611  1431  2167 W USF     : USF_API: Drop flicker data, cannot find sampling_id:84682!
11-10 15:45:25.620  1431  2167 W USF     : USF_API: Drop flicker data, cannot find sampling_id:84682!
11-10 15:45:25.630  1431  2167 W USF     : USF_API: Drop flicker data, cannot find sampling_id:84682!
11-10 15:45:25.642  1431  2167 W USF     : USF_API: Drop flicker data, cannot find sampling_id:84682!
11-10 15:45:25.652  1431  2167 W USF     : USF_API: Drop flicker data, cannot find sampling_id:84682!
11-10 15:45:25.662  1431  2167 W USF     : USF_API: Drop flicker data, cannot find sampling_id:84682!
11-10 15:45:25.672  1431  2167 W USF     : USF_API: Drop flicker data, cannot find sampling_id:84682!
11-10 15:45:25.681  1431  2167 W USF     : USF_API: Drop flicker data, cannot find sampling_id:84682!
11-10 15:45:25.692  1431  2167 W USF     : USF_API: Drop flicker data, cannot find sampling_id:84682!
11-10 15:45:25.701  1431  2167 W USF     : USF_API: Drop flicker data, cannot find sampling_id:84682!
11-10 15:45:25.712  1431  2167 W USF     : USF_API: Drop flicker data, cannot find sampling_id:84682!
11-10 15:45:25.721  1431  2167 W USF     : USF_API: Drop flicker data, cannot find sampling_id:84682!
11-10 15:45:25.730  1431  2167 W USF     : USF_API: Drop flicker data, cannot find sampling_id:84682!
11-10 15:45:25.741  1431  2167 W USF     : USF_API: Drop flicker data, cannot find sampling_id:84682!
11-10 15:45:25.750  1431  2167 W USF     : USF_API: Drop flicker data, cannot find sampling_id:84682!
11-10 15:45:25.760  1431  2167 W USF     : USF_API: Drop flicker data, cannot find sampling_id:84682!
11-10 15:45:25.772  1431  2167 W USF     : USF_API: Drop flicker data, cannot find sampling_id:84682!
11-10 15:45:25.780  1431  2167 W USF     : USF_API: Drop flicker data, cannot find sampling_id:84682!
11-10 15:45:25.789  1431  2167 W USF     : USF_API: Drop flicker data, cannot find sampling_id:84682!
11-10 15:45:25.799  1431  2167 W USF     : USF_API: Drop flicker data, cannot find sampling_id:84682!
11-10 15:45:25.809  1431  2167 W USF     : USF_API: Drop flicker data, cannot find sampling_id:84682!
11-10 15:45:25.819  1431  2167 W USF     : USF_API: Drop flicker data, cannot find sampling_id:84682!
11-10 15:45:25.829  1431  2167 W USF     : USF_API: Drop flicker data, cannot find sampling_id:84682!
11-10 15:45:25.839  1431  2167 W USF     : USF_API: Drop flicker data, cannot find sampling_id:84682!
11-10 15:45:25.849  1431  2167 W USF     : USF_API: Drop flicker data, cannot find sampling_id:84682!
11-10 15:45:25.859  1431  2167 W USF     : USF_API: Drop flicker data, cannot find sampling_id:84682!
11-10 15:45:25.869  1431  2167 W USF     : USF_API: Drop flicker data, cannot find sampling_id:84682!
11-10 15:45:25.881  1431  2167 W USF     : USF_API: Drop flicker data, cannot find sampling_id:84682!
11-10 15:45:25.890  1431  2167 W USF     : USF_API: Drop flicker data, cannot find sampling_id:84682!
11-10 15:45:25.900  1431  2167 W USF     : USF_API: Drop flicker data, cannot find sampling_id:84682!
11-10 15:45:25.910  1431  2167 W USF     : USF_API: Drop flicker data, cannot find sampling_id:84682!
11-10 15:45:25.920  1431  2167 W USF     : USF_API: Drop flicker data, cannot find sampling_id:84682!
