11-10 15:16:53.834  1622 28271 D CCodecBuffers:   int32_t aac-encoded-target-level = -1
11-10 15:16:53.834  1622 28271 D CCodecBuffers:   int32_t aac-max-output-channel_count = 8
11-10 15:16:53.834  1622 28271 D CCodecBuffers:   int32_t aac-target-ref-level = 64
11-10 15:16:53.834  1622 28271 D CCodecBuffers:   int32_t buffer-batch-max-output-size = 0
11-10 15:16:53.834  1622 28271 D CCodecBuffers:   int32_t buffer-batch-threshold-output-size = 0
11-10 15:16:53.834  1622 28271 D CCodecBuffers:   int32_t channel-count = 2
11-10 15:16:53.834  1622 28271 D CCodecBuffers:   int32_t channel-mask = 12
11-10 15:16:53.834  1622 28271 D CCodecBuffers:   int32_t max-output-channel-count = 8
11-10 15:16:53.834  1622 28271 D CCodecBuffers:   string mime = "audio/raw"
11-10 15:16:53.834  1622 28271 D CCodecBuffers:   int32_t sample-rate = 44100
11-10 15:16:53.834  1622 28271 D CCodecBuffers:   int32_t encoder-delay = 2112
11-10 15:16:53.834  1622 28271 D CCodecBuffers:   int32_t encoder-padding = 960
11-10 15:16:53.834  1622 28271 D CCodecBuffers:   int32_t android._config-pcm-encoding = 2
11-10 15:16:53.834  1622 28271 D CCodecBuffers: }
11-10 15:16:53.837 14050 14050 I BluetoothAdapterProperties: getBondedDevices: length=11
11-10 15:16:53.838  1488  1594 D NativePermissionController: checkPermission: missing 1 for 10273
11-10 15:16:53.838  1488  1594 D NativePermissionController: checkPermission: missing 3 for 10273
11-10 15:16:53.838  1488  1594 D NativePermissionController: checkPermission: missing 5 for 10273
11-10 15:16:53.838  1488  1594 D AudioFlinger: Client defaulted notificationFrames to 11025 for frameCount 22050
11-10 15:16:53.838  1488  1594 I AF::PthrPatchRecord: creating track with enforcement level 0
11-10 15:16:53.839  1884  1884 D ActivityThread: Package [com.example.mobiledigger] reported as REPLACED, but missing application info. Assuming REMOVED.
11-10 15:16:53.839  1884  1884 D ActivityThread: Package [com.example.mobiledigger] reported as REPLACED, but missing application info. Assuming REMOVED.
11-10 15:16:53.840  1884  3104 W ParceledListSlice: Element #3 is 31716 bytes.
11-10 15:16:53.841  1884  2730 D BackgroundInstallControlService: Package event received: 0
11-10 15:16:53.841  1884  2730 D BackgroundInstallControlService: Package event received: 0
11-10 15:16:53.844  1884  2920 E RoleControllerServiceImpl: Default/fallback role holder package doesn't qualify for the role, package: com.google.android.retaildemo, role: android.app.role.RETAIL_DEMO, user: 0
11-10 15:16:53.844  1884  2920 E RoleControllerServiceImpl: Default/fallback role holder package doesn't qualify for the role, package: com.google.android.gms.supervision, role: android.app.role.SYSTEM_SUPERVISION, user: 0
11-10 15:16:53.844  1431  2167 W USF     : USF_API: Drop flicker data, cannot find sampling_id:84682!
11-10 15:16:53.846 12090 12090 D ActivityThread: Package [com.example.mobiledigger] reported as REPLACED, but missing application info. Assuming REMOVED.
11-10 15:16:53.846  1884  1915 W AppOpService: Ignored setUidMode call for runtime permission app op: uid = 1001, code = READ_SMS, mode = allow, callingUid = 1001, oldMode = allow
11-10 15:16:53.847 12090 12090 D ActivityThread: Package [com.example.mobiledigger] reported as REPLACED, but missing application info. Assuming REMOVED.
11-10 15:16:53.847 31972 31972 I Finsky:background: [2] IQ: onPackageRemoved com.example.mobiledigger, replacing=true, uninstallingFromPlay=false
11-10 15:16:53.848  1884  2819 W AppOpService: Ignored setUidMode call for runtime permission app op: uid = 1001, code = RECEIVE_SMS, mode = allow, callingUid = 1001, oldMode = allow
11-10 15:16:53.849  1884  2437 E AtomicFile: Failed to rename /data/system/install_sessions.xml.new to /data/system/install_sessions.xml
11-10 15:16:53.849  1884  1884 D AppSearchAppsIndexerManagerS: userid in package receiver: 10658
11-10 15:16:53.851  1884  1915 W AppOpService: Ignored setUidMode call for runtime permission app op: uid = 1001, code = RECEIVE_WAP_PUSH, mode = allow, callingUid = 1001, oldMode = allow
11-10 15:16:53.852 12090 12090 I SafetyLabelChangedBroadcastReceiver: received broadcast packageName: com.example.mobiledigger, current user: UserHandle{0}, packageChangeEvent: UPDATE, intent user: UserHandle{0}
11-10 15:16:53.853  3038  3038 D NfcService: renewTagAppPrefList: TagAppPreference changed false
11-10 15:16:53.853  1431  2167 W USF     : USF_API: Drop flicker data, cannot find sampling_id:84682!
11-10 15:16:53.853  1884  1915 W AppOpService: Ignored setUidMode call for runtime permission app op: uid = 1001, code = SEND_SMS, mode = allow, callingUid = 1001, oldMode = allow
11-10 15:16:53.854  3038  3038 D RegisteredNfcFServicesCache: onReceive: Ignoring package intent due to package being replaced.
11-10 15:16:53.856  3038  3038 I RegisteredComponentCache: generateComponentsList: New Components => 
11-10 15:16:53.856  3038  3038 I RegisteredComponentCache: ComponentInfo: ResolveInfo{691f2a4 com.google.android.tag/com.android.apps.tag.TagViewer m=0x108000 userHandle=UserHandle{0}}, techs: android.nfc.tech.Ndef, 
11-10 15:16:53.856  3038  3038 I RegisteredComponentCache: ComponentInfo: ResolveInfo{2ea780d com.paypal.android.p2pmobile/com.paypal.android.pdsdk.ui.receive.PayDropReceiveActivity$EntryPoint m=0x108000 userHandle=UserHandle{0}}, techs: android.nfc.tech.IsoDep, 
11-10 15:16:53.856  3038  3038 I RegisteredComponentCache: ComponentInfo: ResolveInfo{57743c2 com.paypal.android.p2pmobile/com.paypal.android.pdsdk.ui.send.PayDropSendingStatusActivity$EntryPoint m=0x108000 userHandle=UserHandle{0}}, techs: android.nfc.tech.IsoDep, 
11-10 15:16:53.856  3038  3038 I RegisteredComponentCache: ComponentInfo: ResolveInfo{47925d3 com.paypal.android.p2pmobile/com.paypal.android.pdsdk.ui.send.enteramount.PayDropEnterAmountActivity$EntryPoint m=0x108000 userHandle=UserHandle{0}}, techs: android.nfc.tech.IsoDep, 
11-10 15:16:53.856  3038  3038 I RegisteredComponentCache: generateComponentsList: Removed Components => 
11-10 15:16:53.856  3038  3038 I RegisteredComponentCache: ComponentInfo: ResolveInfo{ba5f3c8 com.google.android.tag/com.android.apps.tag.TagViewer m=0x108000 userHandle=UserHandle{0}}, techs: android.nfc.tech.Ndef, 
11-10 15:16:53.856  3038  3038 I RegisteredComponentCache: ComponentInfo: ResolveInfo{a9fec61 com.paypal.android.p2pmobile/com.paypal.android.pdsdk.ui.receive.PayDropReceiveActivity$EntryPoint m=0x108000 userHandle=UserHandle{0}}, techs: android.nfc.tech.IsoDep, 
11-10 15:16:53.856  3038  3038 I RegisteredComponentCache: ComponentInfo: ResolveInfo{4236386 com.paypal.android.p2pmobile/com.paypal.android.pdsdk.ui.send.PayDropSendingStatusActivity$EntryPoint m=0x108000 userHandle=UserHandle{0}}, techs: android.nfc.tech.IsoDep, 
11-10 15:16:53.856  3038  3038 I RegisteredComponentCache: ComponentInfo: ResolveInfo{b086447 com.paypal.android.p2pmobile/com.paypal.android.pdsdk.ui.send.enteramount.PayDropEnterAmountActivity$EntryPoint m=0x108000 userHandle=UserHandle{0}}, techs: android.nfc.tech.IsoDep, 
11-10 15:16:53.857  1884  1884 D BackupManagerConstants: getFullBackupIntervalMilliseconds(...) returns 86400000
11-10 15:16:53.857  1884  1884 D BackupManagerConstants: getFullBackupRequiredNetworkType(...) returns 2
11-10 15:16:53.857  1884  1884 D BackupManagerConstants: getFullBackupRequireCharging(...) returns true
11-10 15:16:53.857  1884  4373 W AppOpService: Ignored setUidMode call for runtime permission app op: uid = 1001, code = READ_CELL_BROADCASTS, mode = allow, callingUid = 1001, oldMode = allow
11-10 15:16:53.862 12090 12099 I PermissionControllerServiceImpl: Updating user sensitive for uid 10658
11-10 15:16:53.863  1431  2167 W USF     : USF_API: Drop flicker data, cannot find sampling_id:84682!
11-10 15:16:53.864  1884  5473 D ShortcutService: driveShortcut_4d5b5c80-3541-4fe8-8023-a2649ae5b144 ignored because it isn't pinned by com.android.systemui
11-10 15:16:53.864  3130  3130 D CarrierSvcBindHelper: onPackageUpdateFinished: com.example.mobiledigger
11-10 15:16:53.864  1884  1915 I OnDeviceIntelligenceManagerService: OnDeviceIntelligenceManagerInternal processRequestStreaming
11-10 15:16:53.865 14132 14132 I EuiccGoogle: [2] NetworkFetcher.getFirstActiveEuiccSlotId: isRemovableEsimDefault: false
11-10 15:16:53.865  1884  2920 I Role    : com.google.android.gms not qualified for android.app.role.SYSTEM_DEPENDENCY_INSTALLER due to missing RequiredComponent{mIntentFilterData=IntentFilterData{mAction='android.content.pm.action.INSTALL_DEPENDENCY', mCategories='[]', mDataScheme='null', mDataType='null'}, mMinTargetSdkVersion=1, mFlags='0', mPermission='android.permission.BIND_DEPENDENCY_INSTALLER', mQueryFlags=0, mMetaData=[]}
11-10 15:16:53.865  1884  2920 E RoleControllerServiceImpl: Default/fallback role holder package doesn't qualify for the role, package: com.google.android.gms, role: android.app.role.SYSTEM_DEPENDENCY_INSTALLER, user: 0
11-10 15:16:53.867  3130  3130 D CarrierSvcBindHelper: No carrier app for: 0
11-10 15:16:53.867  3130  3130 D CarrierSvcBindHelper: No carrier app for: 1
11-10 15:16:53.867  3130  3130 D CarrierSvcBindHelper: onPackageModified: com.example.mobiledigger
11-10 15:16:53.868  3130  3130 D CarrierSvcBindHelper: No carrier app for: 0
11-10 15:16:53.868  3130  3130 D CarrierSvcBindHelper: No carrier app for: 1
11-10 15:16:53.869 14132 14132 I EuiccGoogle: [2] EuiccServiceImpl.onCreate: onCreate DSDS mode: simCardState is 11
11-10 15:16:53.873  1431  2167 W USF     : USF_API: Drop flicker data, cannot find sampling_id:84682!
11-10 15:16:53.876  1884  2730 D BackgroundInstallControlService: Package event received: 0
11-10 15:16:53.876  1884  1915 W ParceledListSlice: Element #3 is 31716 bytes.
11-10 15:16:53.879  1884  1884 D ActivityManager: sync unfroze 21379 com.google.android.odad for 6
11-10 15:16:53.882  1884  4325 W AppSearchAppsUtil: getDynamicAppFunctionSchemasForPackages: Failed to get schema property for package: com.google.android.apps.wellbeing
11-10 15:16:53.882  1884  4325 W AppSearchAppsUtil: android.content.pm.PackageManager$NameNotFoundException
11-10 15:16:53.882  1884  4325 W AppSearchAppsUtil: 	at android.app.ApplicationPackageManager.getPropertyAsUser(ApplicationPackageManager.java:3965)
11-10 15:16:53.882  1884  4325 W AppSearchAppsUtil: 	at android.app.ApplicationPackageManager.getProperty(ApplicationPackageManager.java:3952)
11-10 15:16:53.882  1884  4325 W AppSearchAppsUtil: 	at com.android.server.appsearch.appsindexer.AppsIndexerImpl.doUpdateIncrementalPut(go/retraceme 7965b89a256ee83d6a37d50af223386e31a1f9c90240702ba162172dbd131206:76)
11-10 15:16:53.882  1884  4325 W AppSearchAppsUtil: 	at com.android.server.appsearch.appsindexer.AppsIndexerUserInstance.doUpdate(go/retraceme 7965b89a256ee83d6a37d50af223386e31a1f9c90240702ba162172dbd131206:75)
11-10 15:16:53.882  1884  4325 W AppSearchAppsUtil: 	at com.android.server.appsearch.appsindexer.AppsIndexerUserInstance$$ExternalSyntheticLambda3.run(go/retraceme 7965b89a256ee83d6a37d50af223386e31a1f9c90240702ba162172dbd131206:11)
11-10 15:16:53.882  1884  4325 W AppSearchAppsUtil: 	at com.android.server.appsearch.appsindexer.AppsIndexerUserInstance$$ExternalSyntheticLambda0.run(go/retraceme 7965b89a256ee83d6a37d50af223386e31a1f9c90240702ba162172dbd131206:10)
11-10 15:16:53.882  1884  4325 W AppSearchAppsUtil: 	at java.util.concurrent.ThreadPoolExecutor.runWorker(ThreadPoolExecutor.java:1156)
11-10 15:16:53.882  1884  4325 W AppSearchAppsUtil: 	at java.util.concurrent.ThreadPoolExecutor$Worker.run(ThreadPoolExecutor.java:651)
11-10 15:16:53.882  1884  4325 W AppSearchAppsUtil: 	at java.lang.Thread.run(Thread.java:1119)
11-10 15:16:53.882 31972 28294 I Finsky:background: [1168] IQ: handled package removed
11-10 15:16:53.882  1884  2730 D BackgroundInstallControlService: Package event received: 0
11-10 15:16:53.883  1884  4325 W AppSearchAppsUtil: getDynamicAppFunctionSchemasForPackages: Failed to get schema property for package: com.google.android.apps.wearables.maestro.companion
11-10 15:16:53.883  1884  4325 W AppSearchAppsUtil: android.content.pm.PackageManager$NameNotFoundException
11-10 15:16:53.883  1884  4325 W AppSearchAppsUtil: 	at android.app.ApplicationPackageManager.getPropertyAsUser(ApplicationPackageManager.java:3965)
11-10 15:16:53.883  1884  4325 W AppSearchAppsUtil: 	at android.app.ApplicationPackageManager.getProperty(ApplicationPackageManager.java:3952)
11-10 15:16:53.883  1884  4325 W AppSearchAppsUtil: 	at com.android.server.appsearch.appsindexer.AppsIndexerImpl.doUpdateIncrementalPut(go/retraceme 7965b89a256ee83d6a37d50af223386e31a1f9c90240702ba162172dbd131206:76)
11-10 15:16:53.883  1884  4325 W AppSearchAppsUtil: 	at com.android.server.appsearch.appsindexer.AppsIndexerUserInstance.doUpdate(go/retraceme 7965b89a256ee83d6a37d50af223386e31a1f9c90240702ba162172dbd131206:75)
11-10 15:16:53.883  1884  4325 W AppSearchAppsUtil: 	at com.android.server.appsearch.appsindexer.AppsIndexerUserInstance$$ExternalSyntheticLambda3.run(go/retraceme 7965b89a256ee83d6a37d50af223386e31a1f9c90240702ba162172dbd131206:11)
11-10 15:16:53.883  1884  4325 W AppSearchAppsUtil: 	at com.android.server.appsearch.appsindexer.AppsIndexerUserInstance$$ExternalSyntheticLambda0.run(go/retraceme 7965b89a256ee83d6a37d50af223386e31a1f9c90240702ba162172dbd131206:10)
11-10 15:16:53.883  1884  4325 W AppSearchAppsUtil: 	at java.util.concurrent.ThreadPoolExecutor.runWorker(ThreadPoolExecutor.java:1156)
11-10 15:16:53.883  1884  4325 W AppSearchAppsUtil: 	at java.util.concurrent.ThreadPoolExecutor$Worker.run(ThreadPoolExecutor.java:651)
11-10 15:16:53.883  1884  4325 W AppSearchAppsUtil: 	at java.lang.Thread.run(Thread.java:1119)
11-10 15:16:53.883  1431  2167 W USF     : USF_API: Drop flicker data, cannot find sampling_id:84682!
11-10 15:16:53.883  3130  3130 E SmsApplication: com.google.android.apps.messaging lost android:read_cell_broadcasts:  (fixing)
11-10 15:16:53.884  1884  2819 W AppOpService: Ignored setUidMode call for runtime permission app op: uid = 10140, code = READ_CELL_BROADCASTS, mode = allow, callingUid = 1001, oldMode = allow
11-10 15:16:53.884  1884  2730 D BackgroundInstallControlService: Package event received: 0
11-10 15:16:53.885 21379 21379 D ActivityThread: Package [com.example.mobiledigger] reported as REPLACED, but missing application info. Assuming REMOVED.
11-10 15:16:53.886  1884  1884 D AppSearchAppsIndexerManagerS: userid in package receiver: 10658
11-10 15:16:53.888  1884  5670 W AppOpService: Ignored setUidMode call for runtime permission app op: uid = 1001, code = READ_SMS, mode = allow, callingUid = 1001, oldMode = allow
11-10 15:16:53.888 21379 21379 D ActivityThread: Package [com.example.mobiledigger] reported as REPLACED, but missing application info. Assuming REMOVED.
11-10 15:16:53.889  1884  5670 W AppOpService: Ignored setUidMode call for runtime permission app op: uid = 1001, code = RECEIVE_SMS, mode = allow, callingUid = 1001, oldMode = allow
11-10 15:16:53.890  1884  4373 W AppOpService: Ignored setUidMode call for runtime permission app op: uid = 1001, code = RECEIVE_WAP_PUSH, mode = allow, callingUid = 1001, oldMode = allow
11-10 15:16:53.890 31972 31972 I Finsky:background: [2] agim - Received: android.intent.action.PACKAGE_ADDED, [F8SdPmz-nDnkHAASXyGhRL_JSafYynzTZ1KyLvYja6g]
11-10 15:16:53.890  1884  4373 W AppOpService: Ignored setUidMode call for runtime permission app op: uid = 1001, code = SEND_SMS, mode = allow, callingUid = 1001, oldMode = allow
11-10 15:16:53.891  1884  2819 V Configuration: Updating configuration, locales updated from [] to [en_US,ro_RO]
11-10 15:16:53.891  1884  4373 W AppOpService: Ignored setUidMode call for runtime permission app op: uid = 1001, code = READ_CELL_BROADCASTS, mode = allow, callingUid = 1001, oldMode = allow
11-10 15:16:53.891  1884  2819 V Configuration: Updating configuration, locales updated from [] to [en_US]
11-10 15:16:53.891  1884  2819 V Configuration: Updating configuration, locales updated from [] to [en_US,ro_RO]
11-10 15:16:53.891  1884  2819 V Configuration: Updating configuration, locales updated from [] to [en_US,ro_RO]
11-10 15:16:53.891  1884  2819 V Configuration: Updating configuration, locales updated from [] to [en_US,ro_RO]
11-10 15:16:53.891  1884  2819 V Configuration: Updating configuration, locales updated from [] to [en_US]
11-10 15:16:53.891  1884  2819 V Configuration: Updating configuration, locales updated from [] to [en_US,ro_RO]
11-10 15:16:53.891  1884  2819 V Configuration: Updating configuration, locales updated from [] to [en_US,ro_RO]
11-10 15:16:53.891  1884  2819 V Configuration: Updating configuration, locales updated from [] to [en_US,ro_RO]
11-10 15:16:53.891  1884  2819 V Configuration: Updating configuration, locales updated from [] to [en_US]
11-10 15:16:53.892  1884  2819 V Configuration: Updating configuration, locales updated from [] to [en_US,ro_RO]
11-10 15:16:53.892  1884  2819 V Configuration: Updating configuration, locales updated from [] to [en_US,ro_RO]
11-10 15:16:53.892  1884  2819 V Configuration: Updating configuration, locales updated from [] to [en_US,ro_RO]
11-10 15:16:53.892  1884  2819 V Configuration: Updating configuration, locales updated from [] to [en_US]
11-10 15:16:53.892  1884  2819 V Configuration: Updating configuration, locales updated from [] to [en_US,ro_RO]
11-10 15:16:53.892  1884  2819 V Configuration: Updating configuration, locales updated from [] to [en_US,ro_RO]
11-10 15:16:53.892  1884  2819 V Configuration: Updating configuration, locales updated from [] to [en_US,ro_RO]
11-10 15:16:53.892  1884  2819 V Configuration: Updating configuration, locales updated from [] to [en_US,ro_RO]
11-10 15:16:53.892  1884  2819 V Configuration: Updating configuration, locales updated from [] to [en_US]
11-10 15:16:53.892  1884  5473 D LauncherAppsService: getActivityLaunchIntent callingPackage=com.android.systemui component=ComponentInfo{com.android.chrome/com.google.android.apps.chrome.Main} user=UserHandle{0}
11-10 15:16:53.892  1884  2819 V Configuration: Updating configuration, locales updated from [] to [en_US]
11-10 15:16:53.892  1884  2819 V Configuration: Updating configuration, locales updated from [] to [en_US]
11-10 15:16:53.892  1884  2819 V Configuration: Updating configuration, locales updated from [] to [en_US,ro_RO]
11-10 15:16:53.892  1884  2819 V Configuration: Updating configuration, locales updated from [] to [en_US,ro_RO]
11-10 15:16:53.893  1884  2819 V Configuration: Updating configuration, locales updated from [] to [en_US]
11-10 15:16:53.893  1884  2819 V Configuration: Updating configuration, locales updated from [] to [en_US,ro_RO]
11-10 15:16:53.893  1884  2819 V Configuration: Updating configuration, locales updated from [] to [en_US,ro_RO]
11-10 15:16:53.893  1884  2819 V Configuration: Updating configuration, locales updated from [] to [en_US,ro_RO]
11-10 15:16:53.893  1884  2819 V Configuration: Updating configuration, locales updated from [] to [en_US,ro_RO]
11-10 15:16:53.893  1884  1915 D LauncherAppsService: getActivityLaunchIntent callingPackage=com.android.systemui component=ComponentInfo{com.android.settings/com.android.settings.Settings} user=UserHandle{0}
11-10 15:16:53.893  1884  2819 V Configuration: Updating configuration, locales updated from [] to [en_US,ro_RO]
11-10 15:16:53.893  1431  2167 W USF     : USF_API: Drop flicker data, cannot find sampling_id:84682!
11-10 15:16:53.893  1884  2819 V Configuration: Updating configuration, locales updated from [] to [en_US,ro_RO]
11-10 15:16:53.893  1884  2819 V Configuration: Updating configuration, locales updated from [] to [en_US]
11-10 15:16:53.893  1884  2819 V Configuration: Updating configuration, locales updated from [] to [en_US,ro_RO]
11-10 15:16:53.893  1884  2819 V Configuration: Updating configuration, locales updated from [] to [en_US]
11-10 15:16:53.893  1884  2819 V Configuration: Updating configuration, locales updated from [] to [en_US,ro_RO]
11-10 15:16:53.893  3038  3038 D NfcService: renewTagAppPrefList: TagAppPreference changed false
11-10 15:16:53.893  1884  2819 V Configuration: Updating configuration, locales updated from [] to [en_US,ro_RO]
11-10 15:16:53.893  1884  2819 V Configuration: Updating configuration, locales updated from [] to [en_US,ro_RO]
11-10 15:16:53.894  1884  2819 V Configuration: Updating configuration, locales updated from [] to [en_US]
11-10 15:16:53.894  1884  2819 V Configuration: Updating configuration, locales updated from [] to [en_US,ro_RO]
11-10 15:16:53.894  1884  2819 V Configuration: Updating configuration, locales updated from [] to [en_US]
11-10 15:16:53.894  1884  2819 V Configuration: Updating configuration, locales updated from [] to [en_US,ro_RO]
11-10 15:16:53.894  1884  2819 V Configuration: Updating configuration, locales updated from [] to [en_US,ro_RO]
11-10 15:16:53.894  1884  2819 V Configuration: Updating configuration, locales updated from [] to [en_US,ro_RO]
11-10 15:16:53.894  1884  2819 V Configuration: Updating configuration, locales updated from [] to [en_US,ro_RO]
11-10 15:16:53.894  1884  2819 V Configuration: Updating configuration, locales updated from [] to [en_US,ro_RO]
11-10 15:16:53.894  1884  2819 V Configuration: Updating configuration, locales updated from [] to [en_US,ro_RO]
11-10 15:16:53.894  1884  2819 V Configuration: Updating configuration, locales updated from [] to [ro_RO,en_US]
11-10 15:16:53.895  1884  2819 V Configuration: Updating configuration, locales updated from [] to [en_US,ro_RO]
11-10 15:16:53.895  1884  2819 V Configuration: Updating configuration, locales updated from [] to [en_US,ro_RO]
11-10 15:16:53.895  1884  2819 V Configuration: Updating configuration, locales updated from [] to [en_US,ro_RO]
11-10 15:16:53.895  1884  2819 V Configuration: Updating configuration, locales updated from [] to [en_US,ro_RO]
11-10 15:16:53.895  1884  2819 V Configuration: Updating configuration, locales updated from [] to [en_US,ro_RO]
11-10 15:16:53.895  1884  2819 V Configuration: Updating configuration, locales updated from [] to [en_US,ro_RO]
11-10 15:16:53.895  1884  2819 V Configuration: Updating configuration, locales updated from [] to [en_US,ro_RO]
11-10 15:16:53.895  1884  2819 V Configuration: Updating configuration, locales updated from [] to [en_US,ro_RO]
11-10 15:16:53.895  1884  2819 V Configuration: Updating configuration, locales updated from [] to [en_US,ro_RO]
11-10 15:16:53.895  1884  2819 V Configuration: Updating configuration, locales updated from [] to [en_US,ro_RO]
11-10 15:16:53.895  1884  2819 V Configuration: Updating configuration, locales updated from [] to [en_US,ro_RO]
11-10 15:16:53.895  1884  2819 V Configuration: Updating configuration, locales updated from [] to [en_US,ro_RO]
11-10 15:16:53.896  1884  2819 V Configuration: Updating configuration, locales updated from [] to [en_US,ro_RO]
11-10 15:16:53.896  3038  3038 D ActivityThread: Package [com.example.mobiledigger] reported as REPLACED, but missing application info. Assuming REMOVED.
11-10 15:16:53.897 21379 21379 I ContentProtectionServic: CP service created
11-10 15:16:53.898  1884  1884 I RemoteContentProtectionService: Connection status for: ComponentInfo{com.google.android.odad/com.google.android.apps.miphone.odad.contentprotection.ContentProtectionService} changed to: connected
11-10 15:16:53.898  1884  2819 V Configuration: Updating configuration, locales updated from [] to [en_US,ro_RO]
11-10 15:16:53.898  1884  2819 V Configuration: Updating configuration, locales updated from [] to [en_US,ro_RO]
11-10 15:16:53.898 21379 21379 I ContentProtectionServic: CP service onConnected
11-10 15:16:53.898  1884  2819 V Configuration: Updating configuration, locales updated from [] to [en_US,ro_RO]
11-10 15:16:53.898  1884  2819 V Configuration: Updating configuration, locales updated from [] to [en_US,ro_RO]
11-10 15:16:53.899  1884  2819 V Configuration: Updating configuration, locales updated from [] to [en_US,ro_RO]
11-10 15:16:53.899  1884  2819 V Configuration: Updating configuration, locales updated from [] to [en_US,ro_RO]
11-10 15:16:53.899  1884  2819 V Configuration: Updating configuration, locales updated from [] to [ro_RO,en_US]
11-10 15:16:53.899  1884  2819 V Configuration: Updating configuration, locales updated from [] to [en_US,ro_RO]
11-10 15:16:53.899  1884  2819 V Configuration: Updating configuration, locales updated from [] to [en_US,ro_RO]
11-10 15:16:53.899  1884  2819 V Configuration: Updating configuration, locales updated from [] to [en_US,ro_RO]
11-10 15:16:53.899  1884  2819 V Configuration: Updating configuration, locales updated from [] to [en_US,ro_RO]
11-10 15:16:53.899 21379 21392 I bxw     : Starting to build the allowlist
11-10 15:16:53.899  1884  2819 V Configuration: Updating configuration, locales updated from [] to [en_US,ro_RO]
11-10 15:16:53.899  1884  2819 V Configuration: Updating configuration, locales updated from [] to [en_US,ro_RO]
11-10 15:16:53.899  1884  2819 V Configuration: Updating configuration, locales updated from [] to [en_US,ro_RO]
11-10 15:16:53.899  3038  3038 D ActivityThread: Package [com.example.mobiledigger] reported as REPLACED, but missing application info. Assuming REMOVED.
11-10 15:16:53.900  1884  2819 V Configuration: Updating configuration, locales updated from [] to [en_US,ro_RO]
11-10 15:16:53.900  1884  2819 V Configuration: Updating configuration, locales updated from [] to [en_US,ro_RO]
11-10 15:16:53.900  1884  2819 V Configuration: Updating configuration, locales updated from [] to [ro_RO,en_US]
11-10 15:16:53.900  9251  9860 I aicore  : I0000 00:00:1762780613.900491    9860 llm_wrapper_jni.cc:93] JNI nativeCreateSession
11-10 15:16:53.900  1884  2819 V Configuration: Updating configuration, locales updated from [] to [en_US,ro_RO]
11-10 15:16:53.900  1884  2819 V Configuration: Updating configuration, locales updated from [] to [en_US,ro_RO]
11-10 15:16:53.900  1884  2819 V Configuration: Updating configuration, locales updated from [] to [en_US]
11-10 15:16:53.900  1884  2819 V Configuration: Updating configuration, locales updated from [] to [en_US,ro_RO]
11-10 15:16:53.900  1488  2111 D DeviceHalAidl: [default] createAudioPatch: sources: 1 sinks 1
11-10 15:16:53.900  1884  2819 V Configuration: Updating configuration, locales updated from [] to [en_US,ro_RO]
11-10 15:16:53.900  1488  2111 D Hal2AidlMapper: [default] createOrUpdatePatch: patch ID: 1903, [disregard IDs] sources: [AudioPortConfig{id: 1, portId: 0, sampleRate: Int{value: 48000}, channelMask: AudioChannelLayout{layoutMask: 3}, format: AudioFormatDescription{type: PCM, pcm: FLOAT_32_BIT, encoding: }, gain: (null), flags: AudioIoFlags{output: 6}, ext: AudioPortExt{mix: AudioPortMixExt{handle: 13, usecase: AudioPortMixExtUseCase{stream: SYS_RESERVED_DEFAULT}, maxOpenStreamCount: 0, maxActiveStreamCount: 0, recommendedMuteDurationMs: 0}}}], sinks: [AudioPortConfig{id: 10804, portId: 0, sampleRate: (null), channelMask: (null), format: (null), gain: (null), flags: (null), ext: AudioPortExt{device: AudioPortDeviceExt{device: AudioDevice{type: AudioDeviceDescription{type: OUT_DEVICE, connection: bt-a2dp}, address: AudioDeviceAddress{mac: [24, 230, 113, 5, 15, 79]}}, flags: 0, encodedFormats: [], encapsulationModes: 0, encapsulationMetadataTypes: 0, speakerLayout: (null)}}}]
11-10 15:16:53.900  1488  2111 D Hal2AidlMapper: [default] findOrCreatePortConfig: device port config does not have audio or gain config specified
11-10 15:16:53.901  1884  2819 V Configuration: Updating configuration, locales updated from [] to [en_US,ro_RO]
11-10 15:16:53.901  1884  2819 V Configuration: Updating configuration, locales updated from [] to [en_US,ro_RO]
11-10 15:16:53.901  1884  2819 V Configuration: Updating configuration, locales updated from [] to [en_US,ro_RO]
11-10 15:16:53.901  1884  2819 V Configuration: Updating configuration, locales updated from [] to [ro_RO,en_US]
11-10 15:16:53.901  1428  4907 I AHal::PortRouteManager: UpdateOrAddPatch: update patch 1903, AudioPatch{id: 1903, source: [400001/1: primary-playback], sink: [402112/300166: bluetooth-a2dp-device], min frames: 480, latencies: [140]}
11-10 15:16:53.901  1428  4907 D AHal::Router: UpdateOrAddPatch: updated activated config [400001]
11-10 15:16:53.901  1884  2819 V Configuration: Updating configuration, locales updated from [] to [en_US,ro_RO]
11-10 15:16:53.901  1428  4907 I AHal::Router: InvalidateLocked: nothing change between graph #19640 and #19641
11-10 15:16:53.901  1884  2819 V Configuration: Updating configuration, locales updated from [] to [en_US]
11-10 15:16:53.901  1884  2819 V Configuration: Updating configuration, locales updated from [] to [ro_RO]
11-10 15:16:53.901  1884  2819 V Configuration: Updating configuration, locales updated from [] to [en_US,ro_RO]
11-10 15:16:53.901  1884  2819 V Configuration: Updating configuration, locales updated from [] to [en_US,ro_RO]
11-10 15:16:53.901  1884  2819 V Configuration: Updating configuration, locales updated from [] to [en_US,ro_RO]
11-10 15:16:53.901  1884  2819 V Configuration: Updating configuration, locales updated from [] to [en_US,ro_RO]
11-10 15:16:53.901  1428  2188 I ASvc::StreamOut: getRecommendedLatencyModes: modes = [FREE]
11-10 15:16:53.901  1884  2819 V Configuration: Updating configuration, locales updated from [] to [en_US,ro_RO]
11-10 15:16:53.901  1884  2819 V Configuration: Updating configuration, locales updated from [] to [ro_RO,en_US]
11-10 15:16:53.902  1884  2819 V Configuration: Updating configuration, locales updated from [] to [en_US]
11-10 15:16:53.902  1884  2819 V Configuration: Updating configuration, locales updated from [] to [en_US,ro_RO]
11-10 15:16:53.902  1428  2188 I StHal::SoundTriggerHal: ProcessStreamMetadata: active usage tracks: 0
11-10 15:16:53.902  1428  2188 D BTAudioSessionAidl: UpdateSourceMetadata - SessionType=LE_AUDIO_HARDWARE_OFFLOAD_ENCODING_DATAPATH has NO session
11-10 15:16:53.902  1428  2188 D BTAudioSessionAidl: GetSupportedLatencyModes - SessionType=LE_AUDIO_HARDWARE_OFFLOAD_ENCODING_DATAPATH has NO session
11-10 15:16:53.902  1884  2819 V Configuration: Updating configuration, locales updated from [] to [ro_RO]
11-10 15:16:53.902  1428  2188 D BTAudioSessionAidl: SetLatencyMode - SessionType=LE_AUDIO_HARDWARE_OFFLOAD_ENCODING_DATAPATH has NO session
11-10 15:16:53.902  1428  2188 D BTAudioSessionAidl: GetSupportedLatencyModes - Supported LatencyMode= FREE
11-10 15:16:53.902  1884  2819 V Configuration: Updating configuration, locales updated from [] to [en_US,ro_RO]
11-10 15:16:53.902  1884  2819 V Configuration: Updating configuration, locales updated from [] to [en_US,ro_RO]
11-10 15:16:53.902 14050 14061 I bluetooth-a2dp: system/btif/src/btif_av.cc:4061 btif_av_set_low_latency: active_peer=xx:xx:xx:xx:0f:4f is_low_latency=false
11-10 15:16:53.902  3130  3130 E SmsApplication: com.google.android.apps.messaging lost android:read_cell_broadcasts:  (fixing)
11-10 15:16:53.902  1884  2819 V Configuration: Updating configuration, locales updated from [] to [en_US,ro_RO]
11-10 15:16:53.902 14050 14071 I bluetooth-a2dp: system/btif/src/btif_av.cc:3067 btif_av_handle_event: peer=xx:xx:xx:xx:0f:4f handle=0x0 event=BTIF_AV_SET_LATENCY_REQ_EVT(0x25)
11-10 15:16:53.902  1884  2819 V Configuration: Updating configuration, locales updated from [] to [en_US,ro_RO]
11-10 15:16:53.902 14050 14084 I BluetoothAdapterService: getActiveDevices: A2dp device: XX:XX:XX:XX:0F:4F
11-10 15:16:53.902 14050 14071 I bluetooth-a2dp: system/btif/src/btif_av.cc:2492 ProcessEvent: state=Started peer=xx:xx:xx:xx:0f:4f event=BTIF_AV_SET_LATENCY_REQ_EVT(0x25) flags=0x0(None) active_peer=true
11-10 15:16:53.902  1884  3104 W AppOpService: Ignored setUidMode call for runtime permission app op: uid = 10140, code = READ_CELL_BROADCASTS, mode = allow, callingUid = 1001, oldMode = allow
11-10 15:16:53.902 14050 14071 I bluetooth-a2dp: system/btif/src/btif_av.cc:2671 ProcessEvent: Peer xx:xx:xx:xx:0f:4f : event=BTIF_AV_SET_LATENCY_REQ_EVT(0x25) flags=0x0(None) is_low_latency=false
11-10 15:16:53.902  1884  2819 V Configuration: Updating configuration, locales updated from [] to [en_US,ro_RO]
11-10 15:16:53.902 14050 14071 I bluetooth-a2dp: system/bta/av/bta_av_api.cc:612 BTA_AvSetLatency: Set audio/video stream low latency bta_handle:65, is_low_latency:false
11-10 15:16:53.902 14050 14071 I bt_l2cap: system/stack/l2cap/l2c_api.cc:1040 L2CA_SetAclLatency: BDA: xx:xx:xx:xx:0f:4f, latency: 0
11-10 15:16:53.902 14050 14071 I l2c_utils: system/stack/l2cap/l2c_utils.cc:2538 l2cu_set_acl_latency: Set ACL low latency: 0
11-10 15:16:53.902  1884  2819 V Configuration: Updating configuration, locales updated from [] to [en_US]
11-10 15:16:53.902  1884  2819 V Configuration: Updating configuration, locales updated from [] to [en_US]
11-10 15:16:53.902  1884  2819 V Configuration: Updating configuration, locales updated from [] to [ro_RO,en_US]
11-10 15:16:53.903  1488  2049 I SoundDoseManager: mapAddressToDeviceId: map address: 128 to device id: 10804
11-10 15:16:53.903  1884  2819 V Configuration: Updating configuration, locales updated from [] to [en_US,ro_RO]
11-10 15:16:53.903  1884  2819 V Configuration: Updating configuration, locales updated from [] to [en_US,ro_RO]
11-10 15:16:53.903  1884  2819 V Configuration: Updating configuration, locales updated from [] to [en_US,ro_RO]
11-10 15:16:53.903  1884  2819 V Configuration: Updating configuration, locales updated from [] to [en_US,ro_RO]
11-10 15:16:53.903  1884  2819 V Configuration: Updating configuration, locales updated from [] to [en_US,ro_RO]
11-10 15:16:53.903  1431  2167 W USF     : USF_API: Drop flicker data, cannot find sampling_id:84682!
11-10 15:16:53.903  1884  2819 V Configuration: Updating configuration, locales updated from [] to [en_US,ro_RO]
11-10 15:16:53.903  1884  2819 V Configuration: Updating configuration, locales updated from [] to [en_US]
11-10 15:16:53.903  1884  2483 W AppOpService: Ignored setUidMode call for runtime permission app op: uid = 1001, code = READ_SMS, mode = allow, callingUid = 1001, oldMode = allow
11-10 15:16:53.903  1884  2819 V Configuration: Updating configuration, locales updated from [] to [en_US,ro_RO]
11-10 15:16:53.903  1884  2819 V Configuration: Updating configuration, locales updated from [] to [en_US]
11-10 15:16:53.903  1884  2819 V Configuration: Updating configuration, locales updated from [] to [en_US,ro_RO]
11-10 15:16:53.904  1884  2819 V Configuration: Updating configuration, locales updated from [] to [en_US,ro_RO]
11-10 15:16:53.904  1884  2483 W AppOpService: Ignored setUidMode call for runtime permission app op: uid = 1001, code = RECEIVE_SMS, mode = allow, callingUid = 1001, oldMode = allow
11-10 15:16:53.904  1884  2819 V Configuration: Updating configuration, locales updated from [] to [en_US,ro_RO]
11-10 15:16:53.904  1884  2819 V Configuration: Updating configuration, locales updated from [] to [en_US]
11-10 15:16:53.904  1884  2819 V Configuration: Updating configuration, locales updated from [] to [en_US,ro_RO]
11-10 15:16:53.904  1884  2819 V Configuration: Updating configuration, locales updated from [] to [en_US]
11-10 15:16:53.904  1884  2819 V Configuration: Updating configuration, locales updated from [] to [en_US,ro_RO]
11-10 15:16:53.904  1884  2819 V Configuration: Updating configuration, locales updated from [] to [en_US,ro_RO]
11-10 15:16:53.904  1884  2819 V Configuration: Updating configuration, locales updated from [] to [en_US,ro_RO]
11-10 15:16:53.904  1884  2819 V Configuration: Updating configuration, locales updated from [] to [en_US,ro_RO]
11-10 15:16:53.904  1884  2819 V Configuration: Updating configuration, locales updated from [] to [en_US,ro_RO]
11-10 15:16:53.904  1884  2819 V Configuration: Updating configuration, locales updated from [] to [en_US,ro_RO]
11-10 15:16:53.904  1884  2819 V Configuration: Updating configuration, locales updated from [] to [en_US,ro_RO]
11-10 15:16:53.904  1884  2819 V Configuration: Updating configuration, locales updated from [] to [en_US,ro_RO]
11-10 15:16:53.905  1884  2819 V Configuration: Updating configuration, locales updated from [] to [en_US,ro_RO]
11-10 15:16:53.905  1884  4373 E AppOps  : attributionTag  not declared in manifest of com.whatsapp
11-10 15:16:53.905  1884  2819 V Configuration: Updating configuration, locales updated from [] to [en_US,ro_RO]
11-10 15:16:53.905  1884  2819 V Configuration: Updating configuration, locales updated from [] to [en_US,ro_RO]
11-10 15:16:53.905  1884  2819 V Configuration: Updating configuration, locales updated from [] to [en_US,ro_RO]
11-10 15:16:53.905  1884  2819 V Configuration: Updating configuration, locales updated from [] to [en_US,ro_RO]
11-10 15:16:53.905  1884  2819 V Configuration: Updating configuration, locales updated from [] to [en_US,ro_RO]
11-10 15:16:53.905  1884  2819 V Configuration: Updating configuration, locales updated from [] to [en_US,ro_RO]
11-10 15:16:53.905  1884  2819 V Configuration: Updating configuration, locales updated from [] to [en_US,ro_RO]
11-10 15:16:53.905  1884  2819 V Configuration: Updating configuration, locales updated from [] to [en_US,ro_RO]
11-10 15:16:53.905  1884  2819 V Configuration: Updating configuration, locales updated from [] to [en_US,ro_RO]
11-10 15:16:53.906  1884  2819 V Configuration: Updating configuration, locales updated from [] to [en_US,ro_RO]
11-10 15:16:53.906  1884  2819 V Configuration: Updating configuration, locales updated from [] to [en_US,ro_RO]
11-10 15:16:53.906  1884  2819 V Configuration: Updating configuration, locales updated from [] to [en_US,ro_RO]
11-10 15:16:53.906  1488  3224 D NativePermissionController: checkPermission: missing 13 for 10199
11-10 15:16:53.906  1884  2819 V Configuration: Updating configuration, locales updated from [] to [en_US,ro_RO]
11-10 15:16:53.906  1884  2819 V Configuration: Updating configuration, locales updated from [] to [en_US,ro_RO]
11-10 15:16:53.907  1884  5670 E AppOps  : attributionTag  not declared in manifest of com.whatsapp
11-10 15:16:53.907  1884  2920 E ApduServiceInfo: Not adding <aid-group> with empty or invalid AIDs
11-10 15:16:53.908  1488 22302 D NativePermissionController: checkPermission: missing 13 for 10199
11-10 15:16:53.908  1622  7260 D MediaPlayerService: onAudioDeviceUpdate deviceIds: 10804
11-10 15:16:53.910  1884  5473 D LauncherAppsService: getActivityLaunchIntent callingPackage=com.android.systemui component=ComponentInfo{com.android.vending/com.android.vending.AssetBrowserActivity} user=UserHandle{0}
11-10 15:16:53.911  9251 17223 W brk     : Safety checks are mandatory for all requests, ignoring the request safetyFilter value
11-10 15:16:53.911  1488 16457 D NativePermissionController: checkPermission: missing 13 for 10273
11-10 15:16:53.911  1884  2819 D IntervalStats: Unable to parse usage stats packages: [137, 276, 315, 316, 324, 333, 336, 337, 339, 340, 357, 363, 371, 372, 374, 391, 395, 402, 411, 413, 414, 421, 427, 433, 437, 457, 459, 460, 461, 464, 465, 471, 472, 487, 488, 489, 490, 494, 495, 509, 510, 511, 512, 513, 514, 515, 517, 518, 519, 520, 523, 529, 531, 532, 534, 538, 539, 540, 546, 547, 549, 553, 554, 556, 568, 583, 589, 595, 597, 598, 599, 600, 601, 602, 605, 606, 611, 623, 624, 625, 627, 628, 629, 630, 631, 632, 633, 634, 635, 637, 638, 640, 654, 657, 658, 660, 661, 663, 666, 672, 691, 692, 693, 694, 696, 697, 698, 699, 701, 702, 703, 704, 705, 706, 707, 708, 709, 710, 711, 712, 714, 715, 721]
11-10 15:16:53.912  1488 30711 D NativePermissionController: checkPermission: missing 13 for 10273
11-10 15:16:53.913  1431  2167 W USF     : USF_API: Drop flicker data, cannot find sampling_id:84682!
11-10 15:16:53.913  1488 30711 D NativePermissionController: checkPermission: missing 13 for 10273
11-10 15:16:53.914  1488  1592 D NativePermissionController: checkPermission: missing 13 for 10273
11-10 15:16:53.914  1488  1592 D NativePermissionController: checkPermission: missing 13 for 10199
11-10 15:16:53.916  1884 30769 V Configuration: Updating configuration, locales updated from [] to [en_US,ro_RO]
11-10 15:16:53.916  1884 30769 V Configuration: Updating configuration, locales updated from [] to [en_US]
11-10 15:16:53.916  1884 30769 V Configuration: Updating configuration, locales updated from [] to [en_US,ro_RO]
11-10 15:16:53.916  1884 30769 V Configuration: Updating configuration, locales updated from [] to [en_US,ro_RO]
11-10 15:16:53.916  1884 30769 V Configuration: Updating configuration, locales updated from [] to [en_US,ro_RO]
11-10 15:16:53.917  1884 30769 V Configuration: Updating configuration, locales updated from [] to [en_US]
11-10 15:16:53.917  1884 30769 V Configuration: Updating configuration, locales updated from [] to [en_US,ro_RO]
11-10 15:16:53.917  1884 30769 V Configuration: Updating configuration, locales updated from [] to [en_US,ro_RO]
11-10 15:16:53.917  1884 30769 V Configuration: Updating configuration, locales updated from [] to [en_US,ro_RO]
11-10 15:16:53.917  1884 30769 V Configuration: Updating configuration, locales updated from [] to [en_US]
11-10 15:16:53.917  1884 30769 V Configuration: Updating configuration, locales updated from [] to [en_US,ro_RO]
11-10 15:16:53.917  1884 30769 V Configuration: Updating configuration, locales updated from [] to [en_US,ro_RO]
11-10 15:16:53.917  1884 30769 V Configuration: Updating configuration, locales updated from [] to [en_US,ro_RO]
11-10 15:16:53.917  1884 30769 V Configuration: Updating configuration, locales updated from [] to [en_US]
11-10 15:16:53.917  1884 30769 V Configuration: Updating configuration, locales updated from [] to [en_US,ro_RO]
11-10 15:16:53.917  1884 30769 V Configuration: Updating configuration, locales updated from [] to [en_US,ro_RO]
11-10 15:16:53.917  1884 30769 V Configuration: Updating configuration, locales updated from [] to [en_US,ro_RO]
11-10 15:16:53.917  1884 30769 V Configuration: Updating configuration, locales updated from [] to [en_US,ro_RO]
11-10 15:16:53.917  1884 30769 V Configuration: Updating configuration, locales updated from [] to [en_US]
11-10 15:16:53.917  1884 30769 V Configuration: Updating configuration, locales updated from [] to [en_US]
11-10 15:16:53.917  1884 30769 V Configuration: Updating configuration, locales updated from [] to [en_US]
11-10 15:16:53.917  1884 30769 V Configuration: Updating configuration, locales updated from [] to [en_US,ro_RO]
11-10 15:16:53.917  1884 30769 V Configuration: Updating configuration, locales updated from [] to [en_US,ro_RO]
11-10 15:16:53.917  1884 30769 V Configuration: Updating configuration, locales updated from [] to [en_US]
11-10 15:16:53.917  1884 30769 V Configuration: Updating configuration, locales updated from [] to [en_US,ro_RO]
11-10 15:16:53.917  1884 30769 V Configuration: Updating configuration, locales updated from [] to [en_US,ro_RO]
11-10 15:16:53.917  1884 30769 V Configuration: Updating configuration, locales updated from [] to [en_US,ro_RO]
11-10 15:16:53.917  1884 30769 V Configuration: Updating configuration, locales updated from [] to [en_US,ro_RO]
11-10 15:16:53.917  1884 30769 V Configuration: Updating configuration, locales updated from [] to [en_US,ro_RO]
11-10 15:16:53.917  1884 30769 V Configuration: Updating configuration, locales updated from [] to [en_US,ro_RO]
11-10 15:16:53.917  1884 30769 V Configuration: Updating configuration, locales updated from [] to [en_US]
11-10 15:16:53.917  1884 30769 V Configuration: Updating configuration, locales updated from [] to [en_US,ro_RO]
11-10 15:16:53.917  1884 30769 V Configuration: Updating configuration, locales updated from [] to [en_US]
11-10 15:16:53.917  1884 30769 V Configuration: Updating configuration, locales updated from [] to [en_US,ro_RO]
11-10 15:16:53.917  1884 30769 V Configuration: Updating configuration, locales updated from [] to [en_US,ro_RO]
11-10 15:16:53.917  1884 30769 V Configuration: Updating configuration, locales updated from [] to [en_US,ro_RO]
11-10 15:16:53.917  1884 30769 V Configuration: Updating configuration, locales updated from [] to [en_US]
11-10 15:16:53.917  1884 30769 V Configuration: Updating configuration, locales updated from [] to [en_US,ro_RO]
11-10 15:16:53.917  1884 30769 V Configuration: Updating configuration, locales updated from [] to [en_US]
11-10 15:16:53.917  1884 30769 V Configuration: Updating configuration, locales updated from [] to [en_US,ro_RO]
11-10 15:16:53.917  1884 30769 V Configuration: Updating configuration, locales updated from [] to [en_US,ro_RO]
11-10 15:16:53.917  1884 30769 V Configuration: Updating configuration, locales updated from [] to [en_US,ro_RO]
11-10 15:16:53.917  1884 30769 V Configuration: Updating configuration, locales updated from [] to [en_US,ro_RO]
11-10 15:16:53.917  1884 30769 V Configuration: Updating configuration, locales updated from [] to [en_US,ro_RO]
11-10 15:16:53.917  1884 30769 V Configuration: Updating configuration, locales updated from [] to [en_US,ro_RO]
11-10 15:16:53.917  1884 30769 V Configuration: Updating configuration, locales updated from [] to [ro_RO,en_US]
11-10 15:16:53.917  1884 30769 V Configuration: Updating configuration, locales updated from [] to [en_US,ro_RO]
11-10 15:16:53.917  1884 30769 V Configuration: Updating configuration, locales updated from [] to [en_US,ro_RO]
11-10 15:16:53.917  1884 30769 V Configuration: Updating configuration, locales updated from [] to [en_US,ro_RO]
11-10 15:16:53.919 31972 28290 I Finsky:background: [1166] Wrote row to frosting DB: 134041
11-10 15:16:53.919  1488 16457 D NativePermissionController: checkPermission: missing 13 for 10199
11-10 15:16:53.919  1884 30769 V Configuration: Updating configuration, locales updated from [] to [en_US,ro_RO]
11-10 15:16:53.920  1488  2111 I AF::PthrPatchRecord: processMuteEvent(8008): processed mute state for port ID 11254 from 0 to 0x40
11-10 15:16:53.921  1428  2188 D AHal::UseCase: SetActiveTracks: update primary-playback active tracks(1)
11-10 15:16:53.921  1428  2188 I StHal::SoundTriggerHal: ProcessStreamMetadata: active usage tracks: 0
11-10 15:16:53.921  1428  2188 D BTAudioSessionAidl: UpdateSourceMetadata - SessionType=LE_AUDIO_HARDWARE_OFFLOAD_ENCODING_DATAPATH has NO session
11-10 15:16:53.921  1428  2188 D BTAudioSessionAidl: GetSupportedLatencyModes - SessionType=LE_AUDIO_HARDWARE_OFFLOAD_ENCODING_DATAPATH has NO session
11-10 15:16:53.921  1428  2188 D BTAudioSessionAidl: SetLatencyMode - SessionType=LE_AUDIO_HARDWARE_OFFLOAD_ENCODING_DATAPATH has NO session
11-10 15:16:53.921  1428  2188 D BTAudioSessionAidl: GetSupportedLatencyModes - Supported LatencyMode= FREE
11-10 15:16:53.921 14050 22592 I bluetooth-a2dp: system/btif/src/btif_av.cc:4061 btif_av_set_low_latency: active_peer=xx:xx:xx:xx:0f:4f is_low_latency=false
11-10 15:16:53.921 14050 14071 I bluetooth-a2dp: system/btif/src/btif_av.cc:3067 btif_av_handle_event: peer=xx:xx:xx:xx:0f:4f handle=0x0 event=BTIF_AV_SET_LATENCY_REQ_EVT(0x25)
11-10 15:16:53.921 14050 14084 I BluetoothAdapterService: getActiveDevices: A2dp device: XX:XX:XX:XX:0F:4F
11-10 15:16:53.921 14050 14071 I bluetooth-a2dp: system/btif/src/btif_av.cc:2492 ProcessEvent: state=Started peer=xx:xx:xx:xx:0f:4f event=BTIF_AV_SET_LATENCY_REQ_EVT(0x25) flags=0x0(None) active_peer=true
11-10 15:16:53.921 14050 14071 I bluetooth-a2dp: system/btif/src/btif_av.cc:2671 ProcessEvent: Peer xx:xx:xx:xx:0f:4f : event=BTIF_AV_SET_LATENCY_REQ_EVT(0x25) flags=0x0(None) is_low_latency=false
11-10 15:16:53.921 14050 14071 I bluetooth-a2dp: system/bta/av/bta_av_api.cc:612 BTA_AvSetLatency: Set audio/video stream low latency bta_handle:65, is_low_latency:false
11-10 15:16:53.921 14050 14071 I bt_l2cap: system/stack/l2cap/l2c_api.cc:1040 L2CA_SetAclLatency: BDA: xx:xx:xx:xx:0f:4f, latency: 0
11-10 15:16:53.921 14050 14071 I l2c_utils: system/stack/l2cap/l2c_utils.cc:2538 l2cu_set_acl_latency: Set ACL low latency: 0
11-10 15:16:53.923  1431  2167 W USF     : USF_API: Drop flicker data, cannot find sampling_id:84682!
11-10 15:16:53.925  1884  2483 W AppOpService: Ignored setUidMode call for runtime permission app op: uid = 1001, code = RECEIVE_WAP_PUSH, mode = allow, callingUid = 1001, oldMode = allow
11-10 15:16:53.926 31972 31972 I Finsky:background: [2] agim - Received: android.intent.action.PACKAGE_ADDED, [F8SdPmz-nDnkHAASXyGhRL_JSafYynzTZ1KyLvYja6g]
11-10 15:16:53.927  1884  4373 W AppOpService: Ignored setUidMode call for runtime permission app op: uid = 1001, code = SEND_SMS, mode = allow, callingUid = 1001, oldMode = allow
11-10 15:16:53.928  9251  9860 W aicore  : W0000 00:00:1762780613.928462    9860 query_preprocessor.cc:16] Query::data_items is deprecated.
11-10 15:16:53.929  1884  4373 W AppOpService: Ignored setUidMode call for runtime permission app op: uid = 1001, code = READ_CELL_BROADCASTS, mode = allow, callingUid = 1001, oldMode = allow
11-10 15:16:53.929  1428  2108 D BTAudioSessionAidl: GetSupportedLatencyModes - Supported LatencyMode= FREE
11-10 15:16:53.929  1884 30769 V Configuration: Updating configuration, locales updated from [] to [en_US,ro_RO]
11-10 15:16:53.929  1884 30769 V Configuration: Updating configuration, locales updated from [] to [en_US,ro_RO]
11-10 15:16:53.933  1431  2167 W USF     : USF_API: Drop flicker data, cannot find sampling_id:84682!
11-10 15:16:53.936 14132 14132 I EuiccGoogle: [2] Partner.getResourceEntry$ar$ds$ar$class_merging$ar$class_merging$ar$class_merging: Partner app=com.google.android.euiccoverlay, Resource name=esim_supported_countries, type=string, partnerResId = 0
11-10 15:16:53.936  1884 30769 V Configuration: Updating configuration, locales updated from [] to [en_US,ro_RO]
11-10 15:16:53.936  1650  1670 I Darwinn : [/dev/edgetpu][core0] 549850.143856s: INF leader_app.cc:340 - Firmware Build Label: zum_tpu_20250512.0.0
