10-06 16:58:55.102 I/WifiHAL ( 1074): In GetCachedScanResultsCommand::handleResponse
10-06 16:58:55.150 I/NearbyDiscovery( 2857): (REDACTED) ApFastPairScanner: eventType=%s, intReq=%s, scanning=%s, scanAllowed=%s, bleEnabled=%s, lockScanRate=%s, startScanningByLowPowerMode=%s
10-06 16:58:55.169 I/WifiHAL ( 1074): In GetCachedScanResultsCommand::handleResponse
10-06 16:58:56.178 I/WifiHAL ( 1074): In GetCachedScanResultsCommand::handleResponse
10-06 16:59:56.442 I/WifiHAL ( 1074): In GetCachedScanResultsCommand::handleResponse
10-06 17:00:00.362 I/WifiHAL ( 1074): In GetCachedScanResultsCommand::handleResponse
10-06 17:00:00.495 I/WifiHAL ( 1074): In GetCachedScanResultsCommand::handleResponse
10-06 17:00:00.838 I/WifiHAL ( 1074): In GetCachedScanResultsCommand::handleResponse
10-06 17:00:46.386 I/NearbyDiscovery( 2857): (REDACTED) ApFastPairScanner: eventType=%s, intReq=%s, scanning=%s, scanAllowed=%s, bleEnabled=%s, lockScanRate=%s, startScanningByLowPowerMode=%s
10-06 17:00:46.489 I/WifiHAL ( 1074): In GetCachedScanResultsCommand::handleResponse
10-06 17:00:46.530 I/NearbyDiscovery( 2857): (REDACTED) ApFastPairScanner: eventType=%s, intReq=%s, scanning=%s, scanAllowed=%s, bleEnabled=%s, lockScanRate=%s, startScanningByLowPowerMode=%s
10-06 17:00:46.582 I/WifiHAL ( 1074): In GetCachedScanResultsCommand::handleResponse
10-06 17:00:46.643 I/WifiHAL ( 1074): In GetCachedScanResultsCommand::handleResponse
10-06 17:00:49.733 I/WifiHAL ( 1074): In GetCachedScanResultsCommand::handleResponse
10-06 17:00:50.800 D/MusicServiceCallback( 7509): HEADPHONE NEXT → map to DISLIKE (single)
10-06 17:00:51.322 D/MusicViewModel( 7457): Safe sorting file: Discip - Reversed (SNTS MSTR V4).wav with action DISLIKE
10-06 17:00:51.324 D/MusicService( 7509): Notification action: DISLIKE
10-06 17:00:51.397 D/FileManager( 7457): Source file found: Discip - Reversed (SNTS MSTR V4).wav, exists: true, canRead: true
10-06 17:00:52.697 I/NearbyDiscovery( 2857): (REDACTED) ApFastPairScanner: eventType=%s, intReq=%s, scanning=%s, scanAllowed=%s, bleEnabled=%s, lockScanRate=%s, startScanningByLowPowerMode=%s
10-06 17:00:52.796 I/WifiHAL ( 1074): In GetCachedScanResultsCommand::handleResponse
10-06 17:00:55.251 D/AudioManager( 7457): ExoPlayer stopped
10-06 17:00:55.256 D/AudioManager( 7457): ExoPlayer cleared
10-06 17:00:55.266 D/MusicViewModel( 7457): Loading AIFF file: Koldar - The Night (Extended Mix) [Wh0 Plays].aif
10-06 17:00:55.267 D/MusicViewModel( 7457): Moderate memory usage: 65%, suggesting GC
10-06 17:00:55.554 D/AudioManager( 7457): ExoPlayer cleared
10-06 17:00:55.556 D/AudioManager( 7457): Trying FFmpegMediaPlayer for AIFF (ExoPlayer doesn't support AIFF)
10-06 17:00:55.871 I/WifiHAL ( 1074): In GetCachedScanResultsCommand::handleResponse
10-06 17:00:57.285 D/MusicViewModel( 7457): Playback started successfully for Koldar - The Night (Extended Mix) [Wh0 Plays].aif
10-06 17:00:57.295 D/MusicViewModel( 7457): MusicService started successfully.
10-06 17:00:57.297 D/MusicService( 7509): Started foreground service with notification
10-06 17:00:57.308 D/MusicViewModel( 7457): Preloaded next song: Collin Sterling - Adrenaline (Extended Mix) [Forever Young Recordings].mp3
10-06 17:00:57.373 D/ResourceManager( 7457): 	at com.example.mobiledigger.viewmodel.MusicViewModel.extractDuration(MusicViewModel.kt:1104)
10-06 17:00:57.373 D/ResourceManager( 7457): 	at com.example.mobiledigger.viewmodel.MusicViewModel.access$extractDuration(MusicViewModel.kt:52)
10-06 17:00:57.373 D/ResourceManager( 7457): 	at com.example.mobiledigger.viewmodel.MusicViewModel$loadCurrentFile$1.invokeSuspend(MusicViewModel.kt:1054)
10-06 17:00:57.496 I/BleScanRateOpt(31804): start check call session
10-06 17:00:57.498 D/ResourceManager( 7457): 	at com.example.mobiledigger.viewmodel.MusicViewModel.extractDuration(MusicViewModel.kt:1104)
10-06 17:00:57.498 D/ResourceManager( 7457): 	at com.example.mobiledigger.viewmodel.MusicViewModel.access$extractDuration(MusicViewModel.kt:52)
10-06 17:00:57.498 D/ResourceManager( 7457): 	at com.example.mobiledigger.viewmodel.MusicViewModel$loadCurrentFile$1.invokeSuspend(MusicViewModel.kt:1054)
10-06 17:00:57.585 I/biledigger:main( 7457): Compiler allocated 6825KB to compile void com.example.mobiledigger.ui.components.MusicPlayerScreenKt.MusicPlayerScreen(com.example.mobiledigger.viewmodel.MusicViewModel, androidx.compose.foundation.layout.PaddingValues, androidx.compose.runtime.Composer, int, int)
10-06 17:00:57.698 D/RestrictManager_0_ims( 2955): Call end. init mCounterForIwlanRestrictionInCall
10-06 17:00:57.801 D/MusicService( 7509): updateNotificationData - Title: Koldar - The Night (Extended Mix) [Wh0 Plays].aif, Playing: true, Position: 0, Duration: 0
10-06 17:00:57.824 D/MusicService( 7509): Player (MediaSession) onMediaItemTransition reason: 3
10-06 17:00:57.826 D/MusicService( 7509): Player (MediaSession) onPlaybackStateChanged: 2, Duration: -9223372036854775807, Position: 0
10-06 17:00:57.845 D/MusicService( 7509): MediaSession player updated - URI: , Title: Koldar - The Night (Extended Mix) [Wh0 Plays].aif, Duration in Meta: 0
10-06 17:00:58.019 D/MusicViewModel( 7457): Refreshed all playlists
10-06 17:00:58.029 D/MusicViewModel( 7457): Loading liked files from destination folder: Results
10-06 17:00:58.310 I/BleScanRateOpt(31804): start check call session
10-06 17:00:58.962 I/WifiHAL ( 1074): In GetCachedScanResultsCommand::handleResponse
10-06 17:00:59.502 I/BleScanRateOpt(31804): start check call session
10-06 17:01:00.403 D/MusicViewModel( 7457): Found 96 liked files (including subfolders), 83 unique
10-06 17:01:00.576 D/MusicViewModel( 7457): Updated liked files StateFlow with 83 files
10-06 17:01:00.656 D/MusicViewModel( 7457): Loading rejected files from URI: content://com.android.externalstorage.documents/tree/primary%3AResults/document/primary%3AResults%2FRejected
10-06 17:01:00.844 E/ExoPlayerImplInternal( 7509): Playback error
10-06 17:01:00.844 E/ExoPlayerImplInternal( 7509):   androidx.media3.exoplayer.ExoPlaybackException: Source error
10-06 17:01:00.844 E/ExoPlayerImplInternal( 7509):       at androidx.media3.exoplayer.ExoPlayerImplInternal.handleIoException(ExoPlayerImplInternal.java:717)
10-06 17:01:00.844 E/ExoPlayerImplInternal( 7509):       at androidx.media3.exoplayer.ExoPlayerImplInternal.handleMessage(ExoPlayerImplInternal.java:689)
10-06 17:01:00.844 E/ExoPlayerImplInternal( 7509):       at android.os.Handler.dispatchMessage(Handler.java:106)
10-06 17:01:00.844 E/ExoPlayerImplInternal( 7509):       at android.os.Looper.dispatchMessage(Looper.java:315)
10-06 17:01:00.844 E/ExoPlayerImplInternal( 7509):       at android.os.Looper.loopOnce(Looper.java:251)
10-06 17:01:00.844 E/ExoPlayerImplInternal( 7509):       at android.os.Looper.loop(Looper.java:349)
10-06 17:01:00.844 E/ExoPlayerImplInternal( 7509):       at android.os.HandlerThread.run(HandlerThread.java:100)
10-06 17:01:00.844 E/ExoPlayerImplInternal( 7509):   Caused by: androidx.media3.datasource.FileDataSource$FileDataSourceException: java.io.FileNotFoundException: : open failed: ENOENT (No such file or directory)
10-06 17:01:00.844 E/ExoPlayerImplInternal( 7509):       at androidx.media3.datasource.FileDataSource.openLocalFile(FileDataSource.java:205)
10-06 17:01:00.844 E/ExoPlayerImplInternal( 7509):       at androidx.media3.datasource.FileDataSource.open(FileDataSource.java:116)
10-06 17:01:00.844 E/ExoPlayerImplInternal( 7509):       at androidx.media3.datasource.DefaultDataSource.open(DefaultDataSource.java:275)
10-06 17:01:00.844 E/ExoPlayerImplInternal( 7509):       at androidx.media3.datasource.StatsDataSource.open(StatsDataSource.java:86)
10-06 17:01:00.844 E/ExoPlayerImplInternal( 7509):       at androidx.media3.exoplayer.source.ProgressiveMediaPeriod$ExtractingLoadable.load(ProgressiveMediaPeriod.java:1029)
10-06 17:01:00.844 E/ExoPlayerImplInternal( 7509):       at androidx.media3.exoplayer.upstream.Loader$LoadTask.run(Loader.java:421)
10-06 17:01:00.844 E/ExoPlayerImplInternal( 7509):       at java.util.concurrent.ThreadPoolExecutor.runWorker(ThreadPoolExecutor.java:1156)
10-06 17:01:00.844 E/ExoPlayerImplInternal( 7509):       at java.util.concurrent.ThreadPoolExecutor$Worker.run(ThreadPoolExecutor.java:651)
10-06 17:01:00.844 E/ExoPlayerImplInternal( 7509):       at java.lang.Thread.run(Thread.java:1119)
10-06 17:01:00.844 E/ExoPlayerImplInternal( 7509):   Caused by: java.io.FileNotFoundException: : open failed: ENOENT (No such file or directory)
10-06 17:01:00.844 E/ExoPlayerImplInternal( 7509):       at libcore.io.IoBridge.open(IoBridge.java:574)
10-06 17:01:00.844 E/ExoPlayerImplInternal( 7509):       at java.io.RandomAccessFile.<init>(RandomAccessFile.java:307)
10-06 17:01:00.844 E/ExoPlayerImplInternal( 7509):       at java.io.RandomAccessFile.<init>(RandomAccessFile.java:237)
10-06 17:01:00.844 E/ExoPlayerImplInternal( 7509):       at java.io.RandomAccessFile.<init>(RandomAccessFile.java:154)
10-06 17:01:00.844 E/ExoPlayerImplInternal( 7509):       at androidx.media3.datasource.FileDataSource.openLocalFile(FileDataSource.java:186)
10-06 17:01:00.844 E/ExoPlayerImplInternal( 7509):       ... 8 more
10-06 17:01:00.844 E/ExoPlayerImplInternal( 7509):   Caused by: android.system.ErrnoException: open failed: ENOENT (No such file or directory)
10-06 17:01:00.844 E/ExoPlayerImplInternal( 7509):       at libcore.io.Linux.open(Native Method)
10-06 17:01:00.844 E/ExoPlayerImplInternal( 7509):       at libcore.io.ForwardingOs.open(ForwardingOs.java:568)
10-06 17:01:00.844 E/ExoPlayerImplInternal( 7509):       at libcore.io.BlockGuardOs.open(BlockGuardOs.java:274)
10-06 17:01:00.844 E/ExoPlayerImplInternal( 7509):       at libcore.io.ForwardingOs.open(ForwardingOs.java:568)
10-06 17:01:00.844 E/ExoPlayerImplInternal( 7509):       at android.app.AndroidForwardingOs.open(AndroidForwardingOs.java:120)
10-06 17:01:00.844 E/ExoPlayerImplInternal( 7509):       at libcore.io.IoBridge.open(IoBridge.java:560)
10-06 17:01:00.844 E/ExoPlayerImplInternal( 7509):       ... 12 more
10-06 17:01:00.856 D/MusicService( 7509): Player (MediaSession) Error: Source error
10-06 17:01:00.856 D/MusicService( 7509): androidx.media3.exoplayer.ExoPlaybackException: Source error
10-06 17:01:00.856 D/MusicService( 7509): 	at androidx.media3.exoplayer.ExoPlayerImplInternal.handleIoException(ExoPlayerImplInternal.java:717)
10-06 17:01:00.856 D/MusicService( 7509): 	at androidx.media3.exoplayer.ExoPlayerImplInternal.handleMessage(ExoPlayerImplInternal.java:689)
10-06 17:01:00.856 D/MusicService( 7509): 	at android.os.Handler.dispatchMessage(Handler.java:106)
10-06 17:01:00.856 D/MusicService( 7509): 	at android.os.Looper.dispatchMessage(Looper.java:315)
10-06 17:01:00.856 D/MusicService( 7509): 	at android.os.Looper.loopOnce(Looper.java:251)
10-06 17:01:00.856 D/MusicService( 7509): 	at android.os.Looper.loop(Looper.java:349)
10-06 17:01:00.856 D/MusicService( 7509): 	at android.os.HandlerThread.run(HandlerThread.java:100)
10-06 17:01:00.856 D/MusicService( 7509): Caused by: androidx.media3.datasource.FileDataSource$FileDataSourceException: java.io.FileNotFoundException: : open failed: ENOENT (No such file or directory)
10-06 17:01:00.856 D/MusicService( 7509): 	at androidx.media3.datasource.FileDataSource.openLocalFile(FileDataSource.java:205)
10-06 17:01:00.856 D/MusicService( 7509): 	at androidx.media3.datasource.FileDataSource.open(FileDataSource.java:116)
10-06 17:01:00.856 D/MusicService( 7509): 	at androidx.media3.datasource.DefaultDataSource.open(DefaultDataSource.java:275)
10-06 17:01:00.856 D/MusicService( 7509): 	at androidx.media3.datasource.StatsDataSource.open(StatsDataSource.java:86)
10-06 17:01:00.856 D/MusicService( 7509): 	at androidx.media3.exoplayer.source.ProgressiveMediaPeriod$ExtractingLoadable.load(ProgressiveMediaPeriod.java:1029)
10-06 17:01:00.856 D/MusicService( 7509): 	at androidx.media3.exoplayer.upstream.Loader$LoadTask.run(Loader.java:421)
10-06 17:01:00.856 D/MusicService( 7509): 	at java.util.concurrent.ThreadPoolExecutor.runWorker(ThreadPoolExecutor.java:1156)
10-06 17:01:00.856 D/MusicService( 7509): 	at java.util.concurrent.ThreadPoolExecutor$Worker.run(ThreadPoolExecutor.java:651)
10-06 17:01:00.856 D/MusicService( 7509): 	at java.lang.Thread.run(Thread.java:1119)
10-06 17:01:00.856 D/MusicService( 7509): Caused by: java.io.FileNotFoundException: : open failed: ENOENT (No such file or directory)
10-06 17:01:00.856 D/MusicService( 7509): 	at libcore.io.IoBridge.open(IoBridge.java:574)
10-06 17:01:00.856 D/MusicService( 7509): 	at java.io.RandomAccessFile.<init>(RandomAccessFile.java:307)
10-06 17:01:00.856 D/MusicService( 7509): 	at java.io.RandomAccessFile.<init>(RandomAccessFile.java:237)
10-06 17:01:00.856 D/MusicService( 7509): 	at java.io.RandomAccessFile.<init>(RandomAccessFile.java:154)
10-06 17:01:00.856 D/MusicService( 7509): 	at androidx.media3.datasource.FileDataSource.openLocalFile(FileDataSource.java:186)
10-06 17:01:00.856 D/MusicService( 7509): 	... 8 more
10-06 17:01:00.856 D/MusicService( 7509): Caused by: android.system.ErrnoException: open failed: ENOENT (No such file or directory)
10-06 17:01:00.856 D/MusicService( 7509): 	at libcore.io.Linux.open(Native Method)
10-06 17:01:00.856 D/MusicService( 7509): 	at libcore.io.ForwardingOs.open(ForwardingOs.java:568)
10-06 17:01:00.856 D/MusicService( 7509): 	at libcore.io.BlockGuardOs.open(BlockGuardOs.java:274)
10-06 17:01:00.856 D/MusicService( 7509): 	at libcore.io.ForwardingOs.open(ForwardingOs.java:568)
10-06 17:01:00.856 D/MusicService( 7509): 	at android.app.AndroidForwardingOs.open(AndroidForwardingOs.java:120)
10-06 17:01:00.856 D/MusicService( 7509): 	at libcore.io.IoBridge.open(IoBridge.java:560)
10-06 17:01:00.856 D/MusicService( 7509): 	... 12 more
10-06 17:01:00.859 D/MusicService( 7509): Player (MediaSession) onPlaybackStateChanged: 1, Duration: -9223372036854775807, Position: 0
10-06 17:01:01.347 D/MusicViewModel( 7457): Found 246 rejected files
10-06 17:01:01.362 D/MusicViewModel( 7457): Updated rejected files StateFlow with 246 files
10-06 17:01:02.055 I/WifiHAL ( 1074): In GetCachedScanResultsCommand::handleResponse
10-06 17:01:02.281 I/WifiHAL ( 1074): In GetCachedScanResultsCommand::handleResponse
10-06 17:01:05.176 I/WifiHAL ( 1074): In GetCachedScanResultsCommand::handleResponse
10-06 17:01:08.275 I/WifiHAL ( 1074): In GetCachedScanResultsCommand::handleResponse
10-06 17:01:08.679 I/BleScanRateOpt(31804): onPrimaryDisplayChanged state=1
10-06 17:01:08.679 I/BleScanRateOpt(31804): Screen is not interactive, stop scan
10-06 17:01:08.718 I/NearbyDiscovery( 2857): (REDACTED) ApFastPairScanner: eventType=%s, intReq=%s, scanning=%s, scanAllowed=%s, bleEnabled=%s, lockScanRate=%s, startScanningByLowPowerMode=%s
10-06 17:01:08.972 I/NearbyDiscovery( 2857): (REDACTED) ApFastPairScanner: eventType=%s, intReq=%s, scanning=%s, scanAllowed=%s, bleEnabled=%s, lockScanRate=%s, startScanningByLowPowerMode=%s
10-06 17:01:09.004 I/WifiHAL ( 1074): In GetCachedScanResultsCommand::handleResponse
10-06 17:01:09.085 I/WifiHAL ( 1074): In GetCachedScanResultsCommand::handleResponse
10-06 17:01:17.113 I/BleScanRateOpt(31804): onPrimaryDisplayChanged state=2
10-06 17:01:17.126 I/NearbyDiscovery( 2857): (REDACTED) ApFastPairScanner: eventType=%s, intReq=%s, scanning=%s, scanAllowed=%s, bleEnabled=%s, lockScanRate=%s, startScanningByLowPowerMode=%s
10-06 17:01:17.233 I/WifiHAL ( 1074): In GetCachedScanResultsCommand::handleResponse
10-06 17:01:17.615 I/BleScanRateOpt(31804): start check call session
10-06 17:01:23.121 I/BleScanRateOpt(31804): onPrimaryDisplayChanged state=1
10-06 17:01:23.122 I/BleScanRateOpt(31804): Screen is not interactive, stop scan
10-06 17:01:23.154 I/NearbyDiscovery( 2857): (REDACTED) ApFastPairScanner: eventType=%s, intReq=%s, scanning=%s, scanAllowed=%s, bleEnabled=%s, lockScanRate=%s, startScanningByLowPowerMode=%s
10-06 17:01:23.252 I/WifiHAL ( 1074): In GetCachedScanResultsCommand::handleResponse
10-06 17:01:48.081 D/MusicViewModel( 7457): Periodic cache clearing completed (memory usage: 65%)
10-06 17:02:03.750 I/WifiHAL ( 1074): In GetCachedScanResultsCommand::handleResponse
10-06 17:02:42.511 D/MusicServiceCallback( 7509): HEADPHONE NEXT → map to DISLIKE (single)
10-06 17:02:43.025 D/MusicService( 7509): Notification action: DISLIKE
10-06 17:02:43.035 D/MusicViewModel( 7457): Safe sorting file: Koldar - The Night (Extended Mix) [Wh0 Plays].aif with action DISLIKE
10-06 17:02:43.125 D/FileManager( 7457): Source file found: Koldar - The Night (Extended Mix) [Wh0 Plays].aif, exists: true, canRead: true
10-06 17:02:46.862 D/AudioManager( 7457): ExoPlayer cleared
10-06 17:02:46.875 D/AudioManager( 7457): ExoPlayer cleared
10-06 17:02:46.877 D/AudioManager( 7457): ExoPlayer attempting to play URI: content://com.android.externalstorage.documents/tree/primary%3AAndroid%2Fmedia%2Fcom.whatsapp%2FWhatsApp%2FMedia%2FWhatsApp%20Documents/document/primary%3AAndroid%2Fmedia%2Fcom.whatsapp%2FWhatsApp%2FMedia%2FWhatsApp%20Documents%2FPrivate%2FCollin%20Sterling%20-%20Adrenaline%20(Extended%20Mix)%20%5BForever%20Young%20Recordings%5D.mp3
10-06 17:02:46.890 D/AudioManager( 7457): ExoPlayer started successfully
10-06 17:02:46.892 D/AudioManager( 7457): ExoPlayer playback successful for: Collin Sterling - Adrenaline (Extended Mix) [Forever Young Recordings].mp3
10-06 17:02:46.893 D/MusicViewModel( 7457): Playback started successfully for Collin Sterling - Adrenaline (Extended Mix) [Forever Young Recordings].mp3
10-06 17:02:46.900 D/MusicViewModel( 7457): MusicService started successfully.
10-06 17:02:46.912 D/MusicViewModel( 7457): Preloaded next song: Junior Jack & Pat BDS - E.V.O. (Argento Dust Extended Remix).aif
10-06 17:02:46.945 D/MusicService( 7509): Started foreground service with notification
10-06 17:02:47.411 D/MusicService( 7509): updateNotificationData - Title: Collin Sterling - Adrenaline (Extended Mix) [Forever Young Recordings].mp3, Playing: true, Position: 0, Duration: 0
10-06 17:02:47.432 D/MusicService( 7509): Player (MediaSession) onMediaItemTransition reason: 3
10-06 17:02:47.441 D/MusicService( 7509): Player (MediaSession) onPlaybackStateChanged: 2, Duration: -9223372036854775807, Position: 0
10-06 17:02:47.454 D/MusicService( 7509): MediaSession player updated - URI: , Title: Collin Sterling - Adrenaline (Extended Mix) [Forever Young Recordings].mp3, Duration in Meta: 0
10-06 17:02:47.984 D/MusicViewModel( 7457): Refreshed all playlists
10-06 17:02:47.990 D/MusicViewModel( 7457): Loading liked files from destination folder: Results
10-06 17:02:49.504 D/MusicViewModel( 7457): Found 96 liked files (including subfolders), 83 unique
10-06 17:02:49.517 D/MusicViewModel( 7457): Updated liked files StateFlow with 83 files
10-06 17:02:49.567 D/MusicViewModel( 7457): Loading rejected files from URI: content://com.android.externalstorage.documents/tree/primary%3AResults/document/primary%3AResults%2FRejected
10-06 17:02:50.071 D/MusicViewModel( 7457): Found 247 rejected files
10-06 17:02:50.077 D/MusicViewModel( 7457): Updated rejected files StateFlow with 247 files
10-06 17:02:50.457 E/ExoPlayerImplInternal( 7509): Playback error
10-06 17:02:50.457 E/ExoPlayerImplInternal( 7509):   androidx.media3.exoplayer.ExoPlaybackException: Source error
10-06 17:02:50.457 E/ExoPlayerImplInternal( 7509):       at androidx.media3.exoplayer.ExoPlayerImplInternal.handleIoException(ExoPlayerImplInternal.java:717)
10-06 17:02:50.457 E/ExoPlayerImplInternal( 7509):       at androidx.media3.exoplayer.ExoPlayerImplInternal.handleMessage(ExoPlayerImplInternal.java:689)
10-06 17:02:50.457 E/ExoPlayerImplInternal( 7509):       at android.os.Handler.dispatchMessage(Handler.java:106)
10-06 17:02:50.457 E/ExoPlayerImplInternal( 7509):       at android.os.Looper.dispatchMessage(Looper.java:315)
10-06 17:02:50.457 E/ExoPlayerImplInternal( 7509):       at android.os.Looper.loopOnce(Looper.java:251)
10-06 17:02:50.457 E/ExoPlayerImplInternal( 7509):       at android.os.Looper.loop(Looper.java:349)
10-06 17:02:50.457 E/ExoPlayerImplInternal( 7509):       at android.os.HandlerThread.run(HandlerThread.java:100)
10-06 17:02:50.457 E/ExoPlayerImplInternal( 7509):   Caused by: androidx.media3.datasource.FileDataSource$FileDataSourceException: java.io.FileNotFoundException: : open failed: ENOENT (No such file or directory)
10-06 17:02:50.457 E/ExoPlayerImplInternal( 7509):       at androidx.media3.datasource.FileDataSource.openLocalFile(FileDataSource.java:205)
10-06 17:02:50.457 E/ExoPlayerImplInternal( 7509):       at androidx.media3.datasource.FileDataSource.open(FileDataSource.java:116)
10-06 17:02:50.457 E/ExoPlayerImplInternal( 7509):       at androidx.media3.datasource.DefaultDataSource.open(DefaultDataSource.java:275)
10-06 17:02:50.457 E/ExoPlayerImplInternal( 7509):       at androidx.media3.datasource.StatsDataSource.open(StatsDataSource.java:86)
10-06 17:02:50.457 E/ExoPlayerImplInternal( 7509):       at androidx.media3.exoplayer.source.ProgressiveMediaPeriod$ExtractingLoadable.load(ProgressiveMediaPeriod.java:1029)
10-06 17:02:50.457 E/ExoPlayerImplInternal( 7509):       at androidx.media3.exoplayer.upstream.Loader$LoadTask.run(Loader.java:421)
10-06 17:02:50.457 E/ExoPlayerImplInternal( 7509):       at java.util.concurrent.ThreadPoolExecutor.runWorker(ThreadPoolExecutor.java:1156)
10-06 17:02:50.457 E/ExoPlayerImplInternal( 7509):       at java.util.concurrent.ThreadPoolExecutor$Worker.run(ThreadPoolExecutor.java:651)
10-06 17:02:50.457 E/ExoPlayerImplInternal( 7509):       at java.lang.Thread.run(Thread.java:1119)
10-06 17:02:50.457 E/ExoPlayerImplInternal( 7509):   Caused by: java.io.FileNotFoundException: : open failed: ENOENT (No such file or directory)
10-06 17:02:50.457 E/ExoPlayerImplInternal( 7509):       at libcore.io.IoBridge.open(IoBridge.java:574)
10-06 17:02:50.457 E/ExoPlayerImplInternal( 7509):       at java.io.RandomAccessFile.<init>(RandomAccessFile.java:307)
10-06 17:02:50.457 E/ExoPlayerImplInternal( 7509):       at java.io.RandomAccessFile.<init>(RandomAccessFile.java:237)
10-06 17:02:50.457 E/ExoPlayerImplInternal( 7509):       at java.io.RandomAccessFile.<init>(RandomAccessFile.java:154)
10-06 17:02:50.457 E/ExoPlayerImplInternal( 7509):       at androidx.media3.datasource.FileDataSource.openLocalFile(FileDataSource.java:186)
10-06 17:02:50.457 E/ExoPlayerImplInternal( 7509):       ... 8 more
10-06 17:02:50.457 E/ExoPlayerImplInternal( 7509):   Caused by: android.system.ErrnoException: open failed: ENOENT (No such file or directory)
10-06 17:02:50.457 E/ExoPlayerImplInternal( 7509):       at libcore.io.Linux.open(Native Method)
10-06 17:02:50.457 E/ExoPlayerImplInternal( 7509):       at libcore.io.ForwardingOs.open(ForwardingOs.java:568)
10-06 17:02:50.457 E/ExoPlayerImplInternal( 7509):       at libcore.io.BlockGuardOs.open(BlockGuardOs.java:274)
10-06 17:02:50.457 E/ExoPlayerImplInternal( 7509):       at libcore.io.ForwardingOs.open(ForwardingOs.java:568)
10-06 17:02:50.457 E/ExoPlayerImplInternal( 7509):       at android.app.AndroidForwardingOs.open(AndroidForwardingOs.java:120)
10-06 17:02:50.457 E/ExoPlayerImplInternal( 7509):       at libcore.io.IoBridge.open(IoBridge.java:560)
10-06 17:02:50.457 E/ExoPlayerImplInternal( 7509):       ... 12 more
10-06 17:02:50.489 D/MusicService( 7509): Player (MediaSession) Error: Source error
10-06 17:02:50.489 D/MusicService( 7509): androidx.media3.exoplayer.ExoPlaybackException: Source error
10-06 17:02:50.489 D/MusicService( 7509): 	at androidx.media3.exoplayer.ExoPlayerImplInternal.handleIoException(ExoPlayerImplInternal.java:717)
10-06 17:02:50.489 D/MusicService( 7509): 	at androidx.media3.exoplayer.ExoPlayerImplInternal.handleMessage(ExoPlayerImplInternal.java:689)
10-06 17:02:50.489 D/MusicService( 7509): 	at android.os.Handler.dispatchMessage(Handler.java:106)
10-06 17:02:50.489 D/MusicService( 7509): 	at android.os.Looper.dispatchMessage(Looper.java:315)
10-06 17:02:50.489 D/MusicService( 7509): 	at android.os.Looper.loopOnce(Looper.java:251)
10-06 17:02:50.489 D/MusicService( 7509): 	at android.os.Looper.loop(Looper.java:349)
10-06 17:02:50.489 D/MusicService( 7509): 	at android.os.HandlerThread.run(HandlerThread.java:100)
10-06 17:02:50.489 D/MusicService( 7509): Caused by: androidx.media3.datasource.FileDataSource$FileDataSourceException: java.io.FileNotFoundException: : open failed: ENOENT (No such file or directory)
10-06 17:02:50.489 D/MusicService( 7509): 	at androidx.media3.datasource.FileDataSource.openLocalFile(FileDataSource.java:205)
10-06 17:02:50.489 D/MusicService( 7509): 	at androidx.media3.datasource.FileDataSource.open(FileDataSource.java:116)
10-06 17:02:50.489 D/MusicService( 7509): 	at androidx.media3.datasource.DefaultDataSource.open(DefaultDataSource.java:275)
10-06 17:02:50.489 D/MusicService( 7509): 	at androidx.media3.datasource.StatsDataSource.open(StatsDataSource.java:86)
10-06 17:02:50.489 D/MusicService( 7509): 	at androidx.media3.exoplayer.source.ProgressiveMediaPeriod$ExtractingLoadable.load(ProgressiveMediaPeriod.java:1029)
10-06 17:02:50.489 D/MusicService( 7509): 	at androidx.media3.exoplayer.upstream.Loader$LoadTask.run(Loader.java:421)
10-06 17:02:50.489 D/MusicService( 7509): 	at java.util.concurrent.ThreadPoolExecutor.runWorker(ThreadPoolExecutor.java:1156)
10-06 17:02:50.489 D/MusicService( 7509): 	at java.util.concurrent.ThreadPoolExecutor$Worker.run(ThreadPoolExecutor.java:651)
10-06 17:02:50.489 D/MusicService( 7509): 	at java.lang.Thread.run(Thread.java:1119)
10-06 17:02:50.489 D/MusicService( 7509): Caused by: java.io.FileNotFoundException: : open failed: ENOENT (No such file or directory)
10-06 17:02:50.489 D/MusicService( 7509): 	at libcore.io.IoBridge.open(IoBridge.java:574)
10-06 17:02:50.489 D/MusicService( 7509): 	at java.io.RandomAccessFile.<init>(RandomAccessFile.java:307)
10-06 17:02:50.489 D/MusicService( 7509): 	at java.io.RandomAccessFile.<init>(RandomAccessFile.java:237)
10-06 17:02:50.489 D/MusicService( 7509): 	at java.io.RandomAccessFile.<init>(RandomAccessFile.java:154)
10-06 17:02:50.489 D/MusicService( 7509): 	at androidx.media3.datasource.FileDataSource.openLocalFile(FileDataSource.java:186)
10-06 17:02:50.489 D/MusicService( 7509): 	... 8 more
10-06 17:02:50.489 D/MusicService( 7509): Caused by: android.system.ErrnoException: open failed: ENOENT (No such file or directory)
10-06 17:02:50.489 D/MusicService( 7509): 	at libcore.io.Linux.open(Native Method)
10-06 17:02:50.489 D/MusicService( 7509): 	at libcore.io.ForwardingOs.open(ForwardingOs.java:568)
10-06 17:02:50.489 D/MusicService( 7509): 	at libcore.io.BlockGuardOs.open(BlockGuardOs.java:274)
10-06 17:02:50.489 D/MusicService( 7509): 	at libcore.io.ForwardingOs.open(ForwardingOs.java:568)
10-06 17:02:50.489 D/MusicService( 7509): 	at android.app.AndroidForwardingOs.open(AndroidForwardingOs.java:120)
10-06 17:02:50.489 D/MusicService( 7509): 	at libcore.io.IoBridge.open(IoBridge.java:560)
10-06 17:02:50.489 D/MusicService( 7509): 	... 12 more
10-06 17:02:50.502 D/MusicService( 7509): Player (MediaSession) onPlaybackStateChanged: 1, Duration: -9223372036854775807, Position: 0
10-06 17:03:17.832 I/WifiHAL ( 1074): In GetCachedScanResultsCommand::handleResponse
10-06 17:04:23.174 I/WifiHAL ( 1074): In GetCachedScanResultsCommand::handleResponse
10-06 17:05:24.452 I/WifiHAL ( 1074): In GetCachedScanResultsCommand::handleResponse
10-06 17:05:44.955 D/MusicServiceCallback( 7509): HEADPHONE NEXT → map to DISLIKE (single)
10-06 17:05:45.470 D/MusicService( 7509): Notification action: DISLIKE
10-06 17:05:45.475 D/MusicViewModel( 7457): Safe sorting file: Collin Sterling - Adrenaline (Extended Mix) [Forever Young Recordings].mp3 with action DISLIKE
10-06 17:05:45.543 D/FileManager( 7457): Source file found: Collin Sterling - Adrenaline (Extended Mix) [Forever Young Recordings].mp3, exists: true, canRead: true
10-06 17:05:48.016 D/AudioManager( 7457): ExoPlayer stopped
10-06 17:05:48.024 D/AudioManager( 7457): ExoPlayer cleared
10-06 17:05:48.028 D/MusicViewModel( 7457): Loading AIFF file: Junior Jack & Pat BDS - E.V.O. (Argento Dust Extended Remix).aif
10-06 17:05:48.034 D/AudioManager( 7457): ExoPlayer cleared
10-06 17:05:48.037 D/AudioManager( 7457): Trying FFmpegMediaPlayer for AIFF (ExoPlayer doesn't support AIFF)
10-06 17:05:49.846 D/MusicViewModel( 7457): Playback started successfully for Junior Jack & Pat BDS - E.V.O. (Argento Dust Extended Remix).aif
10-06 17:05:49.893 D/MusicViewModel( 7457): MusicService started successfully.
10-06 17:05:49.904 D/MusicViewModel( 7457): Preloaded next song: FGL - Destino (Original Mix) [F.T.F.T records].aiff
10-06 17:05:49.922 D/MusicService( 7509): Started foreground service with notification
10-06 17:05:50.025 D/ResourceManager( 7457): 	at com.example.mobiledigger.viewmodel.MusicViewModel.extractDuration(MusicViewModel.kt:1104)
10-06 17:05:50.025 D/ResourceManager( 7457): 	at com.example.mobiledigger.viewmodel.MusicViewModel.access$extractDuration(MusicViewModel.kt:52)
10-06 17:05:50.025 D/ResourceManager( 7457): 	at com.example.mobiledigger.viewmodel.MusicViewModel$loadCurrentFile$1.invokeSuspend(MusicViewModel.kt:1054)
10-06 17:05:50.089 D/ResourceManager( 7457): 	at com.example.mobiledigger.viewmodel.MusicViewModel.extractDuration(MusicViewModel.kt:1104)
10-06 17:05:50.089 D/ResourceManager( 7457): 	at com.example.mobiledigger.viewmodel.MusicViewModel.access$extractDuration(MusicViewModel.kt:52)
10-06 17:05:50.089 D/ResourceManager( 7457): 	at com.example.mobiledigger.viewmodel.MusicViewModel$loadCurrentFile$1.invokeSuspend(MusicViewModel.kt:1054)
10-06 17:05:50.415 D/MusicService( 7509): updateNotificationData - Title: Junior Jack & Pat BDS - E.V.O. (Argento Dust Extended Remix).aif, Playing: true, Position: 0, Duration: 0
10-06 17:05:50.460 D/MusicService( 7509): Player (MediaSession) onMediaItemTransition reason: 3
10-06 17:05:50.507 D/MusicService( 7509): Player (MediaSession) onPlaybackStateChanged: 2, Duration: -9223372036854775807, Position: 0
10-06 17:05:50.529 D/MusicService( 7509): MediaSession player updated - URI: , Title: Junior Jack & Pat BDS - E.V.O. (Argento Dust Extended Remix).aif, Duration in Meta: 0
10-06 17:05:50.901 D/MusicViewModel( 7457): Refreshed all playlists
10-06 17:05:50.918 D/MusicViewModel( 7457): Loading liked files from destination folder: Results
10-06 17:05:52.240 D/MusicViewModel( 7457): Found 96 liked files (including subfolders), 83 unique
10-06 17:05:52.246 D/MusicViewModel( 7457): Updated liked files StateFlow with 83 files
10-06 17:05:52.286 D/MusicViewModel( 7457): Loading rejected files from URI: content://com.android.externalstorage.documents/tree/primary%3AResults/document/primary%3AResults%2FRejected
10-06 17:05:52.859 D/MusicViewModel( 7457): Found 248 rejected files
10-06 17:05:52.867 D/MusicViewModel( 7457): Updated rejected files StateFlow with 248 files
10-06 17:05:53.510 E/ExoPlayerImplInternal( 7509): Playback error
10-06 17:05:53.510 E/ExoPlayerImplInternal( 7509):   androidx.media3.exoplayer.ExoPlaybackException: Source error
10-06 17:05:53.510 E/ExoPlayerImplInternal( 7509):       at androidx.media3.exoplayer.ExoPlayerImplInternal.handleIoException(ExoPlayerImplInternal.java:717)
10-06 17:05:53.510 E/ExoPlayerImplInternal( 7509):       at androidx.media3.exoplayer.ExoPlayerImplInternal.handleMessage(ExoPlayerImplInternal.java:689)
10-06 17:05:53.510 E/ExoPlayerImplInternal( 7509):       at android.os.Handler.dispatchMessage(Handler.java:106)
10-06 17:05:53.510 E/ExoPlayerImplInternal( 7509):       at android.os.Looper.dispatchMessage(Looper.java:315)
10-06 17:05:53.510 E/ExoPlayerImplInternal( 7509):       at android.os.Looper.loopOnce(Looper.java:251)
10-06 17:05:53.510 E/ExoPlayerImplInternal( 7509):       at android.os.Looper.loop(Looper.java:349)
10-06 17:05:53.510 E/ExoPlayerImplInternal( 7509):       at android.os.HandlerThread.run(HandlerThread.java:100)
10-06 17:05:53.510 E/ExoPlayerImplInternal( 7509):   Caused by: androidx.media3.datasource.FileDataSource$FileDataSourceException: java.io.FileNotFoundException: : open failed: ENOENT (No such file or directory)
10-06 17:05:53.510 E/ExoPlayerImplInternal( 7509):       at androidx.media3.datasource.FileDataSource.openLocalFile(FileDataSource.java:205)
10-06 17:05:53.510 E/ExoPlayerImplInternal( 7509):       at androidx.media3.datasource.FileDataSource.open(FileDataSource.java:116)
10-06 17:05:53.510 E/ExoPlayerImplInternal( 7509):       at androidx.media3.datasource.DefaultDataSource.open(DefaultDataSource.java:275)
10-06 17:05:53.510 E/ExoPlayerImplInternal( 7509):       at androidx.media3.datasource.StatsDataSource.open(StatsDataSource.java:86)
10-06 17:05:53.510 E/ExoPlayerImplInternal( 7509):       at androidx.media3.exoplayer.source.ProgressiveMediaPeriod$ExtractingLoadable.load(ProgressiveMediaPeriod.java:1029)
10-06 17:05:53.510 E/ExoPlayerImplInternal( 7509):       at androidx.media3.exoplayer.upstream.Loader$LoadTask.run(Loader.java:421)
10-06 17:05:53.510 E/ExoPlayerImplInternal( 7509):       at java.util.concurrent.ThreadPoolExecutor.runWorker(ThreadPoolExecutor.java:1156)
10-06 17:05:53.510 E/ExoPlayerImplInternal( 7509):       at java.util.concurrent.ThreadPoolExecutor$Worker.run(ThreadPoolExecutor.java:651)
10-06 17:05:53.510 E/ExoPlayerImplInternal( 7509):       at java.lang.Thread.run(Thread.java:1119)
10-06 17:05:53.510 E/ExoPlayerImplInternal( 7509):   Caused by: java.io.FileNotFoundException: : open failed: ENOENT (No such file or directory)
10-06 17:05:53.510 E/ExoPlayerImplInternal( 7509):       at libcore.io.IoBridge.open(IoBridge.java:574)
10-06 17:05:53.510 E/ExoPlayerImplInternal( 7509):       at java.io.RandomAccessFile.<init>(RandomAccessFile.java:307)
10-06 17:05:53.510 E/ExoPlayerImplInternal( 7509):       at java.io.RandomAccessFile.<init>(RandomAccessFile.java:237)
10-06 17:05:53.510 E/ExoPlayerImplInternal( 7509):       at java.io.RandomAccessFile.<init>(RandomAccessFile.java:154)
10-06 17:05:53.510 E/ExoPlayerImplInternal( 7509):       at androidx.media3.datasource.FileDataSource.openLocalFile(FileDataSource.java:186)
10-06 17:05:53.510 E/ExoPlayerImplInternal( 7509):       ... 8 more
10-06 17:05:53.510 E/ExoPlayerImplInternal( 7509):   Caused by: android.system.ErrnoException: open failed: ENOENT (No such file or directory)
10-06 17:05:53.510 E/ExoPlayerImplInternal( 7509):       at libcore.io.Linux.open(Native Method)
10-06 17:05:53.510 E/ExoPlayerImplInternal( 7509):       at libcore.io.ForwardingOs.open(ForwardingOs.java:568)
10-06 17:05:53.510 E/ExoPlayerImplInternal( 7509):       at libcore.io.BlockGuardOs.open(BlockGuardOs.java:274)
10-06 17:05:53.510 E/ExoPlayerImplInternal( 7509):       at libcore.io.ForwardingOs.open(ForwardingOs.java:568)
10-06 17:05:53.510 E/ExoPlayerImplInternal( 7509):       at android.app.AndroidForwardingOs.open(AndroidForwardingOs.java:120)
10-06 17:05:53.510 E/ExoPlayerImplInternal( 7509):       at libcore.io.IoBridge.open(IoBridge.java:560)
10-06 17:05:53.510 E/ExoPlayerImplInternal( 7509):       ... 12 more
10-06 17:05:53.537 D/MusicService( 7509): Player (MediaSession) Error: Source error
10-06 17:05:53.537 D/MusicService( 7509): androidx.media3.exoplayer.ExoPlaybackException: Source error
10-06 17:05:53.537 D/MusicService( 7509): 	at androidx.media3.exoplayer.ExoPlayerImplInternal.handleIoException(ExoPlayerImplInternal.java:717)
10-06 17:05:53.537 D/MusicService( 7509): 	at androidx.media3.exoplayer.ExoPlayerImplInternal.handleMessage(ExoPlayerImplInternal.java:689)
10-06 17:05:53.537 D/MusicService( 7509): 	at android.os.Handler.dispatchMessage(Handler.java:106)
10-06 17:05:53.537 D/MusicService( 7509): 	at android.os.Looper.dispatchMessage(Looper.java:315)
10-06 17:05:53.537 D/MusicService( 7509): 	at android.os.Looper.loopOnce(Looper.java:251)
10-06 17:05:53.537 D/MusicService( 7509): 	at android.os.Looper.loop(Looper.java:349)
10-06 17:05:53.537 D/MusicService( 7509): 	at android.os.HandlerThread.run(HandlerThread.java:100)
10-06 17:05:53.537 D/MusicService( 7509): Caused by: androidx.media3.datasource.FileDataSource$FileDataSourceException: java.io.FileNotFoundException: : open failed: ENOENT (No such file or directory)
10-06 17:05:53.537 D/MusicService( 7509): 	at androidx.media3.datasource.FileDataSource.openLocalFile(FileDataSource.java:205)
10-06 17:05:53.537 D/MusicService( 7509): 	at androidx.media3.datasource.FileDataSource.open(FileDataSource.java:116)
10-06 17:05:53.537 D/MusicService( 7509): 	at androidx.media3.datasource.DefaultDataSource.open(DefaultDataSource.java:275)
10-06 17:05:53.537 D/MusicService( 7509): 	at androidx.media3.datasource.StatsDataSource.open(StatsDataSource.java:86)
10-06 17:05:53.537 D/MusicService( 7509): 	at androidx.media3.exoplayer.source.ProgressiveMediaPeriod$ExtractingLoadable.load(ProgressiveMediaPeriod.java:1029)
10-06 17:05:53.537 D/MusicService( 7509): 	at androidx.media3.exoplayer.upstream.Loader$LoadTask.run(Loader.java:421)
10-06 17:05:53.537 D/MusicService( 7509): 	at java.util.concurrent.ThreadPoolExecutor.runWorker(ThreadPoolExecutor.java:1156)
10-06 17:05:53.537 D/MusicService( 7509): 	at java.util.concurrent.ThreadPoolExecutor$Worker.run(ThreadPoolExecutor.java:651)
10-06 17:05:53.537 D/MusicService( 7509): 	at java.lang.Thread.run(Thread.java:1119)
10-06 17:05:53.537 D/MusicService( 7509): Caused by: java.io.FileNotFoundException: : open failed: ENOENT (No such file or directory)
10-06 17:05:53.537 D/MusicService( 7509): 	at libcore.io.IoBridge.open(IoBridge.java:574)
10-06 17:05:53.537 D/MusicService( 7509): 	at java.io.RandomAccessFile.<init>(RandomAccessFile.java:307)
10-06 17:05:53.537 D/MusicService( 7509): 	at java.io.RandomAccessFile.<init>(RandomAccessFile.java:237)
10-06 17:05:53.537 D/MusicService( 7509): 	at java.io.RandomAccessFile.<init>(RandomAccessFile.java:154)
10-06 17:05:53.537 D/MusicService( 7509): 	at androidx.media3.datasource.FileDataSource.openLocalFile(FileDataSource.java:186)
10-06 17:05:53.537 D/MusicService( 7509): 	... 8 more
10-06 17:05:53.537 D/MusicService( 7509): Caused by: android.system.ErrnoException: open failed: ENOENT (No such file or directory)
10-06 17:05:53.537 D/MusicService( 7509): 	at libcore.io.Linux.open(Native Method)
10-06 17:05:53.537 D/MusicService( 7509): 	at libcore.io.ForwardingOs.open(ForwardingOs.java:568)
10-06 17:05:53.537 D/MusicService( 7509): 	at libcore.io.BlockGuardOs.open(BlockGuardOs.java:274)
10-06 17:05:53.537 D/MusicService( 7509): 	at libcore.io.ForwardingOs.open(ForwardingOs.java:568)
10-06 17:05:53.537 D/MusicService( 7509): 	at android.app.AndroidForwardingOs.open(AndroidForwardingOs.java:120)
10-06 17:05:53.537 D/MusicService( 7509): 	at libcore.io.IoBridge.open(IoBridge.java:560)
10-06 17:05:53.537 D/MusicService( 7509): 	... 12 more
10-06 17:05:53.548 D/MusicService( 7509): Player (MediaSession) onPlaybackStateChanged: 1, Duration: -9223372036854775807, Position: 0
10-06 17:06:31.263 I/WifiHAL ( 1074): In GetCachedScanResultsCommand::handleResponse
10-06 17:06:48.524 D/MusicViewModel( 7457): Periodic cache clearing completed (memory usage: 54%)
10-06 17:07:33.587 I/WifiHAL ( 1074): In GetCachedScanResultsCommand::handleResponse
10-06 17:08:20.548 I/NearbyDiscovery( 2857): (REDACTED) ApFastPairScanner: eventType=%s, intReq=%s, scanning=%s, scanAllowed=%s, bleEnabled=%s, lockScanRate=%s, startScanningByLowPowerMode=%s
10-06 17:08:20.664 I/WifiHAL ( 1074): In GetCachedScanResultsCommand::handleResponse
10-06 17:08:20.668 I/NearbyDiscovery( 2857): (REDACTED) ApFastPairScanner: eventType=%s, intReq=%s, scanning=%s, scanAllowed=%s, bleEnabled=%s, lockScanRate=%s, startScanningByLowPowerMode=%s
10-06 17:08:20.706 I/WifiHAL ( 1074): In GetCachedScanResultsCommand::handleResponse
10-06 17:08:20.809 I/WifiHAL ( 1074): In GetCachedScanResultsCommand::handleResponse
10-06 17:08:22.566 D/MusicServiceCallback( 7509): HEADPHONE NEXT → map to DISLIKE (single)
10-06 17:08:23.089 D/MusicService( 7509): Notification action: DISLIKE
10-06 17:08:23.103 D/MusicViewModel( 7457): Safe sorting file: Junior Jack & Pat BDS - E.V.O. (Argento Dust Extended Remix).aif with action DISLIKE
10-06 17:08:23.214 D/FileManager( 7457): Source file found: Junior Jack & Pat BDS - E.V.O. (Argento Dust Extended Remix).aif, exists: true, canRead: true
10-06 17:08:23.779 I/WifiHAL ( 1074): In GetCachedScanResultsCommand::handleResponse
10-06 17:08:26.692 I/NearbyDiscovery( 2857): (REDACTED) ApFastPairScanner: eventType=%s, intReq=%s, scanning=%s, scanAllowed=%s, bleEnabled=%s, lockScanRate=%s, startScanningByLowPowerMode=%s
10-06 17:08:26.858 I/WifiHAL ( 1074): In GetCachedScanResultsCommand::handleResponse
10-06 17:08:27.282 D/AudioManager( 7457): ExoPlayer cleared
10-06 17:08:27.286 D/MusicViewModel( 7457): Loading AIFF file: FGL - Destino (Original Mix) [F.T.F.T records].aiff
10-06 17:08:27.291 D/AudioManager( 7457): ExoPlayer cleared
10-06 17:08:27.293 D/AudioManager( 7457): Trying FFmpegMediaPlayer for AIFF (ExoPlayer doesn't support AIFF)
10-06 17:08:29.056 D/MusicViewModel( 7457): Playback started successfully for FGL - Destino (Original Mix) [F.T.F.T records].aiff
10-06 17:08:29.069 D/MusicViewModel( 7457): MusicService started successfully.
10-06 17:08:29.081 D/MusicViewModel( 7457): Preloaded next song: Rauw Alejandro - Guaban Sexxx (The Ironix Remix).wav
10-06 17:08:29.087 D/MusicService( 7509): Started foreground service with notification
10-06 17:08:29.222 D/ResourceManager( 7457): 	at com.example.mobiledigger.viewmodel.MusicViewModel.extractDuration(MusicViewModel.kt:1104)
10-06 17:08:29.222 D/ResourceManager( 7457): 	at com.example.mobiledigger.viewmodel.MusicViewModel.access$extractDuration(MusicViewModel.kt:52)
10-06 17:08:29.222 D/ResourceManager( 7457): 	at com.example.mobiledigger.viewmodel.MusicViewModel$loadCurrentFile$1.invokeSuspend(MusicViewModel.kt:1054)
10-06 17:08:29.290 D/ResourceManager( 7457): 	at com.example.mobiledigger.viewmodel.MusicViewModel.extractDuration(MusicViewModel.kt:1104)
10-06 17:08:29.290 D/ResourceManager( 7457): 	at com.example.mobiledigger.viewmodel.MusicViewModel.access$extractDuration(MusicViewModel.kt:52)
10-06 17:08:29.290 D/ResourceManager( 7457): 	at com.example.mobiledigger.viewmodel.MusicViewModel$loadCurrentFile$1.invokeSuspend(MusicViewModel.kt:1054)
10-06 17:08:29.575 D/MusicService( 7509): updateNotificationData - Title: FGL - Destino (Original Mix) [F.T.F.T records].aiff, Playing: true, Position: 0, Duration: 0
10-06 17:08:29.592 D/MusicService( 7509): Player (MediaSession) onMediaItemTransition reason: 3
10-06 17:08:29.601 D/MusicService( 7509): Player (MediaSession) onPlaybackStateChanged: 2, Duration: -9223372036854775807, Position: 0
10-06 17:08:29.620 D/MusicService( 7509): MediaSession player updated - URI: , Title: FGL - Destino (Original Mix) [F.T.F.T records].aiff, Duration in Meta: 0
10-06 17:08:29.970 I/WifiHAL ( 1074): In GetCachedScanResultsCommand::handleResponse
10-06 17:08:30.175 D/MusicViewModel( 7457): Refreshed all playlists
10-06 17:08:30.202 D/MusicViewModel( 7457): Loading liked files from destination folder: Results
10-06 17:08:31.808 D/MusicViewModel( 7457): Found 96 liked files (including subfolders), 83 unique
10-06 17:08:31.819 D/MusicViewModel( 7457): Updated liked files StateFlow with 83 files
10-06 17:08:31.900 I/NearbyDiscovery( 2857): (REDACTED) ApFastPairScanner: eventType=%s, intReq=%s, scanning=%s, scanAllowed=%s, bleEnabled=%s, lockScanRate=%s, startScanningByLowPowerMode=%s
10-06 17:08:31.945 D/MusicViewModel( 7457): Loading rejected files from URI: content://com.android.externalstorage.documents/tree/primary%3AResults/document/primary%3AResults%2FRejected
10-06 17:08:32.008 I/WifiHAL ( 1074): In GetCachedScanResultsCommand::handleResponse
10-06 17:08:32.166 I/NearbyDiscovery( 2857): (REDACTED) ApFastPairScanner: eventType=%s, intReq=%s, scanning=%s, scanAllowed=%s, bleEnabled=%s, lockScanRate=%s, startScanningByLowPowerMode=%s
10-06 17:08:32.217 I/WifiHAL ( 1074): In GetCachedScanResultsCommand::handleResponse
10-06 17:08:32.622 E/ExoPlayerImplInternal( 7509): Playback error
10-06 17:08:32.622 E/ExoPlayerImplInternal( 7509):   androidx.media3.exoplayer.ExoPlaybackException: Source error
10-06 17:08:32.622 E/ExoPlayerImplInternal( 7509):       at androidx.media3.exoplayer.ExoPlayerImplInternal.handleIoException(ExoPlayerImplInternal.java:717)
10-06 17:08:32.622 E/ExoPlayerImplInternal( 7509):       at androidx.media3.exoplayer.ExoPlayerImplInternal.handleMessage(ExoPlayerImplInternal.java:689)
10-06 17:08:32.622 E/ExoPlayerImplInternal( 7509):       at android.os.Handler.dispatchMessage(Handler.java:106)
10-06 17:08:32.622 E/ExoPlayerImplInternal( 7509):       at android.os.Looper.dispatchMessage(Looper.java:315)
10-06 17:08:32.622 E/ExoPlayerImplInternal( 7509):       at android.os.Looper.loopOnce(Looper.java:251)
10-06 17:08:32.622 E/ExoPlayerImplInternal( 7509):       at android.os.Looper.loop(Looper.java:349)
10-06 17:08:32.622 E/ExoPlayerImplInternal( 7509):       at android.os.HandlerThread.run(HandlerThread.java:100)
10-06 17:08:32.622 E/ExoPlayerImplInternal( 7509):   Caused by: androidx.media3.datasource.FileDataSource$FileDataSourceException: java.io.FileNotFoundException: : open failed: ENOENT (No such file or directory)
10-06 17:08:32.622 E/ExoPlayerImplInternal( 7509):       at androidx.media3.datasource.FileDataSource.openLocalFile(FileDataSource.java:205)
10-06 17:08:32.622 E/ExoPlayerImplInternal( 7509):       at androidx.media3.datasource.FileDataSource.open(FileDataSource.java:116)
10-06 17:08:32.622 E/ExoPlayerImplInternal( 7509):       at androidx.media3.datasource.DefaultDataSource.open(DefaultDataSource.java:275)
10-06 17:08:32.622 E/ExoPlayerImplInternal( 7509):       at androidx.media3.datasource.StatsDataSource.open(StatsDataSource.java:86)
10-06 17:08:32.622 E/ExoPlayerImplInternal( 7509):       at androidx.media3.exoplayer.source.ProgressiveMediaPeriod$ExtractingLoadable.load(ProgressiveMediaPeriod.java:1029)
10-06 17:08:32.622 E/ExoPlayerImplInternal( 7509):       at androidx.media3.exoplayer.upstream.Loader$LoadTask.run(Loader.java:421)
10-06 17:08:32.622 E/ExoPlayerImplInternal( 7509):       at java.util.concurrent.ThreadPoolExecutor.runWorker(ThreadPoolExecutor.java:1156)
10-06 17:08:32.622 E/ExoPlayerImplInternal( 7509):       at java.util.concurrent.ThreadPoolExecutor$Worker.run(ThreadPoolExecutor.java:651)
10-06 17:08:32.622 E/ExoPlayerImplInternal( 7509):       at java.lang.Thread.run(Thread.java:1119)
10-06 17:08:32.622 E/ExoPlayerImplInternal( 7509):   Caused by: java.io.FileNotFoundException: : open failed: ENOENT (No such file or directory)
10-06 17:08:32.622 E/ExoPlayerImplInternal( 7509):       at libcore.io.IoBridge.open(IoBridge.java:574)
10-06 17:08:32.622 E/ExoPlayerImplInternal( 7509):       at java.io.RandomAccessFile.<init>(RandomAccessFile.java:307)
10-06 17:08:32.622 E/ExoPlayerImplInternal( 7509):       at java.io.RandomAccessFile.<init>(RandomAccessFile.java:237)
10-06 17:08:32.622 E/ExoPlayerImplInternal( 7509):       at java.io.RandomAccessFile.<init>(RandomAccessFile.java:154)
10-06 17:08:32.622 E/ExoPlayerImplInternal( 7509):       at androidx.media3.datasource.FileDataSource.openLocalFile(FileDataSource.java:186)
10-06 17:08:32.622 E/ExoPlayerImplInternal( 7509):       ... 8 more
10-06 17:08:32.622 E/ExoPlayerImplInternal( 7509):   Caused by: android.system.ErrnoException: open failed: ENOENT (No such file or directory)
10-06 17:08:32.622 E/ExoPlayerImplInternal( 7509):       at libcore.io.Linux.open(Native Method)
10-06 17:08:32.622 E/ExoPlayerImplInternal( 7509):       at libcore.io.ForwardingOs.open(ForwardingOs.java:568)
10-06 17:08:32.622 E/ExoPlayerImplInternal( 7509):       at libcore.io.BlockGuardOs.open(BlockGuardOs.java:274)
10-06 17:08:32.622 E/ExoPlayerImplInternal( 7509):       at libcore.io.ForwardingOs.open(ForwardingOs.java:568)
10-06 17:08:32.622 E/ExoPlayerImplInternal( 7509):       at android.app.AndroidForwardingOs.open(AndroidForwardingOs.java:120)
10-06 17:08:32.622 E/ExoPlayerImplInternal( 7509):       at libcore.io.IoBridge.open(IoBridge.java:560)
10-06 17:08:32.622 E/ExoPlayerImplInternal( 7509):       ... 12 more
10-06 17:08:32.640 D/MusicService( 7509): Player (MediaSession) Error: Source error
10-06 17:08:32.640 D/MusicService( 7509): androidx.media3.exoplayer.ExoPlaybackException: Source error
10-06 17:08:32.640 D/MusicService( 7509): 	at androidx.media3.exoplayer.ExoPlayerImplInternal.handleIoException(ExoPlayerImplInternal.java:717)
10-06 17:08:32.640 D/MusicService( 7509): 	at androidx.media3.exoplayer.ExoPlayerImplInternal.handleMessage(ExoPlayerImplInternal.java:689)
10-06 17:08:32.640 D/MusicService( 7509): 	at android.os.Handler.dispatchMessage(Handler.java:106)
10-06 17:08:32.640 D/MusicService( 7509): 	at android.os.Looper.dispatchMessage(Looper.java:315)
10-06 17:08:32.640 D/MusicService( 7509): 	at android.os.Looper.loopOnce(Looper.java:251)
10-06 17:08:32.640 D/MusicService( 7509): 	at android.os.Looper.loop(Looper.java:349)
10-06 17:08:32.640 D/MusicService( 7509): 	at android.os.HandlerThread.run(HandlerThread.java:100)
10-06 17:08:32.640 D/MusicService( 7509): Caused by: androidx.media3.datasource.FileDataSource$FileDataSourceException: java.io.FileNotFoundException: : open failed: ENOENT (No such file or directory)
10-06 17:08:32.640 D/MusicService( 7509): 	at androidx.media3.datasource.FileDataSource.openLocalFile(FileDataSource.java:205)
10-06 17:08:32.640 D/MusicService( 7509): 	at androidx.media3.datasource.FileDataSource.open(FileDataSource.java:116)
10-06 17:08:32.640 D/MusicService( 7509): 	at androidx.media3.datasource.DefaultDataSource.open(DefaultDataSource.java:275)
10-06 17:08:32.640 D/MusicService( 7509): 	at androidx.media3.datasource.StatsDataSource.open(StatsDataSource.java:86)
10-06 17:08:32.640 D/MusicService( 7509): 	at androidx.media3.exoplayer.source.ProgressiveMediaPeriod$ExtractingLoadable.load(ProgressiveMediaPeriod.java:1029)
