10-22 12:26:35.817  1795  5095 V AudioVolumeChangeHandler: onAudioVolumeGroupChanged volumeEvent=AudioVolumeGroupChangeEvent{groupId: 10, volumeIndex: 0, muted: false, flags: 0}
10-22 12:26:35.819  1795  5095 V AudioVolumeChangeHandler: onAudioVolumeGroupChanged volumeEvent=AudioVolumeGroupChangeEvent{groupId: 10, volumeIndex: 0, muted: false, flags: 0}
10-22 12:26:35.822  1795  2154 V AudioVolumeChangeHandler: onAudioVolumeGroupChanged volumeEvent=AudioVolumeGroupChangeEvent{groupId: 11, volumeIndex: 0, muted: false, flags: 0}
10-22 12:26:35.824  1795  5095 V AudioVolumeChangeHandler: onAudioVolumeGroupChanged volumeEvent=AudioVolumeGroupChangeEvent{groupId: 11, volumeIndex: 0, muted: false, flags: 0}
10-22 12:26:35.826  1795  5095 V AudioVolumeChangeHandler: onAudioVolumeGroupChanged volumeEvent=AudioVolumeGroupChangeEvent{groupId: 11, volumeIndex: 0, muted: false, flags: 0}
10-22 12:26:35.828  1795  2154 V AudioVolumeChangeHandler: onAudioVolumeGroupChanged volumeEvent=AudioVolumeGroupChangeEvent{groupId: 11, volumeIndex: 0, muted: false, flags: 0}
10-22 12:26:35.830  1795  2154 V AudioVolumeChangeHandler: onAudioVolumeGroupChanged volumeEvent=AudioVolumeGroupChangeEvent{groupId: 11, volumeIndex: 0, muted: false, flags: 0}
10-22 12:26:35.831  1795  2154 V AudioVolumeChangeHandler: onAudioVolumeGroupChanged volumeEvent=AudioVolumeGroupChangeEvent{groupId: 11, volumeIndex: 0, muted: false, flags: 0}
10-22 12:26:35.833  1795  5095 V AudioVolumeChangeHandler: onAudioVolumeGroupChanged volumeEvent=AudioVolumeGroupChangeEvent{groupId: 11, volumeIndex: 0, muted: false, flags: 0}
10-22 12:26:35.835  1795  5095 V AudioVolumeChangeHandler: onAudioVolumeGroupChanged volumeEvent=AudioVolumeGroupChangeEvent{groupId: 11, volumeIndex: 0, muted: false, flags: 0}
10-22 12:26:35.836  1795  5095 V AudioVolumeChangeHandler: onAudioVolumeGroupChanged volumeEvent=AudioVolumeGroupChangeEvent{groupId: 11, volumeIndex: 0, muted: false, flags: 0}
10-22 12:26:35.837  1795  2154 V AudioVolumeChangeHandler: onAudioVolumeGroupChanged volumeEvent=AudioVolumeGroupChangeEvent{groupId: 11, volumeIndex: 0, muted: false, flags: 0}
10-22 12:26:35.838  1795  5095 V AudioVolumeChangeHandler: onAudioVolumeGroupChanged volumeEvent=AudioVolumeGroupChangeEvent{groupId: 11, volumeIndex: 0, muted: false, flags: 0}
10-22 12:26:35.838  1795  5095 V AudioVolumeChangeHandler: onAudioVolumeGroupChanged volumeEvent=AudioVolumeGroupChangeEvent{groupId: 11, volumeIndex: 0, muted: false, flags: 0}
10-22 12:26:35.839  1795  2154 V AudioVolumeChangeHandler: onAudioVolumeGroupChanged volumeEvent=AudioVolumeGroupChangeEvent{groupId: 12, volumeIndex: 0, muted: false, flags: 0}
10-22 12:26:35.840  1795  2154 V AudioVolumeChangeHandler: onAudioVolumeGroupChanged volumeEvent=AudioVolumeGroupChangeEvent{groupId: 12, volumeIndex: 0, muted: false, flags: 0}
10-22 12:26:35.841  1795  5095 V AudioVolumeChangeHandler: onAudioVolumeGroupChanged volumeEvent=AudioVolumeGroupChangeEvent{groupId: 12, volumeIndex: 0, muted: false, flags: 0}
10-22 12:26:35.842  1795  5095 V AudioVolumeChangeHandler: onAudioVolumeGroupChanged volumeEvent=AudioVolumeGroupChangeEvent{groupId: 12, volumeIndex: 0, muted: false, flags: 0}
10-22 12:26:35.844  1795  5095 V AudioVolumeChangeHandler: onAudioVolumeGroupChanged volumeEvent=AudioVolumeGroupChangeEvent{groupId: 12, volumeIndex: 0, muted: false, flags: 0}
10-22 12:26:35.844  1795  5095 V AudioVolumeChangeHandler: onAudioVolumeGroupChanged volumeEvent=AudioVolumeGroupChangeEvent{groupId: 12, volumeIndex: 0, muted: false, flags: 0}
10-22 12:26:35.845  1795  5095 V AudioVolumeChangeHandler: onAudioVolumeGroupChanged volumeEvent=AudioVolumeGroupChangeEvent{groupId: 12, volumeIndex: 0, muted: false, flags: 0}
10-22 12:26:35.846  1795  5095 V AudioVolumeChangeHandler: onAudioVolumeGroupChanged volumeEvent=AudioVolumeGroupChangeEvent{groupId: 12, volumeIndex: 0, muted: false, flags: 0}
10-22 12:26:35.846  1795  5095 V AudioVolumeChangeHandler: onAudioVolumeGroupChanged volumeEvent=AudioVolumeGroupChangeEvent{groupId: 12, volumeIndex: 0, muted: false, flags: 0}
10-22 12:26:35.847  1795  2154 V AudioVolumeChangeHandler: onAudioVolumeGroupChanged volumeEvent=AudioVolumeGroupChangeEvent{groupId: 12, volumeIndex: 0, muted: false, flags: 0}
10-22 12:26:35.848  1795  2154 V AudioVolumeChangeHandler: onAudioVolumeGroupChanged volumeEvent=AudioVolumeGroupChangeEvent{groupId: 12, volumeIndex: 0, muted: false, flags: 0}
10-22 12:26:35.849  1795  2154 V AudioVolumeChangeHandler: onAudioVolumeGroupChanged volumeEvent=AudioVolumeGroupChangeEvent{groupId: 12, volumeIndex: 0, muted: false, flags: 0}
10-22 12:26:35.900  6354  6894 D ActivityThread: Too many transaction errors, throttling freezer binder callback.
10-22 12:26:36.215  1795  5101 E AppOps  : attributionTag  not declared in manifest of com.example.mobiledigger
10-22 12:26:36.216  1795  5095 E AppOps  : attributionTag  not declared in manifest of com.example.mobiledigger
10-22 12:26:36.240  1795  5102 V AudioVolumeChangeHandler: onAudioVolumeGroupChanged volumeEvent=AudioVolumeGroupChangeEvent{groupId: 4, volumeIndex: 0, muted: false, flags: 0}
10-22 12:26:36.244  1795  5102 V AudioVolumeChangeHandler: onAudioVolumeGroupChanged volumeEvent=AudioVolumeGroupChangeEvent{groupId: 4, volumeIndex: 0, muted: false, flags: 0}
10-22 12:26:36.244  1795  2154 V AudioVolumeChangeHandler: onAudioVolumeGroupChanged volumeEvent=AudioVolumeGroupChangeEvent{groupId: 4, volumeIndex: 0, muted: false, flags: 0}
10-22 12:26:36.245  1795  5102 V AudioVolumeChangeHandler: onAudioVolumeGroupChanged volumeEvent=AudioVolumeGroupChangeEvent{groupId: 4, volumeIndex: 0, muted: false, flags: 0}
10-22 12:26:36.245  1795  5102 V AudioVolumeChangeHandler: onAudioVolumeGroupChanged volumeEvent=AudioVolumeGroupChangeEvent{groupId: 4, volumeIndex: 0, muted: false, flags: 0}
10-22 12:26:36.245  1795  2154 V AudioVolumeChangeHandler: onAudioVolumeGroupChanged volumeEvent=AudioVolumeGroupChangeEvent{groupId: 4, volumeIndex: 0, muted: false, flags: 0}
10-22 12:26:36.245  1795  2154 V AudioVolumeChangeHandler: onAudioVolumeGroupChanged volumeEvent=AudioVolumeGroupChangeEvent{groupId: 4, volumeIndex: 0, muted: false, flags: 0}
10-22 12:26:36.245  1795  2154 V AudioVolumeChangeHandler: onAudioVolumeGroupChanged volumeEvent=AudioVolumeGroupChangeEvent{groupId: 4, volumeIndex: 0, muted: false, flags: 0}
10-22 12:26:36.245  1795  2154 V AudioVolumeChangeHandler: onAudioVolumeGroupChanged volumeEvent=AudioVolumeGroupChangeEvent{groupId: 4, volumeIndex: 0, muted: false, flags: 0}
10-22 12:26:36.246  1795  2154 V AudioVolumeChangeHandler: onAudioVolumeGroupChanged volumeEvent=AudioVolumeGroupChangeEvent{groupId: 4, volumeIndex: 0, muted: false, flags: 0}
10-22 12:26:36.247  1795  5102 V AudioVolumeChangeHandler: onAudioVolumeGroupChanged volumeEvent=AudioVolumeGroupChangeEvent{groupId: 4, volumeIndex: 0, muted: false, flags: 0}
10-22 12:26:36.247  1795  5102 V AudioVolumeChangeHandler: onAudioVolumeGroupChanged volumeEvent=AudioVolumeGroupChangeEvent{groupId: 4, volumeIndex: 0, muted: false, flags: 0}
10-22 12:26:36.255  1795  2154 V AudioVolumeChangeHandler: onAudioVolumeGroupChanged volumeEvent=AudioVolumeGroupChangeEvent{groupId: 10, volumeIndex: 0, muted: false, flags: 0}
10-22 12:26:36.257  1795  5102 V AudioVolumeChangeHandler: onAudioVolumeGroupChanged volumeEvent=AudioVolumeGroupChangeEvent{groupId: 10, volumeIndex: 0, muted: false, flags: 0}
10-22 12:26:36.257  1795  5102 V AudioVolumeChangeHandler: onAudioVolumeGroupChanged volumeEvent=AudioVolumeGroupChangeEvent{groupId: 10, volumeIndex: 0, muted: false, flags: 0}
10-22 12:26:36.257  1795  5102 V AudioVolumeChangeHandler: onAudioVolumeGroupChanged volumeEvent=AudioVolumeGroupChangeEvent{groupId: 10, volumeIndex: 0, muted: false, flags: 0}
10-22 12:26:36.258  1795  5095 V AudioVolumeChangeHandler: onAudioVolumeGroupChanged volumeEvent=AudioVolumeGroupChangeEvent{groupId: 10, volumeIndex: 0, muted: false, flags: 0}
10-22 12:26:36.260  1795  2154 V AudioVolumeChangeHandler: onAudioVolumeGroupChanged volumeEvent=AudioVolumeGroupChangeEvent{groupId: 10, volumeIndex: 0, muted: false, flags: 0}
10-22 12:26:36.260  1795  2154 V AudioVolumeChangeHandler: onAudioVolumeGroupChanged volumeEvent=AudioVolumeGroupChangeEvent{groupId: 10, volumeIndex: 0, muted: false, flags: 0}
10-22 12:26:36.260  1795  2154 V AudioVolumeChangeHandler: onAudioVolumeGroupChanged volumeEvent=AudioVolumeGroupChangeEvent{groupId: 10, volumeIndex: 0, muted: false, flags: 0}
10-22 12:26:36.260  1795  2154 V AudioVolumeChangeHandler: onAudioVolumeGroupChanged volumeEvent=AudioVolumeGroupChangeEvent{groupId: 10, volumeIndex: 0, muted: false, flags: 0}
10-22 12:26:36.261  1795  5095 V AudioVolumeChangeHandler: onAudioVolumeGroupChanged volumeEvent=AudioVolumeGroupChangeEvent{groupId: 10, volumeIndex: 0, muted: false, flags: 0}
10-22 12:26:36.261  1795  5095 V AudioVolumeChangeHandler: onAudioVolumeGroupChanged volumeEvent=AudioVolumeGroupChangeEvent{groupId: 10, volumeIndex: 0, muted: false, flags: 0}
10-22 12:26:36.261  1795  5095 V AudioVolumeChangeHandler: onAudioVolumeGroupChanged volumeEvent=AudioVolumeGroupChangeEvent{groupId: 10, volumeIndex: 0, muted: false, flags: 0}
10-22 12:26:36.264  1795  5102 V AudioVolumeChangeHandler: onAudioVolumeGroupChanged volumeEvent=AudioVolumeGroupChangeEvent{groupId: 11, volumeIndex: 0, muted: false, flags: 0}
10-22 12:26:36.266  1795  5102 V AudioVolumeChangeHandler: onAudioVolumeGroupChanged volumeEvent=AudioVolumeGroupChangeEvent{groupId: 11, volumeIndex: 0, muted: false, flags: 0}
10-22 12:26:36.266  1795  5102 V AudioVolumeChangeHandler: onAudioVolumeGroupChanged volumeEvent=AudioVolumeGroupChangeEvent{groupId: 11, volumeIndex: 0, muted: false, flags: 0}
10-22 12:26:36.267  1795  5102 V AudioVolumeChangeHandler: onAudioVolumeGroupChanged volumeEvent=AudioVolumeGroupChangeEvent{groupId: 11, volumeIndex: 0, muted: false, flags: 0}
10-22 12:26:36.267  1795  5102 V AudioVolumeChangeHandler: onAudioVolumeGroupChanged volumeEvent=AudioVolumeGroupChangeEvent{groupId: 11, volumeIndex: 0, muted: false, flags: 0}
10-22 12:26:36.267  1795  5102 V AudioVolumeChangeHandler: onAudioVolumeGroupChanged volumeEvent=AudioVolumeGroupChangeEvent{groupId: 11, volumeIndex: 0, muted: false, flags: 0}
10-22 12:26:36.268  1795  2154 V AudioVolumeChangeHandler: onAudioVolumeGroupChanged volumeEvent=AudioVolumeGroupChangeEvent{groupId: 11, volumeIndex: 0, muted: false, flags: 0}
10-22 12:26:36.269  1795  5102 V AudioVolumeChangeHandler: onAudioVolumeGroupChanged volumeEvent=AudioVolumeGroupChangeEvent{groupId: 11, volumeIndex: 0, muted: false, flags: 0}
10-22 12:26:36.269  1795  5102 V AudioVolumeChangeHandler: onAudioVolumeGroupChanged volumeEvent=AudioVolumeGroupChangeEvent{groupId: 11, volumeIndex: 0, muted: false, flags: 0}
10-22 12:26:36.270  1795  2154 V AudioVolumeChangeHandler: onAudioVolumeGroupChanged volumeEvent=AudioVolumeGroupChangeEvent{groupId: 11, volumeIndex: 0, muted: false, flags: 0}
10-22 12:26:36.271  1795  2154 V AudioVolumeChangeHandler: onAudioVolumeGroupChanged volumeEvent=AudioVolumeGroupChangeEvent{groupId: 11, volumeIndex: 0, muted: false, flags: 0}
10-22 12:26:36.272  1795  5102 V AudioVolumeChangeHandler: onAudioVolumeGroupChanged volumeEvent=AudioVolumeGroupChangeEvent{groupId: 11, volumeIndex: 0, muted: false, flags: 0}
10-22 12:26:36.273  1795  5102 V AudioVolumeChangeHandler: onAudioVolumeGroupChanged volumeEvent=AudioVolumeGroupChangeEvent{groupId: 12, volumeIndex: 0, muted: false, flags: 0}
10-22 12:26:36.275  1795  1875 I DisplayDeviceRepository: Display device changed render timings: "Built-in Screen", renderFrameRate=60.000004, presentationDeadlineNanos=11499999, appVsyncOffsetNanos=6233334, frameRateOverrides=[]
10-22 12:26:36.276  1795  1872 D WindowManager: DeferredDisplayUpdater: partially applying DisplayInfo(1008 x 2244) immediately
10-22 12:26:36.280  1795  5102 V AudioVolumeChangeHandler: onAudioVolumeGroupChanged volumeEvent=AudioVolumeGroupChangeEvent{groupId: 12, volumeIndex: 0, muted: false, flags: 0}
10-22 12:26:36.280  1795  5102 V AudioVolumeChangeHandler: onAudioVolumeGroupChanged volumeEvent=AudioVolumeGroupChangeEvent{groupId: 12, volumeIndex: 0, muted: false, flags: 0}
10-22 12:26:36.282  1795  2154 V AudioVolumeChangeHandler: onAudioVolumeGroupChanged volumeEvent=AudioVolumeGroupChangeEvent{groupId: 12, volumeIndex: 0, muted: false, flags: 0}
10-22 12:26:36.287  1795  2154 V AudioVolumeChangeHandler: onAudioVolumeGroupChanged volumeEvent=AudioVolumeGroupChangeEvent{groupId: 12, volumeIndex: 0, muted: false, flags: 0}
10-22 12:26:36.287  1795  2154 V AudioVolumeChangeHandler: onAudioVolumeGroupChanged volumeEvent=AudioVolumeGroupChangeEvent{groupId: 12, volumeIndex: 0, muted: false, flags: 0}
10-22 12:26:36.287  1795  5095 V AudioVolumeChangeHandler: onAudioVolumeGroupChanged volumeEvent=AudioVolumeGroupChangeEvent{groupId: 12, volumeIndex: 0, muted: false, flags: 0}
10-22 12:26:36.288  1795  5095 V AudioVolumeChangeHandler: onAudioVolumeGroupChanged volumeEvent=AudioVolumeGroupChangeEvent{groupId: 12, volumeIndex: 0, muted: false, flags: 0}
10-22 12:26:36.288  1795  5095 V AudioVolumeChangeHandler: onAudioVolumeGroupChanged volumeEvent=AudioVolumeGroupChangeEvent{groupId: 12, volumeIndex: 0, muted: false, flags: 0}
10-22 12:26:36.288  1795  5095 V AudioVolumeChangeHandler: onAudioVolumeGroupChanged volumeEvent=AudioVolumeGroupChangeEvent{groupId: 12, volumeIndex: 0, muted: false, flags: 0}
10-22 12:26:36.288  1795  5095 V AudioVolumeChangeHandler: onAudioVolumeGroupChanged volumeEvent=AudioVolumeGroupChangeEvent{groupId: 12, volumeIndex: 0, muted: false, flags: 0}
10-22 12:26:36.288  1795  5095 V AudioVolumeChangeHandler: onAudioVolumeGroupChanged volumeEvent=AudioVolumeGroupChangeEvent{groupId: 12, volumeIndex: 0, muted: false, flags: 0}
10-22 12:26:36.291  1795  2342 I AppsFilter: interaction: PackageSetting{b2cfb8d com.example.mobiledigger/10623} -> PackageSetting{3eb848 com.dropbox.android/10494} BLOCKED
10-22 12:26:36.291  1795  2342 I AppsFilter: interaction: PackageSetting{b2cfb8d com.example.mobiledigger/10623} -> PackageSetting{68a96e1 com.anydesk.anydeskandroid/10320} BLOCKED
10-22 12:26:36.291  1795  2342 I AppsFilter: interaction: PackageSetting{b2cfb8d com.example.mobiledigger/10623} -> PackageSetting{68a96e1 com.anydesk.anydeskandroid/10320} BLOCKED
10-22 12:26:36.291  1795  2342 I AppsFilter: interaction: PackageSetting{b2cfb8d com.example.mobiledigger/10623} -> PackageSetting{dd952c7 com.google.android.documentsui/10090} BLOCKED
10-22 12:26:36.291  1795  2342 I AppsFilter: interaction: PackageSetting{b2cfb8d com.example.mobiledigger/10623} -> PackageSetting{3c374fd com.google.android.apps.docs/10196} BLOCKED
10-22 12:26:36.351  1795  1875 I DisplayDeviceRepository: Display device changed render timings: "Built-in Screen", renderFrameRate=120.00001, presentationDeadlineNanos=11500000, appVsyncOffsetNanos=6233332, frameRateOverrides=[]
10-22 12:26:36.354  1795  1872 D WindowManager: DeferredDisplayUpdater: partially applying DisplayInfo(1008 x 2244) immediately
10-22 12:26:36.548  1795  5095 I AppsFilter: interaction: PackageSetting{b2cfb8d com.example.mobiledigger/10623} -> PackageSetting{3eb848 com.dropbox.android/10494} BLOCKED
10-22 12:26:36.548  1795  5095 I AppsFilter: interaction: PackageSetting{b2cfb8d com.example.mobiledigger/10623} -> PackageSetting{68a96e1 com.anydesk.anydeskandroid/10320} BLOCKED
10-22 12:26:36.548  1795  5095 I AppsFilter: interaction: PackageSetting{b2cfb8d com.example.mobiledigger/10623} -> PackageSetting{68a96e1 com.anydesk.anydeskandroid/10320} BLOCKED
10-22 12:26:36.548  1795  5095 I AppsFilter: interaction: PackageSetting{b2cfb8d com.example.mobiledigger/10623} -> PackageSetting{dd952c7 com.google.android.documentsui/10090} BLOCKED
10-22 12:26:36.548  1795  5095 I AppsFilter: interaction: PackageSetting{b2cfb8d com.example.mobiledigger/10623} -> PackageSetting{3c374fd com.google.android.apps.docs/10196} BLOCKED
10-22 12:26:36.575  1795  5101 I AppsFilter: interaction: PackageSetting{b2cfb8d com.example.mobiledigger/10623} -> PackageSetting{3eb848 com.dropbox.android/10494} BLOCKED
10-22 12:26:36.575  1795  5101 I AppsFilter: interaction: PackageSetting{b2cfb8d com.example.mobiledigger/10623} -> PackageSetting{68a96e1 com.anydesk.anydeskandroid/10320} BLOCKED
10-22 12:26:36.575  1795  5101 I AppsFilter: interaction: PackageSetting{b2cfb8d com.example.mobiledigger/10623} -> PackageSetting{68a96e1 com.anydesk.anydeskandroid/10320} BLOCKED
10-22 12:26:36.575  1795  5101 I AppsFilter: interaction: PackageSetting{b2cfb8d com.example.mobiledigger/10623} -> PackageSetting{dd952c7 com.google.android.documentsui/10090} BLOCKED
10-22 12:26:36.575  1795  5101 I AppsFilter: interaction: PackageSetting{b2cfb8d com.example.mobiledigger/10623} -> PackageSetting{3c374fd com.google.android.apps.docs/10196} BLOCKED
10-22 12:26:36.648  1795  5101 I AppsFilter: interaction: PackageSetting{b2cfb8d com.example.mobiledigger/10623} -> PackageSetting{3eb848 com.dropbox.android/10494} BLOCKED
10-22 12:26:36.648  1795  5101 I AppsFilter: interaction: PackageSetting{b2cfb8d com.example.mobiledigger/10623} -> PackageSetting{68a96e1 com.anydesk.anydeskandroid/10320} BLOCKED
10-22 12:26:36.648  1795  5101 I AppsFilter: interaction: PackageSetting{b2cfb8d com.example.mobiledigger/10623} -> PackageSetting{68a96e1 com.anydesk.anydeskandroid/10320} BLOCKED
10-22 12:26:36.648  1795  5101 I AppsFilter: interaction: PackageSetting{b2cfb8d com.example.mobiledigger/10623} -> PackageSetting{dd952c7 com.google.android.documentsui/10090} BLOCKED
10-22 12:26:36.648  1795  5101 I AppsFilter: interaction: PackageSetting{b2cfb8d com.example.mobiledigger/10623} -> PackageSetting{3c374fd com.google.android.apps.docs/10196} BLOCKED
10-22 12:26:36.914  1795  2342 I AppsFilter: interaction: PackageSetting{b2cfb8d com.example.mobiledigger/10623} -> PackageSetting{3eb848 com.dropbox.android/10494} BLOCKED
10-22 12:26:36.914  1795  2342 I AppsFilter: interaction: PackageSetting{b2cfb8d com.example.mobiledigger/10623} -> PackageSetting{68a96e1 com.anydesk.anydeskandroid/10320} BLOCKED
10-22 12:26:36.914  1795  2342 I AppsFilter: interaction: PackageSetting{b2cfb8d com.example.mobiledigger/10623} -> PackageSetting{68a96e1 com.anydesk.anydeskandroid/10320} BLOCKED
10-22 12:26:36.914  1795  2342 I AppsFilter: interaction: PackageSetting{b2cfb8d com.example.mobiledigger/10623} -> PackageSetting{dd952c7 com.google.android.documentsui/10090} BLOCKED
10-22 12:26:36.914  1795  2342 I AppsFilter: interaction: PackageSetting{b2cfb8d com.example.mobiledigger/10623} -> PackageSetting{3c374fd com.google.android.apps.docs/10196} BLOCKED
10-22 12:26:37.658  1795  5102 D CoreBackPreview: Window{51ff818 u0 Pop-Up Window}: Setting back callback OnBackInvokedCallbackInfo{mCallback=android.window.IOnBackInvokedCallback$Stub$Proxy@411b230, mPriority=1000000, mIsAnimationCallback=false, mOverrideBehavior=0}
10-22 12:26:38.116  1795  1872 D InputManagerService: transferTouch
10-22 12:26:38.124  1795  2342 D CoreBackPreview: Window{2716e92 u0 NotificationShade}: Setting back callback OnBackInvokedCallbackInfo{mCallback=android.window.IOnBackInvokedCallback$Stub$Proxy@5e5af63, mPriority=0, mIsAnimationCallback=false, mOverrideBehavior=0}
10-22 12:26:38.168  1795  2342 D BiometricService: canAuthenticate: User=0, Caller=0, Authenticators=255
10-22 12:26:38.170  1795  2342 D BiometricService/PreAuthInfo: Package: com.android.systemui Sensor ID: 1 Modality: 8 User id: 0 Status: 1
10-22 12:26:38.170  1795  2342 D BiometricService/PreAuthInfo: Package: com.android.systemui Sensor ID: 0 Modality: 2 User id: 0 Status: 1
10-22 12:26:38.171  1795  2342 D BiometricService/PreAuthInfo: getCanAuthenticateInternal Modality: 10 AuthenticatorStatus: 1
10-22 12:26:38.171  1795  2342 D AuthService: canAuthenticate, userId: 0, callingUserId: 0, authenticators: 255, result: 0
10-22 12:26:38.180  1795  2342 D SystemServerTiming: getUserSwitchability-0
10-22 12:26:38.180  1795  2342 D SystemServerTiming: TM.isInCall
10-22 12:26:38.181  1795  2342 D SystemServerTiming: hasUserRestriction-DISALLOW_USER_SWITCH
10-22 12:26:38.181  1795  2342 D SystemServerTiming: getInt-ALLOW_USER_SWITCHING_WHEN_SYSTEM_USER_LOCKED
10-22 12:26:38.181  1795  2342 D SystemServerTiming: isUserUnlocked-USER_SYSTEM
10-22 12:26:38.182  1795  5102 D SystemServerTiming: getUserSwitchability-0
10-22 12:26:38.182  1795  5102 D SystemServerTiming: TM.isInCall
10-22 12:26:38.190  1795  5102 D SystemServerTiming: hasUserRestriction-DISALLOW_USER_SWITCH
10-22 12:26:38.190  1795  5102 D SystemServerTiming: getInt-ALLOW_USER_SWITCHING_WHEN_SYSTEM_USER_LOCKED
10-22 12:26:38.190  1795  5102 D SystemServerTiming: isUserUnlocked-USER_SYSTEM
10-22 12:26:38.212  1795  2535 D BackgroundInstallControlService: Package event received: 0
10-22 12:26:38.227  1795  2535 D BackgroundInstallControlService: Package event received: 0
10-22 12:26:38.645  1795  2535 D BackgroundInstallControlService: Package event received: 0
10-22 12:26:38.646  1795  2535 D BackgroundInstallControlService: Package event received: 0
10-22 12:26:38.649  1795  2535 D BackgroundInstallControlService: Package event received: 0
10-22 12:26:39.331  1795  1897 D ActivityManager: sync unfroze 26029 com.Slack for 3
10-22 12:26:39.343  1795  2535 D BackgroundInstallControlService: Package event received: 0
10-22 12:26:39.927  1795  5102 D CoreBackPreview: Window{2716e92 u0 NotificationShade}: Setting back callback null
10-22 12:26:39.941  1795  2154 W PackageConfigPersister: App-specific configuration not found for packageName: com.example.mobiledigger and userId: 0
10-22 12:26:40.177  1795  1875 I DisplayDeviceRepository: Display device changed render timings: "Built-in Screen", renderFrameRate=60.000004, presentationDeadlineNanos=11499999, appVsyncOffsetNanos=6233334, frameRateOverrides=[]
10-22 12:26:40.177  1795  1872 D WindowManager: DeferredDisplayUpdater: partially applying DisplayInfo(1008 x 2244) immediately
10-22 12:26:40.302  1795  1875 I DisplayDeviceRepository: Display device changed render timings: "Built-in Screen", renderFrameRate=120.00001, presentationDeadlineNanos=11500000, appVsyncOffsetNanos=6233332, frameRateOverrides=[]
10-22 12:26:40.304  1795  1872 D WindowManager: DeferredDisplayUpdater: partially applying DisplayInfo(1008 x 2244) immediately
10-22 12:26:40.670  1795  5087 D CoreBackPreview: Window{51ff818 u0 Pop-Up Window}: Setting back callback null
10-22 12:26:40.942  6354  6894 D ActivityThread: Too many transaction errors, throttling freezer binder callback.
10-22 12:26:41.187  1795  1875 I DisplayDeviceRepository: Display device changed render timings: "Built-in Screen", renderFrameRate=60.000004, presentationDeadlineNanos=11499999, appVsyncOffsetNanos=6233334, frameRateOverrides=[]
10-22 12:26:41.189  1795  1872 D WindowManager: DeferredDisplayUpdater: partially applying DisplayInfo(1008 x 2244) immediately
10-22 12:26:45.306  1795  2363 D ActivityManager: freezing 29004 com.google.android.apps.pixel.dcservice
10-22 12:26:45.978  1795  5087 W ActivityManager: pid 6354 com.google.android.apps.chromecast.app sent binder code 1 with flags 0 and got error -32
10-22 12:26:49.196  1795  2535 D BackgroundInstallControlService: Package event received: 0
10-22 12:26:51.013  6354  6894 D ActivityThread: Too many transaction errors, throttling freezer binder callback.
10-22 12:26:54.925  1795  1965 W PackageManager: Not removing package com.google.android.libraries.internal.sampleads_20009 hosting lib com.google.android.libraries.internal.sampleads version 20009 used by [VersionedPackage[com.google.android.play.games/618434440]] for user 0
10-22 12:26:54.926  1795  1965 W PackageManager: Not removing package com.google.android.trichromelibrary hosting lib com.google.android.trichromelibrary version 733920733 used by [VersionedPackage[com.google.android.webview/733920733]] for user 0
10-22 12:26:55.806  1795  1875 I DisplayDeviceRepository: Display device changed render timings: "Built-in Screen", renderFrameRate=120.00001, presentationDeadlineNanos=11500000, appVsyncOffsetNanos=6233332, frameRateOverrides=[]
10-22 12:26:55.807  1795  1872 D WindowManager: DeferredDisplayUpdater: partially applying DisplayInfo(1008 x 2244) immediately
10-22 12:26:56.060  6354  6894 D ActivityThread: Too many transaction errors, throttling freezer binder callback.
10-22 12:26:56.378  1795  1875 I DisplayDeviceRepository: Display device changed render timings: "Built-in Screen", renderFrameRate=60.000004, presentationDeadlineNanos=11499999, appVsyncOffsetNanos=6233334, frameRateOverrides=[]
10-22 12:26:56.379  1795  1872 D WindowManager: DeferredDisplayUpdater: partially applying DisplayInfo(1008 x 2244) immediately
10-22 12:26:57.132  1795  1875 I DisplayDeviceRepository: Display device changed render timings: "Built-in Screen", renderFrameRate=120.00001, presentationDeadlineNanos=11500000, appVsyncOffsetNanos=6233332, frameRateOverrides=[]
10-22 12:26:57.135  1795  1872 D WindowManager: DeferredDisplayUpdater: partially applying DisplayInfo(1008 x 2244) immediately
10-22 12:26:57.631  1795  1875 I DisplayDeviceRepository: Display device changed render timings: "Built-in Screen", renderFrameRate=60.000004, presentationDeadlineNanos=11499999, appVsyncOffsetNanos=6233334, frameRateOverrides=[]
10-22 12:26:57.632  1795  1872 D WindowManager: DeferredDisplayUpdater: partially applying DisplayInfo(1008 x 2244) immediately
10-22 12:26:59.271  1795  2363 D ActivityManager: freezing 26029 com.Slack
10-22 12:27:01.099  1795  2154 W ActivityManager: pid 6354 com.google.android.apps.chromecast.app sent binder code 1 with flags 0 and got error -32
10-22 12:27:06.052  1795  1875 I DisplayDeviceRepository: Display device changed render timings: "Built-in Screen", renderFrameRate=120.00001, presentationDeadlineNanos=11500000, appVsyncOffsetNanos=6233332, frameRateOverrides=[]
10-22 12:27:06.056  1795  1872 D WindowManager: DeferredDisplayUpdater: partially applying DisplayInfo(1008 x 2244) immediately
10-22 12:27:06.130  6354  6894 D ActivityThread: Too many transaction errors, throttling freezer binder callback.
10-22 12:27:06.501  1795  1875 I DisplayDeviceRepository: Display device changed render timings: "Built-in Screen", renderFrameRate=60.000004, presentationDeadlineNanos=11499999, appVsyncOffsetNanos=6233334, frameRateOverrides=[]
10-22 12:27:06.502  1795  1872 D WindowManager: DeferredDisplayUpdater: partially applying DisplayInfo(1008 x 2244) immediately
10-22 12:27:08.416  1795  2535 D BackgroundInstallControlService: Package event received: 0
10-22 12:27:08.468  1795  2154 I ActivityManager: Background started FGS: Allowed [callingPackage: com.whatsapp; callingUid: 10273; uidState: SVC ; uidBFSL: n/a; intent: Intent { xflg=0x4 cmp=com.whatsapp/.messaging.service.GcmFGService }; code:PUSH_MESSAGING; tempAllowListReason:<c530672 com.google.android.c2dm.intent.RECEIVE/u0,reasonCode:PUSH_MESSAGING,duration:20000,callingUid:10124>; allowWiu:-1; targetSdkVersion:35; callerTargetSdkVersion:35; startForegroundCount:0; bindFromPackage:null: isBindService:false]
10-22 12:27:08.486  1795  2535 D BackgroundInstallControlService: Package event received: 0
10-22 12:27:08.502  1795  2154 W ActivityManager: Foreground service started from background can not have location/camera/microphone access: service com.whatsapp/.messaging.service.GcmFGService
10-22 12:27:08.503  1795  2154 I ActivityManager: Background started FGS: Allowed [callingPackage: com.whatsapp; callingUid: 10273; uidState: FGS ; uidBFSL: [BFSL]; intent: Intent { cmp=com.whatsapp/.messaging.service.GcmFGService }; code:PROC_STATE_FGS; tempAllowListReason:<c530672 com.google.android.c2dm.intent.RECEIVE/u0,reasonCode:PUSH_MESSAGING,duration:20000,callingUid:10124>; allowWiu:-1; targetSdkVersion:35; callerTargetSdkVersion:35; startForegroundCount:0; bindFromPackage:null: isBindService:false]
10-22 12:27:08.505  1795  2154 W ForegroundServiceTypeLoggerModule: Foreground service start for UID: 10273 does not have any types
10-22 12:27:08.506  1795  2535 D BackgroundInstallControlService: Package event received: 0
10-22 12:27:08.527  1795  2535 D BackgroundInstallControlService: Package event received: 0
10-22 12:27:09.206  1795  2363 D ActivityManager: freezing 1256 com.android.externalstorage
10-22 12:27:09.229  1795  1875 I DisplayDeviceRepository: Display device changed render timings: "Built-in Screen", renderFrameRate=120.00001, presentationDeadlineNanos=11500000, appVsyncOffsetNanos=6233332, frameRateOverrides=[]
10-22 12:27:09.230  1795  1872 D WindowManager: DeferredDisplayUpdater: partially applying DisplayInfo(1008 x 2244) immediately
10-22 12:27:09.537  1795  2535 D BackgroundInstallControlService: Package event received: 0
10-22 12:27:09.754  1795  1875 I DisplayDeviceRepository: Display device changed render timings: "Built-in Screen", renderFrameRate=60.000004, presentationDeadlineNanos=11499999, appVsyncOffsetNanos=6233334, frameRateOverrides=[]
10-22 12:27:09.758  1795  1872 D WindowManager: DeferredDisplayUpdater: partially applying DisplayInfo(1008 x 2244) immediately
10-22 12:27:10.113  1411  1411 I vendor.google.wifi_ext-service-vendor: Wifi: Setting SAR Scenario to 5
10-22 12:27:10.820  1795  1875 I DisplayDeviceRepository: Display device changed render timings: "Built-in Screen", renderFrameRate=120.00001, presentationDeadlineNanos=11500000, appVsyncOffsetNanos=6233332, frameRateOverrides=[]
10-22 12:27:10.821  1795  1872 D WindowManager: DeferredDisplayUpdater: partially applying DisplayInfo(1008 x 2244) immediately
10-22 12:27:11.004  1795  5090 V AudioVolumeChangeHandler: onAudioVolumeGroupChanged volumeEvent=AudioVolumeGroupChangeEvent{groupId: 4, volumeIndex: 0, muted: false, flags: 0}
10-22 12:27:11.008  1795  5090 V AudioVolumeChangeHandler: onAudioVolumeGroupChanged volumeEvent=AudioVolumeGroupChangeEvent{groupId: 12, volumeIndex: 0, muted: false, flags: 0}
10-22 12:27:11.011  1795  2154 V AudioVolumeChangeHandler: onAudioVolumeGroupChanged volumeEvent=AudioVolumeGroupChangeEvent{groupId: 11, volumeIndex: 0, muted: false, flags: 0}
10-22 12:27:11.015  1795  2154 V AudioVolumeChangeHandler: onAudioVolumeGroupChanged volumeEvent=AudioVolumeGroupChangeEvent{groupId: 10, volumeIndex: 0, muted: false, flags: 0}
10-22 12:27:11.018  1795  2154 V AudioVolumeChangeHandler: onAudioVolumeGroupChanged volumeEvent=AudioVolumeGroupChangeEvent{groupId: 10, volumeIndex: 0, muted: false, flags: 0}
10-22 12:27:11.058  1795  5101 D CoreBackPreview: Window{c535184 u0 VolumeDialog}: Setting back callback OnBackInvokedCallbackInfo{mCallback=android.window.IOnBackInvokedCallback$Stub$Proxy@2d14d1c, mPriority=-1, mIsAnimationCallback=false, mOverrideBehavior=0}
10-22 12:27:11.166  6354  6894 D ActivityThread: Too many transaction errors, throttling freezer binder callback.
10-22 12:27:11.201  1795  5101 D ActivityManager: Stop FGS timeout: ServiceRecord{6091f6c u0 com.whatsapp/.messaging.service.GcmFGService c:com.whatsapp}
10-22 12:27:11.202  1795  5101 W ForegroundServiceTypeLoggerModule: FGS stop call for: 10273 has no types!
10-22 12:27:11.203  1795  2535 D BackgroundInstallControlService: Package event received: 0
10-22 12:27:11.207  1795  2535 D BackgroundInstallControlService: Package event received: 0
10-22 12:27:11.244  1795  4174 V AudioVolumeChangeHandler: onAudioVolumeGroupChanged volumeEvent=AudioVolumeGroupChangeEvent{groupId: 4, volumeIndex: 0, muted: false, flags: 0}
10-22 12:27:11.249  1795  4174 V AudioVolumeChangeHandler: onAudioVolumeGroupChanged volumeEvent=AudioVolumeGroupChangeEvent{groupId: 12, volumeIndex: 0, muted: false, flags: 0}
10-22 12:27:11.264  1795  5090 V AudioVolumeChangeHandler: onAudioVolumeGroupChanged volumeEvent=AudioVolumeGroupChangeEvent{groupId: 11, volumeIndex: 0, muted: false, flags: 0}
10-22 12:27:11.265  1795  5087 V AudioVolumeChangeHandler: onAudioVolumeGroupChanged volumeEvent=AudioVolumeGroupChangeEvent{groupId: 10, volumeIndex: 0, muted: false, flags: 0}
10-22 12:27:11.265  1795  5087 V AudioVolumeChangeHandler: onAudioVolumeGroupChanged volumeEvent=AudioVolumeGroupChangeEvent{groupId: 10, volumeIndex: 0, muted: false, flags: 0}
10-22 12:27:11.293  1795  5090 V AudioVolumeChangeHandler: onAudioVolumeGroupChanged volumeEvent=AudioVolumeGroupChangeEvent{groupId: 4, volumeIndex: 0, muted: false, flags: 0}
10-22 12:27:11.297  1795  4225 V AudioVolumeChangeHandler: onAudioVolumeGroupChanged volumeEvent=AudioVolumeGroupChangeEvent{groupId: 12, volumeIndex: 0, muted: false, flags: 0}
10-22 12:27:11.299  1795  5090 V AudioVolumeChangeHandler: onAudioVolumeGroupChanged volumeEvent=AudioVolumeGroupChangeEvent{groupId: 11, volumeIndex: 0, muted: false, flags: 0}
10-22 12:27:11.306  1795  4225 V AudioVolumeChangeHandler: onAudioVolumeGroupChanged volumeEvent=AudioVolumeGroupChangeEvent{groupId: 10, volumeIndex: 0, muted: false, flags: 0}
10-22 12:27:11.308  1795  5090 V AudioVolumeChangeHandler: onAudioVolumeGroupChanged volumeEvent=AudioVolumeGroupChangeEvent{groupId: 10, volumeIndex: 0, muted: false, flags: 0}
10-22 12:27:11.339  1795  5095 V AudioVolumeChangeHandler: onAudioVolumeGroupChanged volumeEvent=AudioVolumeGroupChangeEvent{groupId: 4, volumeIndex: 0, muted: false, flags: 0}
10-22 12:27:11.341  1795  5090 V AudioVolumeChangeHandler: onAudioVolumeGroupChanged volumeEvent=AudioVolumeGroupChangeEvent{groupId: 12, volumeIndex: 0, muted: false, flags: 0}
10-22 12:27:11.344  1795  5087 V AudioVolumeChangeHandler: onAudioVolumeGroupChanged volumeEvent=AudioVolumeGroupChangeEvent{groupId: 11, volumeIndex: 0, muted: false, flags: 0}
10-22 12:27:11.345  1795  5090 V AudioVolumeChangeHandler: onAudioVolumeGroupChanged volumeEvent=AudioVolumeGroupChangeEvent{groupId: 10, volumeIndex: 0, muted: false, flags: 0}
10-22 12:27:11.348  1795  5090 V AudioVolumeChangeHandler: onAudioVolumeGroupChanged volumeEvent=AudioVolumeGroupChangeEvent{groupId: 10, volumeIndex: 0, muted: false, flags: 0}
10-22 12:27:11.388  1795  4225 V AudioVolumeChangeHandler: onAudioVolumeGroupChanged volumeEvent=AudioVolumeGroupChangeEvent{groupId: 4, volumeIndex: 0, muted: false, flags: 0}
10-22 12:27:11.388  1795  4225 V AudioVolumeChangeHandler: onAudioVolumeGroupChanged volumeEvent=AudioVolumeGroupChangeEvent{groupId: 12, volumeIndex: 0, muted: false, flags: 0}
10-22 12:27:11.389  1795  5101 V AudioVolumeChangeHandler: onAudioVolumeGroupChanged volumeEvent=AudioVolumeGroupChangeEvent{groupId: 11, volumeIndex: 0, muted: false, flags: 0}
10-22 12:27:11.390  1795  5101 V AudioVolumeChangeHandler: onAudioVolumeGroupChanged volumeEvent=AudioVolumeGroupChangeEvent{groupId: 10, volumeIndex: 0, muted: false, flags: 0}
10-22 12:27:11.392  1795  5101 V AudioVolumeChangeHandler: onAudioVolumeGroupChanged volumeEvent=AudioVolumeGroupChangeEvent{groupId: 10, volumeIndex: 0, muted: false, flags: 0}
10-22 12:27:11.409  1795  5101 V AudioVolumeChangeHandler: onAudioVolumeGroupChanged volumeEvent=AudioVolumeGroupChangeEvent{groupId: 4, volumeIndex: 0, muted: false, flags: 0}
10-22 12:27:11.413  1795  5095 V AudioVolumeChangeHandler: onAudioVolumeGroupChanged volumeEvent=AudioVolumeGroupChangeEvent{groupId: 12, volumeIndex: 0, muted: false, flags: 0}
10-22 12:27:11.414  1795  5095 V AudioVolumeChangeHandler: onAudioVolumeGroupChanged volumeEvent=AudioVolumeGroupChangeEvent{groupId: 11, volumeIndex: 0, muted: false, flags: 0}
10-22 12:27:11.414  1795  5095 V AudioVolumeChangeHandler: onAudioVolumeGroupChanged volumeEvent=AudioVolumeGroupChangeEvent{groupId: 10, volumeIndex: 0, muted: false, flags: 0}
10-22 12:27:11.415  1795  5087 V AudioVolumeChangeHandler: onAudioVolumeGroupChanged volumeEvent=AudioVolumeGroupChangeEvent{groupId: 10, volumeIndex: 0, muted: false, flags: 0}
10-22 12:27:11.467  1795  5087 V AudioVolumeChangeHandler: onAudioVolumeGroupChanged volumeEvent=AudioVolumeGroupChangeEvent{groupId: 4, volumeIndex: 0, muted: false, flags: 0}
10-22 12:27:11.469  1795  5101 V AudioVolumeChangeHandler: onAudioVolumeGroupChanged volumeEvent=AudioVolumeGroupChangeEvent{groupId: 12, volumeIndex: 0, muted: false, flags: 0}
10-22 12:27:11.472  1795  5101 V AudioVolumeChangeHandler: onAudioVolumeGroupChanged volumeEvent=AudioVolumeGroupChangeEvent{groupId: 11, volumeIndex: 0, muted: false, flags: 0}
10-22 12:27:11.473  1795  5101 V AudioVolumeChangeHandler: onAudioVolumeGroupChanged volumeEvent=AudioVolumeGroupChangeEvent{groupId: 10, volumeIndex: 0, muted: false, flags: 0}
10-22 12:27:11.473  1795  5101 V AudioVolumeChangeHandler: onAudioVolumeGroupChanged volumeEvent=AudioVolumeGroupChangeEvent{groupId: 10, volumeIndex: 0, muted: false, flags: 0}
10-22 12:27:11.520  1795  4225 V AudioVolumeChangeHandler: onAudioVolumeGroupChanged volumeEvent=AudioVolumeGroupChangeEvent{groupId: 4, volumeIndex: 0, muted: false, flags: 0}
10-22 12:27:11.522  1795  5101 V AudioVolumeChangeHandler: onAudioVolumeGroupChanged volumeEvent=AudioVolumeGroupChangeEvent{groupId: 12, volumeIndex: 0, muted: false, flags: 0}
10-22 12:27:11.523  1795  5101 V AudioVolumeChangeHandler: onAudioVolumeGroupChanged volumeEvent=AudioVolumeGroupChangeEvent{groupId: 11, volumeIndex: 0, muted: false, flags: 0}
10-22 12:27:11.524  1795  4225 V AudioVolumeChangeHandler: onAudioVolumeGroupChanged volumeEvent=AudioVolumeGroupChangeEvent{groupId: 10, volumeIndex: 0, muted: false, flags: 0}
10-22 12:27:11.525  1795  5095 V AudioVolumeChangeHandler: onAudioVolumeGroupChanged volumeEvent=AudioVolumeGroupChangeEvent{groupId: 10, volumeIndex: 0, muted: false, flags: 0}
10-22 12:27:12.514  1795  4225 V AudioVolumeChangeHandler: onAudioVolumeGroupChanged volumeEvent=AudioVolumeGroupChangeEvent{groupId: 4, volumeIndex: 0, muted: false, flags: 0}
10-22 12:27:12.517  1795  4225 V AudioVolumeChangeHandler: onAudioVolumeGroupChanged volumeEvent=AudioVolumeGroupChangeEvent{groupId: 12, volumeIndex: 0, muted: false, flags: 0}
10-22 12:27:12.523  1795  4225 V AudioVolumeChangeHandler: onAudioVolumeGroupChanged volumeEvent=AudioVolumeGroupChangeEvent{groupId: 11, volumeIndex: 0, muted: false, flags: 0}
10-22 12:27:12.529  1795  4225 V AudioVolumeChangeHandler: onAudioVolumeGroupChanged volumeEvent=AudioVolumeGroupChangeEvent{groupId: 10, volumeIndex: 0, muted: false, flags: 0}
10-22 12:27:12.533  1795  4225 V AudioVolumeChangeHandler: onAudioVolumeGroupChanged volumeEvent=AudioVolumeGroupChangeEvent{groupId: 10, volumeIndex: 0, muted: false, flags: 0}
10-22 12:27:12.745  1795  1872 D InputManagerService: transferTouch
10-22 12:27:12.749  1795  4225 D CoreBackPreview: Window{2716e92 u0 NotificationShade}: Setting back callback OnBackInvokedCallbackInfo{mCallback=android.window.IOnBackInvokedCallback$Stub$Proxy@ad41e7d, mPriority=0, mIsAnimationCallback=false, mOverrideBehavior=0}
10-22 12:27:12.795  1795  5087 D BiometricService: canAuthenticate: User=0, Caller=0, Authenticators=255
10-22 12:27:12.797  1795  5087 D BiometricService/PreAuthInfo: Package: com.android.systemui Sensor ID: 1 Modality: 8 User id: 0 Status: 1
10-22 12:27:12.797  1795  5087 D BiometricService/PreAuthInfo: Package: com.android.systemui Sensor ID: 0 Modality: 2 User id: 0 Status: 1
10-22 12:27:12.798  1795  5087 D BiometricService/PreAuthInfo: getCanAuthenticateInternal Modality: 10 AuthenticatorStatus: 1
10-22 12:27:12.798  1795  5087 D AuthService: canAuthenticate, userId: 0, callingUserId: 0, authenticators: 255, result: 0
10-22 12:27:12.810  1795  4225 D SystemServerTiming: getUserSwitchability-0
10-22 12:27:12.810  1795  4225 D SystemServerTiming: TM.isInCall
10-22 12:27:12.810  1795  4225 D SystemServerTiming: hasUserRestriction-DISALLOW_USER_SWITCH
10-22 12:27:12.810  1795  4225 D SystemServerTiming: getInt-ALLOW_USER_SWITCHING_WHEN_SYSTEM_USER_LOCKED
10-22 12:27:12.810  1795  5095 D SystemServerTiming: getUserSwitchability-0
10-22 12:27:12.810  1795  5095 D SystemServerTiming: TM.isInCall
10-22 12:27:12.810  1795  4225 D SystemServerTiming: isUserUnlocked-USER_SYSTEM
10-22 12:27:12.812  1795  5095 D SystemServerTiming: hasUserRestriction-DISALLOW_USER_SWITCH
10-22 12:27:12.812  1795  5095 D SystemServerTiming: getInt-ALLOW_USER_SWITCHING_WHEN_SYSTEM_USER_LOCKED
10-22 12:27:12.812  1795  5095 D SystemServerTiming: isUserUnlocked-USER_SYSTEM
10-22 12:27:12.929  1795  5101 D CoreBackPreview: Window{c535184 u0 VolumeDialog}: Setting back callback null
10-22 12:27:13.266  1795  2535 D BackgroundInstallControlService: Package event received: 0
10-22 12:27:15.243  1795  4225 D CoreBackPreview: Window{2716e92 u0 NotificationShade}: Setting back callback null
10-22 12:27:15.280  1795  5090 W PackageConfigPersister: App-specific configuration not found for packageName: com.example.mobiledigger and userId: 0
10-22 12:27:15.452  2587  2613 V WindowManagerShell: PipDesktopState: Recents transition state changed: TRANSITION_STATE_REQUESTED
10-22 12:27:15.452  2587  2613 V ShellRecents: RecentsTransitionHandler.startRecentsTransition, displayId=0
10-22 12:27:15.452  2587  2613 V WindowManagerShell:  handleRecentsRequest displayId=0 deskActive=false
10-22 12:27:15.452  2587  2613 V WindowManagerShell: Directly starting a new transition type=START_RECENTS_TRANSITION(FIRST_CUSTOM+21) wct=WindowContainerTransaction { changes= {} hops= [{pendingIntent: options=Bundle[{android.activity.splashScreenStyle=-1, android.activity.sourceInfo=android.app.ActivityOptions$SourceInfo@53da9bf, android.pendingIntent.backgroundActivityAllowed=3, android.activity.launchDisplayId=0, android:activity.animAbortListener=null, android.activity.transientLaunch=true}]}] errorCallbackToken=null taskFragmentOrganizer=null } handler=com.android.wm.shell.recents.RecentsTransitionHandler@6163c3f
10-22 12:27:15.455  1795  5090 V WindowManager: deferTransitionReady deferReadyDepth=1 stack=com.android.server.wm.WindowOrganizerController.applyTransaction:642 com.android.server.wm.WindowOrganizerController.applyTransaction:620 com.android.server.wm.WindowOrganizerController.lambda$startTransition$3:374 com.android.server.wm.WindowOrganizerController.$r8$lambda$PHnU0rj5Bcvaq0dL-Wi7kOJt8bo:0 com.android.server.wm.WindowOrganizerController$$ExternalSyntheticLambda5.onCollectStarted:0 
10-22 12:27:15.457  1795  5090 V WindowManager: continueTransitionReady deferReadyDepth=0 stack=com.android.server.wm.WindowOrganizerController.applyTransaction:789 com.android.server.wm.WindowOrganizerController.applyTransaction:620 com.android.server.wm.WindowOrganizerController.lambda$startTransition$3:374 com.android.server.wm.WindowOrganizerController.$r8$lambda$PHnU0rj5Bcvaq0dL-Wi7kOJt8bo:0 com.android.server.wm.WindowOrganizerController$$ExternalSyntheticLambda5.onCollectStarted:0 
10-22 12:27:15.458  1795  5090 V WindowManager: Defer transition id=2642 for TaskFragmentTransaction=android.os.Binder@74582ad
10-22 12:27:15.458  1795  5090 V WindowManager: deferTransitionReady deferReadyDepth=1 stack=com.android.server.wm.TransitionController.deferTransitionReady:1014 com.android.server.wm.TaskFragmentOrganizerController$TaskFragmentOrganizerState.dispatchTransaction:508 com.android.server.wm.TaskFragmentOrganizerController.dispatchPendingEvents:1250 com.android.server.wm.TaskFragmentOrganizerController.dispatchPendingEvents:1219 com.android.server.wm.RootWindowContainer.performSurfacePlacementNoTrace:808 
10-22 12:27:15.458  2587  2613 V ShellRecents: [186751957] RecentsController.setTransition: id=android.os.BinderProxy@db3a88c
10-22 12:27:15.459  1795  1875 I ActivityManager: updateOomAdj start time is before than pendingPid added, don't delete it
10-22 12:27:15.461  1795  2535 D BackgroundInstallControlService: Package event received: 0
10-22 12:27:15.461  1795  2535 D BackgroundInstallControlService: Package event received: 0
10-22 12:27:15.463  1795  2154 D InputManagerService: pilferPointers
10-22 12:27:15.467  1795  2535 D BackgroundInstallControlService: Package event received: 0
10-22 12:27:15.469  1795  5090 V WindowManager: Continue transition id=2642 for TaskFragmentTransaction=android.os.Binder@74582ad
10-22 12:27:15.469  1795  5090 V WindowManager: continueTransitionReady deferReadyDepth=0 stack=com.android.server.wm.TransitionController.continueTransitionReady:1023 com.android.server.wm.TaskFragmentOrganizerController$TaskFragmentOrganizerState.onTransactionFinished:537 com.android.server.wm.TaskFragmentOrganizerController.onTransactionHandled:731 android.window.ITaskFragmentOrganizerController$Stub.onTransact:225 android.os.Binder.execTransactInternal:1441 
10-22 12:27:15.489  2587  3193 V WindowManagerShell: onTransitionReady(transaction=7709466493740)
10-22 12:27:15.489  2587  2613 V WindowManagerShell: onTransitionReady (#2642) android.os.BinderProxy@db3a88c: {id=2642 t=FIRST_CUSTOM+21 f=0x80 trk=0 r=[0@Point(0, 0)] c=[
10-22 12:27:15.489  2587  2613 V WindowManagerShell:         {m=TO_FRONT f=SHOW_WALLPAPER|MOVE_TO_TOP leash=Surface(name=Task=1)/@0xbd111b7 sb=Rect(0, 0 - 1008, 2244) eb=Rect(0, 0 - 1008, 2244) epz=Point(1008, 2244) d=0 taskParent=-1 winMode=1},
10-22 12:27:15.489  2587  2613 V WindowManagerShell:         {m=TO_BACK f=NONE leash=Surface(name=Task=47885)/@0x5f47d24 sb=Rect(0, 0 - 1008, 2244) eb=Rect(0, 0 - 1008, 2244) epz=Point(1008, 2244) d=0 taskParent=-1 winMode=1},
10-22 12:27:15.489  2587  2613 V WindowManagerShell:         {m=TO_FRONT f=IS_WALLPAPER leash=Surface(name=WallpaperWindowToken{9bbf82f})/@0x512708d sb=Rect(0, 0 - 1008, 2244) eb=Rect(0, 0 - 1008, 2244) epz=Point(1008, 2244) d=0}
10-22 12:27:15.489  2587  2613 V WindowManagerShell:     ]}
10-22 12:27:15.490  2587  2613 V WindowManagerShell: Playing animation for (#2642) android.os.BinderProxy@db3a88c@0
10-22 12:27:15.490  2587  2613 V WindowManagerShell:  try firstHandler com.android.wm.shell.recents.RecentsTransitionHandler@6163c3f
10-22 12:27:15.490  2587  2613 V ShellRecents: [186751957] RecentsController.start
10-22 12:27:15.490  2587  2613 V ShellRecents:   not handling home taskId=1
10-22 12:27:15.491  2587  2613 V ShellRecents:   adding pausing leaf taskId=47885 at layer=8
10-22 12:27:15.491  2587  2613 V ShellRecents: Applying transaction=7709466493740
10-22 12:27:15.492  2587  2613 V ShellRecents: No matching remote found to takeover (#2642)
10-22 12:27:15.492  2587  2613 V ShellSplitScreen: getSplitBoundsForTaskId: expected split bounds for taskId=47885 but not found
10-22 12:27:15.492  2587  2613 V ShellRecents: [186751957] RecentsController.start: calling onAnimationStart with 2 apps
10-22 12:27:15.493  2587  2613 V WindowManagerShell: PipDesktopState: Recents transition state changed: TRANSITION_STATE_ANIMATING
10-22 12:27:15.493  2587  2613 V WindowManagerShell:  animated by firstHandler
10-22 12:27:15.493  2587  2613 D Bubbles : onLocusVisibilityChanged=Overview|ENABLED visible=true taskId=1
10-22 12:27:15.493  1795  1870 V WindowManager: Sent Transition (#2642) createdAt=10-22 12:27:15.454
10-22 12:27:15.494  1795  1870 V WindowManager:     startWCT=WindowContainerTransaction { changes= {} hops= [{pendingIntent: options=Bundle[{android.activity.splashScreenStyle=-1, android.activity.sourceInfo=android.app.ActivityOptions$SourceInfo@b2e8906, android.pendingIntent.backgroundActivityAllowed=3, android.activity.launchDisplayId=0, android:activity.animAbortListener=null, android.activity.transientLaunch=true}]}] errorCallbackToken=null taskFragmentOrganizer=null }
10-22 12:27:15.494  1795  1870 V WindowManager:     info={id=2642 t=FIRST_CUSTOM+21 f=0x80 trk=0 r=[0@Point(0, 0)] c=[
10-22 12:27:15.494  1795  1870 V WindowManager:         {WCT{RemoteToken{27ece9e Task{3a42499 #1 type=home}}} m=TO_FRONT f=SHOW_WALLPAPER|MOVE_TO_TOP leash=Surface(name=Task=1)/@0x7af3d70 sb=Rect(0, 0 - 1008, 2244) eb=Rect(0, 0 - 1008, 2244) epz=Point(1008, 2244) d=0 taskParent=-1 winMode=1},
10-22 12:27:15.494  1795  1870 V WindowManager:         {WCT{RemoteToken{a09406f Task{978f97f #47885 type=standard I=com.example.mobiledigger/.MainActivity}}} m=TO_BACK f=NONE leash=Surface(name=Task=47885)/@0x35dd249 sb=Rect(0, 0 - 1008, 2244) eb=Rect(0, 0 - 1008, 2244) epz=Point(1008, 2244) d=0 taskParent=-1 winMode=1},
10-22 12:27:15.494  1795  1870 V WindowManager:         {m=TO_FRONT f=IS_WALLPAPER leash=Surface(name=WallpaperWindowToken{9bbf82f})/@0x9bedd22 sb=Rect(0, 0 - 1008, 2244) eb=Rect(0, 0 - 1008, 2244) epz=Point(1008, 2244) d=0}
10-22 12:27:15.494  1795  1870 V WindowManager:     ]}
10-22 12:27:15.496  2587  2613 V ShellRecents: [186751957] RecentsController.setInputConsumerEnabled: set focus to recents
10-22 12:27:15.499  1795  2388 E HandwritingModeController: Cannot get requestId: Handwriting was not initialized.
10-22 12:27:15.500  2587  3193 V ShellRecents: [186751957] RecentsController.detachNavigationBarFromApp
10-22 12:27:15.502  1795  2535 D BackgroundInstallControlService: Package event received: 0
10-22 12:27:15.503  2587  2613 D WindowManagerShell: setLauncherKeepClearAreaHeight: visible=true, height=345
10-22 12:27:15.503  2587  2613 D Bubbles : onLocusVisibilityChanged=Overview|ENABLED visible=false taskId=1
10-22 12:27:15.503  2587  2613 D Bubbles : onLocusVisibilityChanged=Overview|DISABLED visible=true taskId=1
10-22 12:27:15.503  1795  2535 D BackgroundInstallControlService: Package event received: 0
10-22 12:27:15.504  1795  2535 D BackgroundInstallControlService: Package event received: 0
10-22 12:27:15.504  1795  2535 D BackgroundInstallControlService: Package event received: 0
10-22 12:27:15.507  1795  2535 D BackgroundInstallControlService: Package event received: 0
10-22 12:27:15.507  1795  2535 D BackgroundInstallControlService: Package event received: 0
10-22 12:27:15.507  1795  1875 W ProcessStats: Tracking association SourceState{8527eae system/1000 BFgs #284027} whose proc state 4 is better than process ProcessState{64d244f eu.darken.sdmse/10570 pkg=eu.darken.sdmse} proc state 5 (0 skipped)
10-22 12:27:15.508  1795  2535 D BackgroundInstallControlService: Package event received: 0
