--------- beginning of main
11-10 15:32:17.823  1484  1579 I WifiHAL : index: 20 per_rate_size 32, data_rem_len 512
11-10 15:32:17.823  1484  1579 I WifiHAL : index: 21 per_rate_size 32, data_rem_len 480
11-10 15:32:17.823  1484  1579 I WifiHAL : index: 22 per_rate_size 32, data_rem_len 448
11-10 15:32:17.823  1484  1579 I WifiHAL : index: 23 per_rate_size 32, data_rem_len 416
11-10 15:32:17.823  1484  1579 I WifiHAL : index: 24 per_rate_size 32, data_rem_len 384
11-10 15:32:17.823  1484  1579 I WifiHAL : index: 25 per_rate_size 32, data_rem_len 352
11-10 15:32:17.823  1484  1579 I WifiHAL : index: 26 per_rate_size 32, data_rem_len 320
11-10 15:32:17.823  1484  1579 I WifiHAL : index: 27 per_rate_size 32, data_rem_len 288
11-10 15:32:17.823  1484  1579 I WifiHAL : index: 28 per_rate_size 32, data_rem_len 256
11-10 15:32:17.823  1484  1579 I WifiHAL : index: 29 per_rate_size 32, data_rem_len 224
11-10 15:32:17.823  1484  1579 I WifiHAL : index: 30 per_rate_size 32, data_rem_len 192
11-10 15:32:17.823  1484  1579 I WifiHAL : index: 31 per_rate_size 32, data_rem_len 160
11-10 15:32:17.823  1484  1579 I WifiHAL : index: 32 per_rate_size 32, data_rem_len 128
11-10 15:32:17.823  1484  1579 I WifiHAL : index: 33 per_rate_size 32, data_rem_len 96
11-10 15:32:17.823  1484  1579 I WifiHAL : index: 34 per_rate_size 32, data_rem_len 64
11-10 15:32:17.823  1484  1579 I WifiHAL : index: 35 per_rate_size 32, data_rem_len 32
11-10 15:32:17.825  1431  2167 W USF     : USF_API: Drop flicker data, cannot find sampling_id:84682!
11-10 15:32:17.827  1484  1579 I WifiHAL : Getting cached scan results, iface handle = 0xb400007caea59610
11-10 15:32:17.827  1484  1579 E WifiHAL : Creating message to get cached scan results
11-10 15:32:17.835  1431  2167 W USF     : USF_API: Drop flicker data, cannot find sampling_id:84682!
11-10 15:32:17.836  1484  1579 I WifiHAL : In GetCachedScanResultsCommand::handleResponse
11-10 15:32:17.845  1431  2167 W USF     : USF_API: Drop flicker data, cannot find sampling_id:84682!
11-10 15:32:17.855  1431  2167 W USF     : USF_API: Drop flicker data, cannot find sampling_id:84682!
11-10 15:32:17.865  1431  2167 W USF     : USF_API: Drop flicker data, cannot find sampling_id:84682!
11-10 15:32:17.875  1431  2167 W USF     : USF_API: Drop flicker data, cannot find sampling_id:84682!
11-10 15:32:17.885  1431  2167 W USF     : USF_API: Drop flicker data, cannot find sampling_id:84682!
11-10 15:32:17.895  1431  2167 W USF     : USF_API: Drop flicker data, cannot find sampling_id:84682!
11-10 15:32:17.905  1884  2681 D ConnectivityService: NetReassign [no changes] [c 6] [a 5] [i 8]
11-10 15:32:17.905  1431  2167 W USF     : USF_API: Drop flicker data, cannot find sampling_id:84682!
11-10 15:32:17.915  1431  2167 W USF     : USF_API: Drop flicker data, cannot find sampling_id:84682!
11-10 15:32:17.927  1431  2167 W USF     : USF_API: Drop flicker data, cannot find sampling_id:84682!
11-10 15:32:17.933  1432  1491 D CHRE    : @ 550805.240: Parsed nanoapp message from host: app ID 0x476f6f676c00103b endpoint 0x8005 msgType 1 payload size 8
11-10 15:32:17.936  1431  2167 W USF     : USF_API: Drop flicker data, cannot find sampling_id:84682!
11-10 15:32:17.946  1431  2167 W USF     : USF_API: Drop flicker data, cannot find sampling_id:84682!
11-10 15:32:17.956  1431  2167 W USF     : USF_API: Drop flicker data, cannot find sampling_id:84682!
11-10 15:32:17.965  1428  2117 D BTAudioSessionAidl: GetSupportedLatencyModes - Supported LatencyMode= FREE
11-10 15:32:17.966  1431  2167 W USF     : USF_API: Drop flicker data, cannot find sampling_id:84682!
11-10 15:32:17.976  1431  2167 W USF     : USF_API: Drop flicker data, cannot find sampling_id:84682!
11-10 15:32:17.985  1431  2167 W USF     : USF_API: Drop flicker data, cannot find sampling_id:84682!
11-10 15:32:17.991  1965 32595 D Vibrator: waitForComplete: Vibrator is already off
11-10 15:32:17.994  3385  5754 D IKE     : new IkeAlarmWithListener for IkeAlarmReceiver.ACTION_DPD
11-10 15:32:17.995  1431  2167 W USF     : USF_API: Drop flicker data, cannot find sampling_id:84682!
11-10 15:32:18.005  1431  2167 W USF     : USF_API: Drop flicker data, cannot find sampling_id:84682!
11-10 15:32:18.010  2765  2767 I deeptouch: I0000 00:00:1762781538.010445    2767 tf_lite_classifier.cc:413] Event stream classified as kNone
11-10 15:32:18.012  1432  1491 D CHRE    : @ 550805.320: Parsed nanoapp message from host: app ID 0x476f6f676c00103b endpoint 0x8005 msgType 1 payload size 6
11-10 15:32:18.013 25895 25895 W TooltipLifecycleManager: TooltipLifecycleManager.dismissTooltips():153 Tooltip with id SUGGESTION_VIEW_EDU_MINI_DIALOG not found in tooltipManager.
11-10 15:32:18.015  1431  2167 W USF     : USF_API: Drop flicker data, cannot find sampling_id:84682!
--------- beginning of system
11-10 15:32:18.016  1884  3084 W PresentationStatsEventLogger: Bad view state for: -1, state: ViewState: [id=1073741824@667137535, state:d008, currentValue:android.view.autofill.AutofillValue@4049d23f]
11-10 15:32:18.024  1431  2167 W USF     : USF_API: Drop flicker data, cannot find sampling_id:84682!
11-10 15:32:18.030 25895 25895 I KeyboardModeUtils: KeyboardModeUtils.getKeyboardBottomOffset():435 inch: 0.000000 ydpi: 367.726013 adjustKeyboardBottomByDisplaySize: false currentDensityDpi: 306 defaultDensityDpi: 306 keyboardBottomToScreenPx: 0 keyboardBottomToNavBarPx: -92 navBarHeight: 92
11-10 15:32:18.030 25895 25895 I KeyboardHeightUtil: KeyboardHeightUtil.calculateMaxKeyboardBodyHeight():50 leave 205 height for app when ime window height:2039, header height:84 and isFullscreenMode:false, so the max keyboard body height is:1750
11-10 15:32:18.030 25895 25895 I KeyboardHeightUtil: KeyboardHeightUtil.calculateMaxKeyboardBodyHeight():50 leave 205 height for app when ime window height:2039, header height:84 and isFullscreenMode:false, so the max keyboard body height is:1750
11-10 15:32:18.030 25895 25895 I AndroidIME: KeyboardViewManager.updateKeyboardBottomFrame():480 Set bottomFrameHeight = 19 while holderPaddingBottom = 19; navigationHeight = 92
11-10 15:32:18.034  1431  2167 W USF     : USF_API: Drop flicker data, cannot find sampling_id:84682!
11-10 15:32:18.044  1431  2167 W USF     : USF_API: Drop flicker data, cannot find sampling_id:84682!
11-10 15:32:18.045 29449 32593 I Finsky  : [1199] VerifyApps: Anti-malware verification task started for package=com.example.mobiledigger
11-10 15:32:18.048 29449 32593 E AbstractLogEventBuilder: The provided ProductIdOrigin 3 is not one of the process-level expected values: 1 or 2
11-10 15:32:18.049 29449 32593 I Finsky  : [1199] Single user settings service is not running, bind it now
11-10 15:32:18.054  1431  2167 W USF     : USF_API: Drop flicker data, cannot find sampling_id:84682!
11-10 15:32:18.057 29449 29449 I Finsky  : [2] Single user settings service is connected
11-10 15:32:18.064  1431  2167 W USF     : USF_API: Drop flicker data, cannot find sampling_id:84682!
11-10 15:32:18.067 29449 32593 W Settings: Setting install_non_market_apps has moved from android.provider.Settings.Global to android.provider.Settings.Secure, returning read-only value.
11-10 15:32:18.074  1431  2167 W USF     : USF_API: Drop flicker data, cannot find sampling_id:84682!
11-10 15:32:18.084  1431  2167 W USF     : USF_API: Drop flicker data, cannot find sampling_id:84682!
11-10 15:32:18.094  1431  2167 W USF     : USF_API: Drop flicker data, cannot find sampling_id:84682!
11-10 15:32:18.104  1431  2167 W USF     : USF_API: Drop flicker data, cannot find sampling_id:84682!
11-10 15:32:18.114  1431  2167 W USF     : USF_API: Drop flicker data, cannot find sampling_id:84682!
11-10 15:32:18.124  1431  2167 W USF     : USF_API: Drop flicker data, cannot find sampling_id:84682!
11-10 15:32:18.129  1432  1491 D CHRE    : @ 550805.436: Parsed nanoapp message from host: app ID 0x476f6f676c00103b endpoint 0x8005 msgType 1 payload size 8
11-10 15:32:18.134  1431  2167 W USF     : USF_API: Drop flicker data, cannot find sampling_id:84682!
11-10 15:32:18.136  1488  2119 D StreamHalAidl: [out|ioHandle:21] standby
11-10 15:32:18.136  1488  2119 D StreamHalAidl: [out|ioHandle:21] pause
11-10 15:32:18.136  1428  2118 I AHal::Stream: Stop: stop stream deep-buffer-playback
11-10 15:32:18.136  1428  2118 I AHal::TinyalsaDriverOperations: Stop: pcm_close card_index 0 device 5
11-10 15:32:18.138  1653  1653 D AOC     : F1:MSG: controller.cc, 275: AudioOutCtrl: cmd ID: 0x00c9, tag: 0xba [cntr = 82311]
11-10 15:32:18.138  1653  1653 D AOC     : F1:MSG: controller.cc, 919: AudioOutCtrl: ipc: audio_output_co, cmd ID: 0x00c9, tag: 0xba, rc: 0
11-10 15:32:18.140  1428  2118 I AHal::Router: Deactivate: deactivate 400002
11-10 15:32:18.140  1428  2118 I AHal::Router: InvalidateLocked: new graph #19700 Edges(0):
11-10 15:32:18.140  1428  2118 I AHal::Router: InvalidateLocked: ============ apply graph #19700 [Mon Nov 10 15:32:18 2025] start ============
11-10 15:32:18.140  1428  2118 I AHal::DeviceInterface: Disconnect: disconnect deep-buffer-playback-0 -> bluetooth-a2dp-device
11-10 15:32:18.141  1428  2118 I AHal::AudioRoutePathController: ResetPath: deep-buffer-playback-0 -> bluetooth-a2dp-device: true
11-10 15:32:18.141  1428  2118 D AHal::BT: SendCommandToMonitorThread: sending command  MonitorCmd::kA2dpRetryStop(4) to monitor thread
11-10 15:32:18.141  1428  2118 I AHal::Bt::A2dpWrapper: SuspendStream: 512
11-10 15:32:18.141 14050 25444 I BTAudioA2dpAIDL: system/audio_hal_interface/aidl/a2dp/a2dp_encoding_aidl.cc:171 SuspendRequest: 
11-10 15:32:18.141 14050 25444 I bluetooth-a2dp: system/btif/src/btif_av.cc:3752 btif_av_stream_started_ready: active_peer=xx:xx:xx:xx:0f:4f state=3 flags=0x0(None) ready=true
11-10 15:32:18.141 14050 25444 I bluetooth-a2dp: system/btif/src/btif_av.cc:3698 btif_av_stream_suspend: 
11-10 15:32:18.141 14050 14071 I bluetooth-a2dp: system/btif/src/btif_av.cc:3067 btif_av_handle_event: peer=xx:xx:xx:xx:0f:4f handle=0x0 event=BTIF_AV_SUSPEND_STREAM_REQ_EVT(0x1e)
11-10 15:32:18.141 14050 14071 I bluetooth-a2dp: system/btif/src/btif_av.cc:2492 ProcessEvent: state=Started peer=xx:xx:xx:xx:0f:4f event=BTIF_AV_SUSPEND_STREAM_REQ_EVT(0x1e) flags=0x0(None) active_peer=true
11-10 15:32:18.141 14050 14071 I bluetooth-a2dp: system/btif/src/btif_av.cc:2512 ProcessEvent: Peer xx:xx:xx:xx:0f:4f : event=BTIF_AV_SUSPEND_STREAM_REQ_EVT(0x1e) flags=0x0(None)
11-10 15:32:18.141 14050 14071 I bluetooth-a2dp: system/btif/src/btif_a2dp_source.cc:822 btif_a2dp_source_set_tx_flush: enable=true state=STATE_RUNNING
11-10 15:32:18.141 14050 14071 I bluetooth-a2dp: system/bta/av/bta_av_api.cc:281 BTA_AvStop: bta_handle=0x41 suspend=true
11-10 15:32:18.141 14050 14071 I bluetooth-a2dp: system/bta/av/bta_av_aact.cc:1902 bta_av_str_stopped: peer xx:xx:xx:xx:0f:4f bta_handle:0x41 audio_open_cnt:1, p_data 0x712be906f0 start:1
11-10 15:32:18.141 14050 14071 I bluetooth: system/bta/dm/bta_dm_pm.cc:906 bta_dm_pm_ssr: Found connected service:BTA_ID_AV app_id:1 peer:xx:xx:xx:xx:0f:4f spec_name:sniff_capable
11-10 15:32:18.141 14050 14071 I bluetooth: system/bta/dm/bta_dm_pm.cc:906 bta_dm_pm_ssr: Found connected service:BTA_ID_AG app_id:1 peer:xx:xx:xx:xx:0f:4f spec_name:sniff_capable
11-10 15:32:18.141 14050 14071 I bluetooth: system/bta/dm/bta_dm_pm.cc:906 bta_dm_pm_ssr: Found connected service:BTA_ID_AV app_id:0 peer:xx:xx:xx:xx:0f:4f spec_name:sniff_capable
11-10 15:32:18.141 14050 14071 I bt_btm_pm: system/stack/acl/btm_pm.cc:326 BTM_SetSsrParams: Set sniff subrating state:immediate:active[0] max_latency:0x04b0 min_remote_timeout:0x0002 min_local_timeout:0x0002
11-10 15:32:18.141 14050 14071 I l2c_utils: system/stack/l2cap/l2c_utils.cc:2312 l2cu_set_acl_priority_latency_brcm: Set ACL priority: Normal Mode
11-10 15:32:18.141 14050 14071 I bluetooth-a2dp: system/stack/avdt/avdt_api.cc:617 AVDT_SuspendReq: num_handles=1
11-10 15:32:18.142 29449 32593 I Finsky  : [1199] VerifyApps: Installer app: com.android.shell
11-10 15:32:18.143  1653  1653 D AOC     : F1:MSG: controller.cc, 275: AudioOutCtrl: cmd ID: 0x010f, tag: 0xbb [cntr = 82312]
11-10 15:32:18.143  1653  1653 D AOC     : F1:Unregistered Source 5 [DeepBuffer] from Sink 2 [Bluetooth]
11-10 15:32:18.144  1653  1653 D AOC     : F1:AT Map:0 (LL:0), 0 EPs active, Power: Yes, Config: No
11-10 15:32:18.144  1653  1653 D AOC     : F1:Mixer 2 configuration changed: (0)
11-10 15:32:18.144  1653  1653 D AOC     : F1:Sink 2 Configuration changed: ULL (disabled)
11-10 15:32:18.145  1653  1653 D AOC     : F1:SinkBT: A2DP/BLE Output Stopped. (dma:290677, tx:12518 rx:0)
11-10 15:32:18.145  1653  1653 D AOC     : F1:MSG: audio_hardware_sink_bt.cc, 1953: new dvfs 0
11-10 15:32:18.145  1653  1653 D AOC     : F1:[Idle Tracker] long no idle:[0] average between idle:[0.299051ms] max no idle:[38.962367ms]
11-10 15:32:18.145  1431  2167 W USF     : USF_API: Drop flicker data, cannot find sampling_id:84682!
11-10 15:32:18.147  1653  1653 D AOC     : F1:MSG: controller.cc, 919: AudioOutCtrl: ipc: audio_output_co, cmd ID: 0x010f, tag: 0xbb, rc: 0
11-10 15:32:18.147  1653  1653 D AOC     : H0:Mixer AMixBT: 480 samples (0000/0000) (OFF SC) multi out OFF
11-10 15:32:18.147  1653  1653 D AOC     : H0:Mixer configuration updated
11-10 15:32:18.147  1653  1653 D AOC     : H0:[Idle Tracker] long no idle:[113] average between idle:[1.569655ms] max no idle:[227.191969ms]
11-10 15:32:18.155  1431  2167 W USF     : USF_API: Drop flicker data, cannot find sampling_id:84682!
11-10 15:32:18.157 14050 14071 E bt_btu_hcif: system/stack/btu/btu_hcif.cc:973 btu_hcif_hdl_command_complete: Command complete for opcode:0x811 should not be handled here
11-10 15:32:18.157 14050 14071 E bt_btu_hcif: system/stack/btu/btu_hcif.cc:973 btu_hcif_hdl_command_complete: Command complete for opcode:0x80d should not be handled here
11-10 15:32:18.159  1430  2253 I bthal.bqr: ParseAdvanceRFStatsEvt: Advance RF Stats: Time Period:290697 ms, Extension id: 1, TW_Pw_iPA_BF: 4, TW_Pw_ePA_BF: 0, TW_Pw_iPA_Div: 14110, TW_Pw_ePA_Div: 31, RSSI_Chain_>-50: 2416, RSSI_Chain_-50_-55: 4775, RSSI_Chain_-55_-60: 5024, RSSI_Chain_-60_-65: 3502, RSSI_Chain_-65_-70: 197, RSSI_Chain_-70_-75: 200, RSSI_Chain_-75_-80: 419, RSSI_Chain_-80_-85: 620, RSSI_Chain_-85_-90: 645, RSSI_Chain_<-90: 1072, RSSI_Delta_<2: 3925, RSSI_Delta_2_5: 5679, RSSI_Delta_5_8: 2533, RSSI_Delta_8_11: 674, RSSI_Delta_>11: 493
11-10 15:32:18.159  1430  2253 I bthal.flowcontrol: HciEventPreProcess: HCI Event 0xff Opcode 0 Length 85 unhandled by debug_VendorEvent
11-10 15:32:18.160 14050 14071 W btm_acl : system/stack/acl/btm_acl.cc:1484 BTM_ReadRemoteVersion: Unable to find active acl
11-10 15:32:18.160 14050 14071 I bluetooth: system/btif/src/btif_bqr.cc:1006 bqr_delivery_event: len: 82, addr: ff:ff:ff:ff:ff:ff, lmp_ver: 0, manufacturer_id: 0, lmp_subver: 0
11-10 15:32:18.160 14050 14084 I BluetoothQualityReportJni: android/app/jni/com_android_bluetooth_BluetoothQualityReport.cpp:51 bqr_delivery_callback: 
11-10 15:32:18.161 14050 14084 I BluetoothQualityReportNativeInterface: BQR: {
11-10 15:32:18.161 14050 14084 I BluetoothQualityReportNativeInterface:   mAddr: FF:FF:FF:FF:FF:FF, mLmpVer: 0x00, mLmpSubVer: 0x0000, mManufacturerId: 0x0000, mName: , mBluetoothClass: 0,
11-10 15:32:18.161 14050 14084 I BluetoothQualityReportNativeInterface:   BqrCommon: {
11-10 15:32:18.161 14050 14084 I BluetoothQualityReportNativeInterface:     mQualityReportId: RF Stats(0x09), mPacketType: INVALID(0x00), mConnectionHandle: 0x0000, mConnectionRole: 0(0), mTxPowerLevel: 0, mRssi: 0, mSnr: 0, mUnusedAfhChannelCount: 0,
11-10 15:32:18.161 14050 14084 I BluetoothQualityReportNativeInterface:     mAfhSelectUnidealChannelCount: 0, mLsto: 0, mPiconetClock: 0x00000000, mRetransmissionCount: 0, mNoRxCount: 0, mNakCount: 0, mLastTxAckTimestamp: 0x00000000, mFlowOffCount: 0,
11-10 15:32:18.161 14050 14084 I BluetoothQualityReportNativeInterface:     mLastFlowOnTimestamp: 0x00000000, mOverflowCount: 0, mUnderflowCount: 0, mAddr: null, mCalFailedItemCount: 0,
11-10 15:32:18.161 14050 14084 I BluetoothQualityReportNativeInterface:     mTxTotalPackets: 0, mTxUnackPackets: 0, mTxFlushPackets: 0, mTxLastSubeventPackets: 0, mCrcErrorPackets: 0, mRxDupPackets: 0, mRxUnRecvPackets: 0, mCoexInfoMask: 0
11-10 15:32:18.161 14050 14084 I BluetoothQualityReportNativeInterface:   }
11-10 15:32:18.161 14050 14084 I BluetoothQualityReportNativeInterface:   BqrRfStats: {
11-10 15:32:18.161 14050 14084 I BluetoothQualityReportNativeInterface:     mExtensionInfo: 1, mReportTimePeriod: 290697, mTxPoweriPaBf: 4, mTxPowerePaBf: 0, mTxPoweriPaDiv: 14110, mTxPowerePaDiv: 31,
11-10 15:32:18.161 14050 14084 I BluetoothQualityReportNativeInterface:     mRssiChainOver50: 2416, mRssiChain50To55: 4775, mRssiChain55To60: 5024, mRssiChain60To65: 3502, mRssiChain65To70: 197, mRssiChain70To75: 200, mRssiChain75To80: 419, mRssiChain80To85: 620, mRssiChain85To90: 645, mRssiChainUnder90: 1072,
11-10 15:32:18.161 14050 14084 I BluetoothQualityReportNativeInterface:     mRssiDeltaUnder2: 3925, mRssiDelta2To5: 5679, mRssiDelta5To8: 2533, mRssiDelta8To11: 674, mRssiDeltaOver11: 493
11-10 15:32:18.161 14050 14084 I BluetoothQualityReportNativeInterface:   }
11-10 15:32:18.161 14050 14084 I BluetoothQualityReportNativeInterface: }
11-10 15:32:18.164  1431  2167 W USF     : USF_API: Drop flicker data, cannot find sampling_id:84682!
11-10 15:32:18.165 14050 14076 I bluetooth: system/main/shim/acl.cc:515 OnFlushOccurred: UNIMPLEMENTED
11-10 15:32:18.174  1431  2167 W USF     : USF_API: Drop flicker data, cannot find sampling_id:84682!
11-10 15:32:18.178  2765  2767 I deeptouch: I0000 00:00:1762781538.178692    2767 tf_lite_classifier.cc:413] Event stream classified as kNone
11-10 15:32:18.181 25895 25895 W TooltipLifecycleManager: TooltipLifecycleManager.dismissTooltips():153 Tooltip with id SUGGESTION_VIEW_EDU_MINI_DIALOG not found in tooltipManager.
11-10 15:32:18.184  1432  1491 D CHRE    : @ 550805.492: Parsed nanoapp message from host: app ID 0x476f6f676c00103b endpoint 0x8005 msgType 1 payload size 6
11-10 15:32:18.184  1431  2167 W USF     : USF_API: Drop flicker data, cannot find sampling_id:84682!
11-10 15:32:18.187  1884  3084 W PresentationStatsEventLogger: Bad view state for: -1, state: ViewState: [id=1073741824@667137535, state:d008, currentValue:android.view.autofill.AutofillValue@eb8743e4]
11-10 15:32:18.188  1965 32597 D Vibrator: waitForComplete: Vibrator is already off
11-10 15:32:18.194  1431  2167 W USF     : USF_API: Drop flicker data, cannot find sampling_id:84682!
11-10 15:32:18.197 25895 25895 I KeyboardModeUtils: KeyboardModeUtils.getKeyboardBottomOffset():435 inch: 0.000000 ydpi: 367.726013 adjustKeyboardBottomByDisplaySize: false currentDensityDpi: 306 defaultDensityDpi: 306 keyboardBottomToScreenPx: 0 keyboardBottomToNavBarPx: -92 navBarHeight: 92
11-10 15:32:18.198 25895 25895 I KeyboardHeightUtil: KeyboardHeightUtil.calculateMaxKeyboardBodyHeight():50 leave 205 height for app when ime window height:2039, header height:84 and isFullscreenMode:false, so the max keyboard body height is:1750
11-10 15:32:18.198 25895 25895 I KeyboardHeightUtil: KeyboardHeightUtil.calculateMaxKeyboardBodyHeight():50 leave 205 height for app when ime window height:2039, header height:84 and isFullscreenMode:false, so the max keyboard body height is:1750
11-10 15:32:18.198 25895 25895 I AndroidIME: KeyboardViewManager.updateKeyboardBottomFrame():480 Set bottomFrameHeight = 19 while holderPaddingBottom = 19; navigationHeight = 92
11-10 15:32:18.200 14050 14076 W bluetooth: system/gd/hci/acl_manager/round_robin_scheduler.cc:296 incoming_acl_credits: receive more credits than we sent
11-10 15:32:18.200 14050 14076 W bluetooth: system/gd/hci/acl_manager/round_robin_scheduler.cc:308 incoming_acl_credits: acl packet credits overflow due to receive 1 credits
11-10 15:32:18.204  1431  2167 W USF     : USF_API: Drop flicker data, cannot find sampling_id:84682!
11-10 15:32:18.211  1653  1653 D AOC     : A3:MSG: vsc_controller.cc, 584: VSC: [Significant Motion] requestSensorEvents: sensor 0x20002, period=18446744073709 l
11-10 15:32:18.215  1431  2167 W USF     : USF_API: Drop flicker data, cannot find sampling_id:84682!
11-10 15:32:18.218  1653  1653 D AOC     : A3:MSG: usf_sensor.cc, 1784: USF: Received start sampling request for ICM45631 Motion Detect (active:1).
11-10 15:32:18.219  1653  1653 D AOC     : A3:MSG: icm456xy_device.cc, 414: USF: Icm456xyDevice: Sensor 3, period 640000000 ns, latency 0 ns.
11-10 15:32:18.219  1653  1653 D AOC     : A3:MSG: icm456xy_device.cc, 1369: USF: Icm456xyDevice: FIFO enabled: 1, ODR: 400, WM: 2, Intr: 200.
11-10 15:32:18.221  1653  1653 D AOC     : A3:MSG: vsc_controller.cc, 602: VSC: [Significant Motion] stopSensorEvents: sensor 0x10001
11-10 15:32:18.222  1653  1653 D AOC     : A3:MSG: usf_sensor.cc, 1784: USF: Received start sampling request for ICM45631 Accelerometer (active:7).
11-10 15:32:18.225  1431  2167 W USF     : USF_API: Drop flicker data, cannot find sampling_id:84682!
11-10 15:32:18.229  1431  2167 W USF     : USF_API: Drop sample report, cannot find sampling_id:84682
11-10 15:32:18.233  1432  1491 D CHRE.HAL: Received a nanoapp message from 0x476f6f676c001019 endpoint 0x2: Type 0x1f4 size 12 
11-10 15:32:18.234  1432  1491 D CHRE    : @ 550805.538: Parsed nanoapp message from host: app ID 0x476f6f676c00103b endpoint 0x8005 msgType 1 payload size 8
11-10 15:32:18.234  1431  2167 W USF     : USF_API: Drop flicker data, cannot find sampling_id:84682!
11-10 15:32:18.241  1432  1491 D CHRE.HAL: Received a nanoapp message from 0x476f6f676c001019 endpoint 0x2: Type 0x1f4 size 12 
11-10 15:32:18.244  1431  2167 W USF     : USF_API: Drop flicker data, cannot find sampling_id:84682!
11-10 15:32:18.249  1653  1653 D AOC     : A3:MSG: vsc_controller.cc, 602: VSC: [Significant Motion] stopSensorEvents: sensor 0x20002
11-10 15:32:18.249  1653  1653 D AOC     : A3:MSG: icm456xy_device.cc, 414: USF: Icm456xyDevice: Sensor 3, period 0 ns, latency 9223372036854775807 ns.
11-10 15:32:18.250  1653  1653 D AOC     : A3:MSG: vsc_controller.cc, 584: VSC: [Significant Motion] requestSensorEvents: sensor 0x10001, period=20 latency=3200m
11-10 15:32:18.251  1653  1653 D AOC     : A3:MSG: icm456xy_device.cc, 1369: USF: Icm456xyDevice: FIFO enabled: 1, ODR: 400, WM: 2, Intr: 200.
11-10 15:32:18.254  1431  2167 W USF     : USF_API: Drop flicker data, cannot find sampling_id:84682!
11-10 15:32:18.256  1653  1653 D AOC     : A3:MSG: usf_sensor.cc, 1784: USF: Received start sampling request for ICM45631 Accelerometer (active:7).
11-10 15:32:18.264  1431  2167 W USF     : USF_API: Drop flicker data, cannot find sampling_id:84682!
11-10 15:32:18.265 14050 14071 I bluetooth: system/bta/dm/bta_dm_pm.cc:906 bta_dm_pm_ssr: Found connected service:BTA_ID_AV app_id:1 peer:xx:xx:xx:xx:0f:4f spec_name:sniff_capable
11-10 15:32:18.265 14050 14071 I bluetooth: system/bta/dm/bta_dm_pm.cc:906 bta_dm_pm_ssr: Found connected service:BTA_ID_AG app_id:1 peer:xx:xx:xx:xx:0f:4f spec_name:sniff_capable
11-10 15:32:18.265 14050 14071 I bluetooth: system/bta/dm/bta_dm_pm.cc:906 bta_dm_pm_ssr: Found connected service:BTA_ID_AV app_id:0 peer:xx:xx:xx:xx:0f:4f spec_name:sniff_capable
11-10 15:32:18.265 14050 14071 I bt_btm_pm: system/stack/acl/btm_pm.cc:326 BTM_SetSsrParams: Set sniff subrating state:immediate:active[0] max_latency:0x04b0 min_remote_timeout:0x0002 min_local_timeout:0x0002
11-10 15:32:18.265  2765  2767 I deeptouch: I0000 00:00:1762781538.265112    2767 tf_lite_classifier.cc:413] Event stream classified as kNone
11-10 15:32:18.265 14050 14071 I bluetooth-a2dp: system/btif/src/btif_av.cc:3067 btif_av_handle_event: peer=00:00:00:00:00:00 handle=0x41 event=BTA_AV_SUSPEND_EVT(0xf)
11-10 15:32:18.265 14050 14071 I bluetooth-a2dp: system/btif/src/btif_av.cc:2492 ProcessEvent: state=Started peer=xx:xx:xx:xx:0f:4f event=BTA_AV_SUSPEND_EVT(0xf) flags=0x1(LOCAL_SUSPEND_PENDING) active_peer=true
11-10 15:32:18.265 14050 14071 I bluetooth-a2dp: system/btif/src/btif_av.cc:2563 ProcessEvent: Peer xx:xx:xx:xx:0f:4f : event=BTA_AV_SUSPEND_EVT(0xf) status=0 initiator=true flags=0x1(LOCAL_SUSPEND_PENDING)
11-10 15:32:18.265 14050 14071 I bluetooth-a2dp: system/btif/src/btif_a2dp.cc:114 btif_a2dp_on_suspended: ## ON A2DP SUSPENDED ## p_av_suspend=0x713beb4ff0
11-10 15:32:18.265 14050 14071 I bluetooth-a2dp: system/btif/src/btif_a2dp_source.cc:792 btif_a2dp_source_on_suspended: state=STATE_RUNNING
11-10 15:32:18.265 14050 14071 I BTAudioA2dpAIDL: system/audio_hal_interface/aidl/a2dp/a2dp_encoding_aidl.cc:493 ack_stream_suspended: result=0
11-10 15:32:18.265  1428  4907 I BTAudioProviderStub: streamSuspended - SessionType=A2DP_HARDWARE_OFFLOAD_ENCODING_DATAPATH, status=SUCCESS
11-10 15:32:18.265  1428  4907 I BTAudioSessionAidl: ReportControlStatus - status=SUCCESS for SessionType=A2DP_HARDWARE_OFFLOAD_ENCODING_DATAPATH, bluetooth_audio=0x0200 suspended
11-10 15:32:18.266  1428  4907 I AHal::Bt::A2dpWrapper: ControlResultHandle: ctrl_cb: 512 suspend SUCCESS
11-10 15:32:18.266  1428  2118 I AHal::Bt::A2dpWrapper: SuspendStream: 512 done
11-10 15:32:18.266  1428  2118 I AHal::BT: Disable: bluetooth-a2dp-device done
11-10 15:32:18.266  1428  2118 I AHal::Router: LogTransferring: Transferring (1):
11-10 15:32:18.266  1428  2118 I AHal::Router: LogTransferring:   deep-buffer-playback-0 -> bluetooth-a2dp-device => (null)
11-10 15:32:18.266 14050 14071 I bluetooth-a2dp: system/btif/src/btif_a2dp_source.cc:680 btif_a2dp_source_stop_audio_req: state=STATE_RUNNING
11-10 15:32:18.266 14050 14071 I bluetooth-a2dp: system/btif/src/btif_av.cc:2888 btif_report_audio_state: peer=xx:xx:xx:xx:0f:4f state=1
11-10 15:32:18.266  1428  2118 I AHal::VoiceCall: Update: reset echo reference device
11-10 15:32:18.266  1428  2118 I AHal::Router: InvalidateLocked: ============ apply graph #19700 end ============
11-10 15:32:18.266  1428  2118 I ASvc::PeriodicWorker: SetLinkedConfigIds: update linked configs []
11-10 15:32:18.266  1428  2118 D BTAudioSessionAidl: UpdateSourceMetadata - SessionType=LE_AUDIO_HARDWARE_OFFLOAD_ENCODING_DATAPATH has NO session
11-10 15:32:18.266  1428  2118 D BTAudioSessionAidl: UpdateSinkMetadata - SessionType=LE_AUDIO_HARDWARE_OFFLOAD_DECODING_DATAPATH has NO session
11-10 15:32:18.266 14050 14084 I bluetooth-a2dp: android/app/jni/com_android_bluetooth_a2dp.cpp:104 bta2dp_audio_state_callback: xx:xx:xx:xx:0f:4f: state: BTAV_AUDIO_STATE_STOPPED(0x1)
11-10 15:32:18.266 14050 14071 I bluetooth-a2dp: system/btif/src/btif_av.cc:2486 OnExit: state=Started peer=xx:xx:xx:xx:0f:4f
11-10 15:32:18.266 14050 14071 I bluetooth-a2dp: system/btif/src/btif_av.cc:2204 OnEnter: state=Opened peer=xx:xx:xx:xx:0f:4f
11-10 15:32:18.266 14050 14071 I bluetooth-a2dp: system/btif/src/btif_a2dp_source.cc:861 btif_a2dp_source_audio_tx_stop_event: is_streaming=false state=STATE_RUNNING
11-10 15:32:18.266  1428  2117 D BTAudioSessionAidl: GetSupportedLatencyModes - SessionType=LE_AUDIO_HARDWARE_OFFLOAD_ENCODING_DATAPATH has NO session
11-10 15:32:18.267  1488  2119 D StreamHalAidl: [out|ioHandle:21] flush
11-10 15:32:18.267  1428  2118 I ASvc::CommandWorker: cw-deep-buffer-playback: Command{flush: Void{}} in StreamOutPausedState
11-10 15:32:18.267  1428  2118 I ASvc::StreamOutSyncStates: FlushDataQueue: flush 0 bytes in data queue
11-10 15:32:18.268  1428  2118 I ASvc::CommandWorker: cw-deep-buffer-playback: Command{standby: Void{}} in StreamOutIdleState
11-10 15:32:18.268 14050 14050 I A2dpStateMachine: Connected: stopped playing: XX:XX:XX:XX:0F:4F
11-10 15:32:18.269 25895 25895 W TooltipLifecycleManager: TooltipLifecycleManager.dismissTooltips():153 Tooltip with id SUGGESTION_VIEW_EDU_MINI_DIALOG not found in tooltipManager.
11-10 15:32:18.271 14050 14076 I bluetooth: system/main/shim/acl.cc:515 OnFlushOccurred: UNIMPLEMENTED
11-10 15:32:18.273  1884  4372 W PresentationStatsEventLogger: Bad view state for: -1, state: ViewState: [id=1073741824@667137535, state:d008, currentValue:android.view.autofill.AutofillValue@8fe3b58e]
11-10 15:32:18.274  1431  2167 W USF     : USF_API: Drop flicker data, cannot find sampling_id:84682!
11-10 15:32:18.276  1432  1491 D CHRE    : @ 550805.577: Parsed nanoapp message from host: app ID 0x476f6f676c00103b endpoint 0x8005 msgType 1 payload size 6
11-10 15:32:18.277  1965 32601 D Vibrator: waitForComplete: Vibrator is already off
11-10 15:32:18.278 14050 14071 E bt_btu_hcif: system/stack/btu/btu_hcif.cc:973 btu_hcif_hdl_command_complete: Command complete for opcode:0x811 should not be handled here
11-10 15:32:18.281 14050 14071 E bt_btu_hcif: system/stack/btu/btu_hcif.cc:973 btu_hcif_hdl_command_complete: Command complete for opcode:0x80d should not be handled here
11-10 15:32:18.284  1431  2167 W USF     : USF_API: Drop flicker data, cannot find sampling_id:84682!
11-10 15:32:18.287 25895 25895 I KeyboardModeUtils: KeyboardModeUtils.getKeyboardBottomOffset():435 inch: 0.000000 ydpi: 367.726013 adjustKeyboardBottomByDisplaySize: false currentDensityDpi: 306 defaultDensityDpi: 306 keyboardBottomToScreenPx: 0 keyboardBottomToNavBarPx: -92 navBarHeight: 92
11-10 15:32:18.287 25895 25895 I KeyboardHeightUtil: KeyboardHeightUtil.calculateMaxKeyboardBodyHeight():50 leave 205 height for app when ime window height:2039, header height:84 and isFullscreenMode:false, so the max keyboard body height is:1750
11-10 15:32:18.288 25895 25895 I KeyboardHeightUtil: KeyboardHeightUtil.calculateMaxKeyboardBodyHeight():50 leave 205 height for app when ime window height:2039, header height:84 and isFullscreenMode:false, so the max keyboard body height is:1750
11-10 15:32:18.288 25895 25895 I AndroidIME: KeyboardViewManager.updateKeyboardBottomFrame():480 Set bottomFrameHeight = 19 while holderPaddingBottom = 19; navigationHeight = 92
11-10 15:32:18.293  1431  2167 W USF     : USF_API: Drop flicker data, cannot find sampling_id:84682!
11-10 15:32:18.303  1431  2167 W USF     : USF_API: Drop flicker data, cannot find sampling_id:84682!
11-10 15:32:18.313  1431  2167 W USF     : USF_API: Drop flicker data, cannot find sampling_id:84682!
11-10 15:32:18.323  1431  2167 W USF     : USF_API: Drop flicker data, cannot find sampling_id:84682!
11-10 15:32:18.333  1431  2167 W USF     : USF_API: Drop flicker data, cannot find sampling_id:84682!
11-10 15:32:18.342  1431  2167 W USF     : USF_API: Drop flicker data, cannot find sampling_id:84682!
11-10 15:32:18.352  1431  2167 W USF     : USF_API: Drop flicker data, cannot find sampling_id:84682!
11-10 15:32:18.362  1431  2167 W USF     : USF_API: Drop flicker data, cannot find sampling_id:84682!
11-10 15:32:18.367  1432  1491 D CHRE    : @ 550805.671: Parsed nanoapp message from host: app ID 0x476f6f676c00103b endpoint 0x8005 msgType 1 payload size 8
11-10 15:32:18.372  1431  2167 W USF     : USF_API: Drop flicker data, cannot find sampling_id:84682!
11-10 15:32:18.382  1431  2167 W USF     : USF_API: Drop flicker data, cannot find sampling_id:84682!
11-10 15:32:18.391  1431  2167 W USF     : USF_API: Drop flicker data, cannot find sampling_id:84682!
11-10 15:32:18.401  1431  2167 W USF     : USF_API: Drop flicker data, cannot find sampling_id:84682!
11-10 15:32:18.409  1432  1491 D CHRE.HAL: Received a nanoapp message from 0x476f6f676c001019 endpoint 0x2: Type 0x1f4 size 12 
11-10 15:32:18.411  1431  2167 W USF     : USF_API: Drop flicker data, cannot find sampling_id:84682!
11-10 15:32:18.421  1431  2167 W USF     : USF_API: Drop flicker data, cannot find sampling_id:84682!
11-10 15:32:18.425  2765  2767 I deeptouch: I0000 00:00:1762781538.425639    2767 tf_lite_classifier.cc:413] Event stream classified as kNone
11-10 15:32:18.425  1432  1491 D CHRE.HAL: Received a nanoapp message from 0x476f6f676c001019 endpoint 0x2: Type 0x1f4 size 12 
11-10 15:32:18.428  1965 32603 D Vibrator: waitForComplete: Vibrator is already off
11-10 15:32:18.428 25895 25895 W TooltipLifecycleManager: TooltipLifecycleManager.dismissTooltips():153 Tooltip with id SUGGESTION_VIEW_EDU_MINI_DIALOG not found in tooltipManager.
11-10 15:32:18.429  1432  1491 D CHRE    : @ 550805.735: Parsed nanoapp message from host: app ID 0x476f6f676c00103b endpoint 0x8005 msgType 1 payload size 6
11-10 15:32:18.431  1431  2167 W USF     : USF_API: Drop flicker data, cannot find sampling_id:84682!
11-10 15:32:18.433  1884  2483 W PresentationStatsEventLogger: Bad view state for: -1, state: ViewState: [id=1073741824@667137535, state:d008, currentValue:android.view.autofill.AutofillValue@278c7c07]
11-10 15:32:18.441  1431  2167 W USF     : USF_API: Drop flicker data, cannot find sampling_id:84682!
11-10 15:32:18.446 25895 25895 I KeyboardModeUtils: KeyboardModeUtils.getKeyboardBottomOffset():435 inch: 0.000000 ydpi: 367.726013 adjustKeyboardBottomByDisplaySize: false currentDensityDpi: 306 defaultDensityDpi: 306 keyboardBottomToScreenPx: 0 keyboardBottomToNavBarPx: -92 navBarHeight: 92
11-10 15:32:18.446 25895 25895 I KeyboardHeightUtil: KeyboardHeightUtil.calculateMaxKeyboardBodyHeight():50 leave 205 height for app when ime window height:2039, header height:84 and isFullscreenMode:false, so the max keyboard body height is:1750
11-10 15:32:18.446 25895 25895 I KeyboardHeightUtil: KeyboardHeightUtil.calculateMaxKeyboardBodyHeight():50 leave 205 height for app when ime window height:2039, header height:84 and isFullscreenMode:false, so the max keyboard body height is:1750
11-10 15:32:18.446 25895 25895 I AndroidIME: KeyboardViewManager.updateKeyboardBottomFrame():480 Set bottomFrameHeight = 19 while holderPaddingBottom = 19; navigationHeight = 92
11-10 15:32:18.451  1431  2167 W USF     : USF_API: Drop flicker data, cannot find sampling_id:84682!
11-10 15:32:18.461  1431  2167 W USF     : USF_API: Drop flicker data, cannot find sampling_id:84682!
11-10 15:32:18.471  1431  2167 W USF     : USF_API: Drop flicker data, cannot find sampling_id:84682!
11-10 15:32:18.480  1431  2167 W USF     : USF_API: Drop flicker data, cannot find sampling_id:84682!
11-10 15:32:18.490  1431  2167 W USF     : USF_API: Drop flicker data, cannot find sampling_id:84682!
11-10 15:32:18.500  1431  2167 W USF     : USF_API: Drop flicker data, cannot find sampling_id:84682!
11-10 15:32:18.510  1431  2167 W USF     : USF_API: Drop flicker data, cannot find sampling_id:84682!
11-10 15:32:18.520  1431  2167 W USF     : USF_API: Drop flicker data, cannot find sampling_id:84682!
11-10 15:32:18.530  1432  1491 D CHRE    : @ 550805.832: Parsed nanoapp message from host: app ID 0x476f6f676c00103b endpoint 0x8005 msgType 1 payload size 8
11-10 15:32:18.530  1431  2167 W USF     : USF_API: Drop flicker data, cannot find sampling_id:84682!
11-10 15:32:18.541  1431  2167 W USF     : USF_API: Drop flicker data, cannot find sampling_id:84682!
11-10 15:32:18.550  1431  2167 W USF     : USF_API: Drop flicker data, cannot find sampling_id:84682!
11-10 15:32:18.561  1431  2167 W USF     : USF_API: Drop flicker data, cannot find sampling_id:84682!
11-10 15:32:18.571  1431  2167 W USF     : USF_API: Drop flicker data, cannot find sampling_id:84682!
11-10 15:32:18.573  2765  2767 I deeptouch: I0000 00:00:1762781538.573183    2767 tf_lite_classifier.cc:413] Event stream classified as kNone
11-10 15:32:18.576 25895 25895 W TooltipLifecycleManager: TooltipLifecycleManager.dismissTooltips():153 Tooltip with id SUGGESTION_VIEW_EDU_MINI_DIALOG not found in tooltipManager.
11-10 15:32:18.578  1432  1491 D CHRE    : @ 550805.883: Parsed nanoapp message from host: app ID 0x476f6f676c00103b endpoint 0x8005 msgType 1 payload size 6
11-10 15:32:18.581  1431  2167 W USF     : USF_API: Drop flicker data, cannot find sampling_id:84682!
11-10 15:32:18.581  1884  4372 W PresentationStatsEventLogger: Bad view state for: -1, state: ViewState: [id=1073741824@667137535, state:d008, currentValue:android.view.autofill.AutofillValue@166c31f]
11-10 15:32:18.591  1431  2167 W USF     : USF_API: Drop flicker data, cannot find sampling_id:84682!
11-10 15:32:18.596  1965 32605 D Vibrator: waitForComplete: Vibrator is already off
11-10 15:32:18.601  1431  2167 W USF     : USF_API: Drop flicker data, cannot find sampling_id:84682!
11-10 15:32:18.604 25895 25895 I KeyboardModeUtils: KeyboardModeUtils.getKeyboardBottomOffset():435 inch: 0.000000 ydpi: 367.726013 adjustKeyboardBottomByDisplaySize: false currentDensityDpi: 306 defaultDensityDpi: 306 keyboardBottomToScreenPx: 0 keyboardBottomToNavBarPx: -92 navBarHeight: 92
11-10 15:32:18.604 25895 25895 I KeyboardHeightUtil: KeyboardHeightUtil.calculateMaxKeyboardBodyHeight():50 leave 205 height for app when ime window height:2039, header height:84 and isFullscreenMode:false, so the max keyboard body height is:1750
11-10 15:32:18.604 25895 25895 I KeyboardHeightUtil: KeyboardHeightUtil.calculateMaxKeyboardBodyHeight():50 leave 205 height for app when ime window height:2039, header height:84 and isFullscreenMode:false, so the max keyboard body height is:1750
11-10 15:32:18.604 25895 25895 I AndroidIME: KeyboardViewManager.updateKeyboardBottomFrame():480 Set bottomFrameHeight = 19 while holderPaddingBottom = 19; navigationHeight = 92
11-10 15:32:18.607  1432  1491 D CHRE.HAL: Received a nanoapp message from 0x476f6f676c001019 endpoint 0x2: Type 0x1f4 size 12 
11-10 15:32:18.610  1431  2167 W USF     : USF_API: Drop flicker data, cannot find sampling_id:84682!
11-10 15:32:18.620  1431  2167 W USF     : USF_API: Drop flicker data, cannot find sampling_id:84682!
11-10 15:32:18.623  1432  1491 D CHRE.HAL: Received a nanoapp message from 0x476f6f676c001019 endpoint 0x2: Type 0x1f4 size 12 
11-10 15:32:18.630  1431  2167 W USF     : USF_API: Drop flicker data, cannot find sampling_id:84682!
11-10 15:32:18.640  1431  2167 W USF     : USF_API: Drop flicker data, cannot find sampling_id:84682!
11-10 15:32:18.650  1431  2167 W USF     : USF_API: Drop flicker data, cannot find sampling_id:84682!
11-10 15:32:18.660  1431  2167 W USF     : USF_API: Drop flicker data, cannot find sampling_id:84682!
11-10 15:32:18.667  1432  1491 D CHRE    : @ 550805.966: Parsed nanoapp message from host: app ID 0x476f6f676c00103b endpoint 0x8005 msgType 1 payload size 8
11-10 15:32:18.670  1431  2167 W USF     : USF_API: Drop flicker data, cannot find sampling_id:84682!
11-10 15:32:18.680  1431  2167 W USF     : USF_API: Drop flicker data, cannot find sampling_id:84682!
11-10 15:32:18.690  1431  2167 W USF     : USF_API: Drop flicker data, cannot find sampling_id:84682!
11-10 15:32:18.700  1431  2167 W USF     : USF_API: Drop flicker data, cannot find sampling_id:84682!
11-10 15:32:18.710  2951  3248 D ImpulseConnection: timeout didn't happen: com.google.android.apps.turbo
11-10 15:32:18.710  1431  2167 W USF     : USF_API: Drop flicker data, cannot find sampling_id:84682!
11-10 15:32:18.714  1965 32607 D Vibrator: waitForComplete: Vibrator is already off
11-10 15:32:18.720  1431  2167 W USF     : USF_API: Drop flicker data, cannot find sampling_id:84682!
11-10 15:32:18.721  2765  2767 I deeptouch: I0000 00:00:1762781538.721299    2767 tf_lite_classifier.cc:413] Event stream classified as kNone
11-10 15:32:18.723  1432  1491 D CHRE    : @ 550806.031: Parsed nanoapp message from host: app ID 0x476f6f676c00103b endpoint 0x8005 msgType 1 payload size 6
11-10 15:32:18.725 25895 25895 W TooltipLifecycleManager: TooltipLifecycleManager.dismissTooltips():153 Tooltip with id SUGGESTION_VIEW_EDU_MINI_DIALOG not found in tooltipManager.
11-10 15:32:18.730  1431  2167 W USF     : USF_API: Drop flicker data, cannot find sampling_id:84682!
11-10 15:32:18.730  1884  4372 W PresentationStatsEventLogger: Bad view state for: -1, state: ViewState: [id=1073741824@667137535, state:d008, currentValue:android.view.autofill.AutofillValue@8c1a9b3e]
11-10 15:32:18.740  1431  2167 W USF     : USF_API: Drop flicker data, cannot find sampling_id:84682!
11-10 15:32:18.745 25895 25895 I KeyboardModeUtils: KeyboardModeUtils.getKeyboardBottomOffset():435 inch: 0.000000 ydpi: 367.726013 adjustKeyboardBottomByDisplaySize: false currentDensityDpi: 306 defaultDensityDpi: 306 keyboardBottomToScreenPx: 0 keyboardBottomToNavBarPx: -92 navBarHeight: 92
11-10 15:32:18.746 25895 25895 I KeyboardHeightUtil: KeyboardHeightUtil.calculateMaxKeyboardBodyHeight():50 leave 205 height for app when ime window height:2039, header height:84 and isFullscreenMode:false, so the max keyboard body height is:1750
11-10 15:32:18.746 25895 25895 I KeyboardHeightUtil: KeyboardHeightUtil.calculateMaxKeyboardBodyHeight():50 leave 205 height for app when ime window height:2039, header height:84 and isFullscreenMode:false, so the max keyboard body height is:1750
11-10 15:32:18.746 25895 25895 I AndroidIME: KeyboardViewManager.updateKeyboardBottomFrame():480 Set bottomFrameHeight = 19 while holderPaddingBottom = 19; navigationHeight = 92
11-10 15:32:18.750  1431  2167 W USF     : USF_API: Drop flicker data, cannot find sampling_id:84682!
11-10 15:32:18.757  2951  3118 D TemperatureStateSource: sequence=43746 actualDelay=10000
11-10 15:32:18.758  2951  3118 D TemperatureStateSource: Reading temperature: sequence=43747
11-10 15:32:18.760  2221  2221 I pixel-thermal: VIRTUAL-SKIN:38.8239 raw data: VIRTUAL-SKIN:38823.9 
11-10 15:32:18.760  1431  2167 W USF     : USF_API: Drop flicker data, cannot find sampling_id:84682!
11-10 15:32:18.760  2951  3118 D TemperatureStateSource: getDeviceTemperatures: sequence=43747 deviceTemperatureType=3 temperatureSource=0 temperatures=[38.823853]
11-10 15:32:18.760  2951  3118 D BusinessScope: Enqueuing the block
11-10 15:32:18.761  2951  3118 D TemperatureStateSource: sequence=43747 waitTime=10000
11-10 15:32:18.761  2951  4248 D BusinessScope: Start running the #94036 block
11-10 15:32:18.763  2221  2221 I pixel-thermal: VIRTUAL-SKIN:38.8239 raw data: VIRTUAL-SKIN:38823.9 
11-10 15:32:18.764  2951  4248 I TemperatureStateSource: temperature was set
11-10 15:32:18.764  2951  4248 D BusinessScope: Enqueuing the block
11-10 15:32:18.764  2951  4248 D ImpulseStateSource: Notify clients: 47015
11-10 15:32:18.764  2951  4248 D BusinessScope: Finish running the #94036 block
11-10 15:32:18.765  2951  4248 D BusinessScope: Start running the #94037 block
11-10 15:32:18.766  2951  4248 D BusinessScope: Finish running the #94037 block
11-10 15:32:18.770  1431  2167 W USF     : USF_API: Drop flicker data, cannot find sampling_id:84682!
11-10 15:32:18.770  1431  2167 W USF     : USF_API: Drop flicker data, cannot find sampling_id:84682!
11-10 15:32:18.780  1431  2167 W USF     : USF_API: Drop flicker data, cannot find sampling_id:84682!
11-10 15:32:18.790  1431  2167 W USF     : USF_API: Drop flicker data, cannot find sampling_id:84682!
11-10 15:32:18.794  1432  1491 D CHRE    : @ 550806.102: Parsed nanoapp message from host: app ID 0x476f6f676c00103b endpoint 0x8005 msgType 1 payload size 8
11-10 15:32:18.800  1431  2167 W USF     : USF_API: Drop flicker data, cannot find sampling_id:84682!
11-10 15:32:18.807  1432  1491 D CHRE.HAL: Received a nanoapp message from 0x476f6f676c001019 endpoint 0x2: Type 0x1f4 size 12 
11-10 15:32:18.810  1431  2167 W USF     : USF_API: Drop flicker data, cannot find sampling_id:84682!
11-10 15:32:18.819  1431  2167 W USF     : USF_API: Drop flicker data, cannot find sampling_id:84682!
11-10 15:32:18.826 18730 18742 W Binder  : Caught a RuntimeException from the binder stub implementation.
11-10 15:32:18.826 18730 18742 W Binder  : java.lang.UnsupportedOperationException
11-10 15:32:18.826 18730 18742 W Binder  : 	at bpd.b(PG:3)
11-10 15:32:18.826 18730 18742 W Binder  : 	at bpd.y(PG:34)
11-10 15:32:18.826 18730 18742 W Binder  : 	at aof.onTransact(PG:21)
11-10 15:32:18.826 18730 18742 W Binder  : 	at android.os.Binder.execTransactInternal(Binder.java:1446)
11-10 15:32:18.826 18730 18742 W Binder  : 	at android.os.Binder.execTransact(Binder.java:1385)
11-10 15:32:18.829  1432  1491 D CHRE.HAL: Received a nanoapp message from 0x476f6f676c001019 endpoint 0x2: Type 0x1f4 size 12 
11-10 15:32:18.829  1431  2167 W USF     : USF_API: Drop flicker data, cannot find sampling_id:84682!
11-10 15:32:18.838 18730 18742 W Binder  : Caught a RuntimeException from the binder stub implementation.
11-10 15:32:18.838 18730 18742 W Binder  : java.lang.UnsupportedOperationException
11-10 15:32:18.838 18730 18742 W Binder  : 	at bpd.b(PG:3)
11-10 15:32:18.838 18730 18742 W Binder  : 	at bpd.y(PG:34)
11-10 15:32:18.838 18730 18742 W Binder  : 	at aof.onTransact(PG:21)
11-10 15:32:18.838 18730 18742 W Binder  : 	at android.os.Binder.execTransactInternal(Binder.java:1446)
11-10 15:32:18.838 18730 18742 W Binder  : 	at android.os.Binder.execTransact(Binder.java:1385)
11-10 15:32:18.839  1431  2167 W USF     : USF_API: Drop flicker data, cannot find sampling_id:84682!
11-10 15:32:18.850  1431  2167 W USF     : USF_API: Drop flicker data, cannot find sampling_id:84682!
11-10 15:32:18.857  2765  2767 I deeptouch: I0000 00:00:1762781538.857050    2767 tf_lite_classifier.cc:413] Event stream classified as kNone
11-10 15:32:18.860  1432  1491 D CHRE    : @ 550806.167: Parsed nanoapp message from host: app ID 0x476f6f676c00103b endpoint 0x8005 msgType 1 payload size 6
11-10 15:32:18.860  1431  2167 W USF     : USF_API: Drop flicker data, cannot find sampling_id:84682!
11-10 15:32:18.860  1965 32609 D Vibrator: waitForComplete: Vibrator is already off
11-10 15:32:18.864 25895 25895 W TooltipLifecycleManager: TooltipLifecycleManager.dismissTooltips():153 Tooltip with id SUGGESTION_VIEW_EDU_MINI_DIALOG not found in tooltipManager.
11-10 15:32:18.870  1431  2167 W USF     : USF_API: Drop flicker data, cannot find sampling_id:84682!
11-10 15:32:18.874  1432  1491 D CHRE    : @ 550806.180: Parsed nanoapp message from host: app ID 0x476f6f676c00103b endpoint 0x8005 msgType 1 payload size 8
11-10 15:32:18.876  1884  3682 W PresentationStatsEventLogger: Bad view state for: -1, state: ViewState: [id=1073741824@667137535, state:d008, currentValue:android.view.autofill.AutofillValue@6399d5a4]
11-10 15:32:18.879  1431  2167 W USF     : USF_API: Drop flicker data, cannot find sampling_id:84682!
11-10 15:32:18.880 25895 25895 I KeyboardModeUtils: KeyboardModeUtils.getKeyboardBottomOffset():435 inch: 0.000000 ydpi: 367.726013 adjustKeyboardBottomByDisplaySize: false currentDensityDpi: 306 defaultDensityDpi: 306 keyboardBottomToScreenPx: 0 keyboardBottomToNavBarPx: -92 navBarHeight: 92
11-10 15:32:18.880 25895 25895 I KeyboardHeightUtil: KeyboardHeightUtil.calculateMaxKeyboardBodyHeight():50 leave 205 height for app when ime window height:2039, header height:84 and isFullscreenMode:false, so the max keyboard body height is:1750
11-10 15:32:18.880 25895 25895 I KeyboardHeightUtil: KeyboardHeightUtil.calculateMaxKeyboardBodyHeight():50 leave 205 height for app when ime window height:2039, header height:84 and isFullscreenMode:false, so the max keyboard body height is:1750
11-10 15:32:18.880 25895 25895 I AndroidIME: KeyboardViewManager.updateKeyboardBottomFrame():480 Set bottomFrameHeight = 19 while holderPaddingBottom = 19; navigationHeight = 92
11-10 15:32:18.882 25895 25895 W TextView: onProvideContentCaptureStructure(): calling assumeLayout()
11-10 15:32:18.889  1431  2167 W USF     : USF_API: Drop flicker data, cannot find sampling_id:84682!
11-10 15:32:18.894 18730 18742 W Binder  : Caught a RuntimeException from the binder stub implementation.
11-10 15:32:18.894 18730 18742 W Binder  : java.lang.UnsupportedOperationException
11-10 15:32:18.894 18730 18742 W Binder  : 	at bpd.b(PG:3)
11-10 15:32:18.894 18730 18742 W Binder  : 	at bpd.y(PG:34)
11-10 15:32:18.894 18730 18742 W Binder  : 	at aof.onTransact(PG:21)
11-10 15:32:18.894 18730 18742 W Binder  : 	at android.os.Binder.execTransactInternal(Binder.java:1446)
11-10 15:32:18.894 18730 18742 W Binder  : 	at android.os.Binder.execTransact(Binder.java:1385)
11-10 15:32:18.899  1431  2167 W USF     : USF_API: Drop flicker data, cannot find sampling_id:84682!
11-10 15:32:18.907  1432  1491 D CHRE.HAL: Received a nanoapp message from 0x476f6f676c001019 endpoint 0x2: Type 0x1f4 size 12 
11-10 15:32:18.909  1431  2167 W USF     : USF_API: Drop flicker data, cannot find sampling_id:84682!
11-10 15:32:18.919  1431  2167 W USF     : USF_API: Drop flicker data, cannot find sampling_id:84682!
11-10 15:32:18.926  1432  1491 D CHRE.HAL: Received a nanoapp message from 0x476f6f676c001019 endpoint 0x2: Type 0x1f4 size 12 
11-10 15:32:18.929  1431  2167 W USF     : USF_API: Drop flicker data, cannot find sampling_id:84682!
11-10 15:32:18.939  2765  2767 I deeptouch: I0000 00:00:1762781538.939422    2767 tf_lite_classifier.cc:413] Event stream classified as kNone
11-10 15:32:18.940  1431  2167 W USF     : USF_API: Drop flicker data, cannot find sampling_id:84682!
11-10 15:32:18.940  1965 32612 D Vibrator: waitForComplete: Vibrator is already off
11-10 15:32:18.942 25895 25895 W TooltipLifecycleManager: TooltipLifecycleManager.dismissTooltips():153 Tooltip with id SUGGESTION_VIEW_EDU_MINI_DIALOG not found in tooltipManager.
11-10 15:32:18.950  1431  2167 W USF     : USF_API: Drop flicker data, cannot find sampling_id:84682!
11-10 15:32:18.956  1884  3084 W PresentationStatsEventLogger: Bad view state for: -1, state: ViewState: [id=1073741824@667137535, state:d008, currentValue:android.view.autofill.AutofillValue@e444a8f5]
11-10 15:32:18.960  1431  2167 W USF     : USF_API: Drop flicker data, cannot find sampling_id:84682!
11-10 15:32:18.963 25895 25895 I KeyboardModeUtils: KeyboardModeUtils.getKeyboardBottomOffset():435 inch: 0.000000 ydpi: 367.726013 adjustKeyboardBottomByDisplaySize: false currentDensityDpi: 306 defaultDensityDpi: 306 keyboardBottomToScreenPx: 0 keyboardBottomToNavBarPx: -92 navBarHeight: 92
11-10 15:32:18.963 25895 25895 I KeyboardHeightUtil: KeyboardHeightUtil.calculateMaxKeyboardBodyHeight():50 leave 205 height for app when ime window height:2039, header height:84 and isFullscreenMode:false, so the max keyboard body height is:1750
