11-10 15:05:22.021 12933 12933 D AlphabeticalAppsList: addAppsWithSections: adding sectionName: D with appInfoTitle: Digital Wellbeing
11-10 15:05:22.021 12933 12933 D AlphabeticalAppsList: addAppsWithSections: adding sectionName: E with appInfoTitle: eBay
11-10 15:05:22.021 12933 12933 D AlphabeticalAppsList: addAppsWithSections: adding sectionName: F with appInfoTitle: Facebook
11-10 15:05:22.021 12933 12933 D AlphabeticalAppsList: addAppsWithSections: adding sectionName: G with appInfoTitle: Gemini
11-10 15:05:22.021 12933 12933 D AlphabeticalAppsList: addAppsWithSections: adding sectionName: H with appInfoTitle: Hero Capture
11-10 15:05:22.021 12933 12933 D AlphabeticalAppsList: addAppsWithSections: adding sectionName: I with appInfoTitle: Instagram
11-10 15:05:22.021 12933 12933 D AlphabeticalAppsList: addAppsWithSections: adding sectionName: K with appInfoTitle: Keep Notes
11-10 15:05:22.021 12933 12933 D AlphabeticalAppsList: addAppsWithSections: adding sectionName: L with appInfoTitle: Leboncoin
11-10 15:05:22.021 12933 12933 D AlphabeticalAppsList: addAppsWithSections: adding sectionName: M with appInfoTitle: Maps
11-10 15:05:22.021 12933 12933 D AlphabeticalAppsList: addAppsWithSections: adding sectionName: N with appInfoTitle: Netflix
11-10 15:05:22.021 12933 12933 D AlphabeticalAppsList: addAppsWithSections: adding sectionName: O with appInfoTitle: Okta Verify
11-10 15:05:22.021 12933 12933 D AlphabeticalAppsList: addAppsWithSections: adding sectionName: P with appInfoTitle: Paper.io 2
11-10 15:05:22.021 12933 12933 D AlphabeticalAppsList: addAppsWithSections: adding sectionName: R with appInfoTitle: RAR
11-10 15:05:22.021 12933 12933 D AlphabeticalAppsList: addAppsWithSections: adding sectionName: S with appInfoTitle: Safety
11-10 15:05:22.021 12933 12933 D AlphabeticalAppsList: addAppsWithSections: adding sectionName: T with appInfoTitle: Teams
11-10 15:05:22.021 12933 12933 D AlphabeticalAppsList: addAppsWithSections: adding sectionName: U with appInfoTitle: Uber
11-10 15:05:22.021 12933 12933 D AlphabeticalAppsList: addAppsWithSections: adding sectionName: V with appInfoTitle: Vinted
11-10 15:05:22.021 12933 12933 D AlphabeticalAppsList: addAppsWithSections: adding sectionName: W with appInfoTitle: Wallapop
11-10 15:05:22.021 12933 12933 D AlphabeticalAppsList: addAppsWithSections: adding sectionName: X with appInfoTitle: X
11-10 15:05:22.021 12933 12933 D AlphabeticalAppsList: addAppsWithSections: adding sectionName: Y with appInfoTitle: YouTube
11-10 15:05:22.021 12933 12933 D AlphabeticalAppsList: Adding FastScrollSection duplicate to scroll to the bottom.
11-10 15:05:22.024  1884  5656 D LauncherAppsService: getActivityLaunchIntent callingPackage=com.android.systemui component=ComponentInfo{com.ebay.kleinanzeigen/ebk.ui.splash.SplashActivity} user=UserHandle{0}
11-10 15:05:22.026  2772  2783 I ndroid.systemui: Background concurrent mark compact GC freed 10MB AllocSpace bytes, 0(0B) LOS objects, 58% free, 67MB/163MB, paused 905us,8.251ms total 1.056s
11-10 15:05:22.028  1884  2730 D BackgroundInstallControlService: Package event received: 0
11-10 15:05:22.029  3130  3339 D EuiccConnector: handleMessage: E msg.what=6
11-10 15:05:22.029  3130  3339 D EuiccConnector: processMsg: ConnectedState
11-10 15:05:22.029  3130  3339 D EuiccConnector: handleMessage: X
11-10 15:05:22.031  1431  2167 W USF     : USF_API: Drop flicker data, cannot find sampling_id:84682!
11-10 15:05:22.031  7174  7215 E Finsky  : [1043] [Counters] attempted to use a non-positive increment for: 4753
11-10 15:05:22.033  1884  3104 E AppOps  : attributionTag VCN not declared in manifest of android
11-10 15:05:22.035  1884  3104 D LauncherAppsService: getActivityLaunchIntent callingPackage=com.android.systemui component=ComponentInfo{com.ebay.mobile/com.ebay.mobile.home.impl.main.MainActivity} user=UserHandle{0}
11-10 15:05:22.035  1884  2447 V Configuration: Updating configuration, locales updated from [] to [en_US,ro_RO]
11-10 15:05:22.035  1884  2447 V Configuration: Updating configuration, locales updated from [] to [en_US]
11-10 15:05:22.035  1884  2447 V Configuration: Updating configuration, locales updated from [] to [en_US,ro_RO]
11-10 15:05:22.035  1884  2447 V Configuration: Updating configuration, locales updated from [] to [en_US,ro_RO]
11-10 15:05:22.035  1884  2447 V Configuration: Updating configuration, locales updated from [] to [en_US,ro_RO]
11-10 15:05:22.036  1884  2447 V Configuration: Updating configuration, locales updated from [] to [en_US]
11-10 15:05:22.036  1884  2447 V Configuration: Updating configuration, locales updated from [] to [en_US,ro_RO]
11-10 15:05:22.036  1884  2447 V Configuration: Updating configuration, locales updated from [] to [en_US,ro_RO]
11-10 15:05:22.036  1884  2447 V Configuration: Updating configuration, locales updated from [] to [en_US,ro_RO]
11-10 15:05:22.036  1884  2447 V Configuration: Updating configuration, locales updated from [] to [en_US]
11-10 15:05:22.036  1884  2447 V Configuration: Updating configuration, locales updated from [] to [en_US,ro_RO]
11-10 15:05:22.036  1884  2447 V Configuration: Updating configuration, locales updated from [] to [en_US,ro_RO]
11-10 15:05:22.036  1884  2447 V Configuration: Updating configuration, locales updated from [] to [en_US,ro_RO]
11-10 15:05:22.036  1884  2447 V Configuration: Updating configuration, locales updated from [] to [en_US]
11-10 15:05:22.036  1884  2447 V Configuration: Updating configuration, locales updated from [] to [en_US,ro_RO]
11-10 15:05:22.036  1884  2447 V Configuration: Updating configuration, locales updated from [] to [en_US,ro_RO]
11-10 15:05:22.036  1884  2447 V Configuration: Updating configuration, locales updated from [] to [en_US,ro_RO]
11-10 15:05:22.036  1884  2447 V Configuration: Updating configuration, locales updated from [] to [en_US,ro_RO]
11-10 15:05:22.036  1884  2447 V Configuration: Updating configuration, locales updated from [] to [en_US]
11-10 15:05:22.036  1884  2447 V Configuration: Updating configuration, locales updated from [] to [en_US]
11-10 15:05:22.036  1884  2447 V Configuration: Updating configuration, locales updated from [] to [en_US]
11-10 15:05:22.036  1884  2447 V Configuration: Updating configuration, locales updated from [] to [en_US,ro_RO]
11-10 15:05:22.036  1884  2447 V Configuration: Updating configuration, locales updated from [] to [en_US,ro_RO]
11-10 15:05:22.036  1884  2447 V Configuration: Updating configuration, locales updated from [] to [en_US]
11-10 15:05:22.036  1884  2447 V Configuration: Updating configuration, locales updated from [] to [en_US,ro_RO]
11-10 15:05:22.036  1884  2447 V Configuration: Updating configuration, locales updated from [] to [en_US,ro_RO]
11-10 15:05:22.037  1884  2447 V Configuration: Updating configuration, locales updated from [] to [en_US,ro_RO]
11-10 15:05:22.037  1884  2447 V Configuration: Updating configuration, locales updated from [] to [en_US,ro_RO]
11-10 15:05:22.037  1884  2447 V Configuration: Updating configuration, locales updated from [] to [en_US,ro_RO]
11-10 15:05:22.037  1884  2447 V Configuration: Updating configuration, locales updated from [] to [en_US,ro_RO]
11-10 15:05:22.037  1884  2447 V Configuration: Updating configuration, locales updated from [] to [en_US]
11-10 15:05:22.037  1884  2447 V Configuration: Updating configuration, locales updated from [] to [en_US,ro_RO]
11-10 15:05:22.037  1884  2447 V Configuration: Updating configuration, locales updated from [] to [en_US]
11-10 15:05:22.037  1884  2447 V Configuration: Updating configuration, locales updated from [] to [en_US,ro_RO]
11-10 15:05:22.037  1884  2447 V Configuration: Updating configuration, locales updated from [] to [en_US,ro_RO]
11-10 15:05:22.037  1884  2447 V Configuration: Updating configuration, locales updated from [] to [en_US,ro_RO]
11-10 15:05:22.037  1884  2447 V Configuration: Updating configuration, locales updated from [] to [en_US]
11-10 15:05:22.037  1884  2447 V Configuration: Updating configuration, locales updated from [] to [en_US,ro_RO]
11-10 15:05:22.037  1884  2447 V Configuration: Updating configuration, locales updated from [] to [en_US]
11-10 15:05:22.037  1884  2447 V Configuration: Updating configuration, locales updated from [] to [en_US,ro_RO]
11-10 15:05:22.037  1884  2447 V Configuration: Updating configuration, locales updated from [] to [en_US,ro_RO]
11-10 15:05:22.037  1884  2447 V Configuration: Updating configuration, locales updated from [] to [en_US,ro_RO]
11-10 15:05:22.037  1884  2447 V Configuration: Updating configuration, locales updated from [] to [en_US,ro_RO]
11-10 15:05:22.037  1884  2447 V Configuration: Updating configuration, locales updated from [] to [en_US,ro_RO]
11-10 15:05:22.037  1884  2447 V Configuration: Updating configuration, locales updated from [] to [en_US,ro_RO]
11-10 15:05:22.037  1884  2447 V Configuration: Updating configuration, locales updated from [] to [ro_RO,en_US]
11-10 15:05:22.037  1884  2447 V Configuration: Updating configuration, locales updated from [] to [en_US,ro_RO]
11-10 15:05:22.037  1884  2447 V Configuration: Updating configuration, locales updated from [] to [en_US,ro_RO]
11-10 15:05:22.037  1884  2447 V Configuration: Updating configuration, locales updated from [] to [en_US,ro_RO]
11-10 15:05:22.037  1884  2447 V Configuration: Updating configuration, locales updated from [] to [en_US,ro_RO]
11-10 15:05:22.038  1884  2447 V Configuration: Updating configuration, locales updated from [] to [en_US,ro_RO]
11-10 15:05:22.038  1884  2447 V Configuration: Updating configuration, locales updated from [] to [en_US,ro_RO]
11-10 15:05:22.038  1884  2447 V Configuration: Updating configuration, locales updated from [] to [en_US,ro_RO]
11-10 15:05:22.038  1884  2447 V Configuration: Updating configuration, locales updated from [] to [en_US,ro_RO]
11-10 15:05:22.038  1884  2447 V Configuration: Updating configuration, locales updated from [] to [en_US,ro_RO]
11-10 15:05:22.038  1884  2447 V Configuration: Updating configuration, locales updated from [] to [en_US,ro_RO]
11-10 15:05:22.038  1884  2447 V Configuration: Updating configuration, locales updated from [] to [en_US,ro_RO]
11-10 15:05:22.038  1884  2447 V Configuration: Updating configuration, locales updated from [] to [en_US,ro_RO]
11-10 15:05:22.038  1884  2447 V Configuration: Updating configuration, locales updated from [] to [en_US,ro_RO]
11-10 15:05:22.038  1884  2447 V Configuration: Updating configuration, locales updated from [] to [en_US,ro_RO]
11-10 15:05:22.038  1884  2447 V Configuration: Updating configuration, locales updated from [] to [en_US,ro_RO]
11-10 15:05:22.038  1884  2447 V Configuration: Updating configuration, locales updated from [] to [en_US,ro_RO]
11-10 15:05:22.038  1884  2447 V Configuration: Updating configuration, locales updated from [] to [en_US,ro_RO]
11-10 15:05:22.038  1884  2447 V Configuration: Updating configuration, locales updated from [] to [en_US,ro_RO]
11-10 15:05:22.038  1884  2447 V Configuration: Updating configuration, locales updated from [] to [en_US,ro_RO]
11-10 15:05:22.038  1884  2447 V Configuration: Updating configuration, locales updated from [] to [ro_RO,en_US]
11-10 15:05:22.038  1884  2447 V Configuration: Updating configuration, locales updated from [] to [en_US,ro_RO]
11-10 15:05:22.038  1884  2447 V Configuration: Updating configuration, locales updated from [] to [en_US,ro_RO]
11-10 15:05:22.038  1884  2447 V Configuration: Updating configuration, locales updated from [] to [en_US,ro_RO]
11-10 15:05:22.038  1884  2447 V Configuration: Updating configuration, locales updated from [] to [en_US,ro_RO]
11-10 15:05:22.038  1884  2447 V Configuration: Updating configuration, locales updated from [] to [en_US,ro_RO]
11-10 15:05:22.038  1884  2447 V Configuration: Updating configuration, locales updated from [] to [en_US,ro_RO]
11-10 15:05:22.038  1884  2447 V Configuration: Updating configuration, locales updated from [] to [en_US,ro_RO]
11-10 15:05:22.038  1884  2447 V Configuration: Updating configuration, locales updated from [] to [en_US,ro_RO]
11-10 15:05:22.038  1884  2447 V Configuration: Updating configuration, locales updated from [] to [en_US,ro_RO]
11-10 15:05:22.038  1884  2447 V Configuration: Updating configuration, locales updated from [] to [ro_RO,en_US]
11-10 15:05:22.038  1884  2447 V Configuration: Updating configuration, locales updated from [] to [en_US,ro_RO]
11-10 15:05:22.038  1884  2447 V Configuration: Updating configuration, locales updated from [] to [en_US,ro_RO]
11-10 15:05:22.038  1884  2447 V Configuration: Updating configuration, locales updated from [] to [en_US]
11-10 15:05:22.038  1884  2447 V Configuration: Updating configuration, locales updated from [] to [en_US,ro_RO]
11-10 15:05:22.038  1884  2447 V Configuration: Updating configuration, locales updated from [] to [en_US,ro_RO]
11-10 15:05:22.039  1884  2447 V Configuration: Updating configuration, locales updated from [] to [en_US,ro_RO]
11-10 15:05:22.039  1884  2447 V Configuration: Updating configuration, locales updated from [] to [en_US,ro_RO]
11-10 15:05:22.039  1884  2447 V Configuration: Updating configuration, locales updated from [] to [en_US,ro_RO]
11-10 15:05:22.039  1884  2447 V Configuration: Updating configuration, locales updated from [] to [ro_RO,en_US]
11-10 15:05:22.039  1884  2447 V Configuration: Updating configuration, locales updated from [] to [en_US,ro_RO]
11-10 15:05:22.039  1884  2447 V Configuration: Updating configuration, locales updated from [] to [en_US]
11-10 15:05:22.039  1884  2447 V Configuration: Updating configuration, locales updated from [] to [ro_RO]
11-10 15:05:22.039  3130  3339 D EuiccConnector: handleMessage: E msg.what=103
11-10 15:05:22.039  1884  2447 V Configuration: Updating configuration, locales updated from [] to [en_US,ro_RO]
11-10 15:05:22.039  3130  3339 D EuiccConnector: processMsg: ConnectedState
11-10 15:05:22.039  1884  2447 V Configuration: Updating configuration, locales updated from [] to [en_US,ro_RO]
11-10 15:05:22.039  1884  2447 V Configuration: Updating configuration, locales updated from [] to [en_US,ro_RO]
11-10 15:05:22.039  1884  2447 V Configuration: Updating configuration, locales updated from [] to [en_US,ro_RO]
11-10 15:05:22.039  1884  2447 V Configuration: Updating configuration, locales updated from [] to [en_US,ro_RO]
11-10 15:05:22.039  1884  2447 V Configuration: Updating configuration, locales updated from [] to [ro_RO,en_US]
11-10 15:05:22.039  1884  2447 V Configuration: Updating configuration, locales updated from [] to [en_US]
11-10 15:05:22.039  1884  2447 V Configuration: Updating configuration, locales updated from [] to [en_US,ro_RO]
11-10 15:05:22.039  1884  2447 V Configuration: Updating configuration, locales updated from [] to [ro_RO]
11-10 15:05:22.039  1884  2447 V Configuration: Updating configuration, locales updated from [] to [en_US,ro_RO]
11-10 15:05:22.039  1884  2447 V Configuration: Updating configuration, locales updated from [] to [en_US,ro_RO]
11-10 15:05:22.039  1884  2447 V Configuration: Updating configuration, locales updated from [] to [en_US,ro_RO]
11-10 15:05:22.039  1884  2447 V Configuration: Updating configuration, locales updated from [] to [en_US,ro_RO]
11-10 15:05:22.039  1884  2447 V Configuration: Updating configuration, locales updated from [] to [en_US,ro_RO]
11-10 15:05:22.039  1884  2447 V Configuration: Updating configuration, locales updated from [] to [en_US]
11-10 15:05:22.039  1884  2447 V Configuration: Updating configuration, locales updated from [] to [en_US]
11-10 15:05:22.040  3130  3339 D EuiccConnector: handleMessage: X
11-10 15:05:22.040  1884  2447 V Configuration: Updating configuration, locales updated from [] to [ro_RO,en_US]
11-10 15:05:22.041  1431  2167 W USF     : USF_API: Drop flicker data, cannot find sampling_id:84682!
11-10 15:05:22.041  1884  2447 V Configuration: Updating configuration, locales updated from [] to [en_US,ro_RO]
11-10 15:05:22.041  1884  2447 V Configuration: Updating configuration, locales updated from [] to [en_US,ro_RO]
11-10 15:05:22.041  1884  2447 V Configuration: Updating configuration, locales updated from [] to [en_US,ro_RO]
11-10 15:05:22.041  1884  2447 V Configuration: Updating configuration, locales updated from [] to [en_US,ro_RO]
11-10 15:05:22.041  1884  2447 V Configuration: Updating configuration, locales updated from [] to [en_US,ro_RO]
11-10 15:05:22.041  1884  2447 V Configuration: Updating configuration, locales updated from [] to [en_US,ro_RO]
11-10 15:05:22.041  1884  2447 V Configuration: Updating configuration, locales updated from [] to [en_US]
11-10 15:05:22.041  1884  2447 V Configuration: Updating configuration, locales updated from [] to [en_US,ro_RO]
11-10 15:05:22.041  1884  2447 V Configuration: Updating configuration, locales updated from [] to [en_US]
11-10 15:05:22.041  1884  2447 V Configuration: Updating configuration, locales updated from [] to [en_US,ro_RO]
11-10 15:05:22.041  1884  2447 V Configuration: Updating configuration, locales updated from [] to [en_US,ro_RO]
11-10 15:05:22.041  1884  2447 V Configuration: Updating configuration, locales updated from [] to [en_US,ro_RO]
11-10 15:05:22.041  1884  2447 V Configuration: Updating configuration, locales updated from [] to [en_US]
11-10 15:05:22.041  1884  2447 V Configuration: Updating configuration, locales updated from [] to [en_US,ro_RO]
11-10 15:05:22.041  1884  2447 V Configuration: Updating configuration, locales updated from [] to [en_US]
11-10 15:05:22.041  1884  2447 V Configuration: Updating configuration, locales updated from [] to [en_US,ro_RO]
11-10 15:05:22.041  1884  2447 V Configuration: Updating configuration, locales updated from [] to [en_US,ro_RO]
11-10 15:05:22.041  1884  2447 V Configuration: Updating configuration, locales updated from [] to [en_US,ro_RO]
11-10 15:05:22.041  1884  2447 V Configuration: Updating configuration, locales updated from [] to [en_US,ro_RO]
11-10 15:05:22.041  1884  2447 V Configuration: Updating configuration, locales updated from [] to [en_US,ro_RO]
11-10 15:05:22.041  1884  2447 V Configuration: Updating configuration, locales updated from [] to [en_US,ro_RO]
11-10 15:05:22.041  1884  2447 V Configuration: Updating configuration, locales updated from [] to [en_US,ro_RO]
11-10 15:05:22.042  1884  2447 V Configuration: Updating configuration, locales updated from [] to [en_US,ro_RO]
11-10 15:05:22.042  1884  2447 V Configuration: Updating configuration, locales updated from [] to [en_US,ro_RO]
11-10 15:05:22.042  1884  2447 V Configuration: Updating configuration, locales updated from [] to [en_US,ro_RO]
11-10 15:05:22.042  1884  2447 V Configuration: Updating configuration, locales updated from [] to [en_US,ro_RO]
11-10 15:05:22.042  1884  2447 V Configuration: Updating configuration, locales updated from [] to [en_US,ro_RO]
11-10 15:05:22.042  1884  2447 V Configuration: Updating configuration, locales updated from [] to [en_US,ro_RO]
11-10 15:05:22.042  1884  2447 V Configuration: Updating configuration, locales updated from [] to [en_US,ro_RO]
11-10 15:05:22.042  1884  2447 V Configuration: Updating configuration, locales updated from [] to [en_US,ro_RO]
11-10 15:05:22.042  1884  2447 V Configuration: Updating configuration, locales updated from [] to [en_US,ro_RO]
11-10 15:05:22.042  1884  2447 V Configuration: Updating configuration, locales updated from [] to [en_US,ro_RO]
11-10 15:05:22.042  1884  2447 V Configuration: Updating configuration, locales updated from [] to [en_US,ro_RO]
11-10 15:05:22.042  1884  2447 V Configuration: Updating configuration, locales updated from [] to [en_US,ro_RO]
11-10 15:05:22.042  1884  2447 V Configuration: Updating configuration, locales updated from [] to [en_US,ro_RO]
11-10 15:05:22.042  1884  2447 V Configuration: Updating configuration, locales updated from [] to [en_US,ro_RO]
11-10 15:05:22.042  1884  2447 V Configuration: Updating configuration, locales updated from [] to [en_US,ro_RO]
11-10 15:05:22.042  1884  2447 V Configuration: Updating configuration, locales updated from [] to [en_US,ro_RO]
11-10 15:05:22.042  1884  2447 D IntervalStats: Unable to parse usage stats packages: [137, 276, 315, 316, 324, 333, 336, 337, 339, 340, 357, 363, 371, 372, 374, 391, 395, 402, 411, 413, 414, 421, 427, 433, 437, 457, 459, 460, 461, 464, 465, 471, 472, 487, 488, 489, 490, 494, 495, 509, 510, 511, 512, 513, 514, 515, 517, 518, 519, 520, 523, 529, 531, 532, 534, 538, 539, 540, 546, 547, 549, 553, 554, 556, 568, 583, 589, 595, 597, 598, 599, 600, 601, 602, 605, 606, 611, 623, 624, 625, 627, 628, 629, 630, 631, 632, 633, 634, 635, 637, 638, 640, 654, 657, 658, 660, 661, 663, 666, 672, 691, 692, 693, 694, 696, 697, 698, 699, 701, 702, 703, 704, 705, 706, 707, 708, 709, 710, 711, 712, 714, 715, 721]
11-10 15:05:22.043  1884  3104 D LauncherAppsService: getActivityLaunchIntent callingPackage=com.android.systemui component=ComponentInfo{com.einnovation.temu/com.baogong.splash.activity.MainFrameActivity} user=UserHandle{0}
11-10 15:05:22.048  1884  3104 D LauncherAppsService: getActivityLaunchIntent callingPackage=com.android.systemui component=ComponentInfo{com.example.mobiledigger/com.example.mobiledigger.MainActivity} user=UserHandle{0}
11-10 15:05:22.049 10605 10670 I dutu    : (REDACTED) getting App Capabilities from InstalledAppsCache %s
11-10 15:05:22.050  1431  2167 W USF     : USF_API: Drop flicker data, cannot find sampling_id:84682!
11-10 15:05:22.051 10605 10690 I dlxp    : (REDACTED) GetContext(%s, %s): %s from synchronized cache (status: %s)
11-10 15:05:22.056  1884  5488 D LauncherAppsService: getActivityLaunchIntent callingPackage=com.android.systemui component=ComponentInfo{com.facebook.katana/com.facebook.katana.LoginActivity} user=UserHandle{0}
11-10 15:05:22.058  7174  7218 E Finsky  : [1046] [Counters] attempted to use a non-positive increment for: 4753
11-10 15:05:22.061  1431  2167 W USF     : USF_API: Drop flicker data, cannot find sampling_id:84682!
11-10 15:05:22.062  1884  5488 D LauncherAppsService: getActivityLaunchIntent callingPackage=com.android.systemui component=ComponentInfo{com.facebook.orca/com.facebook.orca.auth.StartScreenActivity} user=UserHandle{0}
11-10 15:05:22.063 14132 25928 I EuiccGoogle: [1135] EuiccServiceImpl.onGetEuiccProfileInfoList: onGetEuiccProfileInfoList: slotId = 0
11-10 15:05:22.065  1884  5488 D LauncherAppsService: getActivityLaunchIntent callingPackage=com.android.systemui component=ComponentInfo{com.fun.mxw/io.dcloud.PandoraEntry} user=UserHandle{0}
11-10 15:05:22.070  1884  4400 D LauncherAppsService: getActivityLaunchIntent callingPackage=com.android.systemui component=ComponentInfo{com.games.webmaster/com.unity3d.player.UnityPlayerActivity} user=UserHandle{0}
11-10 15:05:22.070  1431  2167 W USF     : USF_API: Drop flicker data, cannot find sampling_id:84682!
11-10 15:05:22.073  1884  4400 D LauncherAppsService: getActivityLaunchIntent callingPackage=com.android.systemui component=ComponentInfo{com.games.whodiesfirst/com.unity3d.player.UnityPlayerActivity} user=UserHandle{0}
11-10 15:05:22.078 14132 25928 I EuiccGoogle: [1135] EuiccServiceImpl.onGetEuiccProfileInfoList: slotId = 0, isRemovable = false
11-10 15:05:22.078 14132 25928 I EuiccGoogle: [1135] EuiccServiceImpl.onGetEuiccProfileInfoList: onGetEuiccProfileInfoList: isRemovable = false.
11-10 15:05:22.079 14132 25928 I EuiccGoogle: [1135] EuiccServiceImpl.onGetEuiccProfileInfoList: getSimCardState for slotId: 0
11-10 15:05:22.079 21379 21392 I bxw     : Potential packages: 123, blocklist size: 6070, allowlist size: 45, latency: PT0.356S
11-10 15:05:22.082  1431  2167 W USF     : USF_API: Drop flicker data, cannot find sampling_id:84682!
11-10 15:05:22.092  1431  2167 W USF     : USF_API: Drop flicker data, cannot find sampling_id:84682!
11-10 15:05:22.095  2772  2785 W System  : A resource failed to call release. 
11-10 15:05:22.096  1884  4375 D LauncherAppsService: getActivityLaunchIntent callingPackage=com.android.systemui component=ComponentInfo{com.ghisler.android.TotalCommander/com.ghisler.android.TotalCommander.TotalCommander} user=UserHandle{0}
11-10 15:05:22.098  2772  2785 W System  : A resource failed to call release. 
11-10 15:05:22.098  2772  2785 W System  : A resource failed to call release. 
11-10 15:05:22.098  1884  5473 D LauncherAppsService: getActivityLaunchIntent callingPackage=com.android.systemui component=ComponentInfo{com.globalfun.ben10ae.google/com.globalfun.FullActivity} user=UserHandle{0}
11-10 15:05:22.101  7174  7174 I Finsky  : [2] DTU: Received onPackageAdded, replacing: true
11-10 15:05:22.102  1431  2167 W USF     : USF_API: Drop flicker data, cannot find sampling_id:84682!
11-10 15:05:22.102 30907 30911 W gle.android.gms: Suspending all threads took: 8.570ms
11-10 15:05:22.102  2772  2785 W System  : A resource failed to call release. 
11-10 15:05:22.102  2772  2785 W System  : A resource failed to call release. 
11-10 15:05:22.102  2772  2785 W System  : A resource failed to call release. 
11-10 15:05:22.102  2772  2785 W System  : A resource failed to call release. 
11-10 15:05:22.102  2772  2785 W System  : A resource failed to call release. 
11-10 15:05:22.102  2772  2785 W System  : A resource failed to call release. 
11-10 15:05:22.103  2772  2785 W System  : A resource failed to call release. 
11-10 15:05:22.103  2772  2785 W System  : A resource failed to call release. 
11-10 15:05:22.103  2772  2785 W System  : A resource failed to call release. 
11-10 15:05:22.103  2772  2785 W System  : A resource failed to call release. 
11-10 15:05:22.103  2772  2785 W System  : A resource failed to call release. 
11-10 15:05:22.103  2772  2785 W System  : A resource failed to call release. 
11-10 15:05:22.103  2772  2785 W System  : A resource failed to call release. 
11-10 15:05:22.103 21379 21379 I brn     : Starting work type: HANDLE_PACKAGES_CHANGED using foreground service, isShort: false
11-10 15:05:22.104  1884  5666 D LauncherAppsService: getActivityLaunchIntent callingPackage=com.android.systemui component=ComponentInfo{com.google.android.apps.authenticator2/com.google.android.apps.authenticator2.main.MainActivity} user=UserHandle{0}
11-10 15:05:22.104  1884  5659 I ActivityManager: Background started FGS: Allowed [callingPackage: com.google.android.odad; callingUid: 10154; uidState: IMPF; uidBFSL: n/a; intent: Intent { xflg=0x4 cmp=com.google.android.odad/com.google.android.apps.miphone.odad.backgroundwork.impl.WorkService (has extras) }; code:BACKGROUND_ACTIVITY_PERMISSION; tempAllowListReason:<null>; allowWiu:58; targetSdkVersion:36; callerTargetSdkVersion:36; startForegroundCount:0; bindFromPackage:null: isBindService:false]
11-10 15:05:22.106  1884  5666 D LauncherAppsService: getActivityLaunchIntent callingPackage=com.android.systemui component=ComponentInfo{com.google.android.apps.bard/com.google.android.apps.bard.shellapp.BardEntryPointActivity} user=UserHandle{0}
11-10 15:05:22.107  1884  2447 D LauncherAppsService: getActivityLaunchIntent callingPackage=com.android.systemui component=ComponentInfo{com.google.android.apps.chromecast.app/com.google.android.apps.chromecast.app.DiscoveryActivity} user=UserHandle{0}
11-10 15:05:22.108  1884  5666 D LauncherAppsService: getActivityLaunchIntent callingPackage=com.android.systemui component=ComponentInfo{com.google.android.apps.fitness/com.google.android.apps.fitness.welcome.WelcomeActivity} user=UserHandle{0}
11-10 15:05:22.109 14132 25928 I EuiccGoogle: [1135] EuiccServiceImpl.onGetEuiccProfileInfoList: GetEuiccProfileInfoListResult: simCardState :11and simCardStateAtTelephony:11 for slot:0
11-10 15:05:22.110 14132 25928 I EuiccGoogle: [1135] EuiccServiceImpl.getProfileInfoList: getProfileInfoList: slotId = 0, includeTestProfiles = false
11-10 15:05:22.110 14132 25928 I EuiccGoogle: [1135] EuiccServiceImpl.getProfileInfoList: getProfileInfoList: slotId = 0, includeTestProfiles = false.
11-10 15:05:22.110 14132 25928 I EuiccGoogle: [1135] EuiccServiceImpl.getEidFromSlotId: getEidFromSlotId: slotId = 0.
11-10 15:05:22.110 14132 25928 I EuiccGoogle: [1135] NetworkFetcher.getEidForSlot: getEidForSlot: 0
11-10 15:05:22.110  1884  2447 D LauncherAppsService: getActivityLaunchIntent callingPackage=com.android.systemui component=ComponentInfo{com.google.android.apps.searchlite/com.google.android.apps.searchlite.ui.SearchActivity} user=UserHandle{0}
11-10 15:05:22.112  1884  2447 D LauncherAppsService: getActivityLaunchIntent callingPackage=com.android.systemui component=ComponentInfo{com.google.android.apps.subscriptions.red/com.google.android.apps.subscriptions.red.LauncherActivity} user=UserHandle{0}
11-10 15:05:22.112  1431  2167 W USF     : USF_API: Drop flicker data, cannot find sampling_id:84682!
11-10 15:05:22.112  7174  7174 I Finsky  : [2] AIM: AppInfoCacheUpdater -> invalidating apps: [com.example.mobiledigger]
11-10 15:05:22.112  7174  7174 I Finsky  : [2] AIM: AppInfoManager-Perf > getApps > called for 1 apps
11-10 15:05:22.113  1884  2447 D LauncherAppsService: getActivityLaunchIntent callingPackage=com.android.systemui component=ComponentInfo{com.google.android.apps.translate/com.google.android.apps.translate.TranslateActivity} user=UserHandle{0}
11-10 15:05:22.113  1428  2108 D BTAudioSessionAidl: GetSupportedLatencyModes - Supported LatencyMode= FREE
11-10 15:05:22.114  1884  2447 D LauncherAppsService: getActivityLaunchIntent callingPackage=com.android.systemui component=ComponentInfo{com.google.android.keep/com.google.android.keep.activities.BrowseActivity} user=UserHandle{0}
11-10 15:05:22.121  1884  2447 D LauncherAppsService: getActivityLaunchIntent callingPackage=com.android.systemui component=ComponentInfo{com.gtsy.capturing.heroes/com.unity3d.player.UnityPlayerActivity} user=UserHandle{0}
11-10 15:05:22.122  1431  2167 W USF     : USF_API: Drop flicker data, cannot find sampling_id:84682!
11-10 15:05:22.122  7174  7174 I Finsky  : [2] agiw - Received: android.intent.action.PACKAGE_ADDED, [F8SdPmz-nDnkHAASXyGhRL_JSafYynzTZ1KyLvYja6g]
11-10 15:05:22.122 14132 25928 I EuiccGoogle: [1135] BlockingEuiccCardManager.requestAllProfiles: requestAllProfiles: cardId = [pDpBLAxytlpqY2-RCg5rLooJ5Yw]
11-10 15:05:22.122  1884  5659 D LauncherAppsService: getActivityLaunchIntent callingPackage=com.android.systemui component=ComponentInfo{com.hb.spider.games.fighting.hero/com.unity3d.player.UnityPlayerActivity} user=UserHandle{0}
11-10 15:05:22.123  7174 25919 I Finsky  : [1588] SCH: Received scheduling request: Id: 12-1, Constraints: [{ L: 15000, D: 86400000, C: CHARGING_NONE, I: IDLE_NONE, N: NET_ANY, B: BATTERY_ANY }]
11-10 15:05:22.123  1884  5659 D LauncherAppsService: getActivityLaunchIntent callingPackage=com.android.systemui component=ComponentInfo{com.htt.alpha.shooter.fps/com.unity3d.player.UnityPlayerActivity} user=UserHandle{0}
11-10 15:05:22.124 21379 21379 I WorkService: Work service created
11-10 15:05:22.125 21379 21396 I civ     : Started coroutine watchdog: work-service, duration: PT3M
11-10 15:05:22.130  1884  2447 D LauncherAppsService: getActivityLaunchIntent callingPackage=com.android.systemui component=ComponentInfo{com.inotesapp.inotes/com.inotesapp.inotes.MainActivity} user=UserHandle{0}
11-10 15:05:22.131  1884  2447 D LauncherAppsService: getActivityLaunchIntent callingPackage=com.android.systemui component=ComponentInfo{com.instagram.android/com.instagram.android.activity.MainTabActivity} user=UserHandle{0}
11-10 15:05:22.131  1884  5473 D LauncherAppsService: getActivityLaunchIntent callingPackage=com.android.systemui component=ComponentInfo{com.kendamanomics.app/com.kendamanomics.app.MainActivity} user=UserHandle{0}
11-10 15:05:22.132  1431  2167 W USF     : USF_API: Drop flicker data, cannot find sampling_id:84682!
11-10 15:05:22.136  1884  5473 D LauncherAppsService: getActivityLaunchIntent callingPackage=com.android.systemui component=ComponentInfo{com.libratone/com.libratone.v3.activities.HomeActivity} user=UserHandle{0}
11-10 15:05:22.139  1884  5473 D LauncherAppsService: getActivityLaunchIntent callingPackage=com.android.systemui component=ComponentInfo{com.linkedin.android/com.linkedin.android.authenticator.LaunchActivityDefault} user=UserHandle{0}
11-10 15:05:22.140  1884  5473 D LauncherAppsService: getActivityLaunchIntent callingPackage=com.android.systemui component=ComponentInfo{com.mcdonalds.mobileapp/com.mcdonalds.mobileapp.SplashActivity} user=UserHandle{0}
11-10 15:05:22.141  7174  7218 I Finsky  : [1046] AIM: AppInfoManager-Perf > OnDeviceAppInfo > cacheHitCount=0, cacheMissCount=1. Missed  in cache (limit 10) : [com.example.mobiledigger]
11-10 15:05:22.141  1431  2167 W USF     : USF_API: Drop flicker data, cannot find sampling_id:84682!
11-10 15:05:22.146  1884  4375 D LauncherAppsService: getActivityLaunchIntent callingPackage=com.android.systemui component=ComponentInfo{com.microsoft.appmanager/com.microsoft.appmanager.StartUpCoreActivity} user=UserHandle{0}
11-10 15:05:22.146 25498 25682 I outlook.platformSDK: minInit -> IsComplete[true]
11-10 15:05:22.147  1884  5659 W ForegroundServiceTypeLoggerModule: Foreground service start for UID: 10154 does not have any types
11-10 15:05:22.148  1884  4375 D LauncherAppsService: getActivityLaunchIntent callingPackage=com.android.systemui component=ComponentInfo{com.microsoft.office.excel/com.microsoft.office.apphost.LaunchActivity} user=UserHandle{0}
11-10 15:05:22.149  1884  2730 D BackgroundInstallControlService: Package event received: 0
11-10 15:05:22.151 25498 25682 I outlook.platformSDK: minInit <- IsComplete[true]
11-10 15:05:22.151  1431  2167 W USF     : USF_API: Drop flicker data, cannot find sampling_id:84682!
11-10 15:05:22.154  1884  4375 D LauncherAppsService: getActivityLaunchIntent callingPackage=com.android.systemui component=ComponentInfo{com.microsoft.office.onenote/com.microsoft.office.onenote.ui.ONMSplashActivity} user=UserHandle{0}
11-10 15:05:22.155  1884  5473 D LauncherAppsService: getActivityLaunchIntent callingPackage=com.android.systemui component=ComponentInfo{com.microsoft.office.word/com.microsoft.office.apphost.LaunchActivity} user=UserHandle{0}
11-10 15:05:22.156  1884  4375 D LauncherAppsService: getActivityLaunchIntent callingPackage=com.android.systemui component=ComponentInfo{com.microsoft.rdc.androidx/com.microsoft.windowsapp.ui.HomeActivity} user=UserHandle{0}
11-10 15:05:22.156 21379 21379 I WorkService: Moved work service to foreground
11-10 15:05:22.156 21379 21379 I brn     : Starting the handler for work type: HANDLE_PACKAGES_CHANGED
11-10 15:05:22.157 21379 21379 I WorkService: Work service returning from onStartCommand, work count: 1
11-10 15:05:22.157  1884  4375 D LauncherAppsService: getActivityLaunchIntent callingPackage=com.android.systemui component=ComponentInfo{com.microsoft.teams/com.microsoft.skype.teams.Launcher} user=UserHandle{0}
11-10 15:05:22.159 25498 25682 I outlook.platformSDK: Skipping loading [ActionableMessages] since requirements not fulfilled.
11-10 15:05:22.160  7174  7174 I Finsky  : [2] agiw - Deduping intent android.intent.action.PACKAGE_ADDED
11-10 15:05:22.160  1884  4375 D LauncherAppsService: getActivityLaunchIntent callingPackage=com.android.systemui component=ComponentInfo{com.microsoft.windowsintune.companyportal/com.microsoft.windowsintune.companyportal.views.SplashActivity} user=UserHandle{0}
11-10 15:05:22.161  1884  4375 D LauncherAppsService: getActivityLaunchIntent callingPackage=com.android.systemui component=ComponentInfo{com.mojang.minecraftpe/com.mojang.minecraftpe.MainActivity} user=UserHandle{0}
11-10 15:05:22.162  1431  2167 W USF     : USF_API: Drop flicker data, cannot find sampling_id:84682!
11-10 15:05:22.162  7174  7174 I Finsky  : [2] agiw - Received: android.intent.action.PACKAGE_ADDED, [F8SdPmz-nDnkHAASXyGhRL_JSafYynzTZ1KyLvYja6g]
11-10 15:05:22.163  1884  4375 D LauncherAppsService: getActivityLaunchIntent callingPackage=com.android.systemui component=ComponentInfo{com.movile.playkids.pkxd/com.movile.playkids.pkxd.base.UnityPlayerActivity} user=UserHandle{0}
11-10 15:05:22.164  1884  5666 D LauncherAppsService: getActivityLaunchIntent callingPackage=com.android.systemui component=ComponentInfo{com.musicpay.app/com.musicpay.app.MainActivity} user=UserHandle{0}
11-10 15:05:22.168 25498 25683 I outlook.platformSDK: minInit -> IsComplete[true]
11-10 15:05:22.169  1884  4375 D LauncherAppsService: getActivityLaunchIntent callingPackage=com.android.systemui component=ComponentInfo{com.netflix.mediaclient/com.netflix.mediaclient.ui.launch.UIWebViewActivity} user=UserHandle{0}
11-10 15:05:22.169 25498 25683 I outlook.platformSDK: minInit <- IsComplete[true]
11-10 15:05:22.169 25498 25683 I outlook.platformSDK: Skipping loading [ActionableMessages] since requirements not fulfilled.
11-10 15:05:22.170 25498 25683 I outlook.platformSDK: Skipping loading [CalendarCategories] since requirements not fulfilled.
11-10 15:05:22.170  1884  5473 D LauncherAppsService: getActivityLaunchIntent callingPackage=com.android.systemui component=ComponentInfo{com.nexar.spider.web.shooting.puzzles/com.unity3d.player.UnityPlayerActivity} user=UserHandle{0}
11-10 15:05:22.170 25498 25683 I outlook.platformSDK: Skipping loading [ComposeDynamicActionBarPartner] since requirements not fulfilled.
11-10 15:05:22.171 25498 25683 I outlook.platformSDK: Skipping loading [ContactsPartner] since requirements not fulfilled.
11-10 15:05:22.172  1431  2167 W USF     : USF_API: Drop flicker data, cannot find sampling_id:84682!
11-10 15:05:22.172 25498 25683 I outlook.platformSDK: Skipping loading [EventComposePartner] since requirements not fulfilled.
11-10 15:05:22.172 25498 25683 I outlook.platformSDK: Skipping loading [FileViewer] since requirements not fulfilled.
11-10 15:05:22.173  1884  2447 V Configuration: Updating configuration, locales updated from [] to [en_US,ro_RO]
11-10 15:05:22.173 25498 25683 I outlook.platformSDK: Skipping loading [ScheduleFromEmail] since requirements not fulfilled.
11-10 15:05:22.173  1884  2447 V Configuration: Updating configuration, locales updated from [] to [en_US]
11-10 15:05:22.173 25498 25683 I outlook.platformSDK: Skipping loading [SchedulingAssistant] since requirements not fulfilled.
11-10 15:05:22.173  1884  2447 V Configuration: Updating configuration, locales updated from [] to [en_US,ro_RO]
11-10 15:05:22.173  1884  2447 V Configuration: Updating configuration, locales updated from [] to [en_US,ro_RO]
11-10 15:05:22.174  1884  2447 V Configuration: Updating configuration, locales updated from [] to [en_US,ro_RO]
11-10 15:05:22.174  1884  2447 V Configuration: Updating configuration, locales updated from [] to [en_US]
11-10 15:05:22.174  1884  2447 V Configuration: Updating configuration, locales updated from [] to [en_US,ro_RO]
11-10 15:05:22.174  1884  2447 V Configuration: Updating configuration, locales updated from [] to [en_US,ro_RO]
11-10 15:05:22.174  1884  2447 V Configuration: Updating configuration, locales updated from [] to [en_US,ro_RO]
11-10 15:05:22.174  1884  2447 V Configuration: Updating configuration, locales updated from [] to [en_US]
11-10 15:05:22.174  1884  2447 V Configuration: Updating configuration, locales updated from [] to [en_US,ro_RO]
11-10 15:05:22.174  1884  2447 V Configuration: Updating configuration, locales updated from [] to [en_US,ro_RO]
11-10 15:05:22.174  1884  2447 V Configuration: Updating configuration, locales updated from [] to [en_US,ro_RO]
11-10 15:05:22.174  1884  2447 V Configuration: Updating configuration, locales updated from [] to [en_US]
11-10 15:05:22.175  1884  2447 V Configuration: Updating configuration, locales updated from [] to [en_US,ro_RO]
11-10 15:05:22.175  1884  2447 V Configuration: Updating configuration, locales updated from [] to [en_US,ro_RO]
11-10 15:05:22.175  1884  2447 V Configuration: Updating configuration, locales updated from [] to [en_US,ro_RO]
11-10 15:05:22.175  1884  2447 V Configuration: Updating configuration, locales updated from [] to [en_US,ro_RO]
11-10 15:05:22.175  1884  2447 V Configuration: Updating configuration, locales updated from [] to [en_US]
11-10 15:05:22.175 25498 25682 I outlook.platformSDK: Skipping loading [CalendarCategories] since requirements not fulfilled.
11-10 15:05:22.176 25498 25682 I outlook.platformSDK: Skipping loading [ComposeDynamicActionBarPartner] since requirements not fulfilled.
11-10 15:05:22.176 25498 25682 I outlook.platformSDK: Skipping loading [ContactsPartner] since requirements not fulfilled.
11-10 15:05:22.176 25498 25682 I outlook.platformSDK: Skipping loading [EventComposePartner] since requirements not fulfilled.
11-10 15:05:22.176 25498 25682 I outlook.platformSDK: Skipping loading [FileViewer] since requirements not fulfilled.
11-10 15:05:22.177  1884  5659 D LauncherAppsService: getActivityLaunchIntent callingPackage=com.android.systemui component=ComponentInfo{com.okta.android.auth/com.okta.android.auth.activity.SplashActivity} user=UserHandle{0}
11-10 15:05:22.177 25498 25683 I outlook.platformSDK: requestLoadContributionsAsyncV2[FileOpenContribution] - Packages[0]
11-10 15:05:22.177 25498 25683 I outlook.platformSDK: requestLoadContributionsAsyncV2[FileOpenContribution] - Loaded[0]
11-10 15:05:22.179  1884  2447 V Configuration: Updating configuration, locales updated from [] to [en_US]
11-10 15:05:22.179  1884  2447 V Configuration: Updating configuration, locales updated from [] to [en_US]
11-10 15:05:22.179  1884  2447 V Configuration: Updating configuration, locales updated from [] to [en_US,ro_RO]
11-10 15:05:22.180  1884  2447 V Configuration: Updating configuration, locales updated from [] to [en_US,ro_RO]
11-10 15:05:22.180  1884  2447 V Configuration: Updating configuration, locales updated from [] to [en_US]
11-10 15:05:22.180  1884  2447 V Configuration: Updating configuration, locales updated from [] to [en_US,ro_RO]
11-10 15:05:22.180  1884  2447 V Configuration: Updating configuration, locales updated from [] to [en_US,ro_RO]
11-10 15:05:22.180  1884  2447 V Configuration: Updating configuration, locales updated from [] to [en_US,ro_RO]
11-10 15:05:22.180  1884  2447 V Configuration: Updating configuration, locales updated from [] to [en_US,ro_RO]
11-10 15:05:22.180  1884  2447 V Configuration: Updating configuration, locales updated from [] to [en_US,ro_RO]
11-10 15:05:22.180  1884  2447 V Configuration: Updating configuration, locales updated from [] to [en_US,ro_RO]
11-10 15:05:22.180  1884  2447 V Configuration: Updating configuration, locales updated from [] to [en_US]
11-10 15:05:22.180  1884  2447 V Configuration: Updating configuration, locales updated from [] to [en_US,ro_RO]
11-10 15:05:22.181  1884  2447 V Configuration: Updating configuration, locales updated from [] to [en_US]
11-10 15:05:22.181  1884  2447 V Configuration: Updating configuration, locales updated from [] to [en_US,ro_RO]
11-10 15:05:22.181  1884  2447 V Configuration: Updating configuration, locales updated from [] to [en_US,ro_RO]
11-10 15:05:22.181  1884  2447 V Configuration: Updating configuration, locales updated from [] to [en_US,ro_RO]
11-10 15:05:22.181  1884  2447 V Configuration: Updating configuration, locales updated from [] to [en_US]
11-10 15:05:22.181  1884  2447 V Configuration: Updating configuration, locales updated from [] to [en_US,ro_RO]
11-10 15:05:22.181  1884  2447 V Configuration: Updating configuration, locales updated from [] to [en_US]
11-10 15:05:22.181  1884  2447 V Configuration: Updating configuration, locales updated from [] to [en_US,ro_RO]
11-10 15:05:22.182  1431  2167 W USF     : USF_API: Drop flicker data, cannot find sampling_id:84682!
11-10 15:05:22.183 25498 25682 I outlook.platformSDK: Skipping loading [ScheduleFromEmail] since requirements not fulfilled.
11-10 15:05:22.183 25498 25682 I outlook.platformSDK: Skipping loading [SchedulingAssistant] since requirements not fulfilled.
11-10 15:05:22.184 25498 25682 I outlook.platformSDK: requestLoadContributionsAsyncV2[FileOpenContribution] - Packages[0]
11-10 15:05:22.185 25498 25682 I outlook.platformSDK: requestLoadContributionsAsyncV2[FileOpenContribution] - Loaded[0]
11-10 15:05:22.186  7174  7174 I Finsky  : [2] agiw - Deduping intent android.intent.action.PACKAGE_ADDED
11-10 15:05:22.188  7174  7198 I Finsky  : [1027] RECEIVER_PACKAGE_MONITOR#logWorkEndAndFinishGoAsync: SUCCESS
11-10 15:05:22.188 31337 31341 W d.process.acore: Reducing the number of considered missed Gc histogram windows from 116 to 100
11-10 15:05:22.189 21379 25929 I brb     : No reboot detected, boot count: 118
11-10 15:05:22.181  1884  2447 V Configuration: Updating configuration, locales updated from [] to [en_US,ro_RO]
11-10 15:05:22.190 25498 25648 I outlook.Notifications: setupNotificationsChannelsIfNeeded - AlreadyDone[false]
11-10 15:05:22.190  1884  2447 V Configuration: Updating configuration, locales updated from [] to [en_US,ro_RO]
11-10 15:05:22.190  1884  2447 V Configuration: Updating configuration, locales updated from [] to [en_US,ro_RO]
11-10 15:05:22.190  1884  2447 V Configuration: Updating configuration, locales updated from [] to [en_US,ro_RO]
11-10 15:05:22.190  1884  2447 V Configuration: Updating configuration, locales updated from [] to [en_US,ro_RO]
11-10 15:05:22.190  1884  2447 V Configuration: Updating configuration, locales updated from [] to [ro_RO,en_US]
11-10 15:05:22.190  1884  2447 V Configuration: Updating configuration, locales updated from [] to [en_US,ro_RO]
11-10 15:05:22.190  1884  2447 V Configuration: Updating configuration, locales updated from [] to [en_US,ro_RO]
11-10 15:05:22.191  1431  2167 W USF     : USF_API: Drop flicker data, cannot find sampling_id:84682!
11-10 15:05:22.191 25498 25634 W JobInfo : Requested important-while-foreground flag for job68797 is ignored and takes no effect
11-10 15:05:22.191 25498 25582 I outlook.platformSDK: minInit -> IsComplete[true]
11-10 15:05:22.191 25498 25582 I outlook.platformSDK: minInit <- IsComplete[true]
11-10 15:05:22.192  1884  2447 V Configuration: Updating configuration, locales updated from [] to [en_US,ro_RO]
11-10 15:05:22.192  1884  2447 V Configuration: Updating configuration, locales updated from [] to [en_US,ro_RO]
11-10 15:05:22.192  1884  2447 V Configuration: Updating configuration, locales updated from [] to [en_US,ro_RO]
11-10 15:05:22.192  1884  2447 V Configuration: Updating configuration, locales updated from [] to [en_US,ro_RO]
11-10 15:05:22.192  1884  2447 V Configuration: Updating configuration, locales updated from [] to [en_US,ro_RO]
11-10 15:05:22.192  1884  2447 V Configuration: Updating configuration, locales updated from [] to [en_US,ro_RO]
11-10 15:05:22.192  1884  2447 V Configuration: Updating configuration, locales updated from [] to [en_US,ro_RO]
11-10 15:05:22.192  1884  2447 V Configuration: Updating configuration, locales updated from [] to [en_US,ro_RO]
11-10 15:05:22.192  1884  2447 V Configuration: Updating configuration, locales updated from [] to [en_US,ro_RO]
11-10 15:05:22.193  1884  2447 V Configuration: Updating configuration, locales updated from [] to [en_US,ro_RO]
11-10 15:05:22.193  1884  2447 V Configuration: Updating configuration, locales updated from [] to [en_US,ro_RO]
11-10 15:05:22.193  1884  2447 V Configuration: Updating configuration, locales updated from [] to [en_US,ro_RO]
11-10 15:05:22.193  1884  2447 V Configuration: Updating configuration, locales updated from [] to [en_US,ro_RO]
11-10 15:05:22.193  1884  2447 V Configuration: Updating configuration, locales updated from [] to [en_US,ro_RO]
11-10 15:05:22.193 25498 25582 I outlook.platformSDK: Skipping loading [ActionableMessages] since requirements not fulfilled.
11-10 15:05:22.193  1884  2447 V Configuration: Updating configuration, locales updated from [] to [en_US,ro_RO]
11-10 15:05:22.193  1884  2447 V Configuration: Updating configuration, locales updated from [] to [en_US,ro_RO]
11-10 15:05:22.193  1884  2447 V Configuration: Updating configuration, locales updated from [] to [en_US,ro_RO]
11-10 15:05:22.193  1884  2447 V Configuration: Updating configuration, locales updated from [] to [ro_RO,en_US]
11-10 15:05:22.193  1884  2447 V Configuration: Updating configuration, locales updated from [] to [en_US,ro_RO]
11-10 15:05:22.194  1884  2447 V Configuration: Updating configuration, locales updated from [] to [en_US,ro_RO]
11-10 15:05:22.194  1884  2447 V Configuration: Updating configuration, locales updated from [] to [en_US,ro_RO]
11-10 15:05:22.194  1884  2447 V Configuration: Updating configuration, locales updated from [] to [en_US,ro_RO]
11-10 15:05:22.194  1884  2447 V Configuration: Updating configuration, locales updated from [] to [en_US,ro_RO]
11-10 15:05:22.194  1884  2447 V Configuration: Updating configuration, locales updated from [] to [en_US,ro_RO]
11-10 15:05:22.194  1884  5659 D LauncherAppsService: getActivityLaunchIntent callingPackage=com.android.systemui component=ComponentInfo{com.onebutton.mrsuper2/com.onebutton.cpp.AppActivity} user=UserHandle{0}
11-10 15:05:22.197  1884  5659 D LauncherAppsService: getActivityLaunchIntent callingPackage=com.android.systemui component=ComponentInfo{com.onepassword.android/com.onepassword.android.app.StartActivity} user=UserHandle{0}
11-10 15:05:22.198 25498 25582 I outlook.platformSDK: Skipping loading [CalendarCategories] since requirements not fulfilled.
11-10 15:05:22.198  1884  4325 W AppSearchAppsUtil: getDynamicAppFunctionSchemasForPackages: Failed to get schema property for package: com.google.android.apps.wearables.maestro.companion
11-10 15:05:22.198  1884  4325 W AppSearchAppsUtil: android.content.pm.PackageManager$NameNotFoundException
11-10 15:05:22.198  1884  4325 W AppSearchAppsUtil: 	at android.app.ApplicationPackageManager.getPropertyAsUser(ApplicationPackageManager.java:3965)
