11-10 15:40:50.644  1488  2119 D AudioMixer: previous float ramp hasn't finished, prev:0.949989  set_to:0.949951
11-10 15:40:50.644  1488  2119 D AudioMixer: previous int ramp hasn't finished, prev:255010816  set_to:255000576
11-10 15:40:50.644  1488  2119 D AudioMixer: previous float ramp hasn't finished, prev:0.949989  set_to:0.949951
11-10 15:40:50.644  1488  2119 D AudioMixer: previous int ramp hasn't finished, prev:255010816  set_to:255000576
11-10 15:40:50.644  1428  1576 I AHal::Waves: UpdateUseCasesState: set active max volume 0.899963
11-10 15:40:50.645  1428  1576 D BTAudioSessionAidl: UpdateSourceMetadata - SessionType=LE_AUDIO_HARDWARE_OFFLOAD_ENCODING_DATAPATH has NO session
11-10 15:40:50.645  1428  1576 D BTAudioSessionAidl: GetSupportedLatencyModes - SessionType=LE_AUDIO_HARDWARE_OFFLOAD_ENCODING_DATAPATH has NO session
11-10 15:40:50.645  1428  1576 D BTAudioSessionAidl: SetLatencyMode - SessionType=LE_AUDIO_HARDWARE_OFFLOAD_ENCODING_DATAPATH has NO session
11-10 15:40:50.645  1428  1576 D BTAudioSessionAidl: GetSupportedLatencyModes - Supported LatencyMode= FREE
11-10 15:40:50.645 14050 22976 I bluetooth-a2dp: system/btif/src/btif_av.cc:4061 btif_av_set_low_latency: active_peer=xx:xx:xx:xx:0f:4f is_low_latency=false
11-10 15:40:50.645 14050 14084 I BluetoothAdapterService: getActiveDevices: A2dp device: XX:XX:XX:XX:0F:4F
11-10 15:40:50.646 14050 14071 I bluetooth-a2dp: system/btif/src/btif_av.cc:3067 btif_av_handle_event: peer=xx:xx:xx:xx:0f:4f handle=0x0 event=BTIF_AV_SET_LATENCY_REQ_EVT(0x25)
11-10 15:40:50.646 14050 14071 I bluetooth-a2dp: system/btif/src/btif_av.cc:2492 ProcessEvent: state=Started peer=xx:xx:xx:xx:0f:4f event=BTIF_AV_SET_LATENCY_REQ_EVT(0x25) flags=0x0(None) active_peer=true
11-10 15:40:50.646 14050 14071 I bluetooth-a2dp: system/btif/src/btif_av.cc:2671 ProcessEvent: Peer xx:xx:xx:xx:0f:4f : event=BTIF_AV_SET_LATENCY_REQ_EVT(0x25) flags=0x0(None) is_low_latency=false
11-10 15:40:50.646 14050 14071 I bluetooth-a2dp: system/bta/av/bta_av_api.cc:612 BTA_AvSetLatency: Set audio/video stream low latency bta_handle:65, is_low_latency:false
11-10 15:40:50.646 14050 14071 I bt_l2cap: system/stack/l2cap/l2c_api.cc:1040 L2CA_SetAclLatency: BDA: xx:xx:xx:xx:0f:4f, latency: 0
11-10 15:40:50.646 14050 14071 I l2c_utils: system/stack/l2cap/l2c_utils.cc:2538 l2cu_set_acl_latency: Set ACL low latency: 0
11-10 15:40:50.652  1431  2167 W USF     : USF_API: Drop flicker data, cannot find sampling_id:84682!
11-10 15:40:50.662  1431  2167 W USF     : USF_API: Drop flicker data, cannot find sampling_id:84682!
11-10 15:40:50.672  1431  2167 W USF     : USF_API: Drop flicker data, cannot find sampling_id:84682!
11-10 15:40:50.673  1884  2681 D InetDiagMessage: Destroyed 0 sockets, proto=IPPROTO_TCP, family=AF_INET, states=14
11-10 15:40:50.678  1884  2681 D InetDiagMessage: Destroyed 0 sockets, proto=IPPROTO_TCP, family=AF_INET6, states=14
11-10 15:40:50.678  1884  2681 D InetDiagMessage: Destroyed live tcp sockets for uids={10155} in 8ms
11-10 15:40:50.681  1884  2681 D InetDiagMessage: Destroyed 0 sockets, proto=IPPROTO_TCP, family=AF_INET, states=14
11-10 15:40:50.681  1431  2167 W USF     : USF_API: Drop flicker data, cannot find sampling_id:84682!
11-10 15:40:50.684  1428  1576 I AHal::Waves: UpdateUseCasesState: set active max volume 0.849976
11-10 15:40:50.685  1428  1576 D BTAudioSessionAidl: UpdateSourceMetadata - SessionType=LE_AUDIO_HARDWARE_OFFLOAD_ENCODING_DATAPATH has NO session
11-10 15:40:50.685  1428  1576 D BTAudioSessionAidl: GetSupportedLatencyModes - SessionType=LE_AUDIO_HARDWARE_OFFLOAD_ENCODING_DATAPATH has NO session
11-10 15:40:50.685  1428  1576 D BTAudioSessionAidl: SetLatencyMode - SessionType=LE_AUDIO_HARDWARE_OFFLOAD_ENCODING_DATAPATH has NO session
11-10 15:40:50.685  1428  1576 D BTAudioSessionAidl: GetSupportedLatencyModes - Supported LatencyMode= FREE
11-10 15:40:50.685  1884  2681 D InetDiagMessage: Destroyed 0 sockets, proto=IPPROTO_TCP, family=AF_INET6, states=14
11-10 15:40:50.685  1884  2681 D InetDiagMessage: Destroyed live tcp sockets for uids={20155} in 7ms
11-10 15:40:50.685 14050 22976 I bluetooth-a2dp: system/btif/src/btif_av.cc:4061 btif_av_set_low_latency: active_peer=xx:xx:xx:xx:0f:4f is_low_latency=false
11-10 15:40:50.685 14050 14084 I BluetoothAdapterService: getActiveDevices: A2dp device: XX:XX:XX:XX:0F:4F
11-10 15:40:50.686 14050 14071 I bluetooth-a2dp: system/btif/src/btif_av.cc:3067 btif_av_handle_event: peer=xx:xx:xx:xx:0f:4f handle=0x0 event=BTIF_AV_SET_LATENCY_REQ_EVT(0x25)
11-10 15:40:50.686 14050 14071 I bluetooth-a2dp: system/btif/src/btif_av.cc:2492 ProcessEvent: state=Started peer=xx:xx:xx:xx:0f:4f event=BTIF_AV_SET_LATENCY_REQ_EVT(0x25) flags=0x0(None) active_peer=true
11-10 15:40:50.686 14050 14071 I bluetooth-a2dp: system/btif/src/btif_av.cc:2671 ProcessEvent: Peer xx:xx:xx:xx:0f:4f : event=BTIF_AV_SET_LATENCY_REQ_EVT(0x25) flags=0x0(None) is_low_latency=false
11-10 15:40:50.686 14050 14071 I bluetooth-a2dp: system/bta/av/bta_av_api.cc:612 BTA_AvSetLatency: Set audio/video stream low latency bta_handle:65, is_low_latency:false
11-10 15:40:50.686 14050 14071 I bt_l2cap: system/stack/l2cap/l2c_api.cc:1040 L2CA_SetAclLatency: BDA: xx:xx:xx:xx:0f:4f, latency: 0
11-10 15:40:50.686 14050 14071 I l2c_utils: system/stack/l2cap/l2c_utils.cc:2538 l2cu_set_acl_latency: Set ACL low latency: 0
11-10 15:40:50.692  1431  2167 W USF     : USF_API: Drop flicker data, cannot find sampling_id:84682!
11-10 15:40:50.704  1431  2167 W USF     : USF_API: Drop flicker data, cannot find sampling_id:84682!
11-10 15:40:50.714  1431  2167 W USF     : USF_API: Drop flicker data, cannot find sampling_id:84682!
11-10 15:40:50.723  1431  2167 W USF     : USF_API: Drop flicker data, cannot find sampling_id:84682!
11-10 15:40:50.726  1428  1576 I AHal::Waves: UpdateUseCasesState: set active max volume 0.699951
11-10 15:40:50.726  1428  1576 D BTAudioSessionAidl: UpdateSourceMetadata - SessionType=LE_AUDIO_HARDWARE_OFFLOAD_ENCODING_DATAPATH has NO session
11-10 15:40:50.726  1428  1576 D BTAudioSessionAidl: GetSupportedLatencyModes - SessionType=LE_AUDIO_HARDWARE_OFFLOAD_ENCODING_DATAPATH has NO session
11-10 15:40:50.726  1428  1576 D BTAudioSessionAidl: SetLatencyMode - SessionType=LE_AUDIO_HARDWARE_OFFLOAD_ENCODING_DATAPATH has NO session
11-10 15:40:50.726  1428  1576 D BTAudioSessionAidl: GetSupportedLatencyModes - Supported LatencyMode= FREE
11-10 15:40:50.727 14050 22976 I bluetooth-a2dp: system/btif/src/btif_av.cc:4061 btif_av_set_low_latency: active_peer=xx:xx:xx:xx:0f:4f is_low_latency=false
11-10 15:40:50.727 14050 14084 I BluetoothAdapterService: getActiveDevices: A2dp device: XX:XX:XX:XX:0F:4F
11-10 15:40:50.727 14050 14071 I bluetooth-a2dp: system/btif/src/btif_av.cc:3067 btif_av_handle_event: peer=xx:xx:xx:xx:0f:4f handle=0x0 event=BTIF_AV_SET_LATENCY_REQ_EVT(0x25)
11-10 15:40:50.727 14050 14071 I bluetooth-a2dp: system/btif/src/btif_av.cc:2492 ProcessEvent: state=Started peer=xx:xx:xx:xx:0f:4f event=BTIF_AV_SET_LATENCY_REQ_EVT(0x25) flags=0x0(None) active_peer=true
11-10 15:40:50.727 14050 14071 I bluetooth-a2dp: system/btif/src/btif_av.cc:2671 ProcessEvent: Peer xx:xx:xx:xx:0f:4f : event=BTIF_AV_SET_LATENCY_REQ_EVT(0x25) flags=0x0(None) is_low_latency=false
11-10 15:40:50.727 14050 14071 I bluetooth-a2dp: system/bta/av/bta_av_api.cc:612 BTA_AvSetLatency: Set audio/video stream low latency bta_handle:65, is_low_latency:false
11-10 15:40:50.727 14050 14071 I bt_l2cap: system/stack/l2cap/l2c_api.cc:1040 L2CA_SetAclLatency: BDA: xx:xx:xx:xx:0f:4f, latency: 0
11-10 15:40:50.727 14050 14071 I l2c_utils: system/stack/l2cap/l2c_utils.cc:2538 l2cu_set_acl_latency: Set ACL low latency: 0
11-10 15:40:50.733  1431  2167 W USF     : USF_API: Drop flicker data, cannot find sampling_id:84682!
11-10 15:40:50.743  1431  2167 W USF     : USF_API: Drop flicker data, cannot find sampling_id:84682!
11-10 15:40:50.752  1431  2167 W USF     : USF_API: Drop flicker data, cannot find sampling_id:84682!
11-10 15:40:50.753  4276  5202 W MediaProvider: isAppCloneUserPair for user 0: false
11-10 15:40:50.763  1431  2167 W USF     : USF_API: Drop flicker data, cannot find sampling_id:84682!
11-10 15:40:50.765  1428  1576 I AHal::Waves: UpdateUseCasesState: set active max volume 0.549988
11-10 15:40:50.766  1428  1576 D BTAudioSessionAidl: UpdateSourceMetadata - SessionType=LE_AUDIO_HARDWARE_OFFLOAD_ENCODING_DATAPATH has NO session
11-10 15:40:50.766  1428  1576 D BTAudioSessionAidl: GetSupportedLatencyModes - SessionType=LE_AUDIO_HARDWARE_OFFLOAD_ENCODING_DATAPATH has NO session
11-10 15:40:50.766  1428  1576 D BTAudioSessionAidl: SetLatencyMode - SessionType=LE_AUDIO_HARDWARE_OFFLOAD_ENCODING_DATAPATH has NO session
11-10 15:40:50.766  1428  1576 D BTAudioSessionAidl: GetSupportedLatencyModes - Supported LatencyMode= FREE
11-10 15:40:50.766 14050 22976 I bluetooth-a2dp: system/btif/src/btif_av.cc:4061 btif_av_set_low_latency: active_peer=xx:xx:xx:xx:0f:4f is_low_latency=false
11-10 15:40:50.767 14050 14071 I bluetooth-a2dp: system/btif/src/btif_av.cc:3067 btif_av_handle_event: peer=xx:xx:xx:xx:0f:4f handle=0x0 event=BTIF_AV_SET_LATENCY_REQ_EVT(0x25)
11-10 15:40:50.767 14050 14084 I BluetoothAdapterService: getActiveDevices: A2dp device: XX:XX:XX:XX:0F:4F
11-10 15:40:50.767 14050 14071 I bluetooth-a2dp: system/btif/src/btif_av.cc:2492 ProcessEvent: state=Started peer=xx:xx:xx:xx:0f:4f event=BTIF_AV_SET_LATENCY_REQ_EVT(0x25) flags=0x0(None) active_peer=true
11-10 15:40:50.767 14050 14071 I bluetooth-a2dp: system/btif/src/btif_av.cc:2671 ProcessEvent: Peer xx:xx:xx:xx:0f:4f : event=BTIF_AV_SET_LATENCY_REQ_EVT(0x25) flags=0x0(None) is_low_latency=false
11-10 15:40:50.767 14050 14071 I bluetooth-a2dp: system/bta/av/bta_av_api.cc:612 BTA_AvSetLatency: Set audio/video stream low latency bta_handle:65, is_low_latency:false
11-10 15:40:50.767 14050 14071 I bt_l2cap: system/stack/l2cap/l2c_api.cc:1040 L2CA_SetAclLatency: BDA: xx:xx:xx:xx:0f:4f, latency: 0
11-10 15:40:50.767 14050 14071 I l2c_utils: system/stack/l2cap/l2c_utils.cc:2538 l2cu_set_acl_latency: Set ACL low latency: 0
11-10 15:40:50.773  1431  2167 W USF     : USF_API: Drop flicker data, cannot find sampling_id:84682!
11-10 15:40:50.777  1622  7260 E MetadataRetrieverClient: offset (0) bigger than file size (0)
11-10 15:40:50.779  4276 16680 W ModernMediaScanner: Trouble scanning /storage/emulated/0/Results 3/Rejected/Felipe Valenzuela and Dorian Paic - Persistence [DDC003].flac
11-10 15:40:50.779  4276 16680 W ModernMediaScanner: java.lang.RuntimeException: setDataSource failed: status = 0xFFFFFFEA
11-10 15:40:50.779  4276 16680 W ModernMediaScanner: 	at android.media.MediaMetadataRetriever._setDataSource(Native Method)
11-10 15:40:50.779  4276 16680 W ModernMediaScanner: 	at android.media.MediaMetadataRetriever.setDataSource(MediaMetadataRetriever.java:310)
11-10 15:40:50.779  4276 16680 W ModernMediaScanner: 	at android.media.MediaMetadataRetriever.setDataSource(MediaMetadataRetriever.java:334)
11-10 15:40:50.779  4276 16680 W ModernMediaScanner: 	at com.android.providers.media.scan.ModernMediaScanner.scanItemAudio(ModernMediaScanner.java:1614)
11-10 15:40:50.779  4276 16680 W ModernMediaScanner: 	at com.android.providers.media.scan.ModernMediaScanner.scanItem(ModernMediaScanner.java:1335)
11-10 15:40:50.779  4276 16680 W ModernMediaScanner: 	at com.android.providers.media.scan.ModernMediaScanner.-$$Nest$mscanItem(ModernMediaScanner.java:0)
11-10 15:40:50.779  4276 16680 W ModernMediaScanner: 	at com.android.providers.media.scan.ModernMediaScanner$Scan.visitFile(ModernMediaScanner.java:1039)
11-10 15:40:50.779  4276 16680 W ModernMediaScanner: 	at com.android.providers.media.scan.ModernMediaScanner$Scan.visitFile(ModernMediaScanner.java:520)
11-10 15:40:50.779  4276 16680 W ModernMediaScanner: 	at java.nio.file.Files.walkFileTree(Files.java:2670)
11-10 15:40:50.779  4276 16680 W ModernMediaScanner: 	at java.nio.file.Files.walkFileTree(Files.java:2742)
11-10 15:40:50.779  4276 16680 W ModernMediaScanner: 	at com.android.providers.media.scan.ModernMediaScanner$Scan.walkFileTree(ModernMediaScanner.java:643)
11-10 15:40:50.779  4276 16680 W ModernMediaScanner: 	at com.android.providers.media.scan.ModernMediaScanner$Scan.runInternal(ModernMediaScanner.java:602)
11-10 15:40:50.779  4276 16680 W ModernMediaScanner: 	at com.android.providers.media.scan.ModernMediaScanner$Scan.run(ModernMediaScanner.java:591)
11-10 15:40:50.779  4276 16680 W ModernMediaScanner: 	at com.android.providers.media.scan.ModernMediaScanner.scanFile(ModernMediaScanner.java:420)
11-10 15:40:50.779  4276 16680 W ModernMediaScanner: 	at com.android.providers.media.MediaProvider.scanFile(MediaProvider.java:2415)
11-10 15:40:50.779  4276 16680 W ModernMediaScanner: 	at com.android.providers.media.MediaProvider.getResultForScanFile(MediaProvider.java:7742)
11-10 15:40:50.779  4276 16680 W ModernMediaScanner: 	at com.android.providers.media.MediaProvider.callInternal(MediaProvider.java:7268)
11-10 15:40:50.779  4276 16680 W ModernMediaScanner: 	at com.android.providers.media.MediaProvider.call(MediaProvider.java:7247)
11-10 15:40:50.779  4276 16680 W ModernMediaScanner: 	at android.content.ContentProvider.call(ContentProvider.java:2725)
11-10 15:40:50.779  4276 16680 W ModernMediaScanner: 	at android.content.ContentProvider$Transport.call(ContentProvider.java:638)
11-10 15:40:50.779  4276 16680 W ModernMediaScanner: 	at android.content.ContentProviderNative.onTransact(ContentProviderNative.java:307)
11-10 15:40:50.779  4276 16680 W ModernMediaScanner: 	at android.os.Binder.execTransactInternal(Binder.java:1441)
11-10 15:40:50.779  4276 16680 W ModernMediaScanner: 	at android.os.Binder.execTransact(Binder.java:1385)
11-10 15:40:50.782  1431  2167 W USF     : USF_API: Drop flicker data, cannot find sampling_id:84682!
11-10 15:40:50.792  1431  2167 W USF     : USF_API: Drop flicker data, cannot find sampling_id:84682!
11-10 15:40:50.802  1431  2167 W USF     : USF_API: Drop flicker data, cannot find sampling_id:84682!
11-10 15:40:50.804  1428  2117 D BTAudioSessionAidl: GetSupportedLatencyModes - Supported LatencyMode= FREE
11-10 15:40:50.805  1428  1576 I AHal::Waves: UpdateUseCasesState: set active max volume 0.349976
11-10 15:40:50.805  1428  1576 D BTAudioSessionAidl: UpdateSourceMetadata - SessionType=LE_AUDIO_HARDWARE_OFFLOAD_ENCODING_DATAPATH has NO session
11-10 15:40:50.805  1428  1576 D BTAudioSessionAidl: GetSupportedLatencyModes - SessionType=LE_AUDIO_HARDWARE_OFFLOAD_ENCODING_DATAPATH has NO session
11-10 15:40:50.805  1428  1576 D BTAudioSessionAidl: SetLatencyMode - SessionType=LE_AUDIO_HARDWARE_OFFLOAD_ENCODING_DATAPATH has NO session
11-10 15:40:50.805  1428  1576 D BTAudioSessionAidl: GetSupportedLatencyModes - Supported LatencyMode= FREE
11-10 15:40:50.806 14050 22976 I bluetooth-a2dp: system/btif/src/btif_av.cc:4061 btif_av_set_low_latency: active_peer=xx:xx:xx:xx:0f:4f is_low_latency=false
11-10 15:40:50.806 14050 14084 I BluetoothAdapterService: getActiveDevices: A2dp device: XX:XX:XX:XX:0F:4F
11-10 15:40:50.806 14050 14071 I bluetooth-a2dp: system/btif/src/btif_av.cc:3067 btif_av_handle_event: peer=xx:xx:xx:xx:0f:4f handle=0x0 event=BTIF_AV_SET_LATENCY_REQ_EVT(0x25)
11-10 15:40:50.806 14050 14071 I bluetooth-a2dp: system/btif/src/btif_av.cc:2492 ProcessEvent: state=Started peer=xx:xx:xx:xx:0f:4f event=BTIF_AV_SET_LATENCY_REQ_EVT(0x25) flags=0x0(None) active_peer=true
11-10 15:40:50.806 14050 14071 I bluetooth-a2dp: system/btif/src/btif_av.cc:2671 ProcessEvent: Peer xx:xx:xx:xx:0f:4f : event=BTIF_AV_SET_LATENCY_REQ_EVT(0x25) flags=0x0(None) is_low_latency=false
11-10 15:40:50.806 14050 14071 I bluetooth-a2dp: system/bta/av/bta_av_api.cc:612 BTA_AvSetLatency: Set audio/video stream low latency bta_handle:65, is_low_latency:false
11-10 15:40:50.806 14050 14071 I bt_l2cap: system/stack/l2cap/l2c_api.cc:1040 L2CA_SetAclLatency: BDA: xx:xx:xx:xx:0f:4f, latency: 0
11-10 15:40:50.806 14050 14071 I l2c_utils: system/stack/l2cap/l2c_utils.cc:2538 l2cu_set_acl_latency: Set ACL low latency: 0
11-10 15:40:50.807 11624 12702 I ForwardSyncCache: reclaimMemory: Clearing caches
11-10 15:40:50.811  4276 16679 D MediaProvider: Open with FUSE. FilePath: /storage/emulated/0/Trial now/05. May/2024-05-12/Felipe Valenzuela and Dorian Paic - Persistence [DDC003].flac. Uid: 10082. Media Capabilities Uid: 0. ShouldRedact: false. ShouldTranscode: false
11-10 15:40:50.811 11624 12702 W Bugle   : TextClassifierLibManagerImpl: Reclaiming memory at level: 40
11-10 15:40:50.812  1431  2167 W USF     : USF_API: Drop flicker data, cannot find sampling_id:84682!
11-10 15:40:50.821  1431  2167 W USF     : USF_API: Drop flicker data, cannot find sampling_id:84682!
11-10 15:40:50.831  1431  2167 W USF     : USF_API: Drop flicker data, cannot find sampling_id:84682!
11-10 15:40:50.831 11624 23777 W Binder  : Caught a RuntimeException from the binder stub implementation.
11-10 15:40:50.831 11624 23777 W Binder  : java.lang.UnsupportedOperationException
11-10 15:40:50.831 11624 23777 W Binder  : 	at com.google.android.gms.clearcut.internal.DefaultClearcutLoggerCallbacks.onLogError(PG:3)
11-10 15:40:50.831 11624 23777 W Binder  : 	at com.google.android.gms.clearcut.internal.IClearcutLoggerCallbacks$Stub.dispatchTransaction(PG:33)
11-10 15:40:50.831 11624 23777 W Binder  : 	at com.google.android.aidl.BaseStub.onTransact(PG:13)
11-10 15:40:50.831 11624 23777 W Binder  : 	at android.os.Binder.execTransactInternal(Binder.java:1446)
11-10 15:40:50.831 11624 23777 W Binder  : 	at android.os.Binder.execTransact(Binder.java:1385)
11-10 15:40:50.842  1431  2167 W USF     : USF_API: Drop flicker data, cannot find sampling_id:84682!
11-10 15:40:50.844  1428  1576 I AHal::Waves: UpdateUseCasesState: set active max volume 0.149994
11-10 15:40:50.845  1428  1576 D BTAudioSessionAidl: UpdateSourceMetadata - SessionType=LE_AUDIO_HARDWARE_OFFLOAD_ENCODING_DATAPATH has NO session
11-10 15:40:50.845  1428  1576 D BTAudioSessionAidl: GetSupportedLatencyModes - SessionType=LE_AUDIO_HARDWARE_OFFLOAD_ENCODING_DATAPATH has NO session
11-10 15:40:50.845  1428  1576 D BTAudioSessionAidl: SetLatencyMode - SessionType=LE_AUDIO_HARDWARE_OFFLOAD_ENCODING_DATAPATH has NO session
11-10 15:40:50.845  1428  1576 D BTAudioSessionAidl: GetSupportedLatencyModes - Supported LatencyMode= FREE
11-10 15:40:50.845 14050 22976 I bluetooth-a2dp: system/btif/src/btif_av.cc:4061 btif_av_set_low_latency: active_peer=xx:xx:xx:xx:0f:4f is_low_latency=false
11-10 15:40:50.845 14050 14071 I bluetooth-a2dp: system/btif/src/btif_av.cc:3067 btif_av_handle_event: peer=xx:xx:xx:xx:0f:4f handle=0x0 event=BTIF_AV_SET_LATENCY_REQ_EVT(0x25)
11-10 15:40:50.845 14050 14071 I bluetooth-a2dp: system/btif/src/btif_av.cc:2492 ProcessEvent: state=Started peer=xx:xx:xx:xx:0f:4f event=BTIF_AV_SET_LATENCY_REQ_EVT(0x25) flags=0x0(None) active_peer=true
11-10 15:40:50.845 14050 14084 I BluetoothAdapterService: getActiveDevices: A2dp device: XX:XX:XX:XX:0F:4F
11-10 15:40:50.845 14050 14071 I bluetooth-a2dp: system/btif/src/btif_av.cc:2671 ProcessEvent: Peer xx:xx:xx:xx:0f:4f : event=BTIF_AV_SET_LATENCY_REQ_EVT(0x25) flags=0x0(None) is_low_latency=false
11-10 15:40:50.845 14050 14071 I bluetooth-a2dp: system/bta/av/bta_av_api.cc:612 BTA_AvSetLatency: Set audio/video stream low latency bta_handle:65, is_low_latency:false
11-10 15:40:50.845 14050 14071 I bt_l2cap: system/stack/l2cap/l2c_api.cc:1040 L2CA_SetAclLatency: BDA: xx:xx:xx:xx:0f:4f, latency: 0
11-10 15:40:50.845 14050 14071 I l2c_utils: system/stack/l2cap/l2c_utils.cc:2538 l2cu_set_acl_latency: Set ACL low latency: 0
11-10 15:40:50.851  1431  2167 W USF     : USF_API: Drop flicker data, cannot find sampling_id:84682!
11-10 15:40:50.861  1431  2167 W USF     : USF_API: Drop flicker data, cannot find sampling_id:84682!
11-10 15:40:50.871  1431  2167 W USF     : USF_API: Drop flicker data, cannot find sampling_id:84682!
11-10 15:40:50.876  4488  3558 I NetworkScheduler.Stats: (REDACTED) Task %s/%s started execution. cause:%s exec_start_elapsed_seconds: %s
11-10 15:40:50.881  4488  4782 I NetworkScheduler.Stats: (REDACTED) Task %s/%s finished executing. cause:%s result: %s elapsed_millis: %s uptime_millis: %s exec_start_elapsed_seconds: %s
11-10 15:40:50.881  1431  2167 W USF     : USF_API: Drop flicker data, cannot find sampling_id:84682!
11-10 15:40:50.884  1488  2119 I AF::PthrPatchRecord: processMuteEvent(8054): processed mute state for port ID 11304 from 0 to 0x10
11-10 15:40:50.884  1428  1576 D BTAudioSessionAidl: UpdateSourceMetadata - SessionType=LE_AUDIO_HARDWARE_OFFLOAD_ENCODING_DATAPATH has NO session
11-10 15:40:50.884  1428  1576 D BTAudioSessionAidl: GetSupportedLatencyModes - SessionType=LE_AUDIO_HARDWARE_OFFLOAD_ENCODING_DATAPATH has NO session
11-10 15:40:50.884  1428  1576 D BTAudioSessionAidl: SetLatencyMode - SessionType=LE_AUDIO_HARDWARE_OFFLOAD_ENCODING_DATAPATH has NO session
11-10 15:40:50.884  1428  1576 D BTAudioSessionAidl: GetSupportedLatencyModes - Supported LatencyMode= FREE
11-10 15:40:50.884 14050 22976 I bluetooth-a2dp: system/btif/src/btif_av.cc:4061 btif_av_set_low_latency: active_peer=xx:xx:xx:xx:0f:4f is_low_latency=false
11-10 15:40:50.884 14050 14071 I bluetooth-a2dp: system/btif/src/btif_av.cc:3067 btif_av_handle_event: peer=xx:xx:xx:xx:0f:4f handle=0x0 event=BTIF_AV_SET_LATENCY_REQ_EVT(0x25)
11-10 15:40:50.884 14050 14071 I bluetooth-a2dp: system/btif/src/btif_av.cc:2492 ProcessEvent: state=Started peer=xx:xx:xx:xx:0f:4f event=BTIF_AV_SET_LATENCY_REQ_EVT(0x25) flags=0x0(None) active_peer=true
11-10 15:40:50.884 14050 14071 I bluetooth-a2dp: system/btif/src/btif_av.cc:2671 ProcessEvent: Peer xx:xx:xx:xx:0f:4f : event=BTIF_AV_SET_LATENCY_REQ_EVT(0x25) flags=0x0(None) is_low_latency=false
11-10 15:40:50.884 14050 14071 I bluetooth-a2dp: system/bta/av/bta_av_api.cc:612 BTA_AvSetLatency: Set audio/video stream low latency bta_handle:65, is_low_latency:false
11-10 15:40:50.884 14050 14071 I bt_l2cap: system/stack/l2cap/l2c_api.cc:1040 L2CA_SetAclLatency: BDA: xx:xx:xx:xx:0f:4f, latency: 0
11-10 15:40:50.884 14050 14071 I l2c_utils: system/stack/l2cap/l2c_utils.cc:2538 l2cu_set_acl_latency: Set ACL low latency: 0
11-10 15:40:50.885 14050 14084 I BluetoothAdapterService: getActiveDevices: A2dp device: XX:XX:XX:XX:0F:4F
11-10 15:40:50.888  4821  4821 D MusicViewModel: ðŸ“ LOAD_CURRENT_FILE() called
11-10 15:40:50.888 14050 14050 I MediaPlayerList: updateMediaForAudioPlayback: Active player is playing, drop it
11-10 15:40:50.888  4821  4821 D MusicViewModel: ðŸ“ LOAD_CURRENT_FILE() - getting files for playlist: TODO
11-10 15:40:50.889  1884  1884 D MediaSessionService: Media button session is changed to com.example.mobiledigger/androidx.media3.session.id./1011 (userId=0)
11-10 15:40:50.889 14050 14050 I MediaPlayerList: updateMediaForAudioPlayback: Active player is playing, drop it
11-10 15:40:50.889  4821  4821 D MusicViewModel: ðŸ“ LOAD_CURRENT_FILE() - files count: 313, current index: 0
11-10 15:40:50.889  4821  4821 D MusicViewModel: ðŸ“ LOAD_CURRENT_FILE() - loading file: Gabriele Mancino - Dont Brand [Ftpl009].flac
11-10 15:40:50.889  4821  4821 D MusicViewModel: ðŸ“ LOAD_CURRENT_FILE() - stored current file
11-10 15:40:50.890 14050 14050 I MediaPlayerList: onMediaKeyEventSessionChanged: token=com.example.mobiledigger
11-10 15:40:50.890 14050 14050 W MediaPlayerList: com.example.mobiledigger is already the active player
11-10 15:40:50.890  4821  4821 D MusicViewModel: ðŸ“ LOAD_CURRENT_FILE() - updated current playing file to: Gabriele Mancino - Dont Brand [Ftpl009].flac (URI: content://com.android.externalstorage.documents/tree/primary%3ATrial%20now%2F05.%20May/document/primary%3ATrial%20now%2F05.%20May%2F2024-05-12%2FGabriele%20Mancino%20-%20Dont%20Brand%20%5BFtpl009%5D.flac)
11-10 15:40:50.891  4821  4821 D MusicViewModel: ðŸ“ LOAD_CURRENT_FILE() - preloaded next file: Hostox - Office Talk [TEMPO002].flac
11-10 15:40:50.891 14050 14050 I MediaPlayerList: onMediaKeyEventSessionChanged: token=com.example.mobiledigger
11-10 15:40:50.891 14050 14050 W MediaPlayerList: com.example.mobiledigger is already the active player
11-10 15:40:50.891  1431  2167 W USF     : USF_API: Drop flicker data, cannot find sampling_id:84682!
11-10 15:40:50.891  4821  4821 D MusicViewModel: ðŸ“ LOAD_CURRENT_FILE() - checking memory pressure
11-10 15:40:50.892  4821  4821 D MusicViewModel: ðŸ“ LOAD_CURRENT_FILE() - available memory: 233MB
11-10 15:40:50.892  4821  4821 D MusicViewModel: ðŸ“ LOAD_CURRENT_FILE() - calling audioManager.playFile() [IO]
11-10 15:40:50.893  4821  4821 D MusicViewModel: âœ… LOAD_CURRENT_FILE() scheduled async work
11-10 15:40:50.893  4821  4884 D AudioManager: ðŸŽµ Starting playback for: Gabriele Mancino - Dont Brand [Ftpl009].flac
11-10 15:40:50.894  4821  4884 D AudioManager: ðŸ“ File URI: content://com.android.externalstorage.documents/tree/primary%3ATrial%20now%2F05.%20May/document/primary%3ATrial%20now%2F05.%20May%2F2024-05-12%2FGabriele%20Mancino%20-%20Dont%20Brand%20%5BFtpl009%5D.flac
11-10 15:40:50.894  4821  4964 D VLC     : [b40000705be71a60/1364] libvlc input: control type=0
11-10 15:40:50.894 14050 14050 I MediaPlayerList: sendMediaUpdate: Creating a one item queue for a player with no queue
11-10 15:40:50.894  4821  4884 D AudioManager: ðŸ§¹ Ensuring clean state before playback...
11-10 15:40:50.894  4821  4884 D AudioManager: ðŸ›‘ Stopping all playback before starting new file
11-10 15:40:50.894  4821  4884 D AudioManager: ðŸ§¹ Cleaning up VLC backend...
11-10 15:40:50.894 14050 14050 W MediaControlGattService: Feature PLAYBACK_SPEED support: true
11-10 15:40:50.895 14050 14050 W MediaControlGattService: Feature PLAYBACK_SPEED support: true
11-10 15:40:50.895 14050 14050 W MediaControlGattService: Feature PLAYBACK_SPEED support: true
11-10 15:40:50.895 14050 14050 W MediaControlGattService: Feature TRACK_POSITION support: true
11-10 15:40:50.895 14050 14050 W MediaControlGattService: Feature TRACK_POSITION_NOTIFY support: true
11-10 15:40:50.895 14050 14050 W MediaControlGattService: Feature MEDIA_STATE support: true
11-10 15:40:50.895  4821  4884 D AudioManager: ðŸ›‘ Stopping VLC playback...
11-10 15:40:50.895 14050 14050 W MediaControlGattService: Feature MEDIA_STATE support: true
11-10 15:40:50.895  4821  4964 D VLC     : [b40000711bf9b5d0/1364] libvlc decoder: killing decoder fourcc `flac'
11-10 15:40:50.895  4821  4964 D VLC     : [b40000711bf9b5d0/1364] libvlc decoder: removing module "flac"
11-10 15:40:50.896 14050 14050 I BluetoothAdapterProperties: getBondedDevices: length=11
11-10 15:40:50.896  1884  5659 E AppOps  : attributionTag  not declared in manifest of com.example.mobiledigger
11-10 15:40:50.896  1884  5666 E AppOps  : attributionTag  not declared in manifest of com.example.mobiledigger
11-10 15:40:50.897 14050 14050 W MediaControlGattService: Feature PLAYER_NAME support: true
11-10 15:40:50.897 14050 14050 W MediaControlGattService: Feature PLAYER_NAME support: true
11-10 15:40:50.897 14050 14050 W MediaControlGattService: Feature MEDIA_CONTROL_POINT_OPCODES_SUPPORTED support: true
11-10 15:40:50.897 14050 14050 W MediaControlGattService: Feature MEDIA_STATE support: true
11-10 15:40:50.897 14050 14050 W MediaControlGattService: Feature MEDIA_STATE support: true
11-10 15:40:50.897 14050 14050 W MediaControlGattService: Feature SEEKING_SPEED support: true
11-10 15:40:50.897 14050 14050 W MediaControlGattService: Feature SEEKING_SPEED support: true
11-10 15:40:50.897 14050 14050 W MediaControlGattService: Feature SEEKING_SPEED support: true
11-10 15:40:50.898  1884  2112 E AppOps  : attributionTag  not declared in manifest of com.example.mobiledigger
11-10 15:40:50.898  4488  4488 I Dtdi    : (REDACTED) [MediaControllerFilter] packageName=%s resolved=%s
11-10 15:40:50.898  4488  4488 I Dtdi    : (REDACTED) [MediaControllerFilter] packageName=%s resolved=%s
11-10 15:40:50.898  1884  2112 E AppOps  : attributionTag  not declared in manifest of com.example.mobiledigger
11-10 15:40:50.898  4488  4488 I Dtdi    : (REDACTED) [MediaControllerFilter] packageName=%s resolved=%s
11-10 15:40:50.899  4488  4488 I Dtdi    : (REDACTED) [MediaControllerFilter] packageName=%s resolved=%s
11-10 15:40:50.900  1428  1576 I ASvc::AudioExtension: getDcHandler
11-10 15:40:50.901  1428  1576 I ASvc::DcHandler: setIsAnyPlaybackActive: false
11-10 15:40:50.901  1431  2167 W USF     : USF_API: Drop flicker data, cannot find sampling_id:84682!
11-10 15:40:50.903 14050 14050 I MediaPlayerList: sendMediaUpdate: Creating a one item queue for a player with no queue
11-10 15:40:50.903 14050 14050 I bluetooth: system/btif/avrcp/avrcp_service.cc:532 SendMediaUpdate: track_changed=false :  play_state=true :  queue=false
11-10 15:40:50.903 14050 14071 W avrcp   : system/profile/avrcp/device.cc:1742 HandlePlayPosUpdate: Device is not registered for play position updates
11-10 15:40:50.909  1428  1576 I ASvc::AudioExtension: getDcHandler
11-10 15:40:50.909  1428  1576 I ASvc::DcHandler: setIsAnyPlaybackActive: true
11-10 15:40:50.911  1431  2167 W USF     : USF_API: Drop flicker data, cannot find sampling_id:84682!
11-10 15:40:50.915  8413  8413 I ForwardBroadcastListene: Receive forward intent: com.google.android.apps.pixel.dcservice.monitor.ACTION_MONITOR_MEDIA_PLAYBACK_STOPPED
11-10 15:40:50.916  8413  8413 I PowerSavingModeHandler: onReceive ACTION_MONITOR_MEDIA_PLAYBACK_STOPPED
11-10 15:40:50.917  8413 16357 I PowerSavingModeHandler: shouldSwitchCodecToLowPower, isPowerSaveMode=false
11-10 15:40:50.918  8413 16357 I PowerSavingModeHandler: maybeSwitchCodecForLeavingLowPower, no configured device
11-10 15:40:50.918  8413 16357 I PowerSavingModeHandler: maybeSwitchCodec completed
11-10 15:40:50.921  1431  2167 W USF     : USF_API: Drop flicker data, cannot find sampling_id:84682!
