10-31 23:18:24.255 31602 31648 D FileManager: Starting scanForMusicFiles with extensions: [mp3, wav, flac, aac, ogg, m4a, aif, aiff]
10-31 23:18:24.271 31602 31648 D MusicViewModel: 📁 Subfolder: Kaine - 1 files
10-31 23:18:24.499 31602 31602 D MusicViewModel: 📁 LOAD_CURRENT_FILE() - playFile result: true
10-31 23:18:24.499 31602 31602 D MusicViewModel: 📁 LOAD_CURRENT_FILE() - playback started successfully for Kawaii Sun - Interplanetary [RGS011].flac
10-31 23:18:24.505 31602 31602 D MusicViewModel: 📁 LOAD_CURRENT_FILE() - extracting duration for Kawaii Sun - Interplanetary [RGS011].flac
10-31 23:18:24.506 31602 31602 D MusicViewModel: 📁 LOAD_CURRENT_FILE() - updating notification
10-31 23:18:24.513 31602 31602 D MusicViewModel: 📁 LOAD_CURRENT_FILE() - starting preload next song
10-31 23:18:24.586 31602 31648 D MusicViewModel: 📁 LOAD_CURRENT_FILE() - extracted duration: 490017ms
10-31 23:18:24.661 31602 31602 D VlcAudioBackend: 📁 Media changed
10-31 23:18:24.687 31602 31648 D FileManager: Starting scanForMusicFiles with extensions: [mp3, wav, flac, aac, ogg, m4a, aif, aiff]
10-31 23:18:24.839 31602 31602 D MusicViewModel: 📁 LOAD_CURRENT_FILE() - duration updated
10-31 23:19:24.322 31602 31602 D MusicViewModel: 📁 LOAD_CURRENT_FILE() called
10-31 23:19:24.322 31602 31602 D MusicViewModel: 📁 LOAD_CURRENT_FILE() - getting files for playlist: TODO
10-31 23:19:24.322 31602 31602 D MusicViewModel: 📁 LOAD_CURRENT_FILE() - files count: 289, current index: 2
10-31 23:19:24.323 31602 31602 D MusicViewModel: 📁 LOAD_CURRENT_FILE() - loading file: Mataya - Problem Kids [LTR001].flac
10-31 23:19:24.323 31602 31602 D MusicViewModel: 📁 LOAD_CURRENT_FILE() - stored current file
10-31 23:19:24.323 31602 31602 D MusicViewModel: 📁 LOAD_CURRENT_FILE() - updated current playing file
10-31 23:19:24.323 31602 31602 D MusicViewModel: 📁 LOAD_CURRENT_FILE() - preloaded next file: Noboot - A1 - 404 [uSR029].flac
10-31 23:19:24.323 31602 31602 D MusicViewModel: 📁 LOAD_CURRENT_FILE() - checking memory pressure
10-31 23:19:24.323 31602 31602 D MusicViewModel: 📁 LOAD_CURRENT_FILE() - available memory: 229MB
10-31 23:19:24.324 31602 31602 D MusicViewModel: 📁 LOAD_CURRENT_FILE() - calling audioManager.playFile()
10-31 23:19:24.324 31602 31602 D AudioManager: 📁 File URI: content://com.android.externalstorage.documents/tree/primary%3ATrial%20now%2F04.%20April/document/primary%3ATrial%20now%2F04.%20April%2F2024-04-14%2FMataya%20-%20Problem%20Kids%20%5BLTR001%5D.flac
10-31 23:19:24.514 31602 31602 D AudioManager: 📁 Temp file created: /data/user/0/com.example.mobiledigger/cache/aiff_temp_4189595499815150082.aiff
10-31 23:19:24.984 31602 31602 D MusicViewModel: 📁 LOAD_CURRENT_FILE() - playFile result: true
10-31 23:19:24.986 31602 31602 D MusicViewModel: 📁 LOAD_CURRENT_FILE() - playback started successfully for Mataya - Problem Kids [LTR001].flac
10-31 23:19:24.989 31602 31602 D MusicViewModel: 📁 LOAD_CURRENT_FILE() - extracting duration for Mataya - Problem Kids [LTR001].flac
10-31 23:19:24.990 31602 31602 D MusicViewModel: 📁 LOAD_CURRENT_FILE() - updating notification
10-31 23:19:25.003 31602 31602 D MusicViewModel: 📁 LOAD_CURRENT_FILE() - starting preload next song
10-31 23:19:25.085 31602 31602 D VlcAudioBackend: 📁 Media changed
10-31 23:19:25.123 31602 31648 D MusicViewModel: 📁 LOAD_CURRENT_FILE() - extracted duration: 416340ms
10-31 23:19:25.217 31602 31602 D MusicViewModel: 📁 LOAD_CURRENT_FILE() - duration updated
10-31 23:19:27.586 31602 31602 D MusicViewModel: 📁 LOAD_CURRENT_FILE() called
10-31 23:19:27.587 31602 31602 D MusicViewModel: 📁 LOAD_CURRENT_FILE() - getting files for playlist: TODO
10-31 23:19:27.587 31602 31602 D MusicViewModel: 📁 LOAD_CURRENT_FILE() - files count: 289, current index: 3
10-31 23:19:27.587 31602 31602 D MusicViewModel: 📁 LOAD_CURRENT_FILE() - loading file: Noboot - A1 - 404 [uSR029].flac
10-31 23:19:27.587 31602 31602 D MusicViewModel: 📁 LOAD_CURRENT_FILE() - stored current file
10-31 23:19:27.588 31602 31602 D MusicViewModel: 📁 LOAD_CURRENT_FILE() - updated current playing file
10-31 23:19:27.588 31602 31602 D MusicViewModel: 📁 LOAD_CURRENT_FILE() - preloaded next file: Pattern Tusk and R107 - Soul Contact [RCV009].flac
10-31 23:19:27.588 31602 31602 D MusicViewModel: 📁 LOAD_CURRENT_FILE() - checking memory pressure
10-31 23:19:27.588 31602 31602 D MusicViewModel: 📁 LOAD_CURRENT_FILE() - available memory: 238MB
10-31 23:19:27.589 31602 31602 D MusicViewModel: 📁 LOAD_CURRENT_FILE() - calling audioManager.playFile()
10-31 23:19:27.589 31602 31602 D AudioManager: 📁 File URI: content://com.android.externalstorage.documents/tree/primary%3ATrial%20now%2F04.%20April/document/primary%3ATrial%20now%2F04.%20April%2F2024-04-14%2FNoboot%20-%20A1%20-%20404%20%5BuSR029%5D.flac
10-31 23:19:27.784 31602 31602 D AudioManager: 📁 Temp file created: /data/user/0/com.example.mobiledigger/cache/aiff_temp_110581117779232484.aiff
10-31 23:19:28.206 31602 31602 D MusicViewModel: 📁 LOAD_CURRENT_FILE() - playFile result: true
10-31 23:19:28.207 31602 31602 D MusicViewModel: 📁 LOAD_CURRENT_FILE() - playback started successfully for Noboot - A1 - 404 [uSR029].flac
10-31 23:19:28.209 31602 31602 D MusicViewModel: 📁 LOAD_CURRENT_FILE() - extracting duration for Noboot - A1 - 404 [uSR029].flac
10-31 23:19:28.209 31602 31602 D MusicViewModel: 📁 LOAD_CURRENT_FILE() - updating notification
10-31 23:19:28.212 31602 31602 D MusicViewModel: 📁 LOAD_CURRENT_FILE() - starting preload next song
10-31 23:19:28.268 31602 31650 D MusicViewModel: 📁 LOAD_CURRENT_FILE() - extracted duration: 402176ms
10-31 23:19:28.294 31602 31602 D VlcAudioBackend: 📁 Media changed
10-31 23:19:28.423 31602 31602 D MusicViewModel: 📁 LOAD_CURRENT_FILE() - duration updated
10-31 23:19:34.974 31602 31602 D MusicViewModel: 📁 LOAD_CURRENT_FILE() called
10-31 23:19:34.975 31602 31602 D MusicViewModel: 📁 LOAD_CURRENT_FILE() - getting files for playlist: TODO
10-31 23:19:34.975 31602 31602 D MusicViewModel: 📁 LOAD_CURRENT_FILE() - files count: 289, current index: 4
10-31 23:19:34.975 31602 31602 D MusicViewModel: 📁 LOAD_CURRENT_FILE() - loading file: Pattern Tusk and R107 - Soul Contact [RCV009].flac
10-31 23:19:34.975 31602 31602 D MusicViewModel: 📁 LOAD_CURRENT_FILE() - stored current file
10-31 23:19:34.975 31602 31602 D MusicViewModel: 📁 LOAD_CURRENT_FILE() - updated current playing file
10-31 23:19:34.976 31602 31602 D MusicViewModel: 📁 LOAD_CURRENT_FILE() - preloaded next file: Rei Calero - Meridian Way [BuTA004].flac
10-31 23:19:34.976 31602 31602 D MusicViewModel: 📁 LOAD_CURRENT_FILE() - checking memory pressure
10-31 23:19:34.976 31602 31602 D MusicViewModel: 📁 LOAD_CURRENT_FILE() - available memory: 228MB
10-31 23:19:34.976 31602 31602 D MusicViewModel: 📁 LOAD_CURRENT_FILE() - calling audioManager.playFile()
10-31 23:19:34.976 31602 31602 D AudioManager: 📁 File URI: content://com.android.externalstorage.documents/tree/primary%3ATrial%20now%2F04.%20April/document/primary%3ATrial%20now%2F04.%20April%2F2024-04-14%2FPattern%20Tusk%20and%20R107%20-%20Soul%20Contact%20%5BRCV009%5D.flac
10-31 23:19:35.204 31602 31602 D AudioManager: 📁 Temp file created: /data/user/0/com.example.mobiledigger/cache/aiff_temp_812117796570284637.aiff
10-31 23:19:35.697 31602 31602 D MusicViewModel: 📁 LOAD_CURRENT_FILE() - playFile result: true
10-31 23:19:35.697 31602 31602 D MusicViewModel: 📁 LOAD_CURRENT_FILE() - playback started successfully for Pattern Tusk and R107 - Soul Contact [RCV009].flac
10-31 23:19:35.700 31602 31602 D MusicViewModel: 📁 LOAD_CURRENT_FILE() - extracting duration for Pattern Tusk and R107 - Soul Contact [RCV009].flac
10-31 23:19:35.702 31602 31602 D MusicViewModel: 📁 LOAD_CURRENT_FILE() - updating notification
10-31 23:19:35.709 31602 31602 D MusicViewModel: 📁 LOAD_CURRENT_FILE() - starting preload next song
10-31 23:19:35.778 31602 31641 D MusicViewModel: 📁 LOAD_CURRENT_FILE() - extracted duration: 455408ms
10-31 23:19:35.804 31602 31602 D VlcAudioBackend: 📁 Media changed
10-31 23:19:35.932 31602 31602 D MusicViewModel: 📁 LOAD_CURRENT_FILE() - duration updated
10-31 23:19:39.797 31602 31602 D MusicViewModel: 📁 LOAD_CURRENT_FILE() called
10-31 23:19:39.798 31602 31602 D MusicViewModel: 📁 LOAD_CURRENT_FILE() - getting files for playlist: TODO
10-31 23:19:39.798 31602 31602 D MusicViewModel: 📁 LOAD_CURRENT_FILE() - files count: 289, current index: 5
10-31 23:19:39.798 31602 31602 D MusicViewModel: 📁 LOAD_CURRENT_FILE() - loading file: Rei Calero - Meridian Way [BuTA004].flac
10-31 23:19:39.799 31602 31602 D MusicViewModel: 📁 LOAD_CURRENT_FILE() - stored current file
10-31 23:19:39.799 31602 31602 D MusicViewModel: 📁 LOAD_CURRENT_FILE() - updated current playing file
10-31 23:19:39.799 31602 31602 D MusicViewModel: 📁 LOAD_CURRENT_FILE() - preloaded next file: Rooleh - From A Distance (CEC053).flac
10-31 23:19:39.799 31602 31602 D MusicViewModel: 📁 LOAD_CURRENT_FILE() - checking memory pressure
10-31 23:19:39.799 31602 31602 D MusicViewModel: 📁 LOAD_CURRENT_FILE() - available memory: 228MB
10-31 23:19:39.800 31602 31602 D MusicViewModel: 📁 LOAD_CURRENT_FILE() - calling audioManager.playFile()
10-31 23:19:39.800 31602 31602 D AudioManager: 📁 File URI: content://com.android.externalstorage.documents/tree/primary%3ATrial%20now%2F04.%20April/document/primary%3ATrial%20now%2F04.%20April%2F2024-04-14%2FRei%20Calero%20-%20Meridian%20Way%20%5BBuTA004%5D.flac
10-31 23:19:39.993 31602 31602 D AudioManager: 📁 Temp file created: /data/user/0/com.example.mobiledigger/cache/aiff_temp_2947812315425565361.aiff
10-31 23:19:40.407 31602 31602 D MusicViewModel: 📁 LOAD_CURRENT_FILE() - playFile result: true
10-31 23:19:40.407 31602 31602 D MusicViewModel: 📁 LOAD_CURRENT_FILE() - playback started successfully for Rei Calero - Meridian Way [BuTA004].flac
10-31 23:19:40.409 31602 31602 D MusicViewModel: 📁 LOAD_CURRENT_FILE() - extracting duration for Rei Calero - Meridian Way [BuTA004].flac
10-31 23:19:40.411 31602 31602 D MusicViewModel: 📁 LOAD_CURRENT_FILE() - updating notification
10-31 23:19:40.419 31602 31602 D MusicViewModel: 📁 LOAD_CURRENT_FILE() - starting preload next song
10-31 23:19:40.468 31602 31649 D MusicViewModel: 📁 LOAD_CURRENT_FILE() - extracted duration: 376321ms
10-31 23:19:40.516 31602 31602 D VlcAudioBackend: 📁 Media changed
10-31 23:19:40.630 31602 31602 D MusicViewModel: 📁 LOAD_CURRENT_FILE() - duration updated
10-31 23:19:51.977 31602 31602 D MusicViewModel: 📁 LOAD_CURRENT_FILE() called
10-31 23:19:51.978 31602 31602 D MusicViewModel: 📁 LOAD_CURRENT_FILE() - getting files for playlist: TODO
10-31 23:19:51.978 31602 31602 D MusicViewModel: 📁 LOAD_CURRENT_FILE() - files count: 289, current index: 6
10-31 23:19:51.978 31602 31602 D MusicViewModel: 📁 LOAD_CURRENT_FILE() - loading file: Rooleh - From A Distance (CEC053).flac
10-31 23:19:51.978 31602 31602 D MusicViewModel: 📁 LOAD_CURRENT_FILE() - stored current file
10-31 23:19:51.978 31602 31602 D MusicViewModel: 📁 LOAD_CURRENT_FILE() - updated current playing file
10-31 23:19:51.979 31602 31602 D MusicViewModel: 📁 LOAD_CURRENT_FILE() - preloaded next file: Rydeen - Clumsy.flac
10-31 23:19:51.979 31602 31602 D MusicViewModel: 📁 LOAD_CURRENT_FILE() - checking memory pressure
10-31 23:19:51.979 31602 31602 D MusicViewModel: 📁 LOAD_CURRENT_FILE() - available memory: 245MB
10-31 23:19:51.979 31602 31602 D MusicViewModel: 📁 LOAD_CURRENT_FILE() - calling audioManager.playFile()
10-31 23:19:51.979 31602 31602 D AudioManager: 📁 File URI: content://com.android.externalstorage.documents/tree/primary%3ATrial%20now%2F04.%20April/document/primary%3ATrial%20now%2F04.%20April%2F2024-04-14%2FRooleh%20-%20From%20A%20Distance%20(CEC053).flac
10-31 23:19:52.159 31602 31602 D AudioManager: 📁 Temp file created: /data/user/0/com.example.mobiledigger/cache/aiff_temp_555340899456195257.aiff
10-31 23:19:52.598 31602 31602 D MusicViewModel: 📁 LOAD_CURRENT_FILE() - playFile result: true
10-31 23:19:52.598 31602 31602 D MusicViewModel: 📁 LOAD_CURRENT_FILE() - playback started successfully for Rooleh - From A Distance (CEC053).flac
10-31 23:19:52.599 31602 31602 D MusicViewModel: 📁 LOAD_CURRENT_FILE() - extracting duration for Rooleh - From A Distance (CEC053).flac
10-31 23:19:52.600 31602 31602 D MusicViewModel: 📁 LOAD_CURRENT_FILE() - updating notification
10-31 23:19:52.610 31602 31602 D MusicViewModel: 📁 LOAD_CURRENT_FILE() - starting preload next song
10-31 23:19:52.665 31602 31931 D MusicViewModel: 📁 LOAD_CURRENT_FILE() - extracted duration: 405049ms
10-31 23:19:52.702 31602 31602 D VlcAudioBackend: 📁 Media changed
10-31 23:19:52.823 31602 31602 D MusicViewModel: 📁 LOAD_CURRENT_FILE() - duration updated
10-31 23:19:56.304 31602 31602 D MusicViewModel: 📁 LOAD_CURRENT_FILE() called
10-31 23:19:56.304 31602 31602 D MusicViewModel: 📁 LOAD_CURRENT_FILE() - getting files for playlist: TODO
10-31 23:19:56.304 31602 31602 D MusicViewModel: 📁 LOAD_CURRENT_FILE() - files count: 289, current index: 7
10-31 23:19:56.304 31602 31602 D MusicViewModel: 📁 LOAD_CURRENT_FILE() - loading file: Rydeen - Clumsy.flac
10-31 23:19:56.304 31602 31602 D MusicViewModel: 📁 LOAD_CURRENT_FILE() - stored current file
10-31 23:19:56.305 31602 31602 D MusicViewModel: 📁 LOAD_CURRENT_FILE() - updated current playing file
10-31 23:19:56.305 31602 31602 D MusicViewModel: 📁 LOAD_CURRENT_FILE() - preloaded next file: Shaun Soomro - Little White Lies (dBridge Tall Tales Remix) [OMNIA02].flac
10-31 23:19:56.305 31602 31602 D MusicViewModel: 📁 LOAD_CURRENT_FILE() - checking memory pressure
10-31 23:19:56.306 31602 31602 D MusicViewModel: 📁 LOAD_CURRENT_FILE() - available memory: 237MB
10-31 23:19:56.306 31602 31602 D MusicViewModel: 📁 LOAD_CURRENT_FILE() - calling audioManager.playFile()
10-31 23:19:56.306 31602 31602 D AudioManager: 📁 File URI: content://com.android.externalstorage.documents/tree/primary%3ATrial%20now%2F04.%20April/document/primary%3ATrial%20now%2F04.%20April%2F2024-04-14%2FRydeen%20-%20Clumsy.flac
10-31 23:19:56.511 31602 31602 D AudioManager: 📁 Temp file created: /data/user/0/com.example.mobiledigger/cache/aiff_temp_4723581412298007629.aiff
10-31 23:19:56.949 31602 31602 D MusicViewModel: 📁 LOAD_CURRENT_FILE() - playFile result: true
10-31 23:19:56.949 31602 31602 D MusicViewModel: 📁 LOAD_CURRENT_FILE() - playback started successfully for Rydeen - Clumsy.flac
10-31 23:19:56.950 31602 31602 D MusicViewModel: 📁 LOAD_CURRENT_FILE() - extracting duration for Rydeen - Clumsy.flac
10-31 23:19:56.950 31602 31602 D MusicViewModel: 📁 LOAD_CURRENT_FILE() - updating notification
10-31 23:19:56.952 31602 31602 D MusicViewModel: 📁 LOAD_CURRENT_FILE() - starting preload next song
10-31 23:19:57.016 31602 31931 D MusicViewModel: 📁 LOAD_CURRENT_FILE() - extracted duration: 435346ms
10-31 23:19:57.017 31602 31602 D VlcAudioBackend: 📁 Media changed
10-31 23:19:57.140 31602 31602 D MusicViewModel: 📁 LOAD_CURRENT_FILE() - duration updated
10-31 23:20:02.683 31602 31602 D MusicViewModel: 📁 LOAD_CURRENT_FILE() called
10-31 23:20:02.684 31602 31602 D MusicViewModel: 📁 LOAD_CURRENT_FILE() - getting files for playlist: TODO
10-31 23:20:02.684 31602 31602 D MusicViewModel: 📁 LOAD_CURRENT_FILE() - files count: 289, current index: 8
10-31 23:20:02.684 31602 31602 D MusicViewModel: 📁 LOAD_CURRENT_FILE() - loading file: Shaun Soomro - Little White Lies (dBridge Tall Tales Remix) [OMNIA02].flac
10-31 23:20:02.684 31602 31602 D MusicViewModel: 📁 LOAD_CURRENT_FILE() - stored current file
10-31 23:20:02.685 31602 31602 D MusicViewModel: 📁 LOAD_CURRENT_FILE() - updated current playing file
10-31 23:20:02.685 31602 31602 D MusicViewModel: 📁 LOAD_CURRENT_FILE() - preloaded next file: Shobiu - Cam.flac
10-31 23:20:02.685 31602 31602 D MusicViewModel: 📁 LOAD_CURRENT_FILE() - checking memory pressure
10-31 23:20:02.685 31602 31602 D MusicViewModel: 📁 LOAD_CURRENT_FILE() - available memory: 231MB
10-31 23:20:02.685 31602 31602 D MusicViewModel: 📁 LOAD_CURRENT_FILE() - calling audioManager.playFile()
10-31 23:20:02.686 31602 31602 D AudioManager: 📁 File URI: content://com.android.externalstorage.documents/tree/primary%3ATrial%20now%2F04.%20April/document/primary%3ATrial%20now%2F04.%20April%2F2024-04-14%2FShaun%20Soomro%20-%20Little%20White%20Lies%20(dBridge%20Tall%20Tales%20Remix)%20%5BOMNIA02%5D.flac
10-31 23:20:02.882 31602 31602 D AudioManager: 📁 Temp file created: /data/user/0/com.example.mobiledigger/cache/aiff_temp_3353694538398839981.aiff
10-31 23:20:03.327 31602 31602 D MusicViewModel: 📁 LOAD_CURRENT_FILE() - playFile result: true
10-31 23:20:03.329 31602 31602 D MusicViewModel: 📁 LOAD_CURRENT_FILE() - playback started successfully for Shaun Soomro - Little White Lies (dBridge Tall Tales Remix) [OMNIA02].flac
10-31 23:20:03.331 31602 31602 D MusicViewModel: 📁 LOAD_CURRENT_FILE() - extracting duration for Shaun Soomro - Little White Lies (dBridge Tall Tales Remix) [OMNIA02].flac
10-31 23:20:03.333 31602 31602 D MusicViewModel: 📁 LOAD_CURRENT_FILE() - updating notification
10-31 23:20:03.341 31602 31602 D MusicViewModel: 📁 LOAD_CURRENT_FILE() - starting preload next song
10-31 23:20:03.429 31602 31602 D VlcAudioBackend: 📁 Media changed
10-31 23:20:03.463 31602 31641 D MusicViewModel: 📁 LOAD_CURRENT_FILE() - extracted duration: 462943ms
10-31 23:20:03.556 31602 31602 D MusicViewModel: 📁 LOAD_CURRENT_FILE() - duration updated
10-31 23:20:06.902 31602 31602 D MusicViewModel: 📁 LOAD_CURRENT_FILE() called
10-31 23:20:06.902 31602 31602 D MusicViewModel: 📁 LOAD_CURRENT_FILE() - getting files for playlist: TODO
10-31 23:20:06.903 31602 31602 D MusicViewModel: 📁 LOAD_CURRENT_FILE() - files count: 289, current index: 9
10-31 23:20:06.903 31602 31602 D MusicViewModel: 📁 LOAD_CURRENT_FILE() - loading file: Shobiu - Cam.flac
10-31 23:20:06.903 31602 31602 D MusicViewModel: 📁 LOAD_CURRENT_FILE() - stored current file
10-31 23:20:06.903 31602 31602 D MusicViewModel: 📁 LOAD_CURRENT_FILE() - updated current playing file
10-31 23:20:06.903 31602 31602 D MusicViewModel: 📁 LOAD_CURRENT_FILE() - preloaded next file: Simon - Da Beat (Nathanaël Remix) [SLS003].flac
10-31 23:20:06.904 31602 31602 D MusicViewModel: 📁 LOAD_CURRENT_FILE() - checking memory pressure
10-31 23:20:06.904 31602 31602 D MusicViewModel: 📁 LOAD_CURRENT_FILE() - available memory: 234MB
10-31 23:20:06.904 31602 31602 D MusicViewModel: 📁 LOAD_CURRENT_FILE() - calling audioManager.playFile()
10-31 23:20:06.904 31602 31602 D AudioManager: 📁 File URI: content://com.android.externalstorage.documents/tree/primary%3ATrial%20now%2F04.%20April/document/primary%3ATrial%20now%2F04.%20April%2F2024-04-14%2FShobiu%20-%20Cam.flac
10-31 23:20:07.131 31602 31602 D AudioManager: 📁 Temp file created: /data/user/0/com.example.mobiledigger/cache/aiff_temp_2550622450975804279.aiff
10-31 23:20:07.585 31602 31602 D MusicViewModel: 📁 LOAD_CURRENT_FILE() - playFile result: true
10-31 23:20:07.586 31602 31602 D MusicViewModel: 📁 LOAD_CURRENT_FILE() - playback started successfully for Shobiu - Cam.flac
10-31 23:20:07.588 31602 31602 D MusicViewModel: 📁 LOAD_CURRENT_FILE() - extracting duration for Shobiu - Cam.flac
10-31 23:20:07.589 31602 31602 D MusicViewModel: 📁 LOAD_CURRENT_FILE() - updating notification
10-31 23:20:07.595 31602 31602 D MusicViewModel: 📁 LOAD_CURRENT_FILE() - starting preload next song
10-31 23:20:07.679 31602 31602 D VlcAudioBackend: 📁 Media changed
10-31 23:20:07.682 31602 31650 D MusicViewModel: 📁 LOAD_CURRENT_FILE() - extracted duration: 548017ms
10-31 23:20:07.808 31602 31602 D MusicViewModel: 📁 LOAD_CURRENT_FILE() - duration updated
10-31 23:20:16.242 31602 31602 D MusicViewModel: 📁 LOAD_CURRENT_FILE() called
10-31 23:20:16.243 31602 31602 D MusicViewModel: 📁 LOAD_CURRENT_FILE() - getting files for playlist: TODO
10-31 23:20:16.243 31602 31602 D MusicViewModel: 📁 LOAD_CURRENT_FILE() - files count: 289, current index: 10
10-31 23:20:16.243 31602 31602 D MusicViewModel: 📁 LOAD_CURRENT_FILE() - loading file: Simon - Da Beat (Nathanaël Remix) [SLS003].flac
10-31 23:20:16.243 31602 31602 D MusicViewModel: 📁 LOAD_CURRENT_FILE() - stored current file
10-31 23:20:16.244 31602 31602 D MusicViewModel: 📁 LOAD_CURRENT_FILE() - updated current playing file
10-31 23:20:16.244 31602 31602 D MusicViewModel: 📁 LOAD_CURRENT_FILE() - preloaded next file: Skype 2013 12 12 20 35 45 72.flac
10-31 23:20:16.244 31602 31602 D MusicViewModel: 📁 LOAD_CURRENT_FILE() - checking memory pressure
10-31 23:20:16.244 31602 31602 D MusicViewModel: 📁 LOAD_CURRENT_FILE() - available memory: 238MB
10-31 23:20:16.244 31602 31602 D MusicViewModel: 📁 LOAD_CURRENT_FILE() - calling audioManager.playFile()
10-31 23:20:16.245 31602 31602 D AudioManager: 📁 File URI: content://com.android.externalstorage.documents/tree/primary%3ATrial%20now%2F04.%20April/document/primary%3ATrial%20now%2F04.%20April%2F2024-04-14%2FSimon%20-%20Da%20Beat%20(Nathanae%CC%88l%20Remix)%20%5BSLS003%5D.flac
10-31 23:20:16.468 31602 31602 D AudioManager: 📁 Temp file created: /data/user/0/com.example.mobiledigger/cache/aiff_temp_6365345945176211393.aiff
10-31 23:20:16.877 31602 31602 D MusicViewModel: 📁 LOAD_CURRENT_FILE() - playFile result: true
10-31 23:20:16.877 31602 31602 D MusicViewModel: 📁 LOAD_CURRENT_FILE() - playback started successfully for Simon - Da Beat (Nathanaël Remix) [SLS003].flac
10-31 23:20:16.878 31602 31602 D MusicViewModel: 📁 LOAD_CURRENT_FILE() - extracting duration for Simon - Da Beat (Nathanaël Remix) [SLS003].flac
10-31 23:20:16.878 31602 31602 D MusicViewModel: 📁 LOAD_CURRENT_FILE() - updating notification
10-31 23:20:16.881 31602 31602 D MusicViewModel: 📁 LOAD_CURRENT_FILE() - starting preload next song
10-31 23:20:16.927 31602 31602 D VlcAudioBackend: 📁 Media changed
10-31 23:20:16.937 31602 31648 D MusicViewModel: 📁 LOAD_CURRENT_FILE() - extracted duration: 402176ms
10-31 23:20:17.047 31602 31602 D MusicViewModel: 📁 LOAD_CURRENT_FILE() - duration updated
10-31 23:20:19.783 31602 31602 D MusicViewModel: 📁 LOAD_CURRENT_FILE() called
10-31 23:20:19.783 31602 31602 D MusicViewModel: 📁 LOAD_CURRENT_FILE() - getting files for playlist: TODO
10-31 23:20:19.784 31602 31602 D MusicViewModel: 📁 LOAD_CURRENT_FILE() - files count: 289, current index: 11
10-31 23:20:19.784 31602 31602 D MusicViewModel: 📁 LOAD_CURRENT_FILE() - loading file: Skype 2013 12 12 20 35 45 72.flac
10-31 23:20:19.784 31602 31602 D MusicViewModel: 📁 LOAD_CURRENT_FILE() - stored current file
10-31 23:20:19.784 31602 31602 D MusicViewModel: 📁 LOAD_CURRENT_FILE() - updated current playing file
10-31 23:20:19.784 31602 31602 D MusicViewModel: 📁 LOAD_CURRENT_FILE() - preloaded next file: Snoop Dogg - Drop It Like Its Hot (Peonia, Red Delicius Edit).flac
10-31 23:20:19.784 31602 31602 D MusicViewModel: 📁 LOAD_CURRENT_FILE() - checking memory pressure
10-31 23:20:19.784 31602 31602 D MusicViewModel: 📁 LOAD_CURRENT_FILE() - available memory: 234MB
10-31 23:20:19.785 31602 31602 D MusicViewModel: 📁 LOAD_CURRENT_FILE() - calling audioManager.playFile()
10-31 23:20:19.785 31602 31602 D AudioManager: 📁 File URI: content://com.android.externalstorage.documents/tree/primary%3ATrial%20now%2F04.%20April/document/primary%3ATrial%20now%2F04.%20April%2F2024-04-14%2FSkype%202013%2012%2012%2020%2035%2045%2072.flac
10-31 23:20:19.956 31602 31602 D AudioManager: 📁 Temp file created: /data/user/0/com.example.mobiledigger/cache/aiff_temp_8489441190603870704.aiff
10-31 23:20:20.297 31602 31602 D MusicViewModel: 📁 LOAD_CURRENT_FILE() - playFile result: true
10-31 23:20:20.297 31602 31602 D MusicViewModel: 📁 LOAD_CURRENT_FILE() - playback started successfully for Skype 2013 12 12 20 35 45 72.flac
10-31 23:20:20.297 31602 31602 D MusicViewModel: 📁 LOAD_CURRENT_FILE() - extracting duration for Skype 2013 12 12 20 35 45 72.flac
10-31 23:20:20.298 31602 31602 D MusicViewModel: 📁 LOAD_CURRENT_FILE() - updating notification
10-31 23:20:20.301 31602 31602 D MusicViewModel: 📁 LOAD_CURRENT_FILE() - starting preload next song
10-31 23:20:20.376 31602 31602 D VlcAudioBackend: 📁 Media changed
10-31 23:20:20.419 31602 31649 D MusicViewModel: 📁 LOAD_CURRENT_FILE() - extracted duration: 301511ms
10-31 23:20:20.510 31602 31602 D MusicViewModel: 📁 LOAD_CURRENT_FILE() - duration updated
10-31 23:20:23.956 31602 31602 D MusicViewModel: 📁 LOAD_CURRENT_FILE() called
10-31 23:20:23.957 31602 31602 D MusicViewModel: 📁 LOAD_CURRENT_FILE() - getting files for playlist: TODO
10-31 23:20:23.957 31602 31602 D MusicViewModel: 📁 LOAD_CURRENT_FILE() - files count: 289, current index: 12
10-31 23:20:23.957 31602 31602 D MusicViewModel: 📁 LOAD_CURRENT_FILE() - loading file: Snoop Dogg - Drop It Like Its Hot (Peonia, Red Delicius Edit).flac
10-31 23:20:23.957 31602 31602 D MusicViewModel: 📁 LOAD_CURRENT_FILE() - stored current file
10-31 23:20:23.958 31602 31602 D MusicViewModel: 📁 LOAD_CURRENT_FILE() - updated current playing file
10-31 23:20:23.958 31602 31602 D MusicViewModel: 📁 LOAD_CURRENT_FILE() - preloaded next file: SuBMINIMAL - Higher [AIR008].flac
10-31 23:20:23.958 31602 31602 D MusicViewModel: 📁 LOAD_CURRENT_FILE() - checking memory pressure
10-31 23:20:23.958 31602 31602 D MusicViewModel: 📁 LOAD_CURRENT_FILE() - available memory: 226MB
10-31 23:20:23.958 31602 31602 D MusicViewModel: 📁 LOAD_CURRENT_FILE() - calling audioManager.playFile()
10-31 23:20:23.959 31602 31602 D AudioManager: 📁 File URI: content://com.android.externalstorage.documents/tree/primary%3ATrial%20now%2F04.%20April/document/primary%3ATrial%20now%2F04.%20April%2F2024-04-14%2FSnoop%20Dogg%20-%20Drop%20It%20Like%20Its%20Hot%20(Peonia%2C%20Red%20Delicius%20Edit).flac
10-31 23:20:24.139 31602 31602 D AudioManager: 📁 Temp file created: /data/user/0/com.example.mobiledigger/cache/aiff_temp_32082252111637013.aiff
10-31 23:20:24.504 31602 31602 D MusicViewModel: 📁 LOAD_CURRENT_FILE() - playFile result: true
10-31 23:20:24.505 31602 31602 D MusicViewModel: 📁 LOAD_CURRENT_FILE() - playback started successfully for Snoop Dogg - Drop It Like Its Hot (Peonia, Red Delicius Edit).flac
10-31 23:20:24.505 31602 31602 D MusicViewModel: 📁 LOAD_CURRENT_FILE() - extracting duration for Snoop Dogg - Drop It Like Its Hot (Peonia, Red Delicius Edit).flac
10-31 23:20:24.505 31602 31602 D MusicViewModel: 📁 LOAD_CURRENT_FILE() - updating notification
10-31 23:20:24.508 31602 31602 D MusicViewModel: 📁 LOAD_CURRENT_FILE() - starting preload next song
10-31 23:20:24.549 31602 31602 D VlcAudioBackend: 📁 Media changed
10-31 23:20:24.576 31602 31931 D MusicViewModel: 📁 LOAD_CURRENT_FILE() - extracted duration: 432049ms
10-31 23:20:24.672 31602 31602 D MusicViewModel: 📁 LOAD_CURRENT_FILE() - duration updated
10-31 23:21:05.703 31602 31602 D MusicViewModel: 📁 LOAD_CURRENT_FILE() called
10-31 23:21:05.704 31602 31602 D MusicViewModel: 📁 LOAD_CURRENT_FILE() - getting files for playlist: TODO
10-31 23:21:05.704 31602 31602 D MusicViewModel: 📁 LOAD_CURRENT_FILE() - files count: 288, current index: 13
10-31 23:21:05.704 31602 31602 D MusicViewModel: 📁 LOAD_CURRENT_FILE() - loading file: Sublee - Spinning.flac
10-31 23:21:05.704 31602 31602 D MusicViewModel: 📁 LOAD_CURRENT_FILE() - stored current file
10-31 23:21:05.704 31602 31602 D MusicViewModel: 📁 LOAD_CURRENT_FILE() - updated current playing file
10-31 23:21:05.704 31602 31602 D MusicViewModel: 📁 LOAD_CURRENT_FILE() - preloaded next file: Surrender Discipline - Ego Groove [RELIKTLIMITEDCuTZ003].flac
10-31 23:21:05.704 31602 31602 D MusicViewModel: 📁 LOAD_CURRENT_FILE() - checking memory pressure
10-31 23:21:05.704 31602 31602 D MusicViewModel: 📁 LOAD_CURRENT_FILE() - available memory: 238MB
10-31 23:21:05.705 31602 31602 D MusicViewModel: 📁 LOAD_CURRENT_FILE() - calling audioManager.playFile()
10-31 23:21:05.705 31602 31602 D AudioManager: 📁 File URI: content://com.android.externalstorage.documents/tree/primary%3ATrial%20now%2F04.%20April/document/primary%3ATrial%20now%2F04.%20April%2F2024-04-14%2FSublee%20-%20Spinning.flac
10-31 23:21:05.879 31602 31602 D AudioManager: 📁 Temp file created: /data/user/0/com.example.mobiledigger/cache/aiff_temp_1033395710520222121.aiff
10-31 23:21:06.378 31602 31602 D MusicViewModel: 📁 LOAD_CURRENT_FILE() - playFile result: true
10-31 23:21:06.379 31602 31602 D MusicViewModel: 📁 LOAD_CURRENT_FILE() - playback started successfully for Sublee - Spinning.flac
10-31 23:21:06.381 31602 31602 D MusicViewModel: 📁 LOAD_CURRENT_FILE() - extracting duration for Sublee - Spinning.flac
10-31 23:21:06.382 31602 31602 D MusicViewModel: 📁 LOAD_CURRENT_FILE() - updating notification
10-31 23:21:06.388 31602 31602 D MusicViewModel: 📁 LOAD_CURRENT_FILE() - starting preload next song
10-31 23:21:06.466 31602 31602 D VlcAudioBackend: 📁 Media changed
10-31 23:21:06.471 31602 31933 D MusicViewModel: 📁 LOAD_CURRENT_FILE() - extracted duration: 462188ms
10-31 23:21:06.600 31602 31602 D MusicViewModel: 📁 LOAD_CURRENT_FILE() - duration updated
10-31 23:21:20.268 31602 31602 D MusicViewModel: 📁 LOAD_CURRENT_FILE() called
10-31 23:21:20.268 31602 31602 D MusicViewModel: 📁 LOAD_CURRENT_FILE() - getting files for playlist: TODO
10-31 23:21:20.269 31602 31602 D MusicViewModel: 📁 LOAD_CURRENT_FILE() - files count: 288, current index: 14
10-31 23:21:20.269 31602 31602 D MusicViewModel: 📁 LOAD_CURRENT_FILE() - loading file: Surrender Discipline - Ego Groove [RELIKTLIMITEDCuTZ003].flac
10-31 23:21:20.269 31602 31602 D MusicViewModel: 📁 LOAD_CURRENT_FILE() - stored current file
10-31 23:21:20.269 31602 31602 D MusicViewModel: 📁 LOAD_CURRENT_FILE() - updated current playing file
10-31 23:21:20.269 31602 31602 D MusicViewModel: 📁 LOAD_CURRENT_FILE() - preloaded next file: Sweater - My System (SCRTC014).flac
10-31 23:21:20.269 31602 31602 D MusicViewModel: 📁 LOAD_CURRENT_FILE() - checking memory pressure
10-31 23:21:20.269 31602 31602 D MusicViewModel: 📁 LOAD_CURRENT_FILE() - available memory: 238MB
10-31 23:21:20.269 31602 31602 D MusicViewModel: 📁 LOAD_CURRENT_FILE() - calling audioManager.playFile()
10-31 23:21:20.270 31602 31602 D AudioManager: 📁 File URI: content://com.android.externalstorage.documents/tree/primary%3ATrial%20now%2F04.%20April/document/primary%3ATrial%20now%2F04.%20April%2F2024-04-14%2FSurrender%20Discipline%20-%20Ego%20Groove%20%5BRELIKTLIMITEDCuTZ003%5D.flac
10-31 23:21:20.488 31602 31602 D AudioManager: 📁 Temp file created: /data/user/0/com.example.mobiledigger/cache/aiff_temp_1928541557075807603.aiff
10-31 23:21:20.945 31602 31602 D MusicViewModel: 📁 LOAD_CURRENT_FILE() - playFile result: true
10-31 23:21:20.946 31602 31602 D MusicViewModel: 📁 LOAD_CURRENT_FILE() - playback started successfully for Surrender Discipline - Ego Groove [RELIKTLIMITEDCuTZ003].flac
10-31 23:21:20.950 31602 31602 D MusicViewModel: 📁 LOAD_CURRENT_FILE() - extracting duration for Surrender Discipline - Ego Groove [RELIKTLIMITEDCuTZ003].flac
10-31 23:21:20.951 31602 31602 D MusicViewModel: 📁 LOAD_CURRENT_FILE() - updating notification
10-31 23:21:20.964 31602 31602 D MusicViewModel: 📁 LOAD_CURRENT_FILE() - starting preload next song
10-31 23:21:21.018 31602 31602 D VlcAudioBackend: 📁 Media changed
10-31 23:21:21.087 31602 31646 D MusicViewModel: 📁 LOAD_CURRENT_FILE() - extracted duration: 480056ms
10-31 23:21:21.141 31602 31602 D MusicViewModel: 📁 LOAD_CURRENT_FILE() - duration updated
10-31 23:21:24.436 31602 31602 D MusicViewModel: 📁 LOAD_CURRENT_FILE() called
10-31 23:21:24.436 31602 31602 D MusicViewModel: 📁 LOAD_CURRENT_FILE() - getting files for playlist: TODO
10-31 23:21:24.436 31602 31602 D MusicViewModel: 📁 LOAD_CURRENT_FILE() - files count: 288, current index: 15
10-31 23:21:24.436 31602 31602 D MusicViewModel: 📁 LOAD_CURRENT_FILE() - loading file: Sweater - My System (SCRTC014).flac
10-31 23:21:24.436 31602 31602 D MusicViewModel: 📁 LOAD_CURRENT_FILE() - stored current file
10-31 23:21:24.437 31602 31602 D MusicViewModel: 📁 LOAD_CURRENT_FILE() - updated current playing file
10-31 23:21:24.437 31602 31602 D MusicViewModel: 📁 LOAD_CURRENT_FILE() - preloaded next file: Sylvester - You Make Me Feel (Mighty Real) (8TT8 Edit) [FD].flac
10-31 23:21:24.437 31602 31602 D MusicViewModel: 📁 LOAD_CURRENT_FILE() - checking memory pressure
10-31 23:21:24.437 31602 31602 D MusicViewModel: 📁 LOAD_CURRENT_FILE() - available memory: 236MB
10-31 23:21:24.437 31602 31602 D MusicViewModel: 📁 LOAD_CURRENT_FILE() - calling audioManager.playFile()
10-31 23:21:24.437 31602 31602 D AudioManager: 📁 File URI: content://com.android.externalstorage.documents/tree/primary%3ATrial%20now%2F04.%20April/document/primary%3ATrial%20now%2F04.%20April%2F2024-04-14%2FSweater%20-%20My%20System%20(SCRTC014).flac
10-31 23:21:24.652 31602 31602 D AudioManager: 📁 Temp file created: /data/user/0/com.example.mobiledigger/cache/aiff_temp_6959068144231445546.aiff
10-31 23:21:25.136 31602 31602 D MusicViewModel: 📁 LOAD_CURRENT_FILE() - playFile result: true
10-31 23:21:25.137 31602 31602 D MusicViewModel: 📁 LOAD_CURRENT_FILE() - playback started successfully for Sweater - My System (SCRTC014).flac
10-31 23:21:25.139 31602 31602 D MusicViewModel: 📁 LOAD_CURRENT_FILE() - extracting duration for Sweater - My System (SCRTC014).flac
10-31 23:21:25.140 31602 31602 D MusicViewModel: 📁 LOAD_CURRENT_FILE() - updating notification
10-31 23:21:25.148 31602 31602 D MusicViewModel: 📁 LOAD_CURRENT_FILE() - starting preload next song
10-31 23:21:25.229 31602 31602 D VlcAudioBackend: 📁 Media changed
10-31 23:21:25.268 31602 31639 D MusicViewModel: 📁 LOAD_CURRENT_FILE() - extracted duration: 395013ms
10-31 23:21:25.357 31602 31602 D MusicViewModel: 📁 LOAD_CURRENT_FILE() - duration updated
10-31 23:21:40.807 31602 31602 D MusicViewModel: 📁 LOAD_CURRENT_FILE() called
10-31 23:21:40.808 31602 31602 D MusicViewModel: 📁 LOAD_CURRENT_FILE() - getting files for playlist: TODO
10-31 23:21:40.808 31602 31602 D MusicViewModel: 📁 LOAD_CURRENT_FILE() - files count: 288, current index: 16
10-31 23:21:40.808 31602 31602 D MusicViewModel: 📁 LOAD_CURRENT_FILE() - loading file: Sylvester - You Make Me Feel (Mighty Real) (8TT8 Edit) [FD].flac
10-31 23:21:40.808 31602 31602 D MusicViewModel: 📁 LOAD_CURRENT_FILE() - stored current file
10-31 23:21:40.808 31602 31602 D MusicViewModel: 📁 LOAD_CURRENT_FILE() - updated current playing file
10-31 23:21:40.808 31602 31602 D MusicViewModel: 📁 LOAD_CURRENT_FILE() - preloaded next file: Tattoo Project - Inferno Of Love (Blazing Acid Mix).flac
10-31 23:21:40.809 31602 31602 D MusicViewModel: 📁 LOAD_CURRENT_FILE() - checking memory pressure
10-31 23:21:40.809 31602 31602 D MusicViewModel: 📁 LOAD_CURRENT_FILE() - available memory: 235MB
10-31 23:21:40.809 31602 31602 D MusicViewModel: 📁 LOAD_CURRENT_FILE() - calling audioManager.playFile()
10-31 23:21:40.809 31602 31602 D AudioManager: 📁 File URI: content://com.android.externalstorage.documents/tree/primary%3ATrial%20now%2F04.%20April/document/primary%3ATrial%20now%2F04.%20April%2F2024-04-14%2FSylvester%20-%20You%20Make%20Me%20Feel%20(Mighty%20Real)%20(8TT8%20Edit)%20%5BFD%5D.flac
10-31 23:21:41.014 31602 31602 D AudioManager: 📁 Temp file created: /data/user/0/com.example.mobiledigger/cache/aiff_temp_4589166589556159850.aiff
10-31 23:21:41.518 31602 31602 D MusicViewModel: 📁 LOAD_CURRENT_FILE() - playFile result: true
10-31 23:21:41.519 31602 31602 D MusicViewModel: 📁 LOAD_CURRENT_FILE() - playback started successfully for Sylvester - You Make Me Feel (Mighty Real) (8TT8 Edit) [FD].flac
10-31 23:21:41.521 31602 31602 D MusicViewModel: 📁 LOAD_CURRENT_FILE() - extracting duration for Sylvester - You Make Me Feel (Mighty Real) (8TT8 Edit) [FD].flac
10-31 23:21:41.522 31602 31602 D MusicViewModel: 📁 LOAD_CURRENT_FILE() - updating notification
10-31 23:21:41.530 31602 31602 D MusicViewModel: 📁 LOAD_CURRENT_FILE() - starting preload next song
10-31 23:21:41.604 31602 31602 D VlcAudioBackend: 📁 Media changed
10-31 23:21:41.649 31602 31641 D MusicViewModel: 📁 LOAD_CURRENT_FILE() - extracted duration: 432536ms
10-31 23:21:41.725 31602 31602 D MusicViewModel: 📁 LOAD_CURRENT_FILE() - duration updated
10-31 23:22:08.098 31602 31602 D MusicViewModel: 📁 LOAD_CURRENT_FILE() called
10-31 23:22:08.098 31602 31602 D MusicViewModel: 📁 LOAD_CURRENT_FILE() - getting files for playlist: TODO
10-31 23:22:08.098 31602 31602 D MusicViewModel: 📁 LOAD_CURRENT_FILE() - files count: 288, current index: 17
10-31 23:22:08.099 31602 31602 D MusicViewModel: 📁 LOAD_CURRENT_FILE() - loading file: Tattoo Project - Inferno Of Love (Blazing Acid Mix).flac
10-31 23:22:08.099 31602 31602 D MusicViewModel: 📁 LOAD_CURRENT_FILE() - stored current file
10-31 23:22:08.099 31602 31602 D MusicViewModel: 📁 LOAD_CURRENT_FILE() - updated current playing file
10-31 23:22:08.099 31602 31602 D MusicViewModel: 📁 LOAD_CURRENT_FILE() - preloaded next file: Tom Solo - Drift Away.flac
10-31 23:22:08.099 31602 31602 D MusicViewModel: 📁 LOAD_CURRENT_FILE() - checking memory pressure
10-31 23:22:08.099 31602 31602 D MusicViewModel: 📁 LOAD_CURRENT_FILE() - available memory: 244MB
10-31 23:22:08.099 31602 31602 D MusicViewModel: 📁 LOAD_CURRENT_FILE() - calling audioManager.playFile()
10-31 23:22:08.100 31602 31602 D AudioManager: 📁 File URI: content://com.android.externalstorage.documents/tree/primary%3ATrial%20now%2F04.%20April/document/primary%3ATrial%20now%2F04.%20April%2F2024-04-14%2FTattoo%20Project%20-%20Inferno%20Of%20Love%20(Blazing%20Acid%20Mix).flac
10-31 23:22:08.296 31602 31602 D AudioManager: 📁 Temp file created: /data/user/0/com.example.mobiledigger/cache/aiff_temp_4123569908413547260.aiff
10-31 23:22:08.816 31602 31602 D MusicViewModel: 📁 LOAD_CURRENT_FILE() - playFile result: true
10-31 23:22:08.816 31602 31602 D MusicViewModel: 📁 LOAD_CURRENT_FILE() - playback started successfully for Tattoo Project - Inferno Of Love (Blazing Acid Mix).flac
10-31 23:22:08.818 31602 31602 D MusicViewModel: 📁 LOAD_CURRENT_FILE() - extracting duration for Tattoo Project - Inferno Of Love (Blazing Acid Mix).flac
10-31 23:22:08.818 31602 31602 D MusicViewModel: 📁 LOAD_CURRENT_FILE() - updating notification
10-31 23:22:08.820 31602 31602 D MusicViewModel: 📁 LOAD_CURRENT_FILE() - starting preload next song
10-31 23:22:08.851 31602 31647 D MusicViewModel: 📁 LOAD_CURRENT_FILE() - extracted duration: 457834ms
10-31 23:22:08.862 31602 31602 D VlcAudioBackend: 📁 Media changed
10-31 23:22:08.982 31602 31602 D MusicViewModel: 📁 LOAD_CURRENT_FILE() - duration updated
10-31 23:22:09.630 31602 31602 D MusicViewModel: 📁 LOAD_CURRENT_FILE() called
10-31 23:22:09.631 31602 31602 D MusicViewModel: 📁 LOAD_CURRENT_FILE() - getting files for playlist: TODO
10-31 23:22:09.631 31602 31602 D MusicViewModel: 📁 LOAD_CURRENT_FILE() - files count: 288, current index: 16
10-31 23:22:09.631 31602 31602 D MusicViewModel: 📁 LOAD_CURRENT_FILE() - loading file: Sylvester - You Make Me Feel (Mighty Real) (8TT8 Edit) [FD].flac
10-31 23:22:09.631 31602 31602 D MusicViewModel: 📁 LOAD_CURRENT_FILE() - stored current file
10-31 23:22:09.632 31602 31602 D MusicViewModel: 📁 LOAD_CURRENT_FILE() - updated current playing file
10-31 23:22:09.632 31602 31602 D MusicViewModel: 📁 LOAD_CURRENT_FILE() - preloaded next file: Tattoo Project - Inferno Of Love (Blazing Acid Mix).flac
10-31 23:22:09.632 31602 31602 D MusicViewModel: 📁 LOAD_CURRENT_FILE() - checking memory pressure
10-31 23:22:09.632 31602 31602 D MusicViewModel: 📁 LOAD_CURRENT_FILE() - available memory: 228MB
10-31 23:22:09.633 31602 31602 D MusicViewModel: 📁 LOAD_CURRENT_FILE() - calling audioManager.playFile()
10-31 23:22:09.633 31602 31602 D AudioManager: 📁 File URI: content://com.android.externalstorage.documents/tree/primary%3ATrial%20now%2F04.%20April/document/primary%3ATrial%20now%2F04.%20April%2F2024-04-14%2FSylvester%20-%20You%20Make%20Me%20Feel%20(Mighty%20Real)%20(8TT8%20Edit)%20%5BFD%5D.flac
10-31 23:22:09.805 31602 31602 D AudioManager: 📁 Temp file created: /data/user/0/com.example.mobiledigger/cache/aiff_temp_2374154265548245122.aiff
10-31 23:22:10.186 31602 31602 D MusicViewModel: 📁 LOAD_CURRENT_FILE() - playFile result: true
10-31 23:22:10.186 31602 31602 D MusicViewModel: 📁 LOAD_CURRENT_FILE() - playback started successfully for Sylvester - You Make Me Feel (Mighty Real) (8TT8 Edit) [FD].flac
10-31 23:22:10.187 31602 31602 D MusicViewModel: 📁 LOAD_CURRENT_FILE() - using existing duration: 432536ms
10-31 23:22:10.187 31602 31602 D MusicViewModel: 📁 LOAD_CURRENT_FILE() - updating notification
10-31 23:22:10.191 31602 31602 D MusicViewModel: 📁 LOAD_CURRENT_FILE() - starting preload next song
10-31 23:22:10.232 31602 31602 D VlcAudioBackend: 📁 Media changed
10-31 23:22:17.255 31602 31602 D MusicViewModel: 📁 LOAD_CURRENT_FILE() called
10-31 23:22:17.255 31602 31602 D MusicViewModel: 📁 LOAD_CURRENT_FILE() - getting files for playlist: TODO
10-31 23:22:17.255 31602 31602 D MusicViewModel: 📁 LOAD_CURRENT_FILE() - files count: 287, current index: 17
10-31 23:22:17.256 31602 31602 D MusicViewModel: 📁 LOAD_CURRENT_FILE() - loading file: Tom Solo - Drift Away.flac
10-31 23:22:17.256 31602 31602 D MusicViewModel: 📁 LOAD_CURRENT_FILE() - stored current file
10-31 23:22:17.256 31602 31602 D MusicViewModel: 📁 LOAD_CURRENT_FILE() - updated current playing file
10-31 23:22:17.256 31602 31602 D MusicViewModel: 📁 LOAD_CURRENT_FILE() - preloaded next file: Tourman - Gravitone.flac
10-31 23:22:17.256 31602 31602 D MusicViewModel: 📁 LOAD_CURRENT_FILE() - checking memory pressure
10-31 23:22:17.256 31602 31602 D MusicViewModel: 📁 LOAD_CURRENT_FILE() - available memory: 218MB
10-31 23:22:17.256 31602 31602 D MusicViewModel: 📁 LOAD_CURRENT_FILE() - calling audioManager.playFile()
10-31 23:22:17.257 31602 31602 D AudioManager: 📁 File URI: content://com.android.externalstorage.documents/tree/primary%3ATrial%20now%2F04.%20April/document/primary%3ATrial%20now%2F04.%20April%2F2024-04-14%2FTom%20Solo%20-%20Drift%20Away.flac
10-31 23:22:17.441 31602 31602 D AudioManager: 📁 Temp file created: /data/user/0/com.example.mobiledigger/cache/aiff_temp_5837623819680158185.aiff
10-31 23:22:17.853 31602 31602 D MusicViewModel: 📁 LOAD_CURRENT_FILE() - playFile result: true
10-31 23:22:17.854 31602 31602 D MusicViewModel: 📁 LOAD_CURRENT_FILE() - playback started successfully for Tom Solo - Drift Away.flac
10-31 23:22:17.854 31602 31602 D MusicViewModel: 📁 LOAD_CURRENT_FILE() - extracting duration for Tom Solo - Drift Away.flac
10-31 23:22:17.855 31602 31602 D MusicViewModel: 📁 LOAD_CURRENT_FILE() - updating notification
10-31 23:22:17.860 31602 31602 D MusicViewModel: 📁 LOAD_CURRENT_FILE() - starting preload next song
10-31 23:22:17.940 31602 31602 D VlcAudioBackend: 📁 Media changed
10-31 23:22:17.947 31602 31650 D MusicViewModel: 📁 LOAD_CURRENT_FILE() - extracted duration: 356119ms
10-31 23:22:18.049 31602 31602 D MusicViewModel: 📁 LOAD_CURRENT_FILE() - duration updated
10-31 23:22:21.141 31602 31602 D MusicViewModel: 📁 LOAD_CURRENT_FILE() called
10-31 23:22:21.142 31602 31602 D MusicViewModel: 📁 LOAD_CURRENT_FILE() - getting files for playlist: TODO
10-31 23:22:21.142 31602 31602 D MusicViewModel: 📁 LOAD_CURRENT_FILE() - files count: 287, current index: 18
10-31 23:22:21.142 31602 31602 D MusicViewModel: 📁 LOAD_CURRENT_FILE() - loading file: Tourman - Gravitone.flac
10-31 23:22:21.142 31602 31602 D MusicViewModel: 📁 LOAD_CURRENT_FILE() - stored current file
10-31 23:22:21.142 31602 31602 D MusicViewModel: 📁 LOAD_CURRENT_FILE() - updated current playing file
10-31 23:22:21.143 31602 31602 D MusicViewModel: 📁 LOAD_CURRENT_FILE() - preloaded next file: Vakru - Hama (Suolo Remix) [ELEuTHERIA008].flac
10-31 23:22:21.143 31602 31602 D MusicViewModel: 📁 LOAD_CURRENT_FILE() - checking memory pressure
10-31 23:22:21.143 31602 31602 D MusicViewModel: 📁 LOAD_CURRENT_FILE() - available memory: 240MB
10-31 23:22:21.143 31602 31602 D MusicViewModel: 📁 LOAD_CURRENT_FILE() - calling audioManager.playFile()
10-31 23:22:21.143 31602 31602 D AudioManager: 📁 File URI: content://com.android.externalstorage.documents/tree/primary%3ATrial%20now%2F04.%20April/document/primary%3ATrial%20now%2F04.%20April%2F2024-04-14%2FTourman%20-%20Gravitone.flac
10-31 23:22:21.368 31602 31602 D AudioManager: 📁 Temp file created: /data/user/0/com.example.mobiledigger/cache/aiff_temp_2816888123181730424.aiff
10-31 23:22:21.857 31602 31602 D MusicViewModel: 📁 LOAD_CURRENT_FILE() - playFile result: true
10-31 23:22:21.857 31602 31602 D MusicViewModel: 📁 LOAD_CURRENT_FILE() - playback started successfully for Tourman - Gravitone.flac
10-31 23:22:21.859 31602 31602 D MusicViewModel: 📁 LOAD_CURRENT_FILE() - extracting duration for Tourman - Gravitone.flac
10-31 23:22:21.860 31602 31602 D MusicViewModel: 📁 LOAD_CURRENT_FILE() - updating notification
10-31 23:22:21.867 31602 31602 D MusicViewModel: 📁 LOAD_CURRENT_FILE() - starting preload next song
10-31 23:22:21.934 31602 31602 D VlcAudioBackend: 📁 Media changed
10-31 23:22:21.980 31602 31931 D MusicViewModel: 📁 LOAD_CURRENT_FILE() - extracted duration: 426871ms
10-31 23:22:22.058 31602 31602 D MusicViewModel: 📁 LOAD_CURRENT_FILE() - duration updated
10-31 23:23:44.289 31602 31602 D MusicViewModel: 📁 LOAD_CURRENT_FILE() called
10-31 23:23:44.291 31602 31602 D MusicViewModel: 📁 LOAD_CURRENT_FILE() - getting files for playlist: TODO
10-31 23:23:44.291 31602 31602 D MusicViewModel: 📁 LOAD_CURRENT_FILE() - files count: 287, current index: 19
10-31 23:23:44.292 31602 31602 D MusicViewModel: 📁 LOAD_CURRENT_FILE() - loading file: Vakru - Hama (Suolo Remix) [ELEuTHERIA008].flac
10-31 23:23:44.292 31602 31602 D MusicViewModel: 📁 LOAD_CURRENT_FILE() - stored current file
10-31 23:23:44.293 31602 31602 D MusicViewModel: 📁 LOAD_CURRENT_FILE() - updated current playing file
10-31 23:23:44.293 31602 31602 D MusicViewModel: 📁 LOAD_CURRENT_FILE() - preloaded next file: War - Low Rider (Licaica Edit).flac
10-31 23:23:44.294 31602 31602 D MusicViewModel: 📁 LOAD_CURRENT_FILE() - checking memory pressure
10-31 23:23:44.294 31602 31602 D MusicViewModel: 📁 LOAD_CURRENT_FILE() - available memory: 229MB
10-31 23:23:44.295 31602 31602 D MusicViewModel: 📁 LOAD_CURRENT_FILE() - calling audioManager.playFile()
10-31 23:23:44.296 31602 31602 D AudioManager: 📁 File URI: content://com.android.externalstorage.documents/tree/primary%3ATrial%20now%2F04.%20April/document/primary%3ATrial%20now%2F04.%20April%2F2024-04-14%2FVakru%20-%20Hama%20(Suolo%20Remix)%20%5BELEuTHERIA008%5D.flac
10-31 23:23:44.574 31602 31602 D AudioManager: 📁 Temp file created: /data/user/0/com.example.mobiledigger/cache/aiff_temp_5764741078866470537.aiff
10-31 23:23:45.115 31602 31602 D MusicViewModel: 📁 LOAD_CURRENT_FILE() - playFile result: true
10-31 23:23:45.116 31602 31602 D MusicViewModel: 📁 LOAD_CURRENT_FILE() - playback started successfully for Vakru - Hama (Suolo Remix) [ELEuTHERIA008].flac
10-31 23:23:45.118 31602 31602 D MusicViewModel: 📁 LOAD_CURRENT_FILE() - extracting duration for Vakru - Hama (Suolo Remix) [ELEuTHERIA008].flac
10-31 23:23:45.119 31602 31602 D MusicViewModel: 📁 LOAD_CURRENT_FILE() - updating notification
10-31 23:23:45.132 31602 31602 D MusicViewModel: 📁 LOAD_CURRENT_FILE() - starting preload next song
10-31 23:23:45.206 31602 31602 D VlcAudioBackend: 📁 Media changed
10-31 23:23:45.212 31602 31644 D MusicViewModel: 📁 LOAD_CURRENT_FILE() - extracted duration: 555010ms
10-31 23:23:45.339 31602 31602 D MusicViewModel: 📁 LOAD_CURRENT_FILE() - duration updated
10-31 23:23:47.663 31602 31602 D MusicViewModel: 📁 LOAD_CURRENT_FILE() called
10-31 23:23:47.664 31602 31602 D MusicViewModel: 📁 LOAD_CURRENT_FILE() - getting files for playlist: TODO
10-31 23:23:47.664 31602 31602 D MusicViewModel: 📁 LOAD_CURRENT_FILE() - files count: 287, current index: 20
10-31 23:23:47.664 31602 31602 D MusicViewModel: 📁 LOAD_CURRENT_FILE() - loading file: War - Low Rider (Licaica Edit).flac
10-31 23:23:47.664 31602 31602 D MusicViewModel: 📁 LOAD_CURRENT_FILE() - stored current file
10-31 23:23:47.664 31602 31602 D MusicViewModel: 📁 LOAD_CURRENT_FILE() - updated current playing file
10-31 23:23:47.665 31602 31602 D MusicViewModel: 📁 LOAD_CURRENT_FILE() - preloaded next file: Xavier - Asshole [ZFVA005].flac
10-31 23:23:47.665 31602 31602 D MusicViewModel: 📁 LOAD_CURRENT_FILE() - checking memory pressure
10-31 23:23:47.665 31602 31602 D MusicViewModel: 📁 LOAD_CURRENT_FILE() - available memory: 240MB
10-31 23:23:47.665 31602 31602 D MusicViewModel: 📁 LOAD_CURRENT_FILE() - calling audioManager.playFile()
10-31 23:23:47.666 31602 31602 D AudioManager: 📁 File URI: content://com.android.externalstorage.documents/tree/primary%3ATrial%20now%2F04.%20April/document/primary%3ATrial%20now%2F04.%20April%2F2024-04-14%2FWar%20-%20Low%20Rider%20(Licaica%20Edit).flac
10-31 23:23:47.888 31602 31602 D AudioManager: 📁 Temp file created: /data/user/0/com.example.mobiledigger/cache/aiff_temp_6694061371804330837.aiff
10-31 23:23:48.367 31602 31602 D MusicViewModel: 📁 LOAD_CURRENT_FILE() - playFile result: true
10-31 23:23:48.368 31602 31602 D MusicViewModel: 📁 LOAD_CURRENT_FILE() - playback started successfully for War - Low Rider (Licaica Edit).flac
10-31 23:23:48.371 31602 31602 D MusicViewModel: 📁 LOAD_CURRENT_FILE() - extracting duration for War - Low Rider (Licaica Edit).flac
10-31 23:23:48.372 31602 31602 D MusicViewModel: 📁 LOAD_CURRENT_FILE() - updating notification
10-31 23:23:48.379 31602 31602 D MusicViewModel: 📁 LOAD_CURRENT_FILE() - starting preload next song
10-31 23:23:48.447 31602 31602 D VlcAudioBackend: 📁 Media changed
10-31 23:23:48.451 31602 31933 D MusicViewModel: 📁 LOAD_CURRENT_FILE() - extracted duration: 476016ms
10-31 23:23:48.576 31602 31602 D MusicViewModel: 📁 LOAD_CURRENT_FILE() - duration updated
10-31 23:24:11.329 31602 31602 D MusicViewModel: 📁 Sorting file: War - Low Rider (Licaica Edit).flac with action LIKE, source: TODO
10-31 23:24:11.418 31602 31647 D FileManager: Subfolder permissions OK: content://com.android.externalstorage.documents/tree/primary%3AResults/document/primary%3AResults%2FLiked
10-31 23:24:13.085 31602 31602 D MusicViewModel: 📁 FileManager.sortFile result: success=true for War - Low Rider (Licaica Edit).flac
10-31 23:24:13.189 31602 31602 D MusicViewModel: 📁 LOAD_CURRENT_FILE() called
10-31 23:24:13.189 31602 31602 D MusicViewModel: 📁 LOAD_CURRENT_FILE() - getting files for playlist: TODO
