11-10 15:32:18.963 25895 25895 I KeyboardHeightUtil: KeyboardHeightUtil.calculateMaxKeyboardBodyHeight():50 leave 205 height for app when ime window height:2039, header height:84 and isFullscreenMode:false, so the max keyboard body height is:1750
11-10 15:32:18.963 25895 25895 I AndroidIME: KeyboardViewManager.updateKeyboardBottomFrame():480 Set bottomFrameHeight = 19 while holderPaddingBottom = 19; navigationHeight = 92
11-10 15:32:18.964 25895 25895 W TextView: onProvideContentCaptureStructure(): calling assumeLayout()
11-10 15:32:18.970  1431  2167 W USF     : USF_API: Drop flicker data, cannot find sampling_id:84682!
11-10 15:32:18.971  1432  1491 D CHRE    : @ 550806.276: Parsed nanoapp message from host: app ID 0x476f6f676c00103b endpoint 0x8005 msgType 1 payload size 6
11-10 15:32:18.979  1431  2167 W USF     : USF_API: Drop flicker data, cannot find sampling_id:84682!
11-10 15:32:18.989  1431  2167 W USF     : USF_API: Drop flicker data, cannot find sampling_id:84682!
11-10 15:32:18.999  1431  2167 W USF     : USF_API: Drop flicker data, cannot find sampling_id:84682!
11-10 15:32:19.009  1431  2167 W USF     : USF_API: Drop flicker data, cannot find sampling_id:84682!
11-10 15:32:19.018  1431  2167 W USF     : USF_API: Drop flicker data, cannot find sampling_id:84682!
11-10 15:32:19.023  1432  1491 D CHRE    : @ 550806.329: [ActivityPlatform] type 4, confidence 95
11-10 15:32:19.028  1431  2167 W USF     : USF_API: Drop flicker data, cannot find sampling_id:84682!
11-10 15:32:19.038  1431  2167 W USF     : USF_API: Drop flicker data, cannot find sampling_id:84682!
11-10 15:32:19.049  1431  2167 W USF     : USF_API: Drop flicker data, cannot find sampling_id:84682!
11-10 15:32:19.059  1431  2167 W USF     : USF_API: Drop flicker data, cannot find sampling_id:84682!
11-10 15:32:19.070  1431  2167 W USF     : USF_API: Drop flicker data, cannot find sampling_id:84682!
11-10 15:32:19.080  1431  2167 W USF     : USF_API: Drop flicker data, cannot find sampling_id:84682!
11-10 15:32:19.090  1431  2167 W USF     : USF_API: Drop flicker data, cannot find sampling_id:84682!
11-10 15:32:19.100  1431  2167 W USF     : USF_API: Drop flicker data, cannot find sampling_id:84682!
11-10 15:32:19.110  1431  2167 W USF     : USF_API: Drop flicker data, cannot find sampling_id:84682!
11-10 15:32:19.111  1432  1491 D CHRE.HAL: Received a nanoapp message from 0x476f6f676c001019 endpoint 0x2: Type 0x1f4 size 12 
11-10 15:32:19.120  1431  2167 W USF     : USF_API: Drop flicker data, cannot find sampling_id:84682!
11-10 15:32:19.129  1431  2167 W USF     : USF_API: Drop flicker data, cannot find sampling_id:84682!
11-10 15:32:19.130 29449 29480 E AbstractLogEventBuilder: The provided ProductIdOrigin 3 is not one of the process-level expected values: 1 or 2
11-10 15:32:19.131  1432  1491 D CHRE.HAL: Received a nanoapp message from 0x476f6f676c001019 endpoint 0x2: Type 0x1f4 size 12 
11-10 15:32:19.139  1431  2167 W USF     : USF_API: Drop flicker data, cannot find sampling_id:84682!
11-10 15:32:19.140 29449 32593 I Finsky  : [1199] Task 7 requested foreground
11-10 15:32:19.143 29449 32593 I Finsky  : [1199] Not entering foreground
11-10 15:32:19.149  1431  2167 W USF     : USF_API: Drop flicker data, cannot find sampling_id:84682!
11-10 15:32:19.153 29449 29488 I Finsky  : [1126] VerifyApps: Starting APK Analysis scan for com.example.mobiledigger.
11-10 15:32:19.154 29449 29488 I Finsky  : [1126] Scanning package com.example.mobiledigger contents with client side protections. File: [t99zUo83a5YBk50NtBtv6VtDJbBYojHahJHvlOC2oiM]
11-10 15:32:19.154 29449 29488 I Finsky  : [1126] VerifyApps: APK Analysis scan finished for com.example.mobiledigger. Verdict: SAFE
11-10 15:32:19.158  1431  2167 W USF     : USF_API: Drop flicker data, cannot find sampling_id:84682!
11-10 15:32:19.161 29449 32615 I Finsky  : [1202] Apk Analysis scan verification duration=PT0.012S 
11-10 15:32:19.169  1431  2167 W USF     : USF_API: Drop flicker data, cannot find sampling_id:84682!
11-10 15:32:19.179  1431  2167 W USF     : USF_API: Drop flicker data, cannot find sampling_id:84682!
11-10 15:32:19.188  1431  2167 W USF     : USF_API: Drop flicker data, cannot find sampling_id:84682!
11-10 15:32:19.199  1431  2167 W USF     : USF_API: Drop flicker data, cannot find sampling_id:84682!
11-10 15:32:19.208  1432  1491 I CHRE    : @ 550806.513: [ip] Peak detected: magnitude = 0.127959 hpa, duration = 40.000000 ms
11-10 15:32:19.208  1432  1491 D CHRE.HAL: Received a nanoapp message from 0x476f6f676c001022 endpoint 0x8082: Type 0x3 size 8 
11-10 15:32:19.209  1431  2167 W USF     : USF_API: Drop flicker data, cannot find sampling_id:84682!
11-10 15:32:19.209  1452  2078 I suez-nanoapp-clients: Barometric peak detected: magnitude = 0.127959 hPa (bucket: 3), duration = 40.000000 ms (bucket: 3).
11-10 15:32:19.209  1452  2078 I suez-nanoapp-clients: Vendor atom [id = 100047] reported.
11-10 15:32:19.219  1431  2167 W USF     : USF_API: Drop flicker data, cannot find sampling_id:84682!
11-10 15:32:19.219  1432  1491 D CHRE.HAL: Received a nanoapp message from 0x476f6f676c001022 endpoint 0x8082: Type 0x3 size 8 
11-10 15:32:19.220  1452  2078 I suez-nanoapp-clients: Barometric peak detected: magnitude = 0.121137 hPa (bucket: 3), duration = 40.000000 ms (bucket: 3).
11-10 15:32:19.221  1452  2078 I suez-nanoapp-clients: Vendor atom [id = 100047] reported.
11-10 15:32:19.221  1432  1491 D CHRE    : @ 550806.519: Parsed nanoapp message from host: app ID 0x476f6f676c00103b endpoint 0x8005 msgType 1 payload size 8
11-10 15:32:19.221  1432  1491 I CHRE    : @ 550806.519: [ip] Peak detected: magnitude = 0.121137 hpa, duration = 40.000000 ms
11-10 15:32:19.221  1432  1491 D CHRE.HAL: Received a nanoapp message from 0x476f6f676c001022 endpoint 0x8082: Type 0x3 size 8 
11-10 15:32:19.221  1452  2078 I suez-nanoapp-clients: Barometric peak detected: magnitude = 0.144244 hPa (bucket: 3), duration = 40.000000 ms (bucket: 3).
11-10 15:32:19.222  1452  2078 I suez-nanoapp-clients: Vendor atom [id = 100047] reported.
11-10 15:32:19.222  1432  1491 I CHRE    : @ 550806.521: [ip] Peak detected: magnitude = 0.144244 hpa, duration = 40.000000 ms
11-10 15:32:19.222  1432  1491 D CHRE.HAL: Received a nanoapp message from 0x476f6f676c001022 endpoint 0x8082: Type 0x3 size 8 
11-10 15:32:19.223  1452  2078 I suez-nanoapp-clients: Barometric peak detected: magnitude = 0.116231 hPa (bucket: 3), duration = 40.000000 ms (bucket: 3).
11-10 15:32:19.223  1452  2078 I suez-nanoapp-clients: Vendor atom [id = 100047] reported.
11-10 15:32:19.223  1432  1491 D CHRE.HAL: Received a nanoapp message from 0x476f6f676c001022 endpoint 0x8082: Type 0x3 size 8 
11-10 15:32:19.224  1452  2078 I suez-nanoapp-clients: Barometric peak detected: magnitude = 0.119980 hPa (bucket: 3), duration = 80.000000 ms (bucket: 7).
11-10 15:32:19.224  1452  2078 I suez-nanoapp-clients: Vendor atom [id = 100047] reported.
11-10 15:32:19.225  1432  1491 I CHRE    : @ 550806.524: [ip] Peak detected: magnitude = 0.116231 hpa, duration = 40.000000 ms
11-10 15:32:19.225  1432  1491 I CHRE    : @ 550806.525: [ip] Peak detected: magnitude = 0.119980 hpa, duration = 80.000000 ms
11-10 15:32:19.228  1431  2167 W USF     : USF_API: Drop flicker data, cannot find sampling_id:84682!
11-10 15:32:19.229  1431  2167 W USF     : USF_API: Drop sample report, cannot find sampling_id:84682
11-10 15:32:19.238  1431  2167 W USF     : USF_API: Drop flicker data, cannot find sampling_id:84682!
11-10 15:32:19.248  1431  2167 W USF     : USF_API: Drop flicker data, cannot find sampling_id:84682!
11-10 15:32:19.255  2765  2767 I deeptouch: I0000 00:00:1762781539.255289    2767 tf_lite_classifier.cc:413] Event stream classified as kNone
11-10 15:32:19.258  1432  1491 D CHRE    : @ 550806.565: Parsed nanoapp message from host: app ID 0x476f6f676c00103b endpoint 0x8005 msgType 1 payload size 6
11-10 15:32:19.258  1431  2167 W USF     : USF_API: Drop flicker data, cannot find sampling_id:84682!
11-10 15:32:19.259 25895 25895 W TooltipLifecycleManager: TooltipLifecycleManager.dismissTooltips():153 Tooltip with id SUGGESTION_VIEW_EDU_MINI_DIALOG not found in tooltipManager.
11-10 15:32:19.263  1430 14081 I bthal.activity: bt_power: AclDataStat: 15:32:18:153 - 15:32:19:263, conn_handle: 11, duration: 1110, acl_data_count: 2, acl_tx_data_count: 1, acl_rx_data_count: 1, total_acl_data_count: 4230
11-10 15:32:19.266  1965 32616 D Vibrator: waitForComplete: Vibrator is already off
11-10 15:32:19.268  1431  2167 W USF     : USF_API: Drop flicker data, cannot find sampling_id:84682!
11-10 15:32:19.269  1884  3682 W PresentationStatsEventLogger: Bad view state for: -1, state: ViewState: [id=1073741824@667137535, state:d008, currentValue:android.view.autofill.AutofillValue@94d965cf]
11-10 15:32:19.278  1431  2167 W USF     : USF_API: Drop flicker data, cannot find sampling_id:84682!
11-10 15:32:19.288  1431  2167 W USF     : USF_API: Drop flicker data, cannot find sampling_id:84682!
11-10 15:32:19.296 25895 25895 I KeyboardModeUtils: KeyboardModeUtils.getKeyboardBottomOffset():435 inch: 0.000000 ydpi: 367.726013 adjustKeyboardBottomByDisplaySize: false currentDensityDpi: 306 defaultDensityDpi: 306 keyboardBottomToScreenPx: 0 keyboardBottomToNavBarPx: -92 navBarHeight: 92
11-10 15:32:19.296 25895 25895 I KeyboardHeightUtil: KeyboardHeightUtil.calculateMaxKeyboardBodyHeight():50 leave 205 height for app when ime window height:2039, header height:84 and isFullscreenMode:false, so the max keyboard body height is:1750
11-10 15:32:19.296 25895 25895 I KeyboardHeightUtil: KeyboardHeightUtil.calculateMaxKeyboardBodyHeight():50 leave 205 height for app when ime window height:2039, header height:84 and isFullscreenMode:false, so the max keyboard body height is:1750
11-10 15:32:19.296 25895 25895 I AndroidIME: KeyboardViewManager.updateKeyboardBottomFrame():480 Set bottomFrameHeight = 19 while holderPaddingBottom = 19; navigationHeight = 92
11-10 15:32:19.298  1431  2167 W USF     : USF_API: Drop flicker data, cannot find sampling_id:84682!
11-10 15:32:19.309  1431  2167 W USF     : USF_API: Drop flicker data, cannot find sampling_id:84682!
11-10 15:32:19.318  1431  2167 W USF     : USF_API: Drop flicker data, cannot find sampling_id:84682!
11-10 15:32:19.328  1431  2167 W USF     : USF_API: Drop flicker data, cannot find sampling_id:84682!
11-10 15:32:19.339  1431  2167 W USF     : USF_API: Drop flicker data, cannot find sampling_id:84682!
11-10 15:32:19.348  1431  2167 W USF     : USF_API: Drop flicker data, cannot find sampling_id:84682!
11-10 15:32:19.358  1431  2167 W USF     : USF_API: Drop flicker data, cannot find sampling_id:84682!
11-10 15:32:19.368  1431  2167 W USF     : USF_API: Drop flicker data, cannot find sampling_id:84682!
11-10 15:32:19.378  1431  2167 W USF     : USF_API: Drop flicker data, cannot find sampling_id:84682!
11-10 15:32:19.388  1431  2167 W USF     : USF_API: Drop flicker data, cannot find sampling_id:84682!
11-10 15:32:19.398  1431  2167 W USF     : USF_API: Drop flicker data, cannot find sampling_id:84682!
11-10 15:32:19.408  1431  2167 W USF     : USF_API: Drop flicker data, cannot find sampling_id:84682!
11-10 15:32:19.418  1431  2167 W USF     : USF_API: Drop flicker data, cannot find sampling_id:84682!
11-10 15:32:19.420  1432  1491 D CHRE.HAL: Received a nanoapp message from 0x476f6f676c001019 endpoint 0x2: Type 0x1f4 size 12 
11-10 15:32:19.428  1432  1491 D CHRE.HAL: Received a nanoapp message from 0x476f6f676c001019 endpoint 0x2: Type 0x1f4 size 12 
11-10 15:32:19.428  1431  2167 W USF     : USF_API: Drop flicker data, cannot find sampling_id:84682!
11-10 15:32:19.438  1431  2167 W USF     : USF_API: Drop flicker data, cannot find sampling_id:84682!
11-10 15:32:19.450  1431  2167 W USF     : USF_API: Drop flicker data, cannot find sampling_id:84682!
11-10 15:32:19.460  1431  2167 W USF     : USF_API: Drop flicker data, cannot find sampling_id:84682!
11-10 15:32:19.470  1431  2167 W USF     : USF_API: Drop flicker data, cannot find sampling_id:84682!
11-10 15:32:19.479 29449 29449 E AbstractLogEventBuilder: The provided ProductIdOrigin 3 is not one of the process-level expected values: 1 or 2
11-10 15:32:19.480  1431  2167 W USF     : USF_API: Drop flicker data, cannot find sampling_id:84682!
11-10 15:32:19.488 29449 32615 I Finsky  : [1202] VerifyApps: Verification package=com.example.mobiledigger, id=358, response=0, upload_requested=false, enable_ecm=false
11-10 15:32:19.490  1431  2167 W USF     : USF_API: Drop flicker data, cannot find sampling_id:84682!
11-10 15:32:19.493 29449 32615 I Finsky  : [1202] VerifyApps: PAM result saving to datastore delayed for package: com.example.mobiledigger
11-10 15:32:19.499  1431  2167 W USF     : USF_API: Drop flicker data, cannot find sampling_id:84682!
11-10 15:32:19.502 29449 32593 E AbstractLogEventBuilder: The provided ProductIdOrigin 3 is not one of the process-level expected values: 1 or 2
11-10 15:32:19.505  2221  2226 I pixel-thermal: disp_therm:38.561 raw data: disp_therm:38561 
11-10 15:32:19.509  1431  2167 W USF     : USF_API: Drop flicker data, cannot find sampling_id:84682!
11-10 15:32:19.519  1431  2167 W USF     : USF_API: Drop flicker data, cannot find sampling_id:84682!
11-10 15:32:19.519  2221  2226 I pixel-thermal: VIRTUAL-USB-UI:1 raw data: USB-MINUS-NEUTRAL:-2551 USB-MINUS-QUIET:913 USB_QUIET_RFFE:909.864 VIRTUAL-USB-UI:1 VIRTUAL-USB-UI-SUB0:0 VSYS_PWR_RFFE:0.522666 neutral_therm:41090 quiet_therm:37626 usb_pwr_therm:38539 
11-10 15:32:19.520  2221  2226 I pixel-thermal: north_therm:37.315 raw data: north_therm:37315 
11-10 15:32:19.520  2221  2226 I pixel-thermal: cam_therm:37.671 raw data: cam_therm:37671 
11-10 15:32:19.521  2221  2226 I pixel-thermal: quiet_therm:37.626 raw data: quiet_therm:37626 
11-10 15:32:19.521  2221  2226 I pixel-thermal: VIRTUAL-USB-THROTTLING:1 raw data: USB-MINUS-NEUTRAL:-2551 USB-MINUS-QUIET:913 USB_QUIET_RFFE:909.864 VIRTUAL-USB-THROTTLING:1 VIRTUAL-USB-THROTTLING-SUB0:0 usb_pwr_therm:38539 
11-10 15:32:19.521  2221  2226 I pixel-thermal: usb_pwr_therm:38.539 raw data: usb_pwr_therm:38539 
11-10 15:32:19.522 29449 32593 I Finsky  : [1199] VerifyApps AdvancedProtection: Verify AP install started
11-10 15:32:19.522 29449 32593 I Finsky  : [1199] VerifyApps AdvancedProtection: Allowing install because there are no Advanced Protection users
11-10 15:32:19.529  1431  2167 W USF     : USF_API: Drop flicker data, cannot find sampling_id:84682!
11-10 15:32:19.539  1431  2167 W USF     : USF_API: Drop flicker data, cannot find sampling_id:84682!
11-10 15:32:19.544 29449 29449 I Finsky  : [2] VerifyApps AdvancedProtection: Reported Advanced Protection verification result: ALLOW
11-10 15:32:19.548  1431  2167 W USF     : USF_API: Drop flicker data, cannot find sampling_id:84682!
11-10 15:32:19.548 29449 32593 I Finsky  : [1199] Skipping logging for attempted installation. The source is a system package.
11-10 15:32:19.551 29449 32593 I Finsky  : [1199] VerifyApps: Returning package verification result id=358, result=ALLOW
11-10 15:32:19.559  1431  2167 W USF     : USF_API: Drop flicker data, cannot find sampling_id:84682!
11-10 15:32:19.561  1884  2086 I PackageManager: Continuing with installation of file:///data/app/vmdl1194623866.tmp
11-10 15:32:19.562 29449 29449 I Finsky  : [2] VerifyApps: Install-time verification complete: id=358, package_name=com.example.mobiledigger
11-10 15:32:19.566  1884  2437 D InstallDependencyHelper: No missing dependency for com.example.mobiledigger
11-10 15:32:19.566  1884  2483 W ProcessStats: Tracking association SourceState{7a84d2e com.google.android.gms/10124 Fgs #1110802} whose proc state 3 is better than process ProcessState{2dbbd8e com.android.vending/10170 pkg=com.android.vending} proc state 14 (21 skipped)
11-10 15:32:19.568  1431  2167 W USF     : USF_API: Drop flicker data, cannot find sampling_id:84682!
11-10 15:32:19.578  1431  2167 W USF     : USF_API: Drop flicker data, cannot find sampling_id:84682!
11-10 15:32:19.588  1431  2167 W USF     : USF_API: Drop flicker data, cannot find sampling_id:84682!
11-10 15:32:19.598  1431  2167 W USF     : USF_API: Drop flicker data, cannot find sampling_id:84682!
11-10 15:32:19.608  1431  2167 W USF     : USF_API: Drop flicker data, cannot find sampling_id:84682!
11-10 15:32:19.617  1431  2167 W USF     : USF_API: Drop flicker data, cannot find sampling_id:84682!
11-10 15:32:19.627  1431  2167 W USF     : USF_API: Drop flicker data, cannot find sampling_id:84682!
11-10 15:32:19.637  1431  2167 W USF     : USF_API: Drop flicker data, cannot find sampling_id:84682!
11-10 15:32:19.647  1431  2167 W USF     : USF_API: Drop flicker data, cannot find sampling_id:84682!
11-10 15:32:19.657  1431  2167 W USF     : USF_API: Drop flicker data, cannot find sampling_id:84682!
11-10 15:32:19.658   745 32391 I keystore2: system/security/keystore2/watchdog/src/lib.rs:371 - Watchdog thread idle -> terminating. Have a great day.
11-10 15:32:19.667  1431  2167 W USF     : USF_API: Drop flicker data, cannot find sampling_id:84682!
11-10 15:32:19.677  1431  2167 W USF     : USF_API: Drop flicker data, cannot find sampling_id:84682!
11-10 15:32:19.687  1431  2167 W USF     : USF_API: Drop flicker data, cannot find sampling_id:84682!
11-10 15:32:19.693  1884  2483 V SafetySourceDataValidat: Package: com.android.vending has expected signature
11-10 15:32:19.693  1884  2483 V SafetySourceDataValidat: Package: com.android.vending has expected signature
11-10 15:32:19.697  1431  2167 W USF     : USF_API: Drop flicker data, cannot find sampling_id:84682!
11-10 15:32:19.707  1431  2167 W USF     : USF_API: Drop flicker data, cannot find sampling_id:84682!
11-10 15:32:19.717  1431  2167 W USF     : USF_API: Drop flicker data, cannot find sampling_id:84682!
11-10 15:32:19.727  1431  2167 W USF     : USF_API: Drop flicker data, cannot find sampling_id:84682!
11-10 15:32:19.737  1431  2167 W USF     : USF_API: Drop flicker data, cannot find sampling_id:84682!
11-10 15:32:19.747  1431  2167 W USF     : USF_API: Drop flicker data, cannot find sampling_id:84682!
11-10 15:32:19.757  1431  2167 W USF     : USF_API: Drop flicker data, cannot find sampling_id:84682!
11-10 15:32:19.767  1431  2167 W USF     : USF_API: Drop flicker data, cannot find sampling_id:84682!
11-10 15:32:19.777  1431  2167 W USF     : USF_API: Drop flicker data, cannot find sampling_id:84682!
11-10 15:32:19.787  1431  2167 W USF     : USF_API: Drop flicker data, cannot find sampling_id:84682!
11-10 15:32:19.797  1431  2167 W USF     : USF_API: Drop flicker data, cannot find sampling_id:84682!
11-10 15:32:19.807  1431  2167 W USF     : USF_API: Drop flicker data, cannot find sampling_id:84682!
11-10 15:32:19.817  1431  2167 W USF     : USF_API: Drop flicker data, cannot find sampling_id:84682!
11-10 15:32:19.826  1431  2167 W USF     : USF_API: Drop flicker data, cannot find sampling_id:84682!
11-10 15:32:19.836  1431  2167 W USF     : USF_API: Drop flicker data, cannot find sampling_id:84682!
11-10 15:32:19.846  1431  2167 W USF     : USF_API: Drop flicker data, cannot find sampling_id:84682!
11-10 15:32:19.856  1431  2167 W USF     : USF_API: Drop flicker data, cannot find sampling_id:84682!
11-10 15:32:19.866  1431  2167 W USF     : USF_API: Drop flicker data, cannot find sampling_id:84682!
11-10 15:32:19.876  1431  2167 W USF     : USF_API: Drop flicker data, cannot find sampling_id:84682!
11-10 15:32:19.886  1431  2167 W USF     : USF_API: Drop flicker data, cannot find sampling_id:84682!
11-10 15:32:19.896  1431  2167 W USF     : USF_API: Drop flicker data, cannot find sampling_id:84682!
11-10 15:32:19.906  1431  2167 W USF     : USF_API: Drop flicker data, cannot find sampling_id:84682!
11-10 15:32:19.916  1431  2167 W USF     : USF_API: Drop flicker data, cannot find sampling_id:84682!
11-10 15:32:19.926  1431  2167 W USF     : USF_API: Drop flicker data, cannot find sampling_id:84682!
11-10 15:32:19.936  1431  2167 W USF     : USF_API: Drop flicker data, cannot find sampling_id:84682!
11-10 15:32:19.946  1431  2167 W USF     : USF_API: Drop flicker data, cannot find sampling_id:84682!
11-10 15:32:19.958  1431  2167 W USF     : USF_API: Drop flicker data, cannot find sampling_id:84682!
11-10 15:32:19.968  1431  2167 W USF     : USF_API: Drop flicker data, cannot find sampling_id:84682!
11-10 15:32:19.978  1431  2167 W USF     : USF_API: Drop flicker data, cannot find sampling_id:84682!
11-10 15:32:19.988  1431  2167 W USF     : USF_API: Drop flicker data, cannot find sampling_id:84682!
11-10 15:32:19.998  1431  2167 W USF     : USF_API: Drop flicker data, cannot find sampling_id:84682!
11-10 15:32:20.008  1431  2167 W USF     : USF_API: Drop flicker data, cannot find sampling_id:84682!
11-10 15:32:20.017  1431  2167 W USF     : USF_API: Drop flicker data, cannot find sampling_id:84682!
11-10 15:32:20.027  1431  2167 W USF     : USF_API: Drop flicker data, cannot find sampling_id:84682!
11-10 15:32:20.037  1431  2167 W USF     : USF_API: Drop flicker data, cannot find sampling_id:84682!
11-10 15:32:20.047  1431  2167 W USF     : USF_API: Drop flicker data, cannot find sampling_id:84682!
11-10 15:32:20.057  1431  2167 W USF     : USF_API: Drop flicker data, cannot find sampling_id:84682!
11-10 15:32:20.067  1431  2167 W USF     : USF_API: Drop flicker data, cannot find sampling_id:84682!
11-10 15:32:20.076  1431  2167 W USF     : USF_API: Drop flicker data, cannot find sampling_id:84682!
11-10 15:32:20.086  1431  2167 W USF     : USF_API: Drop flicker data, cannot find sampling_id:84682!
11-10 15:32:20.096  1431  2167 W USF     : USF_API: Drop flicker data, cannot find sampling_id:84682!
11-10 15:32:20.106  1431  2167 W USF     : USF_API: Drop flicker data, cannot find sampling_id:84682!
11-10 15:32:20.116  1431  2167 W USF     : USF_API: Drop flicker data, cannot find sampling_id:84682!
11-10 15:32:20.125  1431  2167 W USF     : USF_API: Drop flicker data, cannot find sampling_id:84682!
11-10 15:32:20.136  1431  2167 W USF     : USF_API: Drop flicker data, cannot find sampling_id:84682!
11-10 15:32:20.146  1431  2167 W USF     : USF_API: Drop flicker data, cannot find sampling_id:84682!
11-10 15:32:20.156  1431  2167 W USF     : USF_API: Drop flicker data, cannot find sampling_id:84682!
11-10 15:32:20.166  1431  2167 W USF     : USF_API: Drop flicker data, cannot find sampling_id:84682!
11-10 15:32:20.176  1431  2167 W USF     : USF_API: Drop flicker data, cannot find sampling_id:84682!
11-10 15:32:20.185  1431  2167 W USF     : USF_API: Drop flicker data, cannot find sampling_id:84682!
11-10 15:32:20.195  1431  2167 W USF     : USF_API: Drop flicker data, cannot find sampling_id:84682!
11-10 15:32:20.206  1431  2167 W USF     : USF_API: Drop flicker data, cannot find sampling_id:84682!
11-10 15:32:20.215  1431  2167 W USF     : USF_API: Drop flicker data, cannot find sampling_id:84682!
11-10 15:32:20.225  1431  2167 W USF     : USF_API: Drop flicker data, cannot find sampling_id:84682!
11-10 15:32:20.230  1431  2167 W USF     : USF_API: Drop sample report, cannot find sampling_id:84682
11-10 15:32:20.235  1431  2167 W USF     : USF_API: Drop flicker data, cannot find sampling_id:84682!
11-10 15:32:20.246  1431  2167 W USF     : USF_API: Drop flicker data, cannot find sampling_id:84682!
11-10 15:32:20.255  1431  2167 W USF     : USF_API: Drop flicker data, cannot find sampling_id:84682!
11-10 15:32:20.265  1431  2167 W USF     : USF_API: Drop flicker data, cannot find sampling_id:84682!
11-10 15:32:20.275  1431  2167 W USF     : USF_API: Drop flicker data, cannot find sampling_id:84682!
11-10 15:32:20.285  1431  2167 W USF     : USF_API: Drop flicker data, cannot find sampling_id:84682!
11-10 15:32:20.296  1431  2167 W USF     : USF_API: Drop flicker data, cannot find sampling_id:84682!
11-10 15:32:20.305  1431  2167 W USF     : USF_API: Drop flicker data, cannot find sampling_id:84682!
11-10 15:32:20.315  1431  2167 W USF     : USF_API: Drop flicker data, cannot find sampling_id:84682!
11-10 15:32:20.325  1431  2167 W USF     : USF_API: Drop flicker data, cannot find sampling_id:84682!
11-10 15:32:20.335  1431  2167 W USF     : USF_API: Drop flicker data, cannot find sampling_id:84682!
11-10 15:32:20.346  1431  2167 W USF     : USF_API: Drop flicker data, cannot find sampling_id:84682!
11-10 15:32:20.355  1431  2167 W USF     : USF_API: Drop flicker data, cannot find sampling_id:84682!
11-10 15:32:20.365  1431  2167 W USF     : USF_API: Drop flicker data, cannot find sampling_id:84682!
11-10 15:32:20.375  1431  2167 W USF     : USF_API: Drop flicker data, cannot find sampling_id:84682!
11-10 15:32:20.385  1431  2167 W USF     : USF_API: Drop flicker data, cannot find sampling_id:84682!
11-10 15:32:20.395  1431  2167 W USF     : USF_API: Drop flicker data, cannot find sampling_id:84682!
11-10 15:32:20.405  1431  2167 W USF     : USF_API: Drop flicker data, cannot find sampling_id:84682!
11-10 15:32:20.415  1431  2167 W USF     : USF_API: Drop flicker data, cannot find sampling_id:84682!
11-10 15:32:20.425  1431  2167 W USF     : USF_API: Drop flicker data, cannot find sampling_id:84682!
11-10 15:32:20.435  1431  2167 W USF     : USF_API: Drop flicker data, cannot find sampling_id:84682!
11-10 15:32:20.445  1431  2167 W USF     : USF_API: Drop flicker data, cannot find sampling_id:84682!
11-10 15:32:20.455  1431  2167 W USF     : USF_API: Drop flicker data, cannot find sampling_id:84682!
11-10 15:32:20.467  1431  2167 W USF     : USF_API: Drop flicker data, cannot find sampling_id:84682!
11-10 15:32:20.477  1431  2167 W USF     : USF_API: Drop flicker data, cannot find sampling_id:84682!
11-10 15:32:20.486  1431  2167 W USF     : USF_API: Drop flicker data, cannot find sampling_id:84682!
11-10 15:32:20.496  1431  2167 W USF     : USF_API: Drop flicker data, cannot find sampling_id:84682!
11-10 15:32:20.506  1431  2167 W USF     : USF_API: Drop flicker data, cannot find sampling_id:84682!
11-10 15:32:20.516  1431  2167 W USF     : USF_API: Drop flicker data, cannot find sampling_id:84682!
11-10 15:32:20.525  1431  2167 W USF     : USF_API: Drop flicker data, cannot find sampling_id:84682!
11-10 15:32:20.534  1884  2086 V Configuration: Updating configuration, locales updated from [] to [en_US_#u-mu-celsius,ro_RO_#u-mu-celsius]
11-10 15:32:20.536  1431  2167 W USF     : USF_API: Drop flicker data, cannot find sampling_id:84682!
11-10 15:32:20.541  1884  2086 I PackageManager: Update package com.example.mobiledigger code path from /data/app/~~u_dQYXqFDsa9n0mEw7TceA==/com.example.mobiledigger-QYgA1mOUk3T575Ad4YJ03Q== to /data/app/vmdl1194623866.tmp; Retain data and using new
11-10 15:32:20.541 30907 30907 D BoundBrokerSvc: onUnbind: Intent { act=com.google.android.gms.dck.service.START dat=chimera-action:/... xflg=0x4 cmp=com.google.android.gms/.chimera.GmsApiService }
11-10 15:32:20.546  1431  2167 W USF     : USF_API: Drop flicker data, cannot find sampling_id:84682!
11-10 15:32:20.555  1431  2167 W USF     : USF_API: Drop flicker data, cannot find sampling_id:84682!
11-10 15:32:20.565  1431  2167 W USF     : USF_API: Drop flicker data, cannot find sampling_id:84682!
11-10 15:32:20.575  1431  2167 W USF     : USF_API: Drop flicker data, cannot find sampling_id:84682!
11-10 15:32:20.584  1431  2167 W USF     : USF_API: Drop flicker data, cannot find sampling_id:84682!
11-10 15:32:20.594  1431  2167 W USF     : USF_API: Drop flicker data, cannot find sampling_id:84682!
11-10 15:32:20.605  1431  2167 W USF     : USF_API: Drop flicker data, cannot find sampling_id:84682!
11-10 15:32:20.615  1431  2167 W USF     : USF_API: Drop flicker data, cannot find sampling_id:84682!
11-10 15:32:20.624  1431  2167 W USF     : USF_API: Drop flicker data, cannot find sampling_id:84682!
11-10 15:32:20.634  1431  2167 W USF     : USF_API: Drop flicker data, cannot find sampling_id:84682!
11-10 15:32:20.644  1431  2167 W USF     : USF_API: Drop flicker data, cannot find sampling_id:84682!
11-10 15:32:20.654  1431  2167 W USF     : USF_API: Drop flicker data, cannot find sampling_id:84682!
11-10 15:32:20.664  1431  2167 W USF     : USF_API: Drop flicker data, cannot find sampling_id:84682!
11-10 15:32:20.674  1431  2167 W USF     : USF_API: Drop flicker data, cannot find sampling_id:84682!
11-10 15:32:20.684  1431  2167 W USF     : USF_API: Drop flicker data, cannot find sampling_id:84682!
11-10 15:32:20.694  1431  2167 W USF     : USF_API: Drop flicker data, cannot find sampling_id:84682!
11-10 15:32:20.704  1431  2167 W USF     : USF_API: Drop flicker data, cannot find sampling_id:84682!
11-10 15:32:20.714  1431  2167 W USF     : USF_API: Drop flicker data, cannot find sampling_id:84682!
11-10 15:32:20.724  1431  2167 W USF     : USF_API: Drop flicker data, cannot find sampling_id:84682!
11-10 15:32:20.734  1431  2167 W USF     : USF_API: Drop flicker data, cannot find sampling_id:84682!
11-10 15:32:20.744  1431  2167 W USF     : USF_API: Drop flicker data, cannot find sampling_id:84682!
11-10 15:32:20.754  1431  2167 W USF     : USF_API: Drop flicker data, cannot find sampling_id:84682!
11-10 15:32:20.764  1431  2167 W USF     : USF_API: Drop flicker data, cannot find sampling_id:84682!
11-10 15:32:20.774  1431  2167 W USF     : USF_API: Drop flicker data, cannot find sampling_id:84682!
11-10 15:32:20.784  1431  2167 W USF     : USF_API: Drop flicker data, cannot find sampling_id:84682!
11-10 15:32:20.786 32620 32620 I artd    : Starting artd
11-10 15:32:20.789 32620 32620 I libbinder.AidlLazyServiceRegistrar: Registering service artd
11-10 15:32:20.792 32620 32620 I libbinder.AidlLazyServiceRegistrar: Process has 1 (of 1 available) client(s) in use after notification artd has clients: 1
11-10 15:32:20.794  1431  2167 W USF     : USF_API: Drop flicker data, cannot find sampling_id:84682!
11-10 15:32:20.796   759   759 D DisplayModeController: setDesiredMode 4619827535830457088 {mode={fps=60.00 Hz, modePtr={id=3, vsyncRate=60.00 Hz, peakRefreshRate=60.00 Hz}}, emitEvent=true, force=false}
11-10 15:32:20.797   762 24357 D hwc-display: setActiveConfigWithConstraints:: PrimaryDisplay config(39) test(0)
11-10 15:32:20.797   762 24357 D hwc-display: [PrimaryDisplay] OperationRateManager::onConfig:rate=60
11-10 15:32:20.797   762 24357 I hwc-display: [PrimaryDisplay] OperationRateManager::updateOperationRateLocked:Target@120(desired:120) | Refresh@60(peak:2147483647), Battery:OK, DBV:1101(NsMin:1172)
11-10 15:32:20.797   762 24357 I hwc-display: [PrimaryDisplay] setActiveConfigWithConstraints: config(39)
11-10 15:32:20.801  1884  1956 I DisplayDeviceRepository: Display device changed render timings: "Built-in Screen", renderFrameRate=60.000004, presentationDeadlineNanos=11499999, appVsyncOffsetNanos=6233334, frameRateOverrides=[]
11-10 15:32:20.803  1884  1954 D WindowManager: DeferredDisplayUpdater: partially applying DisplayInfo(1008 x 2244) immediately
11-10 15:32:20.803  1488 18047 D DeviceHalAidl: [default] setParameters: parameters: "screen_state=on"
11-10 15:32:20.804  1431  2167 W USF     : USF_API: Drop flicker data, cannot find sampling_id:84682!
11-10 15:32:20.804  1428  4907 D ASvc::Module: updateScreenState: 1
11-10 15:32:20.805  1488 18047 D DeviceHalAidl: [r_submix] setParameters: parameters: "screen_state=on"
11-10 15:32:20.805  1428  5918 D AHAL_Module: updateScreenState: r_submix: 1
11-10 15:32:20.805  1488 18047 D DeviceHalAidl: [bluetooth] setParameters: parameters: "screen_state=on"
11-10 15:32:20.806  1428  4907 D AHAL_Module: updateScreenState: bluetooth: 1
11-10 15:32:20.810  1452  2078 D usf_sensor_hal: auto brightness: Enter Batch. Period = 200000000, latency = 0.
11-10 15:32:20.814  1431  2167 W USF     : USF_API: Drop flicker data, cannot find sampling_id:84682!
11-10 15:32:20.815  1452  2125 I sensor-suez: Vendor atom [id = 100243] reported.
11-10 15:32:20.824  1431  2167 W USF     : USF_API: Drop flicker data, cannot find sampling_id:84682!
11-10 15:32:20.834  1431  2167 W USF     : USF_API: Drop flicker data, cannot find sampling_id:84682!
11-10 15:32:20.840  1884  1994 I ActivityManager: Force stopping com.example.mobiledigger appid=10658 user=-1: installPackageLI
11-10 15:32:20.843  1431  2167 W USF     : USF_API: Drop flicker data, cannot find sampling_id:84682!
11-10 15:32:20.845  1884  1994 I ActivityManager: Killing 31100:com.example.mobiledigger:music/u0a658 (adj 200): stop com.example.mobiledigger due to installPackageLI
11-10 15:32:20.847  1884  2086 I AppsFilter: interaction: PackageSetting{5f837ce com.musicpay.app/10575} -> PackageSetting{696f36a com.example.mobiledigger/10658} BLOCKED
11-10 15:32:20.848  1884  2086 I AppsFilter: interaction: PackageSetting{cd5e04 com.google.android.microdroid.empty_payload/10252} -> PackageSetting{696f36a com.example.mobiledigger/10658} BLOCKED
11-10 15:32:20.850  1884  2086 I AppsFilter: interaction: PackageSetting{5f837ce com.musicpay.app/10575} -> PackageSetting{189b158 com.example.mobiledigger/10658} BLOCKED
11-10 15:32:20.850  1884  2086 I AppsFilter: interaction: PackageSetting{cd5e04 com.google.android.microdroid.empty_payload/10252} -> PackageSetting{189b158 com.example.mobiledigger/10658} BLOCKED
11-10 15:32:20.854  1431  2167 W USF     : USF_API: Drop flicker data, cannot find sampling_id:84682!
11-10 15:32:20.860  1884  1994 I ActivityManager: Killing 31034:com.example.mobiledigger:main/u0a658 (adj 900): stop com.example.mobiledigger due to installPackageLI
11-10 15:32:20.864  1431  2167 W USF     : USF_API: Drop flicker data, cannot find sampling_id:84682!
11-10 15:32:20.874  1431  2167 W USF     : USF_API: Drop flicker data, cannot find sampling_id:84682!
11-10 15:32:20.877  1884  1994 W ActivityTaskManager: Force removing ActivityRecord{3560759 u0 com.example.mobiledigger/.MainActivity t51333 f}}: app died, no saved state
11-10 15:32:20.879  1884  1994 E TransitionChain: Can't collect into a chain with no transition
11-10 15:32:20.879  1884  1994 E TransitionChain: Can't collect into a chain with no transition
11-10 15:32:20.883  1431  2167 W USF     : USF_API: Drop flicker data, cannot find sampling_id:84682!
11-10 15:32:20.885   759   868 D DisplayModeController: setDesiredMode 4619827535830457088 {mode={fps=120.00 Hz, modePtr={id=2, vsyncRate=120.00 Hz, peakRefreshRate=120.00 Hz}}, emitEvent=true, force=false}
11-10 15:32:20.888  1432  1491 D CHRE    : @ 550808.194: Parsed nanoapp message from host: app ID 0x476f6f676c00103b endpoint 0x8005 msgType 1 payload size 8
11-10 15:32:20.888   762   858 D hwc-display: setActiveConfigWithConstraints:: PrimaryDisplay config(38) test(0)
11-10 15:32:20.889   762   858 D hwc-display: [PrimaryDisplay] OperationRateManager::onConfig:rate=120
11-10 15:32:20.889   762   858 I hwc-display: [PrimaryDisplay] OperationRateManager::updateOperationRateLocked:Target@120(desired:120) | Refresh@120(peak:2147483647), Battery:OK, DBV:1101(NsMin:1172)
11-10 15:32:20.889   762   858 I hwc-display: [PrimaryDisplay] setActiveConfigWithConstraints: config(38)
11-10 15:32:20.890  1484  1579 I WifiHAL : Creating message to get link statistics; iface = 47
11-10 15:32:20.893  1431  2167 W USF     : USF_API: Drop flicker data, cannot find sampling_id:84682!
11-10 15:32:20.894 12933 12933 D RecentsView: onTaskRemoved: 51333, not handling task stack changes
11-10 15:32:20.895 12933 12933 D RecentsView: onTaskRemoved: 51333, not handling task stack changes
11-10 15:32:20.899  1884  1956 I DisplayDeviceRepository: Display device changed render timings: "Built-in Screen", renderFrameRate=120.00001, presentationDeadlineNanos=11500000, appVsyncOffsetNanos=6233332, frameRateOverrides=[]
11-10 15:32:20.904  1431  2167 W USF     : USF_API: Drop flicker data, cannot find sampling_id:84682!
11-10 15:32:20.913  1488 18047 D DeviceHalAidl: [default] setParameters: parameters: "screen_state=on"
11-10 15:32:20.914  1431  2167 W USF     : USF_API: Drop flicker data, cannot find sampling_id:84682!
11-10 15:32:20.914  1428  4907 D ASvc::Module: updateScreenState: 1
11-10 15:32:20.918  1488 18047 D DeviceHalAidl: [r_submix] setParameters: parameters: "screen_state=on"
11-10 15:32:20.918  1428  5918 D AHAL_Module: updateScreenState: r_submix: 1
11-10 15:32:20.919  1488 18047 D DeviceHalAidl: [bluetooth] setParameters: parameters: "screen_state=on"
11-10 15:32:20.919  1428  5918 D AHAL_Module: updateScreenState: bluetooth: 1
11-10 15:32:20.923  1431  2167 W USF     : USF_API: Drop flicker data, cannot find sampling_id:84682!
11-10 15:32:20.933  1431  2167 W USF     : USF_API: Drop flicker data, cannot find sampling_id:84682!
11-10 15:32:20.940  1432  1491 D CHRE    : @ 550808.248: Parsed nanoapp message from host: app ID 0x476f6f676c00103b endpoint 0x8005 msgType 1 payload size 6
11-10 15:32:20.941  2765  2767 I deeptouch: I0000 00:00:1762781540.938873    2767 tf_lite_classifier.cc:413] Event stream classified as kNone
11-10 15:32:20.942 25895 25895 W TooltipLifecycleManager: TooltipLifecycleManager.dismissTooltips():153 Tooltip with id SUGGESTION_VIEW_EDU_MINI_DIALOG not found in tooltipManager.
11-10 15:32:20.943  1431  2167 W USF     : USF_API: Drop flicker data, cannot find sampling_id:84682!
11-10 15:32:20.946  1884  4372 W PresentationStatsEventLogger: Bad view state for: -1, state: ViewState: [id=1073741824@667137535, state:d008, currentValue:android.view.autofill.AutofillValue@e91906af]
11-10 15:32:20.953  1431  2167 W USF     : USF_API: Drop flicker data, cannot find sampling_id:84682!
11-10 15:32:20.958  1884  4399 I MediaSessionStack: removeSession | record: com.example.mobiledigger/MobileDigger/1006 (userId=0)
11-10 15:32:20.958  1884  4399 D MediaSessionService: Media button session is changed to null
11-10 15:32:20.958  1884  4399 D MediaSessionService: destroySessionLocked: record=com.example.mobiledigger/MobileDigger/1006 (userId=0)
11-10 15:32:20.959  1884  5328 I MediaSessionStack: removeSession | record: com.example.mobiledigger/androidx.media3.session.id./1005 (userId=0)
11-10 15:32:20.959 14050 14050 I MediaPlayerList: onMediaKeyEventSessionChanged: packageName=com.example.mobiledigger
11-10 15:32:20.959 14050 14050 W MediaPlayerList: com.example.mobiledigger is already the active player
11-10 15:32:20.959 14050 14050 I MediaPlayerList: onMediaKeyEventSessionChanged: packageName=com.example.mobiledigger
11-10 15:32:20.959  1884  5328 D MediaSessionService: destroySessionLocked: record=com.example.mobiledigger/androidx.media3.session.id./1005 (userId=0)
11-10 15:32:20.959 14050 14050 W MediaPlayerList: com.example.mobiledigger is already the active player
11-10 15:32:20.959  1884  2721 D MediaSessionService: setFgsIfNoSessionIsLinkedToNotification: record=com.example.mobiledigger/MobileDigger/1006 (userId=0)
11-10 15:32:20.961  2772  2853 D MediaDataManager: session destroyed for 0|com.example.mobiledigger|3|null|10658
11-10 15:32:20.961  2772  2853 D MediaDataManager: Removing still-active player 0|com.example.mobiledigger|3|null|10658
11-10 15:32:20.962  1884  1998 I libprocessgroup: Removed cgroup /sys/fs/cgroup/apps/uid_10658/pid_31100
11-10 15:32:20.963  1695  1695 I adbd    : Remote process closed the socket (on MSG_PEEK)
11-10 15:32:20.963 25895 25895 I KeyboardModeUtils: KeyboardModeUtils.getKeyboardBottomOffset():435 inch: 0.000000 ydpi: 367.726013 adjustKeyboardBottomByDisplaySize: false currentDensityDpi: 306 defaultDensityDpi: 306 keyboardBottomToScreenPx: 0 keyboardBottomToNavBarPx: -92 navBarHeight: 92
11-10 15:32:20.964 25895 25895 I KeyboardHeightUtil: KeyboardHeightUtil.calculateMaxKeyboardBodyHeight():50 leave 205 height for app when ime window height:2039, header height:84 and isFullscreenMode:false, so the max keyboard body height is:1750
11-10 15:32:20.964 25895 25895 I KeyboardHeightUtil: KeyboardHeightUtil.calculateMaxKeyboardBodyHeight():50 leave 205 height for app when ime window height:2039, header height:84 and isFullscreenMode:false, so the max keyboard body height is:1750
11-10 15:32:20.964 25895 25895 I AndroidIME: KeyboardViewManager.updateKeyboardBottomFrame():480 Set bottomFrameHeight = 19 while holderPaddingBottom = 19; navigationHeight = 92
11-10 15:32:20.964  1431  2167 W USF     : USF_API: Drop flicker data, cannot find sampling_id:84682!
11-10 15:32:20.965  1408  1408 I Zygote  : Process 31100 exited due to signal 9 (Killed)
11-10 15:32:20.968  1884  2721 D MediaSessionService: setFgsIfNoSessionIsLinkedToNotification: record=com.example.mobiledigger/androidx.media3.session.id./1005 (userId=0)
11-10 15:32:20.970 14050 14050 W MediaPlayerWrapper: The session was destroyed com.example.mobiledigger
11-10 15:32:20.970  1884  2440 W MediaSessionRecord: Ignoring call to destroyed session
11-10 15:32:20.970 14050 14050 W MediaControlGattService: Feature MEDIA_STATE support: true
11-10 15:32:20.971  1884  2453 W UsageStatsService: Unexpected activity event reported! (com.example.mobiledigger/com.example.mobiledigger.MainActivity event : 23 instanceId : 70656013)
11-10 15:32:20.971 14050 14050 I BluetoothAdapterProperties: getBondedDevices: length=11
11-10 15:32:20.972  1884  2730 D BackgroundInstallControlService: Package event received: 0
11-10 15:32:20.972 14050 14050 W MediaControlGattService: Feature PLAYER_NAME support: true
11-10 15:32:20.972 14050 14050 W MediaControlGattService: Feature PLAYER_ICON_URL support: false
11-10 15:32:20.972 14050 14050 W MediaControlGattService: Feature PLAYER_ICON_OBJ_ID support: false
11-10 15:32:20.972 14050 14050 W MediaControlGattService: Feature CURRENT_TRACK_SEGMENT_OBJ_ID support: false
11-10 15:32:20.972 14050 14050 W MediaControlGattService: Feature CURRENT_TRACK_OBJ_ID support: false
11-10 15:32:20.972 14050 14050 W MediaControlGattService: Feature NEXT_TRACK_OBJ_ID support: false
11-10 15:32:20.972 14050 14050 W MediaControlGattService: Feature CURRENT_GROUP_OBJ_ID support: false
11-10 15:32:20.972 14050 14050 W MediaControlGattService: Feature PARENT_GROUP_OBJ_ID support: false
11-10 15:32:20.972 14050 14050 W MediaControlGattService: Feature SEARCH_RESULT_OBJ_ID support: false
11-10 15:32:20.972 14050 14050 W MediaControlGattService: Feature TRACK_TITLE support: true
11-10 15:32:20.972 14050 14050 W MediaControlGattService: Feature TRACK_DURATION support: true
11-10 15:32:20.972 14050 14050 W MediaControlGattService: Feature TRACK_POSITION support: true
11-10 15:32:20.972 14050 14050 W MediaControlGattService: Feature TRACK_POSITION_NOTIFY support: true
11-10 15:32:20.972 14050 14050 W MediaControlGattService: Feature MEDIA_STATE support: true
11-10 15:32:20.972 14050 14050 W MediaControlGattService: Feature MEDIA_STATE support: true
11-10 15:32:20.972 14050 14050 W MediaControlGattService: Feature PLAYBACK_SPEED support: true
11-10 15:32:20.972 14050 14050 W MediaControlGattService: Feature PLAYBACK_SPEED support: true
11-10 15:32:20.972 14050 14050 W MediaControlGattService: Feature PLAYBACK_SPEED support: true
11-10 15:32:20.972 14050 14050 W MediaControlGattService: Feature SEEKING_SPEED support: true
11-10 15:32:20.972 14050 14050 W MediaControlGattService: Feature SEEKING_SPEED support: true
11-10 15:32:20.972 14050 14050 W MediaControlGattService: Feature SEEKING_SPEED support: true
11-10 15:32:20.972 14050 14050 W MediaControlGattService: Feature PLAYING_ORDER_SUPPORTED support: true
11-10 15:32:20.972 14050 14050 W MediaControlGattService: Feature PLAYING_ORDER support: true
11-10 15:32:20.972  1884  2730 D BackgroundInstallControlService: Package event received: 0
11-10 15:32:20.972 14050 14050 W MediaControlGattService: Feature MEDIA_CONTROL_POINT_OPCODES_SUPPORTED support: true
11-10 15:32:20.972 14050 14050 W MediaControlGattService: Feature TRACK_POSITION support: true
11-10 15:32:20.972 14050 14050 W MediaControlGattService: Feature TRACK_POSITION_NOTIFY support: true
11-10 15:32:20.972 14050 14050 W MediaControlGattService: Feature MEDIA_STATE support: true
11-10 15:32:20.972 14050 14050 W MediaControlGattService: Feature MEDIA_STATE support: true
11-10 15:32:20.973 14050 14050 I BluetoothAdapterProperties: getBondedDevices: length=11
11-10 15:32:20.973 14050 14050 W MediaControlGattService: Feature TRACK_TITLE support: true
11-10 15:32:20.973 14050 14050 W MediaControlGattService: Feature TRACK_TITLE support: true
11-10 15:32:20.973 14050 14050 W MediaControlGattService: Feature TRACK_TITLE_NOTIFY support: true
11-10 15:32:20.973 14050 14050 I BluetoothAdapterProperties: getBondedDevices: length=11
11-10 15:32:20.973 14050 14050 W MediaControlGattService: Feature TRACK_DURATION support: true
11-10 15:32:20.973 14050 14050 W MediaControlGattService: Feature TRACK_DURATION support: true
11-10 15:32:20.974 14050 14050 W MediaControlGattService: Feature TRACK_DURATION_NOTIFY support: true
11-10 15:32:20.974 14050 14050 I BluetoothAdapterProperties: getBondedDevices: length=11
11-10 15:32:20.974 14050 14050 W MediaControlGattService: Feature MEDIA_STATE support: true
11-10 15:32:20.974 14050 14050 W MediaControlGattService: Feature MEDIA_STATE support: true
11-10 15:32:20.974 14050 14050 I BluetoothAdapterProperties: getBondedDevices: length=11
11-10 15:32:20.974 14050 14050 W MediaControlGattService: Feature TRACK_CHANGED support: true
11-10 15:32:20.975 14050 14050 I BluetoothAdapterProperties: getBondedDevices: length=11
11-10 15:32:20.975 14050 14050 W MediaPlayerWrapper: The session was destroyed com.example.mobiledigger
11-10 15:32:20.976  1884  4372 W MediaSessionRecord: Ignoring call to destroyed session
11-10 15:32:20.976  1431  2167 W USF     : USF_API: Drop flicker data, cannot find sampling_id:84682!
11-10 15:32:20.976  1622  1167 I ResourceManagerMetrics: onProcessTerminated: Application/Process(31034:10658) terminated with reason: 1. TotalClientsCreated: 24529  TotalClientsKilled: 366
11-10 15:32:20.976  1622  1167 I ResourceManagerMetrics: pushCodecUsageMetrics: No Video Codec Entry for Application[pid(31034): uid(10658)]
11-10 15:32:20.976  1622  1167 I ResourceManagerMetrics: pushCodecUsageMetrics: Concurrent Codec Usage Report for the Process[pid(31034): uid(10658) is Ended] is Peak { AudioDec[ SW: 6 ] } Peak Pixels: 0. Peak Codec Memory: 0 Total Codecs: 24529 Killed Codec: 366
11-10 15:32:20.976 14050 14050 I bluetooth: system/btif/avrcp/avrcp_service.cc:532 SendMediaUpdate: track_changed=true :  play_state=true :  queue=true
11-10 15:32:20.976  1884  1954 W Looper  : Slow dispatch took 117ms android.ui app=system_server main=false group=FOREGROUND h=com.android.server.am.ActivityManagerService$UiHandler c=com.android.server.am.UidObserverController$$ExternalSyntheticLambda0@c5a3570 m=0
11-10 15:32:20.976 14050 14071 W avrcp   : system/profile/avrcp/device.cc:1650 HandleNowPlayingUpdate: Device is not registered for now playing updates
11-10 15:32:20.976 14050 14071 W avrcp   : system/profile/avrcp/device.cc:1742 HandlePlayPosUpdate: Device is not registered for play position updates
11-10 15:32:20.976 14050 14071 W avrcp   : system/profile/avrcp/device.cc:1625 HandleTrackUpdate: Device is not registered for track changed updates
11-10 15:32:20.977  1884  1953 D HintManagerService: Uid gone for 10658
11-10 15:32:20.977   893   893 W powerhal-libperfmgr: sched_setattr failed for thread 31083, err=3
11-10 15:32:20.977   893   893 W powerhal-libperfmgr: sched_setattr failed for thread 31084, err=3
11-10 15:32:20.977   893   893 W powerhal-libperfmgr: sched_setattr failed for thread 31072, err=3
11-10 15:32:20.977  1884  2440 W MediaSessionRecord: Ignoring call to destroyed session
11-10 15:32:20.978  1884  2112 W MediaSessionRecord: Ignoring call to destroyed session
11-10 15:32:20.984  1432  1491 D CHRE    : @ 550808.285: Parsed nanoapp message from host: app ID 0x476f6f676c00103b endpoint 0x8005 msgType 1 payload size 8
11-10 15:32:20.984  1884  2086 I PackageManager: installation completed for package:com.example.mobiledigger. Final code path: /data/app/~~EqpWPZXvl_rPBrvRbOIycA==/com.example.mobiledigger-3pMohMfFKE0eQO43uP2L7w==
11-10 15:32:20.984  1884  4379 V ActivityManager: Got obituary of 31100:com.example.mobiledigger:music
11-10 15:32:20.984  4488  4488 I Dtdi    : (REDACTED) [MediaControllerFilter] packageName=%s resolved=%s
11-10 15:32:20.984  1884  2440 W MediaSessionRecord: Ignoring call to destroyed session
11-10 15:32:20.985  2772  2772 D NotificationMediaManager: Not dismissing 0|com.example.mobiledigger|3|null|10658 because it was removed by the system
11-10 15:32:20.985  4488  4488 I Dtdi    : (REDACTED) [MediaControllerFilter] packageName=%s resolved=%s
11-10 15:32:20.986  1431  2167 W USF     : USF_API: Drop flicker data, cannot find sampling_id:84682!
11-10 15:32:20.988  1884  1954 D WindowManager: DeferredDisplayUpdater: partially applying DisplayInfo(1008 x 2244) immediately
11-10 15:32:20.988  2772  2853 D MediaDeviceManager: Can not get LocalBluetoothLeBroadcast
11-10 15:32:20.988  1884  5328 E AppOps  : attributionTag  not declared in manifest of com.example.mobiledigger
11-10 15:32:20.988  1884  5328 E AppOps  : Operation not started: uid=10658 pkg=com.example.mobiledigger(null) op=CONTROL_AUDIO_PARTIAL
11-10 15:32:20.990  1884  4399 E AppOps  : attributionTag  not declared in manifest of com.example.mobiledigger
11-10 15:32:20.990  1884  4399 E AppOps  : Operation not started: uid=10658 pkg=com.example.mobiledigger(null) op=CONTROL_AUDIO
11-10 15:32:20.991  1884  4399 W MediaSessionRecord: Ignoring call to destroyed session
11-10 15:32:20.991  1884  4399 W MediaSessionRecord: Ignoring call to destroyed session
11-10 15:32:20.991  1884  4399 W MediaSessionRecord: Ignoring call to destroyed session
11-10 15:32:20.994  1884  2086 I AppsFilter: interaction: PackageSetting{a5ee96d com.musicpay.app/10575} -> PackageSetting{555d91f com.example.mobiledigger/10658} BLOCKED
11-10 15:32:20.994  1884  2086 I AppsFilter: interaction: PackageSetting{e2f6633 com.google.android.microdroid.empty_payload/10252} -> PackageSetting{555d91f com.example.mobiledigger/10658} BLOCKED
