10-30 22:43:39.558 14992 15036 D WaveformGenerator: 🔀 Using PARALLEL processing with 6 threads
10-30 22:43:39.562 14992 15036 D WaveformGenerator: ⏱️ PROFILING: Parallel - Duration: 243s, Samples per thread: 42
10-30 22:43:39.563 14992 15032 D WaveformGenerator: ⏱️ PROFILING: Thread 0 - Processing segment 0s to 40s
10-30 22:43:39.563 14992 15030 D WaveformGenerator: ⏱️ PROFILING: Thread 1 - Processing segment 40s to 81s
10-30 22:43:39.564 14992 15037 D WaveformGenerator: ⏱️ PROFILING: Thread 2 - Processing segment 81s to 121s
10-30 22:43:39.564 14992 15156 D WaveformGenerator: ⏱️ PROFILING: Thread 3 - Processing segment 121s to 162s
10-30 22:43:39.565 14992 15029 D WaveformGenerator: ⏱️ PROFILING: Thread 4 - Processing segment 162s to 202s
10-30 22:43:39.568 14992 15157 D WaveformGenerator: ⏱️ PROFILING: Thread 5 - Processing segment 202s to 243s
10-30 22:43:39.616 14992 15032 D WaveformGenerator: ⏱️ PROFILING: Thread 0 - Setup: Extractor 26ms, Codec 27ms
10-30 22:43:39.617 14992 15030 D WaveformGenerator: ⏱️ PROFILING: Thread 1 - Setup: Extractor 18ms, Codec 35ms
10-30 22:43:39.621 14992 15037 D WaveformGenerator: ⏱️ PROFILING: Thread 2 - Setup: Extractor 21ms, Codec 36ms
10-30 22:43:39.625 14992 15029 D WaveformGenerator: ⏱️ PROFILING: Thread 4 - Setup: Extractor 30ms, Codec 30ms
10-30 22:43:39.629 14992 15156 D WaveformGenerator: ⏱️ PROFILING: Thread 3 - Setup: Extractor 26ms, Codec 39ms
10-30 22:43:39.647 14992 15157 D WaveformGenerator: ⏱️ PROFILING: Thread 5 - Setup: Extractor 36ms, Codec 42ms
10-30 22:43:40.048 14992 15156 D WaveformGenerator: ⏱️ PROFILING: Thread 3 - Seek: 233ms, Decode: 146ms
10-30 22:43:40.049 14992 15156 D WaveformGenerator: ⏱️ PROFILING: Thread 3 - Complete in 484ms, collected 42 samples
10-30 22:43:40.050 14992 15157 D WaveformGenerator: ⏱️ PROFILING: Thread 5 - Seek: 226ms, Decode: 135ms
10-30 22:43:40.050 14992 15157 D WaveformGenerator: ⏱️ PROFILING: Thread 5 - Complete in 485ms, collected 41 samples
10-30 22:43:40.051 14992 15037 D WaveformGenerator: ⏱️ PROFILING: Thread 2 - Seek: 254ms, Decode: 132ms
10-30 22:43:40.051 14992 15037 D WaveformGenerator: ⏱️ PROFILING: Thread 2 - Complete in 488ms, collected 42 samples
10-30 22:43:40.060 14992 15029 D WaveformGenerator: ⏱️ PROFILING: Thread 4 - Seek: 254ms, Decode: 136ms
10-30 22:43:40.061 14992 15029 D WaveformGenerator: ⏱️ PROFILING: Thread 4 - Complete in 495ms, collected 42 samples
10-30 22:43:40.065 14992 15032 D WaveformGenerator: ⏱️ PROFILING: Thread 0 - Seek: 261ms, Decode: 142ms
10-30 22:43:40.065 14992 15032 D WaveformGenerator: ⏱️ PROFILING: Thread 0 - Complete in 502ms, collected 42 samples
10-30 22:43:40.090 14992 15030 D WaveformGenerator: ⏱️ PROFILING: Thread 1 - Seek: 274ms, Decode: 153ms
10-30 22:43:40.090 14992 15030 D WaveformGenerator: ⏱️ PROFILING: Thread 1 - Complete in 527ms, collected 42 samples
10-30 22:43:40.098 14992 15030 D WaveformGenerator: ⏱️ PROFILING: Parallel - Combined 251 samples from 6 threads
10-30 22:43:40.099 14992 15030 D WaveformGenerator: ⏱️ PROFILING: PCM extraction took 541ms for 251 samples
10-30 22:43:40.099 14992 15030 D WaveformGenerator: ⏱️ PROFILING: Average time per sample: 2ms
10-30 22:43:40.099 14992 15030 D WaveformGenerator: Extracted 251 PCM samples
10-30 22:43:40.100 14992 15030 D WaveformGenerator: ⏱️ PROFILING: Downsampling took 1ms
10-30 22:43:40.100 14992 15030 D WaveformGenerator: ⏱️ PROFILING: ===== TOTAL GENERATION TIME: 591ms =====
10-30 22:43:40.100 14992 15030 D WaveformGenerator: ⏱️ PROFILING: Breakdown - Extractor: 18ms, Track: 1ms, Codec: 23ms, Extraction: 541ms, Downsample: 1ms
10-30 22:43:40.101 14992 15030 D WaveformGenerator: Generated waveform with 256 samples
10-30 22:43:40.102 14992 15030 D WaveformGenerator: ✅ Waveform generated: 256 samples
10-30 22:43:47.120 14992 14992 D WaveformGenerator: LaunchedEffect triggered for file: 10. Nicolo Simonelli - Subsidiary (Original Mix).flac
10-30 22:43:47.194 14992 14992 D WaveformGenerator: Starting waveform generation for: 10. Nicolo Simonelli - Subsidiary (Original Mix).flac
10-30 22:43:47.195 14992 14992 D WaveformGenerator: File size: 34.9MB
10-30 22:43:47.195 14992 15154 D WaveformGenerator: Generating waveform for: 10. Nicolo Simonelli - Subsidiary (Original Mix).flac
10-30 22:43:47.196 14992 15154 D WaveformGenerator: Requesting 256 samples for any duration
10-30 22:43:47.196 14992 15154 D WaveformGenerator: ⏱️ PROFILING: Starting waveform generation for URI: content://com.android.externalstorage.documents/tree/primary%3AResults/document/primary%3AResults%2FLiked%2FDUB%2F10.%20Nicolo%20Simonelli%20-%20Subsidiary%20(Original%20Mix).flac
10-30 22:43:47.197 14992 15154 D WaveformGenerator: ⏱️ PROFILING: Target samples: 256
10-30 22:43:47.227 14992 15154 D WaveformGenerator: ⏱️ PROFILING: Extractor setup took 30ms
10-30 22:43:47.232 14992 15154 D WaveformGenerator: ⏱️ PROFILING: Track selection took 4ms
10-30 22:43:47.232 14992 15154 D WaveformGenerator: Audio format: audio/raw, Duration: 380s, Target samples: 256
10-30 22:43:47.263 14992 15154 D WaveformGenerator: ⏱️ PROFILING: Codec creation and start took 31ms
10-30 22:43:47.264 14992 15154 D WaveformGenerator: 🔀 Using PARALLEL processing with 6 threads
10-30 22:43:47.267 14992 15154 D WaveformGenerator: ⏱️ PROFILING: Parallel - Duration: 380s, Samples per thread: 42
10-30 22:43:47.268 14992 15032 D WaveformGenerator: ⏱️ PROFILING: Thread 0 - Processing segment 0s to 63s
10-30 22:43:47.270 14992 15037 D WaveformGenerator: ⏱️ PROFILING: Thread 3 - Processing segment 190s to 253s
10-30 22:43:47.270 14992 15029 D WaveformGenerator: ⏱️ PROFILING: Thread 2 - Processing segment 126s to 190s
10-30 22:43:47.271 14992 15036 D WaveformGenerator: ⏱️ PROFILING: Thread 5 - Processing segment 317s to 380s
10-30 22:43:47.271 14992 15157 D WaveformGenerator: ⏱️ PROFILING: Thread 4 - Processing segment 253s to 317s
10-30 22:43:47.273 14992 15030 D WaveformGenerator: ⏱️ PROFILING: Thread 1 - Processing segment 63s to 126s
10-30 22:43:47.353 14992 15032 D WaveformGenerator: ⏱️ PROFILING: Thread 0 - Setup: Extractor 41ms, Codec 43ms
10-30 22:43:47.354 14992 15036 D WaveformGenerator: ⏱️ PROFILING: Thread 5 - Setup: Extractor 45ms, Codec 37ms
10-30 22:43:47.363 14992 15037 D WaveformGenerator: ⏱️ PROFILING: Thread 3 - Setup: Extractor 51ms, Codec 41ms
10-30 22:43:47.365 14992 15030 D WaveformGenerator: ⏱️ PROFILING: Thread 1 - Setup: Extractor 52ms, Codec 38ms
10-30 22:43:47.366 14992 15029 D WaveformGenerator: ⏱️ PROFILING: Thread 2 - Setup: Extractor 58ms, Codec 36ms
10-30 22:43:47.367 14992 15157 D WaveformGenerator: ⏱️ PROFILING: Thread 4 - Setup: Extractor 52ms, Codec 43ms
10-30 22:43:47.603 14992 15157 D WaveformGenerator: ⏱️ PROFILING: Thread 4 - Seek: 41ms, Decode: 143ms
10-30 22:43:47.604 14992 15157 D WaveformGenerator: ⏱️ PROFILING: Thread 4 - Complete in 334ms, collected 42 samples
10-30 22:43:47.624 14992 15030 D WaveformGenerator: ⏱️ PROFILING: Thread 1 - Seek: 60ms, Decode: 151ms
10-30 22:43:47.624 14992 15030 D WaveformGenerator: ⏱️ PROFILING: Thread 1 - Complete in 353ms, collected 42 samples
10-30 22:43:47.631 14992 15037 D WaveformGenerator: ⏱️ PROFILING: Thread 3 - Seek: 60ms, Decode: 160ms
10-30 22:43:47.632 14992 15037 D WaveformGenerator: ⏱️ PROFILING: Thread 3 - Complete in 361ms, collected 42 samples
10-30 22:43:47.634 14992 15032 D WaveformGenerator: ⏱️ PROFILING: Thread 0 - Seek: 80ms, Decode: 158ms
10-30 22:43:47.635 14992 15032 D WaveformGenerator: ⏱️ PROFILING: Thread 0 - Complete in 367ms, collected 42 samples
10-30 22:43:47.645 14992 15036 D WaveformGenerator: ⏱️ PROFILING: Thread 5 - Seek: 74ms, Decode: 170ms
10-30 22:43:47.645 14992 15036 D WaveformGenerator: ⏱️ PROFILING: Thread 5 - Complete in 374ms, collected 42 samples
10-30 22:43:47.651 14992 15029 D WaveformGenerator: ⏱️ PROFILING: Thread 2 - Seek: 63ms, Decode: 178ms
10-30 22:43:47.651 14992 15029 D WaveformGenerator: ⏱️ PROFILING: Thread 2 - Complete in 381ms, collected 42 samples
10-30 22:43:47.655 14992 15029 D WaveformGenerator: ⏱️ PROFILING: Parallel - Combined 252 samples from 6 threads
10-30 22:43:47.656 14992 15029 D WaveformGenerator: ⏱️ PROFILING: PCM extraction took 392ms for 252 samples
10-30 22:43:47.657 14992 15029 D WaveformGenerator: ⏱️ PROFILING: Average time per sample: 1ms
10-30 22:43:47.657 14992 15029 D WaveformGenerator: Extracted 252 PCM samples
10-30 22:43:47.657 14992 15029 D WaveformGenerator: ⏱️ PROFILING: Downsampling took 0ms
10-30 22:43:47.657 14992 15029 D WaveformGenerator: ⏱️ PROFILING: ===== TOTAL GENERATION TIME: 461ms =====
10-30 22:43:47.657 14992 15029 D WaveformGenerator: ⏱️ PROFILING: Breakdown - Extractor: 30ms, Track: 4ms, Codec: 31ms, Extraction: 392ms, Downsample: 0ms
10-30 22:43:47.658 14992 15029 D WaveformGenerator: Generated waveform with 256 samples
10-30 22:43:47.659 14992 15029 D WaveformGenerator: ✅ Waveform generated: 256 samples
10-30 22:43:55.657 14992 14992 D WaveformGenerator: LaunchedEffect triggered for file: Alphawezen - Electricity Drive.mp3
10-30 22:43:55.731 14992 14992 D WaveformGenerator: Starting waveform generation for: Alphawezen - Electricity Drive.mp3
10-30 22:43:55.732 14992 14992 D WaveformGenerator: File size: 9.3MB
10-30 22:43:55.734 14992 15154 D WaveformGenerator: Generating waveform for: Alphawezen - Electricity Drive.mp3
10-30 22:43:55.734 14992 15154 D WaveformGenerator: Requesting 256 samples for any duration
10-30 22:43:55.734 14992 15154 D WaveformGenerator: ⏱️ PROFILING: Starting waveform generation for URI: content://com.android.externalstorage.documents/tree/primary%3AResults/document/primary%3AResults%2FLiked%2FHiFi%20Write%20To%20CD%2FAlphawezen%20-%20Electricity%20Drive.mp3
10-30 22:43:55.735 14992 15154 D WaveformGenerator: ⏱️ PROFILING: Target samples: 256
10-30 22:43:55.756 14992 15154 D WaveformGenerator: ⏱️ PROFILING: Extractor setup took 20ms
10-30 22:43:55.758 14992 15154 D WaveformGenerator: ⏱️ PROFILING: Track selection took 2ms
10-30 22:43:55.758 14992 15154 D WaveformGenerator: Audio format: audio/mpeg, Duration: 243s, Target samples: 256
10-30 22:43:55.783 14992 15154 D WaveformGenerator: ⏱️ PROFILING: Codec creation and start took 24ms
10-30 22:43:55.783 14992 15154 D WaveformGenerator: 🔀 Using PARALLEL processing with 6 threads
10-30 22:43:55.787 14992 15154 D WaveformGenerator: ⏱️ PROFILING: Parallel - Duration: 243s, Samples per thread: 42
10-30 22:43:55.788 14992 15032 D WaveformGenerator: ⏱️ PROFILING: Thread 0 - Processing segment 0s to 40s
10-30 22:43:55.789 14992 15029 D WaveformGenerator: ⏱️ PROFILING: Thread 1 - Processing segment 40s to 81s
10-30 22:43:55.789 14992 15036 D WaveformGenerator: ⏱️ PROFILING: Thread 2 - Processing segment 81s to 121s
10-30 22:43:55.789 14992 15037 D WaveformGenerator: ⏱️ PROFILING: Thread 3 - Processing segment 121s to 162s
10-30 22:43:55.789 14992 15033 D WaveformGenerator: ⏱️ PROFILING: Thread 4 - Processing segment 162s to 202s
10-30 22:43:55.790 14992 15157 D WaveformGenerator: ⏱️ PROFILING: Thread 5 - Processing segment 202s to 243s
10-30 22:43:55.854 14992 15036 D WaveformGenerator: ⏱️ PROFILING: Thread 2 - Setup: Extractor 29ms, Codec 34ms
10-30 22:43:55.854 14992 15032 D WaveformGenerator: ⏱️ PROFILING: Thread 0 - Setup: Extractor 30ms, Codec 36ms
10-30 22:43:55.855 14992 15037 D WaveformGenerator: ⏱️ PROFILING: Thread 3 - Setup: Extractor 26ms, Codec 39ms
10-30 22:43:55.859 14992 15033 D WaveformGenerator: ⏱️ PROFILING: Thread 4 - Setup: Extractor 26ms, Codec 43ms
10-30 22:43:55.864 14992 15029 D WaveformGenerator: ⏱️ PROFILING: Thread 1 - Setup: Extractor 32ms, Codec 42ms
10-30 22:43:55.864 14992 15157 D WaveformGenerator: ⏱️ PROFILING: Thread 5 - Setup: Extractor 33ms, Codec 40ms
10-30 22:43:56.302 14992 15032 D WaveformGenerator: ⏱️ PROFILING: Thread 0 - Seek: 240ms, Decode: 163ms
10-30 22:43:56.303 14992 15032 D WaveformGenerator: ⏱️ PROFILING: Thread 0 - Complete in 515ms, collected 42 samples
10-30 22:43:56.307 14992 15037 D WaveformGenerator: ⏱️ PROFILING: Thread 3 - Seek: 246ms, Decode: 160ms
10-30 22:43:56.307 14992 15037 D WaveformGenerator: ⏱️ PROFILING: Thread 3 - Complete in 518ms, collected 42 samples
10-30 22:43:56.312 14992 15157 D WaveformGenerator: ⏱️ PROFILING: Thread 5 - Seek: 253ms, Decode: 150ms
10-30 22:43:56.312 14992 15157 D WaveformGenerator: ⏱️ PROFILING: Thread 5 - Complete in 523ms, collected 41 samples
10-30 22:43:56.315 14992 15029 D WaveformGenerator: ⏱️ PROFILING: Thread 1 - Seek: 245ms, Decode: 165ms
10-30 22:43:56.316 14992 15029 D WaveformGenerator: ⏱️ PROFILING: Thread 1 - Complete in 528ms, collected 42 samples
10-30 22:43:56.326 14992 15033 D WaveformGenerator: ⏱️ PROFILING: Thread 4 - Seek: 265ms, Decode: 158ms
10-30 22:43:56.327 14992 15033 D WaveformGenerator: ⏱️ PROFILING: Thread 4 - Complete in 538ms, collected 42 samples
10-30 22:43:56.354 14992 15036 D WaveformGenerator: ⏱️ PROFILING: Thread 2 - Seek: 272ms, Decode: 179ms
10-30 22:43:56.354 14992 15036 D WaveformGenerator: ⏱️ PROFILING: Thread 2 - Complete in 566ms, collected 42 samples
10-30 22:43:56.359 14992 15036 D WaveformGenerator: ⏱️ PROFILING: Parallel - Combined 251 samples from 6 threads
10-30 22:43:56.360 14992 15036 D WaveformGenerator: ⏱️ PROFILING: PCM extraction took 577ms for 251 samples
10-30 22:43:56.360 14992 15036 D WaveformGenerator: ⏱️ PROFILING: Average time per sample: 2ms
10-30 22:43:56.362 14992 15036 D WaveformGenerator: Extracted 251 PCM samples
10-30 22:43:56.362 14992 15036 D WaveformGenerator: ⏱️ PROFILING: Downsampling took 0ms
10-30 22:43:56.363 14992 15036 D WaveformGenerator: ⏱️ PROFILING: ===== TOTAL GENERATION TIME: 628ms =====
10-30 22:43:56.363 14992 15036 D WaveformGenerator: ⏱️ PROFILING: Breakdown - Extractor: 20ms, Track: 2ms, Codec: 24ms, Extraction: 577ms, Downsample: 0ms
10-30 22:43:56.363 14992 15036 D WaveformGenerator: Generated waveform with 256 samples
10-30 22:43:56.364 14992 15036 D WaveformGenerator: ✅ Waveform generated: 256 samples
10-30 22:43:58.741 14992 14992 D WaveformGenerator: LaunchedEffect triggered for file: Bermuda Triangle - Mooger Fooger.mp3
10-30 22:43:58.821 14992 14992 D WaveformGenerator: Starting waveform generation for: Bermuda Triangle - Mooger Fooger.mp3
10-30 22:43:58.821 14992 14992 D WaveformGenerator: File size: 24.3MB
10-30 22:43:58.822 14992 15029 D WaveformGenerator: Generating waveform for: Bermuda Triangle - Mooger Fooger.mp3
10-30 22:43:58.823 14992 15029 D WaveformGenerator: Requesting 256 samples for any duration
10-30 22:43:58.823 14992 15029 D WaveformGenerator: ⏱️ PROFILING: Starting waveform generation for URI: content://com.android.externalstorage.documents/tree/primary%3AResults/document/primary%3AResults%2FLiked%2FHiFi%20Write%20To%20CD%2FBermuda%20Triangle%20-%20Mooger%20Fooger.mp3
10-30 22:43:58.824 14992 15029 D WaveformGenerator: ⏱️ PROFILING: Target samples: 256
10-30 22:43:58.840 14992 15029 D WaveformGenerator: ⏱️ PROFILING: Extractor setup took 15ms
10-30 22:43:58.843 14992 15029 D WaveformGenerator: ⏱️ PROFILING: Track selection took 2ms
10-30 22:43:58.844 14992 15029 D WaveformGenerator: Audio format: audio/mpeg, Duration: 637s, Target samples: 256
10-30 22:43:58.872 14992 15029 D WaveformGenerator: ⏱️ PROFILING: Codec creation and start took 27ms
10-30 22:43:58.872 14992 15029 D WaveformGenerator: 🔀 Using PARALLEL processing with 6 threads
10-30 22:43:58.876 14992 15029 D WaveformGenerator: ⏱️ PROFILING: Parallel - Duration: 637s, Samples per thread: 42
10-30 22:43:58.878 14992 15157 D WaveformGenerator: ⏱️ PROFILING: Thread 2 - Processing segment 212s to 318s
10-30 22:43:58.878 14992 15033 D WaveformGenerator: ⏱️ PROFILING: Thread 0 - Processing segment 0s to 106s
10-30 22:43:58.878 14992 15030 D WaveformGenerator: ⏱️ PROFILING: Thread 3 - Processing segment 318s to 425s
10-30 22:43:58.878 14992 15156 D WaveformGenerator: ⏱️ PROFILING: Thread 4 - Processing segment 425s to 531s
10-30 22:43:58.879 14992 15036 D WaveformGenerator: ⏱️ PROFILING: Thread 1 - Processing segment 106s to 212s
10-30 22:43:58.879 14992 15035 D WaveformGenerator: ⏱️ PROFILING: Thread 5 - Processing segment 531s to 637s
10-30 22:43:58.947 14992 15033 D WaveformGenerator: ⏱️ PROFILING: Thread 0 - Setup: Extractor 25ms, Codec 42ms
10-30 22:43:58.947 14992 15156 D WaveformGenerator: ⏱️ PROFILING: Thread 4 - Setup: Extractor 27ms, Codec 40ms
10-30 22:43:58.948 14992 15036 D WaveformGenerator: ⏱️ PROFILING: Thread 1 - Setup: Extractor 34ms, Codec 33ms
10-30 22:43:58.948 14992 15157 D WaveformGenerator: ⏱️ PROFILING: Thread 2 - Setup: Extractor 29ms, Codec 41ms
10-30 22:43:58.950 14992 15035 D WaveformGenerator: ⏱️ PROFILING: Thread 5 - Setup: Extractor 28ms, Codec 42ms
10-30 22:43:58.954 14992 15030 D WaveformGenerator: ⏱️ PROFILING: Thread 3 - Setup: Extractor 37ms, Codec 37ms
10-30 22:43:59.594 14992 15036 D WaveformGenerator: ⏱️ PROFILING: Thread 1 - Seek: 429ms, Decode: 175ms
10-30 22:43:59.595 14992 15036 D WaveformGenerator: ⏱️ PROFILING: Thread 1 - Complete in 717ms, collected 41 samples
10-30 22:43:59.615 14992 15033 D WaveformGenerator: ⏱️ PROFILING: Thread 0 - Seek: 463ms, Decode: 157ms
10-30 22:43:59.615 14992 15033 D WaveformGenerator: ⏱️ PROFILING: Thread 0 - Complete in 737ms, collected 41 samples
10-30 22:43:59.638 14992 15030 D WaveformGenerator: ⏱️ PROFILING: Thread 3 - Seek: 464ms, Decode: 178ms
10-30 22:43:59.639 14992 15030 D WaveformGenerator: ⏱️ PROFILING: Thread 3 - Complete in 761ms, collected 41 samples
10-30 22:43:59.641 14992 15156 D WaveformGenerator: ⏱️ PROFILING: Thread 4 - Seek: 483ms, Decode: 164ms
10-30 22:43:59.641 14992 15156 D WaveformGenerator: ⏱️ PROFILING: Thread 4 - Complete in 763ms, collected 41 samples
10-30 22:43:59.645 14992 15035 D WaveformGenerator: ⏱️ PROFILING: Thread 5 - Seek: 489ms, Decode: 164ms
10-30 22:43:59.646 14992 15035 D WaveformGenerator: ⏱️ PROFILING: Thread 5 - Complete in 766ms, collected 40 samples
10-30 22:43:59.664 14992 15157 D WaveformGenerator: ⏱️ PROFILING: Thread 2 - Seek: 486ms, Decode: 187ms
10-30 22:43:59.665 14992 15157 D WaveformGenerator: ⏱️ PROFILING: Thread 2 - Complete in 787ms, collected 41 samples
10-30 22:43:59.667 14992 15157 D WaveformGenerator: ⏱️ PROFILING: Parallel - Combined 245 samples from 6 threads
10-30 22:43:59.667 14992 15157 D WaveformGenerator: ⏱️ PROFILING: PCM extraction took 795ms for 245 samples
10-30 22:43:59.668 14992 15157 D WaveformGenerator: ⏱️ PROFILING: Average time per sample: 3ms
10-30 22:43:59.668 14992 15157 D WaveformGenerator: Extracted 245 PCM samples
10-30 22:43:59.668 14992 15157 D WaveformGenerator: ⏱️ PROFILING: Downsampling took 0ms
10-30 22:43:59.668 14992 15157 D WaveformGenerator: ⏱️ PROFILING: ===== TOTAL GENERATION TIME: 845ms =====
10-30 22:43:59.669 14992 15157 D WaveformGenerator: ⏱️ PROFILING: Breakdown - Extractor: 15ms, Track: 2ms, Codec: 27ms, Extraction: 795ms, Downsample: 0ms
10-30 22:43:59.669 14992 15157 D WaveformGenerator: Generated waveform with 256 samples
10-30 22:43:59.670 14992 15157 D WaveformGenerator: ✅ Waveform generated: 256 samples
10-30 22:44:03.135 14992 14992 D WaveformGenerator: LaunchedEffect triggered for file: Beth Orton - Stars All Seem To Weep.mp3
10-30 22:44:03.229 14992 14992 D WaveformGenerator: Starting waveform generation for: Beth Orton - Stars All Seem To Weep.mp3
10-30 22:44:03.229 14992 14992 D WaveformGenerator: File size: 10.7MB
10-30 22:44:03.231 14992 15157 D WaveformGenerator: Generating waveform for: Beth Orton - Stars All Seem To Weep.mp3
10-30 22:44:03.232 14992 15157 D WaveformGenerator: Requesting 256 samples for any duration
10-30 22:44:03.232 14992 15157 D WaveformGenerator: ⏱️ PROFILING: Starting waveform generation for URI: content://com.android.externalstorage.documents/tree/primary%3AResults/document/primary%3AResults%2FLiked%2FHiFi%20Write%20To%20CD%2FBeth%20Orton%20-%20Stars%20All%20Seem%20To%20Weep.mp3
10-30 22:44:03.233 14992 15157 D WaveformGenerator: ⏱️ PROFILING: Target samples: 256
10-30 22:44:03.259 14992 15157 D WaveformGenerator: ⏱️ PROFILING: Extractor setup took 25ms
10-30 22:44:03.261 14992 15157 D WaveformGenerator: ⏱️ PROFILING: Track selection took 2ms
10-30 22:44:03.261 14992 15157 D WaveformGenerator: Audio format: audio/mpeg, Duration: 279s, Target samples: 256
10-30 22:44:03.291 14992 15157 D WaveformGenerator: ⏱️ PROFILING: Codec creation and start took 29ms
10-30 22:44:03.293 14992 15157 D WaveformGenerator: 🔀 Using PARALLEL processing with 6 threads
10-30 22:44:03.301 14992 15157 D WaveformGenerator: ⏱️ PROFILING: Parallel - Duration: 279s, Samples per thread: 42
10-30 22:44:03.303 14992 15154 D WaveformGenerator: ⏱️ PROFILING: Thread 4 - Processing segment 186s to 232s
10-30 22:44:03.304 14992 15033 D WaveformGenerator: ⏱️ PROFILING: Thread 2 - Processing segment 93s to 139s
10-30 22:44:03.304 14992 15157 D WaveformGenerator: ⏱️ PROFILING: Thread 5 - Processing segment 232s to 279s
10-30 22:44:03.304 14992 15156 D WaveformGenerator: ⏱️ PROFILING: Thread 1 - Processing segment 46s to 93s
10-30 22:44:03.306 14992 15032 D WaveformGenerator: ⏱️ PROFILING: Thread 3 - Processing segment 139s to 186s
10-30 22:44:03.307 14992 15035 D WaveformGenerator: ⏱️ PROFILING: Thread 0 - Processing segment 0s to 46s
10-30 22:44:03.420 14992 15033 D WaveformGenerator: ⏱️ PROFILING: Thread 2 - Setup: Extractor 47ms, Codec 68ms
10-30 22:44:03.444 14992 15156 D WaveformGenerator: ⏱️ PROFILING: Thread 1 - Setup: Extractor 72ms, Codec 66ms
10-30 22:44:03.466 14992 15157 D WaveformGenerator: ⏱️ PROFILING: Thread 5 - Setup: Extractor 106ms, Codec 55ms
10-30 22:44:03.467 14992 15154 D WaveformGenerator: ⏱️ PROFILING: Thread 4 - Setup: Extractor 103ms, Codec 61ms
10-30 22:44:03.468 14992 15035 D WaveformGenerator: ⏱️ PROFILING: Thread 0 - Setup: Extractor 113ms, Codec 48ms
10-30 22:44:03.493 14992 15032 D WaveformGenerator: ⏱️ PROFILING: Thread 3 - Setup: Extractor 114ms, Codec 72ms
10-30 22:44:04.028 14992 15033 D WaveformGenerator: ⏱️ PROFILING: Thread 2 - Seek: 400ms, Decode: 162ms
10-30 22:44:04.029 14992 15033 D WaveformGenerator: ⏱️ PROFILING: Thread 2 - Complete in 726ms, collected 42 samples
10-30 22:44:04.048 14992 15035 D WaveformGenerator: ⏱️ PROFILING: Thread 0 - Seek: 373ms, Decode: 164ms
10-30 22:44:04.048 14992 15035 D WaveformGenerator: ⏱️ PROFILING: Thread 0 - Complete in 741ms, collected 42 samples
10-30 22:44:04.058 14992 15157 D WaveformGenerator: ⏱️ PROFILING: Thread 5 - Seek: 392ms, Decode: 156ms
10-30 22:44:04.058 14992 15157 D WaveformGenerator: ⏱️ PROFILING: Thread 5 - Complete in 755ms, collected 41 samples
10-30 22:44:04.067 14992 15154 D WaveformGenerator: ⏱️ PROFILING: Thread 4 - Seek: 387ms, Decode: 174ms
10-30 22:44:04.067 14992 15154 D WaveformGenerator: ⏱️ PROFILING: Thread 4 - Complete in 764ms, collected 42 samples
10-30 22:44:04.071 14992 15032 D WaveformGenerator: ⏱️ PROFILING: Thread 3 - Seek: 361ms, Decode: 172ms
10-30 22:44:04.072 14992 15032 D WaveformGenerator: ⏱️ PROFILING: Thread 3 - Complete in 765ms, collected 42 samples
10-30 22:44:04.077 14992 15156 D WaveformGenerator: ⏱️ PROFILING: Thread 1 - Seek: 435ms, Decode: 151ms
10-30 22:44:04.077 14992 15156 D WaveformGenerator: ⏱️ PROFILING: Thread 1 - Complete in 774ms, collected 42 samples
10-30 22:44:04.081 14992 15156 D WaveformGenerator: ⏱️ PROFILING: Parallel - Combined 251 samples from 6 threads
10-30 22:44:04.081 14992 15156 D WaveformGenerator: ⏱️ PROFILING: PCM extraction took 789ms for 251 samples
10-30 22:44:04.081 14992 15156 D WaveformGenerator: ⏱️ PROFILING: Average time per sample: 3ms
10-30 22:44:04.082 14992 15156 D WaveformGenerator: Extracted 251 PCM samples
10-30 22:44:04.082 14992 15156 D WaveformGenerator: ⏱️ PROFILING: Downsampling took 0ms
10-30 22:44:04.082 14992 15156 D WaveformGenerator: ⏱️ PROFILING: ===== TOTAL GENERATION TIME: 850ms =====
10-30 22:44:04.082 14992 15156 D WaveformGenerator: ⏱️ PROFILING: Breakdown - Extractor: 25ms, Track: 2ms, Codec: 29ms, Extraction: 789ms, Downsample: 0ms
10-30 22:44:04.082 14992 15156 D WaveformGenerator: Generated waveform with 256 samples
10-30 22:44:04.083 14992 15156 D WaveformGenerator: ✅ Waveform generated: 256 samples
10-30 22:44:17.915 15894 15894 D WaveformGenerator: LaunchedEffect triggered for file: null
10-30 22:44:17.988 15894 15894 D WaveformGenerator: No current file, clearing waveform data
10-30 22:44:20.850 15894 15894 D WaveformGenerator: LaunchedEffect triggered for file: 01. Deepofomin, M-Sol DEEP - Speedway (Original Mix).flac
10-30 22:44:20.922 15894 15894 D WaveformGenerator: Starting waveform generation for: 01. Deepofomin, M-Sol DEEP - Speedway (Original Mix).flac
10-30 22:44:20.923 15894 15894 D WaveformGenerator: File size: 45.9MB
10-30 22:44:20.924 15894 15936 D WaveformGenerator: Generating waveform for: 01. Deepofomin, M-Sol DEEP - Speedway (Original Mix).flac
10-30 22:44:20.925 15894 15936 D WaveformGenerator: Requesting 256 samples for any duration
10-30 22:44:20.926 15894 15936 D WaveformGenerator: ⏱️ PROFILING: Starting waveform generation for URI: content://com.android.externalstorage.documents/tree/primary%3AResults/document/primary%3AResults%2FLiked%2FDUB%2F01.%20Deepofomin%2C%20M-Sol%20DEEP%20-%20Speedway%20(Original%20Mix).flac
10-30 22:44:20.927 15894 15936 D WaveformGenerator: ⏱️ PROFILING: Target samples: 256
10-30 22:44:20.951 15894 15936 D WaveformGenerator: ⏱️ PROFILING: Extractor setup took 24ms
10-30 22:44:20.955 15894 15936 D WaveformGenerator: ⏱️ PROFILING: Track selection took 3ms
10-30 22:44:20.955 15894 15936 D WaveformGenerator: Audio format: audio/raw, Duration: 488s, Target samples: 256
10-30 22:44:21.015 15894 15936 D WaveformGenerator: ⏱️ PROFILING: Codec creation and start took 59ms
10-30 22:44:21.016 15894 15936 D WaveformGenerator: 🔀 Using PARALLEL processing with 6 threads
10-30 22:44:21.022 15894 15936 D WaveformGenerator: ⏱️ PROFILING: Parallel - Duration: 488s, Samples per thread: 42
10-30 22:44:21.025 15894 15937 D WaveformGenerator: ⏱️ PROFILING: Thread 1 - Processing segment 81s to 162s
10-30 22:44:21.026 15894 15938 D WaveformGenerator: ⏱️ PROFILING: Thread 0 - Processing segment 0s to 81s
10-30 22:44:21.027 15894 15939 D WaveformGenerator: ⏱️ PROFILING: Thread 4 - Processing segment 325s to 406s
10-30 22:44:21.028 15894 15944 D WaveformGenerator: ⏱️ PROFILING: Thread 2 - Processing segment 162s to 243s
10-30 22:44:21.028 15894 15943 D WaveformGenerator: ⏱️ PROFILING: Thread 3 - Processing segment 243s to 325s
10-30 22:44:21.028 15894 15941 D WaveformGenerator: ⏱️ PROFILING: Thread 5 - Processing segment 406s to 488s
10-30 22:44:21.103 15894 15939 D WaveformGenerator: ⏱️ PROFILING: Thread 4 - Setup: Extractor 40ms, Codec 34ms
10-30 22:44:21.112 15894 15941 D WaveformGenerator: ⏱️ PROFILING: Thread 5 - Setup: Extractor 51ms, Codec 32ms
10-30 22:44:21.112 15894 15944 D WaveformGenerator: ⏱️ PROFILING: Thread 2 - Setup: Extractor 39ms, Codec 45ms
10-30 22:44:21.114 15894 15937 D WaveformGenerator: ⏱️ PROFILING: Thread 1 - Setup: Extractor 42ms, Codec 45ms
10-30 22:44:21.125 15894 15938 D WaveformGenerator: ⏱️ PROFILING: Thread 0 - Setup: Extractor 52ms, Codec 44ms
10-30 22:44:21.141 15894 15943 D WaveformGenerator: ⏱️ PROFILING: Thread 3 - Setup: Extractor 66ms, Codec 46ms
10-30 22:44:21.640 15894 15944 D WaveformGenerator: ⏱️ PROFILING: Thread 2 - Seek: 72ms, Decode: 414ms
10-30 22:44:21.640 15894 15944 D WaveformGenerator: ⏱️ PROFILING: Thread 2 - Complete in 614ms, collected 42 samples
10-30 22:44:21.659 15894 15943 D WaveformGenerator: ⏱️ PROFILING: Thread 3 - Seek: 81ms, Decode: 397ms
10-30 22:44:21.660 15894 15943 D WaveformGenerator: ⏱️ PROFILING: Thread 3 - Complete in 632ms, collected 42 samples
10-30 22:44:21.667 15894 15937 D WaveformGenerator: ⏱️ PROFILING: Thread 1 - Seek: 69ms, Decode: 439ms
10-30 22:44:21.667 15894 15941 D WaveformGenerator: ⏱️ PROFILING: Thread 5 - Seek: 113ms, Decode: 404ms
10-30 22:44:21.668 15894 15938 D WaveformGenerator: ⏱️ PROFILING: Thread 0 - Seek: 85ms, Decode: 416ms
10-30 22:44:21.668 15894 15941 D WaveformGenerator: ⏱️ PROFILING: Thread 5 - Complete in 640ms, collected 42 samples
10-30 22:44:21.669 15894 15938 D WaveformGenerator: ⏱️ PROFILING: Thread 0 - Complete in 643ms, collected 42 samples
10-30 22:44:21.670 15894 15937 D WaveformGenerator: ⏱️ PROFILING: Thread 1 - Complete in 645ms, collected 42 samples
10-30 22:44:21.685 15894 15939 D WaveformGenerator: ⏱️ PROFILING: Thread 4 - Seek: 91ms, Decode: 445ms
10-30 22:44:21.685 15894 15939 D WaveformGenerator: ⏱️ PROFILING: Thread 4 - Complete in 658ms, collected 42 samples
10-30 22:44:21.688 15894 15939 D WaveformGenerator: ⏱️ PROFILING: Parallel - Combined 252 samples from 6 threads
10-30 22:44:21.689 15894 15939 D WaveformGenerator: ⏱️ PROFILING: PCM extraction took 673ms for 252 samples
10-30 22:44:21.689 15894 15939 D WaveformGenerator: ⏱️ PROFILING: Average time per sample: 2ms
10-30 22:44:21.689 15894 15939 D WaveformGenerator: Extracted 252 PCM samples
10-30 22:44:21.690 15894 15939 D WaveformGenerator: ⏱️ PROFILING: Downsampling took 1ms
10-30 22:44:21.690 15894 15939 D WaveformGenerator: ⏱️ PROFILING: ===== TOTAL GENERATION TIME: 764ms =====
10-30 22:44:21.690 15894 15939 D WaveformGenerator: ⏱️ PROFILING: Breakdown - Extractor: 24ms, Track: 3ms, Codec: 59ms, Extraction: 673ms, Downsample: 1ms
10-30 22:44:21.690 15894 15939 D WaveformGenerator: Generated waveform with 256 samples
10-30 22:44:21.691 15894 15939 D WaveformGenerator: ✅ Waveform generated: 256 samples
10-30 22:44:25.716 15894 15894 D WaveformGenerator: LaunchedEffect triggered for file: Anna Calvi & Perfume Genius - I See A Darkness.aiff
10-30 22:44:25.790 15894 15894 D WaveformGenerator: Starting waveform generation for: Anna Calvi & Perfume Genius - I See A Darkness.aiff
10-30 22:44:25.791 15894 15894 D WaveformGenerator: File size: 45.2MB
10-30 22:44:25.792 15894 15938 D WaveformGenerator: Generating waveform for: Anna Calvi & Perfume Genius - I See A Darkness.aiff
10-30 22:44:25.793 15894 15938 D WaveformGenerator: Requesting 256 samples for any duration
10-30 22:44:25.794 15894 15938 D WaveformGenerator: ⏱️ PROFILING: Starting waveform generation for URI: content://com.android.externalstorage.documents/tree/primary%3AResults/document/primary%3AResults%2FLiked%2FHiFi%20Write%20To%20CD%2FAnna%20Calvi%20%26%20Perfume%20Genius%20-%20I%20See%20A%20Darkness.aiff
10-30 22:44:25.795 15894 15938 D WaveformGenerator: ⏱️ PROFILING: Target samples: 256
10-30 22:44:25.795 15894 15938 D WaveformGenerator: 🎵 AIFF format detected - Using libvlc decoder
10-30 22:44:25.796 15894 15938 D WaveformGenerator: 🎵 Starting AIFF waveform generation
10-30 22:44:25.926 15894 15938 D WaveformGenerator: ⏱️ PROFILING: AIFF copy to temp took 127ms
10-30 22:44:25.927 15894 15938 D WaveformGenerator: 📊 Valid AIFF file detected: AIFF
10-30 22:44:25.927 15894 15938 D WaveformGenerator: 📦 Found chunk: COMT, size: 26
10-30 22:44:25.927 15894 15938 D WaveformGenerator: 📦 Found chunk: COMM, size: 18
10-30 22:44:25.928 15894 15938 D WaveformGenerator: 🎵 COMM: channels=2, bits=16
10-30 22:44:25.928 15894 15938 D WaveformGenerator: 📦 Found chunk: SSND, size: 46807160
10-30 22:44:25.928 15894 15938 D WaveformGenerator: 🎵 SSND found at offset 88, size: 46807152 bytes
10-30 22:44:25.928 15894 15938 D WaveformGenerator: 📊 Sampling AIFF: frameSize=4, ssndSize=46807152
10-30 22:44:25.990 15894 15938 D WaveformGenerator:    📊 Normalized to match other formats (original range: 54)
10-30 22:44:25.990 15894 15938 D WaveformGenerator: ✅ Generated AIFF waveform:
10-30 22:44:25.990 15894 15938 D WaveformGenerator:    📊 Min: 10, Max: 100, Avg: 65
10-30 22:44:25.991 15894 15938 D WaveformGenerator:    📊 First 10 samples: 11, 10, 10, 98, 96, 15, 23, 98, 98, 96
10-30 22:44:25.991 15894 15938 D WaveformGenerator:    📊 Last 10 samples: 96, 10, 10, 10, 63, 35, 10, 10, 10, 10
10-30 22:44:25.996 15894 15938 D WaveformGenerator:    📊 Standard deviation: 32 (✅ GOOD VARIATION)
10-30 22:44:25.996 15894 15938 D WaveformGenerator: ⏱️ PROFILING: AIFF parsing and waveform generation took 70ms
10-30 22:44:25.996 15894 15938 D WaveformGenerator: ⏱️ PROFILING: Total AIFF waveform generation: 200ms
10-30 22:44:26.002 15894 15938 D WaveformGenerator: ⏱️ PROFILING: ===== TOTAL AIFF GENERATION TIME: 209ms =====
10-30 22:44:26.002 15894 15938 D WaveformGenerator: ✅ AIFF waveform generated: 256 samples
10-30 22:44:26.002 15894 15938 D WaveformGenerator: ✅ Waveform generated: 256 samples
10-30 22:48:06.703 16571 16571 D WaveformGenerator: LaunchedEffect triggered for file: null
10-30 22:48:06.784 16571 16571 D WaveformGenerator: No current file, clearing waveform data
10-30 22:48:13.666 16571 16571 D WaveformGenerator: LaunchedEffect triggered for file: Anna Calvi & Perfume Genius - I See A Darkness.aiff
10-30 22:48:13.749 16571 16571 D WaveformGenerator: Starting waveform generation for: Anna Calvi & Perfume Genius - I See A Darkness.aiff
10-30 22:48:13.749 16571 16571 D WaveformGenerator: File size: 45.2MB
10-30 22:48:13.750 16571 16635 D WaveformGenerator: Generating waveform for: Anna Calvi & Perfume Genius - I See A Darkness.aiff
10-30 22:48:13.753 16571 16635 D WaveformGenerator: Requesting 256 samples for any duration
10-30 22:48:13.756 16571 16635 D WaveformGenerator: ⏱️ PROFILING: Starting waveform generation for URI: content://com.android.externalstorage.documents/tree/primary%3AResults/document/primary%3AResults%2FLiked%2FHiFi%20Write%20To%20CD%2FAnna%20Calvi%20%26%20Perfume%20Genius%20-%20I%20See%20A%20Darkness.aiff
10-30 22:48:13.757 16571 16635 D WaveformGenerator: ⏱️ PROFILING: Target samples: 256
10-30 22:48:13.759 16571 16635 D WaveformGenerator: 🎵 AIFF format detected - Using libvlc decoder
10-30 22:48:13.760 16571 16635 D WaveformGenerator: 🎵 Starting AIFF waveform generation
10-30 22:48:14.067 16571 16635 D WaveformGenerator: ⏱️ PROFILING: AIFF copy to temp took 306ms
10-30 22:48:14.068 16571 16635 D WaveformGenerator: 📊 Valid AIFF file detected: AIFF
10-30 22:48:14.069 16571 16635 D WaveformGenerator: 📦 Found chunk: COMT, size: 26
10-30 22:48:14.070 16571 16635 D WaveformGenerator: 📦 Found chunk: COMM, size: 18
10-30 22:48:14.071 16571 16635 D WaveformGenerator: 🎵 COMM: channels=2, bits=16
10-30 22:48:14.071 16571 16635 D WaveformGenerator: 📦 Found chunk: SSND, size: 46807160
10-30 22:48:14.072 16571 16635 D WaveformGenerator: 🎵 SSND found at offset 88, size: 46807152 bytes
10-30 22:48:14.072 16571 16635 D WaveformGenerator: 📊 Sampling AIFF: frameSize=4, ssndSize=46807152
10-30 22:48:14.215 16571 16635 D WaveformGenerator:    📊 Normalized to match other formats (original range: 54)
10-30 22:48:14.216 16571 16635 D WaveformGenerator: ✅ Generated AIFF waveform:
10-30 22:48:14.216 16571 16635 D WaveformGenerator:    📊 Min: 10, Max: 100, Avg: 65
10-30 22:48:14.216 16571 16635 D WaveformGenerator:    📊 First 10 samples: 11, 10, 10, 98, 96, 15, 23, 98, 98, 96
10-30 22:48:14.217 16571 16635 D WaveformGenerator:    📊 Last 10 samples: 96, 10, 10, 10, 63, 35, 10, 10, 10, 10
10-30 22:48:14.241 16571 16635 D WaveformGenerator:    📊 Standard deviation: 32 (✅ GOOD VARIATION)
10-30 22:48:14.242 16571 16635 D WaveformGenerator: ⏱️ PROFILING: AIFF parsing and waveform generation took 175ms
10-30 22:48:14.242 16571 16635 D WaveformGenerator: ⏱️ PROFILING: Total AIFF waveform generation: 482ms
10-30 22:48:14.256 16571 16635 D WaveformGenerator: ⏱️ PROFILING: ===== TOTAL AIFF GENERATION TIME: 499ms =====
10-30 22:48:14.256 16571 16635 D WaveformGenerator: ✅ AIFF waveform generated: 256 samples
10-30 22:48:14.256 16571 16635 D WaveformGenerator: ✅ Waveform generated: 256 samples
10-30 22:48:18.125 16571 16571 D WaveformGenerator: LaunchedEffect triggered for file: A World Without Love.aiff
10-30 22:48:18.202 16571 16571 D WaveformGenerator: Starting waveform generation for: A World Without Love.aiff
10-30 22:48:18.202 16571 16571 D WaveformGenerator: File size: 69.8MB
10-30 22:48:18.203 16571 16635 D WaveformGenerator: Generating waveform for: A World Without Love.aiff
10-30 22:48:18.203 16571 16635 D WaveformGenerator: Requesting 256 samples for any duration
10-30 22:48:18.204 16571 16635 D WaveformGenerator: ⏱️ PROFILING: Starting waveform generation for URI: content://com.android.externalstorage.documents/tree/primary%3AResults/document/primary%3AResults%2FLiked%2FHiFi%20Write%20To%20CD%2FA%20World%20Without%20Love.aiff
10-30 22:48:18.204 16571 16635 D WaveformGenerator: ⏱️ PROFILING: Target samples: 256
10-30 22:48:18.204 16571 16635 D WaveformGenerator: 🎵 AIFF format detected - Using libvlc decoder
10-30 22:48:18.204 16571 16635 D WaveformGenerator: 🎵 Starting AIFF waveform generation
10-30 22:48:18.502 16571 16635 D WaveformGenerator: ⏱️ PROFILING: AIFF copy to temp took 296ms
10-30 22:48:18.502 16571 16635 D WaveformGenerator: 📊 Valid AIFF file detected: AIFF
10-30 22:48:18.503 16571 16635 D WaveformGenerator: 📦 Found chunk: COMT, size: 26
10-30 22:48:18.503 16571 16635 D WaveformGenerator: 📦 Found chunk: COMM, size: 18
10-30 22:48:18.504 16571 16635 D WaveformGenerator: 🎵 COMM: channels=2, bits=16
10-30 22:48:18.504 16571 16635 D WaveformGenerator: 📦 Found chunk: SSND, size: 73132164
10-30 22:48:18.505 16571 16635 D WaveformGenerator: 🎵 SSND found at offset 88, size: 73132156 bytes
10-30 22:48:18.505 16571 16635 D WaveformGenerator: 📊 Sampling AIFF: frameSize=4, ssndSize=73132156
10-30 22:48:18.511 16571 16635 D WaveformGenerator:    📊 Normalized to match other formats (original range: 59)
10-30 22:48:18.511 16571 16635 D WaveformGenerator: ✅ Generated AIFF waveform:
10-30 22:48:18.511 16571 16635 D WaveformGenerator:    📊 Min: 10, Max: 100, Avg: 68
10-30 22:48:18.511 16571 16635 D WaveformGenerator:    📊 First 10 samples: 80, 25, 78, 89, 90, 14, 66, 89, 89, 40
10-30 22:48:18.511 16571 16635 D WaveformGenerator:    📊 Last 10 samples: 90, 89, 22, 10, 89, 89, 10, 10, 89, 86
10-30 22:48:18.511 16571 16635 D WaveformGenerator:    📊 Standard deviation: 23 (✅ GOOD VARIATION)
10-30 22:48:18.512 16571 16635 D WaveformGenerator: ⏱️ PROFILING: AIFF parsing and waveform generation took 10ms
10-30 22:48:18.512 16571 16635 D WaveformGenerator: ⏱️ PROFILING: Total AIFF waveform generation: 308ms
10-30 22:48:18.530 16571 16635 D WaveformGenerator: ⏱️ PROFILING: ===== TOTAL AIFF GENERATION TIME: 327ms =====
10-30 22:48:18.530 16571 16635 D WaveformGenerator: ✅ AIFF waveform generated: 256 samples
10-30 22:48:18.531 16571 16635 D WaveformGenerator: ✅ Waveform generated: 256 samples
10-30 22:49:36.525 16571 16571 D WaveformGenerator: LaunchedEffect triggered for file: Alistair Colling - Cafe Sol (Jerome Sydenham Remix).mp3
10-30 22:49:36.597 16571 16571 D WaveformGenerator: Starting waveform generation for: Alistair Colling - Cafe Sol (Jerome Sydenham Remix).mp3
10-30 22:49:36.598 16571 16571 D WaveformGenerator: File size: 17.2MB
10-30 22:49:36.599 16571 16638 D WaveformGenerator: Generating waveform for: Alistair Colling - Cafe Sol (Jerome Sydenham Remix).mp3
10-30 22:49:36.600 16571 16638 D WaveformGenerator: Requesting 256 samples for any duration
10-30 22:49:36.602 16571 16638 D WaveformGenerator: ⏱️ PROFILING: Starting waveform generation for URI: content://com.android.externalstorage.documents/tree/primary%3AResults/document/primary%3AResults%2FLiked%2FAlistair%20Colling%20-%20Cafe%20Sol%20(Jerome%20Sydenham%20Remix).mp3
10-30 22:49:36.603 16571 16638 D WaveformGenerator: ⏱️ PROFILING: Target samples: 256
10-30 22:49:36.618 16571 16638 D WaveformGenerator: ⏱️ PROFILING: Extractor setup took 13ms
10-30 22:49:36.620 16571 16638 D WaveformGenerator: ⏱️ PROFILING: Track selection took 1ms
10-30 22:49:36.620 16571 16638 D WaveformGenerator: Audio format: audio/mpeg, Duration: 449s, Target samples: 256
10-30 22:49:36.658 16571 16638 D WaveformGenerator: ⏱️ PROFILING: Codec creation and start took 37ms
10-30 22:49:36.659 16571 16638 D WaveformGenerator: 🔀 Using PARALLEL processing with 6 threads
10-30 22:49:36.664 16571 16638 D WaveformGenerator: ⏱️ PROFILING: Parallel - Duration: 449s, Samples per thread: 42
10-30 22:49:36.668 16571 16635 D WaveformGenerator: ⏱️ PROFILING: Thread 1 - Processing segment 74s to 149s
10-30 22:49:36.668 16571 16640 D WaveformGenerator: ⏱️ PROFILING: Thread 2 - Processing segment 149s to 224s
10-30 22:49:36.669 16571 16647 D WaveformGenerator: ⏱️ PROFILING: Thread 4 - Processing segment 299s to 374s
10-30 22:49:36.670 16571 17123 D WaveformGenerator: ⏱️ PROFILING: Thread 5 - Processing segment 374s to 449s
10-30 22:49:36.670 16571 16650 D WaveformGenerator: ⏱️ PROFILING: Thread 3 - Processing segment 224s to 299s
10-30 22:49:36.671 16571 16639 D WaveformGenerator: ⏱️ PROFILING: Thread 0 - Processing segment 0s to 74s
10-30 22:49:36.742 16571 17123 D WaveformGenerator: ⏱️ PROFILING: Thread 5 - Setup: Extractor 29ms, Codec 43ms
10-30 22:49:36.742 16571 16635 D WaveformGenerator: ⏱️ PROFILING: Thread 1 - Setup: Extractor 35ms, Codec 39ms
10-30 22:49:36.744 16571 16639 D WaveformGenerator: ⏱️ PROFILING: Thread 0 - Setup: Extractor 25ms, Codec 48ms
10-30 22:49:36.747 16571 16647 D WaveformGenerator: ⏱️ PROFILING: Thread 4 - Setup: Extractor 28ms, Codec 49ms
10-30 22:49:36.752 16571 16640 D WaveformGenerator: ⏱️ PROFILING: Thread 2 - Setup: Extractor 43ms, Codec 40ms
10-30 22:49:36.763 16571 16650 D WaveformGenerator: ⏱️ PROFILING: Thread 3 - Setup: Extractor 45ms, Codec 47ms
10-30 22:49:37.190 16571 17123 D WaveformGenerator: ⏱️ PROFILING: Thread 5 - Seek: 261ms, Decode: 140ms
10-30 22:49:37.191 16571 17123 D WaveformGenerator: ⏱️ PROFILING: Thread 5 - Complete in 521ms, collected 41 samples
10-30 22:49:37.198 16571 16639 D WaveformGenerator: ⏱️ PROFILING: Thread 0 - Seek: 253ms, Decode: 158ms
10-30 22:49:37.198 16571 16639 D WaveformGenerator: ⏱️ PROFILING: Thread 0 - Complete in 530ms, collected 42 samples
10-30 22:49:37.217 16571 16650 D WaveformGenerator: ⏱️ PROFILING: Thread 3 - Seek: 249ms, Decode: 163ms
10-30 22:49:37.218 16571 16635 D WaveformGenerator: ⏱️ PROFILING: Thread 1 - Seek: 279ms, Decode: 156ms
10-30 22:49:37.218 16571 16650 D WaveformGenerator: ⏱️ PROFILING: Thread 3 - Complete in 549ms, collected 42 samples
10-30 22:49:37.218 16571 16635 D WaveformGenerator: ⏱️ PROFILING: Thread 1 - Complete in 550ms, collected 42 samples
10-30 22:49:37.238 16571 16640 D WaveformGenerator: ⏱️ PROFILING: Thread 2 - Seek: 270ms, Decode: 169ms
10-30 22:49:37.238 16571 16640 D WaveformGenerator: ⏱️ PROFILING: Thread 2 - Complete in 570ms, collected 42 samples
10-30 22:49:37.259 16571 16647 D WaveformGenerator: ⏱️ PROFILING: Thread 4 - Seek: 297ms, Decode: 172ms
10-30 22:49:37.259 16571 16647 D WaveformGenerator: ⏱️ PROFILING: Thread 4 - Complete in 590ms, collected 42 samples
10-30 22:49:37.263 16571 16647 D WaveformGenerator: ⏱️ PROFILING: Parallel - Combined 251 samples from 6 threads
10-30 22:49:37.263 16571 16647 D WaveformGenerator: ⏱️ PROFILING: PCM extraction took 604ms for 251 samples
10-30 22:49:37.264 16571 16647 D WaveformGenerator: ⏱️ PROFILING: Average time per sample: 2ms
10-30 22:49:37.264 16571 16647 D WaveformGenerator: Extracted 251 PCM samples
10-30 22:49:37.264 16571 16647 D WaveformGenerator: ⏱️ PROFILING: Downsampling took 0ms
10-30 22:49:37.264 16571 16647 D WaveformGenerator: ⏱️ PROFILING: ===== TOTAL GENERATION TIME: 663ms =====
10-30 22:49:37.264 16571 16647 D WaveformGenerator: ⏱️ PROFILING: Breakdown - Extractor: 13ms, Track: 1ms, Codec: 37ms, Extraction: 604ms, Downsample: 0ms
10-30 22:49:37.265 16571 16647 D WaveformGenerator: Generated waveform with 256 samples
10-30 22:49:37.265 16571 16647 D WaveformGenerator: ✅ Waveform generated: 256 samples
10-30 22:49:45.746 17249 17249 D WaveformGenerator: LaunchedEffect triggered for file: null
10-30 22:49:45.839 17249 17249 D WaveformGenerator: No current file, clearing waveform data
10-30 22:49:51.797 17249 17249 D WaveformGenerator: LaunchedEffect triggered for file: Anna Calvi & Perfume Genius - I See A Darkness.aiff
10-30 22:49:51.876 17249 17249 D WaveformGenerator: Starting waveform generation for: Anna Calvi & Perfume Genius - I See A Darkness.aiff
10-30 22:49:51.876 17249 17249 D WaveformGenerator: File size: 45.2MB
10-30 22:49:51.883 17249 17300 D WaveformGenerator: Generating waveform for: Anna Calvi & Perfume Genius - I See A Darkness.aiff
10-30 22:49:51.888 17249 17300 D WaveformGenerator: Requesting 256 samples for any duration
10-30 22:49:51.892 17249 17300 D WaveformGenerator: ⏱️ PROFILING: Starting waveform generation for URI: content://com.android.externalstorage.documents/tree/primary%3AResults/document/primary%3AResults%2FLiked%2FHiFi%20Write%20To%20CD%2FAnna%20Calvi%20%26%20Perfume%20Genius%20-%20I%20See%20A%20Darkness.aiff
10-30 22:49:51.892 17249 17300 D WaveformGenerator: ⏱️ PROFILING: Target samples: 256
10-30 22:49:51.893 17249 17300 D WaveformGenerator: 🎵 AIFF format detected - Using libvlc decoder
10-30 22:49:51.895 17249 17300 D WaveformGenerator: 🎵 Starting AIFF waveform generation
10-30 22:49:52.078 17249 17300 D WaveformGenerator: ⏱️ PROFILING: AIFF copy to temp took 183ms
10-30 22:49:52.080 17249 17300 D WaveformGenerator: 📊 Valid AIFF file detected: AIFF
10-30 22:49:52.080 17249 17300 D WaveformGenerator: 📦 Found chunk: COMT, size: 26
10-30 22:49:52.080 17249 17300 D WaveformGenerator: 📦 Found chunk: COMM, size: 18
10-30 22:49:52.080 17249 17300 D WaveformGenerator: 🎵 COMM: channels=2, bits=16
10-30 22:49:52.081 17249 17300 D WaveformGenerator: 📦 Found chunk: SSND, size: 46807160
10-30 22:49:52.081 17249 17300 D WaveformGenerator: 🎵 SSND found at offset 88, size: 46807152 bytes
10-30 22:49:52.081 17249 17300 D WaveformGenerator: 📊 Sampling AIFF: frameSize=4, ssndSize=46807152
10-30 22:49:52.185 17249 17300 D WaveformGenerator:    📊 Normalized to match other formats (original range: 54)
10-30 22:49:52.186 17249 17300 D WaveformGenerator: ✅ Generated AIFF waveform:
10-30 22:49:52.187 17249 17300 D WaveformGenerator:    📊 Min: 10, Max: 100, Avg: 65
10-30 22:49:52.187 17249 17300 D WaveformGenerator:    📊 First 10 samples: 11, 10, 10, 98, 96, 15, 23, 98, 98, 96
10-30 22:49:52.187 17249 17300 D WaveformGenerator:    📊 Last 10 samples: 96, 10, 10, 10, 63, 35, 10, 10, 10, 10
10-30 22:49:52.203 17249 17300 D WaveformGenerator:    📊 Standard deviation: 32 (✅ GOOD VARIATION)
10-30 22:49:52.206 17249 17300 D WaveformGenerator: ⏱️ PROFILING: AIFF parsing and waveform generation took 125ms
10-30 22:49:52.206 17249 17300 D WaveformGenerator: ⏱️ PROFILING: Total AIFF waveform generation: 312ms
10-30 22:49:52.223 17249 17300 D WaveformGenerator: ⏱️ PROFILING: ===== TOTAL AIFF GENERATION TIME: 332ms =====
10-30 22:49:52.223 17249 17300 D WaveformGenerator: ✅ AIFF waveform generated: 256 samples
10-30 22:49:52.224 17249 17300 D WaveformGenerator: ✅ Waveform generated: 256 samples
10-30 22:50:22.739 17249 17249 D WaveformGenerator: LaunchedEffect triggered for file: 04. Saùdad - Cavaquinho feat. Tereza Carvalho (Dummy Splash Remix).flac
10-30 22:50:22.810 17249 17249 D WaveformGenerator: Starting waveform generation for: 04. Saùdad - Cavaquinho feat. Tereza Carvalho (Dummy Splash Remix).flac
10-30 22:50:22.811 17249 17249 D WaveformGenerator: File size: 27.9MB
10-30 22:50:22.812 17249 17292 D WaveformGenerator: Generating waveform for: 04. Saùdad - Cavaquinho feat. Tereza Carvalho (Dummy Splash Remix).flac
10-30 22:50:22.812 17249 17292 D WaveformGenerator: Requesting 256 samples for any duration
10-30 22:50:22.812 17249 17292 D WaveformGenerator: ⏱️ PROFILING: Starting waveform generation for URI: content://com.android.externalstorage.documents/tree/primary%3AResults/document/primary%3AResults%2FLiked%2FHiFi%20Write%20To%20CD%2F04.%20Sa%C3%B9dad%20-%20Cavaquinho%20feat.%20Tereza%20Carvalho%20(Dummy%20Splash%20Remix).flac
10-30 22:50:22.812 17249 17292 D WaveformGenerator: ⏱️ PROFILING: Target samples: 256
10-30 22:50:22.843 17249 17292 D WaveformGenerator: ⏱️ PROFILING: Extractor setup took 29ms
10-30 22:50:22.846 17249 17292 D WaveformGenerator: ⏱️ PROFILING: Track selection took 3ms
10-30 22:50:22.847 17249 17292 D WaveformGenerator: Audio format: audio/raw, Duration: 301s, Target samples: 256
10-30 22:50:22.890 17249 17292 D WaveformGenerator: ⏱️ PROFILING: Codec creation and start took 42ms
10-30 22:50:22.891 17249 17292 D WaveformGenerator: 🔀 Using PARALLEL processing with 6 threads
10-30 22:50:22.894 17249 17292 D WaveformGenerator: ⏱️ PROFILING: Parallel - Duration: 301s, Samples per thread: 42
10-30 22:50:22.896 17249 17301 D WaveformGenerator: ⏱️ PROFILING: Thread 3 - Processing segment 150s to 201s
10-30 22:50:22.896 17249 17298 D WaveformGenerator: ⏱️ PROFILING: Thread 2 - Processing segment 100s to 150s
10-30 22:50:22.897 17249 17293 D WaveformGenerator: ⏱️ PROFILING: Thread 1 - Processing segment 50s to 100s
10-30 22:50:22.897 17249 17296 D WaveformGenerator: ⏱️ PROFILING: Thread 4 - Processing segment 201s to 251s
10-30 22:50:22.898 17249 17297 D WaveformGenerator: ⏱️ PROFILING: Thread 5 - Processing segment 251s to 301s
10-30 22:50:22.899 17249 17300 D WaveformGenerator: ⏱️ PROFILING: Thread 0 - Processing segment 0s to 50s
10-30 22:50:22.963 17249 17301 D WaveformGenerator: ⏱️ PROFILING: Thread 3 - Setup: Extractor 32ms, Codec 34ms
10-30 22:50:22.976 17249 17293 D WaveformGenerator: ⏱️ PROFILING: Thread 1 - Setup: Extractor 39ms, Codec 40ms
10-30 22:50:22.976 17249 17296 D WaveformGenerator: ⏱️ PROFILING: Thread 4 - Setup: Extractor 45ms, Codec 34ms
10-30 22:50:22.995 17249 17297 D WaveformGenerator: ⏱️ PROFILING: Thread 5 - Setup: Extractor 55ms, Codec 39ms
10-30 22:50:22.996 17249 17298 D WaveformGenerator: ⏱️ PROFILING: Thread 2 - Setup: Extractor 54ms, Codec 44ms
10-30 22:50:22.998 17249 17300 D WaveformGenerator: ⏱️ PROFILING: Thread 0 - Setup: Extractor 65ms, Codec 33ms
10-30 22:50:23.204 17249 17301 D WaveformGenerator: ⏱️ PROFILING: Thread 3 - Seek: 44ms, Decode: 153ms
10-30 22:50:23.205 17249 17301 D WaveformGenerator: ⏱️ PROFILING: Thread 3 - Complete in 310ms, collected 42 samples
10-30 22:50:23.215 17249 17296 D WaveformGenerator: ⏱️ PROFILING: Thread 4 - Seek: 48ms, Decode: 141ms
