11-10 15:16:57.154  1431  2167 W USF     : USF_API: Drop flicker data, cannot find sampling_id:84682!
11-10 15:16:57.164  1431  2167 W USF     : USF_API: Drop flicker data, cannot find sampling_id:84682!
11-10 15:16:57.174  1431  2167 W USF     : USF_API: Drop flicker data, cannot find sampling_id:84682!
11-10 15:16:57.184  1431  2167 W USF     : USF_API: Drop flicker data, cannot find sampling_id:84682!
11-10 15:16:57.193  1431  2167 W USF     : USF_API: Drop flicker data, cannot find sampling_id:84682!
11-10 15:16:57.204  1431  2167 W USF     : USF_API: Drop flicker data, cannot find sampling_id:84682!
11-10 15:16:57.213  1431  2167 W USF     : USF_API: Drop flicker data, cannot find sampling_id:84682!
11-10 15:16:57.223  1431  2167 W USF     : USF_API: Drop flicker data, cannot find sampling_id:84682!
11-10 15:16:57.229  1431  2167 W USF     : USF_API: Drop sample report, cannot find sampling_id:84682
11-10 15:16:57.233  1431  2167 W USF     : USF_API: Drop flicker data, cannot find sampling_id:84682!
11-10 15:16:57.238  1428  2108 D BTAudioSessionAidl: GetSupportedLatencyModes - Supported LatencyMode= FREE
11-10 15:16:57.243  1431  2167 W USF     : USF_API: Drop flicker data, cannot find sampling_id:84682!
11-10 15:16:57.243  1484  1579 I WifiHAL : Creating message to get link statistics; iface = 47
11-10 15:16:57.253  1431  2167 W USF     : USF_API: Drop flicker data, cannot find sampling_id:84682!
11-10 15:16:57.263  1431  2167 W USF     : USF_API: Drop flicker data, cannot find sampling_id:84682!
11-10 15:16:57.274  1431  2167 W USF     : USF_API: Drop flicker data, cannot find sampling_id:84682!
11-10 15:16:57.284  1431  2167 W USF     : USF_API: Drop flicker data, cannot find sampling_id:84682!
11-10 15:16:57.294  1431  2167 W USF     : USF_API: Drop flicker data, cannot find sampling_id:84682!
11-10 15:16:57.299   759   759 D DisplayModeController: setDesiredMode 4619827535830457088 {mode={fps=60.00 Hz, modePtr={id=3, vsyncRate=60.00 Hz, peakRefreshRate=60.00 Hz}}, emitEvent=true, force=false}
11-10 15:16:57.300   762 24357 D hwc-display: setActiveConfigWithConstraints:: PrimaryDisplay config(39) test(0)
11-10 15:16:57.300   762 24357 D hwc-display: [PrimaryDisplay] OperationRateManager::onConfig:rate=60
11-10 15:16:57.300   762 24357 I hwc-display: [PrimaryDisplay] OperationRateManager::updateOperationRateLocked:Target@120(desired:120) | Refresh@60(peak:2147483647), Battery:OK, DBV:1352(NsMin:1172)
11-10 15:16:57.300   762 24357 I hwc-display: [PrimaryDisplay] setActiveConfigWithConstraints: config(39)
11-10 15:16:57.302  1884  1956 I DisplayDeviceRepository: Display device changed render timings: "Built-in Screen", renderFrameRate=60.000004, presentationDeadlineNanos=11499999, appVsyncOffsetNanos=6233334, frameRateOverrides=[]
11-10 15:16:57.303  1431  2167 W USF     : USF_API: Drop flicker data, cannot find sampling_id:84682!
11-10 15:16:57.304  1884  1954 D WindowManager: DeferredDisplayUpdater: partially applying DisplayInfo(1008 x 2244) immediately
11-10 15:16:57.305  1488 17852 D DeviceHalAidl: [default] setParameters: parameters: "screen_state=on"
11-10 15:16:57.306  1428  5918 D ASvc::Module: updateScreenState: 1
11-10 15:16:57.306  1488 17852 D DeviceHalAidl: [r_submix] setParameters: parameters: "screen_state=on"
11-10 15:16:57.307  1428  4907 D AHAL_Module: updateScreenState: r_submix: 1
11-10 15:16:57.308  1488 17852 D DeviceHalAidl: [bluetooth] setParameters: parameters: "screen_state=on"
11-10 15:16:57.308  1428  4907 D AHAL_Module: updateScreenState: bluetooth: 1
11-10 15:16:57.312  1484  1579 I WifiHAL : index: 0 per_rate_size 32, data_rem_len 1152
11-10 15:16:57.312  1484  1579 I WifiHAL : index: 1 per_rate_size 32, data_rem_len 1120
11-10 15:16:57.312  1484  1579 I WifiHAL : index: 2 per_rate_size 32, data_rem_len 1088
11-10 15:16:57.312  1484  1579 I WifiHAL : index: 3 per_rate_size 32, data_rem_len 1056
11-10 15:16:57.312  1484  1579 I WifiHAL : index: 4 per_rate_size 32, data_rem_len 1024
11-10 15:16:57.312  1484  1579 I WifiHAL : index: 5 per_rate_size 32, data_rem_len 992
11-10 15:16:57.312  1484  1579 I WifiHAL : index: 6 per_rate_size 32, data_rem_len 960
11-10 15:16:57.312  1484  1579 I WifiHAL : index: 7 per_rate_size 32, data_rem_len 928
11-10 15:16:57.312  1484  1579 I WifiHAL : index: 8 per_rate_size 32, data_rem_len 896
11-10 15:16:57.312  1484  1579 I WifiHAL : index: 9 per_rate_size 32, data_rem_len 864
11-10 15:16:57.312  1484  1579 I WifiHAL : index: 10 per_rate_size 32, data_rem_len 832
11-10 15:16:57.312  1484  1579 I WifiHAL : index: 11 per_rate_size 32, data_rem_len 800
11-10 15:16:57.312  1484  1579 I WifiHAL : index: 12 per_rate_size 32, data_rem_len 768
11-10 15:16:57.312  1484  1579 I WifiHAL : index: 13 per_rate_size 32, data_rem_len 736
11-10 15:16:57.312  1484  1579 I WifiHAL : index: 14 per_rate_size 32, data_rem_len 704
11-10 15:16:57.312  1484  1579 I WifiHAL : index: 15 per_rate_size 32, data_rem_len 672
11-10 15:16:57.312  1484  1579 I WifiHAL : index: 16 per_rate_size 32, data_rem_len 640
11-10 15:16:57.312  1484  1579 I WifiHAL : index: 17 per_rate_size 32, data_rem_len 608
11-10 15:16:57.312  1484  1579 I WifiHAL : index: 18 per_rate_size 32, data_rem_len 576
11-10 15:16:57.312  1484  1579 I WifiHAL : index: 19 per_rate_size 32, data_rem_len 544
11-10 15:16:57.312  1484  1579 I WifiHAL : index: 20 per_rate_size 32, data_rem_len 512
11-10 15:16:57.312  1484  1579 I WifiHAL : index: 21 per_rate_size 32, data_rem_len 480
11-10 15:16:57.312  1484  1579 I WifiHAL : index: 22 per_rate_size 32, data_rem_len 448
11-10 15:16:57.312  1484  1579 I WifiHAL : index: 23 per_rate_size 32, data_rem_len 416
11-10 15:16:57.312  1484  1579 I WifiHAL : index: 24 per_rate_size 32, data_rem_len 384
11-10 15:16:57.312  1484  1579 I WifiHAL : index: 25 per_rate_size 32, data_rem_len 352
11-10 15:16:57.312  1484  1579 I WifiHAL : index: 26 per_rate_size 32, data_rem_len 320
11-10 15:16:57.312  1484  1579 I WifiHAL : index: 27 per_rate_size 32, data_rem_len 288
11-10 15:16:57.312  1484  1579 I WifiHAL : index: 28 per_rate_size 32, data_rem_len 256
11-10 15:16:57.312  1484  1579 I WifiHAL : index: 29 per_rate_size 32, data_rem_len 224
11-10 15:16:57.312  1484  1579 I WifiHAL : index: 30 per_rate_size 32, data_rem_len 192
11-10 15:16:57.312  1484  1579 I WifiHAL : index: 31 per_rate_size 32, data_rem_len 160
11-10 15:16:57.312  1484  1579 I WifiHAL : index: 32 per_rate_size 32, data_rem_len 128
11-10 15:16:57.312  1484  1579 I WifiHAL : index: 33 per_rate_size 32, data_rem_len 96
11-10 15:16:57.312  1484  1579 I WifiHAL : index: 34 per_rate_size 32, data_rem_len 64
11-10 15:16:57.312  1484  1579 I WifiHAL : index: 35 per_rate_size 32, data_rem_len 32
11-10 15:16:57.314  1431  2167 W USF     : USF_API: Drop flicker data, cannot find sampling_id:84682!
11-10 15:16:57.314  1484  1484 I WifiHAL : Getting cached scan results, iface handle = 0xb400007caea59610
11-10 15:16:57.314  1484  1484 E WifiHAL : Creating message to get cached scan results
11-10 15:16:57.318  1484  1484 I WifiHAL : In GetCachedScanResultsCommand::handleResponse
11-10 15:16:57.323  1431  2167 W USF     : USF_API: Drop flicker data, cannot find sampling_id:84682!
11-10 15:16:57.333  1431  2167 W USF     : USF_API: Drop flicker data, cannot find sampling_id:84682!
11-10 15:16:57.343  1431  2167 W USF     : USF_API: Drop flicker data, cannot find sampling_id:84682!
11-10 15:16:57.351  1884  2681 D ConnectivityService: NetReassign [no changes] [c 4] [a 3] [i 5]
11-10 15:16:57.353  1431  2167 W USF     : USF_API: Drop flicker data, cannot find sampling_id:84682!
11-10 15:16:57.363  1431  2167 W USF     : USF_API: Drop flicker data, cannot find sampling_id:84682!
11-10 15:16:57.373  1431  2167 W USF     : USF_API: Drop flicker data, cannot find sampling_id:84682!
11-10 15:16:57.383  1431  2167 W USF     : USF_API: Drop flicker data, cannot find sampling_id:84682!
11-10 15:16:57.393  1431  2167 W USF     : USF_API: Drop flicker data, cannot find sampling_id:84682!
11-10 15:16:57.403  1431  2167 W USF     : USF_API: Drop flicker data, cannot find sampling_id:84682!
11-10 15:16:57.413  1431  2167 W USF     : USF_API: Drop flicker data, cannot find sampling_id:84682!
11-10 15:16:57.423  1431  2167 W USF     : USF_API: Drop flicker data, cannot find sampling_id:84682!
11-10 15:16:57.433  1431  2167 W USF     : USF_API: Drop flicker data, cannot find sampling_id:84682!
11-10 15:16:57.443  1431  2167 W USF     : USF_API: Drop flicker data, cannot find sampling_id:84682!
11-10 15:16:57.449  1428  2108 D BTAudioSessionAidl: GetSupportedLatencyModes - Supported LatencyMode= FREE
11-10 15:16:57.454  1431  2167 W USF     : USF_API: Drop flicker data, cannot find sampling_id:84682!
11-10 15:16:57.462  1431  2167 W USF     : USF_API: Drop flicker data, cannot find sampling_id:84682!
11-10 15:16:57.473  1431  2167 W USF     : USF_API: Drop flicker data, cannot find sampling_id:84682!
11-10 15:16:57.483  1431  2167 W USF     : USF_API: Drop flicker data, cannot find sampling_id:84682!
11-10 15:16:57.488  3767  3773 W pixelstats-vendor: Thread Pool max thread count is 0. Cannot cache binder as linkToDeath cannot be implemented. serviceName: android.frameworks.stats.IStats/default
11-10 15:16:57.494  1431  2167 W USF     : USF_API: Drop flicker data, cannot find sampling_id:84682!
11-10 15:16:57.502  1431  2167 W USF     : USF_API: Drop flicker data, cannot find sampling_id:84682!
11-10 15:16:57.513  1431  2167 W USF     : USF_API: Drop flicker data, cannot find sampling_id:84682!
11-10 15:16:57.522  1431  2167 W USF     : USF_API: Drop flicker data, cannot find sampling_id:84682!
11-10 15:16:57.532  1431  2167 W USF     : USF_API: Drop flicker data, cannot find sampling_id:84682!
11-10 15:16:57.542  1431  2167 W USF     : USF_API: Drop flicker data, cannot find sampling_id:84682!
11-10 15:16:57.552  1431  2167 W USF     : USF_API: Drop flicker data, cannot find sampling_id:84682!
11-10 15:16:57.562  1431  2167 W USF     : USF_API: Drop flicker data, cannot find sampling_id:84682!
11-10 15:16:57.572  1431  2167 W USF     : USF_API: Drop flicker data, cannot find sampling_id:84682!
11-10 15:16:57.582  1431  2167 W USF     : USF_API: Drop flicker data, cannot find sampling_id:84682!
11-10 15:16:57.592  1431  2167 W USF     : USF_API: Drop flicker data, cannot find sampling_id:84682!
11-10 15:16:57.602  1431  2167 W USF     : USF_API: Drop flicker data, cannot find sampling_id:84682!
11-10 15:16:57.612  1431  2167 W USF     : USF_API: Drop flicker data, cannot find sampling_id:84682!
11-10 15:16:57.622  1431  2167 W USF     : USF_API: Drop flicker data, cannot find sampling_id:84682!
11-10 15:16:57.632  1431  2167 W USF     : USF_API: Drop flicker data, cannot find sampling_id:84682!
11-10 15:16:57.642  1431  2167 W USF     : USF_API: Drop flicker data, cannot find sampling_id:84682!
11-10 15:16:57.652  1431  2167 W USF     : USF_API: Drop flicker data, cannot find sampling_id:84682!
11-10 15:16:57.658  1428  2108 D BTAudioSessionAidl: GetSupportedLatencyModes - Supported LatencyMode= FREE
11-10 15:16:57.662  1431  2167 W USF     : USF_API: Drop flicker data, cannot find sampling_id:84682!
11-10 15:16:57.672  1431  2167 W USF     : USF_API: Drop flicker data, cannot find sampling_id:84682!
11-10 15:16:57.682  1431  2167 W USF     : USF_API: Drop flicker data, cannot find sampling_id:84682!
11-10 15:16:57.692  1431  2167 W USF     : USF_API: Drop flicker data, cannot find sampling_id:84682!
11-10 15:16:57.702  1431  2167 W USF     : USF_API: Drop flicker data, cannot find sampling_id:84682!
