11-10 15:25:28.641 29449 29484 I Finsky  : [1123] SCH: Scheduling phonesky job Id: 34-4882, CT: 1762759667937, Constraints: [{ L: 604800000, D: 2460639391, C: CHARGING_REQUIRED, I: IDLE_REQUIRED, N: NET_UNMETERED, B: BATTERY_ANY }, { L: 604800000, D: 2460639391, C: CHARGING_NONE, I: IDLE_REQUIRED, N: NET_UNMETERED, B: BATTERY_NOT_LOW }]
11-10 15:25:28.641 29449 29484 I Finsky  : [1123] SCH: Scheduling phonesky job Id: 34-4883, CT: 1762759667938, Constraints: [{ L: 604800000, D: 2460639539, C: CHARGING_REQUIRED, I: IDLE_REQUIRED, N: NET_UNMETERED, B: BATTERY_ANY }, { L: 604800000, D: 2460639539, C: CHARGING_NONE, I: IDLE_REQUIRED, N: NET_UNMETERED, B: BATTERY_NOT_LOW }]
11-10 15:25:28.641 29449 29449 I Finsky  : [2] AIM: AppInfoManager-Perf > getApps > called for 1 apps
11-10 15:25:28.643  1431  2167 W USF     : USF_API: Drop flicker data, cannot find sampling_id:84682!
11-10 15:25:28.641 29449 29484 I Finsky  : [1123] SCH: Scheduling phonesky job Id: 34-4884, CT: 1762759667938, Constraints: [{ L: 604800000, D: 2460639671, C: CHARGING_REQUIRED, I: IDLE_REQUIRED, N: NET_UNMETERED, B: BATTERY_ANY }, { L: 604800000, D: 2460639671, C: CHARGING_NONE, I: IDLE_REQUIRED, N: NET_UNMETERED, B: BATTERY_NOT_LOW }]
11-10 15:25:28.645 29449 29484 I Finsky  : [1123] SCH: Scheduling phonesky job Id: 34-4885, CT: 1762759667938, Constraints: [{ L: 604800000, D: 2460641317, C: CHARGING_REQUIRED, I: IDLE_REQUIRED, N: NET_UNMETERED, B: BATTERY_ANY }, { L: 604800000, D: 2460641317, C: CHARGING_NONE, I: IDLE_REQUIRED, N: NET_UNMETERED, B: BATTERY_NOT_LOW }]
11-10 15:25:28.645  1884  4400 D LauncherAppsService: getActivityLaunchIntent callingPackage=com.android.systemui component=ComponentInfo{com.google.android.apps.walletnfcrel/com.google.commerce.tapandpay.android.wallet.WalletActivity} user=UserHandle{0}
11-10 15:25:28.645 29449 29484 I Finsky  : [1123] SCH: Scheduling phonesky job Id: 34-4886, CT: 1762759667938, Constraints: [{ L: 604800000, D: 2466996999, C: CHARGING_NONE, I: IDLE_NONE, N: NET_ANY, B: BATTERY_ANY }]
11-10 15:25:28.646 29449 29484 I Finsky  : [1123] SCH: Scheduling phonesky job Id: 34-4890, CT: 1762759667938, Constraints: [{ L: 604800000, D: 2546210786, C: CHARGING_NONE, I: IDLE_NONE, N: NET_ANY, B: BATTERY_ANY }]
11-10 15:25:28.646 29449 29484 I Finsky  : [1123] SCH: Scheduling phonesky job Id: 34-4891, CT: 1762759667938, Constraints: [{ L: 604800000, D: 2565348151, C: CHARGING_REQUIRED, I: IDLE_REQUIRED, N: NET_UNMETERED, B: BATTERY_ANY }, { L: 604800000, D: 2565348151, C: CHARGING_NONE, I: IDLE_REQUIRED, N: NET_UNMETERED, B: BATTERY_NOT_LOW }]
11-10 15:25:28.646 29449 29484 I Finsky  : [1123] SCH: Scheduling phonesky job Id: 34-4892, CT: 1762759667938, Constraints: [{ L: 604800000, D: 2565348258, C: CHARGING_REQUIRED, I: IDLE_REQUIRED, N: NET_UNMETERED, B: BATTERY_ANY }, { L: 604800000, D: 2565348258, C: CHARGING_NONE, I: IDLE_REQUIRED, N: NET_UNMETERED, B: BATTERY_NOT_LOW }]
11-10 15:25:28.646 29449 29484 I Finsky  : [1123] SCH: Scheduling phonesky job Id: 34-4893, CT: 1762759667939, Constraints: [{ L: 28582297, D: 1324582297, C: CHARGING_REQUIRED, I: IDLE_REQUIRED, N: NET_UNMETERED, B: BATTERY_ANY }, { L: 28582297, D: 1324582297, C: CHARGING_NONE, I: IDLE_REQUIRED, N: NET_UNMETERED, B: BATTERY_NOT_LOW }]
11-10 15:25:28.646 29449 29484 I Finsky  : [1123] SCH: Scheduling phonesky job Id: 34-4894, CT: 1762759667939, Constraints: [{ L: 33410033, D: 1329410033, C: CHARGING_NONE, I: IDLE_NONE, N: NET_ANY, B: BATTERY_ANY }]
11-10 15:25:28.646 29449 29484 I Finsky  : [1123] SCH: Scheduling phonesky job Id: 34-4895, CT: 1762759667939, Constraints: [{ L: 531502534, D: 1827502534, C: CHARGING_NONE, I: IDLE_NONE, N: NET_UNMETERED, B: BATTERY_NOT_LOW }]
11-10 15:25:28.646 29449 29480 I Finsky  : [1119] AIM: AppInfoManager-Perf > OnDeviceAppInfo > cacheHitCount=0, cacheMissCount=1. Missed  in cache (limit 10) : [com.example.mobiledigger]
11-10 15:25:28.647  1884  4372 D LauncherAppsService: getActivityLaunchIntent callingPackage=com.android.systemui component=ComponentInfo{com.google.android.apps.youtube.creator/com.google.android.apps.youtube.creator.main.MainActivity} user=UserHandle{0}
11-10 15:25:28.647 29449 29488 I Finsky  : [1126] AIM: Got app ownership map. App counts: . Unique apps: 0
11-10 15:25:28.647 29449 29488 E Finsky  : [1126] [Counters] attempted to use a non-positive increment for: 4752
11-10 15:25:28.649 29449 29449 I Finsky  : [2] DTU: Received onPackageAdded, replacing: true
11-10 15:25:28.649  1884  4398 D LauncherAppsService: getActivityLaunchIntent callingPackage=com.android.systemui component=ComponentInfo{com.google.android.play.games/com.google.android.gms.games.ui.destination.main.MainActivity} user=UserHandle{0}
11-10 15:25:28.650  1884  4400 D LauncherAppsService: getActivityLaunchIntent callingPackage=com.android.systemui component=ComponentInfo{com.microsoft.emmx/com.microsoft.ruby.Main} user=UserHandle{0}
11-10 15:25:28.651  1884  3682 D LauncherAppsService: getActivityLaunchIntent callingPackage=com.android.systemui component=ComponentInfo{com.microsoft.office.outlook/com.microsoft.office.outlook.MainActivity} user=UserHandle{0}
11-10 15:25:28.652 29449 29484 I Finsky  : [1123] SCH: Scheduling phonesky job Id: 50-1029, CT: 1762771619911, Constraints: [{ L: 43199983, D: 44999983, C: CHARGING_NONE, I: IDLE_NONE, N: NET_NONE, B: BATTERY_ANY }]
11-10 15:25:28.652  1884  5668 D LauncherAppsService: getActivityLaunchIntent callingPackage=com.android.systemui component=ComponentInfo{com.paypal.android.p2pmobile/com.paypal.android.p2pmobile.startup.activities.StartupActivity} user=UserHandle{0}
11-10 15:25:28.652  1431  2167 W USF     : USF_API: Drop flicker data, cannot find sampling_id:84682!
11-10 15:25:28.655  1884  4372 D LauncherAppsService: getActivityLaunchIntent callingPackage=com.android.systemui component=ComponentInfo{com.roblox.client/com.roblox.client.startup.ActivitySplash} user=UserHandle{0}
11-10 15:25:28.657 29449 29488 E Finsky  : [1126] [Counters] attempted to use a non-positive increment for: 4753
11-10 15:25:28.662  1431  2167 W USF     : USF_API: Drop flicker data, cannot find sampling_id:84682!
11-10 15:25:28.667  1884  4379 V Configuration: Updating configuration, locales updated from [] to [en_US,ro_RO]
11-10 15:25:28.667  1884  4379 V Configuration: Updating configuration, locales updated from [] to [en_US]
11-10 15:25:28.668  1884  4379 V Configuration: Updating configuration, locales updated from [] to [en_US,ro_RO]
11-10 15:25:28.668  1884  4379 V Configuration: Updating configuration, locales updated from [] to [en_US,ro_RO]
11-10 15:25:28.668  1884  4379 V Configuration: Updating configuration, locales updated from [] to [en_US,ro_RO]
11-10 15:25:28.668  1884  4379 V Configuration: Updating configuration, locales updated from [] to [en_US]
11-10 15:25:28.668  1884  4379 V Configuration: Updating configuration, locales updated from [] to [en_US,ro_RO]
11-10 15:25:28.668  1884  4379 V Configuration: Updating configuration, locales updated from [] to [en_US,ro_RO]
11-10 15:25:28.668  1884  4379 V Configuration: Updating configuration, locales updated from [] to [en_US,ro_RO]
11-10 15:25:28.668  1884  4379 V Configuration: Updating configuration, locales updated from [] to [en_US]
11-10 15:25:28.668  1884  4379 V Configuration: Updating configuration, locales updated from [] to [en_US,ro_RO]
11-10 15:25:28.668  1884  4379 V Configuration: Updating configuration, locales updated from [] to [en_US,ro_RO]
11-10 15:25:28.668  1884  4379 V Configuration: Updating configuration, locales updated from [] to [en_US,ro_RO]
11-10 15:25:28.668  1884  4379 V Configuration: Updating configuration, locales updated from [] to [en_US]
11-10 15:25:28.668  1884  4379 V Configuration: Updating configuration, locales updated from [] to [en_US,ro_RO]
11-10 15:25:28.668  1884  4379 V Configuration: Updating configuration, locales updated from [] to [en_US,ro_RO]
11-10 15:25:28.668  1884  4379 V Configuration: Updating configuration, locales updated from [] to [en_US,ro_RO]
11-10 15:25:28.668  1884  4379 V Configuration: Updating configuration, locales updated from [] to [en_US,ro_RO]
11-10 15:25:28.668  1884  4379 V Configuration: Updating configuration, locales updated from [] to [en_US]
11-10 15:25:28.668  1884  4379 V Configuration: Updating configuration, locales updated from [] to [en_US]
11-10 15:25:28.668  1884  4379 V Configuration: Updating configuration, locales updated from [] to [en_US]
11-10 15:25:28.668  1884  4379 V Configuration: Updating configuration, locales updated from [] to [en_US,ro_RO]
11-10 15:25:28.668  1884  4379 V Configuration: Updating configuration, locales updated from [] to [en_US,ro_RO]
11-10 15:25:28.668  1884  4379 V Configuration: Updating configuration, locales updated from [] to [en_US]
11-10 15:25:28.668  1884  4379 V Configuration: Updating configuration, locales updated from [] to [en_US,ro_RO]
11-10 15:25:28.668  1884  4379 V Configuration: Updating configuration, locales updated from [] to [en_US,ro_RO]
11-10 15:25:28.668  1884  4379 V Configuration: Updating configuration, locales updated from [] to [en_US,ro_RO]
11-10 15:25:28.668  1884  4379 V Configuration: Updating configuration, locales updated from [] to [en_US,ro_RO]
11-10 15:25:28.668  1884  4379 V Configuration: Updating configuration, locales updated from [] to [en_US,ro_RO]
11-10 15:25:28.668  1884  4379 V Configuration: Updating configuration, locales updated from [] to [en_US,ro_RO]
11-10 15:25:28.668  1884  4379 V Configuration: Updating configuration, locales updated from [] to [en_US]
11-10 15:25:28.668  1884  4379 V Configuration: Updating configuration, locales updated from [] to [en_US,ro_RO]
11-10 15:25:28.668  1884  4379 V Configuration: Updating configuration, locales updated from [] to [en_US]
11-10 15:25:28.668  1884  4379 V Configuration: Updating configuration, locales updated from [] to [en_US,ro_RO]
11-10 15:25:28.668  1884  4379 V Configuration: Updating configuration, locales updated from [] to [en_US,ro_RO]
11-10 15:25:28.668  1884  4379 V Configuration: Updating configuration, locales updated from [] to [en_US,ro_RO]
11-10 15:25:28.668  1884  4379 V Configuration: Updating configuration, locales updated from [] to [en_US]
11-10 15:25:28.668  1884  4379 V Configuration: Updating configuration, locales updated from [] to [en_US,ro_RO]
11-10 15:25:28.668  1884  4379 V Configuration: Updating configuration, locales updated from [] to [en_US]
11-10 15:25:28.668  1884  4379 V Configuration: Updating configuration, locales updated from [] to [en_US,ro_RO]
11-10 15:25:28.669  1884  4379 V Configuration: Updating configuration, locales updated from [] to [en_US,ro_RO]
11-10 15:25:28.669  1884  4379 V Configuration: Updating configuration, locales updated from [] to [en_US,ro_RO]
11-10 15:25:28.669  1884  4379 V Configuration: Updating configuration, locales updated from [] to [en_US,ro_RO]
11-10 15:25:28.670  1884  4379 V Configuration: Updating configuration, locales updated from [] to [en_US,ro_RO]
11-10 15:25:28.670  1884  4379 V Configuration: Updating configuration, locales updated from [] to [en_US,ro_RO]
11-10 15:25:28.670  1884  4379 V Configuration: Updating configuration, locales updated from [] to [ro_RO,en_US]
11-10 15:25:28.670  1884  4379 V Configuration: Updating configuration, locales updated from [] to [en_US,ro_RO]
11-10 15:25:28.670  1884  4379 V Configuration: Updating configuration, locales updated from [] to [en_US,ro_RO]
11-10 15:25:28.670  1884  4379 V Configuration: Updating configuration, locales updated from [] to [en_US,ro_RO]
11-10 15:25:28.670  1884  4379 V Configuration: Updating configuration, locales updated from [] to [en_US,ro_RO]
11-10 15:25:28.670  1884  4379 V Configuration: Updating configuration, locales updated from [] to [en_US,ro_RO]
11-10 15:25:28.670  1884  4379 V Configuration: Updating configuration, locales updated from [] to [en_US,ro_RO]
11-10 15:25:28.670  1884  4379 V Configuration: Updating configuration, locales updated from [] to [en_US,ro_RO]
11-10 15:25:28.670  1884  4379 V Configuration: Updating configuration, locales updated from [] to [en_US,ro_RO]
11-10 15:25:28.670  1884  4379 V Configuration: Updating configuration, locales updated from [] to [en_US,ro_RO]
11-10 15:25:28.672  1431  2167 W USF     : USF_API: Drop flicker data, cannot find sampling_id:84682!
11-10 15:25:28.673  1884  4379 V Configuration: Updating configuration, locales updated from [] to [en_US,ro_RO]
11-10 15:25:28.673  1884  4379 V Configuration: Updating configuration, locales updated from [] to [en_US,ro_RO]
11-10 15:25:28.673  1884  4379 V Configuration: Updating configuration, locales updated from [] to [en_US,ro_RO]
11-10 15:25:28.673  1884  4379 V Configuration: Updating configuration, locales updated from [] to [en_US,ro_RO]
11-10 15:25:28.673  1884  4379 V Configuration: Updating configuration, locales updated from [] to [en_US,ro_RO]
11-10 15:25:28.673  1884  4379 V Configuration: Updating configuration, locales updated from [] to [en_US,ro_RO]
11-10 15:25:28.673  1884  4379 V Configuration: Updating configuration, locales updated from [] to [en_US,ro_RO]
11-10 15:25:28.673  1884  4379 V Configuration: Updating configuration, locales updated from [] to [en_US,ro_RO]
11-10 15:25:28.673  1884  4379 V Configuration: Updating configuration, locales updated from [] to [en_US,ro_RO]
11-10 15:25:28.673  1884  4379 V Configuration: Updating configuration, locales updated from [] to [en_US,ro_RO]
11-10 15:25:28.673  1884  4372 D LauncherAppsService: getActivityLaunchIntent callingPackage=com.android.systemui component=ComponentInfo{com.shazam.android/com.shazam.android.activities.SplashActivity} user=UserHandle{0}
11-10 15:25:28.676  1884  4379 V Configuration: Updating configuration, locales updated from [] to [ro_RO,en_US]
11-10 15:25:28.676  1884  4379 V Configuration: Updating configuration, locales updated from [] to [en_US,ro_RO]
11-10 15:25:28.676  1884  4379 V Configuration: Updating configuration, locales updated from [] to [en_US,ro_RO]
11-10 15:25:28.676  1884  4379 V Configuration: Updating configuration, locales updated from [] to [en_US,ro_RO]
11-10 15:25:28.676  1884  4379 V Configuration: Updating configuration, locales updated from [] to [en_US,ro_RO]
11-10 15:25:28.676  1884  4379 V Configuration: Updating configuration, locales updated from [] to [en_US,ro_RO]
11-10 15:25:28.676  1884  4379 V Configuration: Updating configuration, locales updated from [] to [en_US,ro_RO]
11-10 15:25:28.676  1884  4379 V Configuration: Updating configuration, locales updated from [] to [en_US,ro_RO]
11-10 15:25:28.676  1884  4379 V Configuration: Updating configuration, locales updated from [] to [en_US,ro_RO]
11-10 15:25:28.676  1884  4379 V Configuration: Updating configuration, locales updated from [] to [en_US,ro_RO]
11-10 15:25:28.676  1884  4379 V Configuration: Updating configuration, locales updated from [] to [ro_RO,en_US]
11-10 15:25:28.676  1884  4379 V Configuration: Updating configuration, locales updated from [] to [en_US,ro_RO]
11-10 15:25:28.676  1884  4379 V Configuration: Updating configuration, locales updated from [] to [en_US,ro_RO]
11-10 15:25:28.676  1884  4379 V Configuration: Updating configuration, locales updated from [] to [en_US]
11-10 15:25:28.676  1884  4379 V Configuration: Updating configuration, locales updated from [] to [en_US,ro_RO]
11-10 15:25:28.676  1884  4379 V Configuration: Updating configuration, locales updated from [] to [en_US,ro_RO]
11-10 15:25:28.676  1884  4379 V Configuration: Updating configuration, locales updated from [] to [en_US,ro_RO]
11-10 15:25:28.676  1884  4379 V Configuration: Updating configuration, locales updated from [] to [en_US,ro_RO]
11-10 15:25:28.676  1884  4379 V Configuration: Updating configuration, locales updated from [] to [en_US,ro_RO]
11-10 15:25:28.676  1884  4379 V Configuration: Updating configuration, locales updated from [] to [ro_RO,en_US]
11-10 15:25:28.676  1884  4379 V Configuration: Updating configuration, locales updated from [] to [en_US,ro_RO]
11-10 15:25:28.676  1884  4379 V Configuration: Updating configuration, locales updated from [] to [en_US]
11-10 15:25:28.676  1884  4379 V Configuration: Updating configuration, locales updated from [] to [ro_RO]
11-10 15:25:28.676  1884  4379 V Configuration: Updating configuration, locales updated from [] to [en_US,ro_RO]
11-10 15:25:28.676  1884  4379 V Configuration: Updating configuration, locales updated from [] to [en_US,ro_RO]
11-10 15:25:28.676  1884  4379 V Configuration: Updating configuration, locales updated from [] to [en_US,ro_RO]
11-10 15:25:28.676  1884  4379 V Configuration: Updating configuration, locales updated from [] to [en_US,ro_RO]
11-10 15:25:28.676  1884  4379 V Configuration: Updating configuration, locales updated from [] to [en_US,ro_RO]
11-10 15:25:28.676  1884  4379 V Configuration: Updating configuration, locales updated from [] to [ro_RO,en_US]
11-10 15:25:28.676  1884  4379 V Configuration: Updating configuration, locales updated from [] to [en_US]
11-10 15:25:28.676  1884  4379 V Configuration: Updating configuration, locales updated from [] to [en_US,ro_RO]
11-10 15:25:28.676  1884  4379 V Configuration: Updating configuration, locales updated from [] to [ro_RO]
11-10 15:25:28.676  1884  4379 V Configuration: Updating configuration, locales updated from [] to [en_US,ro_RO]
11-10 15:25:28.676  1884  4379 V Configuration: Updating configuration, locales updated from [] to [en_US,ro_RO]
11-10 15:25:28.676  1884  4379 V Configuration: Updating configuration, locales updated from [] to [en_US,ro_RO]
11-10 15:25:28.676  1884  4379 V Configuration: Updating configuration, locales updated from [] to [en_US,ro_RO]
11-10 15:25:28.676  1884  4379 V Configuration: Updating configuration, locales updated from [] to [en_US,ro_RO]
11-10 15:25:28.676  1884  4379 V Configuration: Updating configuration, locales updated from [] to [en_US]
11-10 15:25:28.676  1884  4379 V Configuration: Updating configuration, locales updated from [] to [en_US]
11-10 15:25:28.676  1884  4379 V Configuration: Updating configuration, locales updated from [] to [ro_RO,en_US]
11-10 15:25:28.676  1884  4379 V Configuration: Updating configuration, locales updated from [] to [en_US,ro_RO]
11-10 15:25:28.676  1884  4379 V Configuration: Updating configuration, locales updated from [] to [en_US,ro_RO]
11-10 15:25:28.676  1884  4379 V Configuration: Updating configuration, locales updated from [] to [en_US,ro_RO]
11-10 15:25:28.676  1884  4379 V Configuration: Updating configuration, locales updated from [] to [en_US,ro_RO]
11-10 15:25:28.676  1884  4379 V Configuration: Updating configuration, locales updated from [] to [en_US,ro_RO]
11-10 15:25:28.676  1884  4379 V Configuration: Updating configuration, locales updated from [] to [en_US,ro_RO]
11-10 15:25:28.677  1884  4379 V Configuration: Updating configuration, locales updated from [] to [en_US]
11-10 15:25:28.677  1884  4379 V Configuration: Updating configuration, locales updated from [] to [en_US,ro_RO]
11-10 15:25:28.677  1884  4379 V Configuration: Updating configuration, locales updated from [] to [en_US]
11-10 15:25:28.677  1884  4379 V Configuration: Updating configuration, locales updated from [] to [en_US,ro_RO]
11-10 15:25:28.677  1884  4379 V Configuration: Updating configuration, locales updated from [] to [en_US,ro_RO]
11-10 15:25:28.677  1884  4379 V Configuration: Updating configuration, locales updated from [] to [en_US,ro_RO]
11-10 15:25:28.677  1884  4379 V Configuration: Updating configuration, locales updated from [] to [en_US]
11-10 15:25:28.677  1884  4379 V Configuration: Updating configuration, locales updated from [] to [en_US,ro_RO]
11-10 15:25:28.677  1884  4379 V Configuration: Updating configuration, locales updated from [] to [en_US]
11-10 15:25:28.677  1884  4379 V Configuration: Updating configuration, locales updated from [] to [en_US,ro_RO]
11-10 15:25:28.677  1884  4379 V Configuration: Updating configuration, locales updated from [] to [en_US,ro_RO]
11-10 15:25:28.677  1884  4379 V Configuration: Updating configuration, locales updated from [] to [en_US,ro_RO]
11-10 15:25:28.677  1884  4379 V Configuration: Updating configuration, locales updated from [] to [en_US,ro_RO]
11-10 15:25:28.677  1884  4379 V Configuration: Updating configuration, locales updated from [] to [en_US,ro_RO]
11-10 15:25:28.677  1884  4379 V Configuration: Updating configuration, locales updated from [] to [en_US,ro_RO]
11-10 15:25:28.677  1884  4379 V Configuration: Updating configuration, locales updated from [] to [en_US,ro_RO]
11-10 15:25:28.677  1884  4379 V Configuration: Updating configuration, locales updated from [] to [en_US,ro_RO]
11-10 15:25:28.677  1884  4379 V Configuration: Updating configuration, locales updated from [] to [en_US,ro_RO]
11-10 15:25:28.677  1884  4379 V Configuration: Updating configuration, locales updated from [] to [en_US,ro_RO]
11-10 15:25:28.677  1884  4379 V Configuration: Updating configuration, locales updated from [] to [en_US,ro_RO]
11-10 15:25:28.677  1884  4379 V Configuration: Updating configuration, locales updated from [] to [en_US,ro_RO]
11-10 15:25:28.677  1884  4379 V Configuration: Updating configuration, locales updated from [] to [en_US,ro_RO]
11-10 15:25:28.677  1884  4379 V Configuration: Updating configuration, locales updated from [] to [en_US,ro_RO]
11-10 15:25:28.677  1884  4379 V Configuration: Updating configuration, locales updated from [] to [en_US,ro_RO]
11-10 15:25:28.677  1884  4379 V Configuration: Updating configuration, locales updated from [] to [en_US,ro_RO]
11-10 15:25:28.677  1884  4379 V Configuration: Updating configuration, locales updated from [] to [en_US,ro_RO]
11-10 15:25:28.677  1884  4379 V Configuration: Updating configuration, locales updated from [] to [en_US,ro_RO]
11-10 15:25:28.677  1884  4379 V Configuration: Updating configuration, locales updated from [] to [en_US,ro_RO]
11-10 15:25:28.677  1884  4379 V Configuration: Updating configuration, locales updated from [] to [en_US,ro_RO]
11-10 15:25:28.677  1884  4379 V Configuration: Updating configuration, locales updated from [] to [en_US,ro_RO]
11-10 15:25:28.677  1884  4379 V Configuration: Updating configuration, locales updated from [] to [en_US,ro_RO]
11-10 15:25:28.677  1884  4379 V Configuration: Updating configuration, locales updated from [] to [en_US,ro_RO]
11-10 15:25:28.677 29449 29484 I Finsky  : [1123] AIM: AppInfoManager-Perf > ItemModel > CacheSize=190, cacheHitCount=0, cacheMissCount=0, total appsWithNoServerDataCount=4. Missed  in cache (limit 10) : []
11-10 15:25:28.678  1884  4379 D IntervalStats: Unable to parse usage stats packages: [137, 276, 315, 316, 324, 333, 336, 337, 339, 340, 357, 363, 371, 372, 374, 391, 395, 402, 411, 413, 414, 421, 427, 433, 437, 457, 459, 460, 461, 464, 465, 471, 472, 487, 488, 489, 490, 494, 495, 509, 510, 511, 512, 513, 514, 515, 517, 518, 519, 520, 523, 529, 531, 532, 534, 538, 539, 540, 546, 547, 549, 553, 554, 556, 568, 583, 589, 595, 597, 598, 599, 600, 601, 602, 605, 606, 611, 623, 624, 625, 627, 628, 629, 630, 631, 632, 633, 634, 635, 637, 638, 640, 654, 657, 658, 660, 661, 663, 666, 672, 691, 692, 693, 694, 696, 697, 698, 699, 701, 702, 703, 704, 705, 706, 707, 708, 709, 710, 711, 712, 714, 715, 721]
11-10 15:25:28.680  1884  4399 D LauncherAppsService: getActivityLaunchIntent callingPackage=com.android.systemui component=ComponentInfo{com.shopify.arrive/com.shopify.arrive.MainActivity} user=UserHandle{0}
11-10 15:25:28.681 29449 29480 I Finsky  : [1119] AIM: AppInfoManager-Perf > ItemModel > CacheSize=190, cacheHitCount=0, cacheMissCount=0, total appsWithNoServerDataCount=4. Missed  in cache (limit 10) : []
11-10 15:25:28.682  1884  4379 D LauncherAppsService: getActivityLaunchIntent callingPackage=com.android.systemui component=ComponentInfo{com.spotify.music/com.spotify.music.MainActivity} user=UserHandle{0}
11-10 15:25:28.682  1431  2167 W USF     : USF_API: Drop flicker data, cannot find sampling_id:84682!
11-10 15:25:28.683  1884  4379 D LauncherAppsService: getActivityLaunchIntent callingPackage=com.android.systemui component=ComponentInfo{com.ubercab/com.ubercab.presidio.app.core.root.RootActivity} user=UserHandle{0}
11-10 15:25:28.685  1884  4372 D LauncherAppsService: getActivityLaunchIntent callingPackage=com.android.systemui component=ComponentInfo{ee.mtakso.client/ee.mtakso.client.activity.SplashHomeActivity} user=UserHandle{0}
11-10 15:25:28.688 29449 29488 I Finsky  : [1126] SCH: Scheduling 0 system job(s)
11-10 15:25:28.692  1431  2167 W USF     : USF_API: Drop flicker data, cannot find sampling_id:84682!
11-10 15:25:28.692 29449 29480 I Finsky  : [1119] AIM: AppInfoManager-Perf > ItemModel > CacheSize=190, cacheHitCount=0, cacheMissCount=0, total appsWithNoServerDataCount=4. Missed  in cache (limit 10) : []
11-10 15:25:28.692  1884  5473 D LauncherAppsService: getActivityLaunchIntent callingPackage=com.android.systemui component=ComponentInfo{fr.leboncoin/fr.leboncoin.features.splashscreen.ui.activities.SplashScreenActivity} user=UserHandle{0}
11-10 15:25:28.694 29449 30733 I Finsky  : [1181] SCH: Received scheduling request: Id: 12-1, Constraints: [{ L: 15000, D: 86400000, C: CHARGING_NONE, I: IDLE_NONE, N: NET_ANY, B: BATTERY_ANY }]
11-10 15:25:28.701  1431  2167 W USF     : USF_API: Drop flicker data, cannot find sampling_id:84682!
11-10 15:25:28.703  1884  4379 D LauncherAppsService: getActivityLaunchIntent callingPackage=com.android.systemui component=ComponentInfo{ro.emag.android/ro.emag.android.cleancode.app.ActivityStart} user=UserHandle{0}
11-10 15:25:28.706  1884  3071 D LauncherAppsService: getActivityLaunchIntent callingPackage=com.android.systemui component=ComponentInfo{trendyol.com/com.trendyol.common.splash.impl.ui.SplashActivity} user=UserHandle{0}
11-10 15:25:28.709  1884  4399 D LauncherAppsService: getActivityLaunchIntent callingPackage=com.android.systemui component=ComponentInfo{com.android.stk/com.android.stk.StkMain} user=UserHandle{0}
11-10 15:25:28.710  1884  3071 D LauncherAppsService: getActivityLaunchIntent callingPackage=com.android.systemui component=ComponentInfo{com.google.android.apps.nbu.files/com.google.android.apps.nbu.files.home.HomeActivity} user=UserHandle{0}
11-10 15:25:28.711  1431  2167 W USF     : USF_API: Drop flicker data, cannot find sampling_id:84682!
11-10 15:25:28.714  1884  2447 D LauncherAppsService: getActivityLaunchIntent callingPackage=com.android.systemui component=ComponentInfo{com.google.android.apps.pixel.health/com.google.android.apps.pixel.health.thermometer.ThermometerHomeActivity} user=UserHandle{0}
11-10 15:25:28.721  1431  2167 W USF     : USF_API: Drop flicker data, cannot find sampling_id:84682!
11-10 15:25:28.726  1884  4372 D LauncherAppsService: getActivityLaunchIntent callingPackage=com.android.systemui component=ComponentInfo{com.google.android.apps.recorder/com.google.android.apps.recorder.ui.recordings.MainActivity} user=UserHandle{0}
11-10 15:25:28.731  1431  2167 W USF     : USF_API: Drop flicker data, cannot find sampling_id:84682!
11-10 15:25:28.739  1884  3071 D LauncherAppsService: getActivityLaunchIntent callingPackage=com.android.systemui component=ComponentInfo{com.google.android.apps.safetyhub/com.google.android.apps.safetyhub.LauncherActivity} user=UserHandle{0}
11-10 15:25:28.741  1431  2167 W USF     : USF_API: Drop flicker data, cannot find sampling_id:84682!
11-10 15:25:28.743 29449 29449 I Finsky  : [2] agiw - Received: android.intent.action.PACKAGE_ADDED, [F8SdPmz-nDnkHAASXyGhRL_JSafYynzTZ1KyLvYja6g]
11-10 15:25:28.743 29449 30733 I Finsky  : [1181] SCH: Received scheduling request: Id: 12-1, Constraints: [{ L: 15000, D: 86400000, C: CHARGING_NONE, I: IDLE_NONE, N: NET_ANY, B: BATTERY_ANY }]
11-10 15:25:28.743 29449 29488 I Finsky  : [1126] AIM: AppInfoManager-Perf > OnDeviceAppInfo > cacheHitCount=1, cacheMissCount=0. Missed  in cache (limit 10) : []
11-10 15:25:28.745 29449 29488 I Finsky  : [1126] AIM: Got app ownership map. App counts: . Unique apps: 0
11-10 15:25:28.745 29449 29488 E Finsky  : [1126] [Counters] attempted to use a non-positive increment for: 4752
11-10 15:25:28.746  2772  2785 W System  : A resource failed to call release. 
11-10 15:25:28.748 29449 29488 E Finsky  : [1126] [Counters] attempted to use a non-positive increment for: 4753
11-10 15:25:28.748  4488 30743 I Fitness : (REDACTED) FitCleanupIntentOperation received Intent %s
11-10 15:25:28.751  1431  2167 W USF     : USF_API: Drop flicker data, cannot find sampling_id:84682!
11-10 15:25:28.753  4488 30753 I ProximityAuth: [RecentAppsMediator] Package added: (user=UserHandle{0}) com.example.mobiledigger
11-10 15:25:28.753  1884  4372 D LauncherAppsService: getActivityLaunchIntent callingPackage=com.android.systemui component=ComponentInfo{com.google.android.apps.tips/com.google.android.apps.tips.fortnite.p8} user=UserHandle{0}
11-10 15:25:28.757  1884  4367 D LauncherAppsService: getActivityLaunchIntent callingPackage=com.android.systemui component=ComponentInfo{com.google.android.apps.weather/com.google.android.apps.weather.home.HomeActivity} user=UserHandle{0}
11-10 15:25:28.758 29449 29449 I Finsky  : [2] agiw - Deduping intent android.intent.action.PACKAGE_ADDED
11-10 15:25:28.759 29449 29449 I Finsky  : [2] agiw - Received: android.intent.action.PACKAGE_ADDED, [F8SdPmz-nDnkHAASXyGhRL_JSafYynzTZ1KyLvYja6g]
11-10 15:25:28.759  4488 30743 I FontLog : (REDACTED) Package %s has no metadata
11-10 15:25:28.761  1431  2167 W USF     : USF_API: Drop flicker data, cannot find sampling_id:84682!
11-10 15:25:28.763  2772  2785 W System  : A resource failed to call release. 
11-10 15:25:28.763  2772  2785 W System  : A resource failed to call release. 
11-10 15:25:28.763  2772  2785 W System  : A resource failed to call release. 
11-10 15:25:28.764  1884  4372 D LauncherAppsService: getActivityLaunchIntent callingPackage=com.android.systemui component=ComponentInfo{com.google.android.apps.wellbeing/com.google.android.apps.wellbeing.settings.LauncherActivity} user=UserHandle{0}
11-10 15:25:28.764  2772  2785 W System  : A resource failed to call release. 
11-10 15:25:28.764  2772  2785 W System  : A resource failed to call release. 
11-10 15:25:28.764  2772  2785 W System  : A resource failed to call release. 
11-10 15:25:28.764  2772  2785 W System  : A resource failed to call release. 
11-10 15:25:28.768  2772  2785 W System  : A resource failed to call release. 
11-10 15:25:28.768  2772  2785 W System  : A resource failed to call release. 
11-10 15:25:28.768  2772  2785 W System  : A resource failed to call release. 
11-10 15:25:28.769  2772  2785 W System  : A resource failed to call release. 
11-10 15:25:28.769  2772  2785 W System  : A resource failed to call release. 
11-10 15:25:28.769  2772  2785 W System  : A resource failed to call release. 
11-10 15:25:28.769  2772  2785 W System  : A resource failed to call release. 
11-10 15:25:28.769  2772  2785 W System  : A resource failed to call release. 
11-10 15:25:28.769  2772  2785 W System  : A resource failed to call release. 
11-10 15:25:28.769  2772  2785 W System  : A resource failed to call release. 
11-10 15:25:28.770  1884  2447 D LauncherAppsService: getActivityLaunchIntent callingPackage=com.android.systemui component=ComponentInfo{com.google.android.googlequicksearchbox/com.google.android.googlequicksearchbox.SearchActivity} user=UserHandle{0}
11-10 15:25:28.771 29449 29449 I Finsky  : [2] agiw - Deduping intent android.intent.action.PACKAGE_ADDED
11-10 15:25:28.771  1431  2167 W USF     : USF_API: Drop flicker data, cannot find sampling_id:84682!
11-10 15:25:28.774  1884  5328 D LauncherAppsService: getActivityLaunchIntent callingPackage=com.android.systemui component=ComponentInfo{at.willhaben/at.willhaben.MainActivity} user=UserHandle{0}
11-10 15:25:28.776 29449 29466 I Finsky  : [1108] RECEIVER_PACKAGE_MONITOR#logWorkEndAndFinishGoAsync: SUCCESS
11-10 15:25:28.776 29449 29484 I Finsky  : [1123] AIM: AppInfoManager-Perf > getApps > data collection finished
11-10 15:25:28.776 29449 29484 I Finsky  : [1123] AIM: AppInfoManager-Perf > maybeDestroyAppInfoManager is called. actives = 1
11-10 15:25:28.777  1884  2447 D LauncherAppsService: getActivityLaunchIntent callingPackage=com.android.systemui component=ComponentInfo{battle.iron.suit/com.unity3d.player.UnityPlayerActivity} user=UserHandle{0}
11-10 15:25:28.777 29449 29488 I Finsky  : [1126] AIM: AppInfoManager-Perf > getApps > data collection finished
11-10 15:25:28.777 29449 29488 I Finsky  : [1126] AIM: AppInfoManager-Perf > maybeDestroyAppInfoManager is called. actives = 0
11-10 15:25:28.778  1884  2447 D LauncherAppsService: getActivityLaunchIntent callingPackage=com.android.systemui component=ComponentInfo{com.Garawell.BridgeRace/com.unity3d.player.UnityPlayerActivity} user=UserHandle{0}
11-10 15:25:28.778 29449 29484 I Finsky  : [1123] AIM: AppInfoManager-Perf > ItemModel > CacheSize=190, cacheHitCount=0, cacheMissCount=0, total appsWithNoServerDataCount=4. Missed  in cache (limit 10) : []
11-10 15:25:28.779  1884  4372 D LauncherAppsService: getActivityLaunchIntent callingPackage=com.android.systemui component=ComponentInfo{com.JindoBlu.TwoPlayerGamesChallenge/com.unity3d.player.UnityPlayerActivity} user=UserHandle{0}
11-10 15:25:28.781  1431  2167 W USF     : USF_API: Drop flicker data, cannot find sampling_id:84682!
11-10 15:25:28.782  1884  2447 D LauncherAppsService: getActivityLaunchIntent callingPackage=com.android.systemui component=ComponentInfo{com.Neurononfire.SupremeDuelist/com.google.firebase.MessagingUnityPlayerActivity} user=UserHandle{0}
11-10 15:25:28.782 29449 29449 I Finsky  : [2] NCR: notification count changed for account [[OIcNXCfaPyQqe-O_YOsH48juwncsdct_34AddibdWFI]]: old=[0], new=[0], notifications=[]
11-10 15:25:28.783  1884  2447 D LauncherAppsService: getActivityLaunchIntent callingPackage=com.android.systemui component=ComponentInfo{com.alibaba.aliexpresshd/com.aliexpress.app.FirstActivity} user=UserHandle{0}
11-10 15:25:28.785  1884  4367 D LauncherAppsService: getActivityLaunchIntent callingPackage=com.android.systemui component=ComponentInfo{com.alibaba.intl.android.apps.poseidon/com.alibaba.intl.android.apps.poseidon.app.activity.ActivityMainMaterial} user=UserHandle{0}
11-10 15:25:28.786  1884  4367 D LauncherAppsService: getActivityLaunchIntent callingPackage=com.android.systemui component=ComponentInfo{com.anydesk.anydeskandroid/com.anydesk.anydeskandroid.gui.activity.HubActivity} user=UserHandle{0}
11-10 15:25:28.787  1884  4367 D LauncherAppsService: getActivityLaunchIntent callingPackage=com.android.systemui component=ComponentInfo{com.aspiro.tidal/com.aspiro.wamp.LoginFragmentActivity} user=UserHandle{0}
11-10 15:25:28.791  1431  2167 W USF     : USF_API: Drop flicker data, cannot find sampling_id:84682!
11-10 15:25:28.793  1884  2447 D LauncherAppsService: getActivityLaunchIntent callingPackage=com.android.systemui component=ComponentInfo{com.azure.authenticator/com.azure.authenticator.ui.LaunchActivity} user=UserHandle{0}
11-10 15:25:28.794  1884  4372 D LauncherAppsService: getActivityLaunchIntent callingPackage=com.android.systemui component=ComponentInfo{com.bandcamp.android/com.bandcamp.android.view.SplashActivity} user=UserHandle{0}
11-10 15:25:28.797  1884  5328 D LauncherAppsService: getActivityLaunchIntent callingPackage=com.android.systemui component=ComponentInfo{com.booking/com.booking.startup.HomeActivity} user=UserHandle{0}
11-10 15:25:28.800  1884  4400 D LauncherAppsService: getActivityLaunchIntent callingPackage=com.android.systemui component=ComponentInfo{com.brightstripe.parcels/com.brightstripe.parcels.MainActivity} user=UserHandle{0}
11-10 15:25:28.800  1884  4400 D LauncherAppsService: getActivityLaunchIntent callingPackage=com.android.systemui component=ComponentInfo{com.cargus.cma/com.cargus.cma.MainActivity} user=UserHandle{0}
11-10 15:25:28.801  1431  2167 W USF     : USF_API: Drop flicker data, cannot find sampling_id:84682!
11-10 15:25:28.802  1884  4372 D LauncherAppsService: getActivityLaunchIntent callingPackage=com.android.systemui component=ComponentInfo{com.catalogViva/com.catalogViva.MainActivity} user=UserHandle{0}
11-10 15:25:28.802  1884  4400 D LauncherAppsService: getActivityLaunchIntent callingPackage=com.android.systemui component=ComponentInfo{com.davidgiga1993.mixingstationpro/org.devcore.mixingstation.android.lib.AndroidLauncher} user=UserHandle{0}
11-10 15:25:28.802  1884  4400 D LauncherAppsService: getActivityLaunchIntent callingPackage=com.android.systemui component=ComponentInfo{com.digitaldreamlabs.retrodrive/com.digitaldreamlabs.retrodrive.OverDriveActivity} user=UserHandle{0}
11-10 15:25:28.803  1884  4372 D LauncherAppsService: getActivityLaunchIntent callingPackage=com.android.systemui component=ComponentInfo{com.discord/com.discord.main.MainDefault} user=UserHandle{0}
11-10 15:25:28.803  1884  4400 D LauncherAppsService: getActivityLaunchIntent callingPackage=com.android.systemui component=ComponentInfo{com.disney.disneyplus/com.bamtechmedia.dominguez.main.MainActivity} user=UserHandle{0}
11-10 15:25:28.804  1884  4400 D LauncherAppsService: getActivityLaunchIntent callingPackage=com.android.systemui component=ComponentInfo{com.duosecurity.duomobile/com.duosecurity.duomobile.account_list.AccountListActivity} user=UserHandle{0}
11-10 15:25:28.805  1884  5328 D LauncherAppsService: getActivityLaunchIntent callingPackage=com.android.systemui component=ComponentInfo{com.ebay.kleinanzeigen/ebk.ui.splash.SplashActivity} user=UserHandle{0}
11-10 15:25:28.806  1884  4367 D LauncherAppsService: getActivityLaunchIntent callingPackage=com.android.systemui component=ComponentInfo{com.ebay.mobile/com.ebay.mobile.home.impl.main.MainActivity} user=UserHandle{0}
11-10 15:25:28.807  1884  4367 D LauncherAppsService: getActivityLaunchIntent callingPackage=com.android.systemui component=ComponentInfo{com.einnovation.temu/com.baogong.splash.activity.MainFrameActivity} user=UserHandle{0}
11-10 15:25:28.808  1884  2447 D LauncherAppsService: getActivityLaunchIntent callingPackage=com.android.systemui component=ComponentInfo{com.example.mobiledigger/com.example.mobiledigger.MainActivity} user=UserHandle{0}
11-10 15:25:28.809  1884  2447 D LauncherAppsService: getActivityLaunchIntent callingPackage=com.android.systemui component=ComponentInfo{com.facebook.katana/com.facebook.katana.LoginActivity} user=UserHandle{0}
11-10 15:25:28.811  1884  5328 D LauncherAppsService: getActivityLaunchIntent callingPackage=com.android.systemui component=ComponentInfo{com.facebook.orca/com.facebook.orca.auth.StartScreenActivity} user=UserHandle{0}
11-10 15:25:28.811  1431  2167 W USF     : USF_API: Drop flicker data, cannot find sampling_id:84682!
11-10 15:25:28.812  1884  2447 D LauncherAppsService: getActivityLaunchIntent callingPackage=com.android.systemui component=ComponentInfo{com.fun.mxw/io.dcloud.PandoraEntry} user=UserHandle{0}
11-10 15:25:28.813  1884  2447 D LauncherAppsService: getActivityLaunchIntent callingPackage=com.android.systemui component=ComponentInfo{com.games.webmaster/com.unity3d.player.UnityPlayerActivity} user=UserHandle{0}
11-10 15:25:28.814  1884  2447 D LauncherAppsService: getActivityLaunchIntent callingPackage=com.android.systemui component=ComponentInfo{com.games.whodiesfirst/com.unity3d.player.UnityPlayerActivity} user=UserHandle{0}
11-10 15:25:28.815  1884  4400 D LauncherAppsService: getActivityLaunchIntent callingPackage=com.android.systemui component=ComponentInfo{com.ghisler.android.TotalCommander/com.ghisler.android.TotalCommander.TotalCommander} user=UserHandle{0}
11-10 15:25:28.816  1884  2447 D LauncherAppsService: getActivityLaunchIntent callingPackage=com.android.systemui component=ComponentInfo{com.globalfun.ben10ae.google/com.globalfun.FullActivity} user=UserHandle{0}
11-10 15:25:28.817  1884  4400 D LauncherAppsService: getActivityLaunchIntent callingPackage=com.android.systemui component=ComponentInfo{com.google.android.apps.authenticator2/com.google.android.apps.authenticator2.main.MainActivity} user=UserHandle{0}
11-10 15:25:28.818  1884  4400 D LauncherAppsService: getActivityLaunchIntent callingPackage=com.android.systemui component=ComponentInfo{com.google.android.apps.bard/com.google.android.apps.bard.shellapp.BardEntryPointActivity} user=UserHandle{0}
11-10 15:25:28.819  1884  4372 D LauncherAppsService: getActivityLaunchIntent callingPackage=com.android.systemui component=ComponentInfo{com.google.android.apps.chromecast.app/com.google.android.apps.chromecast.app.DiscoveryActivity} user=UserHandle{0}
11-10 15:25:28.820  1884  5328 D LauncherAppsService: getActivityLaunchIntent callingPackage=com.android.systemui component=ComponentInfo{com.google.android.apps.fitness/com.google.android.apps.fitness.welcome.WelcomeActivity} user=UserHandle{0}
11-10 15:25:28.821  1884  4367 D LauncherAppsService: getActivityLaunchIntent callingPackage=com.android.systemui component=ComponentInfo{com.google.android.apps.searchlite/com.google.android.apps.searchlite.ui.SearchActivity} user=UserHandle{0}
11-10 15:25:28.821  1431  2167 W USF     : USF_API: Drop flicker data, cannot find sampling_id:84682!
11-10 15:25:28.822  1884  4400 D LauncherAppsService: getActivityLaunchIntent callingPackage=com.android.systemui component=ComponentInfo{com.google.android.apps.subscriptions.red/com.google.android.apps.subscriptions.red.LauncherActivity} user=UserHandle{0}
11-10 15:25:28.823  1884  1911 I system_server: Background concurrent mark compact GC freed 59MB AllocSpace bytes, 54(1640KB) LOS objects, 46% free, 108MB/204MB, paused 2.343ms,11.012ms total 731.371ms
11-10 15:25:28.823  1884  5328 D LauncherAppsService: getActivityLaunchIntent callingPackage=com.android.systemui component=ComponentInfo{com.google.android.apps.translate/com.google.android.apps.translate.TranslateActivity} user=UserHandle{0}
11-10 15:25:28.824  1884  4367 D LauncherAppsService: getActivityLaunchIntent callingPackage=com.android.systemui component=ComponentInfo{com.google.android.keep/com.google.android.keep.activities.BrowseActivity} user=UserHandle{0}
11-10 15:25:28.825  1884  4372 D LauncherAppsService: getActivityLaunchIntent callingPackage=com.android.systemui component=ComponentInfo{com.gtsy.capturing.heroes/com.unity3d.player.UnityPlayerActivity} user=UserHandle{0}
11-10 15:25:28.825  1884  4372 D LauncherAppsService: getActivityLaunchIntent callingPackage=com.android.systemui component=ComponentInfo{com.hb.spider.games.fighting.hero/com.unity3d.player.UnityPlayerActivity} user=UserHandle{0}
11-10 15:25:28.826  1884  4367 D LauncherAppsService: getActivityLaunchIntent callingPackage=com.android.systemui component=ComponentInfo{com.htt.alpha.shooter.fps/com.unity3d.player.UnityPlayerActivity} user=UserHandle{0}
11-10 15:25:28.827  1884  5328 D LauncherAppsService: getActivityLaunchIntent callingPackage=com.android.systemui component=ComponentInfo{com.inotesapp.inotes/com.inotesapp.inotes.MainActivity} user=UserHandle{0}
11-10 15:25:28.827  1884  1912 I libbinder.BpBinder: onLastStrongRef automatically unlinking death recipients: 
11-10 15:25:28.828  1884  4372 D LauncherAppsService: getActivityLaunchIntent callingPackage=com.android.systemui component=ComponentInfo{com.instagram.android/com.instagram.android.activity.MainTabActivity} user=UserHandle{0}
11-10 15:25:28.828  1884  4372 D LauncherAppsService: getActivityLaunchIntent callingPackage=com.android.systemui component=ComponentInfo{com.kendamanomics.app/com.kendamanomics.app.MainActivity} user=UserHandle{0}
11-10 15:25:28.828  1884  4367 D LauncherAppsService: getActivityLaunchIntent callingPackage=com.android.systemui component=ComponentInfo{com.libratone/com.libratone.v3.activities.HomeActivity} user=UserHandle{0}
11-10 15:25:28.829  1884  4372 D LauncherAppsService: getActivityLaunchIntent callingPackage=com.android.systemui component=ComponentInfo{com.linkedin.android/com.linkedin.android.authenticator.LaunchActivityDefault} user=UserHandle{0}
11-10 15:25:28.830  1884  5328 D LauncherAppsService: getActivityLaunchIntent callingPackage=com.android.systemui component=ComponentInfo{com.mcdonalds.mobileapp/com.mcdonalds.mobileapp.SplashActivity} user=UserHandle{0}
11-10 15:25:28.830  1884  4400 D LauncherAppsService: getActivityLaunchIntent callingPackage=com.android.systemui component=ComponentInfo{com.microsoft.appmanager/com.microsoft.appmanager.StartUpCoreActivity} user=UserHandle{0}
11-10 15:25:28.831  1884  5328 D LauncherAppsService: getActivityLaunchIntent callingPackage=com.android.systemui component=ComponentInfo{com.microsoft.office.excel/com.microsoft.office.apphost.LaunchActivity} user=UserHandle{0}
11-10 15:25:28.831  1431  2167 W USF     : USF_API: Drop flicker data, cannot find sampling_id:84682!
11-10 15:25:28.831  1884  5328 D LauncherAppsService: getActivityLaunchIntent callingPackage=com.android.systemui component=ComponentInfo{com.microsoft.office.onenote/com.microsoft.office.onenote.ui.ONMSplashActivity} user=UserHandle{0}
11-10 15:25:28.831  1884  4367 D LauncherAppsService: getActivityLaunchIntent callingPackage=com.android.systemui component=ComponentInfo{com.microsoft.office.word/com.microsoft.office.apphost.LaunchActivity} user=UserHandle{0}
11-10 15:25:28.832  1884  5328 D LauncherAppsService: getActivityLaunchIntent callingPackage=com.android.systemui component=ComponentInfo{com.microsoft.rdc.androidx/com.microsoft.windowsapp.ui.HomeActivity} user=UserHandle{0}
11-10 15:25:28.832  1884  4400 D LauncherAppsService: getActivityLaunchIntent callingPackage=com.android.systemui component=ComponentInfo{com.microsoft.teams/com.microsoft.skype.teams.Launcher} user=UserHandle{0}
11-10 15:25:28.833  1884  2447 D LauncherAppsService: getActivityLaunchIntent callingPackage=com.android.systemui component=ComponentInfo{com.microsoft.windowsintune.companyportal/com.microsoft.windowsintune.companyportal.views.SplashActivity} user=UserHandle{0}
11-10 15:25:28.833  1884  4367 D LauncherAppsService: getActivityLaunchIntent callingPackage=com.android.systemui component=ComponentInfo{com.mojang.minecraftpe/com.mojang.minecraftpe.MainActivity} user=UserHandle{0}
11-10 15:25:28.834  1884  2447 D LauncherAppsService: getActivityLaunchIntent callingPackage=com.android.systemui component=ComponentInfo{com.movile.playkids.pkxd/com.movile.playkids.pkxd.base.UnityPlayerActivity} user=UserHandle{0}
11-10 15:25:28.834  1884  2447 D LauncherAppsService: getActivityLaunchIntent callingPackage=com.android.systemui component=ComponentInfo{com.musicpay.app/com.musicpay.app.MainActivity} user=UserHandle{0}
11-10 15:25:28.835  1884  2447 D LauncherAppsService: getActivityLaunchIntent callingPackage=com.android.systemui component=ComponentInfo{com.netflix.mediaclient/com.netflix.mediaclient.ui.launch.UIWebViewActivity} user=UserHandle{0}
11-10 15:25:28.835  1884  2447 D LauncherAppsService: getActivityLaunchIntent callingPackage=com.android.systemui component=ComponentInfo{com.nexar.spider.web.shooting.puzzles/com.unity3d.player.UnityPlayerActivity} user=UserHandle{0}
11-10 15:25:28.836  1884  2447 D LauncherAppsService: getActivityLaunchIntent callingPackage=com.android.systemui component=ComponentInfo{com.okta.android.auth/com.okta.android.auth.activity.SplashActivity} user=UserHandle{0}
11-10 15:25:28.837  1884  4400 D LauncherAppsService: getActivityLaunchIntent callingPackage=com.android.systemui component=ComponentInfo{com.onebutton.mrsuper2/com.onebutton.cpp.AppActivity} user=UserHandle{0}
11-10 15:25:28.837  1884  4372 D LauncherAppsService: getActivityLaunchIntent callingPackage=com.android.systemui component=ComponentInfo{com.onepassword.android/com.onepassword.android.app.StartActivity} user=UserHandle{0}
11-10 15:25:28.838  1884  2447 D LauncherAppsService: getActivityLaunchIntent callingPackage=com.android.systemui component=ComponentInfo{com.openai.chatgpt/com.openai.chatgpt.MainActivity} user=UserHandle{0}
11-10 15:25:28.838  1884  4400 D LauncherAppsService: getActivityLaunchIntent callingPackage=com.android.systemui component=ComponentInfo{com.orange.contultauorange/com.orange.contultauorange.presentation.entry.EntryActivity} user=UserHandle{0}
11-10 15:25:28.839  1884  5328 D LauncherAppsService: getActivityLaunchIntent callingPackage=com.android.systemui component=ComponentInfo{com.paurau.SlowMoRun/com.unity3d.player.UnityPlayerActivity} user=UserHandle{0}
11-10 15:25:28.839  1884  4400 D LauncherAppsService: getActivityLaunchIntent callingPackage=com.android.systemui component=ComponentInfo{com.rarlab.rar/com.rarlab.rar.MainActivity} user=UserHandle{0}
11-10 15:25:28.840  1884  4367 D LauncherAppsService: getActivityLaunchIntent callingPackage=com.android.systemui component=ComponentInfo{com.reddit.frontpage/launcher.default} user=UserHandle{0}
11-10 15:25:28.840  1884  4400 D LauncherAppsService: getActivityLaunchIntent callingPackage=com.android.systemui component=ComponentInfo{com.redhands.twoplayergames/com.unity3d.player.UnityPlayerActivity} user=UserHandle{0}
11-10 15:25:28.841  1431  2167 W USF     : USF_API: Drop flicker data, cannot find sampling_id:84682!
11-10 15:25:28.841  1884  5328 D LauncherAppsService: getActivityLaunchIntent callingPackage=com.android.systemui component=ComponentInfo{com.revolut.revolut/com.revolut.ui.login.pin.LoginActivity} user=UserHandle{0}
11-10 15:25:28.841  1884  4400 D LauncherAppsService: getActivityLaunchIntent callingPackage=com.android.systemui component=ComponentInfo{com.rlg.future.robot.transform.car.racing/com.unity3d.player.UnityPlayerActivity} user=UserHandle{0}
11-10 15:25:28.842  1884  2447 D LauncherAppsService: getActivityLaunchIntent callingPackage=com.android.systemui component=ComponentInfo{com.sameday.client.mobile/com.sameday.client.mobile.MainActivity} user=UserHandle{0}
