10-07 07:25:18.826 I/WifiHAL ( 1074): In GetCachedScanResultsCommand::handleResponse
10-07 07:25:21.916 I/WifiHAL ( 1074): In GetCachedScanResultsCommand::handleResponse
10-07 07:25:25.006 I/WifiHAL ( 1074): In GetCachedScanResultsCommand::handleResponse
10-07 07:25:28.133 I/WifiHAL ( 1074): In GetCachedScanResultsCommand::handleResponse
10-07 07:25:31.261 I/WifiHAL ( 1074): In GetCachedScanResultsCommand::handleResponse
10-07 07:25:34.369 I/WifiHAL ( 1074): In GetCachedScanResultsCommand::handleResponse
10-07 07:25:37.453 I/WifiHAL ( 1074): In GetCachedScanResultsCommand::handleResponse
10-07 07:25:40.576 I/WifiHAL ( 1074): In GetCachedScanResultsCommand::handleResponse
10-07 07:25:43.667 I/WifiHAL ( 1074): In GetCachedScanResultsCommand::handleResponse
10-07 07:25:46.770 I/WifiHAL ( 1074): In GetCachedScanResultsCommand::handleResponse
10-07 07:25:49.860 I/WifiHAL ( 1074): In GetCachedScanResultsCommand::handleResponse
10-07 07:25:52.943 I/WifiHAL ( 1074): In GetCachedScanResultsCommand::handleResponse
10-07 07:25:56.073 I/WifiHAL ( 1074): In GetCachedScanResultsCommand::handleResponse
10-07 07:25:58.488 D/MusicViewModel(29984): === APP STARTED ===
10-07 07:25:58.489 D/MusicViewModel(29984): Session counters reset
10-07 07:25:58.538 I/ExoPlayerImpl(29984): Init 27ce69d [AndroidXMedia3/1.3.1] [husky, Pixel 8 Pro, Google, 36]
10-07 07:25:58.551 I/biledigger:main(29984): hiddenapi: Accessing hidden method Landroid/media/AudioTrack;->getLatency()I (runtime_flags=0, domain=platform, api=unsupported) from Landroidx/media3/exoplayer/audio/AudioTrackPositionTracker; (domain=app) using reflection: allowed
10-07 07:25:58.563 D/AudioManager(29984): AudioManager initialized with FFmpegMediaPlayer + ExoPlayer fallback
10-07 07:25:58.565 D/MusicViewModel(29984): Loading liked files from destination folder: null
10-07 07:25:58.569 D/MusicViewModel(29984): No destination folder found
10-07 07:25:58.571 D/MusicViewModel(29984): Loaded subfolder history: 2 items
10-07 07:25:58.572 D/MusicViewModel(29984): MusicService started successfully.
10-07 07:25:58.589 D/MusicService( 7509): Started foreground service with notification
10-07 07:25:58.654 D/MusicViewModel(29984): Restored destination folder: /tree/primary:Results/document/primary:Results
10-07 07:25:58.654 D/MusicViewModel(29984): Restored destination folder: /tree/primary:Results/document/primary:Results
10-07 07:25:58.654 D/MusicViewModel(29984): Source folder available: content://com.android.externalstorage.documents/tree/primary%3AAndroid%2Fmedia%2Fcom.whatsapp%2FWhatsApp%2FMedia%2FWhatsApp%20Documents
10-07 07:25:58.654 D/MusicViewModel(29984): Source folder available: content://com.android.externalstorage.documents/tree/primary%3AAndroid%2Fmedia%2Fcom.whatsapp%2FWhatsApp%2FMedia%2FWhatsApp%20Documents
10-07 07:25:58.659 D/MusicViewModel(29984): Source folder restored (use Rescan to load files)
10-07 07:25:58.659 D/MusicViewModel(29984): Initialized successfully
10-07 07:25:58.977 D/MusicViewModel(29984): Updated liked files StateFlow with 0 files
10-07 07:25:58.978 D/MusicViewModel(29984): Notification receiver registered successfully
10-07 07:25:58.994 D/MusicViewModel(29984): Loading rejected files from URI: content://com.android.externalstorage.documents/tree/primary%3AResults/document/primary%3AResults%2FRejected
10-07 07:25:59.160 I/WifiHAL ( 1074): In GetCachedScanResultsCommand::handleResponse
10-07 07:25:59.302 D/MusicViewModel(29984): Found 265 rejected files
10-07 07:25:59.303 D/MusicViewModel(29984): Updated rejected files StateFlow with 265 files
10-07 07:25:59.892 D/MusicViewModel(29984): Rescanning source folder: content://com.android.externalstorage.documents/tree/primary%3AAndroid%2Fmedia%2Fcom.whatsapp%2FWhatsApp%2FMedia%2FWhatsApp%20Documents
10-07 07:25:59.894 D/AudioManager(29984): ExoPlayer cleared
10-07 07:25:59.895 D/AudioManager(29984): ExoPlayer cleared
10-07 07:25:59.895 D/MusicViewModel(29984): Starting folder selection: content://com.android.externalstorage.documents/tree/primary%3AAndroid%2Fmedia%2Fcom.whatsapp%2FWhatsApp%2FMedia%2FWhatsApp%20Documents
10-07 07:25:59.902 D/MusicViewModel(29984): FileManager.setSelectedFolder completed
10-07 07:25:59.902 D/MusicViewModel(29984): Saved source folder URI: content://com.android.externalstorage.documents/tree/primary%3AAndroid%2Fmedia%2Fcom.whatsapp%2FWhatsApp%2FMedia%2FWhatsApp%20Documents
10-07 07:25:59.908 D/FileManager(29984): SAF folder exists: true, canRead: true
10-07 07:25:59.982 D/MusicViewModel(29984): MusicService started successfully.
10-07 07:25:59.998 D/MusicService( 7509): Started foreground service with notification
10-07 07:26:00.005 D/MusicService( 7509): updateNotificationData - Title: MobileDigger, Playing: false, Position: 0, Duration: 0
10-07 07:26:00.023 D/MediaSessionService( 1579): onSessionPlaybackStateChanged: record=com.example.mobiledigger/androidx.media3.session.id./120 (userId=0) playbackState=PlaybackState {state=ERROR(7), position=0, buffered position=0, speed=0.0, updated=116001489, actions=7339703, custom actions=[], active item id=0, error=Source error}
10-07 07:26:00.024 D/MusicService( 7509): Player (MediaSession) onMediaItemTransition reason: 3
10-07 07:26:00.024 D/MediaSessionService( 1579): onSessionPlaybackStateChanged: record=com.example.mobiledigger/androidx.media3.session.id./120 (userId=0) playbackState=PlaybackState {state=ERROR(7), position=0, buffered position=0, speed=0.0, updated=116001491, actions=7339703, custom actions=[], active item id=0, error=Source error}
10-07 07:26:00.025 D/MusicService( 7509): Player (MediaSession) onPlaybackStateChanged: 2, Duration: -9223372036854775807, Position: 0
10-07 07:26:00.030 D/MusicService( 7509): MediaSession player updated - URI: , Title: MobileDigger, Duration in Meta: 0
10-07 07:26:00.950 D/MusicViewModel(29984): FileManager.loadMusicFiles completed with 391 files
10-07 07:26:00.953 D/MusicViewModel(29984): Updated musicFiles state
10-07 07:26:00.955 D/AudioManager(29984): ExoPlayer cleared
10-07 07:26:00.955 D/AudioManager(29984): ExoPlayer attempting to play URI: content://com.android.externalstorage.documents/tree/primary%3AAndroid%2Fmedia%2Fcom.whatsapp%2FWhatsApp%2FMedia%2FWhatsApp%20Documents/document/primary%3AAndroid%2Fmedia%2Fcom.whatsapp%2FWhatsApp%2FMedia%2FWhatsApp%20Documents%2FSent%2FRo%CC%88yksopp%2C%20Fever%20Ray%2C%20Trentem%C3%B8ller%20-%20What%20Else%20Is%20There%20(True%20Electric)%20(2025).flac
10-07 07:26:00.956 D/MusicViewModel(29984): Loading liked files from destination folder: Results
10-07 07:26:00.960 D/AudioManager(29984): ExoPlayer started successfully
10-07 07:26:00.960 D/AudioManager(29984): ExoPlayer playback successful for: Röyksopp, Fever Ray, Trentemøller - What Else Is There (True Electric) (2025).flac
10-07 07:26:00.960 D/MusicViewModel(29984): Playback started successfully for Röyksopp, Fever Ray, Trentemøller - What Else Is There (True Electric) (2025).flac
10-07 07:26:00.966 D/MusicViewModel(29984): MusicService started successfully.
10-07 07:26:00.968 D/MusicViewModel(29984): selectFolder completed successfully
10-07 07:26:00.969 D/MusicViewModel(29984): Preloaded next song: ANII, Mila Journée - Real Low (Extended Mix).aiff
10-07 07:26:00.991 D/MusicService( 7509): Started foreground service with notification
10-07 07:26:00.998 D/MusicService( 7509): updateNotificationData - Title: Röyksopp, Fever Ray, Trentemøller - What Else Is There (True Electric) (2025).flac, Playing: true, Position: 0, Duration: 0
10-07 07:26:01.010 D/MusicService( 7509): Player (MediaSession) onMediaItemTransition reason: 3
10-07 07:26:01.012 D/MusicService( 7509): Player (MediaSession) onPlayWhenReadyChanged: true
10-07 07:26:01.017 D/MusicService( 7509): MediaSession player updated - URI: , Title: Röyksopp, Fever Ray, Trentemøller - What Else Is There (True Electric) (2025).flac, Duration in Meta: 0
10-07 07:26:01.214 E/MediaControllerCompat(31274): android.os.DeadObjectException: Transaction failed on small parcel; remote process probably died, but this could also be caused by running out of binder buffer space
10-07 07:26:01.439 D/MusicViewModel(29984): Loaded 2 subfolders.
10-07 07:26:01.641 D/MusicViewModel(29984): Found 97 liked files (including subfolders), 84 unique
10-07 07:26:01.643 D/MusicViewModel(29984): Updated liked files StateFlow with 84 files
10-07 07:26:01.663 D/MusicViewModel(29984): Loading rejected files from URI: content://com.android.externalstorage.documents/tree/primary%3AResults/document/primary%3AResults%2FRejected
10-07 07:26:01.854 D/MusicViewModel(29984): Found 265 rejected files
10-07 07:26:01.860 D/MusicViewModel(29984): Updated rejected files StateFlow with 265 files
10-07 07:26:02.220 I/WifiHAL ( 1074): In GetCachedScanResultsCommand::handleResponse
10-07 07:26:04.015 E/ExoPlayerImplInternal( 7509): Playback error
10-07 07:26:04.015 E/ExoPlayerImplInternal( 7509):   androidx.media3.exoplayer.ExoPlaybackException: Source error
10-07 07:26:04.015 E/ExoPlayerImplInternal( 7509):       at androidx.media3.exoplayer.ExoPlayerImplInternal.handleIoException(ExoPlayerImplInternal.java:717)
10-07 07:26:04.015 E/ExoPlayerImplInternal( 7509):       at androidx.media3.exoplayer.ExoPlayerImplInternal.handleMessage(ExoPlayerImplInternal.java:689)
10-07 07:26:04.015 E/ExoPlayerImplInternal( 7509):       at android.os.Handler.dispatchMessage(Handler.java:106)
10-07 07:26:04.015 E/ExoPlayerImplInternal( 7509):       at android.os.Looper.dispatchMessage(Looper.java:315)
10-07 07:26:04.015 E/ExoPlayerImplInternal( 7509):       at android.os.Looper.loopOnce(Looper.java:251)
10-07 07:26:04.015 E/ExoPlayerImplInternal( 7509):       at android.os.Looper.loop(Looper.java:349)
10-07 07:26:04.015 E/ExoPlayerImplInternal( 7509):       at android.os.HandlerThread.run(HandlerThread.java:100)
10-07 07:26:04.015 E/ExoPlayerImplInternal( 7509):   Caused by: androidx.media3.datasource.FileDataSource$FileDataSourceException: java.io.FileNotFoundException: : open failed: ENOENT (No such file or directory)
10-07 07:26:04.015 E/ExoPlayerImplInternal( 7509):       at androidx.media3.datasource.FileDataSource.openLocalFile(FileDataSource.java:205)
10-07 07:26:04.015 E/ExoPlayerImplInternal( 7509):       at androidx.media3.datasource.FileDataSource.open(FileDataSource.java:116)
10-07 07:26:04.015 E/ExoPlayerImplInternal( 7509):       at androidx.media3.datasource.DefaultDataSource.open(DefaultDataSource.java:275)
10-07 07:26:04.015 E/ExoPlayerImplInternal( 7509):       at androidx.media3.datasource.StatsDataSource.open(StatsDataSource.java:86)
10-07 07:26:04.015 E/ExoPlayerImplInternal( 7509):       at androidx.media3.exoplayer.source.ProgressiveMediaPeriod$ExtractingLoadable.load(ProgressiveMediaPeriod.java:1029)
10-07 07:26:04.015 E/ExoPlayerImplInternal( 7509):       at androidx.media3.exoplayer.upstream.Loader$LoadTask.run(Loader.java:421)
10-07 07:26:04.015 E/ExoPlayerImplInternal( 7509):       at java.util.concurrent.ThreadPoolExecutor.runWorker(ThreadPoolExecutor.java:1156)
10-07 07:26:04.015 E/ExoPlayerImplInternal( 7509):       at java.util.concurrent.ThreadPoolExecutor$Worker.run(ThreadPoolExecutor.java:651)
10-07 07:26:04.015 E/ExoPlayerImplInternal( 7509):       at java.lang.Thread.run(Thread.java:1119)
10-07 07:26:04.015 E/ExoPlayerImplInternal( 7509):   Caused by: java.io.FileNotFoundException: : open failed: ENOENT (No such file or directory)
10-07 07:26:04.015 E/ExoPlayerImplInternal( 7509):       at libcore.io.IoBridge.open(IoBridge.java:574)
10-07 07:26:04.015 E/ExoPlayerImplInternal( 7509):       at java.io.RandomAccessFile.<init>(RandomAccessFile.java:307)
10-07 07:26:04.015 E/ExoPlayerImplInternal( 7509):       at java.io.RandomAccessFile.<init>(RandomAccessFile.java:237)
10-07 07:26:04.015 E/ExoPlayerImplInternal( 7509):       at java.io.RandomAccessFile.<init>(RandomAccessFile.java:154)
10-07 07:26:04.015 E/ExoPlayerImplInternal( 7509):       at androidx.media3.datasource.FileDataSource.openLocalFile(FileDataSource.java:186)
10-07 07:26:04.015 E/ExoPlayerImplInternal( 7509):       ... 8 more
10-07 07:26:04.015 E/ExoPlayerImplInternal( 7509):   Caused by: android.system.ErrnoException: open failed: ENOENT (No such file or directory)
10-07 07:26:04.015 E/ExoPlayerImplInternal( 7509):       at libcore.io.Linux.open(Native Method)
10-07 07:26:04.015 E/ExoPlayerImplInternal( 7509):       at libcore.io.ForwardingOs.open(ForwardingOs.java:568)
10-07 07:26:04.015 E/ExoPlayerImplInternal( 7509):       at libcore.io.BlockGuardOs.open(BlockGuardOs.java:274)
10-07 07:26:04.015 E/ExoPlayerImplInternal( 7509):       at libcore.io.ForwardingOs.open(ForwardingOs.java:568)
10-07 07:26:04.015 E/ExoPlayerImplInternal( 7509):       at android.app.AndroidForwardingOs.open(AndroidForwardingOs.java:120)
10-07 07:26:04.015 E/ExoPlayerImplInternal( 7509):       at libcore.io.IoBridge.open(IoBridge.java:560)
10-07 07:26:04.015 E/ExoPlayerImplInternal( 7509):       ... 12 more
10-07 07:26:04.019 D/MusicService( 7509): Player (MediaSession) Error: Source error
10-07 07:26:04.019 D/MusicService( 7509): androidx.media3.exoplayer.ExoPlaybackException: Source error
10-07 07:26:04.019 D/MusicService( 7509): 	at androidx.media3.exoplayer.ExoPlayerImplInternal.handleIoException(ExoPlayerImplInternal.java:717)
10-07 07:26:04.019 D/MusicService( 7509): 	at androidx.media3.exoplayer.ExoPlayerImplInternal.handleMessage(ExoPlayerImplInternal.java:689)
10-07 07:26:04.019 D/MusicService( 7509): 	at android.os.Handler.dispatchMessage(Handler.java:106)
10-07 07:26:04.019 D/MusicService( 7509): 	at android.os.Looper.dispatchMessage(Looper.java:315)
10-07 07:26:04.019 D/MusicService( 7509): 	at android.os.Looper.loopOnce(Looper.java:251)
10-07 07:26:04.019 D/MusicService( 7509): 	at android.os.Looper.loop(Looper.java:349)
10-07 07:26:04.019 D/MusicService( 7509): 	at android.os.HandlerThread.run(HandlerThread.java:100)
10-07 07:26:04.019 D/MusicService( 7509): Caused by: androidx.media3.datasource.FileDataSource$FileDataSourceException: java.io.FileNotFoundException: : open failed: ENOENT (No such file or directory)
10-07 07:26:04.019 D/MusicService( 7509): 	at androidx.media3.datasource.FileDataSource.openLocalFile(FileDataSource.java:205)
10-07 07:26:04.019 D/MusicService( 7509): 	at androidx.media3.datasource.FileDataSource.open(FileDataSource.java:116)
10-07 07:26:04.019 D/MusicService( 7509): 	at androidx.media3.datasource.DefaultDataSource.open(DefaultDataSource.java:275)
10-07 07:26:04.019 D/MusicService( 7509): 	at androidx.media3.datasource.StatsDataSource.open(StatsDataSource.java:86)
10-07 07:26:04.019 D/MusicService( 7509): 	at androidx.media3.exoplayer.source.ProgressiveMediaPeriod$ExtractingLoadable.load(ProgressiveMediaPeriod.java:1029)
10-07 07:26:04.019 D/MusicService( 7509): 	at androidx.media3.exoplayer.upstream.Loader$LoadTask.run(Loader.java:421)
10-07 07:26:04.019 D/MusicService( 7509): 	at java.util.concurrent.ThreadPoolExecutor.runWorker(ThreadPoolExecutor.java:1156)
10-07 07:26:04.019 D/MusicService( 7509): 	at java.util.concurrent.ThreadPoolExecutor$Worker.run(ThreadPoolExecutor.java:651)
10-07 07:26:04.019 D/MusicService( 7509): 	at java.lang.Thread.run(Thread.java:1119)
10-07 07:26:04.019 D/MusicService( 7509): Caused by: java.io.FileNotFoundException: : open failed: ENOENT (No such file or directory)
10-07 07:26:04.019 D/MusicService( 7509): 	at libcore.io.IoBridge.open(IoBridge.java:574)
10-07 07:26:04.019 D/MusicService( 7509): 	at java.io.RandomAccessFile.<init>(RandomAccessFile.java:307)
10-07 07:26:04.019 D/MusicService( 7509): 	at java.io.RandomAccessFile.<init>(RandomAccessFile.java:237)
10-07 07:26:04.019 D/MusicService( 7509): 	at java.io.RandomAccessFile.<init>(RandomAccessFile.java:154)
10-07 07:26:04.019 D/MusicService( 7509): 	at androidx.media3.datasource.FileDataSource.openLocalFile(FileDataSource.java:186)
10-07 07:26:04.019 D/MusicService( 7509): 	... 8 more
10-07 07:26:04.019 D/MusicService( 7509): Caused by: android.system.ErrnoException: open failed: ENOENT (No such file or directory)
10-07 07:26:04.019 D/MusicService( 7509): 	at libcore.io.Linux.open(Native Method)
10-07 07:26:04.019 D/MusicService( 7509): 	at libcore.io.ForwardingOs.open(ForwardingOs.java:568)
10-07 07:26:04.019 D/MusicService( 7509): 	at libcore.io.BlockGuardOs.open(BlockGuardOs.java:274)
10-07 07:26:04.019 D/MusicService( 7509): 	at libcore.io.ForwardingOs.open(ForwardingOs.java:568)
10-07 07:26:04.019 D/MusicService( 7509): 	at android.app.AndroidForwardingOs.open(AndroidForwardingOs.java:120)
10-07 07:26:04.019 D/MusicService( 7509): 	at libcore.io.IoBridge.open(IoBridge.java:560)
10-07 07:26:04.019 D/MusicService( 7509): 	... 12 more
10-07 07:26:04.020 D/MediaSessionService( 1579): onSessionPlaybackStateChanged: record=com.example.mobiledigger/androidx.media3.session.id./120 (userId=0) playbackState=PlaybackState {state=ERROR(7), position=0, buffered position=0, speed=0.0, updated=116005487, actions=7339703, custom actions=[], active item id=0, error=Source error}
10-07 07:26:04.020 D/MusicService( 7509): Player (MediaSession) onPlaybackStateChanged: 1, Duration: -9223372036854775807, Position: 0
10-07 07:26:04.025 D/MediaSessionService( 1579): onSessionPlaybackStateChanged: record=com.example.mobiledigger/androidx.media3.session.id./120 (userId=0) playbackState=PlaybackState {state=ERROR(7), position=0, buffered position=0, speed=0.0, updated=116005492, actions=7339703, custom actions=[], active item id=0, error=Source error}
10-07 07:26:05.284 I/WifiHAL ( 1074): In GetCachedScanResultsCommand::handleResponse
10-07 07:26:06.038 I/NearbyDiscovery(16232): (REDACTED) ApFastPairScanner: eventType=%s, intReq=%s, scanning=%s, scanAllowed=%s, bleEnabled=%s, lockScanRate=%s, startScanningByLowPowerMode=%s
10-07 07:26:06.038 I/NearbyDiscovery(16232): ApFastPairScanner: LockScanRateResult isn't UNLOCK but handled [CONTEXT service_id=265 ]
10-07 07:26:08.396 I/WifiHAL ( 1074): In GetCachedScanResultsCommand::handleResponse
10-07 07:26:11.097 I/NearbyDiscovery(16232): (REDACTED) ApFastPairScanner: eventType=%s, intReq=%s, scanning=%s, scanAllowed=%s, bleEnabled=%s, lockScanRate=%s, startScanningByLowPowerMode=%s
10-07 07:26:11.480 I/WifiHAL ( 1074): In GetCachedScanResultsCommand::handleResponse
10-07 07:26:12.059 W/ProcStatsManager(25176): No process com.example.mobiledigger:music/10587 for service com.example.mobiledigger.audio.MusicService
10-07 07:26:12.262 W/ProcStatsManager(25176): No process com.example.mobiledigger:music/10587 for service com.example.mobiledigger.audio.MusicService
10-07 07:26:13.521 I/WifiHAL ( 1074): In GetCachedScanResultsCommand::handleResponse
10-07 07:26:14.588 I/WifiHAL ( 1074): In GetCachedScanResultsCommand::handleResponse
10-07 07:26:17.712 I/WifiHAL ( 1074): In GetCachedScanResultsCommand::handleResponse
10-07 07:26:20.845 I/WifiHAL ( 1074): In GetCachedScanResultsCommand::handleResponse
10-07 07:26:23.970 I/WifiHAL ( 1074): In GetCachedScanResultsCommand::handleResponse
10-07 07:26:27.093 I/WifiHAL ( 1074): In GetCachedScanResultsCommand::handleResponse
10-07 07:26:30.210 I/WifiHAL ( 1074): In GetCachedScanResultsCommand::handleResponse
10-07 07:26:33.361 I/WifiHAL ( 1074): In GetCachedScanResultsCommand::handleResponse
10-07 07:26:36.510 I/WifiHAL ( 1074): In GetCachedScanResultsCommand::handleResponse
10-07 07:26:39.673 I/WifiHAL ( 1074): In GetCachedScanResultsCommand::handleResponse
10-07 07:26:42.820 I/WifiHAL ( 1074): In GetCachedScanResultsCommand::handleResponse
10-07 07:26:45.949 I/WifiHAL ( 1074): In GetCachedScanResultsCommand::handleResponse
10-07 07:26:49.074 I/WifiHAL ( 1074): In GetCachedScanResultsCommand::handleResponse
10-07 07:26:52.187 I/WifiHAL ( 1074): In GetCachedScanResultsCommand::handleResponse
10-07 07:26:55.300 I/WifiHAL ( 1074): In GetCachedScanResultsCommand::handleResponse
10-07 07:26:58.435 I/WifiHAL ( 1074): In GetCachedScanResultsCommand::handleResponse
10-07 07:27:01.548 I/WifiHAL ( 1074): In GetCachedScanResultsCommand::handleResponse
10-07 07:27:04.723 I/WifiHAL ( 1074): In GetCachedScanResultsCommand::handleResponse
10-07 07:27:07.840 I/WifiHAL ( 1074): In GetCachedScanResultsCommand::handleResponse
10-07 07:27:10.958 I/WifiHAL ( 1074): In GetCachedScanResultsCommand::handleResponse
10-07 07:27:14.050 I/WifiHAL ( 1074): In GetCachedScanResultsCommand::handleResponse
10-07 07:27:15.994 I/WifiHAL ( 1074): In GetCachedScanResultsCommand::handleResponse
10-07 07:27:17.162 I/WifiHAL ( 1074): In GetCachedScanResultsCommand::handleResponse
10-07 07:27:20.239 I/WifiHAL ( 1074): In GetCachedScanResultsCommand::handleResponse
10-07 07:27:23.315 I/WifiHAL ( 1074): In GetCachedScanResultsCommand::handleResponse
10-07 07:27:26.420 I/WifiHAL ( 1074): In GetCachedScanResultsCommand::handleResponse
10-07 07:27:29.548 I/WifiHAL ( 1074): In GetCachedScanResultsCommand::handleResponse
10-07 07:27:32.633 I/WifiHAL ( 1074): In GetCachedScanResultsCommand::handleResponse
10-07 07:27:35.725 I/WifiHAL ( 1074): In GetCachedScanResultsCommand::handleResponse
10-07 07:27:38.802 I/WifiHAL ( 1074): In GetCachedScanResultsCommand::handleResponse
10-07 07:27:41.889 I/WifiHAL ( 1074): In GetCachedScanResultsCommand::handleResponse
10-07 07:27:44.979 I/WifiHAL ( 1074): In GetCachedScanResultsCommand::handleResponse
10-07 07:27:48.065 I/WifiHAL ( 1074): In GetCachedScanResultsCommand::handleResponse
10-07 07:27:51.144 I/WifiHAL ( 1074): In GetCachedScanResultsCommand::handleResponse
10-07 07:27:54.225 I/WifiHAL ( 1074): In GetCachedScanResultsCommand::handleResponse
10-07 07:27:57.321 I/WifiHAL ( 1074): In GetCachedScanResultsCommand::handleResponse
10-07 07:28:00.410 I/WifiHAL ( 1074): In GetCachedScanResultsCommand::handleResponse
10-07 07:28:03.500 I/WifiHAL ( 1074): In GetCachedScanResultsCommand::handleResponse
10-07 07:28:06.581 I/WifiHAL ( 1074): In GetCachedScanResultsCommand::handleResponse
10-07 07:28:09.655 I/WifiHAL ( 1074): In GetCachedScanResultsCommand::handleResponse
10-07 07:28:12.732 I/WifiHAL ( 1074): In GetCachedScanResultsCommand::handleResponse
10-07 07:28:15.818 I/WifiHAL ( 1074): In GetCachedScanResultsCommand::handleResponse
10-07 07:28:18.390 I/WifiHAL ( 1074): In GetCachedScanResultsCommand::handleResponse
10-07 07:28:18.921 I/WifiHAL ( 1074): In GetCachedScanResultsCommand::handleResponse
10-07 07:28:22.004 I/WifiHAL ( 1074): In GetCachedScanResultsCommand::handleResponse
10-07 07:28:25.088 I/WifiHAL ( 1074): In GetCachedScanResultsCommand::handleResponse
10-07 07:28:28.184 I/WifiHAL ( 1074): In GetCachedScanResultsCommand::handleResponse
10-07 07:28:31.279 I/WifiHAL ( 1074): In GetCachedScanResultsCommand::handleResponse
10-07 07:28:32.746 D/MusicServiceCallback( 7509): HEADPHONE NEXT → map to DISLIKE (single)
10-07 07:28:32.760 D/MusicService( 7509): Notification action: DISLIKE
10-07 07:28:32.767 D/MusicViewModel(29984): Safe sorting file: Röyksopp, Fever Ray, Trentemøller - What Else Is There (True Electric) (2025).flac with action DISLIKE
10-07 07:28:32.799 D/FileManager(29984): Source file found: Röyksopp, Fever Ray, Trentemøller - What Else Is There (True Electric) (2025).flac, exists: true, canRead: true
10-07 07:28:34.371 I/WifiHAL ( 1074): In GetCachedScanResultsCommand::handleResponse
10-07 07:28:35.026 D/AudioManager(29984): ExoPlayer stopped
10-07 07:28:35.027 D/AudioManager(29984): ExoPlayer cleared
10-07 07:28:35.028 D/MusicViewModel(29984): Loading AIFF file: ANII, Mila Journée - Real Low (Extended Mix).aiff
10-07 07:28:35.029 D/AudioManager(29984): ExoPlayer cleared
10-07 07:28:35.029 D/AudioManager(29984): Trying FFmpegMediaPlayer for AIFF (ExoPlayer doesn't support AIFF)
10-07 07:28:36.295 D/MusicViewModel(29984): Playback started successfully for ANII, Mila Journée - Real Low (Extended Mix).aiff
10-07 07:28:36.302 D/MusicViewModel(29984): MusicService started successfully.
10-07 07:28:36.330 D/MusicViewModel(29984): Preloaded next song: Roberto Palmero - Amayette [WERE HERE].aiff
10-07 07:28:36.332 D/MusicService( 7509): Started foreground service with notification
10-07 07:28:36.336 D/MusicService( 7509): updateNotificationData - Title: ANII, Mila Journée - Real Low (Extended Mix).aiff, Playing: true, Position: 0, Duration: 0
10-07 07:28:36.346 D/MediaSessionService( 1579): onSessionPlaybackStateChanged: record=com.example.mobiledigger/androidx.media3.session.id./120 (userId=0) playbackState=PlaybackState {state=ERROR(7), position=0, buffered position=0, speed=0.0, updated=116157812, actions=7339703, custom actions=[], active item id=0, error=Source error}
10-07 07:28:36.346 D/MusicService( 7509): Player (MediaSession) onMediaItemTransition reason: 3
10-07 07:28:36.347 D/MediaSessionService( 1579): onSessionPlaybackStateChanged: record=com.example.mobiledigger/androidx.media3.session.id./120 (userId=0) playbackState=PlaybackState {state=ERROR(7), position=0, buffered position=0, speed=0.0, updated=116157814, actions=7339703, custom actions=[], active item id=0, error=Source error}
10-07 07:28:36.349 D/MusicService( 7509): Player (MediaSession) onPlaybackStateChanged: 2, Duration: -9223372036854775807, Position: 0
10-07 07:28:36.355 D/MusicService( 7509): MediaSession player updated - URI: , Title: ANII, Mila Journée - Real Low (Extended Mix).aiff, Duration in Meta: 0
10-07 07:28:36.390 D/ResourceManager(29984): 	at com.example.mobiledigger.viewmodel.MusicViewModel.extractDuration(MusicViewModel.kt:1104)
10-07 07:28:36.390 D/ResourceManager(29984): 	at com.example.mobiledigger.viewmodel.MusicViewModel.access$extractDuration(MusicViewModel.kt:52)
10-07 07:28:36.390 D/ResourceManager(29984): 	at com.example.mobiledigger.viewmodel.MusicViewModel$loadCurrentFile$1.invokeSuspend(MusicViewModel.kt:1054)
10-07 07:28:36.425 D/ResourceManager(29984): 	at com.example.mobiledigger.viewmodel.MusicViewModel.extractDuration(MusicViewModel.kt:1104)
10-07 07:28:36.425 D/ResourceManager(29984): 	at com.example.mobiledigger.viewmodel.MusicViewModel.access$extractDuration(MusicViewModel.kt:52)
10-07 07:28:36.425 D/ResourceManager(29984): 	at com.example.mobiledigger.viewmodel.MusicViewModel$loadCurrentFile$1.invokeSuspend(MusicViewModel.kt:1054)
10-07 07:28:36.633 D/MusicViewModel(29984): Refreshed all playlists
10-07 07:28:36.640 D/MusicViewModel(29984): Loading liked files from destination folder: Results
10-07 07:28:37.247 D/MusicViewModel(29984): Found 97 liked files (including subfolders), 84 unique
10-07 07:28:37.247 D/MusicViewModel(29984): Updated liked files StateFlow with 84 files
10-07 07:28:37.259 D/MusicViewModel(29984): Loading rejected files from URI: content://com.android.externalstorage.documents/tree/primary%3AResults/document/primary%3AResults%2FRejected
10-07 07:28:37.438 I/WifiHAL ( 1074): In GetCachedScanResultsCommand::handleResponse
10-07 07:28:37.444 D/MusicViewModel(29984): Found 266 rejected files
10-07 07:28:37.446 D/MusicViewModel(29984): Updated rejected files StateFlow with 266 files
10-07 07:28:37.727 I/WifiHAL ( 1074): In GetCachedScanResultsCommand::handleResponse
10-07 07:28:39.393 E/ExoPlayerImplInternal( 7509): Playback error
10-07 07:28:39.393 E/ExoPlayerImplInternal( 7509):   androidx.media3.exoplayer.ExoPlaybackException: Source error
10-07 07:28:39.393 E/ExoPlayerImplInternal( 7509):       at androidx.media3.exoplayer.ExoPlayerImplInternal.handleIoException(ExoPlayerImplInternal.java:717)
10-07 07:28:39.393 E/ExoPlayerImplInternal( 7509):       at androidx.media3.exoplayer.ExoPlayerImplInternal.handleMessage(ExoPlayerImplInternal.java:689)
10-07 07:28:39.393 E/ExoPlayerImplInternal( 7509):       at android.os.Handler.dispatchMessage(Handler.java:106)
10-07 07:28:39.393 E/ExoPlayerImplInternal( 7509):       at android.os.Looper.dispatchMessage(Looper.java:315)
10-07 07:28:39.393 E/ExoPlayerImplInternal( 7509):       at android.os.Looper.loopOnce(Looper.java:251)
10-07 07:28:39.393 E/ExoPlayerImplInternal( 7509):       at android.os.Looper.loop(Looper.java:349)
10-07 07:28:39.393 E/ExoPlayerImplInternal( 7509):       at android.os.HandlerThread.run(HandlerThread.java:100)
10-07 07:28:39.393 E/ExoPlayerImplInternal( 7509):   Caused by: androidx.media3.datasource.FileDataSource$FileDataSourceException: java.io.FileNotFoundException: : open failed: ENOENT (No such file or directory)
10-07 07:28:39.393 E/ExoPlayerImplInternal( 7509):       at androidx.media3.datasource.FileDataSource.openLocalFile(FileDataSource.java:205)
10-07 07:28:39.393 E/ExoPlayerImplInternal( 7509):       at androidx.media3.datasource.FileDataSource.open(FileDataSource.java:116)
10-07 07:28:39.393 E/ExoPlayerImplInternal( 7509):       at androidx.media3.datasource.DefaultDataSource.open(DefaultDataSource.java:275)
10-07 07:28:39.393 E/ExoPlayerImplInternal( 7509):       at androidx.media3.datasource.StatsDataSource.open(StatsDataSource.java:86)
10-07 07:28:39.393 E/ExoPlayerImplInternal( 7509):       at androidx.media3.exoplayer.source.ProgressiveMediaPeriod$ExtractingLoadable.load(ProgressiveMediaPeriod.java:1029)
10-07 07:28:39.393 E/ExoPlayerImplInternal( 7509):       at androidx.media3.exoplayer.upstream.Loader$LoadTask.run(Loader.java:421)
10-07 07:28:39.393 E/ExoPlayerImplInternal( 7509):       at java.util.concurrent.ThreadPoolExecutor.runWorker(ThreadPoolExecutor.java:1156)
10-07 07:28:39.393 E/ExoPlayerImplInternal( 7509):       at java.util.concurrent.ThreadPoolExecutor$Worker.run(ThreadPoolExecutor.java:651)
10-07 07:28:39.393 E/ExoPlayerImplInternal( 7509):       at java.lang.Thread.run(Thread.java:1119)
10-07 07:28:39.393 E/ExoPlayerImplInternal( 7509):   Caused by: java.io.FileNotFoundException: : open failed: ENOENT (No such file or directory)
10-07 07:28:39.393 E/ExoPlayerImplInternal( 7509):       at libcore.io.IoBridge.open(IoBridge.java:574)
10-07 07:28:39.393 E/ExoPlayerImplInternal( 7509):       at java.io.RandomAccessFile.<init>(RandomAccessFile.java:307)
10-07 07:28:39.393 E/ExoPlayerImplInternal( 7509):       at java.io.RandomAccessFile.<init>(RandomAccessFile.java:237)
10-07 07:28:39.393 E/ExoPlayerImplInternal( 7509):       at java.io.RandomAccessFile.<init>(RandomAccessFile.java:154)
10-07 07:28:39.393 E/ExoPlayerImplInternal( 7509):       at androidx.media3.datasource.FileDataSource.openLocalFile(FileDataSource.java:186)
10-07 07:28:39.393 E/ExoPlayerImplInternal( 7509):       ... 8 more
10-07 07:28:39.393 E/ExoPlayerImplInternal( 7509):   Caused by: android.system.ErrnoException: open failed: ENOENT (No such file or directory)
10-07 07:28:39.393 E/ExoPlayerImplInternal( 7509):       at libcore.io.Linux.open(Native Method)
10-07 07:28:39.393 E/ExoPlayerImplInternal( 7509):       at libcore.io.ForwardingOs.open(ForwardingOs.java:568)
10-07 07:28:39.393 E/ExoPlayerImplInternal( 7509):       at libcore.io.BlockGuardOs.open(BlockGuardOs.java:274)
10-07 07:28:39.393 E/ExoPlayerImplInternal( 7509):       at libcore.io.ForwardingOs.open(ForwardingOs.java:568)
10-07 07:28:39.393 E/ExoPlayerImplInternal( 7509):       at android.app.AndroidForwardingOs.open(AndroidForwardingOs.java:120)
10-07 07:28:39.393 E/ExoPlayerImplInternal( 7509):       at libcore.io.IoBridge.open(IoBridge.java:560)
10-07 07:28:39.393 E/ExoPlayerImplInternal( 7509):       ... 12 more
10-07 07:28:39.409 D/MusicService( 7509): Player (MediaSession) Error: Source error
10-07 07:28:39.409 D/MusicService( 7509): androidx.media3.exoplayer.ExoPlaybackException: Source error
10-07 07:28:39.409 D/MusicService( 7509): 	at androidx.media3.exoplayer.ExoPlayerImplInternal.handleIoException(ExoPlayerImplInternal.java:717)
10-07 07:28:39.409 D/MusicService( 7509): 	at androidx.media3.exoplayer.ExoPlayerImplInternal.handleMessage(ExoPlayerImplInternal.java:689)
10-07 07:28:39.409 D/MusicService( 7509): 	at android.os.Handler.dispatchMessage(Handler.java:106)
10-07 07:28:39.409 D/MusicService( 7509): 	at android.os.Looper.dispatchMessage(Looper.java:315)
10-07 07:28:39.409 D/MusicService( 7509): 	at android.os.Looper.loopOnce(Looper.java:251)
10-07 07:28:39.409 D/MusicService( 7509): 	at android.os.Looper.loop(Looper.java:349)
10-07 07:28:39.409 D/MusicService( 7509): 	at android.os.HandlerThread.run(HandlerThread.java:100)
10-07 07:28:39.409 D/MusicService( 7509): Caused by: androidx.media3.datasource.FileDataSource$FileDataSourceException: java.io.FileNotFoundException: : open failed: ENOENT (No such file or directory)
10-07 07:28:39.409 D/MusicService( 7509): 	at androidx.media3.datasource.FileDataSource.openLocalFile(FileDataSource.java:205)
10-07 07:28:39.409 D/MusicService( 7509): 	at androidx.media3.datasource.FileDataSource.open(FileDataSource.java:116)
10-07 07:28:39.409 D/MusicService( 7509): 	at androidx.media3.datasource.DefaultDataSource.open(DefaultDataSource.java:275)
10-07 07:28:39.409 D/MusicService( 7509): 	at androidx.media3.datasource.StatsDataSource.open(StatsDataSource.java:86)
10-07 07:28:39.409 D/MusicService( 7509): 	at androidx.media3.exoplayer.source.ProgressiveMediaPeriod$ExtractingLoadable.load(ProgressiveMediaPeriod.java:1029)
10-07 07:28:39.409 D/MusicService( 7509): 	at androidx.media3.exoplayer.upstream.Loader$LoadTask.run(Loader.java:421)
10-07 07:28:39.409 D/MusicService( 7509): 	at java.util.concurrent.ThreadPoolExecutor.runWorker(ThreadPoolExecutor.java:1156)
10-07 07:28:39.409 D/MusicService( 7509): 	at java.util.concurrent.ThreadPoolExecutor$Worker.run(ThreadPoolExecutor.java:651)
10-07 07:28:39.409 D/MusicService( 7509): 	at java.lang.Thread.run(Thread.java:1119)
10-07 07:28:39.409 D/MusicService( 7509): Caused by: java.io.FileNotFoundException: : open failed: ENOENT (No such file or directory)
10-07 07:28:39.409 D/MusicService( 7509): 	at libcore.io.IoBridge.open(IoBridge.java:574)
10-07 07:28:39.409 D/MusicService( 7509): 	at java.io.RandomAccessFile.<init>(RandomAccessFile.java:307)
10-07 07:28:39.409 D/MusicService( 7509): 	at java.io.RandomAccessFile.<init>(RandomAccessFile.java:237)
10-07 07:28:39.409 D/MusicService( 7509): 	at java.io.RandomAccessFile.<init>(RandomAccessFile.java:154)
10-07 07:28:39.409 D/MusicService( 7509): 	at androidx.media3.datasource.FileDataSource.openLocalFile(FileDataSource.java:186)
10-07 07:28:39.409 D/MusicService( 7509): 	... 8 more
10-07 07:28:39.409 D/MusicService( 7509): Caused by: android.system.ErrnoException: open failed: ENOENT (No such file or directory)
10-07 07:28:39.409 D/MusicService( 7509): 	at libcore.io.Linux.open(Native Method)
10-07 07:28:39.409 D/MusicService( 7509): 	at libcore.io.ForwardingOs.open(ForwardingOs.java:568)
10-07 07:28:39.409 D/MusicService( 7509): 	at libcore.io.BlockGuardOs.open(BlockGuardOs.java:274)
10-07 07:28:39.409 D/MusicService( 7509): 	at libcore.io.ForwardingOs.open(ForwardingOs.java:568)
10-07 07:28:39.409 D/MusicService( 7509): 	at android.app.AndroidForwardingOs.open(AndroidForwardingOs.java:120)
10-07 07:28:39.409 D/MusicService( 7509): 	at libcore.io.IoBridge.open(IoBridge.java:560)
10-07 07:28:39.409 D/MusicService( 7509): 	... 12 more
10-07 07:28:39.412 D/MediaSessionService( 1579): onSessionPlaybackStateChanged: record=com.example.mobiledigger/androidx.media3.session.id./120 (userId=0) playbackState=PlaybackState {state=ERROR(7), position=0, buffered position=0, speed=0.0, updated=116160877, actions=7339703, custom actions=[], active item id=0, error=Source error}
10-07 07:28:39.421 D/MusicService( 7509): Player (MediaSession) onPlaybackStateChanged: 1, Duration: -9223372036854775807, Position: 0
10-07 07:28:39.428 D/MediaSessionService( 1579): onSessionPlaybackStateChanged: record=com.example.mobiledigger/androidx.media3.session.id./120 (userId=0) playbackState=PlaybackState {state=ERROR(7), position=0, buffered position=0, speed=0.0, updated=116160895, actions=7339703, custom actions=[], active item id=0, error=Source error}
10-07 07:28:40.517 I/WifiHAL ( 1074): In GetCachedScanResultsCommand::handleResponse
10-07 07:28:43.596 I/WifiHAL ( 1074): In GetCachedScanResultsCommand::handleResponse
10-07 07:28:46.675 I/WifiHAL ( 1074): In GetCachedScanResultsCommand::handleResponse
10-07 07:28:49.758 I/WifiHAL ( 1074): In GetCachedScanResultsCommand::handleResponse
10-07 07:28:52.853 I/WifiHAL ( 1074): In GetCachedScanResultsCommand::handleResponse
10-07 07:28:55.936 I/WifiHAL ( 1074): In GetCachedScanResultsCommand::handleResponse
10-07 07:28:59.018 I/WifiHAL ( 1074): In GetCachedScanResultsCommand::handleResponse
10-07 07:29:02.145 I/WifiHAL ( 1074): In GetCachedScanResultsCommand::handleResponse
10-07 07:29:05.231 I/WifiHAL ( 1074): In GetCachedScanResultsCommand::handleResponse
10-07 07:29:08.315 I/WifiHAL ( 1074): In GetCachedScanResultsCommand::handleResponse
10-07 07:29:11.394 I/WifiHAL ( 1074): In GetCachedScanResultsCommand::handleResponse
10-07 07:29:14.471 I/WifiHAL ( 1074): In GetCachedScanResultsCommand::handleResponse
10-07 07:29:17.550 I/WifiHAL ( 1074): In GetCachedScanResultsCommand::handleResponse
10-07 07:29:20.619 I/WifiHAL ( 1074): In GetCachedScanResultsCommand::handleResponse
10-07 07:29:23.058 D/MusicServiceCallback( 7509): HEADPHONE NEXT → map to DISLIKE (single)
10-07 07:29:23.065 D/MusicService( 7509): Notification action: DISLIKE
10-07 07:29:23.066 D/MusicViewModel(29984): Safe sorting file: ANII, Mila Journée - Real Low (Extended Mix).aiff with action DISLIKE
10-07 07:29:23.132 D/FileManager(29984): Source file found: ANII, Mila Journée - Real Low (Extended Mix).aiff, exists: true, canRead: true
10-07 07:29:23.690 I/WifiHAL ( 1074): In GetCachedScanResultsCommand::handleResponse
10-07 07:29:25.205 D/AudioManager(29984): ExoPlayer cleared
10-07 07:29:25.208 D/MusicViewModel(29984): Loading AIFF file: Roberto Palmero - Amayette [WERE HERE].aiff
10-07 07:29:25.208 D/MusicViewModel(29984): High memory usage detected: 75%, clearing caches
10-07 07:29:25.261 D/AudioManager(29984): ExoPlayer cleared
10-07 07:29:25.261 D/AudioManager(29984): Trying FFmpegMediaPlayer for AIFF (ExoPlayer doesn't support AIFF)
10-07 07:29:26.505 D/MusicViewModel(29984): Playback started successfully for Roberto Palmero - Amayette [WERE HERE].aiff
10-07 07:29:26.517 D/MusicViewModel(29984): MusicService started successfully.
10-07 07:29:26.521 D/MusicViewModel(29984): Preloaded next song: Ucha - Fuerza (Original) [VILLAHANGAR].aiff
10-07 07:29:26.547 D/MusicService( 7509): Started foreground service with notification
10-07 07:29:26.548 D/MusicService( 7509): updateNotificationData - Title: Roberto Palmero - Amayette [WERE HERE].aiff, Playing: true, Position: 0, Duration: 0
10-07 07:29:26.554 D/MediaSessionService( 1579): onSessionPlaybackStateChanged: record=com.example.mobiledigger/androidx.media3.session.id./120 (userId=0) playbackState=PlaybackState {state=ERROR(7), position=0, buffered position=0, speed=0.0, updated=116208021, actions=7339703, custom actions=[], active item id=0, error=Source error}
10-07 07:29:26.555 D/MusicService( 7509): Player (MediaSession) onMediaItemTransition reason: 3
10-07 07:29:26.557 D/MediaSessionService( 1579): onSessionPlaybackStateChanged: record=com.example.mobiledigger/androidx.media3.session.id./120 (userId=0) playbackState=PlaybackState {state=ERROR(7), position=0, buffered position=0, speed=0.0, updated=116208023, actions=7339703, custom actions=[], active item id=0, error=Source error}
10-07 07:29:26.559 D/MusicService( 7509): Player (MediaSession) onPlaybackStateChanged: 2, Duration: -9223372036854775807, Position: 0
10-07 07:29:26.575 D/MusicService( 7509): MediaSession player updated - URI: , Title: Roberto Palmero - Amayette [WERE HERE].aiff, Duration in Meta: 0
10-07 07:29:26.597 D/ResourceManager(29984): 	at com.example.mobiledigger.viewmodel.MusicViewModel.extractDuration(MusicViewModel.kt:1104)
10-07 07:29:26.597 D/ResourceManager(29984): 	at com.example.mobiledigger.viewmodel.MusicViewModel.access$extractDuration(MusicViewModel.kt:52)
10-07 07:29:26.597 D/ResourceManager(29984): 	at com.example.mobiledigger.viewmodel.MusicViewModel$loadCurrentFile$1.invokeSuspend(MusicViewModel.kt:1054)
10-07 07:29:26.628 D/ResourceManager(29984): 	at com.example.mobiledigger.viewmodel.MusicViewModel.extractDuration(MusicViewModel.kt:1104)
10-07 07:29:26.628 D/ResourceManager(29984): 	at com.example.mobiledigger.viewmodel.MusicViewModel.access$extractDuration(MusicViewModel.kt:52)
10-07 07:29:26.628 D/ResourceManager(29984): 	at com.example.mobiledigger.viewmodel.MusicViewModel$loadCurrentFile$1.invokeSuspend(MusicViewModel.kt:1054)
10-07 07:29:26.736 D/MusicViewModel(29984): Refreshed all playlists
10-07 07:29:26.759 I/WifiHAL ( 1074): In GetCachedScanResultsCommand::handleResponse
10-07 07:29:26.765 D/MusicViewModel(29984): Loading rejected files from URI: content://com.android.externalstorage.documents/tree/primary%3AResults/document/primary%3AResults%2FRejected
10-07 07:29:26.805 W/biledigger:main(29984): Throwing OutOfMemoryError "Failed to allocate a 134215692 byte allocation with 100663296 free bytes and 185MB until OOM, target footprint 174920240, growth limit 268435456" (VmSize 18386756 kB)
10-07 07:29:26.995 D/MusicViewModel(29984): Found 267 rejected files
10-07 07:29:27.001 D/MusicViewModel(29984): Updated rejected files StateFlow with 267 files
10-07 07:29:27.004 D/MusicViewModel(29984): Loading liked files from destination folder: Results
10-07 07:29:27.365 D/MusicViewModel(29984): Found 71 liked files (including subfolders), 71 unique
10-07 07:29:27.366 D/MusicViewModel(29984): Updated liked files StateFlow with 71 files
10-07 07:29:29.589 E/ExoPlayerImplInternal( 7509): Playback error
10-07 07:29:29.589 E/ExoPlayerImplInternal( 7509):   androidx.media3.exoplayer.ExoPlaybackException: Source error
10-07 07:29:29.589 E/ExoPlayerImplInternal( 7509):       at androidx.media3.exoplayer.ExoPlayerImplInternal.handleIoException(ExoPlayerImplInternal.java:717)
10-07 07:29:29.589 E/ExoPlayerImplInternal( 7509):       at androidx.media3.exoplayer.ExoPlayerImplInternal.handleMessage(ExoPlayerImplInternal.java:689)
10-07 07:29:29.589 E/ExoPlayerImplInternal( 7509):       at android.os.Handler.dispatchMessage(Handler.java:106)
10-07 07:29:29.589 E/ExoPlayerImplInternal( 7509):       at android.os.Looper.dispatchMessage(Looper.java:315)
10-07 07:29:29.589 E/ExoPlayerImplInternal( 7509):       at android.os.Looper.loopOnce(Looper.java:251)
10-07 07:29:29.589 E/ExoPlayerImplInternal( 7509):       at android.os.Looper.loop(Looper.java:349)
10-07 07:29:29.589 E/ExoPlayerImplInternal( 7509):       at android.os.HandlerThread.run(HandlerThread.java:100)
10-07 07:29:29.589 E/ExoPlayerImplInternal( 7509):   Caused by: androidx.media3.datasource.FileDataSource$FileDataSourceException: java.io.FileNotFoundException: : open failed: ENOENT (No such file or directory)
10-07 07:29:29.589 E/ExoPlayerImplInternal( 7509):       at androidx.media3.datasource.FileDataSource.openLocalFile(FileDataSource.java:205)
10-07 07:29:29.589 E/ExoPlayerImplInternal( 7509):       at androidx.media3.datasource.FileDataSource.open(FileDataSource.java:116)
10-07 07:29:29.589 E/ExoPlayerImplInternal( 7509):       at androidx.media3.datasource.DefaultDataSource.open(DefaultDataSource.java:275)
10-07 07:29:29.589 E/ExoPlayerImplInternal( 7509):       at androidx.media3.datasource.StatsDataSource.open(StatsDataSource.java:86)
10-07 07:29:29.589 E/ExoPlayerImplInternal( 7509):       at androidx.media3.exoplayer.source.ProgressiveMediaPeriod$ExtractingLoadable.load(ProgressiveMediaPeriod.java:1029)
10-07 07:29:29.589 E/ExoPlayerImplInternal( 7509):       at androidx.media3.exoplayer.upstream.Loader$LoadTask.run(Loader.java:421)
10-07 07:29:29.589 E/ExoPlayerImplInternal( 7509):       at java.util.concurrent.ThreadPoolExecutor.runWorker(ThreadPoolExecutor.java:1156)
10-07 07:29:29.589 E/ExoPlayerImplInternal( 7509):       at java.util.concurrent.ThreadPoolExecutor$Worker.run(ThreadPoolExecutor.java:651)
10-07 07:29:29.589 E/ExoPlayerImplInternal( 7509):       at java.lang.Thread.run(Thread.java:1119)
10-07 07:29:29.589 E/ExoPlayerImplInternal( 7509):   Caused by: java.io.FileNotFoundException: : open failed: ENOENT (No such file or directory)
10-07 07:29:29.589 E/ExoPlayerImplInternal( 7509):       at libcore.io.IoBridge.open(IoBridge.java:574)
10-07 07:29:29.589 E/ExoPlayerImplInternal( 7509):       at java.io.RandomAccessFile.<init>(RandomAccessFile.java:307)
10-07 07:29:29.589 E/ExoPlayerImplInternal( 7509):       at java.io.RandomAccessFile.<init>(RandomAccessFile.java:237)
10-07 07:29:29.589 E/ExoPlayerImplInternal( 7509):       at java.io.RandomAccessFile.<init>(RandomAccessFile.java:154)
10-07 07:29:29.589 E/ExoPlayerImplInternal( 7509):       at androidx.media3.datasource.FileDataSource.openLocalFile(FileDataSource.java:186)
10-07 07:29:29.589 E/ExoPlayerImplInternal( 7509):       ... 8 more
10-07 07:29:29.589 E/ExoPlayerImplInternal( 7509):   Caused by: android.system.ErrnoException: open failed: ENOENT (No such file or directory)
10-07 07:29:29.589 E/ExoPlayerImplInternal( 7509):       at libcore.io.Linux.open(Native Method)
10-07 07:29:29.589 E/ExoPlayerImplInternal( 7509):       at libcore.io.ForwardingOs.open(ForwardingOs.java:568)
10-07 07:29:29.589 E/ExoPlayerImplInternal( 7509):       at libcore.io.BlockGuardOs.open(BlockGuardOs.java:274)
10-07 07:29:29.589 E/ExoPlayerImplInternal( 7509):       at libcore.io.ForwardingOs.open(ForwardingOs.java:568)
10-07 07:29:29.589 E/ExoPlayerImplInternal( 7509):       at android.app.AndroidForwardingOs.open(AndroidForwardingOs.java:120)
10-07 07:29:29.589 E/ExoPlayerImplInternal( 7509):       at libcore.io.IoBridge.open(IoBridge.java:560)
10-07 07:29:29.589 E/ExoPlayerImplInternal( 7509):       ... 12 more
10-07 07:29:29.607 D/MusicService( 7509): Player (MediaSession) Error: Source error
10-07 07:29:29.607 D/MusicService( 7509): androidx.media3.exoplayer.ExoPlaybackException: Source error
10-07 07:29:29.607 D/MusicService( 7509): 	at androidx.media3.exoplayer.ExoPlayerImplInternal.handleIoException(ExoPlayerImplInternal.java:717)
10-07 07:29:29.607 D/MusicService( 7509): 	at androidx.media3.exoplayer.ExoPlayerImplInternal.handleMessage(ExoPlayerImplInternal.java:689)
10-07 07:29:29.607 D/MusicService( 7509): 	at android.os.Handler.dispatchMessage(Handler.java:106)
10-07 07:29:29.607 D/MusicService( 7509): 	at android.os.Looper.dispatchMessage(Looper.java:315)
10-07 07:29:29.607 D/MusicService( 7509): 	at android.os.Looper.loopOnce(Looper.java:251)
10-07 07:29:29.607 D/MusicService( 7509): 	at android.os.Looper.loop(Looper.java:349)
10-07 07:29:29.607 D/MusicService( 7509): 	at android.os.HandlerThread.run(HandlerThread.java:100)
10-07 07:29:29.607 D/MusicService( 7509): Caused by: androidx.media3.datasource.FileDataSource$FileDataSourceException: java.io.FileNotFoundException: : open failed: ENOENT (No such file or directory)
10-07 07:29:29.607 D/MusicService( 7509): 	at androidx.media3.datasource.FileDataSource.openLocalFile(FileDataSource.java:205)
10-07 07:29:29.607 D/MusicService( 7509): 	at androidx.media3.datasource.FileDataSource.open(FileDataSource.java:116)
10-07 07:29:29.607 D/MusicService( 7509): 	at androidx.media3.datasource.DefaultDataSource.open(DefaultDataSource.java:275)
10-07 07:29:29.607 D/MusicService( 7509): 	at androidx.media3.datasource.StatsDataSource.open(StatsDataSource.java:86)
10-07 07:29:29.607 D/MusicService( 7509): 	at androidx.media3.exoplayer.source.ProgressiveMediaPeriod$ExtractingLoadable.load(ProgressiveMediaPeriod.java:1029)
10-07 07:29:29.607 D/MusicService( 7509): 	at androidx.media3.exoplayer.upstream.Loader$LoadTask.run(Loader.java:421)
10-07 07:29:29.607 D/MusicService( 7509): 	at java.util.concurrent.ThreadPoolExecutor.runWorker(ThreadPoolExecutor.java:1156)
10-07 07:29:29.607 D/MusicService( 7509): 	at java.util.concurrent.ThreadPoolExecutor$Worker.run(ThreadPoolExecutor.java:651)
10-07 07:29:29.607 D/MusicService( 7509): 	at java.lang.Thread.run(Thread.java:1119)
10-07 07:29:29.607 D/MusicService( 7509): Caused by: java.io.FileNotFoundException: : open failed: ENOENT (No such file or directory)
10-07 07:29:29.607 D/MusicService( 7509): 	at libcore.io.IoBridge.open(IoBridge.java:574)
10-07 07:29:29.607 D/MusicService( 7509): 	at java.io.RandomAccessFile.<init>(RandomAccessFile.java:307)
10-07 07:29:29.607 D/MusicService( 7509): 	at java.io.RandomAccessFile.<init>(RandomAccessFile.java:237)
10-07 07:29:29.607 D/MusicService( 7509): 	at java.io.RandomAccessFile.<init>(RandomAccessFile.java:154)
10-07 07:29:29.607 D/MusicService( 7509): 	at androidx.media3.datasource.FileDataSource.openLocalFile(FileDataSource.java:186)
10-07 07:29:29.607 D/MusicService( 7509): 	... 8 more
10-07 07:29:29.607 D/MusicService( 7509): Caused by: android.system.ErrnoException: open failed: ENOENT (No such file or directory)
10-07 07:29:29.607 D/MusicService( 7509): 	at libcore.io.Linux.open(Native Method)
10-07 07:29:29.607 D/MusicService( 7509): 	at libcore.io.ForwardingOs.open(ForwardingOs.java:568)
10-07 07:29:29.607 D/MusicService( 7509): 	at libcore.io.BlockGuardOs.open(BlockGuardOs.java:274)
10-07 07:29:29.607 D/MusicService( 7509): 	at libcore.io.ForwardingOs.open(ForwardingOs.java:568)
10-07 07:29:29.607 D/MusicService( 7509): 	at android.app.AndroidForwardingOs.open(AndroidForwardingOs.java:120)
10-07 07:29:29.607 D/MusicService( 7509): 	at libcore.io.IoBridge.open(IoBridge.java:560)
10-07 07:29:29.607 D/MusicService( 7509): 	... 12 more
10-07 07:29:29.611 D/MediaSessionService( 1579): onSessionPlaybackStateChanged: record=com.example.mobiledigger/androidx.media3.session.id./120 (userId=0) playbackState=PlaybackState {state=ERROR(7), position=0, buffered position=0, speed=0.0, updated=116211077, actions=7339703, custom actions=[], active item id=0, error=Source error}
10-07 07:29:29.615 D/MusicService( 7509): Player (MediaSession) onPlaybackStateChanged: 1, Duration: -9223372036854775807, Position: 0
