11-10 15:53:28.378  1884  1915 D LauncherAppsService: getActivityLaunchIntent callingPackage=com.android.systemui component=ComponentInfo{com.reddit.frontpage/launcher.default} user=UserHandle{0}
11-10 15:53:28.379  1884  3104 D LauncherAppsService: getActivityLaunchIntent callingPackage=com.android.systemui component=ComponentInfo{com.redhands.twoplayergames/com.unity3d.player.UnityPlayerActivity} user=UserHandle{0}
11-10 15:53:28.379  1884  3104 D LauncherAppsService: getActivityLaunchIntent callingPackage=com.android.systemui component=ComponentInfo{com.revolut.revolut/com.revolut.ui.login.pin.LoginActivity} user=UserHandle{0}
11-10 15:53:28.380  1884  1915 D LauncherAppsService: getActivityLaunchIntent callingPackage=com.android.systemui component=ComponentInfo{com.rlg.future.robot.transform.car.racing/com.unity3d.player.UnityPlayerActivity} user=UserHandle{0}
11-10 15:53:28.380  1884  3104 D LauncherAppsService: getActivityLaunchIntent callingPackage=com.android.systemui component=ComponentInfo{com.sameday.client.mobile/com.sameday.client.mobile.MainActivity} user=UserHandle{0}
11-10 15:53:28.380  1884  3104 D LauncherAppsService: getActivityLaunchIntent callingPackage=com.android.systemui component=ComponentInfo{com.smmservice.authenticator/com.smmservice.authenticator.presentation.ui.activity.MainActivity} user=UserHandle{0}
11-10 15:53:28.381  1884  3104 D LauncherAppsService: getActivityLaunchIntent callingPackage=com.android.systemui component=ComponentInfo{com.soundcloud.android/com.soundcloud.android.launcher.LauncherActivity} user=UserHandle{0}
11-10 15:53:28.381  1884  3104 D LauncherAppsService: getActivityLaunchIntent callingPackage=com.android.systemui component=ComponentInfo{com.splendapps.decibel/com.splendapps.decibel.MainActivity} user=UserHandle{0}
11-10 15:53:28.382  1884  3104 D LauncherAppsService: getActivityLaunchIntent callingPackage=com.android.systemui component=ComponentInfo{com.starplay.spider.fighter.openworld/com.superlevel.fighting.GameActivity} user=UserHandle{0}
11-10 15:53:28.382  1884  1915 D LauncherAppsService: getActivityLaunchIntent callingPackage=com.android.systemui component=ComponentInfo{com.twitter.android/com.twitter.android.StartActivity} user=UserHandle{0}
11-10 15:53:28.383  1884  3104 D LauncherAppsService: getActivityLaunchIntent callingPackage=com.android.systemui component=ComponentInfo{com.upromania.superup/com.gcd.ro.solde.superup.ui.splash.SuperUpSplashActivity} user=UserHandle{0}
11-10 15:53:28.383  1884  1915 D LauncherAppsService: getActivityLaunchIntent callingPackage=com.android.systemui component=ComponentInfo{com.wallapop/com.wallapop.activities.HomeActivity} user=UserHandle{0}
11-10 15:53:28.385  1884  1915 D LauncherAppsService: getActivityLaunchIntent callingPackage=com.android.systemui component=ComponentInfo{com.waze/com.waze.FreeMapAppActivity} user=UserHandle{0}
11-10 15:53:28.386  1884  1915 D LauncherAppsService: getActivityLaunchIntent callingPackage=com.android.systemui component=ComponentInfo{com.whatsapp/com.whatsapp.Main} user=UserHandle{0}
11-10 15:53:28.386  1431  2167 W USF     : USF_API: Drop flicker data, cannot find sampling_id:84682!
11-10 15:53:28.386  1884  1915 D LauncherAppsService: getActivityLaunchIntent callingPackage=com.android.systemui component=ComponentInfo{com.zhiliaoapp.musically/com.ss.android.ugc.aweme.splash.SplashActivity} user=UserHandle{0}
11-10 15:53:28.387  1884  1915 D LauncherAppsService: getActivityLaunchIntent callingPackage=com.android.systemui component=ComponentInfo{de.mobile.android.app/de.mobile.android.app.splash.Splash} user=UserHandle{0}
11-10 15:53:28.387  1884  1915 D LauncherAppsService: getActivityLaunchIntent callingPackage=com.android.systemui component=ComponentInfo{epson.print/epson.print.WellcomeScreenActivity} user=UserHandle{0}
11-10 15:53:28.388  1884  3104 D LauncherAppsService: getActivityLaunchIntent callingPackage=com.android.systemui component=ComponentInfo{fr.vinted/com.vinted.feature.shell.MDActivity} user=UserHandle{0}
11-10 15:53:28.388  1884  1915 D LauncherAppsService: getActivityLaunchIntent callingPackage=com.android.systemui component=ComponentInfo{io.supercent.linkedcubic/com.unity3d.player.UnityPlayerActivity} user=UserHandle{0}
11-10 15:53:28.389  1884  1915 D LauncherAppsService: getActivityLaunchIntent callingPackage=com.android.systemui component=ComponentInfo{io.voodoo.holeio/com.google.firebase.MessagingUnityPlayerActivity} user=UserHandle{0}
11-10 15:53:28.390  1884  1915 D LauncherAppsService: getActivityLaunchIntent callingPackage=com.android.systemui component=ComponentInfo{io.voodoo.paper2/com.unity3d.player.UnityPlayerActivity} user=UserHandle{0}
11-10 15:53:28.390  1884  3104 D LauncherAppsService: getActivityLaunchIntent callingPackage=com.android.systemui component=ComponentInfo{nl.marktplaats.android/com.horizon.android.feature.feeds.homepage.SpringboardActivity} user=UserHandle{0}
11-10 15:53:28.391  1884  3104 D LauncherAppsService: getActivityLaunchIntent callingPackage=com.android.systemui component=ComponentInfo{org.chromium.webapk.a15bc299c036bd0c4_v2/org.chromium.webapk.shell_apk.h2o.H2OOpaqueMainActivity} user=UserHandle{0}
11-10 15:53:28.392  1884  3104 D LauncherAppsService: getActivityLaunchIntent callingPackage=com.android.systemui component=ComponentInfo{org.chromium.webapk.acf6f8d2b6ee0ba22_v2/org.chromium.webapk.shell_apk.h2o.H2OOpaqueMainActivity} user=UserHandle{0}
11-10 15:53:28.392  1884  3104 D LauncherAppsService: getActivityLaunchIntent callingPackage=com.android.systemui component=ComponentInfo{org.devcore.mixingstation/org.devcore.ms.android.MsAndroidLauncher} user=UserHandle{0}
11-10 15:53:28.393  1884  3104 D LauncherAppsService: getActivityLaunchIntent callingPackage=com.android.systemui component=ComponentInfo{org.intoorbit.spectrum/org.intoorbit.spectrum.SpectrumActivity} user=UserHandle{0}
11-10 15:53:28.393  1884  1915 D LauncherAppsService: getActivityLaunchIntent callingPackage=com.android.systemui component=ComponentInfo{org.localsend.localsend_app/org.localsend.localsend_app.MainActivity} user=UserHandle{0}
11-10 15:53:28.394  1884  1915 D LauncherAppsService: getActivityLaunchIntent callingPackage=com.android.systemui component=ComponentInfo{org.telegram.messenger/org.telegram.messenger.DefaultIcon} user=UserHandle{0}
11-10 15:53:28.394  1884  1915 D LauncherAppsService: getActivityLaunchIntent callingPackage=com.android.systemui component=ComponentInfo{org.videolan.vlc/org.videolan.vlc.StartActivity} user=UserHandle{0}
11-10 15:53:28.395  1884  5328 D LauncherAppsService: getActivityLaunchIntent callingPackage=com.android.systemui component=ComponentInfo{ro.mercador/pl.tablica2.app.startup.activity.StartupActivity} user=UserHandle{0}
11-10 15:53:28.396  1884  5328 D LauncherAppsService: getActivityLaunchIntent callingPackage=com.android.systemui component=ComponentInfo{ro.orange.tvlive/app.solocoo.tv.solocoo.login.splash.SplashActivity} user=UserHandle{0}
11-10 15:53:28.397  1884  5328 D LauncherAppsService: getActivityLaunchIntent callingPackage=com.android.systemui component=ComponentInfo{ro.raiffeisen.eToken/ro.raiffeisen.eToken.launcher.LauncherActivity} user=UserHandle{0}
11-10 15:53:28.398  1884  5328 D LauncherAppsService: getActivityLaunchIntent callingPackage=com.android.systemui component=ComponentInfo{ro.raiffeisen.smartmobile/ro.raiffeisen.smartmobile.presentation.main.LauncherActivity} user=UserHandle{0}
11-10 15:53:28.398  1431  2167 W USF     : USF_API: Drop flicker data, cannot find sampling_id:84682!
11-10 15:53:28.408  1431  2167 W USF     : USF_API: Drop flicker data, cannot find sampling_id:84682!
11-10 15:53:28.417  1428  2117 D BTAudioSessionAidl: GetSupportedLatencyModes - Supported LatencyMode= FREE
11-10 15:53:28.418  1431  2167 W USF     : USF_API: Drop flicker data, cannot find sampling_id:84682!
11-10 15:53:28.427  1431  2167 W USF     : USF_API: Drop flicker data, cannot find sampling_id:84682!
11-10 15:53:28.437  1431  2167 W USF     : USF_API: Drop flicker data, cannot find sampling_id:84682!
11-10 15:53:28.442  7880  7964 I MSMAM - o.zzfr: Running background check
11-10 15:53:28.444  1884  2730 D BackgroundInstallControlService: Package event received: 0
11-10 15:53:28.447  1431  2167 W USF     : USF_API: Drop flicker data, cannot find sampling_id:84682!
11-10 15:53:28.457  1431  2167 W USF     : USF_API: Drop flicker data, cannot find sampling_id:84682!
11-10 15:53:28.464 29449 29449 I Finsky  : [2] agiw - Deduping intent android.intent.action.PACKAGE_ADDED
11-10 15:53:28.466  1431  2167 W USF     : USF_API: Drop flicker data, cannot find sampling_id:84682!
11-10 15:53:28.475 29449 29449 D ActivityThread: Package [com.example.mobiledigger] reported as REPLACED, but missing application info. Assuming REMOVED.
11-10 15:53:28.476  1431  2167 W USF     : USF_API: Drop flicker data, cannot find sampling_id:84682!
11-10 15:53:28.478 29449 29466 I Finsky  : [1108] RECEIVER_PACKAGE_MONITOR#logWorkEndAndFinishGoAsync: SUCCESS
11-10 15:53:28.485 29449 29449 D ActivityThread: Package [com.example.mobiledigger] reported as REPLACED, but missing application info. Assuming REMOVED.
11-10 15:53:28.486  1431  2167 W USF     : USF_API: Drop flicker data, cannot find sampling_id:84682!
11-10 15:53:28.496  1431  2167 W USF     : USF_API: Drop flicker data, cannot find sampling_id:84682!
11-10 15:53:28.499  7880  7972 D nativeloader: Configuring clns-11 for other apk . target_sdk_version=35, uses_libraries=ALL, library_path=/data/app/~~gDKrSmbVvX6P9wcjLMxTQg==/com.microsoft.windowsintune.companyportal-P3edXCsFmNOGIWZej4jgQQ==/lib/arm64:/data/app/~~gDKrSmbVvX6P9wcjLMxTQg==/com.microsoft.windowsintune.companyportal-P3edXCsFmNOGIWZej4jgQQ==/base.apk!/lib/arm64-v8a, permitted_path=/data:/mnt/expand
11-10 15:53:28.501  7880  7972 D nativeloader: Load /data/app/~~gDKrSmbVvX6P9wcjLMxTQg==/com.microsoft.windowsintune.companyportal-P3edXCsFmNOGIWZej4jgQQ==/base.apk!/lib/arm64-v8a/libc907.so using isolated ns clns-11 (caller=/data/user/0/com.microsoft.teams/Anonymous-DexFile@926992820.jar): ok
11-10 15:53:28.506  1431  2167 W USF     : USF_API: Drop flicker data, cannot find sampling_id:84682!
11-10 15:53:28.508 12933 12933 D ScalingWorkspaceRevealAnim: onAnimationEnd, workspace and hotseat are visible
11-10 15:53:28.508 12933 12933 V BaseDepthController: Applying blur: 0 to Surface(name=com.google.android.apps.nexuslauncher/com.google.android.apps.nexuslauncher.NexusLauncherActivity)/@0x828e58a
11-10 15:53:28.511  2772  2810 V WindowManagerShell: Transition animation finished (aborted=false), notifying core (#12958) android.os.BinderProxy@ea321a@0
11-10 15:53:28.515  1884  1953 V WindowManager: Finish Transition (#12958): created at 11-10 15:53:27.392 collect-started=0.112ms request-sent=0.18ms started=50.902ms ready=71.963ms sent=91.969ms commit=30.661ms finished=1122.638ms
11-10 15:53:28.516  1431  2167 W USF     : USF_API: Drop flicker data, cannot find sampling_id:84682!
11-10 15:53:28.516  1884  1915 E libbinder.IPCThreadState: Binder transaction failure. id: 375053128, BR_*: 29189, error: -22 (Invalid argument)
11-10 15:53:28.516  1884  1915 W ActivityManager: pid 1884 system sent binder code 7 with flags 1 and got error -32
11-10 15:53:28.517  1884  1915 W WindowManager: Exception thrown during dispatchAppVisibility Window{5879cea u0 com.example.mobiledigger/com.example.mobiledigger.MainActivity EXITING}
11-10 15:53:28.517  1884  1915 W WindowManager: android.os.DeadObjectException
11-10 15:53:28.517  1884  1915 W WindowManager: 	at android.os.BinderProxy.transactNative(Native Method)
11-10 15:53:28.517  1884  1915 W WindowManager: 	at android.os.BinderProxy.transact(BinderProxy.java:592)
11-10 15:53:28.517  1884  1915 W WindowManager: 	at android.view.IWindow$Stub$Proxy.dispatchAppVisibility(IWindow.java:538)
11-10 15:53:28.517  1884  1915 W WindowManager: 	at com.android.server.wm.WindowState.sendAppVisibilityToClients(WindowState.java:3183)
11-10 15:53:28.517  1884  1915 W WindowManager: 	at com.android.server.wm.WindowContainer.sendAppVisibilityToClients(WindowContainer.java:1233)
11-10 15:53:28.517  1884  1915 W WindowManager: 	at com.android.server.wm.WindowToken.setClientVisible(WindowToken.java:394)
11-10 15:53:28.517  1884  1915 W WindowManager: 	at com.android.server.wm.ActivityRecord.commitVisibility(ActivityRecord.java:5546)
11-10 15:53:28.517  1884  1915 W WindowManager: 	at com.android.server.wm.Transition.finishTransition(Transition.java:1485)
11-10 15:53:28.517  1884  1915 W WindowManager: 	at com.android.server.wm.TransitionController.finishTransition(TransitionController.java:1048)
11-10 15:53:28.517  1884  1915 W WindowManager: 	at com.android.server.wm.WindowOrganizerController.finishTransition(WindowOrganizerController.java:514)
11-10 15:53:28.517  1884  1915 W WindowManager: 	at android.window.IWindowOrganizerController$Stub.onTransact(IWindowOrganizerController.java:270)
11-10 15:53:28.517  1884  1915 W WindowManager: 	at com.android.server.wm.WindowOrganizerController.onTransact(WindowOrganizerController.java:230)
11-10 15:53:28.517  1884  1915 W WindowManager: 	at android.os.Binder.execTransactInternal(Binder.java:1446)
11-10 15:53:28.517  1884  1915 W WindowManager: 	at android.os.Binder.execTransact(Binder.java:1385)
11-10 15:53:28.517  1884  1915 W Process : Unable to open /proc/7008/status
11-10 15:53:28.520  2772  2810 V WindowManagerShell: Track 0 became idle
11-10 15:53:28.520  2772  2810 V WindowManagerShell: All active transition animations finished
11-10 15:53:28.524 12933 12933 D RecentsView: onTaskRemoved: 51337, not handling task stack changes
11-10 15:53:28.524 12933 12933 D RecentsView: onTaskRemoved: 51337, not handling task stack changes
11-10 15:53:28.525  1431  2167 W USF     : USF_API: Drop flicker data, cannot find sampling_id:84682!
11-10 15:53:28.529  7880  7880 E microsoft.teams: hiddenapi: Accessing hidden method Ljava/lang/StackTraceElement;-><init>()V (runtime_flags=0, domain=core-platform, api=blocked) from Lcom/google/gson/internal/ConstructorConstructor; (domain=app) using reflection: denied
11-10 15:53:28.535  1431  2167 W USF     : USF_API: Drop flicker data, cannot find sampling_id:84682!
11-10 15:53:28.540 29449 29489 I Finsky  : [1127] AIM: AppInfoManager-Perf > getApps > data collection finished
11-10 15:53:28.542   759   759 E BpTransactionCompletedListener: Failed to transact (-32)
11-10 15:53:28.540 29449 29489 I Finsky  : [1127] AIM: AppInfoManager-Perf > maybeDestroyAppInfoManager is called. actives = 1
11-10 15:53:28.543 29449 29489 I Finsky  : [1127] AIM: AppInfoManager-Perf > getApps > data collection finished
11-10 15:53:28.543 29449 29489 I Finsky  : [1127] AIM: AppInfoManager-Perf > maybeDestroyAppInfoManager is called. actives = 0
11-10 15:53:28.545  1430 14081 I bthal.activity: bt_power: AclDataStat: 15:53:27:491 - 15:53:28:545, conn_handle: 11, duration: 1054, acl_data_count: 3, acl_tx_data_count: 2, acl_rx_data_count: 1, total_acl_data_count: 4287
11-10 15:53:28.545  1431  2167 W USF     : USF_API: Drop flicker data, cannot find sampling_id:84682!
11-10 15:53:28.555  1431  2167 W USF     : USF_API: Drop flicker data, cannot find sampling_id:84682!
11-10 15:53:28.565  1431  2167 W USF     : USF_API: Drop flicker data, cannot find sampling_id:84682!
11-10 15:53:28.575  1431  2167 W USF     : USF_API: Drop flicker data, cannot find sampling_id:84682!
11-10 15:53:28.585  1431  2167 W USF     : USF_API: Drop flicker data, cannot find sampling_id:84682!
11-10 15:53:28.595  1431  2167 W USF     : USF_API: Drop flicker data, cannot find sampling_id:84682!
11-10 15:53:28.605  1431  2167 W USF     : USF_API: Drop flicker data, cannot find sampling_id:84682!
11-10 15:53:28.609  7880  7880 I SkypeTeamsDatabaseHelper: ProcessId: 7880, Thread: main, decryptionFailed: false, dbId:null
11-10 15:53:28.611 30907  7951 I Auth    : (REDACTED) [SupervisedAccountIntentOperation] onHandleIntent: %s
11-10 15:53:28.615  1431  2167 W USF     : USF_API: Drop flicker data, cannot find sampling_id:84682!
11-10 15:53:28.617  1428  2117 D BTAudioSessionAidl: GetSupportedLatencyModes - Supported LatencyMode= FREE
11-10 15:53:28.619  7880  7880 I SkypeTeamsDatabase: ProcessId: 7880, Thread: main, initializeDatabase: updated flow initialization dbId: null
11-10 15:53:28.625  1431  2167 W USF     : USF_API: Drop flicker data, cannot find sampling_id:84682!
11-10 15:53:28.632  7880  7880 I DBInitTask: ProcessId: 7880, Thread: main, Initialize: Local storage database initialized. userObjectId:null
11-10 15:53:28.633  7880  7880 I TeamsMamAccessController: ProcessId: 7880, Thread: main, Initializing TeamsMamAccessController
11-10 15:53:28.635  1431  2167 W USF     : USF_API: Drop flicker data, cannot find sampling_id:84682!
11-10 15:53:28.639  7880  7993 I ScenarioContextEvent: ec9e4348-190a-47fe-9c78-20cc186fea25 ec9e4348-190a-47fe-9c78-20cc186fea25 db_initialize             START  OK         null       null 0 null [null] [null]
11-10 15:53:28.641  7880  7993 I ScenarioContextEvent: ec9e4348-190a-47fe-9c78-20cc186fea25 ec9e4348-190a-47fe-9c78-20cc186fea25 db_initialize             STOP   OK         null       null 13 null [null] [null] false           
11-10 15:53:28.645  1431  2167 W USF     : USF_API: Drop flicker data, cannot find sampling_id:84682!
11-10 15:53:28.648  7880  7988 I FcmProvider: ProcessId: 7880, Thread: Pool-Notification-Thread-1, setTokenWithoutPersistence
11-10 15:53:28.651  1884  2488 V AccessibilityUserState: updateShortcutTargets: type:accessibility_shortcut_target_service, current:{com.google.android.marvin.talkback/com.google.android.marvin.talkback.TalkBackService}, new:{com.google.android.marvin.talkback/com.google.android.marvin.talkback.TalkBackService}
11-10 15:53:28.652  1884  2488 V AccessibilityUserState: updateShortcutTargets: type:accessibility_qs_targets, current:{com.android.server.accessibility/ReduceBrightColors}, new:{com.android.server.accessibility/ReduceBrightColors}
11-10 15:53:28.652  1884  2488 V AccessibilityUserState: updateShortcutTargets: type:accessibility_button_targets, current:{}, new:{}
11-10 15:53:28.652  1884  2488 V AccessibilityUserState: updateShortcutTargets: type:accessibility_gesture_targets, current:{}, new:{}
11-10 15:53:28.652  1884  2488 V AccessibilityUserState: updateShortcutTargets: type:accessibility_key_gesture_targets, current:{}, new:{}
11-10 15:53:28.652  1884  2488 V AccessibilityManagerService: onUserStateChangedLocked for userId: 0, forceUpdate: false
11-10 15:53:28.652  1884  2488 V AccessibilityUserState: updateShortcutTargets: type:accessibility_shortcut_target_service, current:{com.google.android.marvin.talkback/com.google.android.marvin.talkback.TalkBackService}, new:{com.google.android.marvin.talkback/com.google.android.marvin.talkback.TalkBackService}
11-10 15:53:28.652  1884  2488 V AccessibilityUserState: updateShortcutTargets: type:accessibility_button_targets, current:{}, new:{}
11-10 15:53:28.652  1884  2488 V AccessibilityUserState: updateShortcutTargets: type:accessibility_gesture_targets, current:{}, new:{}
11-10 15:53:28.652  1884  2488 V AccessibilityUserState: updateShortcutTargets: type:accessibility_qs_targets, current:{com.android.server.accessibility/ReduceBrightColors}, new:{com.android.server.accessibility/ReduceBrightColors}
11-10 15:53:28.652  1884  2488 V AccessibilityUserState: updateShortcutTargets: type:accessibility_key_gesture_targets, current:{}, new:{}
11-10 15:53:28.652  1884  2488 W MagnificationConnectionManager: requestConnection duplicated request: connect=false, mConnectionState=DISCONNECTED
11-10 15:53:28.653  1884  2488 V AccessibilityUserState: updateShortcutTargets: type:accessibility_button_targets, current:{}, new:{}
11-10 15:53:28.655  1884  2488 V AccessibilityUserState: updateShortcutTargets: type:accessibility_shortcut_target_service, current:{com.google.android.marvin.talkback/com.google.android.marvin.talkback.TalkBackService}, new:{com.google.android.marvin.talkback/com.google.android.marvin.talkback.TalkBackService}
11-10 15:53:28.655  1884  2488 V AccessibilityUserState: updateShortcutTargets: type:accessibility_qs_targets, current:{com.android.server.accessibility/ReduceBrightColors}, new:{com.android.server.accessibility/ReduceBrightColors}
11-10 15:53:28.655  1884  2488 V AccessibilityUserState: updateShortcutTargets: type:accessibility_button_targets, current:{}, new:{}
11-10 15:53:28.655  1884  2488 V AccessibilityUserState: updateShortcutTargets: type:accessibility_gesture_targets, current:{}, new:{}
11-10 15:53:28.655  1884  2488 V AccessibilityUserState: updateShortcutTargets: type:accessibility_key_gesture_targets, current:{}, new:{}
11-10 15:53:28.655  1431  2167 W USF     : USF_API: Drop flicker data, cannot find sampling_id:84682!
11-10 15:53:28.655  1884  2488 V AccessibilityManagerService: onUserStateChangedLocked for userId: 0, forceUpdate: false
11-10 15:53:28.656  1884  1915 D ConnectivityService: requestNetwork for uid/pid:10311/7880 activeRequest: null callbackRequest: 39068 [NetworkRequest [ REQUEST id=39069, [ Capabilities: INTERNET&NOT_RESTRICTED&TRUSTED&NOT_VCN_MANAGED&NOT_BANDWIDTH_CONSTRAINED Uid: 10311 RequestorUid: 10311 RequestorPkg: com.microsoft.teams UnderlyingNetworks: Null] ]] callback flags: 0 order: 2147483647 isUidTracked: false declaredMethods: AVAIL|LOSING|LOST|UNAVAIL|NC|LP
11-10 15:53:28.658  1884  2488 V AccessibilityUserState: updateShortcutTargets: type:accessibility_shortcut_target_service, current:{com.google.android.marvin.talkback/com.google.android.marvin.talkback.TalkBackService}, new:{com.google.android.marvin.talkback/com.google.android.marvin.talkback.TalkBackService}
11-10 15:53:28.658  1884  2488 V AccessibilityUserState: updateShortcutTargets: type:accessibility_button_targets, current:{}, new:{}
11-10 15:53:28.658  1884  2488 V AccessibilityUserState: updateShortcutTargets: type:accessibility_gesture_targets, current:{}, new:{}
11-10 15:53:28.658  1884  2488 V AccessibilityUserState: updateShortcutTargets: type:accessibility_qs_targets, current:{com.android.server.accessibility/ReduceBrightColors}, new:{com.android.server.accessibility/ReduceBrightColors}
11-10 15:53:28.658  1884  2488 V AccessibilityUserState: updateShortcutTargets: type:accessibility_key_gesture_targets, current:{}, new:{}
11-10 15:53:28.658  1884  2488 W MagnificationConnectionManager: requestConnection duplicated request: connect=false, mConnectionState=DISCONNECTED
11-10 15:53:28.664  7880  7880 I Choreographer: Skipped 33 frames!  The application may be doing too much work on its main thread.
11-10 15:53:28.665  1431  2167 W USF     : USF_API: Drop flicker data, cannot find sampling_id:84682!
11-10 15:53:28.666  1884  2463 W ActivityManager: pid 7473 has 0 free async space, killing
11-10 15:53:28.666  1884  1994 I ActivityManager: Killing 7473:com.microsoft.office.outlook/u0a300 (adj 905): Async binder space running out while frozen
11-10 15:53:28.667  1884  2674 D OemPaidWifiNetworkFactory: got request NetworkRequest [ REQUEST id=39069, [ Capabilities: INTERNET&NOT_RESTRICTED&TRUSTED&NOT_VCN_MANAGED&NOT_BANDWIDTH_CONSTRAINED Uid: 10311 RequestorUid: 10311 RequestorPkg: com.microsoft.teams UnderlyingNetworks: Null] ]
11-10 15:53:28.668  1884  2674 D MultiInternetWifiNetworkFactory: got request NetworkRequest [ REQUEST id=39069, [ Capabilities: INTERNET&NOT_RESTRICTED&TRUSTED&NOT_VCN_MANAGED&NOT_BANDWIDTH_CONSTRAINED Uid: 10311 RequestorUid: 10311 RequestorPkg: com.microsoft.teams UnderlyingNetworks: Null] ]
11-10 15:53:28.675  1431  2167 W USF     : USF_API: Drop flicker data, cannot find sampling_id:84682!
11-10 15:53:28.681  1884  5328 E AppOps  : attributionTag VCN not declared in manifest of android
11-10 15:53:28.685  1431  2167 W USF     : USF_API: Drop flicker data, cannot find sampling_id:84682!
11-10 15:53:28.686  1884  2674 D WifiNetworkFactory: got request NetworkRequest [ REQUEST id=39069, [ Capabilities: INTERNET&NOT_RESTRICTED&TRUSTED&NOT_VCN_MANAGED&NOT_BANDWIDTH_CONSTRAINED Uid: 10311 RequestorUid: 10311 RequestorPkg: com.microsoft.teams UnderlyingNetworks: Null] ]
11-10 15:53:28.686  1884  2674 D UntrustedWifiNetworkFactory: got request NetworkRequest [ REQUEST id=39069, [ Capabilities: INTERNET&NOT_RESTRICTED&TRUSTED&NOT_VCN_MANAGED&NOT_BANDWIDTH_CONSTRAINED Uid: 10311 RequestorUid: 10311 RequestorPkg: com.microsoft.teams UnderlyingNetworks: Null] ]
11-10 15:53:28.687 30907  7950 I NearbyDiscovery: (REDACTED) processGrantSlicePermission: %s
11-10 15:53:28.690  1884  2681 D ConnectivityService: NetReassign [39069 : null  129] [c 0] [a 1] [i 33]
11-10 15:53:28.692  1884  2454 W JobServiceContext: Sending onNetworkChanged for a job that isn't started. JobStatus{696725c #u0a311/2559 com.microsoft.teams/androidx.work.impl.background.systemjob.SystemJobService u=0 s=10311 TIME=-3m8s247ms:none NET READY}
11-10 15:53:28.695  1431  2167 W USF     : USF_API: Drop flicker data, cannot find sampling_id:84682!
11-10 15:53:28.705  1431  2167 W USF     : USF_API: Drop flicker data, cannot find sampling_id:84682!
11-10 15:53:28.709 12933 13026 D WellbeingModel: ....actionId: pause, packages: com.example.mobiledigger
11-10 15:53:28.709 12933 13026 I WellbeingModel: retrieveActions(): finished
11-10 15:53:28.715  1431  2167 W USF     : USF_API: Drop flicker data, cannot find sampling_id:84682!
11-10 15:53:28.719 21379  7910 I brb     : Handling installed or updated package: com.example.mobiledigger
11-10 15:53:28.720 21379  7910 I cip     : Attempting to classify package: com.example.mobiledigger using model: bll_1
11-10 15:53:28.725  1431  2167 W USF     : USF_API: Drop flicker data, cannot find sampling_id:84682!
11-10 15:53:28.735  1431  2167 W USF     : USF_API: Drop flicker data, cannot find sampling_id:84682!
11-10 15:53:28.741  7880  8005 I SharedDeviceManager: ProcessId: 7880, Thread: Pool-Background-Thread-8, isSharedDevice get shared device mode : false
11-10 15:53:28.742  7880  8005 I BaseTokenPrefetcher: ProcessId: 7880, Thread: Pool-Background-Thread-8, preFetchTokenResources userObjectId: f07b6288-7892-4576-bb08-f997a03337a1
11-10 15:53:28.743  7880  8022 W MsalAuthenticationProvider: ProcessId: 7880, Thread: pool-8-thread-1, Telemetry [2025-11-10 13:53:28 - thread_id: 1154, correlation_id: UNSET - Android 36] Telemetry is disabled because the Telemetry context or configuration is null  
11-10 15:53:28.745  1431  2167 W USF     : USF_API: Drop flicker data, cannot find sampling_id:84682!
11-10 15:53:28.755  1431  2167 W USF     : USF_API: Drop flicker data, cannot find sampling_id:84682!
11-10 15:53:28.765  1431  2167 W USF     : USF_API: Drop flicker data, cannot find sampling_id:84682!
11-10 15:53:28.774  1884  5328 W ParceledListSlice: Element #76 is 22420 bytes.
11-10 15:53:28.774  1884  5328 W ParceledListSlice: Element #77 is 23404 bytes.
11-10 15:53:28.775  1431  2167 W USF     : USF_API: Drop flicker data, cannot find sampling_id:84682!
11-10 15:53:28.775  1884  5328 W ParceledListSlice: Element #87 is 30688 bytes.
11-10 15:53:28.775  1884  5659 W ParceledListSlice: Element #88 is 22076 bytes.
11-10 15:53:28.782 29449 29473 I Finsky  : [1114] WM::SCH: Logging work initialize for 12-1
11-10 15:53:28.785  1431  2167 W USF     : USF_API: Drop flicker data, cannot find sampling_id:84682!
11-10 15:53:28.789  7880  8025 I AuthorizationService: ProcessId: 7880, Thread: Pool-BoltsBackground-Thread-5, Accountmaps:[[idmap][userId:f07b6288-7892-4576-bb08-f997a03337a1][userId:f07b6288-7892-4576-bb08-f997a03337a1][tenantId:63ce7d59-2f3e-42cd-a8cc-be764cff5eb6][hasnoOid:false][hash:94298999][hasHomeTenant:true][primarytokenvalid:true][skypetokenvalid:true][primarytokenexpirationtime:Mon Nov 10 16:25:42 GMT+02:00 2025][skypetokenexpirationtime:Mon Nov 10 16:25:42 GMT+02:00 2025]][namemap][namemap][userId:f07b6288-7892-4576-bb08-f997a03337a1][tenantId:63ce7d59-2f3e-42cd-a8cc-be764cff5eb6][hasnoOid:false][hash:94298999][hasHomeTenant:true][primarytokenvalid:true][skypetokenvalid:true][primarytokenexpirationtime:Mon Nov 10 16:25:42 GMT+02:00 2025][skypetokenexpirationtime:Mon Nov 10 16:25:42 GMT+02:00 2025]]]
11-10 15:53:28.795  1431  2167 W USF     : USF_API: Drop flicker data, cannot find sampling_id:84682!
11-10 15:53:28.805  1431  2167 W USF     : USF_API: Drop flicker data, cannot find sampling_id:84682!
11-10 15:53:28.815  1431  2167 W USF     : USF_API: Drop flicker data, cannot find sampling_id:84682!
11-10 15:53:28.818  1428  2117 D BTAudioSessionAidl: GetSupportedLatencyModes - Supported LatencyMode= FREE
11-10 15:53:28.820 21379  7910 I bsf     : BLL finished for package: com.example.mobiledigger, score: 6.0, verdict: NOT_HARMFUL
11-10 15:53:28.820 21379  7910 I cip     : Finished new classification for package: com.example.mobiledigger, model: bll_1, verdict: NOT_HARMFUL, score: 6.0
11-10 15:53:28.825  1431  2167 W USF     : USF_API: Drop flicker data, cannot find sampling_id:84682!
11-10 15:53:28.832  7880  8027 I com.microsoft.tokenshare.RemoteTokenShareConfiguration_v1.7.1: loadConfiguration: loaded from cache
11-10 15:53:28.834  1431  2167 W USF     : USF_API: Drop flicker data, cannot find sampling_id:84682!
11-10 15:53:28.841 21379  7910 I brb     : Work finished, result: Result(successCount=1, failureCount=0), latency: PT0.773S
11-10 15:53:28.844 21379 21428 I brn     : Finished work type: HANDLE_PACKAGES_CHANGED, success: true, latency: PT0.795S
11-10 15:53:28.845 21379 21379 I WorkService: Stopping the work service
11-10 15:53:28.845  1431  2167 W USF     : USF_API: Drop flicker data, cannot find sampling_id:84682!
11-10 15:53:28.846  1884  5659 W ForegroundServiceTypeLoggerModule: FGS stop call for: 10154 has no types!
11-10 15:53:28.846 29449 29473 I Finsky  : [1114] WM::SCH: Logging work initialize for 12-1
11-10 15:53:28.847  1884  2730 D BackgroundInstallControlService: Package event received: 0
11-10 15:53:28.848  1884  2730 D BackgroundInstallControlService: Package event received: 0
11-10 15:53:28.848 21379 21379 I WorkService: Work service moved out of the foreground
11-10 15:53:28.850 21379 21379 I WorkService: Work service destroyed
11-10 15:53:28.850 21379 21379 I civ     : Stopping watchdog: work-service, completed in time
11-10 15:53:28.855  1431  2167 W USF     : USF_API: Drop flicker data, cannot find sampling_id:84682!
11-10 15:53:28.864  1431  2167 W USF     : USF_API: Drop flicker data, cannot find sampling_id:84682!
11-10 15:53:28.874  1431  2167 W USF     : USF_API: Drop flicker data, cannot find sampling_id:84682!
11-10 15:53:28.884  1431  2167 W USF     : USF_API: Drop flicker data, cannot find sampling_id:84682!
11-10 15:53:28.894  1431  2167 W USF     : USF_API: Drop flicker data, cannot find sampling_id:84682!
11-10 15:53:28.902 30907  7917 W SQLiteLog: (28) double-quoted string literal: "com.example.mobiledigger"
11-10 15:53:28.905  1431  2167 W USF     : USF_API: Drop flicker data, cannot find sampling_id:84682!
11-10 15:53:28.910 30907 15198 I Icing   : IndexChimeraService.getServiceInterface callingPackage=com.google.android.gms componentName=AppsCorpus serviceId=36
11-10 15:53:28.912  7880  8005 I TeamsUserTokenManager: ProcessId: 7880, Thread: Pool-Background-Thread-8, getCachedToken userObjectId: f07b6288-7892-4576-bb08-f997a03337a1
11-10 15:53:28.913  7880  8027 I TeamsTokenProvider: ProcessId: 7880, Thread: AsyncTask #1, Requesting accounts
11-10 15:53:28.913  7880  8027 I SharedDeviceManager: ProcessId: 7880, Thread: AsyncTask #1, isSharedDevice get shared device mode : false
11-10 15:53:28.914  7880  8027 I AuthenticationProviderFactory: ProcessId: 7880, Thread: AsyncTask #1, OneAuth ECS is enabled; use OneAuth instance as Auth library
11-10 15:53:28.914  7880  8027 I OneAuthProviderFactory: ProcessId: 7880, Thread: AsyncTask #1, Fresh launch, startup OneAuth. OneAuth::startup is not idempotent and should only be called once per app lifecycle
11-10 15:53:28.915  1431  2167 W USF     : USF_API: Drop flicker data, cannot find sampling_id:84682!
11-10 15:53:28.921  7880  8005 I TeamsUserTokenManager: ProcessId: 7880, Thread: Pool-Background-Thread-8, getCachedToken userObjectId: f07b6288-7892-4576-bb08-f997a03337a1
11-10 15:53:28.925  1431  2167 W USF     : USF_API: Drop flicker data, cannot find sampling_id:84682!
11-10 15:53:28.935  1431  2167 W USF     : USF_API: Drop flicker data, cannot find sampling_id:84682!
11-10 15:53:28.945  1431  2167 W USF     : USF_API: Drop flicker data, cannot find sampling_id:84682!
11-10 15:53:28.949  7880  8026 D nativeloader: Load /data/app/~~2Pd82fkmPxo-ra1EVk2yHQ==/com.microsoft.teams-5qgn4B-YvHmP8ilH3gtplA==/split_config.arm64_v8a.apk!/lib/arm64-v8a/libOneAuth.so using class loader ns clns-9 (caller=/data/app/~~2Pd82fkmPxo-ra1EVk2yHQ==/com.microsoft.teams-5qgn4B-YvHmP8ilH3gtplA==/base.apk!classes2.dex): ok
11-10 15:53:28.953  1884  2730 D BackgroundInstallControlService: Package event received: 0
11-10 15:53:28.954  1884  2730 D BackgroundInstallControlService: Package event received: 0
11-10 15:53:28.954  1431  2167 W USF     : USF_API: Drop flicker data, cannot find sampling_id:84682!
11-10 15:53:28.964  1431  2167 W USF     : USF_API: Drop flicker data, cannot find sampling_id:84682!
11-10 15:53:28.968 30907 14696 I Icing   : IndexChimeraService.getServiceInterface callingPackage=com.google.android.gms componentName=null serviceId=30
11-10 15:53:28.974  1431  2167 W USF     : USF_API: Drop flicker data, cannot find sampling_id:84682!
11-10 15:53:28.984  1431  2167 W USF     : USF_API: Drop flicker data, cannot find sampling_id:84682!
11-10 15:53:28.994  1431  2167 W USF     : USF_API: Drop flicker data, cannot find sampling_id:84682!
11-10 15:53:28.997  7880  8005 I TeamsUserTokenManager: ProcessId: 7880, Thread: Pool-Background-Thread-8, Fetching new token from broker to update our cache
11-10 15:53:28.998  7880  8005 I TeamsUserTokenManager: ProcessId: 7880, Thread: Pool-Background-Thread-8, getCachedToken userObjectId: f07b6288-7892-4576-bb08-f997a03337a1
11-10 15:53:28.998  7880  8005 I TeamsUserTokenManager: ProcessId: 7880, Thread: Pool-Background-Thread-8, getCachedToken userObjectId: f07b6288-7892-4576-bb08-f997a03337a1
11-10 15:53:28.998  7880  8005 I TeamsUserTokenManager: ProcessId: 7880, Thread: Pool-Background-Thread-8, Fetching new token from broker to update our cache
11-10 15:53:29.000 30907  8019 I Icing   : Usage reports ok 2, Failed Usage reports 0, indexed 0, rejected 0
11-10 15:53:29.002  7880  8042 I ScenarioContextEvent: ae5ff70a-def2-4eda-956c-33a8286d1381 7ac296f8-167a-4acb-8e6e-cc7fc5d4ee67 acquire_resource_token_silent START  OK         null       null 0 null [null] [null]
11-10 15:53:29.002  7880  8042 I ScenarioContextEvent: ae5ff70a-def2-4eda-956c-33a8286d1381 7ac296f8-167a-4acb-8e6e-cc7fc5d4ee67 acquire_resource_token_silent Async  OK         null       null 1 null [null] [null] false           
11-10 15:53:29.002  7880  8042 I SharedDeviceManager: ProcessId: 7880, Thread: Pool-NetworkPool-Thread-2, isSharedDevice get shared device mode : false
11-10 15:53:29.002  7880  8042 I AuthenticationProviderFactory: ProcessId: 7880, Thread: Pool-NetworkPool-Thread-2, OneAuth ECS is enabled; use OneAuth instance as Auth library
11-10 15:53:29.004  1431  2167 W USF     : USF_API: Drop flicker data, cannot find sampling_id:84682!
11-10 15:53:29.010  7880  8041 I ScenarioContextEvent: 8a749871-ba10-46ab-b66f-e744ca77c4e0 b77a6529-8c94-461d-83f2-416258bf34e4 acquire_resource_token_silent START  OK         null       null 0 null [null] [null]
11-10 15:53:29.010  7880  8041 I ScenarioContextEvent: 8a749871-ba10-46ab-b66f-e744ca77c4e0 b77a6529-8c94-461d-83f2-416258bf34e4 acquire_resource_token_silent Async  OK         null       null 1 null [null] [null] false           
11-10 15:53:29.010  7880  8041 I SharedDeviceManager: ProcessId: 7880, Thread: Pool-NetworkPool-Thread-1, isSharedDevice get shared device mode : false
11-10 15:53:29.010  7880  8041 I AuthenticationProviderFactory: ProcessId: 7880, Thread: Pool-NetworkPool-Thread-1, OneAuth ECS is enabled; use OneAuth instance as Auth library
11-10 15:53:29.011 30907  8019 I Icing   : Usage reports ok 0, Failed Usage reports 0, indexed 0, rejected 0
11-10 15:53:29.014  1431  2167 W USF     : USF_API: Drop flicker data, cannot find sampling_id:84682!
11-10 15:53:29.015 30907  7826 W Binder  : Caught a RuntimeException from the binder stub implementation.
11-10 15:53:29.015 30907  7826 W Binder  : java.lang.UnsupportedOperationException
11-10 15:53:29.015 30907  7826 W Binder  : 	at bbbl.b(:com.google.android.gms@254334035@25.43.34 (260400-827649125):3)
11-10 15:53:29.015 30907  7826 W Binder  : 	at bbbl.dispatchTransaction(:com.google.android.gms@254334035@25.43.34 (260400-827649125):33)
11-10 15:53:29.015 30907  7826 W Binder  : 	at buem.a(:com.google.android.gms@254334035@25.43.34 (260400-827649125):50)
11-10 15:53:29.015 30907  7826 W Binder  : 	at xqs.onTransact(:com.google.android.gms@254334035@25.43.34 (260400-827649125):23)
11-10 15:53:29.015 30907  7826 W Binder  : 	at android.os.Binder.execTransactInternal(Binder.java:1446)
11-10 15:53:29.015 30907  7826 W Binder  : 	at android.os.Binder.execTransact(Binder.java:1385)
11-10 15:53:29.018  1428  2117 D BTAudioSessionAidl: GetSupportedLatencyModes - Supported LatencyMode= FREE
11-10 15:53:29.024  1431  2167 W USF     : USF_API: Drop flicker data, cannot find sampling_id:84682!
11-10 15:53:29.025  7880  8027 E OneAuthLog: [OneAuth:0001:Error:5fluu:00000000] OneAuth is not fully configured. 
11-10 15:53:29.030  7880  8027 D TokenSharingManager_v1.7.1: Library works in release mode
11-10 15:53:29.030  7880  8027 D TokenSharingManager_v1.7.1: Library works in release mode
11-10 15:53:29.033 30907  8019 I Icing   : Indexing com.google.android.gms-apps from com.google.android.gms
11-10 15:53:29.034  1431  2167 W USF     : USF_API: Drop flicker data, cannot find sampling_id:84682!
11-10 15:53:29.044  1431  2167 W USF     : USF_API: Drop flicker data, cannot find sampling_id:84682!
11-10 15:53:29.045 29449 29480 I Finsky  : [1119] SCH: Scheduling phonesky job Id: 12-1, CT: 1762782808258, Constraints: [{ L: 15000, D: 86400000, C: CHARGING_NONE, I: IDLE_NONE, N: NET_ANY, B: BATTERY_ANY }]
11-10 15:53:29.051 30907  8019 I Icing   : Indexing done com.google.android.gms-apps
11-10 15:53:29.054  1431  2167 W USF     : USF_API: Drop flicker data, cannot find sampling_id:84682!
11-10 15:53:29.064  1431  2167 W USF     : USF_API: Drop flicker data, cannot find sampling_id:84682!
11-10 15:53:29.065  1884  5328 D ActivityManager: sync unfroze 27585 com.microsoft.windowsintune.companyportal.omadm_client_process for 7
11-10 15:53:29.066 27585 27585 D ActivityThread: Package [com.example.mobiledigger] reported as REPLACED, but missing application info. Assuming REMOVED.
11-10 15:53:29.067 29449 29488 I Finsky  : [1126] SCH: Scheduling 1 system job(s)
11-10 15:53:29.067 27585 27585 D ActivityThread: Package [com.example.mobiledigger] reported as REPLACED, but missing application info. Assuming REMOVED.
11-10 15:53:29.069 29449 29488 I Finsky  : [1126] SCH: Scheduling system job Id: 9777, L: 14191, D: 63151843, C: false, I: false, N: 1
11-10 15:53:29.073  1884  2681 D ConnectivityService: releasing NetworkRequest [ REQUEST id=39065, [ Capabilities: INTERNET&NOT_RESTRICTED&TRUSTED&NOT_VCN_MANAGED&NOT_BANDWIDTH_CONSTRAINED Uid: 10300 RequestorUid: 10300 RequestorPkg: com.microsoft.office.outlook UnderlyingNetworks: Null] ] (release request)
11-10 15:53:29.073  1884  2681 D ConnectivityService: releasing NetworkRequest [ REQUEST id=39067, [ Capabilities: INTERNET&NOT_RESTRICTED&TRUSTED&NOT_VCN_MANAGED&NOT_BANDWIDTH_CONSTRAINED Uid: 10300 RequestorUid: 10300 RequestorPkg: com.microsoft.office.outlook UnderlyingNetworks: Null] ] (release request)
11-10 15:53:29.074  1431  2167 W USF     : USF_API: Drop flicker data, cannot find sampling_id:84682!
11-10 15:53:29.077  1884  1998 I libprocessgroup: Removed cgroup /sys/fs/cgroup/apps/uid_10300/pid_7473
11-10 15:53:29.078  1884  1998 I ActivityManager: Process PhantomProcessRecord {8223740 7990:24789:/u0a325} died
11-10 15:53:29.079  1408  1408 I Zygote  : Process 7473 exited due to signal 9 (Killed)
11-10 15:53:29.084  1431  2167 W USF     : USF_API: Drop flicker data, cannot find sampling_id:84682!
11-10 15:53:29.088 29449 29475 I Finsky  : [1116] [ContentSync] finished, scheduled=true
11-10 15:53:29.093  7880  8050 I TokenRefreshBackgroundWorker: ProcessId: 7880, Thread: Pool-WorkManager-Thread-1, TokenRefreshBackgroundWorker: Refreshing tokens for resources: [https://ic3-non-cae.teams.office.com/.default, https://ic3.teams.office.com/.default]
11-10 15:53:29.093  7880  8050 I TeamsUserTokenManager: ProcessId: 7880, Thread: Pool-WorkManager-Thread-1, getCachedToken userObjectId: f07b6288-7892-4576-bb08-f997a03337a1
11-10 15:53:29.094  1431  2167 W USF     : USF_API: Drop flicker data, cannot find sampling_id:84682!
11-10 15:53:29.094  7880  8050 I TeamsUserTokenManager: ProcessId: 7880, Thread: Pool-WorkManager-Thread-1, getCachedToken userObjectId: f07b6288-7892-4576-bb08-f997a03337a1
11-10 15:53:29.095  7880  8050 I TeamsUserTokenManager: ProcessId: 7880, Thread: Pool-WorkManager-Thread-1, Fetching new token from broker to update our cache
11-10 15:53:29.095  7880  8050 I TeamsUserTokenManager: ProcessId: 7880, Thread: Pool-WorkManager-Thread-1, getCachedToken userObjectId: f07b6288-7892-4576-bb08-f997a03337a1
11-10 15:53:29.096  7880  8050 I TeamsUserTokenManager: ProcessId: 7880, Thread: Pool-WorkManager-Thread-1, getCachedToken userObjectId: f07b6288-7892-4576-bb08-f997a03337a1
11-10 15:53:29.096  7880  8050 I TeamsUserTokenManager: ProcessId: 7880, Thread: Pool-WorkManager-Thread-1, Fetching new token from broker to update our cache
11-10 15:53:29.097  7880  8052 I ScenarioContextEvent: 77574b73-59e7-4e56-9925-b93de1636f91 d5796dd8-3224-4757-90cc-b9abdd26025c acquire_resource_token_silent START  OK         null       null 0 null [null] [null]
11-10 15:53:29.097  7880  8052 I ScenarioContextEvent: 77574b73-59e7-4e56-9925-b93de1636f91 d5796dd8-3224-4757-90cc-b9abdd26025c acquire_resource_token_silent Async  OK         null       null 1 null [null] [null] false           
11-10 15:53:29.097  7880  8052 I SharedDeviceManager: ProcessId: 7880, Thread: Pool-NetworkPool-Thread-3, isSharedDevice get shared device mode : false
11-10 15:53:29.097  7880  8052 I AuthenticationProviderFactory: ProcessId: 7880, Thread: Pool-NetworkPool-Thread-3, OneAuth ECS is enabled; use OneAuth instance as Auth library
11-10 15:53:29.098  7880  8053 I ScenarioContextEvent: 84eb1909-b9a9-4f58-9fd3-db7489411f87 7e96385f-2751-4ad7-a4e4-1c50494bb6a1 acquire_resource_token_silent START  OK         null       null 0 null [null] [null]
11-10 15:53:29.098  7880  8053 I ScenarioContextEvent: 84eb1909-b9a9-4f58-9fd3-db7489411f87 7e96385f-2751-4ad7-a4e4-1c50494bb6a1 acquire_resource_token_silent Async  OK         null       null 0 null [null] [null] false           
11-10 15:53:29.098  7880  8053 I SharedDeviceManager: ProcessId: 7880, Thread: Pool-NetworkPool-Thread-4, isSharedDevice get shared device mode : false
11-10 15:53:29.098  7880  8053 I AuthenticationProviderFactory: ProcessId: 7880, Thread: Pool-NetworkPool-Thread-4, OneAuth ECS is enabled; use OneAuth instance as Auth library
11-10 15:53:29.104  1431  2167 W USF     : USF_API: Drop flicker data, cannot find sampling_id:84682!
11-10 15:53:29.110 29449 29480 I Finsky  : [1119] SCH: Scheduling phonesky job Id: 12-1, CT: 1762782808001, Constraints: [{ L: 15000, D: 86400000, C: CHARGING_NONE, I: IDLE_NONE, N: NET_ANY, B: BATTERY_ANY }]
11-10 15:53:29.114  1431  2167 W USF     : USF_API: Drop flicker data, cannot find sampling_id:84682!
11-10 15:53:29.123  1884  1917 V SafetySourceDataValidat: Package: com.android.vending has expected signature
11-10 15:53:29.123  1884  1917 V SafetySourceDataValidat: Package: com.android.vending has expected signature
11-10 15:53:29.124  1431  2167 W USF     : USF_API: Drop flicker data, cannot find sampling_id:84682!
11-10 15:53:29.129 29449 29488 I Finsky  : [1126] SCH: Scheduling 1 system job(s)
11-10 15:53:29.129 29449 29488 I Finsky  : [1126] SCH: Scheduling system job Id: 9777, L: 13872, D: 63151781, C: false, I: false, N: 1
11-10 15:53:29.134  1431  2167 W USF     : USF_API: Drop flicker data, cannot find sampling_id:84682!
11-10 15:53:29.144  1431  2167 W USF     : USF_API: Drop flicker data, cannot find sampling_id:84682!
11-10 15:53:29.153  1431  2167 W USF     : USF_API: Drop flicker data, cannot find sampling_id:84682!
11-10 15:53:29.163  1431  2167 W USF     : USF_API: Drop flicker data, cannot find sampling_id:84682!
11-10 15:53:29.173  1431  2167 W USF     : USF_API: Drop flicker data, cannot find sampling_id:84682!
11-10 15:53:29.175 29449 29476 I Finsky  : [1117] [ContentSync] finished, scheduled=true
11-10 15:53:29.183  1431  2167 W USF     : USF_API: Drop flicker data, cannot find sampling_id:84682!
11-10 15:53:29.193  1431  2167 W USF     : USF_API: Drop flicker data, cannot find sampling_id:84682!
11-10 15:53:29.203  1431  2167 W USF     : USF_API: Drop flicker data, cannot find sampling_id:84682!
11-10 15:53:29.209  7880  7998 I SkypeTeamsDatabase: ProcessId: 7880, Thread: Pool-Background-Thread-2, DB opened
11-10 15:53:29.213  1431  2167 W USF     : USF_API: Drop flicker data, cannot find sampling_id:84682!
11-10 15:53:29.218  1428  2117 D BTAudioSessionAidl: GetSupportedLatencyModes - Supported LatencyMode= FREE
11-10 15:53:29.223  1431  2167 W USF     : USF_API: Drop flicker data, cannot find sampling_id:84682!
11-10 15:53:29.229  1431  2167 W USF     : USF_API: Drop sample report, cannot find sampling_id:84682
11-10 15:53:29.233  1431  2167 W USF     : USF_API: Drop flicker data, cannot find sampling_id:84682!
11-10 15:53:29.243  1431  2167 W USF     : USF_API: Drop flicker data, cannot find sampling_id:84682!
11-10 15:53:29.253  1431  2167 W USF     : USF_API: Drop flicker data, cannot find sampling_id:84682!
11-10 15:53:29.263  1431  2167 W USF     : USF_API: Drop flicker data, cannot find sampling_id:84682!
11-10 15:53:29.273  1431  2167 W USF     : USF_API: Drop flicker data, cannot find sampling_id:84682!
11-10 15:53:29.286  1431  2167 W USF     : USF_API: Drop flicker data, cannot find sampling_id:84682!
11-10 15:53:29.286  1431  2167 W USF     : USF_API: Drop flicker data, cannot find sampling_id:84682!
11-10 15:53:29.296  1431  2167 W USF     : USF_API: Drop flicker data, cannot find sampling_id:84682!
11-10 15:53:29.301  7880  7934 D CompatChangeReporter: Compat change id reported: 311402873; UID 10311; state: ENABLED
11-10 15:53:29.301  7880  7934 D CompatChangeReporter: Compat change id reported: 323349338; UID 10311; state: ENABLED
11-10 15:53:29.301  7880  7934 W JobInfo : Job 'com.microsoft.teams/com.microsoft.intune.mam.client.service.MAMBackgroundJobService#109548598' has a deadline with no functional constraints. The deadline won't improve job execution latency. Consider removing the deadline.
11-10 15:53:29.302  1884  5659 D CompatChangeReporter: Compat change id reported: 311402873; UID 10311; state: ENABLED
11-10 15:53:29.303  1884  5659 D CompatChangeReporter: Compat change id reported: 323349338; UID 10311; state: ENABLED
11-10 15:53:29.303  1884  5659 W JobInfo : Job 'com.microsoft.teams/com.microsoft.intune.mam.client.service.MAMBackgroundJobService#109548598' has a deadline with no functional constraints. The deadline won't improve job execution latency. Consider removing the deadline.
11-10 15:53:29.305  1431  2167 W USF     : USF_API: Drop flicker data, cannot find sampling_id:84682!
11-10 15:53:29.315  1431  2167 W USF     : USF_API: Drop flicker data, cannot find sampling_id:84682!
11-10 15:53:29.325 10605 10699 W ahip    : (REDACTED) Slow context fetch for key %s took %s
11-10 15:53:29.325  1431  2167 W USF     : USF_API: Drop flicker data, cannot find sampling_id:84682!
11-10 15:53:29.327 10605 10699 I dluy    : (REDACTED) GetContext(%s, %s): Fetch from the %s surface finished with status: %s
11-10 15:53:29.328 10605 10692 I duyn    : (REDACTED) ContextResult succeeded for ContextKey: %s. %s
11-10 15:53:29.329 10605 10690 I duyn    : (REDACTED) ContextResult succeeded for ContextKey: %s. %s
11-10 15:53:29.335  1431  2167 W USF     : USF_API: Drop flicker data, cannot find sampling_id:84682!
11-10 15:53:29.337 10605 10692 I duyz    : (REDACTED) Updating context input '%s' with dynamic class '%s' containing %s entities. %s
11-10 15:53:29.337 10605 10692 I duyz    : (REDACTED) Clearing context input '%s'. %s
11-10 15:53:29.338 10605 10690 I duyz    : (REDACTED) Updating context input '%s' with dynamic class '%s' containing %s entities. %s
11-10 15:53:29.338 10605 10692 I duyt    : (REDACTED) Sending speech biasing context update to SODA with locale %s. %s
11-10 15:53:29.338 10605 10690 I duyz    : (REDACTED) Clearing context input '%s'. %s
11-10 15:53:29.339 10605 10690 I duyt    : (REDACTED) Sending speech biasing context update to SODA with locale %s. %s
11-10 15:53:29.339 10605 10691 I efed    : (REDACTED) #getSodaAsrUpdateRequest inserting app domain: %s
11-10 15:53:29.339 10605 10643 I efwe    : #updateAndGetSnapshot
11-10 15:53:29.340 10605 10699 I efwe    : (REDACTED) Listening for responses for locale %s
11-10 15:53:29.341 10605 10695 I efed    : (REDACTED) #getSodaAsrUpdateRequest inserting app domain: %s
11-10 15:53:29.343  1884  2730 D BackgroundInstallControlService: Package event received: 0
11-10 15:53:29.345 10605 10696 I efwe    : (REDACTED) >>> [%s] Emitting request locale: %s, secondaryLocales: %s, resources: %s, requestClient: %s
11-10 15:53:29.345  1431  2167 W USF     : USF_API: Drop flicker data, cannot find sampling_id:84682!
11-10 15:53:29.345 13160 13200 I efyz    : SRM: AccountScoped session starting on service-side.
11-10 15:53:29.346 13160 13200 I efwr    : (REDACTED) <<< [%s] Received request for primary locale %s. Secondary locales: '%s'
