10-21 22:17:04.900 D/AudioManager(30959): Trying FFmpegMediaPlayer for AIFF (ExoPlayer doesn't support AIFF)
10-21 22:17:04.900 D/AudioManager(30959): FFmpegMediaPlayer is available, attempting playback
10-21 22:17:04.900 D/AudioManager(30959): Using cached temp file: /data/user/0/com.example.mobiledigger/cache/aiff_temp_519081623839643491.aiff
10-21 22:17:04.900 D/AudioManager(30959): Setting FFmpegMediaPlayer data source: /data/user/0/com.example.mobiledigger/cache/aiff_temp_519081623839643491.aiff
10-21 22:17:04.900 V/FFmpegMediaPlayer-JNI(30959): setDataSource: path /data/user/0/com.example.mobiledigger/cache/aiff_temp_519081623839643491.aiff
10-21 22:17:04.901 D/AudioManager(30959): FFmpegMediaPlayer setDataSource successful
10-21 22:17:04.922 V/FFmpegMediaPlayer-JNI(30959): notify: 200
10-21 22:17:04.923 V/FFmpegMediaPlayer-JNI(30959): notify: 1
10-21 22:17:05.092 D/MediaSessionService( 1795): onSessionPlaybackStateChanged: record=com.soundcloud.android/MediaService::MediaSessionTag/115 (userId=0) playbackState=PlaybackState {state=PLAYING(3), position=4523137, buffered position=0, speed=1.0, updated=91918566, actions=84786, custom actions=[Action:mName='STOP_CAST, mIcon=2131231182, mExtras=null], active item id=-1, error=null}
10-21 22:17:05.199 D/AHal::UseCase( 1346): SetActiveTracks: update primary-playback active tracks(0)
10-21 22:17:05.597 D/MediaSessionService( 1795): onSessionPlaybackStateChanged: record=com.soundcloud.android/MediaService::MediaSessionTag/115 (userId=0) playbackState=PlaybackState {state=PLAYING(3), position=4523644, buffered position=0, speed=1.0, updated=91919072, actions=84786, custom actions=[Action:mName='STOP_CAST, mIcon=2131231182, mExtras=null], active item id=-1, error=null}
10-21 22:17:05.905 D/AudioManager(30959): FFmpegMediaPlayer prepare (sync) completed
10-21 22:17:05.906 V/FFmpegMediaPlayer-JNI(30959): setAudioStreamType: 3
10-21 22:17:05.907 D/AudioManager(30959): FFmpegMediaPlayer audio stream type set to STREAM_MUSIC
10-21 22:17:05.907 V/FFmpegMediaPlayer-JNI(30959): setVolume: left 1.000000  right 1.000000
10-21 22:17:05.907 D/AudioManager(30959): FFmpegMediaPlayer volume set to maximum
10-21 22:17:05.907 V/FFmpegMediaPlayer-JNI(30959): start
10-21 22:17:05.964 I/AHal::PortRouteManager( 1346): UpdateOrAddPatch: update patch 149, AudioPatch{id: 149, source: [400001/1: primary-playback], sink: [400229/300013: bluetooth-a2dp-device], min frames: 480, latencies: [140]}
10-21 22:17:05.991 D/AHal::UseCase( 1346): SetActiveTracks: update primary-playback active tracks(1)
10-21 22:17:05.994 D/AudioManager(30959): FFmpegMediaPlayer started after proper preparation
10-21 22:17:05.995 D/AudioManager(30959): FFmpegMediaPlayer playback successful for AIFF: 01 Fractal Architect - Show Me [24 Bit Master].aiff
10-21 22:17:05.995 D/MusicViewModel(30959): Playback started successfully for 01 Fractal Architect - Show Me [24 Bit Master].aiff
10-21 22:17:06.001 D/MusicViewModel(30959): MusicService started successfully.
10-21 22:17:06.007 D/MusicViewModel(30959): Preloaded next song: Bruce Kirkwood - Better (Mark Picchiotti Extended Nu Disco Remix).aiff
10-21 22:17:06.024 D/MediaSessionService( 1795): onSessionPlaybackStateChanged: record=com.example.mobiledigger/androidx.media3.session.id./127 (userId=0) playbackState=PlaybackState {state=ERROR(7), position=130648, buffered position=130648, speed=0.0, updated=91919502, actions=7339703, custom actions=[], active item id=0, error=Source error}
10-21 22:17:06.026 D/MediaSessionService( 1795): onSessionPlaybackStateChanged: record=com.example.mobiledigger/androidx.media3.session.id./127 (userId=0) playbackState=PlaybackState {state=ERROR(7), position=130648, buffered position=130648, speed=0.0, updated=91919504, actions=7339703, custom actions=[], active item id=0, error=Source error}
10-21 22:17:06.045 D/MediaSessionService( 1795): onSessionPlaybackStateChanged: record=com.example.mobiledigger/androidx.media3.session.id./127 (userId=0) playbackState=PlaybackState {state=BUFFERING(6), position=130648, buffered position=130648, speed=0.0, updated=91919523, actions=7339703, custom actions=[], active item id=0, error=null}
10-21 22:17:06.068 V/FFmpegMediaPlayer-JNI(30959): getCurrentPosition: 301 (msec)
10-21 22:17:06.068 V/FFmpegMediaPlayer-JNI(30959): getDuration: 233000 (msec)
10-21 22:17:06.068 I/FFmpegMediaPlayer(30959): Info (802,0)
10-21 22:17:06.068 D/AudioManager(30959): FFmpegMediaPlayer info: what=802, extra=0
10-21 22:17:06.069 D/AudioManager(30959): FFmpegMediaPlayer prepared successfully
10-21 22:17:06.072 I/System.out(30959): ðŸŽµ File: 01 Fractal Architect - Show Me [24 Bit Master].aiff, Size: 39.4MB, Type: AIFF, Samples/sec: 1
10-21 22:17:06.100 D/MediaSessionService( 1795): onSessionPlaybackStateChanged: record=com.soundcloud.android/MediaService::MediaSessionTag/115 (userId=0) playbackState=PlaybackState {state=PLAYING(3), position=4524149, buffered position=0, speed=1.0, updated=91919577, actions=84786, custom actions=[Action:mName='STOP_CAST, mIcon=2131231182, mExtras=null], active item id=-1, error=null}
10-21 22:17:06.155 V/FFmpegMediaPlayer-JNI(30959): getCurrentPosition: 441 (msec)
10-21 22:17:06.155 V/FFmpegMediaPlayer-JNI(30959): getDuration: 233000 (msec)
10-21 22:17:06.189 V/FFmpegMediaPlayer-JNI(30959): getCurrentPosition: 441 (msec)
10-21 22:17:06.189 V/FFmpegMediaPlayer-JNI(30959): getDuration: 233000 (msec)
10-21 22:17:06.253 V/FFmpegMediaPlayer-JNI(30959): getCurrentPosition: 441 (msec)
10-21 22:17:06.253 V/FFmpegMediaPlayer-JNI(30959): getDuration: 233000 (msec)
10-21 22:17:06.287 V/FFmpegMediaPlayer-JNI(30959): getCurrentPosition: 1323 (msec)
10-21 22:17:06.287 V/FFmpegMediaPlayer-JNI(30959): getDuration: 233000 (msec)
10-21 22:17:06.337 V/FFmpegMediaPlayer-JNI(30959): getCurrentPosition: 1323 (msec)
10-21 22:17:06.337 V/FFmpegMediaPlayer-JNI(30959): getDuration: 233000 (msec)
10-21 22:17:06.369 V/FFmpegMediaPlayer-JNI(30959): getCurrentPosition: 1323 (msec)
10-21 22:17:06.369 V/FFmpegMediaPlayer-JNI(30959): getDuration: 233000 (msec)
10-21 22:17:06.417 V/FFmpegMediaPlayer-JNI(30959): getCurrentPosition: 1323 (msec)
10-21 22:17:06.417 V/FFmpegMediaPlayer-JNI(30959): getDuration: 233000 (msec)
10-21 22:17:06.472 V/FFmpegMediaPlayer-JNI(30959): getCurrentPosition: 1486 (msec)
10-21 22:17:06.472 V/FFmpegMediaPlayer-JNI(30959): getDuration: 233000 (msec)
10-21 22:17:06.505 V/FFmpegMediaPlayer-JNI(30959): getCurrentPosition: 1486 (msec)
10-21 22:17:06.505 V/FFmpegMediaPlayer-JNI(30959): getDuration: 233000 (msec)
10-21 22:17:06.538 V/FFmpegMediaPlayer-JNI(30959): getCurrentPosition: 1486 (msec)
10-21 22:17:06.538 V/FFmpegMediaPlayer-JNI(30959): getDuration: 233000 (msec)
10-21 22:17:06.598 V/FFmpegMediaPlayer-JNI(30959): getCurrentPosition: 1625 (msec)
10-21 22:17:06.598 V/FFmpegMediaPlayer-JNI(30959): getDuration: 233000 (msec)
10-21 22:17:06.602 D/MediaSessionService( 1795): onSessionPlaybackStateChanged: record=com.soundcloud.android/MediaService::MediaSessionTag/115 (userId=0) playbackState=PlaybackState {state=PLAYING(3), position=4524651, buffered position=0, speed=1.0, updated=91920079, actions=84786, custom actions=[Action:mName='STOP_CAST, mIcon=2131231182, mExtras=null], active item id=-1, error=null}
10-21 22:17:06.632 V/FFmpegMediaPlayer-JNI(30959): getCurrentPosition: 1625 (msec)
10-21 22:17:06.632 V/FFmpegMediaPlayer-JNI(30959): getDuration: 233000 (msec)
10-21 22:17:06.698 V/FFmpegMediaPlayer-JNI(30959): getCurrentPosition: 1625 (msec)
10-21 22:17:06.698 V/FFmpegMediaPlayer-JNI(30959): getDuration: 233000 (msec)
10-21 22:17:06.731 V/FFmpegMediaPlayer-JNI(30959): getCurrentPosition: 1787 (msec)
10-21 22:17:06.731 V/FFmpegMediaPlayer-JNI(30959): getDuration: 233000 (msec)
10-21 22:17:06.764 V/FFmpegMediaPlayer-JNI(30959): getCurrentPosition: 1787 (msec)
10-21 22:17:06.764 V/FFmpegMediaPlayer-JNI(30959): getDuration: 233000 (msec)
10-21 22:17:06.798 V/FFmpegMediaPlayer-JNI(30959): getCurrentPosition: 1787 (msec)
10-21 22:17:06.798 V/FFmpegMediaPlayer-JNI(30959): getDuration: 233000 (msec)
10-21 22:17:06.832 V/FFmpegMediaPlayer-JNI(30959): getCurrentPosition: 1927 (msec)
10-21 22:17:06.832 V/FFmpegMediaPlayer-JNI(30959): getDuration: 233000 (msec)
10-21 22:17:06.868 V/FFmpegMediaPlayer-JNI(30959): getCurrentPosition: 1927 (msec)
10-21 22:17:06.868 V/FFmpegMediaPlayer-JNI(30959): getDuration: 233000 (msec)
10-21 22:17:06.903 V/FFmpegMediaPlayer-JNI(30959): getCurrentPosition: 1927 (msec)
10-21 22:17:06.904 V/FFmpegMediaPlayer-JNI(30959): getDuration: 233000 (msec)
10-21 22:17:06.938 V/FFmpegMediaPlayer-JNI(30959): getCurrentPosition: 1927 (msec)
10-21 22:17:06.938 V/FFmpegMediaPlayer-JNI(30959): getDuration: 233000 (msec)
10-21 22:17:06.974 V/FFmpegMediaPlayer-JNI(30959): getCurrentPosition: 1927 (msec)
10-21 22:17:06.974 V/FFmpegMediaPlayer-JNI(30959): getDuration: 233000 (msec)
10-21 22:17:07.010 V/FFmpegMediaPlayer-JNI(30959): getCurrentPosition: 2066 (msec)
10-21 22:17:07.010 V/FFmpegMediaPlayer-JNI(30959): getDuration: 233000 (msec)
10-21 22:17:07.044 V/FFmpegMediaPlayer-JNI(30959): getCurrentPosition: 2066 (msec)
10-21 22:17:07.044 V/FFmpegMediaPlayer-JNI(30959): getDuration: 233000 (msec)
10-21 22:17:07.080 V/FFmpegMediaPlayer-JNI(30959): getCurrentPosition: 2066 (msec)
10-21 22:17:07.080 V/FFmpegMediaPlayer-JNI(30959): getDuration: 233000 (msec)
10-21 22:17:07.106 D/MediaSessionService( 1795): onSessionPlaybackStateChanged: record=com.soundcloud.android/MediaService::MediaSessionTag/115 (userId=0) playbackState=PlaybackState {state=PLAYING(3), position=4525153, buffered position=0, speed=1.0, updated=91920581, actions=84786, custom actions=[Action:mName='STOP_CAST, mIcon=2131231182, mExtras=null], active item id=-1, error=null}
10-21 22:17:07.116 V/FFmpegMediaPlayer-JNI(30959): getCurrentPosition: 2205 (msec)
10-21 22:17:07.117 V/FFmpegMediaPlayer-JNI(30959): getDuration: 233000 (msec)
10-21 22:17:07.155 V/FFmpegMediaPlayer-JNI(30959): getCurrentPosition: 2205 (msec)
10-21 22:17:07.155 V/FFmpegMediaPlayer-JNI(30959): getDuration: 233000 (msec)
10-21 22:17:07.189 V/FFmpegMediaPlayer-JNI(30959): getCurrentPosition: 2205 (msec)
10-21 22:17:07.190 V/FFmpegMediaPlayer-JNI(30959): getDuration: 233000 (msec)
10-21 22:17:07.224 V/FFmpegMediaPlayer-JNI(30959): getCurrentPosition: 2205 (msec)
10-21 22:17:07.224 V/FFmpegMediaPlayer-JNI(30959): getDuration: 233000 (msec)
10-21 22:17:07.261 V/FFmpegMediaPlayer-JNI(30959): getCurrentPosition: 2205 (msec)
10-21 22:17:07.261 V/FFmpegMediaPlayer-JNI(30959): getDuration: 233000 (msec)
10-21 22:17:07.298 V/FFmpegMediaPlayer-JNI(30959): getCurrentPosition: 2345 (msec)
10-21 22:17:07.298 V/FFmpegMediaPlayer-JNI(30959): getDuration: 233000 (msec)
10-21 22:17:07.331 V/FFmpegMediaPlayer-JNI(30959): getCurrentPosition: 2345 (msec)
10-21 22:17:07.331 V/FFmpegMediaPlayer-JNI(30959): getDuration: 233000 (msec)
10-21 22:17:07.365 V/FFmpegMediaPlayer-JNI(30959): getCurrentPosition: 2345 (msec)
10-21 22:17:07.365 V/FFmpegMediaPlayer-JNI(30959): getDuration: 233000 (msec)
10-21 22:17:07.399 V/FFmpegMediaPlayer-JNI(30959): getCurrentPosition: 2484 (msec)
10-21 22:17:07.400 V/FFmpegMediaPlayer-JNI(30959): getDuration: 233000 (msec)
10-21 22:17:07.433 V/FFmpegMediaPlayer-JNI(30959): getCurrentPosition: 2484 (msec)
10-21 22:17:07.433 V/FFmpegMediaPlayer-JNI(30959): getDuration: 233000 (msec)
10-21 22:17:07.469 V/FFmpegMediaPlayer-JNI(30959): getCurrentPosition: 2484 (msec)
10-21 22:17:07.469 V/FFmpegMediaPlayer-JNI(30959): getDuration: 233000 (msec)
10-21 22:17:07.503 V/FFmpegMediaPlayer-JNI(30959): getCurrentPosition: 2484 (msec)
10-21 22:17:07.503 V/FFmpegMediaPlayer-JNI(30959): getDuration: 233000 (msec)
10-21 22:17:07.537 V/FFmpegMediaPlayer-JNI(30959): getCurrentPosition: 2484 (msec)
10-21 22:17:07.538 V/FFmpegMediaPlayer-JNI(30959): getDuration: 233000 (msec)
10-21 22:17:07.570 V/FFmpegMediaPlayer-JNI(30959): getCurrentPosition: 2623 (msec)
10-21 22:17:07.570 V/FFmpegMediaPlayer-JNI(30959): getDuration: 233000 (msec)
10-21 22:17:07.604 V/FFmpegMediaPlayer-JNI(30959): getCurrentPosition: 2623 (msec)
10-21 22:17:07.604 V/FFmpegMediaPlayer-JNI(30959): getDuration: 233000 (msec)
10-21 22:17:07.611 D/MediaSessionService( 1795): onSessionPlaybackStateChanged: record=com.soundcloud.android/MediaService::MediaSessionTag/115 (userId=0) playbackState=PlaybackState {state=PLAYING(3), position=4525660, buffered position=0, speed=1.0, updated=91921088, actions=84786, custom actions=[Action:mName='STOP_CAST, mIcon=2131231182, mExtras=null], active item id=-1, error=null}
10-21 22:17:07.629 V/FFmpegMediaPlayer-JNI(30959): seekTo: 38150(msec)
10-21 22:17:07.634 V/FFmpegMediaPlayer-JNI(30959): notify: 4
10-21 22:17:07.638 V/FFmpegMediaPlayer-JNI(30959): getCurrentPosition: 2623 (msec)
10-21 22:17:07.638 V/FFmpegMediaPlayer-JNI(30959): getDuration: 233000 (msec)
10-21 22:17:07.672 V/FFmpegMediaPlayer-JNI(30959): getCurrentPosition: 38289 (msec)
10-21 22:17:07.672 V/FFmpegMediaPlayer-JNI(30959): getDuration: 233000 (msec)
10-21 22:17:07.706 V/FFmpegMediaPlayer-JNI(30959): getCurrentPosition: 38289 (msec)
10-21 22:17:07.706 V/FFmpegMediaPlayer-JNI(30959): getDuration: 233000 (msec)
10-21 22:17:07.740 V/FFmpegMediaPlayer-JNI(30959): getCurrentPosition: 38289 (msec)
10-21 22:17:07.740 V/FFmpegMediaPlayer-JNI(30959): getDuration: 233000 (msec)
10-21 22:17:07.775 V/FFmpegMediaPlayer-JNI(30959): getCurrentPosition: 38289 (msec)
10-21 22:17:07.775 V/FFmpegMediaPlayer-JNI(30959): getDuration: 233000 (msec)
10-21 22:17:07.809 V/FFmpegMediaPlayer-JNI(30959): getCurrentPosition: 38289 (msec)
10-21 22:17:07.809 V/FFmpegMediaPlayer-JNI(30959): getDuration: 233000 (msec)
10-21 22:17:07.845 V/FFmpegMediaPlayer-JNI(30959): getCurrentPosition: 38428 (msec)
10-21 22:17:07.846 V/FFmpegMediaPlayer-JNI(30959): getDuration: 233000 (msec)
10-21 22:17:07.879 V/FFmpegMediaPlayer-JNI(30959): getCurrentPosition: 38428 (msec)
10-21 22:17:07.879 V/FFmpegMediaPlayer-JNI(30959): getDuration: 233000 (msec)
10-21 22:17:07.914 V/FFmpegMediaPlayer-JNI(30959): getCurrentPosition: 38428 (msec)
10-21 22:17:07.914 V/FFmpegMediaPlayer-JNI(30959): getDuration: 233000 (msec)
10-21 22:17:07.950 V/FFmpegMediaPlayer-JNI(30959): getCurrentPosition: 38428 (msec)
10-21 22:17:07.950 V/FFmpegMediaPlayer-JNI(30959): getDuration: 233000 (msec)
10-21 22:17:07.985 V/FFmpegMediaPlayer-JNI(30959): getCurrentPosition: 38567 (msec)
10-21 22:17:07.986 V/FFmpegMediaPlayer-JNI(30959): getDuration: 233000 (msec)
10-21 22:17:08.020 V/FFmpegMediaPlayer-JNI(30959): getCurrentPosition: 38567 (msec)
10-21 22:17:08.020 V/FFmpegMediaPlayer-JNI(30959): getDuration: 233000 (msec)
10-21 22:17:08.054 V/FFmpegMediaPlayer-JNI(30959): getCurrentPosition: 38567 (msec)
10-21 22:17:08.054 V/FFmpegMediaPlayer-JNI(30959): getDuration: 233000 (msec)
10-21 22:17:08.090 V/FFmpegMediaPlayer-JNI(30959): getCurrentPosition: 38567 (msec)
10-21 22:17:08.090 V/FFmpegMediaPlayer-JNI(30959): getDuration: 233000 (msec)
10-21 22:17:08.117 D/MediaSessionService( 1795): onSessionPlaybackStateChanged: record=com.soundcloud.android/MediaService::MediaSessionTag/115 (userId=0) playbackState=PlaybackState {state=PLAYING(3), position=4526162, buffered position=0, speed=1.0, updated=91921591, actions=84786, custom actions=[Action:mName='STOP_CAST, mIcon=2131231182, mExtras=null], active item id=-1, error=null}
10-21 22:17:08.124 V/FFmpegMediaPlayer-JNI(30959): getCurrentPosition: 38707 (msec)
10-21 22:17:08.125 V/FFmpegMediaPlayer-JNI(30959): getDuration: 233000 (msec)
10-21 22:17:08.159 V/FFmpegMediaPlayer-JNI(30959): getCurrentPosition: 38707 (msec)
10-21 22:17:08.159 V/FFmpegMediaPlayer-JNI(30959): getDuration: 233000 (msec)
10-21 22:17:08.194 V/FFmpegMediaPlayer-JNI(30959): getCurrentPosition: 38707 (msec)
10-21 22:17:08.194 V/FFmpegMediaPlayer-JNI(30959): getDuration: 233000 (msec)
10-21 22:17:08.230 V/FFmpegMediaPlayer-JNI(30959): getCurrentPosition: 38707 (msec)
10-21 22:17:08.230 V/FFmpegMediaPlayer-JNI(30959): getDuration: 233000 (msec)
10-21 22:17:08.265 V/FFmpegMediaPlayer-JNI(30959): getCurrentPosition: 38846 (msec)
10-21 22:17:08.265 V/FFmpegMediaPlayer-JNI(30959): getDuration: 233000 (msec)
10-21 22:17:08.303 V/FFmpegMediaPlayer-JNI(30959): getCurrentPosition: 38846 (msec)
10-21 22:17:08.303 V/FFmpegMediaPlayer-JNI(30959): getDuration: 233000 (msec)
10-21 22:17:08.337 V/FFmpegMediaPlayer-JNI(30959): getCurrentPosition: 38846 (msec)
10-21 22:17:08.337 V/FFmpegMediaPlayer-JNI(30959): getDuration: 233000 (msec)
10-21 22:17:08.373 V/FFmpegMediaPlayer-JNI(30959): getCurrentPosition: 38846 (msec)
10-21 22:17:08.373 V/FFmpegMediaPlayer-JNI(30959): getDuration: 233000 (msec)
10-21 22:17:08.409 V/FFmpegMediaPlayer-JNI(30959): getCurrentPosition: 39009 (msec)
10-21 22:17:08.410 V/FFmpegMediaPlayer-JNI(30959): getDuration: 233000 (msec)
10-21 22:17:08.446 V/FFmpegMediaPlayer-JNI(30959): getCurrentPosition: 39009 (msec)
10-21 22:17:08.446 V/FFmpegMediaPlayer-JNI(30959): getDuration: 233000 (msec)
10-21 22:17:08.482 V/FFmpegMediaPlayer-JNI(30959): getCurrentPosition: 39009 (msec)
10-21 22:17:08.482 V/FFmpegMediaPlayer-JNI(30959): getDuration: 233000 (msec)
10-21 22:17:08.518 V/FFmpegMediaPlayer-JNI(30959): getCurrentPosition: 39125 (msec)
10-21 22:17:08.518 V/FFmpegMediaPlayer-JNI(30959): getDuration: 233000 (msec)
10-21 22:17:08.551 V/FFmpegMediaPlayer-JNI(30959): getCurrentPosition: 39125 (msec)
10-21 22:17:08.551 V/FFmpegMediaPlayer-JNI(30959): getDuration: 233000 (msec)
10-21 22:17:08.587 V/FFmpegMediaPlayer-JNI(30959): getCurrentPosition: 39125 (msec)
10-21 22:17:08.587 V/FFmpegMediaPlayer-JNI(30959): getDuration: 233000 (msec)
10-21 22:17:08.620 D/MediaSessionService( 1795): onSessionPlaybackStateChanged: record=com.soundcloud.android/MediaService::MediaSessionTag/115 (userId=0) playbackState=PlaybackState {state=PLAYING(3), position=4526669, buffered position=0, speed=1.0, updated=91922097, actions=84786, custom actions=[Action:mName='STOP_CAST, mIcon=2131231182, mExtras=null], active item id=-1, error=null}
10-21 22:17:08.622 V/FFmpegMediaPlayer-JNI(30959): getCurrentPosition: 39125 (msec)
10-21 22:17:08.622 V/FFmpegMediaPlayer-JNI(30959): getDuration: 233000 (msec)
10-21 22:17:08.655 V/FFmpegMediaPlayer-JNI(30959): getCurrentPosition: 39125 (msec)
10-21 22:17:08.655 V/FFmpegMediaPlayer-JNI(30959): getDuration: 233000 (msec)
10-21 22:17:08.688 V/FFmpegMediaPlayer-JNI(30959): getCurrentPosition: 39287 (msec)
10-21 22:17:08.688 V/FFmpegMediaPlayer-JNI(30959): getDuration: 233000 (msec)
10-21 22:17:08.707 V/FFmpegMediaPlayer-JNI(30959): seekTo: 66955(msec)
10-21 22:17:08.717 V/FFmpegMediaPlayer-JNI(30959): notify: 4
10-21 22:17:08.722 V/FFmpegMediaPlayer-JNI(30959): getCurrentPosition: 39287 (msec)
10-21 22:17:08.722 V/FFmpegMediaPlayer-JNI(30959): getDuration: 233000 (msec)
10-21 22:17:08.756 V/FFmpegMediaPlayer-JNI(30959): getCurrentPosition: 39287 (msec)
10-21 22:17:08.756 V/FFmpegMediaPlayer-JNI(30959): getDuration: 233000 (msec)
10-21 22:17:08.791 V/FFmpegMediaPlayer-JNI(30959): getCurrentPosition: 39287 (msec)
10-21 22:17:08.791 V/FFmpegMediaPlayer-JNI(30959): getDuration: 233000 (msec)
10-21 22:17:08.826 V/FFmpegMediaPlayer-JNI(30959): getCurrentPosition: 67071 (msec)
10-21 22:17:08.826 V/FFmpegMediaPlayer-JNI(30959): getDuration: 233000 (msec)
10-21 22:17:08.861 V/FFmpegMediaPlayer-JNI(30959): getCurrentPosition: 67071 (msec)
10-21 22:17:08.861 V/FFmpegMediaPlayer-JNI(30959): getDuration: 233000 (msec)
10-21 22:17:08.896 V/FFmpegMediaPlayer-JNI(30959): getCurrentPosition: 67071 (msec)
10-21 22:17:08.896 V/FFmpegMediaPlayer-JNI(30959): getDuration: 233000 (msec)
10-21 22:17:08.934 V/FFmpegMediaPlayer-JNI(30959): getCurrentPosition: 67071 (msec)
10-21 22:17:08.934 V/FFmpegMediaPlayer-JNI(30959): getDuration: 233000 (msec)
10-21 22:17:08.970 V/FFmpegMediaPlayer-JNI(30959): getCurrentPosition: 67233 (msec)
10-21 22:17:08.971 V/FFmpegMediaPlayer-JNI(30959): getDuration: 233000 (msec)
10-21 22:17:09.005 V/FFmpegMediaPlayer-JNI(30959): getCurrentPosition: 67233 (msec)
10-21 22:17:09.005 V/FFmpegMediaPlayer-JNI(30959): getDuration: 233000 (msec)
10-21 22:17:09.040 V/FFmpegMediaPlayer-JNI(30959): getCurrentPosition: 67233 (msec)
10-21 22:17:09.040 V/FFmpegMediaPlayer-JNI(30959): getDuration: 233000 (msec)
10-21 22:17:09.074 V/FFmpegMediaPlayer-JNI(30959): getCurrentPosition: 67233 (msec)
10-21 22:17:09.074 V/FFmpegMediaPlayer-JNI(30959): getDuration: 233000 (msec)
10-21 22:17:09.074 D/MediaSessionService( 1795): onSessionPlaybackStateChanged: record=com.example.mobiledigger/androidx.media3.session.id./127 (userId=0) playbackState=PlaybackState {state=BUFFERING(6), position=130648, buffered position=130648, speed=0.0, updated=91922549, actions=7339703, custom actions=[], active item id=0, error=null}
10-21 22:17:09.099 D/MediaSessionService( 1795): onSessionPlaybackStateChanged: record=com.example.mobiledigger/androidx.media3.session.id./127 (userId=0) playbackState=PlaybackState {state=ERROR(7), position=130648, buffered position=130648, speed=0.0, updated=91922575, actions=7339703, custom actions=[], active item id=0, error=Source error}
10-21 22:17:09.108 V/FFmpegMediaPlayer-JNI(30959): getCurrentPosition: 67349 (msec)
10-21 22:17:09.109 V/FFmpegMediaPlayer-JNI(30959): getDuration: 233000 (msec)
10-21 22:17:09.123 D/MediaSessionService( 1795): onSessionPlaybackStateChanged: record=com.soundcloud.android/MediaService::MediaSessionTag/115 (userId=0) playbackState=PlaybackState {state=PLAYING(3), position=4527171, buffered position=0, speed=1.0, updated=91922599, actions=84786, custom actions=[Action:mName='STOP_CAST, mIcon=2131231182, mExtras=null], active item id=-1, error=null}
10-21 22:17:09.138 D/MediaSessionService( 1795): onSessionPlaybackStateChanged: record=com.example.mobiledigger/androidx.media3.session.id./127 (userId=0) playbackState=PlaybackState {state=ERROR(7), position=130648, buffered position=130648, speed=0.0, updated=91922614, actions=7339703, custom actions=[], active item id=0, error=Source error}
10-21 22:17:09.143 V/FFmpegMediaPlayer-JNI(30959): getCurrentPosition: 67349 (msec)
10-21 22:17:09.143 V/FFmpegMediaPlayer-JNI(30959): getDuration: 233000 (msec)
10-21 22:17:09.179 V/FFmpegMediaPlayer-JNI(30959): getCurrentPosition: 67349 (msec)
10-21 22:17:09.179 V/FFmpegMediaPlayer-JNI(30959): getDuration: 233000 (msec)
10-21 22:17:09.215 V/FFmpegMediaPlayer-JNI(30959): getCurrentPosition: 67349 (msec)
10-21 22:17:09.215 V/FFmpegMediaPlayer-JNI(30959): getDuration: 233000 (msec)
10-21 22:17:09.250 V/FFmpegMediaPlayer-JNI(30959): getCurrentPosition: 67512 (msec)
10-21 22:17:09.250 V/FFmpegMediaPlayer-JNI(30959): getDuration: 233000 (msec)
10-21 22:17:09.287 V/FFmpegMediaPlayer-JNI(30959): getCurrentPosition: 67512 (msec)
10-21 22:17:09.287 V/FFmpegMediaPlayer-JNI(30959): getDuration: 233000 (msec)
10-21 22:17:09.323 V/FFmpegMediaPlayer-JNI(30959): getCurrentPosition: 67512 (msec)
10-21 22:17:09.323 V/FFmpegMediaPlayer-JNI(30959): getDuration: 233000 (msec)
10-21 22:17:09.359 V/FFmpegMediaPlayer-JNI(30959): getCurrentPosition: 67628 (msec)
10-21 22:17:09.359 V/FFmpegMediaPlayer-JNI(30959): getDuration: 233000 (msec)
10-21 22:17:09.397 V/FFmpegMediaPlayer-JNI(30959): getCurrentPosition: 67628 (msec)
10-21 22:17:09.397 V/FFmpegMediaPlayer-JNI(30959): getDuration: 233000 (msec)
10-21 22:17:09.433 V/FFmpegMediaPlayer-JNI(30959): getCurrentPosition: 67628 (msec)
10-21 22:17:09.433 V/FFmpegMediaPlayer-JNI(30959): getDuration: 233000 (msec)
10-21 22:17:09.470 V/FFmpegMediaPlayer-JNI(30959): getCurrentPosition: 67628 (msec)
10-21 22:17:09.471 V/FFmpegMediaPlayer-JNI(30959): getDuration: 233000 (msec)
10-21 22:17:09.506 V/FFmpegMediaPlayer-JNI(30959): getCurrentPosition: 67790 (msec)
10-21 22:17:09.506 V/FFmpegMediaPlayer-JNI(30959): getDuration: 233000 (msec)
10-21 22:17:09.545 V/FFmpegMediaPlayer-JNI(30959): getCurrentPosition: 67790 (msec)
10-21 22:17:09.545 V/FFmpegMediaPlayer-JNI(30959): getDuration: 233000 (msec)
10-21 22:17:09.579 V/FFmpegMediaPlayer-JNI(30959): getCurrentPosition: 67790 (msec)
10-21 22:17:09.579 V/FFmpegMediaPlayer-JNI(30959): getDuration: 233000 (msec)
10-21 22:17:09.615 V/FFmpegMediaPlayer-JNI(30959): getCurrentPosition: 67790 (msec)
10-21 22:17:09.615 V/FFmpegMediaPlayer-JNI(30959): getDuration: 233000 (msec)
10-21 22:17:09.628 D/MediaSessionService( 1795): onSessionPlaybackStateChanged: record=com.soundcloud.android/MediaService::MediaSessionTag/115 (userId=0) playbackState=PlaybackState {state=PLAYING(3), position=4527674, buffered position=0, speed=1.0, updated=91923103, actions=84786, custom actions=[Action:mName='STOP_CAST, mIcon=2131231182, mExtras=null], active item id=-1, error=null}
10-21 22:17:09.649 V/FFmpegMediaPlayer-JNI(30959): getCurrentPosition: 67907 (msec)
10-21 22:17:09.649 V/FFmpegMediaPlayer-JNI(30959): getDuration: 233000 (msec)
10-21 22:17:09.682 V/FFmpegMediaPlayer-JNI(30959): getCurrentPosition: 67907 (msec)
10-21 22:17:09.682 V/FFmpegMediaPlayer-JNI(30959): getDuration: 233000 (msec)
10-21 22:17:09.719 V/FFmpegMediaPlayer-JNI(30959): getCurrentPosition: 67907 (msec)
10-21 22:17:09.719 V/FFmpegMediaPlayer-JNI(30959): getDuration: 233000 (msec)
10-21 22:17:09.754 V/FFmpegMediaPlayer-JNI(30959): getCurrentPosition: 67907 (msec)
10-21 22:17:09.754 V/FFmpegMediaPlayer-JNI(30959): getDuration: 233000 (msec)
10-21 22:17:09.791 V/FFmpegMediaPlayer-JNI(30959): getCurrentPosition: 68069 (msec)
10-21 22:17:09.792 V/FFmpegMediaPlayer-JNI(30959): getDuration: 233000 (msec)
10-21 22:17:09.825 V/FFmpegMediaPlayer-JNI(30959): getCurrentPosition: 68069 (msec)
10-21 22:17:09.825 V/FFmpegMediaPlayer-JNI(30959): getDuration: 233000 (msec)
10-21 22:17:09.860 V/FFmpegMediaPlayer-JNI(30959): getCurrentPosition: 68069 (msec)
10-21 22:17:09.860 V/FFmpegMediaPlayer-JNI(30959): getDuration: 233000 (msec)
10-21 22:17:09.897 V/FFmpegMediaPlayer-JNI(30959): getCurrentPosition: 68069 (msec)
10-21 22:17:09.897 V/FFmpegMediaPlayer-JNI(30959): getDuration: 233000 (msec)
10-21 22:17:09.931 V/FFmpegMediaPlayer-JNI(30959): getCurrentPosition: 68208 (msec)
10-21 22:17:09.932 V/FFmpegMediaPlayer-JNI(30959): getDuration: 233000 (msec)
10-21 22:17:09.966 V/FFmpegMediaPlayer-JNI(30959): getCurrentPosition: 68208 (msec)
10-21 22:17:09.966 V/FFmpegMediaPlayer-JNI(30959): getDuration: 233000 (msec)
10-21 22:17:10.000 V/FFmpegMediaPlayer-JNI(30959): getCurrentPosition: 68208 (msec)
10-21 22:17:10.000 V/FFmpegMediaPlayer-JNI(30959): getDuration: 233000 (msec)
10-21 22:17:10.033 V/FFmpegMediaPlayer-JNI(30959): getCurrentPosition: 68208 (msec)
10-21 22:17:10.033 V/FFmpegMediaPlayer-JNI(30959): getDuration: 233000 (msec)
10-21 22:17:10.066 V/FFmpegMediaPlayer-JNI(30959): getCurrentPosition: 68348 (msec)
10-21 22:17:10.066 V/FFmpegMediaPlayer-JNI(30959): getDuration: 233000 (msec)
10-21 22:17:10.078 V/FFmpegMediaPlayer-JNI(30959): seekTo: 95184(msec)
10-21 22:17:10.088 V/FFmpegMediaPlayer-JNI(30959): notify: 4
10-21 22:17:10.100 V/FFmpegMediaPlayer-JNI(30959): getCurrentPosition: 68348 (msec)
10-21 22:17:10.100 V/FFmpegMediaPlayer-JNI(30959): getDuration: 233000 (msec)
10-21 22:17:10.134 D/MediaSessionService( 1795): onSessionPlaybackStateChanged: record=com.soundcloud.android/MediaService::MediaSessionTag/115 (userId=0) playbackState=PlaybackState {state=PLAYING(3), position=4528180, buffered position=0, speed=1.0, updated=91923609, actions=84786, custom actions=[Action:mName='STOP_CAST, mIcon=2131231182, mExtras=null], active item id=-1, error=null}
10-21 22:17:10.136 V/FFmpegMediaPlayer-JNI(30959): getCurrentPosition: 68348 (msec)
10-21 22:17:10.136 V/FFmpegMediaPlayer-JNI(30959): getDuration: 233000 (msec)
10-21 22:17:10.170 V/FFmpegMediaPlayer-JNI(30959): getCurrentPosition: 68348 (msec)
10-21 22:17:10.170 V/FFmpegMediaPlayer-JNI(30959): getDuration: 233000 (msec)
10-21 22:17:10.206 V/FFmpegMediaPlayer-JNI(30959): getCurrentPosition: 95323 (msec)
10-21 22:17:10.207 V/FFmpegMediaPlayer-JNI(30959): getDuration: 233000 (msec)
10-21 22:17:10.240 V/FFmpegMediaPlayer-JNI(30959): getCurrentPosition: 95323 (msec)
10-21 22:17:10.240 V/FFmpegMediaPlayer-JNI(30959): getDuration: 233000 (msec)
10-21 22:17:10.276 V/FFmpegMediaPlayer-JNI(30959): getCurrentPosition: 95323 (msec)
10-21 22:17:10.276 V/FFmpegMediaPlayer-JNI(30959): getDuration: 233000 (msec)
10-21 22:17:10.312 V/FFmpegMediaPlayer-JNI(30959): getCurrentPosition: 95323 (msec)
10-21 22:17:10.312 V/FFmpegMediaPlayer-JNI(30959): getDuration: 233000 (msec)
10-21 22:17:10.346 V/FFmpegMediaPlayer-JNI(30959): getCurrentPosition: 95462 (msec)
10-21 22:17:10.347 V/FFmpegMediaPlayer-JNI(30959): getDuration: 233000 (msec)
10-21 22:17:10.380 V/FFmpegMediaPlayer-JNI(30959): getCurrentPosition: 95462 (msec)
10-21 22:17:10.380 V/FFmpegMediaPlayer-JNI(30959): getDuration: 233000 (msec)
10-21 22:17:10.416 V/FFmpegMediaPlayer-JNI(30959): getCurrentPosition: 95462 (msec)
10-21 22:17:10.417 V/FFmpegMediaPlayer-JNI(30959): getDuration: 233000 (msec)
10-21 22:17:10.453 V/FFmpegMediaPlayer-JNI(30959): getCurrentPosition: 95462 (msec)
10-21 22:17:10.453 V/FFmpegMediaPlayer-JNI(30959): getDuration: 233000 (msec)
10-21 22:17:10.489 V/FFmpegMediaPlayer-JNI(30959): getCurrentPosition: 95601 (msec)
10-21 22:17:10.490 V/FFmpegMediaPlayer-JNI(30959): getDuration: 233000 (msec)
10-21 22:17:10.529 V/FFmpegMediaPlayer-JNI(30959): getCurrentPosition: 95601 (msec)
10-21 22:17:10.529 V/FFmpegMediaPlayer-JNI(30959): getDuration: 233000 (msec)
10-21 22:17:10.564 V/FFmpegMediaPlayer-JNI(30959): getCurrentPosition: 95601 (msec)
10-21 22:17:10.564 V/FFmpegMediaPlayer-JNI(30959): getDuration: 233000 (msec)
10-21 22:17:10.601 V/FFmpegMediaPlayer-JNI(30959): getCurrentPosition: 95601 (msec)
10-21 22:17:10.601 V/FFmpegMediaPlayer-JNI(30959): getDuration: 233000 (msec)
10-21 22:17:10.637 V/FFmpegMediaPlayer-JNI(30959): getCurrentPosition: 95601 (msec)
10-21 22:17:10.637 V/FFmpegMediaPlayer-JNI(30959): getDuration: 233000 (msec)
10-21 22:17:10.639 D/MediaSessionService( 1795): onSessionPlaybackStateChanged: record=com.soundcloud.android/MediaService::MediaSessionTag/115 (userId=0) playbackState=PlaybackState {state=PLAYING(3), position=4528685, buffered position=0, speed=1.0, updated=91924113, actions=84786, custom actions=[Action:mName='STOP_CAST, mIcon=2131231182, mExtras=null], active item id=-1, error=null}
10-21 22:17:10.672 V/FFmpegMediaPlayer-JNI(30959): getCurrentPosition: 95741 (msec)
10-21 22:17:10.672 V/FFmpegMediaPlayer-JNI(30959): getDuration: 233000 (msec)
10-21 22:17:10.706 V/FFmpegMediaPlayer-JNI(30959): getCurrentPosition: 95741 (msec)
10-21 22:17:10.706 V/FFmpegMediaPlayer-JNI(30959): getDuration: 233000 (msec)
10-21 22:17:10.742 V/FFmpegMediaPlayer-JNI(30959): getCurrentPosition: 95741 (msec)
10-21 22:17:10.742 V/FFmpegMediaPlayer-JNI(30959): getDuration: 233000 (msec)
10-21 22:17:10.777 V/FFmpegMediaPlayer-JNI(30959): getCurrentPosition: 95880 (msec)
10-21 22:17:10.778 V/FFmpegMediaPlayer-JNI(30959): getDuration: 233000 (msec)
10-21 22:17:10.810 V/FFmpegMediaPlayer-JNI(30959): getCurrentPosition: 95880 (msec)
10-21 22:17:10.810 V/FFmpegMediaPlayer-JNI(30959): getDuration: 233000 (msec)
10-21 22:17:10.844 V/FFmpegMediaPlayer-JNI(30959): getCurrentPosition: 95880 (msec)
10-21 22:17:10.844 V/FFmpegMediaPlayer-JNI(30959): getDuration: 233000 (msec)
10-21 22:17:10.880 V/FFmpegMediaPlayer-JNI(30959): getCurrentPosition: 95880 (msec)
10-21 22:17:10.880 V/FFmpegMediaPlayer-JNI(30959): getDuration: 233000 (msec)
10-21 22:17:10.914 V/FFmpegMediaPlayer-JNI(30959): getCurrentPosition: 95880 (msec)
10-21 22:17:10.914 V/FFmpegMediaPlayer-JNI(30959): getDuration: 233000 (msec)
10-21 22:17:10.948 V/FFmpegMediaPlayer-JNI(30959): getCurrentPosition: 96043 (msec)
10-21 22:17:10.948 V/FFmpegMediaPlayer-JNI(30959): getDuration: 233000 (msec)
10-21 22:17:10.981 V/FFmpegMediaPlayer-JNI(30959): getCurrentPosition: 96043 (msec)
10-21 22:17:10.981 V/FFmpegMediaPlayer-JNI(30959): getDuration: 233000 (msec)
10-21 22:17:11.014 V/FFmpegMediaPlayer-JNI(30959): getCurrentPosition: 96043 (msec)
10-21 22:17:11.014 V/FFmpegMediaPlayer-JNI(30959): getDuration: 233000 (msec)
10-21 22:17:11.048 V/FFmpegMediaPlayer-JNI(30959): getCurrentPosition: 96182 (msec)
10-21 22:17:11.048 V/FFmpegMediaPlayer-JNI(30959): getDuration: 233000 (msec)
10-21 22:17:11.061 D/MusicViewModel(30959): sortCurrentFile: 01 Fractal Architect - Show Me [24 Bit Master].aiff with action DISLIKE
10-21 22:17:11.063 D/MusicViewModel(30959): File operation queued: 01 Fractal Architect - Show Me [24 Bit Master].aiff
10-21 22:17:11.064 D/AudioManager(30959): Stopping all playback before starting new file
10-21 22:17:11.064 V/FFmpegMediaPlayer-JNI(30959): isPlaying: 1
10-21 22:17:11.064 V/FFmpegMediaPlayer-JNI(30959): stop
10-21 22:17:11.071 D/AudioManager(30959): FFmpegMediaPlayer stopped
10-21 22:17:11.071 V/FFmpegMediaPlayer-JNI(30959): reset
10-21 22:17:11.071 D/AudioManager(30959): FFmpegMediaPlayer reset
10-21 22:17:11.071 D/AudioManager(30959): ExoPlayer cleared
10-21 22:17:11.072 D/AudioManager(30959): All playback stopped successfully
10-21 22:17:11.072 V/FFmpegMediaPlayer-JNI(30959): reset
10-21 22:17:11.072 D/AudioManager(30959): Preloaded player released.
10-21 22:17:11.072 D/MusicViewModel(30959): Loading AIFF file: Bruce Kirkwood - Better (Mark Picchiotti Extended Nu Disco Remix).aiff
10-21 22:17:11.072 D/MusicViewModel(30959): Moderate memory usage: 63%, suggesting GC
10-21 22:17:11.115 D/AudioManager(30959): Attempting to play file: Bruce Kirkwood - Better (Mark Picchiotti Extended Nu Disco Remix).aiff
10-21 22:17:11.115 D/AudioManager(30959): File URI: content://com.android.externalstorage.documents/tree/primary%3AAndroid%2Fmedia%2Fcom.whatsapp%2FWhatsApp%2FMedia%2FWhatsApp%20Documents/document/primary%3AAndroid%2Fmedia%2Fcom.whatsapp%2FWhatsApp%2FMedia%2FWhatsApp%20Documents%2FPrivate%2FBruce%20Kirkwood%20-%20Better%20(Mark%20Picchiotti%20Extended%20Nu%20Disco%20Remix).aiff
10-21 22:17:11.115 D/AudioManager(30959): Stopping all playback before starting new file
10-21 22:17:11.115 V/FFmpegMediaPlayer-JNI(30959): isPlaying: 0
10-21 22:17:11.115 V/FFmpegMediaPlayer-JNI(30959): reset
10-21 22:17:11.116 D/AudioManager(30959): FFmpegMediaPlayer reset
10-21 22:17:11.116 D/AudioManager(30959): ExoPlayer cleared
10-21 22:17:11.116 D/AudioManager(30959): All playback stopped successfully
10-21 22:17:11.116 D/AudioManager(30959): AIFF file detected: Bruce Kirkwood - Better (Mark Picchiotti Extended Nu Disco Remix).aiff
10-21 22:17:11.116 D/AudioManager(30959): Trying FFmpegMediaPlayer for AIFF (ExoPlayer doesn't support AIFF)
10-21 22:17:11.117 D/AudioManager(30959): FFmpegMediaPlayer is available, attempting playback
10-21 22:17:11.142 D/MediaSessionService( 1795): onSessionPlaybackStateChanged: record=com.soundcloud.android/MediaService::MediaSessionTag/115 (userId=0) playbackState=PlaybackState {state=PLAYING(3), position=4529191, buffered position=0, speed=1.0, updated=91924620, actions=84786, custom actions=[Action:mName='STOP_CAST, mIcon=2131231182, mExtras=null], active item id=-1, error=null}
10-21 22:17:11.237 D/AudioManager(30959): Successfully copied URI to temp file: /data/user/0/com.example.mobiledigger/cache/aiff_temp_3598495325159548719.aiff (58.46MB in 89ms, 656.83MB/s)
10-21 22:17:11.242 D/AudioManager(30959): Cleaned up temp file during cache clear: /data/user/0/com.example.mobiledigger/cache/aiff_temp_8181082475367562454.aiff
10-21 22:17:11.242 D/AudioManager(30959): Created temp file for FFmpeg: /data/user/0/com.example.mobiledigger/cache/aiff_temp_3598495325159548719.aiff
10-21 22:17:11.242 D/AudioManager(30959): Setting FFmpegMediaPlayer data source: /data/user/0/com.example.mobiledigger/cache/aiff_temp_3598495325159548719.aiff
10-21 22:17:11.242 V/FFmpegMediaPlayer-JNI(30959): setDataSource: path /data/user/0/com.example.mobiledigger/cache/aiff_temp_3598495325159548719.aiff
10-21 22:17:11.242 D/AudioManager(30959): FFmpegMediaPlayer setDataSource successful
10-21 22:17:11.262 V/FFmpegMediaPlayer-JNI(30959): notify: 200
10-21 22:17:11.262 V/FFmpegMediaPlayer-JNI(30959): notify: 1
10-21 22:17:11.386 D/AHal::UseCase( 1346): SetActiveTracks: update primary-playback active tracks(0)
10-21 22:17:11.644 D/MediaSessionService( 1795): onSessionPlaybackStateChanged: record=com.soundcloud.android/MediaService::MediaSessionTag/115 (userId=0) playbackState=PlaybackState {state=PLAYING(3), position=4529693, buffered position=0, speed=1.0, updated=91925121, actions=84786, custom actions=[Action:mName='STOP_CAST, mIcon=2131231182, mExtras=null], active item id=-1, error=null}
10-21 22:17:12.148 D/MediaSessionService( 1795): onSessionPlaybackStateChanged: record=com.soundcloud.android/MediaService::MediaSessionTag/115 (userId=0) playbackState=PlaybackState {state=PLAYING(3), position=4530195, buffered position=0, speed=1.0, updated=91925623, actions=84786, custom actions=[Action:mName='STOP_CAST, mIcon=2131231182, mExtras=null], active item id=-1, error=null}
10-21 22:17:12.247 D/AudioManager(30959): FFmpegMediaPlayer prepare (sync) completed
10-21 22:17:12.247 V/FFmpegMediaPlayer-JNI(30959): setAudioStreamType: 3
10-21 22:17:12.248 D/AudioManager(30959): FFmpegMediaPlayer audio stream type set to STREAM_MUSIC
10-21 22:17:12.248 V/FFmpegMediaPlayer-JNI(30959): setVolume: left 1.000000  right 1.000000
10-21 22:17:12.251 D/AudioManager(30959): FFmpegMediaPlayer volume set to maximum
10-21 22:17:12.251 V/FFmpegMediaPlayer-JNI(30959): start
10-21 22:17:12.302 I/AHal::PortRouteManager( 1346): UpdateOrAddPatch: update patch 149, AudioPatch{id: 149, source: [400001/1: primary-playback], sink: [400229/300013: bluetooth-a2dp-device], min frames: 480, latencies: [140]}
10-21 22:17:12.320 D/AudioManager(30959): FFmpegMediaPlayer started after proper preparation
10-21 22:17:12.321 D/AudioManager(30959): FFmpegMediaPlayer playback successful for AIFF: Bruce Kirkwood - Better (Mark Picchiotti Extended Nu Disco Remix).aiff
10-21 22:17:12.321 D/MusicViewModel(30959): Playback started successfully for Bruce Kirkwood - Better (Mark Picchiotti Extended Nu Disco Remix).aiff
10-21 22:17:12.322 D/AHal::UseCase( 1346): SetActiveTracks: update primary-playback active tracks(1)
10-21 22:17:12.325 D/MusicViewModel(30959): MusicService started successfully.
10-21 22:17:12.334 D/MusicViewModel(30959): Preloaded next song: Bruce Kirkwood - Better (Mark Picchiotti Extended Remix).aiff
10-21 22:17:12.385 D/MediaSessionService( 1795): onSessionPlaybackStateChanged: record=com.example.mobiledigger/androidx.media3.session.id./127 (userId=0) playbackState=PlaybackState {state=ERROR(7), position=0, buffered position=0, speed=0.0, updated=91925862, actions=7339703, custom actions=[], active item id=0, error=Source error}
10-21 22:17:12.395 V/FFmpegMediaPlayer-JNI(30959): getCurrentPosition: 301 (msec)
10-21 22:17:12.395 V/FFmpegMediaPlayer-JNI(30959): getDuration: 346000 (msec)
10-21 22:17:12.395 I/FFmpegMediaPlayer(30959): Info (802,0)
10-21 22:17:12.395 D/AudioManager(30959): FFmpegMediaPlayer info: what=802, extra=0
10-21 22:17:12.395 D/AudioManager(30959): FFmpegMediaPlayer prepared successfully
10-21 22:17:12.398 I/System.out(30959): ðŸŽµ File: Bruce Kirkwood - Better (Mark Picchiotti Extended Nu Disco Remix).aiff, Size: 58.5MB, Type: AIFF, Samples/sec: 1
10-21 22:17:12.400 D/MediaSessionService( 1795): onSessionPlaybackStateChanged: record=com.example.mobiledigger/androidx.media3.session.id./127 (userId=0) playbackState=PlaybackState {state=ERROR(7), position=0, buffered position=0, speed=0.0, updated=91925871, actions=7339703, custom actions=[], active item id=0, error=Source error}
10-21 22:17:12.415 D/MediaSessionService( 1795): onSessionPlaybackStateChanged: record=com.example.mobiledigger/androidx.media3.session.id./127 (userId=0) playbackState=PlaybackState {state=BUFFERING(6), position=0, buffered position=0, speed=0.0, updated=91925892, actions=7339703, custom actions=[], active item id=0, error=null}
10-21 22:17:12.428 D/ResourceManager(30959): 	at com.example.mobiledigger.viewmodel.MusicViewModel.extractDuration(MusicViewModel.kt:1144)
10-21 22:17:12.428 D/ResourceManager(30959): 	at com.example.mobiledigger.viewmodel.MusicViewModel.access$extractDuration(MusicViewModel.kt:53)
10-21 22:17:12.428 D/ResourceManager(30959): 	at com.example.mobiledigger.viewmodel.MusicViewModel$loadCurrentFile$1.invokeSuspend(MusicViewModel.kt:1094)
10-21 22:17:12.460 D/ResourceManager(30959): 	at com.example.mobiledigger.viewmodel.MusicViewModel.extractDuration(MusicViewModel.kt:1144)
10-21 22:17:12.460 D/ResourceManager(30959): 	at com.example.mobiledigger.viewmodel.MusicViewModel.access$extractDuration(MusicViewModel.kt:53)
10-21 22:17:12.460 D/ResourceManager(30959): 	at com.example.mobiledigger.viewmodel.MusicViewModel$loadCurrentFile$1.invokeSuspend(MusicViewModel.kt:1094)
10-21 22:17:12.477 V/FFmpegMediaPlayer-JNI(30959): getCurrentPosition: 441 (msec)
10-21 22:17:12.477 V/FFmpegMediaPlayer-JNI(30959): getDuration: 346000 (msec)
10-21 22:17:12.539 V/FFmpegMediaPlayer-JNI(30959): getCurrentPosition: 441 (msec)
10-21 22:17:12.539 V/FFmpegMediaPlayer-JNI(30959): getDuration: 346000 (msec)
10-21 22:17:12.539 D/MusicViewModel(30959): Refreshed all playlists
10-21 22:17:12.544 D/MusicViewModel(30959): Loading liked files from destination folder: Results
10-21 22:17:12.603 V/FFmpegMediaPlayer-JNI(30959): getCurrentPosition: 1300 (msec)
10-21 22:17:12.603 V/FFmpegMediaPlayer-JNI(30959): getDuration: 346000 (msec)
10-21 22:17:12.636 V/FFmpegMediaPlayer-JNI(30959): getCurrentPosition: 1300 (msec)
10-21 22:17:12.636 V/FFmpegMediaPlayer-JNI(30959): getDuration: 346000 (msec)
10-21 22:17:12.650 D/MediaSessionService( 1795): onSessionPlaybackStateChanged: record=com.soundcloud.android/MediaService::MediaSessionTag/115 (userId=0) playbackState=PlaybackState {state=PLAYING(3), position=4530699, buffered position=0, speed=1.0, updated=91926127, actions=84786, custom actions=[Action:mName='STOP_CAST, mIcon=2131231182, mExtras=null], active item id=-1, error=null}
10-21 22:17:12.679 D/FileManager(30959): Found AIFF file: Talking Heads, The Cube Guys - Psycho Killer (The Cube Guys Remix).aiff
10-21 22:17:12.695 V/FFmpegMediaPlayer-JNI(30959): getCurrentPosition: 1300 (msec)
10-21 22:17:12.695 V/FFmpegMediaPlayer-JNI(30959): getDuration: 346000 (msec)
10-21 22:17:12.728 V/FFmpegMediaPlayer-JNI(30959): getCurrentPosition: 1300 (msec)
10-21 22:17:12.728 V/FFmpegMediaPlayer-JNI(30959): getDuration: 346000 (msec)
10-21 22:17:12.779 V/FFmpegMediaPlayer-JNI(30959): getCurrentPosition: 1486 (msec)
10-21 22:17:12.779 V/FFmpegMediaPlayer-JNI(30959): getDuration: 346000 (msec)
10-21 22:17:12.816 V/FFmpegMediaPlayer-JNI(30959): getCurrentPosition: 1486 (msec)
10-21 22:17:12.816 V/FFmpegMediaPlayer-JNI(30959): getDuration: 346000 (msec)
10-21 22:17:12.850 V/FFmpegMediaPlayer-JNI(30959): getCurrentPosition: 1486 (msec)
10-21 22:17:12.850 V/FFmpegMediaPlayer-JNI(30959): getDuration: 346000 (msec)
10-21 22:17:12.931 V/FFmpegMediaPlayer-JNI(30959): getCurrentPosition: 1625 (msec)
10-21 22:17:12.931 V/FFmpegMediaPlayer-JNI(30959): getDuration: 346000 (msec)
10-21 22:17:12.964 V/FFmpegMediaPlayer-JNI(30959): getCurrentPosition: 1625 (msec)
10-21 22:17:12.964 V/FFmpegMediaPlayer-JNI(30959): getDuration: 346000 (msec)
10-21 22:17:12.970 D/MusicViewModel(30959): Found 88 liked files (including subfolders), 75 unique
10-21 22:17:12.971 D/MusicViewModel(30959): Updated liked files StateFlow with 75 files
10-21 22:17:12.983 D/MusicViewModel(30959): Loading rejected files from URI: content://com.android.externalstorage.documents/tree/primary%3AResults/document/primary%3AResults%2FRejected
10-21 22:17:13.032 V/FFmpegMediaPlayer-JNI(30959): getCurrentPosition: 1764 (msec)
10-21 22:17:13.032 V/FFmpegMediaPlayer-JNI(30959): getDuration: 346000 (msec)
10-21 22:17:13.066 V/FFmpegMediaPlayer-JNI(30959): getCurrentPosition: 1764 (msec)
10-21 22:17:13.067 V/FFmpegMediaPlayer-JNI(30959): getDuration: 346000 (msec)
10-21 22:17:13.101 V/FFmpegMediaPlayer-JNI(30959): getCurrentPosition: 1764 (msec)
10-21 22:17:13.101 V/FFmpegMediaPlayer-JNI(30959): getDuration: 346000 (msec)
10-21 22:17:13.152 D/MediaSessionService( 1795): onSessionPlaybackStateChanged: record=com.soundcloud.android/MediaService::MediaSessionTag/115 (userId=0) playbackState=PlaybackState {state=PLAYING(3), position=4531201, buffered position=0, speed=1.0, updated=91926629, actions=84786, custom actions=[Action:mName='STOP_CAST, mIcon=2131231182, mExtras=null], active item id=-1, error=null}
10-21 22:17:13.154 V/FFmpegMediaPlayer-JNI(30959): getCurrentPosition: 1904 (msec)
10-21 22:17:13.154 V/FFmpegMediaPlayer-JNI(30959): getDuration: 346000 (msec)
10-21 22:17:13.188 V/FFmpegMediaPlayer-JNI(30959): getCurrentPosition: 1904 (msec)
10-21 22:17:13.188 V/FFmpegMediaPlayer-JNI(30959): getDuration: 346000 (msec)
10-21 22:17:13.221 V/FFmpegMediaPlayer-JNI(30959): getCurrentPosition: 1904 (msec)
10-21 22:17:13.222 V/FFmpegMediaPlayer-JNI(30959): getDuration: 346000 (msec)
10-21 22:17:13.254 V/FFmpegMediaPlayer-JNI(30959): getCurrentPosition: 1904 (msec)
10-21 22:17:13.254 V/FFmpegMediaPlayer-JNI(30959): getDuration: 346000 (msec)
10-21 22:17:13.312 V/FFmpegMediaPlayer-JNI(30959): getCurrentPosition: 2043 (msec)
10-21 22:17:13.312 V/FFmpegMediaPlayer-JNI(30959): getDuration: 346000 (msec)
10-21 22:17:13.346 V/FFmpegMediaPlayer-JNI(30959): getCurrentPosition: 2043 (msec)
10-21 22:17:13.346 V/FFmpegMediaPlayer-JNI(30959): getDuration: 346000 (msec)
10-21 22:17:13.367 D/FileManager(30959): Found AIFF file: Akazio - Lie (Extended Mix) [Addictive Sounds].aiff
10-21 22:17:13.370 D/FileManager(30959): Found AIFF file: Phatclap - Check [Calm Coastline Records] (1).aiff
10-21 22:17:13.373 D/FileManager(30959): Found AIFF file: ZEN (SL) - Missing Line [Ferberite Recordings].aiff
10-21 22:17:13.375 D/FileManager(30959): Found AIFF file: Ramin Helvet, DRIZE - Destiny (Angeldust Mix) [Noetic Resonance].aiff
10-21 22:17:13.379 V/FFmpegMediaPlayer-JNI(30959): getCurrentPosition: 2043 (msec)
10-21 22:17:13.379 V/FFmpegMediaPlayer-JNI(30959): getDuration: 346000 (msec)
10-21 22:17:13.385 D/FileManager(30959): Found AIFF file: Baran Ozhan - Thoughts [Polarity Underground].aiff
10-21 22:17:13.388 D/FileManager(30959): Found AIFF file: Diego Galloso, Noam Garcia, Tibetania - La Simetria [Tibetania Rituals].aiff
10-21 22:17:13.394 D/FileManager(30959): Found AIFF file: Loboski, Soldat & streetflicker - BUMP (Original Mix) [Wobbles & Waffles].aiff
10-21 22:17:13.406 D/MusicViewModel(30959): Found 517 rejected files
10-21 22:17:13.435 D/MusicViewModel(30959): Updated rejected files StateFlow with 517 files
10-21 22:17:13.437 V/FFmpegMediaPlayer-JNI(30959): getCurrentPosition: 2182 (msec)
10-21 22:17:13.437 V/FFmpegMediaPlayer-JNI(30959): getDuration: 346000 (msec)
10-21 22:17:13.470 V/FFmpegMediaPlayer-JNI(30959): getCurrentPosition: 2182 (msec)
10-21 22:17:13.470 V/FFmpegMediaPlayer-JNI(30959): getDuration: 346000 (msec)
10-21 22:17:13.523 V/FFmpegMediaPlayer-JNI(30959): getCurrentPosition: 2182 (msec)
10-21 22:17:13.523 V/FFmpegMediaPlayer-JNI(30959): getDuration: 346000 (msec)
10-21 22:17:13.563 V/FFmpegMediaPlayer-JNI(30959): getCurrentPosition: 2182 (msec)
10-21 22:17:13.563 V/FFmpegMediaPlayer-JNI(30959): getDuration: 346000 (msec)
10-21 22:17:13.595 V/FFmpegMediaPlayer-JNI(30959): getCurrentPosition: 2321 (msec)
10-21 22:17:13.595 V/FFmpegMediaPlayer-JNI(30959): getDuration: 346000 (msec)
10-21 22:17:13.649 V/FFmpegMediaPlayer-JNI(30959): getCurrentPosition: 2321 (msec)
10-21 22:17:13.649 V/FFmpegMediaPlayer-JNI(30959): getDuration: 346000 (msec)
10-21 22:17:13.653 D/MediaSessionService( 1795): onSessionPlaybackStateChanged: record=com.soundcloud.android/MediaService::MediaSessionTag/115 (userId=0) playbackState=PlaybackState {state=PLAYING(3), position=4531703, buffered position=0, speed=1.0, updated=91927131, actions=84786, custom actions=[Action:mName='STOP_CAST, mIcon=2131231182, mExtras=null], active item id=-1, error=null}
10-21 22:17:13.684 V/FFmpegMediaPlayer-JNI(30959): getCurrentPosition: 2321 (msec)
10-21 22:17:13.684 V/FFmpegMediaPlayer-JNI(30959): getDuration: 346000 (msec)
10-21 22:17:13.717 V/FFmpegMediaPlayer-JNI(30959): getCurrentPosition: 2461 (msec)
10-21 22:17:13.717 V/FFmpegMediaPlayer-JNI(30959): getDuration: 346000 (msec)
10-21 22:17:13.777 V/FFmpegMediaPlayer-JNI(30959): getCurrentPosition: 2461 (msec)
10-21 22:17:13.777 V/FFmpegMediaPlayer-JNI(30959): getDuration: 346000 (msec)
10-21 22:17:13.810 V/FFmpegMediaPlayer-JNI(30959): getCurrentPosition: 2461 (msec)
10-21 22:17:13.810 V/FFmpegMediaPlayer-JNI(30959): getDuration: 346000 (msec)
10-21 22:17:13.843 V/FFmpegMediaPlayer-JNI(30959): getCurrentPosition: 2461 (msec)
10-21 22:17:13.843 V/FFmpegMediaPlayer-JNI(30959): getDuration: 346000 (msec)
10-21 22:17:13.876 V/FFmpegMediaPlayer-JNI(30959): getCurrentPosition: 2600 (msec)
10-21 22:17:13.877 V/FFmpegMediaPlayer-JNI(30959): getDuration: 346000 (msec)
10-21 22:17:13.959 V/FFmpegMediaPlayer-JNI(30959): getCurrentPosition: 2600 (msec)
10-21 22:17:13.959 V/FFmpegMediaPlayer-JNI(30959): getDuration: 346000 (msec)
10-21 22:17:13.992 V/FFmpegMediaPlayer-JNI(30959): getCurrentPosition: 2739 (msec)
10-21 22:17:13.992 V/FFmpegMediaPlayer-JNI(30959): getDuration: 346000 (msec)
10-21 22:17:14.027 V/FFmpegMediaPlayer-JNI(30959): getCurrentPosition: 2739 (msec)
10-21 22:17:14.027 V/FFmpegMediaPlayer-JNI(30959): getDuration: 346000 (msec)
10-21 22:17:14.060 V/FFmpegMediaPlayer-JNI(30959): getCurrentPosition: 2739 (msec)
10-21 22:17:14.060 V/FFmpegMediaPlayer-JNI(30959): getDuration: 346000 (msec)
10-21 22:17:14.094 V/FFmpegMediaPlayer-JNI(30959): getCurrentPosition: 2739 (msec)
10-21 22:17:14.094 V/FFmpegMediaPlayer-JNI(30959): getDuration: 346000 (msec)
10-21 22:17:14.127 V/FFmpegMediaPlayer-JNI(30959): getCurrentPosition: 2739 (msec)
10-21 22:17:14.127 V/FFmpegMediaPlayer-JNI(30959): getDuration: 346000 (msec)
