10-22 12:24:16.112 22394 22394 F DEBUG   :       #60 pc 0000000000671998  /apex/com.android.art/lib64/libart.so (void art::interpreter::ExecuteSwitchImplCpp<false>(art::interpreter::SwitchImplContext*)+1280) (BuildId: eb4ec0f1d1c7267591d83fa87cb36390)
10-22 12:24:16.112 22394 22394 F DEBUG   :       #61 pc 00000000002ff738  /apex/com.android.art/lib64/libart.so (ExecuteSwitchImplAsm+8) (BuildId: eb4ec0f1d1c7267591d83fa87cb36390)
10-22 12:24:16.112 22394 22394 F DEBUG   :       #62 pc 0000000000346ec0  /data/app/~~fE6WEHD8OiwUzq67ZA7LxQ==/com.example.mobiledigger-T_q5bmYX3H-7f5RbgP-FWw==/base.apk (offset 0x34e0000) (kotlinx.coroutines.CancellableContinuationImpl.dispatchResume+0)
10-22 12:24:16.112 22394 22394 F DEBUG   :       #63 pc 00000000002ff130  /apex/com.android.art/lib64/libart.so (art::interpreter::ArtInterpreterToInterpreterBridge(art::Thread*, art::CodeItemDataAccessor const&, art::ShadowFrame*, art::JValue*)+412) (BuildId: eb4ec0f1d1c7267591d83fa87cb36390)
10-22 12:24:16.112 22394 22394 F DEBUG   :       #64 pc 000000000066ab6c  /apex/com.android.art/lib64/libart.so (bool art::interpreter::DoCall<false>(art::ArtMethod*, art::Thread*, art::ShadowFrame&, art::Instruction const*, unsigned short, bool, art::JValue*)+2068) (BuildId: eb4ec0f1d1c7267591d83fa87cb36390)
10-22 12:24:16.112 22394 22394 F DEBUG   :       #65 pc 00000000006717fc  /apex/com.android.art/lib64/libart.so (void art::interpreter::ExecuteSwitchImplCpp<false>(art::interpreter::SwitchImplContext*)+868) (BuildId: eb4ec0f1d1c7267591d83fa87cb36390)
10-22 12:24:16.112 22394 22394 F DEBUG   :       #66 pc 00000000002ff738  /apex/com.android.art/lib64/libart.so (ExecuteSwitchImplAsm+8) (BuildId: eb4ec0f1d1c7267591d83fa87cb36390)
10-22 12:24:16.112 22394 22394 F DEBUG   :       #67 pc 00000000003472f8  /data/app/~~fE6WEHD8OiwUzq67ZA7LxQ==/com.example.mobiledigger-T_q5bmYX3H-7f5RbgP-FWw==/base.apk (offset 0x34e0000) (kotlinx.coroutines.CancellableContinuationImpl.resumeImpl+0)
10-22 12:24:16.112 22394 22394 F DEBUG   :       #68 pc 00000000002ff130  /apex/com.android.art/lib64/libart.so (art::interpreter::ArtInterpreterToInterpreterBridge(art::Thread*, art::CodeItemDataAccessor const&, art::ShadowFrame*, art::JValue*)+412) (BuildId: eb4ec0f1d1c7267591d83fa87cb36390)
10-22 12:24:16.112 22394 22394 F DEBUG   :       #69 pc 000000000066ab6c  /apex/com.android.art/lib64/libart.so (bool art::interpreter::DoCall<false>(art::ArtMethod*, art::Thread*, art::ShadowFrame&, art::Instruction const*, unsigned short, bool, art::JValue*)+2068) (BuildId: eb4ec0f1d1c7267591d83fa87cb36390)
10-22 12:24:16.112 22394 22394 F DEBUG   :       #70 pc 00000000006717fc  /apex/com.android.art/lib64/libart.so (void art::interpreter::ExecuteSwitchImplCpp<false>(art::interpreter::SwitchImplContext*)+868) (BuildId: eb4ec0f1d1c7267591d83fa87cb36390)
10-22 12:24:16.112 22394 22394 F DEBUG   :       #71 pc 00000000002ff738  /apex/com.android.art/lib64/libart.so (ExecuteSwitchImplAsm+8) (BuildId: eb4ec0f1d1c7267591d83fa87cb36390)
10-22 12:24:16.112 22394 22394 F DEBUG   :       #72 pc 00000000003472c0  /data/app/~~fE6WEHD8OiwUzq67ZA7LxQ==/com.example.mobiledigger-T_q5bmYX3H-7f5RbgP-FWw==/base.apk (offset 0x34e0000) (kotlinx.coroutines.CancellableContinuationImpl.resumeImpl$default+0)
10-22 12:24:16.112 22394 22394 F DEBUG   :       #73 pc 00000000002ff130  /apex/com.android.art/lib64/libart.so (art::interpreter::ArtInterpreterToInterpreterBridge(art::Thread*, art::CodeItemDataAccessor const&, art::ShadowFrame*, art::JValue*)+412) (BuildId: eb4ec0f1d1c7267591d83fa87cb36390)
10-22 12:24:16.112 22394 22394 F DEBUG   :       #74 pc 000000000056be34  /apex/com.android.art/lib64/libart.so (bool art::interpreter::DoCall<true>(art::ArtMethod*, art::Thread*, art::ShadowFrame&, art::Instruction const*, unsigned short, bool, art::JValue*)+1796) (BuildId: eb4ec0f1d1c7267591d83fa87cb36390)
10-22 12:24:16.112 22394 22394 F DEBUG   :       #75 pc 0000000000674318  /apex/com.android.art/lib64/libart.so (void art::interpreter::ExecuteSwitchImplCpp<false>(art::interpreter::SwitchImplContext*)+11904) (BuildId: eb4ec0f1d1c7267591d83fa87cb36390)
10-22 12:24:16.112 22394 22394 F DEBUG   :       #76 pc 00000000002ff738  /apex/com.android.art/lib64/libart.so (ExecuteSwitchImplAsm+8) (BuildId: eb4ec0f1d1c7267591d83fa87cb36390)
10-22 12:24:16.112 22394 22394 F DEBUG   :       #77 pc 00000000003473b0  /data/app/~~fE6WEHD8OiwUzq67ZA7LxQ==/com.example.mobiledigger-T_q5bmYX3H-7f5RbgP-FWw==/base.apk (offset 0x34e0000) (kotlinx.coroutines.CancellableContinuationImpl.resumeUndispatched+0)
10-22 12:24:16.112 22394 22394 F DEBUG   :       #78 pc 00000000002ff130  /apex/com.android.art/lib64/libart.so (art::interpreter::ArtInterpreterToInterpreterBridge(art::Thread*, art::CodeItemDataAccessor const&, art::ShadowFrame*, art::JValue*)+412) (BuildId: eb4ec0f1d1c7267591d83fa87cb36390)
10-22 12:24:16.112 22394 22394 F DEBUG   :       #79 pc 000000000066ab6c  /apex/com.android.art/lib64/libart.so (bool art::interpreter::DoCall<false>(art::ArtMethod*, art::Thread*, art::ShadowFrame&, art::Instruction const*, unsigned short, bool, art::JValue*)+2068) (BuildId: eb4ec0f1d1c7267591d83fa87cb36390)
10-22 12:24:16.112 22394 22394 F DEBUG   :       #80 pc 0000000000671f48  /apex/com.android.art/lib64/libart.so (void art::interpreter::ExecuteSwitchImplCpp<false>(art::interpreter::SwitchImplContext*)+2736) (BuildId: eb4ec0f1d1c7267591d83fa87cb36390)
10-22 12:24:16.112 22394 22394 F DEBUG   :       #81 pc 00000000002ff738  /apex/com.android.art/lib64/libart.so (ExecuteSwitchImplAsm+8) (BuildId: eb4ec0f1d1c7267591d83fa87cb36390)
10-22 12:24:16.112 22394 22394 F DEBUG   :       #82 pc 0000000000352c90  /data/app/~~fE6WEHD8OiwUzq67ZA7LxQ==/com.example.mobiledigger-T_q5bmYX3H-7f5RbgP-FWw==/base.apk (offset 0x34e0000) (kotlinx.coroutines.android.HandlerContext$scheduleResumeAfterDelay$$inlined$Runnable$1.run+0)
10-22 12:24:16.112 22394 22394 F DEBUG   :       #83 pc 0000000000300b2c  /apex/com.android.art/lib64/libart.so (art::interpreter::Execute(art::Thread*, art::CodeItemDataAccessor const&, art::ShadowFrame&, art::JValue, bool, bool) (.__uniq.112435418011751916792819755956732575238.llvm.4837409187647361565)+332) (BuildId: eb4ec0f1d1c7267591d83fa87cb36390)
10-22 12:24:16.112 22394 22394 F DEBUG   :       #84 pc 0000000000300360  /apex/com.android.art/lib64/libart.so (artQuickToInterpreterBridge+888) (BuildId: eb4ec0f1d1c7267591d83fa87cb36390)
10-22 12:24:16.112 22394 22394 F DEBUG   :       #85 pc 000000000032e638  /apex/com.android.art/lib64/libart.so (art_quick_to_interpreter_bridge+88) (BuildId: eb4ec0f1d1c7267591d83fa87cb36390)
10-22 12:24:16.112 22394 22394 F DEBUG   :       #86 pc 00000000022b1e04  /memfd:jit-cache (deleted) (offset 0x2000000) (android.os.Handler.handleCallback+132)
10-22 12:24:16.112 22394 22394 F DEBUG   :       #87 pc 0000000002051350  /memfd:jit-cache (deleted) (offset 0x2000000) (android.os.Handler.dispatchMessage+128)
10-22 12:24:16.112 22394 22394 F DEBUG   :       #88 pc 0000000002051220  /memfd:jit-cache (deleted) (offset 0x2000000) (android.os.Looper.dispatchMessage+128)
10-22 12:24:16.112 22394 22394 F DEBUG   :       #89 pc 00000000020479a0  /memfd:jit-cache (deleted) (offset 0x2000000) (android.os.Looper.loopOnce+1424)
10-22 12:24:16.112 22394 22394 F DEBUG   :       #90 pc 0000000000317460  /apex/com.android.art/lib64/libart.so (art_quick_invoke_static_stub+640) (BuildId: eb4ec0f1d1c7267591d83fa87cb36390)
10-22 12:24:16.112 22394 22394 F DEBUG   :       #91 pc 000000000066ab80  /apex/com.android.art/lib64/libart.so (bool art::interpreter::DoCall<false>(art::ArtMethod*, art::Thread*, art::ShadowFrame&, art::Instruction const*, unsigned short, bool, art::JValue*)+2088) (BuildId: eb4ec0f1d1c7267591d83fa87cb36390)
10-22 12:24:16.112 22394 22394 F DEBUG   :       #92 pc 0000000000671998  /apex/com.android.art/lib64/libart.so (void art::interpreter::ExecuteSwitchImplCpp<false>(art::interpreter::SwitchImplContext*)+1280) (BuildId: eb4ec0f1d1c7267591d83fa87cb36390)
10-22 12:24:16.112 22394 22394 F DEBUG   :       #93 pc 00000000002ff738  /apex/com.android.art/lib64/libart.so (ExecuteSwitchImplAsm+8) (BuildId: eb4ec0f1d1c7267591d83fa87cb36390)
10-22 12:24:16.112 22394 22394 F DEBUG   :       #94 pc 0000000000279afc  /system/framework/framework.jar (offset 0x1288000) (android.os.Looper.loop+0)
10-22 12:24:16.112 22394 22394 F DEBUG   :       #95 pc 00000000002ff130  /apex/com.android.art/lib64/libart.so (art::interpreter::ArtInterpreterToInterpreterBridge(art::Thread*, art::CodeItemDataAccessor const&, art::ShadowFrame*, art::JValue*)+412) (BuildId: eb4ec0f1d1c7267591d83fa87cb36390)
10-22 12:24:16.112 22394 22394 F DEBUG   :       #96 pc 000000000066ab6c  /apex/com.android.art/lib64/libart.so (bool art::interpreter::DoCall<false>(art::ArtMethod*, art::Thread*, art::ShadowFrame&, art::Instruction const*, unsigned short, bool, art::JValue*)+2068) (BuildId: eb4ec0f1d1c7267591d83fa87cb36390)
10-22 12:24:16.112 22394 22394 F DEBUG   :       #97 pc 0000000000671998  /apex/com.android.art/lib64/libart.so (void art::interpreter::ExecuteSwitchImplCpp<false>(art::interpreter::SwitchImplContext*)+1280) (BuildId: eb4ec0f1d1c7267591d83fa87cb36390)
10-22 12:24:16.112 22394 22394 F DEBUG   :       #98 pc 00000000002ff738  /apex/com.android.art/lib64/libart.so (ExecuteSwitchImplAsm+8) (BuildId: eb4ec0f1d1c7267591d83fa87cb36390)
10-22 12:24:16.112 22394 22394 F DEBUG   :       #99 pc 00000000001f6440  /system/framework/framework.jar (offset 0x7000) (android.app.ActivityThread.main+0)
10-22 12:24:16.112 22394 22394 F DEBUG   :       #100 pc 0000000000300b2c  /apex/com.android.art/lib64/libart.so (art::interpreter::Execute(art::Thread*, art::CodeItemDataAccessor const&, art::ShadowFrame&, art::JValue, bool, bool) (.__uniq.112435418011751916792819755956732575238.llvm.4837409187647361565)+332) (BuildId: eb4ec0f1d1c7267591d83fa87cb36390)
10-22 12:24:16.112 22394 22394 F DEBUG   :       #101 pc 0000000000300360  /apex/com.android.art/lib64/libart.so (artQuickToInterpreterBridge+888) (BuildId: eb4ec0f1d1c7267591d83fa87cb36390)
10-22 12:24:16.112 22394 22394 F DEBUG   :       #102 pc 000000000032e638  /apex/com.android.art/lib64/libart.so (art_quick_to_interpreter_bridge+88) (BuildId: eb4ec0f1d1c7267591d83fa87cb36390)
10-22 12:24:16.112 22394 22394 F DEBUG   :       #103 pc 0000000000317460  /apex/com.android.art/lib64/libart.so (art_quick_invoke_static_stub+640) (BuildId: eb4ec0f1d1c7267591d83fa87cb36390)
10-22 12:24:16.112 22394 22394 F DEBUG   :       #104 pc 0000000000311508  /apex/com.android.art/lib64/libart.so (_jobject* art::InvokeMethod<(art::PointerSize)8>(art::ScopedObjectAccessAlreadyRunnable const&, _jobject*, _jobject*, _jobject*, unsigned long)+544) (BuildId: eb4ec0f1d1c7267591d83fa87cb36390)
10-22 12:24:16.112 22394 22394 F DEBUG   :       #105 pc 00000000005c82c8  /apex/com.android.art/lib64/libart.so (art::Method_invoke(_JNIEnv*, _jobject*, _jobject*, _jobjectArray*) (.__uniq.165753521025965369065708152063621506277)+32) (BuildId: eb4ec0f1d1c7267591d83fa87cb36390)
10-22 12:24:16.112 22394 22394 F DEBUG   :       #106 pc 000000000032e500  /apex/com.android.art/lib64/libart.so (art_quick_generic_jni_trampoline+144) (BuildId: eb4ec0f1d1c7267591d83fa87cb36390)
10-22 12:24:16.112 22394 22394 F DEBUG   :       #107 pc 0000000000317194  /apex/com.android.art/lib64/libart.so (art_quick_invoke_stub+612) (BuildId: eb4ec0f1d1c7267591d83fa87cb36390)
10-22 12:24:16.112 22394 22394 F DEBUG   :       #108 pc 000000000066a984  /apex/com.android.art/lib64/libart.so (bool art::interpreter::DoCall<false>(art::ArtMethod*, art::Thread*, art::ShadowFrame&, art::Instruction const*, unsigned short, bool, art::JValue*)+1580) (BuildId: eb4ec0f1d1c7267591d83fa87cb36390)
10-22 12:24:16.112 22394 22394 F DEBUG   :       #109 pc 00000000006717fc  /apex/com.android.art/lib64/libart.so (void art::interpreter::ExecuteSwitchImplCpp<false>(art::interpreter::SwitchImplContext*)+868) (BuildId: eb4ec0f1d1c7267591d83fa87cb36390)
10-22 12:24:16.112 22394 22394 F DEBUG   :       #110 pc 00000000002ff738  /apex/com.android.art/lib64/libart.so (ExecuteSwitchImplAsm+8) (BuildId: eb4ec0f1d1c7267591d83fa87cb36390)
10-22 12:24:16.112 22394 22394 F DEBUG   :       #111 pc 00000000002ce914  /system/framework/framework.jar (offset 0x244f000) (com.android.internal.os.RuntimeInit$MethodAndArgsCaller.run+0)
10-22 12:24:16.112 22394 22394 F DEBUG   :       #112 pc 0000000000300b2c  /apex/com.android.art/lib64/libart.so (art::interpreter::Execute(art::Thread*, art::CodeItemDataAccessor const&, art::ShadowFrame&, art::JValue, bool, bool) (.__uniq.112435418011751916792819755956732575238.llvm.4837409187647361565)+332) (BuildId: eb4ec0f1d1c7267591d83fa87cb36390)
10-22 12:24:16.112 22394 22394 F DEBUG   :       #113 pc 0000000000300360  /apex/com.android.art/lib64/libart.so (artQuickToInterpreterBridge+888) (BuildId: eb4ec0f1d1c7267591d83fa87cb36390)
10-22 12:24:16.112 22394 22394 F DEBUG   :       #114 pc 000000000032e638  /apex/com.android.art/lib64/libart.so (art_quick_to_interpreter_bridge+88) (BuildId: eb4ec0f1d1c7267591d83fa87cb36390)
10-22 12:24:16.112 22394 22394 F DEBUG   :       #115 pc 0000000000c02d14  /data/misc/apexdata/com.android.art/dalvik-cache/arm64/boot.oat (com.android.internal.os.ZygoteInit.main+3204)
10-22 12:24:16.112 22394 22394 F DEBUG   :       #116 pc 0000000000317460  /apex/com.android.art/lib64/libart.so (art_quick_invoke_static_stub+640) (BuildId: eb4ec0f1d1c7267591d83fa87cb36390)
10-22 12:24:16.112 22394 22394 F DEBUG   :       #117 pc 0000000000316100  /apex/com.android.art/lib64/libart.so (art::JValue art::InvokeWithVarArgs<_jmethodID*>(art::ScopedObjectAccessAlreadyRunnable const&, _jobject*, _jmethodID*, std::__va_list)+800) (BuildId: eb4ec0f1d1c7267591d83fa87cb36390)
10-22 12:24:16.112 22394 22394 F DEBUG   :       #118 pc 0000000000639868  /apex/com.android.art/lib64/libart.so (art::JNI<true>::CallStaticVoidMethodV(_JNIEnv*, _jclass*, _jmethodID*, std::__va_list)+156) (BuildId: eb4ec0f1d1c7267591d83fa87cb36390)
10-22 12:24:16.112 22394 22394 F DEBUG   :       #119 pc 0000000000108ecc  /system/lib64/libandroid_runtime.so (_JNIEnv::CallStaticVoidMethod(_jclass*, _jmethodID*, ...)+108) (BuildId: 2c41cbf37dbf26de0ad69008fa837015)
10-22 12:24:16.112 22394 22394 F DEBUG   :       #120 pc 00000000001330ac  /system/lib64/libandroid_runtime.so (android::AndroidRuntime::start(char const*, android::Vector<android::String8> const&, bool)+892) (BuildId: 2c41cbf37dbf26de0ad69008fa837015)
10-22 12:24:16.112 22394 22394 F DEBUG   :       #121 pc 000000000000459c  /system/bin/app_process64 (main+1212) (BuildId: 87aa9e8bc4daf3d409915cd6dffb08d5)
10-22 12:24:16.112 22394 22394 F DEBUG   :       #122 pc 000000000006bcec  /apex/com.android.runtime/lib64/bionic/libc.so (__libc_init+124) (BuildId: 6279f80eeba93a6e8a410cf52e4285b6)
--------- beginning of system
10-22 12:24:20.687  1795  4174 V AudioVolumeChangeHandler: onAudioVolumeGroupChanged volumeEvent=AudioVolumeGroupChangeEvent{groupId: 12, volumeIndex: 0, muted: false, flags: 0}
10-22 12:24:20.830  1795  2342 I AppsFilter: interaction: PackageSetting{b2cfb8d com.example.mobiledigger/10623} -> PackageSetting{3eb848 com.dropbox.android/10494} BLOCKED
10-22 12:24:20.830  1795  2342 I AppsFilter: interaction: PackageSetting{b2cfb8d com.example.mobiledigger/10623} -> PackageSetting{68a96e1 com.anydesk.anydeskandroid/10320} BLOCKED
10-22 12:24:20.830  1795  2342 I AppsFilter: interaction: PackageSetting{b2cfb8d com.example.mobiledigger/10623} -> PackageSetting{68a96e1 com.anydesk.anydeskandroid/10320} BLOCKED
10-22 12:24:20.830  1795  2342 I AppsFilter: interaction: PackageSetting{b2cfb8d com.example.mobiledigger/10623} -> PackageSetting{dd952c7 com.google.android.documentsui/10090} BLOCKED
10-22 12:24:20.830  1795  2342 I AppsFilter: interaction: PackageSetting{b2cfb8d com.example.mobiledigger/10623} -> PackageSetting{3c374fd com.google.android.apps.docs/10196} BLOCKED
10-22 12:24:21.670  1795  1875 I DisplayDeviceRepository: Display device changed render timings: "Built-in Screen", renderFrameRate=60.000004, presentationDeadlineNanos=11499999, appVsyncOffsetNanos=6233334, frameRateOverrides=[]
10-22 12:24:21.675  1795  1872 D WindowManager: DeferredDisplayUpdater: partially applying DisplayInfo(1008 x 2244) immediately
10-22 12:24:22.130  1795  5087 D CoreBackPreview: Window{dc688a0 u0 Pop-Up Window}: Setting back callback OnBackInvokedCallbackInfo{mCallback=android.window.IOnBackInvokedCallback$Stub$Proxy@6d840ff, mPriority=1000000, mIsAnimationCallback=false, mOverrideBehavior=0}
10-22 12:24:22.187  1795  1875 I DisplayDeviceRepository: Display device changed render timings: "Built-in Screen", renderFrameRate=120.00001, presentationDeadlineNanos=11500000, appVsyncOffsetNanos=6233332, frameRateOverrides=[]
10-22 12:24:22.191  1795  1872 D WindowManager: DeferredDisplayUpdater: partially applying DisplayInfo(1008 x 2244) immediately
10-22 12:24:23.669  1795  1897 D ActivityManager: sync unfroze 26029 com.Slack for 3
10-22 12:24:23.692  1795  2535 D BackgroundInstallControlService: Package event received: 0
10-22 12:24:23.895  1795  1875 I DisplayDeviceRepository: Display device changed render timings: "Built-in Screen", renderFrameRate=60.000004, presentationDeadlineNanos=11499999, appVsyncOffsetNanos=6233334, frameRateOverrides=[]
10-22 12:24:23.896  1795  1872 D WindowManager: DeferredDisplayUpdater: partially applying DisplayInfo(1008 x 2244) immediately
10-22 12:24:24.221  1795  1875 I DisplayDeviceRepository: Display device changed render timings: "Built-in Screen", renderFrameRate=120.00001, presentationDeadlineNanos=11500000, appVsyncOffsetNanos=6233332, frameRateOverrides=[]
10-22 12:24:24.222  1795  1872 D WindowManager: DeferredDisplayUpdater: partially applying DisplayInfo(1008 x 2244) immediately
10-22 12:24:24.899  6354  6894 D ActivityThread: Too many transaction errors, throttling freezer binder callback.
10-22 12:24:24.913  1795  1875 I DisplayDeviceRepository: Display device changed render timings: "Built-in Screen", renderFrameRate=60.000004, presentationDeadlineNanos=11499999, appVsyncOffsetNanos=6233334, frameRateOverrides=[]
10-22 12:24:24.914  1795  1872 D WindowManager: DeferredDisplayUpdater: partially applying DisplayInfo(1008 x 2244) immediately
10-22 12:24:25.095  1795  3586 D CoreBackPreview: Window{dc688a0 u0 Pop-Up Window}: Setting back callback null
10-22 12:24:25.171  1795  1875 I DisplayDeviceRepository: Display device changed render timings: "Built-in Screen", renderFrameRate=120.00001, presentationDeadlineNanos=11500000, appVsyncOffsetNanos=6233332, frameRateOverrides=[]
10-22 12:24:25.185  1795  1872 D WindowManager: DeferredDisplayUpdater: partially applying DisplayInfo(1008 x 2244) immediately
10-22 12:24:25.528 13322 13334 W Looper  : Drained
10-22 12:24:25.605  1795  2363 D ActivityManager: freezing 29004 com.google.android.apps.pixel.dcservice
10-22 12:24:25.780  1795  1875 I DisplayDeviceRepository: Display device changed render timings: "Built-in Screen", renderFrameRate=60.000004, presentationDeadlineNanos=11499999, appVsyncOffsetNanos=6233334, frameRateOverrides=[]
10-22 12:24:25.781  1795  1872 D WindowManager: DeferredDisplayUpdater: partially applying DisplayInfo(1008 x 2244) immediately
10-22 12:24:26.049  1795  2363 D ActivityManager: freezing 10343 com.google.android.apps.messaging
10-22 12:24:26.537  1795  2363 D ActivityManager: freezing 14180 org.telegram.messenger
10-22 12:24:27.517  1795  2535 D BackgroundInstallControlService: Package event received: 0
10-22 12:24:27.518  1795  2535 D BackgroundInstallControlService: Package event received: 0
10-22 12:24:28.162  1795  1875 I DisplayDeviceRepository: Display device changed render timings: "Built-in Screen", renderFrameRate=120.00001, presentationDeadlineNanos=11500000, appVsyncOffsetNanos=6233332, frameRateOverrides=[]
10-22 12:24:28.163  1795  1872 D WindowManager: DeferredDisplayUpdater: partially applying DisplayInfo(1008 x 2244) immediately
10-22 12:24:28.684  1795  1875 I DisplayDeviceRepository: Display device changed render timings: "Built-in Screen", renderFrameRate=60.000004, presentationDeadlineNanos=11499999, appVsyncOffsetNanos=6233334, frameRateOverrides=[]
10-22 12:24:28.687  1795  1872 D WindowManager: DeferredDisplayUpdater: partially applying DisplayInfo(1008 x 2244) immediately
10-22 12:24:29.082  1795  1875 I DisplayDeviceRepository: Display device changed render timings: "Built-in Screen", renderFrameRate=120.00001, presentationDeadlineNanos=11500000, appVsyncOffsetNanos=6233332, frameRateOverrides=[]
10-22 12:24:29.084  1795  1872 D WindowManager: DeferredDisplayUpdater: partially applying DisplayInfo(1008 x 2244) immediately
10-22 12:24:29.158  1795  2920 E AppOps  : attributionTag  not declared in manifest of com.example.mobiledigger
10-22 12:24:29.159  1795  4224 E AppOps  : attributionTag  not declared in manifest of com.example.mobiledigger
10-22 12:24:29.163  1795  2535 D BackgroundInstallControlService: Package event received: 0
10-22 12:24:29.180  1795  1897 D ActivityManager: sync unfroze 29004 com.google.android.apps.pixel.dcservice for 3
10-22 12:24:29.357  1795  2342 E AppOps  : attributionTag  not declared in manifest of com.example.mobiledigger
10-22 12:24:29.358  1795  2342 E AppOps  : attributionTag  not declared in manifest of com.example.mobiledigger
10-22 12:24:29.376  1795  5087 V AudioVolumeChangeHandler: onAudioVolumeGroupChanged volumeEvent=AudioVolumeGroupChangeEvent{groupId: 4, volumeIndex: 0, muted: false, flags: 0}
10-22 12:24:29.384  1795  5087 V AudioVolumeChangeHandler: onAudioVolumeGroupChanged volumeEvent=AudioVolumeGroupChangeEvent{groupId: 4, volumeIndex: 0, muted: false, flags: 0}
10-22 12:24:29.386  1795  5087 V AudioVolumeChangeHandler: onAudioVolumeGroupChanged volumeEvent=AudioVolumeGroupChangeEvent{groupId: 4, volumeIndex: 0, muted: false, flags: 0}
10-22 12:24:29.389  1795  5087 V AudioVolumeChangeHandler: onAudioVolumeGroupChanged volumeEvent=AudioVolumeGroupChangeEvent{groupId: 4, volumeIndex: 0, muted: false, flags: 0}
10-22 12:24:29.391  1795  5087 V AudioVolumeChangeHandler: onAudioVolumeGroupChanged volumeEvent=AudioVolumeGroupChangeEvent{groupId: 4, volumeIndex: 0, muted: false, flags: 0}
10-22 12:24:29.394  1795  5087 V AudioVolumeChangeHandler: onAudioVolumeGroupChanged volumeEvent=AudioVolumeGroupChangeEvent{groupId: 4, volumeIndex: 0, muted: false, flags: 0}
10-22 12:24:29.400  1795  5087 V AudioVolumeChangeHandler: onAudioVolumeGroupChanged volumeEvent=AudioVolumeGroupChangeEvent{groupId: 4, volumeIndex: 0, muted: false, flags: 0}
10-22 12:24:29.400  1795  5087 V AudioVolumeChangeHandler: onAudioVolumeGroupChanged volumeEvent=AudioVolumeGroupChangeEvent{groupId: 4, volumeIndex: 0, muted: false, flags: 0}
10-22 12:24:29.400  1795  5087 V AudioVolumeChangeHandler: onAudioVolumeGroupChanged volumeEvent=AudioVolumeGroupChangeEvent{groupId: 4, volumeIndex: 0, muted: false, flags: 0}
10-22 12:24:29.400  1795  2342 V AudioVolumeChangeHandler: onAudioVolumeGroupChanged volumeEvent=AudioVolumeGroupChangeEvent{groupId: 4, volumeIndex: 0, muted: false, flags: 0}
10-22 12:24:29.402  1795  4224 V AudioVolumeChangeHandler: onAudioVolumeGroupChanged volumeEvent=AudioVolumeGroupChangeEvent{groupId: 4, volumeIndex: 0, muted: false, flags: 0}
10-22 12:24:29.402  1795  4224 V AudioVolumeChangeHandler: onAudioVolumeGroupChanged volumeEvent=AudioVolumeGroupChangeEvent{groupId: 4, volumeIndex: 0, muted: false, flags: 0}
10-22 12:24:29.407  1795  5087 V AudioVolumeChangeHandler: onAudioVolumeGroupChanged volumeEvent=AudioVolumeGroupChangeEvent{groupId: 10, volumeIndex: 0, muted: false, flags: 0}
10-22 12:24:29.408  1795  5087 V AudioVolumeChangeHandler: onAudioVolumeGroupChanged volumeEvent=AudioVolumeGroupChangeEvent{groupId: 10, volumeIndex: 0, muted: false, flags: 0}
10-22 12:24:29.408  1795  5087 V AudioVolumeChangeHandler: onAudioVolumeGroupChanged volumeEvent=AudioVolumeGroupChangeEvent{groupId: 10, volumeIndex: 0, muted: false, flags: 0}
10-22 12:24:29.409  1795  4174 V AudioVolumeChangeHandler: onAudioVolumeGroupChanged volumeEvent=AudioVolumeGroupChangeEvent{groupId: 10, volumeIndex: 0, muted: false, flags: 0}
10-22 12:24:29.411  1795  5087 V AudioVolumeChangeHandler: onAudioVolumeGroupChanged volumeEvent=AudioVolumeGroupChangeEvent{groupId: 10, volumeIndex: 0, muted: false, flags: 0}
10-22 12:24:29.411  1795  5087 V AudioVolumeChangeHandler: onAudioVolumeGroupChanged volumeEvent=AudioVolumeGroupChangeEvent{groupId: 10, volumeIndex: 0, muted: false, flags: 0}
10-22 12:24:29.416  1795  5087 V AudioVolumeChangeHandler: onAudioVolumeGroupChanged volumeEvent=AudioVolumeGroupChangeEvent{groupId: 10, volumeIndex: 0, muted: false, flags: 0}
10-22 12:24:29.416  1795  5087 V AudioVolumeChangeHandler: onAudioVolumeGroupChanged volumeEvent=AudioVolumeGroupChangeEvent{groupId: 10, volumeIndex: 0, muted: false, flags: 0}
10-22 12:24:29.416  1795  5087 V AudioVolumeChangeHandler: onAudioVolumeGroupChanged volumeEvent=AudioVolumeGroupChangeEvent{groupId: 10, volumeIndex: 0, muted: false, flags: 0}
10-22 12:24:29.416  1795  5087 V AudioVolumeChangeHandler: onAudioVolumeGroupChanged volumeEvent=AudioVolumeGroupChangeEvent{groupId: 10, volumeIndex: 0, muted: false, flags: 0}
10-22 12:24:29.416  1795  5087 V AudioVolumeChangeHandler: onAudioVolumeGroupChanged volumeEvent=AudioVolumeGroupChangeEvent{groupId: 10, volumeIndex: 0, muted: false, flags: 0}
10-22 12:24:29.416  1795  5087 V AudioVolumeChangeHandler: onAudioVolumeGroupChanged volumeEvent=AudioVolumeGroupChangeEvent{groupId: 10, volumeIndex: 0, muted: false, flags: 0}
10-22 12:24:29.418  1795  5087 V AudioVolumeChangeHandler: onAudioVolumeGroupChanged volumeEvent=AudioVolumeGroupChangeEvent{groupId: 11, volumeIndex: 0, muted: false, flags: 0}
10-22 12:24:29.418  1795  5087 V AudioVolumeChangeHandler: onAudioVolumeGroupChanged volumeEvent=AudioVolumeGroupChangeEvent{groupId: 11, volumeIndex: 0, muted: false, flags: 0}
10-22 12:24:29.418  1795  5087 V AudioVolumeChangeHandler: onAudioVolumeGroupChanged volumeEvent=AudioVolumeGroupChangeEvent{groupId: 11, volumeIndex: 0, muted: false, flags: 0}
10-22 12:24:29.419  1795  5087 V AudioVolumeChangeHandler: onAudioVolumeGroupChanged volumeEvent=AudioVolumeGroupChangeEvent{groupId: 11, volumeIndex: 0, muted: false, flags: 0}
10-22 12:24:29.421  1795  2342 V AudioVolumeChangeHandler: onAudioVolumeGroupChanged volumeEvent=AudioVolumeGroupChangeEvent{groupId: 11, volumeIndex: 0, muted: false, flags: 0}
10-22 12:24:29.422  1795  4174 V AudioVolumeChangeHandler: onAudioVolumeGroupChanged volumeEvent=AudioVolumeGroupChangeEvent{groupId: 11, volumeIndex: 0, muted: false, flags: 0}
10-22 12:24:29.422  1795  4174 V AudioVolumeChangeHandler: onAudioVolumeGroupChanged volumeEvent=AudioVolumeGroupChangeEvent{groupId: 11, volumeIndex: 0, muted: false, flags: 0}
10-22 12:24:29.424  1795  4174 V AudioVolumeChangeHandler: onAudioVolumeGroupChanged volumeEvent=AudioVolumeGroupChangeEvent{groupId: 11, volumeIndex: 0, muted: false, flags: 0}
10-22 12:24:29.424  1795  4174 V AudioVolumeChangeHandler: onAudioVolumeGroupChanged volumeEvent=AudioVolumeGroupChangeEvent{groupId: 11, volumeIndex: 0, muted: false, flags: 0}
10-22 12:24:29.424  1795  4174 V AudioVolumeChangeHandler: onAudioVolumeGroupChanged volumeEvent=AudioVolumeGroupChangeEvent{groupId: 11, volumeIndex: 0, muted: false, flags: 0}
10-22 12:24:29.425  1795  4174 V AudioVolumeChangeHandler: onAudioVolumeGroupChanged volumeEvent=AudioVolumeGroupChangeEvent{groupId: 11, volumeIndex: 0, muted: false, flags: 0}
10-22 12:24:29.425  1795  4174 V AudioVolumeChangeHandler: onAudioVolumeGroupChanged volumeEvent=AudioVolumeGroupChangeEvent{groupId: 11, volumeIndex: 0, muted: false, flags: 0}
10-22 12:24:29.427  1795  4174 V AudioVolumeChangeHandler: onAudioVolumeGroupChanged volumeEvent=AudioVolumeGroupChangeEvent{groupId: 12, volumeIndex: 0, muted: false, flags: 0}
10-22 12:24:29.428  1795  4174 V AudioVolumeChangeHandler: onAudioVolumeGroupChanged volumeEvent=AudioVolumeGroupChangeEvent{groupId: 12, volumeIndex: 0, muted: false, flags: 0}
10-22 12:24:29.428  1795  4174 V AudioVolumeChangeHandler: onAudioVolumeGroupChanged volumeEvent=AudioVolumeGroupChangeEvent{groupId: 12, volumeIndex: 0, muted: false, flags: 0}
10-22 12:24:29.428  1795  2342 V AudioVolumeChangeHandler: onAudioVolumeGroupChanged volumeEvent=AudioVolumeGroupChangeEvent{groupId: 12, volumeIndex: 0, muted: false, flags: 0}
10-22 12:24:29.429  1795  2342 V AudioVolumeChangeHandler: onAudioVolumeGroupChanged volumeEvent=AudioVolumeGroupChangeEvent{groupId: 12, volumeIndex: 0, muted: false, flags: 0}
10-22 12:24:29.430  1795  2342 V AudioVolumeChangeHandler: onAudioVolumeGroupChanged volumeEvent=AudioVolumeGroupChangeEvent{groupId: 12, volumeIndex: 0, muted: false, flags: 0}
10-22 12:24:29.431  1795  2342 V AudioVolumeChangeHandler: onAudioVolumeGroupChanged volumeEvent=AudioVolumeGroupChangeEvent{groupId: 12, volumeIndex: 0, muted: false, flags: 0}
10-22 12:24:29.432  1795  2342 V AudioVolumeChangeHandler: onAudioVolumeGroupChanged volumeEvent=AudioVolumeGroupChangeEvent{groupId: 12, volumeIndex: 0, muted: false, flags: 0}
10-22 12:24:29.433  1795  4174 V AudioVolumeChangeHandler: onAudioVolumeGroupChanged volumeEvent=AudioVolumeGroupChangeEvent{groupId: 12, volumeIndex: 0, muted: false, flags: 0}
10-22 12:24:29.434  1795  4174 V AudioVolumeChangeHandler: onAudioVolumeGroupChanged volumeEvent=AudioVolumeGroupChangeEvent{groupId: 12, volumeIndex: 0, muted: false, flags: 0}
10-22 12:24:29.435  1795  4174 V AudioVolumeChangeHandler: onAudioVolumeGroupChanged volumeEvent=AudioVolumeGroupChangeEvent{groupId: 12, volumeIndex: 0, muted: false, flags: 0}
10-22 12:24:29.435  1795  2342 V AudioVolumeChangeHandler: onAudioVolumeGroupChanged volumeEvent=AudioVolumeGroupChangeEvent{groupId: 12, volumeIndex: 0, muted: false, flags: 0}
10-22 12:24:29.470  1795  2342 I AppsFilter: interaction: PackageSetting{b2cfb8d com.example.mobiledigger/10623} -> PackageSetting{3eb848 com.dropbox.android/10494} BLOCKED
10-22 12:24:29.470  1795  2342 I AppsFilter: interaction: PackageSetting{b2cfb8d com.example.mobiledigger/10623} -> PackageSetting{68a96e1 com.anydesk.anydeskandroid/10320} BLOCKED
10-22 12:24:29.470  1795  2342 I AppsFilter: interaction: PackageSetting{b2cfb8d com.example.mobiledigger/10623} -> PackageSetting{68a96e1 com.anydesk.anydeskandroid/10320} BLOCKED
10-22 12:24:29.470  1795  2342 I AppsFilter: interaction: PackageSetting{b2cfb8d com.example.mobiledigger/10623} -> PackageSetting{dd952c7 com.google.android.documentsui/10090} BLOCKED
10-22 12:24:29.470  1795  2342 I AppsFilter: interaction: PackageSetting{b2cfb8d com.example.mobiledigger/10623} -> PackageSetting{3c374fd com.google.android.apps.docs/10196} BLOCKED
10-22 12:24:29.739  1795  4224 I AppsFilter: interaction: PackageSetting{b2cfb8d com.example.mobiledigger/10623} -> PackageSetting{3eb848 com.dropbox.android/10494} BLOCKED
10-22 12:24:29.739  1795  4224 I AppsFilter: interaction: PackageSetting{b2cfb8d com.example.mobiledigger/10623} -> PackageSetting{68a96e1 com.anydesk.anydeskandroid/10320} BLOCKED
10-22 12:24:29.739  1795  4224 I AppsFilter: interaction: PackageSetting{b2cfb8d com.example.mobiledigger/10623} -> PackageSetting{68a96e1 com.anydesk.anydeskandroid/10320} BLOCKED
10-22 12:24:29.739  1795  4224 I AppsFilter: interaction: PackageSetting{b2cfb8d com.example.mobiledigger/10623} -> PackageSetting{dd952c7 com.google.android.documentsui/10090} BLOCKED
10-22 12:24:29.739  1795  4224 I AppsFilter: interaction: PackageSetting{b2cfb8d com.example.mobiledigger/10623} -> PackageSetting{3c374fd com.google.android.apps.docs/10196} BLOCKED
10-22 12:24:29.768  1795  4174 I AppsFilter: interaction: PackageSetting{b2cfb8d com.example.mobiledigger/10623} -> PackageSetting{3eb848 com.dropbox.android/10494} BLOCKED
10-22 12:24:29.768  1795  4174 I AppsFilter: interaction: PackageSetting{b2cfb8d com.example.mobiledigger/10623} -> PackageSetting{68a96e1 com.anydesk.anydeskandroid/10320} BLOCKED
10-22 12:24:29.768  1795  4174 I AppsFilter: interaction: PackageSetting{b2cfb8d com.example.mobiledigger/10623} -> PackageSetting{68a96e1 com.anydesk.anydeskandroid/10320} BLOCKED
10-22 12:24:29.768  1795  4174 I AppsFilter: interaction: PackageSetting{b2cfb8d com.example.mobiledigger/10623} -> PackageSetting{dd952c7 com.google.android.documentsui/10090} BLOCKED
10-22 12:24:29.768  1795  4174 I AppsFilter: interaction: PackageSetting{b2cfb8d com.example.mobiledigger/10623} -> PackageSetting{3c374fd com.google.android.apps.docs/10196} BLOCKED
10-22 12:24:29.845  1795  4174 I AppsFilter: interaction: PackageSetting{b2cfb8d com.example.mobiledigger/10623} -> PackageSetting{3eb848 com.dropbox.android/10494} BLOCKED
10-22 12:24:29.845  1795  4174 I AppsFilter: interaction: PackageSetting{b2cfb8d com.example.mobiledigger/10623} -> PackageSetting{68a96e1 com.anydesk.anydeskandroid/10320} BLOCKED
10-22 12:24:29.845  1795  4174 I AppsFilter: interaction: PackageSetting{b2cfb8d com.example.mobiledigger/10623} -> PackageSetting{68a96e1 com.anydesk.anydeskandroid/10320} BLOCKED
10-22 12:24:29.845  1795  4174 I AppsFilter: interaction: PackageSetting{b2cfb8d com.example.mobiledigger/10623} -> PackageSetting{dd952c7 com.google.android.documentsui/10090} BLOCKED
10-22 12:24:29.845  1795  4174 I AppsFilter: interaction: PackageSetting{b2cfb8d com.example.mobiledigger/10623} -> PackageSetting{3c374fd com.google.android.apps.docs/10196} BLOCKED
10-22 12:24:29.931  1795  4174 W ActivityManager: pid 6354 com.google.android.apps.chromecast.app sent binder code 1 with flags 0 and got error -32
10-22 12:24:30.115  1795  4224 I AppsFilter: interaction: PackageSetting{b2cfb8d com.example.mobiledigger/10623} -> PackageSetting{3eb848 com.dropbox.android/10494} BLOCKED
10-22 12:24:30.115  1795  4224 I AppsFilter: interaction: PackageSetting{b2cfb8d com.example.mobiledigger/10623} -> PackageSetting{68a96e1 com.anydesk.anydeskandroid/10320} BLOCKED
10-22 12:24:30.115  1795  4224 I AppsFilter: interaction: PackageSetting{b2cfb8d com.example.mobiledigger/10623} -> PackageSetting{68a96e1 com.anydesk.anydeskandroid/10320} BLOCKED
10-22 12:24:30.115  1795  4224 I AppsFilter: interaction: PackageSetting{b2cfb8d com.example.mobiledigger/10623} -> PackageSetting{dd952c7 com.google.android.documentsui/10090} BLOCKED
10-22 12:24:30.115  1795  4224 I AppsFilter: interaction: PackageSetting{b2cfb8d com.example.mobiledigger/10623} -> PackageSetting{3c374fd com.google.android.apps.docs/10196} BLOCKED
10-22 12:24:30.879  1795  4224 D CoreBackPreview: Window{86967a8 u0 Pop-Up Window}: Setting back callback OnBackInvokedCallbackInfo{mCallback=android.window.IOnBackInvokedCallback$Stub$Proxy@80783c0, mPriority=1000000, mIsAnimationCallback=false, mOverrideBehavior=0}
10-22 12:24:31.946  1795  2363 D ActivityManager: freezing 13358 com.google.android.apps.wellbeing
10-22 12:24:33.878  1795  4174 D CoreBackPreview: Window{86967a8 u0 Pop-Up Window}: Setting back callback null
10-22 12:24:34.370  1795  2363 D ActivityManager: freezing 26029 com.Slack
10-22 12:24:34.969  6354  6894 D ActivityThread: Too many transaction errors, throttling freezer binder callback.
10-22 12:24:35.046  1795  2363 D ActivityManager: freezing 1495 com.android.settings
10-22 12:24:35.054  1795  2363 D ActivityManager: freezing 32175 com.android.keychain
10-22 12:24:35.060  1795  2363 D ActivityManager: freezing 4162 com.android.DeviceAsWebcam
10-22 12:24:38.663  1795  2535 D BackgroundInstallControlService: Package event received: 0
10-22 12:24:38.910  1795  2535 D BackgroundInstallControlService: Package event received: 0
10-22 12:24:39.209  1795  2363 D ActivityManager: freezing 29004 com.google.android.apps.pixel.dcservice
10-22 12:24:40.014  6354  6894 D ActivityThread: Too many transaction errors, throttling freezer binder callback.
10-22 12:24:40.152  1795  2363 D ActivityManager: freezing 16495 com.google.android.gms
10-22 12:24:40.456  1795  2363 D ActivityManager: freezing 13322 android.process.acore
10-22 12:24:42.772  1795  1897 D ActivityManager: sync unfroze 16495 com.google.android.gms for 3
10-22 12:24:42.778  1795  1897 D ActivityManager: sync unfroze 5021 com.google.android.gm for 3
10-22 12:24:42.806  5021  5021 D ActivityThread: Package [com.example.mobiledigger] reported as REPLACED, but missing application info. Assuming REMOVED.
10-22 12:24:42.808  5021  5021 D ActivityThread: Package [com.example.mobiledigger] reported as REPLACED, but missing application info. Assuming REMOVED.
10-22 12:24:42.809  5021  5021 D ActivityThread: Package [com.example.mobiledigger] reported as REPLACED, but missing application info. Assuming REMOVED.
10-22 12:24:42.812  5021  5021 D ActivityThread: Package [com.example.mobiledigger] reported as REPLACED, but missing application info. Assuming REMOVED.
10-22 12:24:42.859  1795  2535 D BackgroundInstallControlService: Package event received: 0
10-22 12:24:42.945  1795  2535 D BackgroundInstallControlService: Package event received: 0
10-22 12:24:43.034  1795  2535 D BackgroundInstallControlService: Package event received: 0
10-22 12:24:45.057  1795  1829 W ActivityManager: pid 6354 com.google.android.apps.chromecast.app sent binder code 1 with flags 0 and got error -32
10-22 12:24:45.167  1795  1870 D HintManagerService: Sent cleanup message for uid 10273
10-22 12:24:46.170  1795  2364 D HintManagerService: Starts cleaning for 10273
10-22 12:24:50.096  6354  6894 D ActivityThread: Too many transaction errors, throttling freezer binder callback.
10-22 12:24:51.829  1795  1829 D ActivityManager: sync unfroze 10343 com.google.android.apps.messaging for 7
10-22 12:24:51.832  1795  2535 D BackgroundInstallControlService: Package event received: 0
10-22 12:24:55.143  6354  6894 D ActivityThread: Too many transaction errors, throttling freezer binder callback.
10-22 12:24:55.579  1795  1829 E AppOps  : attributionTag  not declared in manifest of com.example.mobiledigger
10-22 12:24:55.580  1795  1829 E AppOps  : attributionTag  not declared in manifest of com.example.mobiledigger
10-22 12:24:55.603  1795  1897 D ActivityManager: sync unfroze 29004 com.google.android.apps.pixel.dcservice for 3
10-22 12:24:55.697  1795  4224 E AppOps  : attributionTag  not declared in manifest of com.example.mobiledigger
10-22 12:24:55.700  1795  5095 E AppOps  : attributionTag  not declared in manifest of com.example.mobiledigger
10-22 12:24:55.719  1795  5095 V AudioVolumeChangeHandler: onAudioVolumeGroupChanged volumeEvent=AudioVolumeGroupChangeEvent{groupId: 4, volumeIndex: 0, muted: false, flags: 0}
10-22 12:24:55.720  1795  5095 V AudioVolumeChangeHandler: onAudioVolumeGroupChanged volumeEvent=AudioVolumeGroupChangeEvent{groupId: 4, volumeIndex: 0, muted: false, flags: 0}
10-22 12:24:55.720  1795  5095 V AudioVolumeChangeHandler: onAudioVolumeGroupChanged volumeEvent=AudioVolumeGroupChangeEvent{groupId: 4, volumeIndex: 0, muted: false, flags: 0}
10-22 12:24:55.721  1795  5095 V AudioVolumeChangeHandler: onAudioVolumeGroupChanged volumeEvent=AudioVolumeGroupChangeEvent{groupId: 4, volumeIndex: 0, muted: false, flags: 0}
10-22 12:24:55.722  1795  5095 V AudioVolumeChangeHandler: onAudioVolumeGroupChanged volumeEvent=AudioVolumeGroupChangeEvent{groupId: 4, volumeIndex: 0, muted: false, flags: 0}
10-22 12:24:55.722  1795  5095 V AudioVolumeChangeHandler: onAudioVolumeGroupChanged volumeEvent=AudioVolumeGroupChangeEvent{groupId: 4, volumeIndex: 0, muted: false, flags: 0}
10-22 12:24:55.724  1795  1829 V AudioVolumeChangeHandler: onAudioVolumeGroupChanged volumeEvent=AudioVolumeGroupChangeEvent{groupId: 4, volumeIndex: 0, muted: false, flags: 0}
10-22 12:24:55.724  1795  1829 V AudioVolumeChangeHandler: onAudioVolumeGroupChanged volumeEvent=AudioVolumeGroupChangeEvent{groupId: 4, volumeIndex: 0, muted: false, flags: 0}
10-22 12:24:55.725  1795  1829 V AudioVolumeChangeHandler: onAudioVolumeGroupChanged volumeEvent=AudioVolumeGroupChangeEvent{groupId: 4, volumeIndex: 0, muted: false, flags: 0}
10-22 12:24:55.726  1795  1829 V AudioVolumeChangeHandler: onAudioVolumeGroupChanged volumeEvent=AudioVolumeGroupChangeEvent{groupId: 4, volumeIndex: 0, muted: false, flags: 0}
10-22 12:24:55.729  1795  1829 V AudioVolumeChangeHandler: onAudioVolumeGroupChanged volumeEvent=AudioVolumeGroupChangeEvent{groupId: 4, volumeIndex: 0, muted: false, flags: 0}
10-22 12:24:55.729  1795  1829 V AudioVolumeChangeHandler: onAudioVolumeGroupChanged volumeEvent=AudioVolumeGroupChangeEvent{groupId: 4, volumeIndex: 0, muted: false, flags: 0}
10-22 12:24:55.732  1795  5095 V AudioVolumeChangeHandler: onAudioVolumeGroupChanged volumeEvent=AudioVolumeGroupChangeEvent{groupId: 10, volumeIndex: 0, muted: false, flags: 0}
10-22 12:24:55.733  1795  5095 V AudioVolumeChangeHandler: onAudioVolumeGroupChanged volumeEvent=AudioVolumeGroupChangeEvent{groupId: 10, volumeIndex: 0, muted: false, flags: 0}
10-22 12:24:55.734  1795  1829 V AudioVolumeChangeHandler: onAudioVolumeGroupChanged volumeEvent=AudioVolumeGroupChangeEvent{groupId: 10, volumeIndex: 0, muted: false, flags: 0}
10-22 12:24:55.734  1795  1829 V AudioVolumeChangeHandler: onAudioVolumeGroupChanged volumeEvent=AudioVolumeGroupChangeEvent{groupId: 10, volumeIndex: 0, muted: false, flags: 0}
10-22 12:24:55.735  1795  1829 V AudioVolumeChangeHandler: onAudioVolumeGroupChanged volumeEvent=AudioVolumeGroupChangeEvent{groupId: 10, volumeIndex: 0, muted: false, flags: 0}
10-22 12:24:55.735  1795  1829 V AudioVolumeChangeHandler: onAudioVolumeGroupChanged volumeEvent=AudioVolumeGroupChangeEvent{groupId: 10, volumeIndex: 0, muted: false, flags: 0}
10-22 12:24:55.735  1795  1829 V AudioVolumeChangeHandler: onAudioVolumeGroupChanged volumeEvent=AudioVolumeGroupChangeEvent{groupId: 10, volumeIndex: 0, muted: false, flags: 0}
10-22 12:24:55.735  1795  1829 V AudioVolumeChangeHandler: onAudioVolumeGroupChanged volumeEvent=AudioVolumeGroupChangeEvent{groupId: 10, volumeIndex: 0, muted: false, flags: 0}
10-22 12:24:55.735  1795  1829 V AudioVolumeChangeHandler: onAudioVolumeGroupChanged volumeEvent=AudioVolumeGroupChangeEvent{groupId: 10, volumeIndex: 0, muted: false, flags: 0}
10-22 12:24:55.735  1795  1829 V AudioVolumeChangeHandler: onAudioVolumeGroupChanged volumeEvent=AudioVolumeGroupChangeEvent{groupId: 10, volumeIndex: 0, muted: false, flags: 0}
10-22 12:24:55.736  1795  1829 V AudioVolumeChangeHandler: onAudioVolumeGroupChanged volumeEvent=AudioVolumeGroupChangeEvent{groupId: 10, volumeIndex: 0, muted: false, flags: 0}
10-22 12:24:55.738  1795  1829 V AudioVolumeChangeHandler: onAudioVolumeGroupChanged volumeEvent=AudioVolumeGroupChangeEvent{groupId: 10, volumeIndex: 0, muted: false, flags: 0}
10-22 12:24:55.738  1795  1829 V AudioVolumeChangeHandler: onAudioVolumeGroupChanged volumeEvent=AudioVolumeGroupChangeEvent{groupId: 11, volumeIndex: 0, muted: false, flags: 0}
10-22 12:24:55.739  1795  1829 V AudioVolumeChangeHandler: onAudioVolumeGroupChanged volumeEvent=AudioVolumeGroupChangeEvent{groupId: 11, volumeIndex: 0, muted: false, flags: 0}
10-22 12:24:55.739  1795  1829 V AudioVolumeChangeHandler: onAudioVolumeGroupChanged volumeEvent=AudioVolumeGroupChangeEvent{groupId: 11, volumeIndex: 0, muted: false, flags: 0}
10-22 12:24:55.740  1795  1829 V AudioVolumeChangeHandler: onAudioVolumeGroupChanged volumeEvent=AudioVolumeGroupChangeEvent{groupId: 11, volumeIndex: 0, muted: false, flags: 0}
10-22 12:24:55.740  1795  1829 V AudioVolumeChangeHandler: onAudioVolumeGroupChanged volumeEvent=AudioVolumeGroupChangeEvent{groupId: 11, volumeIndex: 0, muted: false, flags: 0}
10-22 12:24:55.740  1795  1829 V AudioVolumeChangeHandler: onAudioVolumeGroupChanged volumeEvent=AudioVolumeGroupChangeEvent{groupId: 11, volumeIndex: 0, muted: false, flags: 0}
10-22 12:24:55.741  1795  1829 V AudioVolumeChangeHandler: onAudioVolumeGroupChanged volumeEvent=AudioVolumeGroupChangeEvent{groupId: 11, volumeIndex: 0, muted: false, flags: 0}
10-22 12:24:55.742  1795  1829 V AudioVolumeChangeHandler: onAudioVolumeGroupChanged volumeEvent=AudioVolumeGroupChangeEvent{groupId: 11, volumeIndex: 0, muted: false, flags: 0}
10-22 12:24:55.743  1795  1829 V AudioVolumeChangeHandler: onAudioVolumeGroupChanged volumeEvent=AudioVolumeGroupChangeEvent{groupId: 11, volumeIndex: 0, muted: false, flags: 0}
10-22 12:24:55.743  1795  1829 V AudioVolumeChangeHandler: onAudioVolumeGroupChanged volumeEvent=AudioVolumeGroupChangeEvent{groupId: 11, volumeIndex: 0, muted: false, flags: 0}
10-22 12:24:55.744  1795  1829 V AudioVolumeChangeHandler: onAudioVolumeGroupChanged volumeEvent=AudioVolumeGroupChangeEvent{groupId: 11, volumeIndex: 0, muted: false, flags: 0}
10-22 12:24:55.745  1795  1829 V AudioVolumeChangeHandler: onAudioVolumeGroupChanged volumeEvent=AudioVolumeGroupChangeEvent{groupId: 11, volumeIndex: 0, muted: false, flags: 0}
10-22 12:24:55.745  1795  1829 V AudioVolumeChangeHandler: onAudioVolumeGroupChanged volumeEvent=AudioVolumeGroupChangeEvent{groupId: 12, volumeIndex: 0, muted: false, flags: 0}
10-22 12:24:55.746  1795  1829 V AudioVolumeChangeHandler: onAudioVolumeGroupChanged volumeEvent=AudioVolumeGroupChangeEvent{groupId: 12, volumeIndex: 0, muted: false, flags: 0}
10-22 12:24:55.748  1795  1829 V AudioVolumeChangeHandler: onAudioVolumeGroupChanged volumeEvent=AudioVolumeGroupChangeEvent{groupId: 12, volumeIndex: 0, muted: false, flags: 0}
10-22 12:24:55.748  1795  1829 V AudioVolumeChangeHandler: onAudioVolumeGroupChanged volumeEvent=AudioVolumeGroupChangeEvent{groupId: 12, volumeIndex: 0, muted: false, flags: 0}
10-22 12:24:55.749  1795  5095 V AudioVolumeChangeHandler: onAudioVolumeGroupChanged volumeEvent=AudioVolumeGroupChangeEvent{groupId: 12, volumeIndex: 0, muted: false, flags: 0}
10-22 12:24:55.749  1795  5095 V AudioVolumeChangeHandler: onAudioVolumeGroupChanged volumeEvent=AudioVolumeGroupChangeEvent{groupId: 12, volumeIndex: 0, muted: false, flags: 0}
10-22 12:24:55.750  1795  5095 V AudioVolumeChangeHandler: onAudioVolumeGroupChanged volumeEvent=AudioVolumeGroupChangeEvent{groupId: 12, volumeIndex: 0, muted: false, flags: 0}
10-22 12:24:55.750  1795  5095 V AudioVolumeChangeHandler: onAudioVolumeGroupChanged volumeEvent=AudioVolumeGroupChangeEvent{groupId: 12, volumeIndex: 0, muted: false, flags: 0}
10-22 12:24:55.751  1795  1829 V AudioVolumeChangeHandler: onAudioVolumeGroupChanged volumeEvent=AudioVolumeGroupChangeEvent{groupId: 12, volumeIndex: 0, muted: false, flags: 0}
10-22 12:24:55.752  1795  1829 V AudioVolumeChangeHandler: onAudioVolumeGroupChanged volumeEvent=AudioVolumeGroupChangeEvent{groupId: 12, volumeIndex: 0, muted: false, flags: 0}
10-22 12:24:55.753  1795  1829 V AudioVolumeChangeHandler: onAudioVolumeGroupChanged volumeEvent=AudioVolumeGroupChangeEvent{groupId: 12, volumeIndex: 0, muted: false, flags: 0}
10-22 12:24:55.754  1795  5095 V AudioVolumeChangeHandler: onAudioVolumeGroupChanged volumeEvent=AudioVolumeGroupChangeEvent{groupId: 12, volumeIndex: 0, muted: false, flags: 0}
10-22 12:24:55.824  1795  5095 I AppsFilter: interaction: PackageSetting{b2cfb8d com.example.mobiledigger/10623} -> PackageSetting{3eb848 com.dropbox.android/10494} BLOCKED
10-22 12:24:55.824  1795  5095 I AppsFilter: interaction: PackageSetting{b2cfb8d com.example.mobiledigger/10623} -> PackageSetting{68a96e1 com.anydesk.anydeskandroid/10320} BLOCKED
10-22 12:24:55.824  1795  5095 I AppsFilter: interaction: PackageSetting{b2cfb8d com.example.mobiledigger/10623} -> PackageSetting{68a96e1 com.anydesk.anydeskandroid/10320} BLOCKED
10-22 12:24:55.824  1795  5095 I AppsFilter: interaction: PackageSetting{b2cfb8d com.example.mobiledigger/10623} -> PackageSetting{dd952c7 com.google.android.documentsui/10090} BLOCKED
10-22 12:24:55.824  1795  5095 I AppsFilter: interaction: PackageSetting{b2cfb8d com.example.mobiledigger/10623} -> PackageSetting{3c374fd com.google.android.apps.docs/10196} BLOCKED
10-22 12:24:56.065  1795  5095 I AppsFilter: interaction: PackageSetting{b2cfb8d com.example.mobiledigger/10623} -> PackageSetting{3eb848 com.dropbox.android/10494} BLOCKED
10-22 12:24:56.065  1795  5095 I AppsFilter: interaction: PackageSetting{b2cfb8d com.example.mobiledigger/10623} -> PackageSetting{68a96e1 com.anydesk.anydeskandroid/10320} BLOCKED
10-22 12:24:56.065  1795  5095 I AppsFilter: interaction: PackageSetting{b2cfb8d com.example.mobiledigger/10623} -> PackageSetting{68a96e1 com.anydesk.anydeskandroid/10320} BLOCKED
10-22 12:24:56.065  1795  5095 I AppsFilter: interaction: PackageSetting{b2cfb8d com.example.mobiledigger/10623} -> PackageSetting{dd952c7 com.google.android.documentsui/10090} BLOCKED
10-22 12:24:56.065  1795  5095 I AppsFilter: interaction: PackageSetting{b2cfb8d com.example.mobiledigger/10623} -> PackageSetting{3c374fd com.google.android.apps.docs/10196} BLOCKED
10-22 12:24:56.092  1795  1829 I AppsFilter: interaction: PackageSetting{b2cfb8d com.example.mobiledigger/10623} -> PackageSetting{3eb848 com.dropbox.android/10494} BLOCKED
10-22 12:24:56.092  1795  1829 I AppsFilter: interaction: PackageSetting{b2cfb8d com.example.mobiledigger/10623} -> PackageSetting{68a96e1 com.anydesk.anydeskandroid/10320} BLOCKED
10-22 12:24:56.092  1795  1829 I AppsFilter: interaction: PackageSetting{b2cfb8d com.example.mobiledigger/10623} -> PackageSetting{68a96e1 com.anydesk.anydeskandroid/10320} BLOCKED
10-22 12:24:56.092  1795  1829 I AppsFilter: interaction: PackageSetting{b2cfb8d com.example.mobiledigger/10623} -> PackageSetting{dd952c7 com.google.android.documentsui/10090} BLOCKED
10-22 12:24:56.092  1795  1829 I AppsFilter: interaction: PackageSetting{b2cfb8d com.example.mobiledigger/10623} -> PackageSetting{3c374fd com.google.android.apps.docs/10196} BLOCKED
10-22 12:24:56.205  1795  5095 I AppsFilter: interaction: PackageSetting{b2cfb8d com.example.mobiledigger/10623} -> PackageSetting{3eb848 com.dropbox.android/10494} BLOCKED
