--------- beginning of main
11-10 15:45:20.801 14050 14050 I MediaPlayerList: sendMediaUpdate: Creating a one item queue for a player with no queue
11-10 15:45:20.801 14050 14050 I bluetooth: system/btif/avrcp/avrcp_service.cc:532 SendMediaUpdate: track_changed=false :  play_state=true :  queue=false
11-10 15:45:20.801  4821  5598 D VLC     : [b40000705be79320/15de] libvlc input: Buffering 55%
11-10 15:45:20.801 14050 14071 W avrcp   : system/profile/avrcp/device.cc:1742 HandlePlayPosUpdate: Device is not registered for play position updates
11-10 15:45:20.802  4821  5598 D VLC     : [b40000705be79320/15de] libvlc input: Buffering 61%
11-10 15:45:20.802  1428  2188 I ASvc::AudioExtension: getDcHandler
11-10 15:45:20.802  4821  5598 D VLC     : [b40000705be79320/15de] libvlc input: Buffering 68%
11-10 15:45:20.802  4821  5598 D VLC     : [b40000705be79320/15de] libvlc input: Buffering 74%
11-10 15:45:20.802  1428  4907 I ASvc::DcHandler: setIsAnyPlaybackActive: true
11-10 15:45:20.803  4821  5598 D VLC     : [b40000705be79320/15de] libvlc input: Buffering 80%
11-10 15:45:20.803  4821  5598 D VLC     : [b40000705be79320/15de] libvlc input: Buffering 86%
11-10 15:45:20.803  4821  5598 D VLC     : [b40000705be79320/15de] libvlc input: Buffering 92%
11-10 15:45:20.803  4821  5598 D VLC     : [b40000705be79320/15de] libvlc input: Buffering 99%
11-10 15:45:20.804 14050 14050 I MediaPlayerList: sendMediaUpdate: Creating a one item queue for a player with no queue
11-10 15:45:20.804 14050 14050 W MediaControlGattService: Feature PLAYBACK_SPEED support: true
11-10 15:45:20.804 14050 14050 W MediaControlGattService: Feature PLAYBACK_SPEED support: true
11-10 15:45:20.804 14050 14050 W MediaControlGattService: Feature PLAYBACK_SPEED support: true
11-10 15:45:20.804 14050 14050 W MediaControlGattService: Feature TRACK_POSITION support: true
11-10 15:45:20.804 14050 14050 W MediaControlGattService: Feature TRACK_POSITION_NOTIFY support: true
11-10 15:45:20.804 14050 14050 W MediaControlGattService: Feature MEDIA_STATE support: true
11-10 15:45:20.804 14050 14050 W MediaControlGattService: Feature MEDIA_STATE support: true
11-10 15:45:20.804  4821  5598 D VLC     : [b40000705be79320/15de] libvlc input: Stream buffering done (1578 ms in 5 ms)
11-10 15:45:20.804  4821  5598 D VLC     : [b40000705be79320/15de] libvlc input: Decoder wait done in 0 ms
11-10 15:45:20.804  4488  4488 I Dtdi    : (REDACTED) [MediaControllerFilter] packageName=%s resolved=%s
11-10 15:45:20.805  4488  4488 I Dtdi    : (REDACTED) [MediaControllerFilter] packageName=%s resolved=%s
11-10 15:45:20.805  4488  4488 I Dtdi    : (REDACTED) [MediaControllerFilter] packageName=%s resolved=%s
11-10 15:45:20.805  4488  4488 I Dtdi    : (REDACTED) [MediaControllerFilter] packageName=%s resolved=%s
11-10 15:45:20.806 14050 14050 I BluetoothAdapterProperties: getBondedDevices: length=11
11-10 15:45:20.806  1431  2167 W USF     : USF_API: Drop flicker data, cannot find sampling_id:84682!
11-10 15:45:20.806 14050 14050 W MediaControlGattService: Feature PLAYER_NAME support: true
11-10 15:45:20.806 14050 14050 W MediaControlGattService: Feature PLAYER_NAME support: true
11-10 15:45:20.806 14050 14050 W MediaControlGattService: Feature MEDIA_CONTROL_POINT_OPCODES_SUPPORTED support: true
11-10 15:45:20.806 14050 14050 W MediaControlGattService: Feature MEDIA_STATE support: true
11-10 15:45:20.806 14050 14050 W MediaControlGattService: Feature MEDIA_STATE support: true
11-10 15:45:20.806 14050 14050 W MediaControlGattService: Feature SEEKING_SPEED support: true
11-10 15:45:20.806 14050 14050 W MediaControlGattService: Feature SEEKING_SPEED support: true
11-10 15:45:20.806 14050 14050 W MediaControlGattService: Feature SEEKING_SPEED support: true
11-10 15:45:20.807 14050 14050 I MediaPlayerList: onMediaKeyEventSessionChanged: token=com.example.mobiledigger
11-10 15:45:20.807 14050 14050 W MediaPlayerList: com.example.mobiledigger is already the active player
11-10 15:45:20.808 14050 14050 I MediaPlayerList: onMediaKeyEventSessionChanged: token=com.example.mobiledigger
11-10 15:45:20.808 14050 14050 W MediaPlayerList: com.example.mobiledigger is already the active player
11-10 15:45:20.809 14050 14050 I MediaPlayerList: sendMediaUpdate: Creating a one item queue for a player with no queue
11-10 15:45:20.809 14050 14050 W MediaControlGattService: Feature PLAYER_NAME support: true
11-10 15:45:20.809 14050 14050 W MediaControlGattService: Feature PLAYER_NAME support: true
11-10 15:45:20.809 14050 14050 W MediaControlGattService: Feature MEDIA_STATE support: true
11-10 15:45:20.811 14050 14050 I MediaPlayerList: sendMediaUpdate: Creating a one item queue for a player with no queue
11-10 15:45:20.811 14050 14050 I bluetooth: system/btif/avrcp/avrcp_service.cc:532 SendMediaUpdate: track_changed=false :  play_state=false :  queue=false
11-10 15:45:20.816  1431  2167 W USF     : USF_API: Drop flicker data, cannot find sampling_id:84682!
11-10 15:45:20.817  8413  8413 I ForwardBroadcastListene: Receive forward intent: com.google.android.apps.pixel.dcservice.monitor.ACTION_MONITOR_MEDIA_PLAYBACK_STOPPED
11-10 15:45:20.818  8413  8413 I PowerSavingModeHandler: onReceive ACTION_MONITOR_MEDIA_PLAYBACK_STOPPED
11-10 15:45:20.820  8413 16357 I PowerSavingModeHandler: shouldSwitchCodecToLowPower, isPowerSaveMode=false
11-10 15:45:20.821  8413 16357 I PowerSavingModeHandler: maybeSwitchCodecForLeavingLowPower, no configured device
11-10 15:45:20.821  8413 16357 I PowerSavingModeHandler: maybeSwitchCodec completed
11-10 15:45:20.825  1431  2167 W USF     : USF_API: Drop flicker data, cannot find sampling_id:84682!
11-10 15:45:20.836  1431  2167 W USF     : USF_API: Drop flicker data, cannot find sampling_id:84682!
11-10 15:45:20.846  1431  2167 W USF     : USF_API: Drop flicker data, cannot find sampling_id:84682!
11-10 15:45:20.848  1432  1491 D CHRE.HAL: Received a nanoapp message from 0x476f6f676c001022 endpoint 0x8082: Type 0x3 size 8 
11-10 15:45:20.848  1452  2078 I suez-nanoapp-clients: Barometric peak detected: magnitude = 0.130887 hPa (bucket: 3), duration = 40.000000 ms (bucket: 3).
11-10 15:45:20.848  1452  2078 I suez-nanoapp-clients: Vendor atom [id = 100047] reported.
11-10 15:45:20.849  1432  1491 I CHRE    : @ 551588.156: [ip] Peak detected: magnitude = 0.130887 hpa, duration = 40.000000 ms
11-10 15:45:20.856  1431  2167 W USF     : USF_API: Drop flicker data, cannot find sampling_id:84682!
11-10 15:45:20.866  1431  2167 W USF     : USF_API: Drop flicker data, cannot find sampling_id:84682!
11-10 15:45:20.876  1431  2167 W USF     : USF_API: Drop flicker data, cannot find sampling_id:84682!
11-10 15:45:20.885  1431  2167 W USF     : USF_API: Drop flicker data, cannot find sampling_id:84682!
11-10 15:45:20.888  4821  5601 W VLC     : [b400006f8be774a0/15e1] libvlc audio output: playback too early (-99536): down-sampling
11-10 15:45:20.895  1431  2167 W USF     : USF_API: Drop flicker data, cannot find sampling_id:84682!
--------- beginning of system
11-10 15:45:20.896  1884  2086 V Configuration: Updating configuration, locales updated from [] to [en_US_#u-mu-celsius,ro_RO_#u-mu-celsius]
11-10 15:45:20.900  1884  2086 I PackageManager: Update package com.example.mobiledigger code path from /data/app/~~Pm1-dcRAP6RxznVhWO673Q==/com.example.mobiledigger-JD0nnaZFkNdqf2iolFAlNw== to /data/app/vmdl1037437252.tmp; Retain data and using new
11-10 15:45:20.905  1431  2167 W USF     : USF_API: Drop flicker data, cannot find sampling_id:84682!
11-10 15:45:20.915  1431  2167 W USF     : USF_API: Drop flicker data, cannot find sampling_id:84682!
11-10 15:45:20.924  1431  2167 W USF     : USF_API: Drop flicker data, cannot find sampling_id:84682!
11-10 15:45:20.934  1431  2167 W USF     : USF_API: Drop flicker data, cannot find sampling_id:84682!
11-10 15:45:20.944  1431  2167 W USF     : USF_API: Drop flicker data, cannot find sampling_id:84682!
11-10 15:45:20.954  1431  2167 W USF     : USF_API: Drop flicker data, cannot find sampling_id:84682!
11-10 15:45:20.964  1431  2167 W USF     : USF_API: Drop flicker data, cannot find sampling_id:84682!
11-10 15:45:20.973  1431  2167 W USF     : USF_API: Drop flicker data, cannot find sampling_id:84682!
11-10 15:45:20.983  1431  2167 W USF     : USF_API: Drop flicker data, cannot find sampling_id:84682!
11-10 15:45:20.993  1431  2167 W USF     : USF_API: Drop flicker data, cannot find sampling_id:84682!
11-10 15:45:21.004  1431  2167 W USF     : USF_API: Drop flicker data, cannot find sampling_id:84682!
11-10 15:45:21.013  1431  2167 W USF     : USF_API: Drop flicker data, cannot find sampling_id:84682!
11-10 15:45:21.013  1428  2117 D BTAudioSessionAidl: GetSupportedLatencyModes - Supported LatencyMode= FREE
11-10 15:45:21.023  1431  2167 W USF     : USF_API: Drop flicker data, cannot find sampling_id:84682!
11-10 15:45:21.033  1431  2167 W USF     : USF_API: Drop flicker data, cannot find sampling_id:84682!
11-10 15:45:21.043  1431  2167 W USF     : USF_API: Drop flicker data, cannot find sampling_id:84682!
11-10 15:45:21.053  1431  2167 W USF     : USF_API: Drop flicker data, cannot find sampling_id:84682!
11-10 15:45:21.063  1431  2167 W USF     : USF_API: Drop flicker data, cannot find sampling_id:84682!
11-10 15:45:21.075  1431  2167 W USF     : USF_API: Drop flicker data, cannot find sampling_id:84682!
11-10 15:45:21.077  5856  5856 I artd    : Starting artd
11-10 15:45:21.080  5856  5856 I libbinder.AidlLazyServiceRegistrar: Registering service artd
11-10 15:45:21.083  5856  5856 I libbinder.AidlLazyServiceRegistrar: Process has 1 (of 1 available) client(s) in use after notification artd has clients: 1
11-10 15:45:21.083  1431  2167 W USF     : USF_API: Drop flicker data, cannot find sampling_id:84682!
11-10 15:45:21.093  1431  2167 W USF     : USF_API: Drop flicker data, cannot find sampling_id:84682!
11-10 15:45:21.103  1431  2167 W USF     : USF_API: Drop flicker data, cannot find sampling_id:84682!
11-10 15:45:21.110  1884  2086 I AppsFilter: interaction: PackageSetting{5f837ce com.musicpay.app/10575} -> PackageSetting{1ff5ad5 com.example.mobiledigger/10658} BLOCKED
11-10 15:45:21.111  1884  2086 I AppsFilter: interaction: PackageSetting{cd5e04 com.google.android.microdroid.empty_payload/10252} -> PackageSetting{1ff5ad5 com.example.mobiledigger/10658} BLOCKED
11-10 15:45:21.112  1884  2086 I AppsFilter: interaction: PackageSetting{5f837ce com.musicpay.app/10575} -> PackageSetting{189b158 com.example.mobiledigger/10658} BLOCKED
11-10 15:45:21.113  1884  2086 I AppsFilter: interaction: PackageSetting{cd5e04 com.google.android.microdroid.empty_payload/10252} -> PackageSetting{189b158 com.example.mobiledigger/10658} BLOCKED
11-10 15:45:21.113  1431  2167 W USF     : USF_API: Drop flicker data, cannot find sampling_id:84682!
11-10 15:45:21.123  1431  2167 W USF     : USF_API: Drop flicker data, cannot find sampling_id:84682!
11-10 15:45:21.133  1431  2167 W USF     : USF_API: Drop flicker data, cannot find sampling_id:84682!
11-10 15:45:21.143  1431  2167 W USF     : USF_API: Drop flicker data, cannot find sampling_id:84682!
11-10 15:45:21.153  1431  2167 W USF     : USF_API: Drop flicker data, cannot find sampling_id:84682!
11-10 15:45:21.163  1431  2167 W USF     : USF_API: Drop flicker data, cannot find sampling_id:84682!
11-10 15:45:21.173  1431  2167 W USF     : USF_API: Drop flicker data, cannot find sampling_id:84682!
11-10 15:45:21.178  1884  1994 I ActivityManager: Force stopping com.example.mobiledigger appid=10658 user=-1: installPackageLI
11-10 15:45:21.181  1884  2086 I PackageManager: installation completed for package:com.example.mobiledigger. Final code path: /data/app/~~Z63yIF_xoY6vEvFmqWkOZw==/com.example.mobiledigger-GQgnLKTEjuh_XC_xkYACuQ==
11-10 15:45:21.183  1431  2167 W USF     : USF_API: Drop flicker data, cannot find sampling_id:84682!
11-10 15:45:21.183  1884  2086 I AppsFilter: interaction: PackageSetting{a5ee96d com.musicpay.app/10575} -> PackageSetting{df45a9f com.example.mobiledigger/10658} BLOCKED
11-10 15:45:21.183  1884  2086 I AppsFilter: interaction: PackageSetting{e2f6633 com.google.android.microdroid.empty_payload/10252} -> PackageSetting{df45a9f com.example.mobiledigger/10658} BLOCKED
11-10 15:45:21.190  1884  1994 I ActivityManager: Killing 4886:com.example.mobiledigger:music/u0a658 (adj 200): stop com.example.mobiledigger due to installPackageLI
11-10 15:45:21.193  1431  2167 W USF     : USF_API: Drop flicker data, cannot find sampling_id:84682!
11-10 15:45:21.200  1884  2730 D BackgroundInstallControlService: Package event received: 0
11-10 15:45:21.203  1431  2167 W USF     : USF_API: Drop flicker data, cannot find sampling_id:84682!
11-10 15:45:21.205  1884  1994 I ActivityManager: Killing 4821:com.example.mobiledigger:main/u0a658 (adj 0): stop com.example.mobiledigger due to installPackageLI
11-10 15:45:21.209  1622 19829 I ResourceManagerMetrics: onProcessTerminated: Application/Process(4821:10658) terminated with reason: 1. TotalClientsCreated: 24655  TotalClientsKilled: 366
11-10 15:45:21.209  1622 19829 I ResourceManagerMetrics: pushCodecUsageMetrics: No Video Codec Entry for Application[pid(4821): uid(10658)]
11-10 15:45:21.209  1622 19829 I ResourceManagerMetrics: pushCodecUsageMetrics: Concurrent Codec Usage Report for the Process[pid(4821): uid(10658) is Ended] is Peak { AudioDec[ SW: 6 ] } Peak Pixels: 0. Peak Codec Memory: 0 Total Codecs: 24655 Killed Codec: 366
11-10 15:45:21.211  1884  1953 D HintManagerService: Uid gone for 10658
11-10 15:45:21.211   893   893 W powerhal-libperfmgr: sched_setattr failed for thread 4859, err=3
11-10 15:45:21.211   893   893 W powerhal-libperfmgr: sched_setattr failed for thread 4863, err=3
11-10 15:45:21.211   893   893 W powerhal-libperfmgr: sched_setattr failed for thread 4846, err=3
11-10 15:45:21.213  1431  2167 W USF     : USF_API: Drop flicker data, cannot find sampling_id:84682!
11-10 15:45:21.216  1884  1994 W ActivityTaskManager: Force removing ActivityRecord{232453230 u0 com.example.mobiledigger/.MainActivity t51335 f}}: app died, no saved state
11-10 15:45:21.218  2772  2810 V WindowManagerShell: Transition requested (#12951): android.os.BinderProxy@d55f66d TransitionRequestInfo { type = CLOSE, triggerTask = TaskInfo{userId=0 taskId=51335 effectiveUid=10658 displayId=0 isRunning=false baseIntent=Intent { act=android.intent.action.MAIN cat=[android.intent.category.LAUNCHER] flg=0x10200000 pkg=com.example.mobiledigger cmp=com.example.mobiledigger/.MainActivity } baseActivity=null topActivity=null origActivity=null realActivity=ComponentInfo{com.example.mobiledigger/com.example.mobiledigger.MainActivity} numActivities=0 lastActiveTime=551575254 supportsMultiWindow=true resizeMode=1 isResizeable=true minWidth=-1 minHeight=-1 defaultMinSize=220 token=WCT{android.os.BinderProxy@8c5dcc8} topActivityType=1 pictureInPictureParams=null shouldDockBigOverlays=false launchIntoPipHostTaskId=-1 lastParentTaskIdBeforePip=-1 displayCutoutSafeInsets=Rect(0, 0 - 0, 0) topActivityInfo=null launchCookies=[android.os.BinderProxy@a916900] positionInParent=Point(0, 0) parentTaskId=-1 isFocused=true isVisible=true isVisibleRequested=true isTopActivityNoDisplay=false isSleeping=false locusId=null displayAreaFeatureId=1 isTopActivityTransparent=false isActivityStackTransparent=true lastNonFullscreenBounds=Rect(261, 651 - 748, 1659) capturedLink=null capturedLinkTimestamp=0 requestedVisibleTypes=-9 topActivityRequestOpenInBrowserEducationTimestamp=0 appCompatTaskInfo=AppCompatTaskInfo { topActivityInSizeCompat=false eligibleForLetterboxEducation= false isLetterboxEducationEnabled= false isLetterboxDoubleTapEnabled= false eligibleForUserAspectRatioButton= false topActivityBoundsLetterboxed= false isFromLetterboxDoubleTap= false topActivityLetterboxVerticalPosition= -1 topActivityLetterboxHorizontalPosition= -1 topActivityLetterboxWidth=-1 topActivityLetterboxHeight=-1 topActivityAppBounds=Rect(0, 0 - 0, 0) isUserFullscreenOverrideEnabled=false isSystemFullscreenOverrideEnabled=false hasMinAspectRatioOverride=false topActivityLetterboxBounds=null cameraCompatTaskInfo=CameraCompatTaskInfo { freeformCameraCompatMode=undefined0} topNonResizableActivityAspectRatio=-1.0} topActivityMainWindowFrame=null isAppBubble=false}, pipChange = null, remoteTransition = null, displayChange = null, flags = 0, debugId = 12951 }
11-10 15:45:21.221  1884  2730 D BackgroundInstallControlService: Package event received: 0
11-10 15:45:21.222   759   850 I libbinder.BpBinder: onLastStrongRef automatically unlinking death recipients: 
11-10 15:45:21.223  1431  2167 W USF     : USF_API: Drop flicker data, cannot find sampling_id:84682!
11-10 15:45:21.229  1431  2167 W USF     : USF_API: Drop sample report, cannot find sampling_id:84682
11-10 15:45:21.232  1431  2167 W USF     : USF_API: Drop flicker data, cannot find sampling_id:84682!
11-10 15:45:21.240 12933 12933 D BaseActivity: Launcher flags updated: [state_started] +[state_started]
11-10 15:45:21.240  1884  1994 V WindowManager: Defer transition id=12951 for TaskFragmentTransaction=android.os.Binder@236e7b5
11-10 15:45:21.240  1884  1994 V WindowManager: deferTransitionReady deferReadyDepth=1 stack=com.android.server.wm.TransitionController.deferTransitionReady:1014 com.android.server.wm.TaskFragmentOrganizerController$TaskFragmentOrganizerState.dispatchTransaction:508 com.android.server.wm.TaskFragmentOrganizerController.dispatchPendingEvents:1250 com.android.server.wm.TaskFragmentOrganizerController.dispatchPendingEvents:1219 com.android.server.wm.RootWindowContainer.performSurfacePlacementNoTrace:808 
11-10 15:45:21.242 12933 12933 D BaseActivity: Launcher flags updated: [state_started|state_resumed|state_user_active] +[state_resumed|state_user_active]
11-10 15:45:21.242  1431  2167 W USF     : USF_API: Drop flicker data, cannot find sampling_id:84682!
11-10 15:45:21.244 12933 12933 D BaseActivity: Launcher flags updated: [state_started|state_resumed|state_deferred_resumed|state_user_active] +[state_deferred_resumed]
11-10 15:45:21.244 12933 12933 D StatsLog: LAUNCHER_ONRESUME
11-10 15:45:21.244 12933 12933 D NexusLauncherModelDelegate: notifySmartspaceEvent: SmartspaceTargetEvent{mSmartspaceTarget=null, mSmartspaceActionId='null', mEventType=6}
11-10 15:45:21.245  2772  2810 D WindowManagerShell: setLauncherKeepClearAreaHeight: visible=true, height=345
11-10 15:45:21.248  1884  2730 D BackgroundInstallControlService: Package event received: 0
11-10 15:45:21.252  1431  2167 W USF     : USF_API: Drop flicker data, cannot find sampling_id:84682!
11-10 15:45:21.253  1428  2117 D BTAudioSessionAidl: GetSupportedLatencyModes - Supported LatencyMode= FREE
11-10 15:45:21.253 12933 12933 D BaseDepthController: setSurface:
11-10 15:45:21.253 12933 12933 D BaseDepthController: 	mWaitingOnSurfaceValidity: false
11-10 15:45:21.253 12933 12933 D BaseDepthController: 	mBaseSurface: Surface(name=com.google.android.apps.nexuslauncher/com.google.android.apps.nexuslauncher.NexusLauncherActivity)/@0x828e58a
11-10 15:45:21.253 12933 12933 V BaseDepthController: Applying blur: 0 to Surface(name=com.google.android.apps.nexuslauncher/com.google.android.apps.nexuslauncher.NexusLauncherActivity)/@0x828e58a
11-10 15:45:21.254  1884  2086 I ActivityManager: Force stopping com.example.mobiledigger appid=10658 user=0: pkg removed
11-10 15:45:21.254  1884  2086 I WindowManager:   Force removing ActivityRecord{232453230 u0 com.example.mobiledigger/.MainActivity t51335 f} isExiting}
11-10 15:45:21.254  1884  2086 W WindowManager: removeAppToken: Attempted to remove non-existing token: Token{350839c ActivityRecord{232453230 u0 com.example.mobiledigger/.MainActivity t51335 f} isExiting}}
11-10 15:45:21.256  1884  5666 W ParceledListSlice: Element #6 is 18768 bytes.
11-10 15:45:21.258  1884  2730 D BackgroundInstallControlService: Package event received: 0
11-10 15:45:21.261 12933 12933 I NotificationListener: Handling notification state refresh for com.reddit.frontpage#0
11-10 15:45:21.261 12933 12933 I NotificationListener: Handling notification state refresh for com.google.android.youtube#0
11-10 15:45:21.261 12933 12933 I NotificationListener: Handling notification state refresh for com.revolut.revolut#0
11-10 15:45:21.261 12933 12933 I NotificationListener: Handling notification state refresh for com.google.android.gm#0
11-10 15:45:21.262 12933 12955 D QuickstepModelDelegate: notifyAppTargetEvent action=1 launchLocation=workspace/0/[-1,-1]/[1,1]
11-10 15:45:21.262  1431  2167 W USF     : USF_API: Drop flicker data, cannot find sampling_id:84682!
11-10 15:45:21.265  1884  5668 I MediaSessionStack: removeSession | record: com.example.mobiledigger/MobileDigger/1012 (userId=0)
11-10 15:45:21.265  1884  5668 D MediaSessionService: Media button session is changed to null
11-10 15:45:21.265  1884  5668 D MediaSessionService: destroySessionLocked: record=com.example.mobiledigger/MobileDigger/1012 (userId=0)
11-10 15:45:21.266  1884  2440 I MediaSessionStack: removeSession | record: com.example.mobiledigger/androidx.media3.session.id./1011 (userId=0)
11-10 15:45:21.266  1884  2440 D MediaSessionService: destroySessionLocked: record=com.example.mobiledigger/androidx.media3.session.id./1011 (userId=0)
11-10 15:45:21.266  1884  2721 D MediaSessionService: setFgsIfNoSessionIsLinkedToNotification: record=com.example.mobiledigger/MobileDigger/1012 (userId=0)
11-10 15:45:21.266  1884  1998 I libprocessgroup: Removed cgroup /sys/fs/cgroup/apps/uid_10658/pid_4886
11-10 15:45:21.267  1695  1695 I adbd    : Remote process closed the socket (on MSG_PEEK)
11-10 15:45:21.267 12933 12933 I NotificationListener: received notification removed event - com.example.mobiledigger#UserHandle{0},category=-1
11-10 15:45:21.267 14050 14050 I MediaPlayerList: onMediaKeyEventSessionChanged: packageName=com.example.mobiledigger
11-10 15:45:21.267 14050 14050 W MediaPlayerList: com.example.mobiledigger is already the active player
11-10 15:45:21.268  1884  5665 V WindowManager: Continue transition id=12951 for TaskFragmentTransaction=android.os.Binder@236e7b5
11-10 15:45:21.268  1884  5665 V WindowManager: continueTransitionReady deferReadyDepth=0 stack=com.android.server.wm.TransitionController.continueTransitionReady:1023 com.android.server.wm.TaskFragmentOrganizerController$TaskFragmentOrganizerState.onTransactionFinished:537 com.android.server.wm.TaskFragmentOrganizerController.onTransactionHandled:731 android.window.ITaskFragmentOrganizerController$Stub.onTransact:225 android.os.Binder.execTransactInternal:1441 
11-10 15:45:21.269  1408  1408 I Zygote  : Process 4886 exited due to signal 9 (Killed)
11-10 15:45:21.269  2772  2975 D WallpaperService: onVisibilityChanged(true): com.android.systemui.wallpapers.ImageWallpaper$CanvasEngine@c383e1a
11-10 15:45:21.271  1884  2440 W MediaSessionRecord: Ignoring call to destroyed session
11-10 15:45:21.271  1884  5665 W MediaSessionRecord: Ignoring call to destroyed session
11-10 15:45:21.272  1431  2167 W USF     : USF_API: Drop flicker data, cannot find sampling_id:84682!
11-10 15:45:21.274  1695  1695 I adbd    : Remote process closed the socket (on MSG_PEEK)
11-10 15:45:21.274  1884  1998 I libprocessgroup: Removed cgroup /sys/fs/cgroup/apps/uid_10658/pid_4821
11-10 15:45:21.275  1428  2188 I AHAL_EffectImpl: command: line283 return with expr mState == State::IDLE
11-10 15:45:21.275  1428  2188 I ASvc::Effect: command (0xb400007609b68910): Dynamics Processing Effect receive command STOP
11-10 15:45:21.275  1428  2188 I EHal::OffloadEffect: Stop (Dynamics Processing Effect): stop
11-10 15:45:21.275  1428  2188 W ASvc::Effect: Stop: no start time, skip end time
11-10 15:45:21.275  1428  2188 I ASvc::Effect: command (0xb400007609b68910): Dynamics Processing Effect current state = IDLE
11-10 15:45:21.275  1884  2730 D BackgroundInstallControlService: Package event received: 0
11-10 15:45:21.275  1408  1408 I Zygote  : Process 4821 exited due to signal 9 (Killed)
11-10 15:45:21.277  1884  2447 V ActivityManager: Got obituary of 4886:com.example.mobiledigger:music
11-10 15:45:21.277  1884  5670 I ImeTracker: com.example.mobiledigger:fd195303: onRequestHide at ORIGIN_SERVER reason HIDE_REMOVE_CLIENT fromUser false
11-10 15:45:21.277  1884  5670 I ImeTracker: com.example.mobiledigger:fd195303: onCancelled at PHASE_SERVER_SHOULD_HIDE
11-10 15:45:21.278  1884  5328 V ActivityManager: Got obituary of 4821:com.example.mobiledigger:main
11-10 15:45:21.279  1428  2188 I AHAL_EffectImpl: command: line283 return with expr mState == State::IDLE
11-10 15:45:21.279  1428  2188 I ASvc::Effect: command (0xb400007609b68910): Dynamics Processing Effect receive command STOP
11-10 15:45:21.279  1428  2188 I EHal::OffloadEffect: Stop (Dynamics Processing Effect): stop
11-10 15:45:21.279  1428  2188 W ASvc::Effect: Stop: no start time, skip end time
11-10 15:45:21.279  1428  2188 I ASvc::Effect: command (0xb400007609b68910): Dynamics Processing Effect current state = IDLE
11-10 15:45:21.280  1884  5328 W MediaSessionRecord: Ignoring call to destroyed session
11-10 15:45:21.281  1428  2188 I AHAL_EffectImpl: DynamicsProcessingV3close
11-10 15:45:21.283  1431  2167 W USF     : USF_API: Drop flicker data, cannot find sampling_id:84682!
11-10 15:45:21.283  1884  3682 W MediaSessionRecord: Ignoring call to destroyed session
11-10 15:45:21.283 12933 13026 D WellbeingModel: Changes in apps: intent = [Intent { act=android.intent.action.PACKAGE_REMOVED dat=package: flg=0x4000010 (has extras) }]
11-10 15:45:21.286  1884  2686 E AppOps  : attributionTag VCN not declared in manifest of android
11-10 15:45:21.287 14050 14050 I MediaPlayerList: onMediaKeyEventSessionChanged: packageName=com.example.mobiledigger
11-10 15:45:21.287 14050 14050 W MediaPlayerList: com.example.mobiledigger is already the active player
11-10 15:45:21.287  2772  2772 D ControlsListingControllerImpl: ServiceConfig reloaded, count: 1
11-10 15:45:21.287  2951  2951 D ServerContainer: uid 10658 is not cached.
11-10 15:45:21.288  1884  4398 E AppOps  : attributionTag  not declared in manifest of com.example.mobiledigger
11-10 15:45:21.288  1884  5666 E AppOps  : attributionTag  not declared in manifest of com.example.mobiledigger
11-10 15:45:21.288  1884  4398 E AppOps  : Operation not started: uid=10658 pkg=com.example.mobiledigger(null) op=CONTROL_AUDIO
11-10 15:45:21.288  1884  5666 E AppOps  : Operation not started: uid=10658 pkg=com.example.mobiledigger(null) op=CONTROL_AUDIO_PARTIAL
11-10 15:45:21.289  1428  2188 I ASvc::Effect: close (0xb400007609b68910): close Dynamics Processing Effect
11-10 15:45:21.290  1428  4907 I ASvc::AudioExtension: getDcHandler
11-10 15:45:21.290  1884  2721 D MediaSessionService: setFgsIfNoSessionIsLinkedToNotification: record=com.example.mobiledigger/androidx.media3.session.id./1011 (userId=0)
11-10 15:45:21.291  1884  3682 W MediaSessionRecord: Ignoring call to destroyed session
11-10 15:45:21.291  2772  4892 V WindowManagerShell: onTransitionReady(transaction=8091719371306)
11-10 15:45:21.292  1884  5659 I WindowManager: WIN DEATH: Window{9d814eb u0 com.example.mobiledigger/com.example.mobiledigger.MainActivity}
11-10 15:45:21.292  1884  5670 W MediaSessionRecord: Ignoring call to destroyed session
11-10 15:45:21.292  1428  2188 E AHAL_EffectImpl: command: line271 return with expr mState == State::INIT
11-10 15:45:21.292  1428  2188 I AHAL_EffectImpl: close: line125 return with expr mState == State::INIT
11-10 15:45:21.292  1428  2188 D AHAL_EffectImpl: destroyEffect DynamicsProcessing instance 0xb400007779b85d30 destroyed
11-10 15:45:21.293  1428  2188 E AHAL_EffectImpl: command: line271 return with expr mState == State::INIT
11-10 15:45:21.293  1428  2188 I AHAL_EffectImpl: close: line125 return with expr mState == State::INIT
11-10 15:45:21.293  1431  2167 W USF     : USF_API: Drop flicker data, cannot find sampling_id:84682!
11-10 15:45:21.293  1428  5916 I ASvc::DcHandler: setIsAnyPlaybackActive: false
11-10 15:45:21.293  1428  5918 I ASvc::OffloadLibrary: DestroyEffect: destroy effect 0xb400007609b68910
11-10 15:45:21.293  1428  5918 I ASvc::Effect: command (0xb400007609b68910): Dynamics Processing Effect receive command RESET
11-10 15:45:21.293  1428  5918 E ASvc::Effect: command (0xb400007609b68910): Dynamics Processing Effect hasn't opened yet
11-10 15:45:21.293  1428  5918 I ASvc::Effect: close (0xb400007609b68910): close Dynamics Processing Effect
11-10 15:45:21.294  2772  2810 D Bubbles : onLocusVisibilityChanged=Overview|DISABLED visible=true taskId=1
11-10 15:45:21.294  2772  2810 V WindowManagerShell: onTransitionReady (#12951) android.os.BinderProxy@d55f66d: {id=12951 t=CLOSE f=0x0 trk=0 r=[0@Point(0, 0)] c=[
11-10 15:45:21.294  2772  2810 V WindowManagerShell:         {m=TO_FRONT f=SHOW_WALLPAPER|MOVE_TO_TOP leash=Surface(name=Task=1)/@0xf9a93fa sb=Rect(0, 0 - 1008, 2244) eb=Rect(0, 0 - 1008, 2244) epz=Point(1008, 2244) d=0 taskParent=-1 winMode=1},
11-10 15:45:21.294  2772  2810 V WindowManagerShell:         {m=CLOSE f=NONE leash=Surface(name=Task=51335)/@0xf7b2c08 sb=Rect(0, 0 - 1008, 2244) eb=Rect(0, 0 - 1008, 2244) epz=Point(1008, 2244) d=0 taskParent=-1 winMode=1},
11-10 15:45:21.294  2772  2810 V WindowManagerShell:         {m=TO_FRONT f=IS_WALLPAPER leash=Surface(name=WallpaperWindowToken{6fc2ee6})/@0x50c5fa1 sb=Rect(0, 0 - 1008, 2244) eb=Rect(0, 0 - 1008, 2244) epz=Point(1008, 2244) d=0}
11-10 15:45:21.294  2772  2810 V WindowManagerShell:     ]}
11-10 15:45:21.294  2772  2810 V WindowManagerShell: Playing animation for (#12951) android.os.BinderProxy@d55f66d@0
11-10 15:45:21.294  1488 17879 E EffectProxy: runWithActiveSubEffect null active sub-effect interface, active Descriptor{common: Common{id: Identity{type: AudioUuid{timeLow: 1918986095, timeMid: 28021, timeHiAndVersion: 29545, clockSeq: 25444, node: [40, 226, 253, 58, 195, 158]}, uuid: AudioUuid{timeLow: -521776229, timeMid: 6017, timeHiAndVersion: 29281, clockSeq: 26479, node: [109, 117, 115, 105, 99, 64]}, proxy: AudioUuid{timeLow: -588245900, timeMid: 35202, timeHiAndVersion: 4588, clockSeq: 43171, node: [2, 66, 172, 18, 0, 2]}}, flags: Flags{type: INSERT, insert: LAST, volume: CTRL, hwAcceleratorMode: NONE, offloadIndication: false, deviceIndication: false, audioModeIndication: false, audioSourceIndication: false, bypass: false, sinkMetadataIndication: false, sourceMetadataIndication: false}, cpuLoad: 0, memoryUsage: 0, name: DynamicsProcessing, implementor: The Android Open Source Project}, capability: Capability{vendorExtension: VendorExtension{extension: AParcelableHolder}, range: Range{dynamicsProcessing: [DynamicsProcessingRange{min: DynamicsPr
11-10 15:45:21.294  1488 17879 W EffectProxy: runWithActiveSubEffectThenOthers active sub-effect return error Status(-4, EX_NULL_POINTER): 'activeSubEffectNull'
11-10 15:45:21.294  1488 17879 W EffectProxy: runWithActiveSubEffectThenOthers null sub-effect interface for AudioUuid{timeLow: 468803255, timeMid: 36681, timeHiAndVersion: 20440, clockSeq: 33664, node: [7, 103, 253, 86, 128, 243]}
11-10 15:45:21.294  2772  2810 V ShellRecents: RecentsTransitionHandler.startAnimation: no controller found
11-10 15:45:21.294  1488 17879 W EffectProxy: runWithAllSubEffects null sub-effect interface Descriptor{common: Common{id: Identity{type: AudioUuid{timeLow: 1918986095, timeMid: 28021, timeHiAndVersion: 29545, clockSeq: 25444, node: [40, 226, 253, 58, 195, 158]}, uuid: AudioUuid{timeLow: -521776229, timeMid: 6017, timeHiAndVersion: 29281, clockSeq: 26479, node: [109, 117, 115, 105, 99, 64]}, proxy: AudioUuid{timeLow: -588245900, timeMid: 35202, timeHiAndVersion: 4588, clockSeq: 43171, node: [2, 66, 172, 18, 0, 2]}}, flags: Flags{type: INSERT, insert: LAST, volume: CTRL, hwAcceleratorMode: NONE, offloadIndication: false, deviceIndication: false, audioModeIndication: false, audioSourceIndication: false, bypass: false, sinkMetadataIndication: false, sourceMetadataIndication: false}, cpuLoad: 0, memoryUsage: 0, name: DynamicsProcessing, implementor: The Android Open Source Project}, capability: Capability{vendorExtension: VendorExtension{extension: AParcelableHolder}, range: Range{dynamicsProcessing: [DynamicsProcessingRange{min: DynamicsProcessing{engineAr
11-10 15:45:21.294  1488 17879 W EffectProxy: runWithAllSubEffects null sub-effect interface Descriptor{common: Common{id: Identity{type: AudioUuid{timeLow: 1918986095, timeMid: 28021, timeHiAndVersion: 29545, clockSeq: 25444, node: [40, 226, 253, 58, 195, 158]}, uuid: AudioUuid{timeLow: 468803255, timeMid: 36681, timeHiAndVersion: 20440, clockSeq: 33664, node: [7, 103, 253, 86, 128, 243]}, proxy: AudioUuid{timeLow: -588245900, timeMid: 35202, timeHiAndVersion: 4588, clockSeq: 43171, node: [2, 66, 172, 18, 0, 2]}}, flags: Flags{type: INSERT, insert: LAST, volume: CTRL, hwAcceleratorMode: TUNNEL, offloadIndication: true, deviceIndication: true, audioModeIndication: false, audioSourceIndication: false, bypass: true, sinkMetadataIndication: false, sourceMetadataIndication: false}, cpuLoad: 0, memoryUsage: 0, name: Dynamics Processing Effect, implementor: Google Pixel}, capability: Capability{vendorExtension: VendorExtension{extension: AParcelableHolder}, range: Range{dynamicsProcessing: [DynamicsProcessingRange{min: DynamicsProcessing{engineArchitecture: E
11-10 15:45:21.295  1488 17879 W EffectProxy: runWithAllSubEffects null sub-effect interface Descriptor{common: Common{id: Identity{type: AudioUuid{timeLow: 1918986095, timeMid: 28021, timeHiAndVersion: 29545, clockSeq: 25444, node: [40, 226, 253, 58, 195, 158]}, uuid: AudioUuid{timeLow: -521776229, timeMid: 6017, timeHiAndVersion: 29281, clockSeq: 26479, node: [109, 117, 115, 105, 99, 64]}, proxy: AudioUuid{timeLow: -588245900, timeMid: 35202, timeHiAndVersion: 4588, clockSeq: 43171, node: [2, 66, 172, 18, 0, 2]}}, flags: Flags{type: INSERT, insert: LAST, volume: CTRL, hwAcceleratorMode: NONE, offloadIndication: false, deviceIndication: false, audioModeIndication: false, audioSourceIndication: false, bypass: false, sinkMetadataIndication: false, sourceMetadataIndication: false}, cpuLoad: 0, memoryUsage: 0, name: DynamicsProcessing, implementor: The Android Open Source Project}, capability: Capability{vendorExtension: VendorExtension{extension: AParcelableHolder}, range: Range{dynamicsProcessing: [DynamicsProcessingRange{min: DynamicsProcessing{engineAr
11-10 15:45:21.295  2772  2810 V WindowManagerShell: Transition doesn't have explicit remote, search filters for match for {id=12951 t=CLOSE f=0x0 trk=0 r=[0@Point(0, 0)] c=[{m=TO_FRONT f=SHOW_WALLPAPER|MOVE_TO_TOP leash=Surface(name=Task=1)/@0xf9a93fa sb=Rect(0, 0 - 1008, 2244) eb=Rect(0, 0 - 1008, 2244) epz=Point(1008, 2244) d=0 taskParent=-1 winMode=1},{m=CLOSE f=NONE leash=Surface(name=Task=51335)/@0xf7b2c08 sb=Rect(0, 0 - 1008, 2244) eb=Rect(0, 0 - 1008, 2244) epz=Point(1008, 2244) d=0 taskParent=-1 winMode=1},{m=TO_FRONT f=IS_WALLPAPER leash=Surface(name=WallpaperWindowToken{6fc2ee6})/@0x50c5fa1 sb=Rect(0, 0 - 1008, 2244) eb=Rect(0, 0 - 1008, 2244) epz=Point(1008, 2244) d=0}]}
11-10 15:45:21.295  1884  2729 D ShortcutService: received package broadcast intent: Intent { act=android.intent.action.PACKAGE_REMOVED dat=package: flg=0x4000010 (has extras) }
11-10 15:45:21.295  1488 17879 W EffectProxy: runWithAllSubEffects null sub-effect interface Descriptor{common: Common{id: Identity{type: AudioUuid{timeLow: 1918986095, timeMid: 28021, timeHiAndVersion: 29545, clockSeq: 25444, node: [40, 226, 253, 58, 195, 158]}, uuid: AudioUuid{timeLow: 468803255, timeMid: 36681, timeHiAndVersion: 20440, clockSeq: 33664, node: [7, 103, 253, 86, 128, 243]}, proxy: AudioUuid{timeLow: -588245900, timeMid: 35202, timeHiAndVersion: 4588, clockSeq: 43171, node: [2, 66, 172, 18, 0, 2]}}, flags: Flags{type: INSERT, insert: LAST, volume: CTRL, hwAcceleratorMode: TUNNEL, offloadIndication: true, deviceIndication: true, audioModeIndication: false, audioSourceIndication: false, bypass: true, sinkMetadataIndication: false, sourceMetadataIndication: false}, cpuLoad: 0, memoryUsage: 0, name: Dynamics Processing Effect, implementor: Google Pixel}, capability: Capability{vendorExtension: VendorExtension{extension: AParcelableHolder}, range: Range{dynamicsProcessing: [DynamicsProcessingRange{min: DynamicsProcessing{engineArchitecture: E
11-10 15:45:21.295  1884  1956 V WindowManager: Unknown focus tokens, dropping reportFocusChanged
11-10 15:45:21.295  2772  2810 V WindowManagerShell:  Checking filter Pair{{types=[] flags=0x0] notFlags=0x0 checks=[{atype=undefined independent=true modes=[CLOSE,TO_BACK] flags=IN_TASK_WITH_EMBEDDED_ACTIVITY mustBeTask=false order=ANY topActivity=null launchCookie=null taskFragmentToken=android.os.BinderProxy@ae90dd5 windowingMode=undefined}]} RemoteTransition { remoteTransition = android.window.IRemoteTransition$Stub$Proxy@f2ff9ea, appThread = android.app.IApplicationThread$Stub$Proxy@a8ee4db, debugName = overlayBackTransition }}
11-10 15:45:21.295  2772  2810 V WindowManagerShell:  Checking filter Pair{{types=[] flags=0x0] notFlags=0x0 checks=[{atype=dream independent=true modes=[OPEN,TO_FRONT] flags=NONE mustBeTask=false order=ANY topActivity=null launchCookie=null windowingMode=undefined},{atype=home independent=true modes=[CLOSE,TO_BACK] flags=NONE mustBeTask=false order=ANY topActivity=null launchCookie=null windowingMode=undefined}]} RemoteTransition { remoteTransition = android.window.IRemoteTransition$Stub$Proxy@77d6bbd, appThread = android.app.IApplicationThread$Stub$Proxy@868a5b2, debugName = LauncherToDream }}
11-10 15:45:21.295  2772  2810 V WindowManagerShell:  Checking filter Pair{{types=[] flags=0x0] notFlags=0x100 checks=[{atype=home independent=true modes=[OPEN,TO_FRONT] flags=NONE mustBeTask=false order=TOP topActivity=ComponentInfo{com.google.android.apps.nexuslauncher/com.google.android.apps.nexuslauncher.NexusLauncherActivity} launchCookie=null windowingMode=undefined},{atype=standard independent=true modes=[CLOSE,TO_BACK] flags=NONE mustBeTask=false order=ANY topActivity=null launchCookie=null windowingMode=undefined},{NOT atype=undefined independent=true modes=[] flags=NONE mustBeTask=true order=ANY topActivity=null launchCookie=null customAnim=true windowingMode=undefined}]} RemoteTransition { remoteTransition = android.window.IRemoteTransition$Stub$Proxy@b6f903, appThread = android.app.IApplicationThread$Stub$Proxy@9192080, debugName = QuickstepLaunchHome }}
11-10 15:45:21.295  2772  2810 D RemoteTransitionHandler: Found filterPair{{types=[] flags=0x0] notFlags=0x100 checks=[{atype=home independent=true modes=[OPEN,TO_FRONT] flags=NONE mustBeTask=false order=TOP topActivity=ComponentInfo{com.google.android.apps.nexuslauncher/com.google.android.apps.nexuslauncher.NexusLauncherActivity} launchCookie=null windowingMode=undefined},{atype=standard independent=true modes=[CLOSE,TO_BACK] flags=NONE mustBeTask=false order=ANY topActivity=null launchCookie=null windowingMode=undefined},{NOT atype=undefined independent=true modes=[] flags=NONE mustBeTask=true order=ANY topActivity=null launchCookie=null customAnim=true windowingMode=undefined}]} RemoteTransition { remoteTransition = android.window.IRemoteTransition$Stub$Proxy@b6f903, appThread = android.app.IApplicationThread$Stub$Proxy@9192080, debugName = QuickstepLaunchHome }}
11-10 15:45:21.295  2772  2810 V WindowManagerShell:  Delegate animation for (#12951) to RemoteTransition { remoteTransition = android.window.IRemoteTransition$Stub$Proxy@b6f903, appThread = android.app.IApplicationThread$Stub$Proxy@9192080, debugName = QuickstepLaunchHome }
11-10 15:45:21.296  1884  4398 W MediaSessionRecord: Ignoring call to destroyed session
11-10 15:45:21.296 14050 14050 I bluetooth: system/btif/avrcp/avrcp_service.cc:532 SendMediaUpdate: track_changed=true :  play_state=true :  queue=false
11-10 15:45:21.296 14050 14071 W avrcp   : system/profile/avrcp/device.cc:1742 HandlePlayPosUpdate: Device is not registered for play position updates
11-10 15:45:21.296 14050 14071 W avrcp   : system/profile/avrcp/device.cc:1625 HandleTrackUpdate: Device is not registered for track changed updates
11-10 15:45:21.297  1884  5473 W MediaSessionRecord: Ignoring call to destroyed session
11-10 15:45:21.298  2772  2810 V WindowManagerShell:  animated by com.android.wm.shell.transition.RemoteTransitionHandler@970fee0
11-10 15:45:21.298  4488  4488 I Dtdi    : (REDACTED) [MediaControllerFilter] packageName=%s resolved=%s
11-10 15:45:21.299  4488  4488 I Dtdi    : (REDACTED) [MediaControllerFilter] packageName=%s resolved=%s
11-10 15:45:21.299  3038  3038 I RegisteredComponentCache: generateComponentsList: New Components => 
11-10 15:45:21.300  3038  3038 I RegisteredComponentCache: ComponentInfo: ResolveInfo{3a80b8b com.google.android.tag/com.android.apps.tag.TagViewer m=0x108000 userHandle=UserHandle{0}}, techs: android.nfc.tech.Ndef, 
11-10 15:45:21.300  3038  3038 I RegisteredComponentCache: ComponentInfo: ResolveInfo{a937468 com.paypal.android.p2pmobile/com.paypal.android.pdsdk.ui.receive.PayDropReceiveActivity$EntryPoint m=0x108000 userHandle=UserHandle{0}}, techs: android.nfc.tech.IsoDep, 
11-10 15:45:21.300  3038  3038 I RegisteredComponentCache: ComponentInfo: ResolveInfo{eb07081 com.paypal.android.p2pmobile/com.paypal.android.pdsdk.ui.send.PayDropSendingStatusActivity$EntryPoint m=0x108000 userHandle=UserHandle{0}}, techs: android.nfc.tech.IsoDep, 
11-10 15:45:21.300  3038  3038 I RegisteredComponentCache: ComponentInfo: ResolveInfo{82d6526 com.paypal.android.p2pmobile/com.paypal.android.pdsdk.ui.send.enteramount.PayDropEnterAmountActivity$EntryPoint m=0x108000 userHandle=UserHandle{0}}, techs: android.nfc.tech.IsoDep, 
11-10 15:45:21.300  3038  3038 I RegisteredComponentCache: generateComponentsList: Removed Components => 
11-10 15:45:21.300  3038  3038 I RegisteredComponentCache: ComponentInfo: ResolveInfo{3ab5a20 com.google.android.tag/com.android.apps.tag.TagViewer m=0x108000 userHandle=UserHandle{0}}, techs: android.nfc.tech.Ndef, 
11-10 15:45:21.300  3038  3038 I RegisteredComponentCache: ComponentInfo: ResolveInfo{a2b4fd9 com.paypal.android.p2pmobile/com.paypal.android.pdsdk.ui.receive.PayDropReceiveActivity$EntryPoint m=0x108000 userHandle=UserHandle{0}}, techs: android.nfc.tech.IsoDep, 
11-10 15:45:21.300  3038  3038 I RegisteredComponentCache: ComponentInfo: ResolveInfo{19b4d9e com.paypal.android.p2pmobile/com.paypal.android.pdsdk.ui.send.PayDropSendingStatusActivity$EntryPoint m=0x108000 userHandle=UserHandle{0}}, techs: android.nfc.tech.IsoDep, 
11-10 15:45:21.300  3038  3038 I RegisteredComponentCache: ComponentInfo: ResolveInfo{6fa607f com.paypal.android.p2pmobile/com.paypal.android.pdsdk.ui.send.enteramount.PayDropEnterAmountActivity$EntryPoint m=0x108000 userHandle=UserHandle{0}}, techs: android.nfc.tech.IsoDep, 
11-10 15:45:21.300  2772  2772 D NotificationMediaManager: Not dismissing 0|com.example.mobiledigger|3|null|10658 because it was removed by the system
11-10 15:45:21.300  1884  1953 V WindowManager: Sent Transition (#12951) createdAt=11-10 15:45:21.216 via request=TransitionRequestInfo { type = CLOSE, triggerTask = TaskInfo{userId=0 taskId=51335 effectiveUid=10658 displayId=0 isRunning=false baseIntent=Intent { act=android.intent.action.MAIN cat=[android.intent.category.LAUNCHER] flg=0x10200000 pkg=com.example.mobiledigger cmp=com.example.mobiledigger/.MainActivity } baseActivity=null topActivity=null origActivity=null realActivity=ComponentInfo{com.example.mobiledigger/com.example.mobiledigger.MainActivity} numActivities=0 lastActiveTime=551575254 supportsMultiWindow=true resizeMode=1 isResizeable=true minWidth=-1 minHeight=-1 defaultMinSize=220 token=WCT{RemoteToken{40dfffc Task{7c7c70f #51335 type=standard I=com.example.mobiledigger/.MainActivity}}} topActivityType=1 pictureInPictureParams=null shouldDockBigOverlays=false launchIntoPipHostTaskId=-1 lastParentTaskIdBeforePip=-1 displayCutoutSafeInsets=Rect(0, 0 - 0, 0) topActivityInfo=null launchCookies=[android.os.BinderProxy@7c9d9bd] positionInParent=Point(0, 0) parentTaskId=-1 isFocused=true isVisible=true isVisibleRequested=true isTopActivityNoDisplay=false isSleeping=false locusId=null displayAreaFeatureId=1 isTopActivityTransparent=false isActivityStackTransparent=true lastNonFullscreenBounds=Rect(261, 651 - 748, 1659) capturedLink=null capturedLinkTimestamp=0 requestedVisibleTypes=-9 topActivityRequestOpenInBrowserEducationTimestamp=0 appCompatTaskInfo=AppCompatTaskInfo { topActivityInSizeCompat=false eligibleForLetterboxEducation= false isLetterboxEducationEnabled= false isLetterboxDoubleTapEnabled= false eligibleForUserAspectRatioButton= false topActivityBoundsLetterboxed= false isFromLetterboxDoubleTap= false topActivityLetterboxVerticalPosition= -1 topActivityLetterboxHorizontalPosition= -1 topActivityLetterboxWidth=-1 topActivityLetterboxHeight=-1 topActivityAppBounds=Rect(0, 0 - 0, 0) isUserFullscreenOverrideEnabled=false isSystemFullscreenOverrideEnabled=false hasMinAspectRatioOverride=false topActivityLetterboxBounds=null cameraCompatTaskInfo=CameraCompatTaskInfo { freeformCameraCompatMode=undefined0} topNonResizableActivityAspectRatio=-1.0} topActivityMainWindowFrame=null isAppBubble=false}, pipChange = null, remoteTransition = null, displayChange = null, flags = 0, debugId = 12951 }
11-10 15:45:21.300  1428  5605 I EHal::AocProcessor: ThreadLoop: sending parameter thread (ap-dynamics-procseeor-effect) exit
11-10 15:45:21.300  1884  1953 V WindowManager:     startWCT=WindowContainerTransaction { changes= {} hops= [] errorCallbackToken=null taskFragmentOrganizer=null }
11-10 15:45:21.301  1884  1953 V WindowManager:     info={id=12951 t=CLOSE f=0x0 trk=0 r=[0@Point(0, 0)] c=[
11-10 15:45:21.301  1884  1953 V WindowManager:         {WCT{RemoteToken{e87a18b Task{a7d8df8 #1 type=home}}} m=TO_FRONT f=SHOW_WALLPAPER|MOVE_TO_TOP leash=Surface(name=Task=1)/@0xadc9566 sb=Rect(0, 0 - 1008, 2244) eb=Rect(0, 0 - 1008, 2244) epz=Point(1008, 2244) d=0 taskParent=-1 winMode=1},
11-10 15:45:21.301  1884  1953 V WindowManager:         {WCT{RemoteToken{40dfffc Task{7c7c70f #51335 type=standard I=com.example.mobiledigger/.MainActivity}}} m=CLOSE f=NONE leash=Surface(name=Task=51335)/@0x5d41ce sb=Rect(0, 0 - 1008, 2244) eb=Rect(0, 0 - 1008, 2244) epz=Point(1008, 2244) d=0 taskParent=-1 winMode=1},
11-10 15:45:21.301  1884  1953 V WindowManager:         {m=TO_FRONT f=IS_WALLPAPER leash=Surface(name=WallpaperWindowToken{6fc2ee6})/@0x3289aa8 sb=Rect(0, 0 - 1008, 2244) eb=Rect(0, 0 - 1008, 2244) epz=Point(1008, 2244) d=0}
11-10 15:45:21.301  1884  1953 V WindowManager:     ]}
11-10 15:45:21.301 12933 12933 D StateManager: createAtomicAnimation - fromState: Background, toState: Normal, partial trace:
11-10 15:45:21.301 12933 12933 D StateManager: 	at com.android.quickstep.util.ScalingWorkspaceRevealAnim.<init>(go/retraceme 936c194e190d468ad7948c6bfd99e50e644ffb8c9a8622547ab992d0c5c0590d:58)
11-10 15:45:21.301 12933 12933 D StateManager: 	at com.android.launcher3.QuickstepTransitionManager.createWallpaperOpenAnimations(go/retraceme 936c194e190d468ad7948c6bfd99e50e644ffb8c9a8622547ab992d0c5c0590d:168)
11-10 15:45:21.301 12933 12933 D StateManager: 	at com.android.launcher3.QuickstepTransitionManager$WallpaperOpenLauncherAnimationRunner.onAnimationStart(go/retraceme 936c194e190d468ad7948c6bfd99e50e644ffb8c9a8622547ab992d0c5c0590d:17)
11-10 15:45:21.302  1884  4379 W MediaSessionRecord: Ignoring call to destroyed session
11-10 15:45:21.302 12933 12933 V BaseDepthController: Applying blur: 0 to Surface(name=com.google.android.apps.nexuslauncher/com.google.android.apps.nexuslauncher.NexusLauncherActivity)/@0x828e58a
11-10 15:45:21.302 12933 12933 V BaseDepthController: Applying blur: 0 to Surface(name=com.google.android.apps.nexuslauncher/com.google.android.apps.nexuslauncher.NexusLauncherActivity)/@0x828e58a
11-10 15:45:21.302 12933 12933 D b/311077782: LauncherAnimationRunner.setAnimation
11-10 15:45:21.302  1431  2167 W USF     : USF_API: Drop flicker data, cannot find sampling_id:84682!
11-10 15:45:21.303 12933 12933 V BaseDepthController: Applying blur: 0 to Surface(name=com.google.android.apps.nexuslauncher/com.google.android.apps.nexuslauncher.NexusLauncherActivity)/@0x828e58a
11-10 15:45:21.303 12933 12933 V BaseDepthController: Applying blur: 0 to Surface(name=com.google.android.apps.nexuslauncher/com.google.android.apps.nexuslauncher.NexusLauncherActivity)/@0x828e58a
11-10 15:45:21.303 12933 12933 V BaseDepthController: Applying blur: 0 to Surface(name=com.google.android.apps.nexuslauncher/com.google.android.apps.nexuslauncher.NexusLauncherActivity)/@0x828e58a
11-10 15:45:21.303 12933 12933 V BaseDepthController: Applying blur: 0 to Surface(name=com.google.android.apps.nexuslauncher/com.google.android.apps.nexuslauncher.NexusLauncherActivity)/@0x828e58a
11-10 15:45:21.303 12933 12933 V BaseDepthController: Applying blur: 0 to Surface(name=com.google.android.apps.nexuslauncher/com.google.android.apps.nexuslauncher.NexusLauncherActivity)/@0x828e58a
11-10 15:45:21.304  1884  4758 W MediaSessionRecord: Ignoring call to destroyed session
11-10 15:45:21.305 14050 14050 W MediaControlGattService: Feature MEDIA_STATE support: true
11-10 15:45:21.306  1884  3104 W MediaSessionRecord: Ignoring call to destroyed session
11-10 15:45:21.307 12933 12933 V BaseDepthController: Applying blur: 0 to Surface(name=com.google.android.apps.nexuslauncher/com.google.android.apps.nexuslauncher.NexusLauncherActivity)/@0x828e58a
11-10 15:45:21.309  1884  3104 W MediaSessionRecord: Ignoring call to destroyed session
11-10 15:45:21.309 14050 14071 I avrcp   : system/profile/avrcp/connection_handler.cc:587 SendMessage: SendMessage to handle=0x1
11-10 15:45:21.309  1884  2492 W PackageConfigPersister: App-specific configuration not found for packageName: com.example.mobiledigger and userId: 0
