10-30 22:19:20.990  6473  6540 D WaveformGenerator: ⏱️ PROFILING: Thread 5 - Processing segment 260s to 312s
10-30 22:19:20.990  6473  6528 D WaveformGenerator: ⏱️ PROFILING: Thread 1 - Processing segment 52s to 104s
10-30 22:19:20.991  6473  6539 D WaveformGenerator: ⏱️ PROFILING: Thread 4 - Processing segment 208s to 260s
10-30 22:19:20.993  6473  6526 D WaveformGenerator: ⏱️ PROFILING: Thread 3 - Processing segment 156s to 208s
10-30 22:19:21.091  6473  6764 D WaveformGenerator: ⏱️ PROFILING: Thread 0 - Setup: Extractor 77ms, Codec 24ms
10-30 22:19:21.106  6473  6528 D WaveformGenerator: ⏱️ PROFILING: Thread 1 - Setup: Extractor 88ms, Codec 26ms
10-30 22:19:21.109  6473  6526 D WaveformGenerator: ⏱️ PROFILING: Thread 3 - Setup: Extractor 77ms, Codec 39ms
10-30 22:19:21.113  6473  6539 D WaveformGenerator: ⏱️ PROFILING: Thread 4 - Setup: Extractor 84ms, Codec 38ms
10-30 22:19:21.119  6473  6540 D WaveformGenerator: ⏱️ PROFILING: Thread 5 - Setup: Extractor 95ms, Codec 33ms
10-30 22:19:21.121  6473  6527 D WaveformGenerator: ⏱️ PROFILING: Thread 2 - Setup: Extractor 90ms, Codec 40ms
10-30 22:19:21.366  6473  6764 D WaveformGenerator: ⏱️ PROFILING: Thread 0 - Seek: 58ms, Decode: 177ms
10-30 22:19:21.367  6473  6764 D WaveformGenerator: ⏱️ PROFILING: Thread 0 - Complete in 376ms, collected 42 samples
10-30 22:19:21.374  6473  6528 D WaveformGenerator: ⏱️ PROFILING: Thread 1 - Seek: 64ms, Decode: 158ms
10-30 22:19:21.374  6473  6528 D WaveformGenerator: ⏱️ PROFILING: Thread 1 - Complete in 384ms, collected 42 samples
10-30 22:19:21.391  6473  6526 D WaveformGenerator: ⏱️ PROFILING: Thread 3 - Seek: 70ms, Decode: 166ms
10-30 22:19:21.392  6473  6526 D WaveformGenerator: ⏱️ PROFILING: Thread 3 - Complete in 402ms, collected 42 samples
10-30 22:19:21.402  6473  6540 D WaveformGenerator: ⏱️ PROFILING: Thread 5 - Seek: 92ms, Decode: 145ms
10-30 22:19:21.402  6473  6540 D WaveformGenerator: ⏱️ PROFILING: Thread 5 - Complete in 412ms, collected 42 samples
10-30 22:19:21.408  6473  6527 D WaveformGenerator: ⏱️ PROFILING: Thread 2 - Seek: 79ms, Decode: 166ms
10-30 22:19:21.408  6473  6527 D WaveformGenerator: ⏱️ PROFILING: Thread 2 - Complete in 418ms, collected 42 samples
10-30 22:19:21.410  6473  6539 D WaveformGenerator: ⏱️ PROFILING: Thread 4 - Seek: 75ms, Decode: 181ms
10-30 22:19:21.410  6473  6539 D WaveformGenerator: ⏱️ PROFILING: Thread 4 - Complete in 420ms, collected 42 samples
10-30 22:19:21.413  6473  6539 D WaveformGenerator: ⏱️ PROFILING: Parallel - Combined 252 samples from 6 threads
10-30 22:19:21.414  6473  6539 D WaveformGenerator: ⏱️ PROFILING: PCM extraction took 428ms for 252 samples
10-30 22:19:21.414  6473  6539 D WaveformGenerator: ⏱️ PROFILING: Average time per sample: 1ms
10-30 22:19:21.414  6473  6539 D WaveformGenerator: Extracted 252 PCM samples
10-30 22:19:21.415  6473  6539 D WaveformGenerator: ⏱️ PROFILING: Downsampling took 1ms
10-30 22:19:21.415  6473  6539 D WaveformGenerator: ⏱️ PROFILING: ===== TOTAL GENERATION TIME: 490ms =====
10-30 22:19:21.415  6473  6539 D WaveformGenerator: ⏱️ PROFILING: Breakdown - Extractor: 25ms, Track: 3ms, Codec: 29ms, Extraction: 428ms, Downsample: 1ms
10-30 22:19:21.415  6473  6539 D WaveformGenerator: Generated waveform with 256 samples
10-30 22:19:21.416  6473  6539 D WaveformGenerator: ✅ Waveform generated: 256 samples
10-30 22:19:23.567  6473  6473 D WaveformGenerator: LaunchedEffect triggered for file: 13. foglight - Buffer (Original Mix).flac
10-30 22:19:23.640  6473  6473 D WaveformGenerator: Starting waveform generation for: 13. foglight - Buffer (Original Mix).flac
10-30 22:19:23.641  6473  6539 D WaveformGenerator: Generating waveform for: 13. foglight - Buffer (Original Mix).flac
10-30 22:19:23.642  6473  6539 D WaveformGenerator: Requesting 256 samples for any duration
10-30 22:19:23.643  6473  6539 D WaveformGenerator: ⏱️ PROFILING: Starting waveform generation for URI: content://com.android.externalstorage.documents/tree/primary%3AResults/document/primary%3AResults%2FLiked%2F13.%20foglight%20-%20Buffer%20(Original%20Mix).flac
10-30 22:19:23.643  6473  6539 D WaveformGenerator: ⏱️ PROFILING: Target samples: 256
10-30 22:19:23.693  6473  6539 D WaveformGenerator: ⏱️ PROFILING: Extractor setup took 50ms
10-30 22:19:23.696  6473  6539 D WaveformGenerator: ⏱️ PROFILING: Track selection took 3ms
10-30 22:19:23.696  6473  6539 D WaveformGenerator: Audio format: audio/raw, Duration: 448s, Target samples: 256
10-30 22:19:23.724  6473  6539 D WaveformGenerator: ⏱️ PROFILING: Codec creation and start took 27ms
10-30 22:19:23.725  6473  6539 D WaveformGenerator: 🔀 Using PARALLEL processing with 6 threads
10-30 22:19:23.728  6473  6539 D WaveformGenerator: ⏱️ PROFILING: Parallel - Duration: 448s, Samples per thread: 42
10-30 22:19:23.729  6473  6527 D WaveformGenerator: ⏱️ PROFILING: Thread 0 - Processing segment 0s to 74s
10-30 22:19:23.729  6473  6540 D WaveformGenerator: ⏱️ PROFILING: Thread 1 - Processing segment 74s to 149s
10-30 22:19:23.730  6473  6762 D WaveformGenerator: ⏱️ PROFILING: Thread 2 - Processing segment 149s to 224s
10-30 22:19:23.730  6473  6526 D WaveformGenerator: ⏱️ PROFILING: Thread 5 - Processing segment 374s to 448s
10-30 22:19:23.731  6473  6528 D WaveformGenerator: ⏱️ PROFILING: Thread 3 - Processing segment 224s to 299s
10-30 22:19:23.731  6473  6764 D WaveformGenerator: ⏱️ PROFILING: Thread 4 - Processing segment 299s to 374s
10-30 22:19:23.816  6473  6528 D WaveformGenerator: ⏱️ PROFILING: Thread 3 - Setup: Extractor 52ms, Codec 33ms
10-30 22:19:23.817  6473  6526 D WaveformGenerator: ⏱️ PROFILING: Thread 5 - Setup: Extractor 57ms, Codec 29ms
10-30 22:19:23.819  6473  6762 D WaveformGenerator: ⏱️ PROFILING: Thread 2 - Setup: Extractor 61ms, Codec 28ms
10-30 22:19:23.822  6473  6540 D WaveformGenerator: ⏱️ PROFILING: Thread 1 - Setup: Extractor 40ms, Codec 52ms
10-30 22:19:23.838  6473  6527 D WaveformGenerator: ⏱️ PROFILING: Thread 0 - Setup: Extractor 57ms, Codec 51ms
10-30 22:19:23.840  6473  6764 D WaveformGenerator: ⏱️ PROFILING: Thread 4 - Setup: Extractor 60ms, Codec 48ms
10-30 22:19:24.092  6473  6540 D WaveformGenerator: ⏱️ PROFILING: Thread 1 - Seek: 60ms, Decode: 162ms
10-30 22:19:24.093  6473  6540 D WaveformGenerator: ⏱️ PROFILING: Thread 1 - Complete in 363ms, collected 42 samples
10-30 22:19:24.104  6473  6528 D WaveformGenerator: ⏱️ PROFILING: Thread 3 - Seek: 84ms, Decode: 161ms
10-30 22:19:24.104  6473  6528 D WaveformGenerator: ⏱️ PROFILING: Thread 3 - Complete in 374ms, collected 42 samples
10-30 22:19:24.110  6473  6764 D WaveformGenerator: ⏱️ PROFILING: Thread 4 - Seek: 63ms, Decode: 161ms
10-30 22:19:24.110  6473  6764 D WaveformGenerator: ⏱️ PROFILING: Thread 4 - Complete in 380ms, collected 42 samples
10-30 22:19:24.121  6473  6526 D WaveformGenerator: ⏱️ PROFILING: Thread 5 - Seek: 67ms, Decode: 190ms
10-30 22:19:24.121  6473  6526 D WaveformGenerator: ⏱️ PROFILING: Thread 5 - Complete in 391ms, collected 42 samples
10-30 22:19:24.123  6473  6527 D WaveformGenerator: ⏱️ PROFILING: Thread 0 - Seek: 58ms, Decode: 180ms
10-30 22:19:24.123  6473  6527 D WaveformGenerator: ⏱️ PROFILING: Thread 0 - Complete in 394ms, collected 42 samples
10-30 22:19:24.128  6473  6762 D WaveformGenerator: ⏱️ PROFILING: Thread 2 - Seek: 90ms, Decode: 178ms
10-30 22:19:24.129  6473  6762 D WaveformGenerator: ⏱️ PROFILING: Thread 2 - Complete in 399ms, collected 42 samples
10-30 22:19:24.132  6473  6762 D WaveformGenerator: ⏱️ PROFILING: Parallel - Combined 252 samples from 6 threads
10-30 22:19:24.133  6473  6762 D WaveformGenerator: ⏱️ PROFILING: PCM extraction took 407ms for 252 samples
10-30 22:19:24.134  6473  6762 D WaveformGenerator: ⏱️ PROFILING: Average time per sample: 1ms
10-30 22:19:24.134  6473  6762 D WaveformGenerator: Extracted 252 PCM samples
10-30 22:19:24.134  6473  6762 D WaveformGenerator: ⏱️ PROFILING: Downsampling took 0ms
10-30 22:19:24.135  6473  6762 D WaveformGenerator: ⏱️ PROFILING: ===== TOTAL GENERATION TIME: 493ms =====
10-30 22:19:24.135  6473  6762 D WaveformGenerator: ⏱️ PROFILING: Breakdown - Extractor: 50ms, Track: 3ms, Codec: 27ms, Extraction: 407ms, Downsample: 0ms
10-30 22:19:24.135  6473  6762 D WaveformGenerator: Generated waveform with 256 samples
10-30 22:19:24.135  6473  6762 D WaveformGenerator: ✅ Waveform generated: 256 samples
10-30 22:19:30.330  6473  6473 D WaveformGenerator: LaunchedEffect triggered for file: Sinan Mercenk - Do you Remember (Original Mix) Strobe Records.wav
10-30 22:19:30.403  6473  6473 D WaveformGenerator: Starting waveform generation for: Sinan Mercenk - Do you Remember (Original Mix) Strobe Records.wav
10-30 22:19:30.406  6473  6762 D WaveformGenerator: Generating waveform for: Sinan Mercenk - Do you Remember (Original Mix) Strobe Records.wav
10-30 22:19:30.406  6473  6762 D WaveformGenerator: Requesting 256 samples for any duration
10-30 22:19:30.407  6473  6762 D WaveformGenerator: ⏱️ PROFILING: Starting waveform generation for URI: content://com.android.externalstorage.documents/tree/primary%3AResults/document/primary%3AResults%2FLiked%2FSinan%20Mercenk%20-%20Do%20you%20Remember%20(Original%20Mix)%20Strobe%20Records.wav
10-30 22:19:30.408  6473  6762 D WaveformGenerator: ⏱️ PROFILING: Target samples: 256
10-30 22:19:30.440  6473  6762 D WaveformGenerator: ⏱️ PROFILING: Extractor setup took 32ms
10-30 22:19:30.446  6473  6762 D WaveformGenerator: ⏱️ PROFILING: Track selection took 5ms
10-30 22:19:30.446  6473  6762 D WaveformGenerator: Audio format: audio/raw, Duration: 336s, Target samples: 256
10-30 22:19:30.476  6473  6762 D WaveformGenerator: ⏱️ PROFILING: Codec creation and start took 30ms
10-30 22:19:30.477  6473  6762 D WaveformGenerator: 🔀 Using PARALLEL processing with 6 threads
10-30 22:19:30.480  6473  6762 D WaveformGenerator: ⏱️ PROFILING: Parallel - Duration: 336s, Samples per thread: 42
10-30 22:19:30.482  6473  6528 D WaveformGenerator: ⏱️ PROFILING: Thread 0 - Processing segment 0s to 56s
10-30 22:19:30.482  6473  6541 D WaveformGenerator: ⏱️ PROFILING: Thread 1 - Processing segment 56s to 112s
10-30 22:19:30.482  6473  6539 D WaveformGenerator: ⏱️ PROFILING: Thread 2 - Processing segment 112s to 168s
10-30 22:19:30.482  6473  6764 D WaveformGenerator: ⏱️ PROFILING: Thread 3 - Processing segment 168s to 224s
10-30 22:19:30.482  6473  6529 D WaveformGenerator: ⏱️ PROFILING: Thread 4 - Processing segment 224s to 280s
10-30 22:19:30.483  6473  6762 D WaveformGenerator: ⏱️ PROFILING: Thread 5 - Processing segment 280s to 336s
10-30 22:19:30.562  6473  6528 D WaveformGenerator: ⏱️ PROFILING: Thread 0 - Setup: Extractor 43ms, Codec 36ms
10-30 22:19:30.574  6473  6541 D WaveformGenerator: ⏱️ PROFILING: Thread 1 - Setup: Extractor 49ms, Codec 43ms
10-30 22:19:30.583  6473  6762 D WaveformGenerator: ⏱️ PROFILING: Thread 5 - Setup: Extractor 38ms, Codec 61ms
10-30 22:19:30.588  6473  6539 D WaveformGenerator: ⏱️ PROFILING: Thread 2 - Setup: Extractor 55ms, Codec 50ms
10-30 22:19:30.607  6473  6529 D WaveformGenerator: ⏱️ PROFILING: Thread 4 - Setup: Extractor 75ms, Codec 48ms
10-30 22:19:30.625  6473  6764 D WaveformGenerator: ⏱️ PROFILING: Thread 3 - Setup: Extractor 80ms, Codec 61ms
10-30 22:19:30.909  6473  6528 D WaveformGenerator: ⏱️ PROFILING: Thread 0 - Seek: 17ms, Decode: 290ms
10-30 22:19:30.909  6473  6528 D WaveformGenerator: ⏱️ PROFILING: Thread 0 - Complete in 428ms, collected 42 samples
10-30 22:19:30.923  6473  6541 D WaveformGenerator: ⏱️ PROFILING: Thread 1 - Seek: 28ms, Decode: 282ms
10-30 22:19:30.923  6473  6541 D WaveformGenerator: ⏱️ PROFILING: Thread 1 - Complete in 441ms, collected 42 samples
10-30 22:19:30.973  6473  6762 D WaveformGenerator: ⏱️ PROFILING: Thread 5 - Seek: 25ms, Decode: 324ms
10-30 22:19:30.973  6473  6762 D WaveformGenerator: ⏱️ PROFILING: Thread 5 - Complete in 490ms, collected 42 samples
10-30 22:19:30.980  6473  6539 D WaveformGenerator: ⏱️ PROFILING: Thread 2 - Seek: 22ms, Decode: 327ms
10-30 22:19:30.981  6473  6539 D WaveformGenerator: ⏱️ PROFILING: Thread 2 - Complete in 498ms, collected 42 samples
10-30 22:19:30.986  6473  6764 D WaveformGenerator: ⏱️ PROFILING: Thread 3 - Seek: 22ms, Decode: 294ms
10-30 22:19:30.986  6473  6764 D WaveformGenerator: ⏱️ PROFILING: Thread 3 - Complete in 504ms, collected 42 samples
10-30 22:19:31.013  6473  6529 D WaveformGenerator: ⏱️ PROFILING: Thread 4 - Seek: 30ms, Decode: 334ms
10-30 22:19:31.013  6473  6529 D WaveformGenerator: ⏱️ PROFILING: Thread 4 - Complete in 531ms, collected 42 samples
10-30 22:19:31.016  6473  6529 D WaveformGenerator: ⏱️ PROFILING: Parallel - Combined 252 samples from 6 threads
10-30 22:19:31.017  6473  6529 D WaveformGenerator: ⏱️ PROFILING: PCM extraction took 540ms for 252 samples
10-30 22:19:31.017  6473  6529 D WaveformGenerator: ⏱️ PROFILING: Average time per sample: 2ms
10-30 22:19:31.017  6473  6529 D WaveformGenerator: Extracted 252 PCM samples
10-30 22:19:31.017  6473  6529 D WaveformGenerator: ⏱️ PROFILING: Downsampling took 0ms
10-30 22:19:31.017  6473  6529 D WaveformGenerator: ⏱️ PROFILING: ===== TOTAL GENERATION TIME: 610ms =====
10-30 22:19:31.018  6473  6529 D WaveformGenerator: ⏱️ PROFILING: Breakdown - Extractor: 32ms, Track: 5ms, Codec: 30ms, Extraction: 540ms, Downsample: 0ms
10-30 22:19:31.018  6473  6529 D WaveformGenerator: Generated waveform with 256 samples
10-30 22:19:31.018  6473  6529 D WaveformGenerator: ✅ Waveform generated: 256 samples
10-30 22:19:36.517  6473  6473 D WaveformGenerator: LaunchedEffect triggered for file: 07. Ciava - Wanna Feelings (Original Mix).flac
10-30 22:19:36.592  6473  6473 D WaveformGenerator: Starting waveform generation for: 07. Ciava - Wanna Feelings (Original Mix).flac
10-30 22:19:36.593  6473  6529 D WaveformGenerator: Generating waveform for: 07. Ciava - Wanna Feelings (Original Mix).flac
10-30 22:19:36.595  6473  6529 D WaveformGenerator: Requesting 256 samples for any duration
10-30 22:19:36.596  6473  6529 D WaveformGenerator: ⏱️ PROFILING: Starting waveform generation for URI: content://com.android.externalstorage.documents/tree/primary%3AResults/document/primary%3AResults%2FLiked%2FHot%20Since%2082%2F07.%20Ciava%20-%20Wanna%20Feelings%20(Original%20Mix).flac
10-30 22:19:36.598  6473  6529 D WaveformGenerator: ⏱️ PROFILING: Target samples: 256
10-30 22:19:36.639  6473  6529 D WaveformGenerator: ⏱️ PROFILING: Extractor setup took 39ms
10-30 22:19:36.645  6473  6529 D WaveformGenerator: ⏱️ PROFILING: Track selection took 6ms
10-30 22:19:36.645  6473  6529 D WaveformGenerator: Audio format: audio/raw, Duration: 274s, Target samples: 256
10-30 22:19:36.675  6473  6529 D WaveformGenerator: ⏱️ PROFILING: Codec creation and start took 27ms
10-30 22:19:36.676  6473  6529 D WaveformGenerator: 🔀 Using PARALLEL processing with 6 threads
10-30 22:19:36.678  6473  6529 D WaveformGenerator: ⏱️ PROFILING: Parallel - Duration: 274s, Samples per thread: 42
10-30 22:19:36.680  6473  6764 D WaveformGenerator: ⏱️ PROFILING: Thread 0 - Processing segment 0s to 45s
10-30 22:19:36.680  6473  6762 D WaveformGenerator: ⏱️ PROFILING: Thread 2 - Processing segment 91s to 137s
10-30 22:19:36.680  6473  6528 D WaveformGenerator: ⏱️ PROFILING: Thread 3 - Processing segment 137s to 182s
10-30 22:19:36.680  6473  6541 D WaveformGenerator: ⏱️ PROFILING: Thread 4 - Processing segment 182s to 228s
10-30 22:19:36.681  6473  6532 D WaveformGenerator: ⏱️ PROFILING: Thread 5 - Processing segment 228s to 274s
10-30 22:19:36.681  6473  6539 D WaveformGenerator: ⏱️ PROFILING: Thread 1 - Processing segment 45s to 91s
10-30 22:19:36.766  6473  6541 D WaveformGenerator: ⏱️ PROFILING: Thread 4 - Setup: Extractor 43ms, Codec 43ms
10-30 22:19:36.782  6473  6764 D WaveformGenerator: ⏱️ PROFILING: Thread 0 - Setup: Extractor 51ms, Codec 50ms
10-30 22:19:36.791  6473  6539 D WaveformGenerator: ⏱️ PROFILING: Thread 1 - Setup: Extractor 75ms, Codec 34ms
10-30 22:19:36.800  6473  6528 D WaveformGenerator: ⏱️ PROFILING: Thread 3 - Setup: Extractor 40ms, Codec 78ms
10-30 22:19:36.803  6473  6762 D WaveformGenerator: ⏱️ PROFILING: Thread 2 - Setup: Extractor 48ms, Codec 75ms
10-30 22:19:36.809  6473  6532 D WaveformGenerator: ⏱️ PROFILING: Thread 5 - Setup: Extractor 72ms, Codec 55ms
10-30 22:19:37.041  6473  6541 D WaveformGenerator: ⏱️ PROFILING: Thread 4 - Seek: 77ms, Decode: 155ms
10-30 22:19:37.042  6473  6541 D WaveformGenerator: ⏱️ PROFILING: Thread 4 - Complete in 362ms, collected 42 samples
10-30 22:19:37.048  6473  6764 D WaveformGenerator: ⏱️ PROFILING: Thread 0 - Seek: 64ms, Decode: 154ms
10-30 22:19:37.048  6473  6764 D WaveformGenerator: ⏱️ PROFILING: Thread 0 - Complete in 369ms, collected 42 samples
10-30 22:19:37.051  6473  6528 D WaveformGenerator: ⏱️ PROFILING: Thread 3 - Seek: 67ms, Decode: 142ms
10-30 22:19:37.051  6473  6528 D WaveformGenerator: ⏱️ PROFILING: Thread 3 - Complete in 371ms, collected 42 samples
10-30 22:19:37.064  6473  6532 D WaveformGenerator: ⏱️ PROFILING: Thread 5 - Seek: 65ms, Decode: 145ms
10-30 22:19:37.065  6473  6532 D WaveformGenerator: ⏱️ PROFILING: Thread 5 - Complete in 385ms, collected 42 samples
10-30 22:19:37.074  6473  6539 D WaveformGenerator: ⏱️ PROFILING: Thread 1 - Seek: 68ms, Decode: 169ms
10-30 22:19:37.074  6473  6539 D WaveformGenerator: ⏱️ PROFILING: Thread 1 - Complete in 394ms, collected 42 samples
10-30 22:19:37.092  6473  6762 D WaveformGenerator: ⏱️ PROFILING: Thread 2 - Seek: 80ms, Decode: 164ms
10-30 22:19:37.093  6473  6762 D WaveformGenerator: ⏱️ PROFILING: Thread 2 - Complete in 412ms, collected 42 samples
10-30 22:19:37.096  6473  6762 D WaveformGenerator: ⏱️ PROFILING: Parallel - Combined 252 samples from 6 threads
10-30 22:19:37.097  6473  6762 D WaveformGenerator: ⏱️ PROFILING: PCM extraction took 422ms for 252 samples
10-30 22:19:37.097  6473  6762 D WaveformGenerator: ⏱️ PROFILING: Average time per sample: 1ms
10-30 22:19:37.098  6473  6762 D WaveformGenerator: Extracted 252 PCM samples
10-30 22:19:37.098  6473  6762 D WaveformGenerator: ⏱️ PROFILING: Downsampling took 0ms
10-30 22:19:37.098  6473  6762 D WaveformGenerator: ⏱️ PROFILING: ===== TOTAL GENERATION TIME: 502ms =====
10-30 22:19:37.098  6473  6762 D WaveformGenerator: ⏱️ PROFILING: Breakdown - Extractor: 39ms, Track: 6ms, Codec: 27ms, Extraction: 422ms, Downsample: 0ms
10-30 22:19:37.099  6473  6762 D WaveformGenerator: Generated waveform with 256 samples
10-30 22:19:37.099  6473  6762 D WaveformGenerator: ✅ Waveform generated: 256 samples
10-30 22:19:41.787  6473  6473 D WaveformGenerator: LaunchedEffect triggered for file: Lizard Duken - Moon Clan [Electric Eden Records].aiff
10-30 22:19:41.859  6473  6473 D WaveformGenerator: Starting waveform generation for: Lizard Duken - Moon Clan [Electric Eden Records].aiff
10-30 22:19:41.860  6473  6473 D WaveformGenerator: AIFF file too large for waveform (79.1MB > 60MB), skipping
10-30 22:28:10.256  8091  8091 D WaveformGenerator: LaunchedEffect triggered for file: null
10-30 22:28:10.340  8091  8091 D WaveformGenerator: No current file, clearing waveform data
10-30 22:28:13.465  8091  8091 D WaveformGenerator: LaunchedEffect triggered for file: The Magician VS The Police - When The Night Is Over Roxanne (Claptone Remix).mp3
10-30 22:28:13.534  8091  8091 D WaveformGenerator: Starting waveform generation for: The Magician VS The Police - When The Night Is Over Roxanne (Claptone Remix).mp3
10-30 22:28:13.534  8091  8091 D WaveformGenerator: File size: 13.1MB
10-30 22:28:13.536  8091  8142 D WaveformGenerator: Generating waveform for: The Magician VS The Police - When The Night Is Over Roxanne (Claptone Remix).mp3
10-30 22:28:13.543  8091  8142 D WaveformGenerator: Requesting 256 samples for any duration
10-30 22:28:13.547  8091  8142 D WaveformGenerator: ⏱️ PROFILING: Starting waveform generation for URI: content://com.android.externalstorage.documents/tree/primary%3AAndroid%2Fmedia%2Fcom.whatsapp%2FWhatsApp%2FMedia%2FWhatsApp%20Documents%2FPrivate/document/primary%3AAndroid%2Fmedia%2Fcom.whatsapp%2FWhatsApp%2FMedia%2FWhatsApp%20Documents%2FPrivate%2FThe%20Magician%20VS%20The%20Police%20-%20When%20The%20Night%20Is%20Over%20Roxanne%20(Claptone%20Remix).mp3
10-30 22:28:13.548  8091  8142 D WaveformGenerator: ⏱️ PROFILING: Target samples: 256
10-30 22:28:13.585  8091  8142 D WaveformGenerator: ⏱️ PROFILING: Extractor setup took 36ms
10-30 22:28:13.588  8091  8142 D WaveformGenerator: ⏱️ PROFILING: Track selection took 2ms
10-30 22:28:13.588  8091  8142 D WaveformGenerator: Audio format: audio/mpeg, Duration: 341s, Target samples: 256
10-30 22:28:13.636  8091  8142 D WaveformGenerator: ⏱️ PROFILING: Codec creation and start took 47ms
10-30 22:28:13.637  8091  8142 D WaveformGenerator: 🔀 Using PARALLEL processing with 6 threads
10-30 22:28:13.644  8091  8142 D WaveformGenerator: ⏱️ PROFILING: Parallel - Duration: 341s, Samples per thread: 42
10-30 22:28:13.649  8091  8135 D WaveformGenerator: ⏱️ PROFILING: Thread 1 - Processing segment 56s to 113s
10-30 22:28:13.649  8091  8137 D WaveformGenerator: ⏱️ PROFILING: Thread 0 - Processing segment 0s to 56s
10-30 22:28:13.650  8091  8143 D WaveformGenerator: ⏱️ PROFILING: Thread 2 - Processing segment 113s to 170s
10-30 22:28:13.650  8091  8139 D WaveformGenerator: ⏱️ PROFILING: Thread 3 - Processing segment 170s to 227s
10-30 22:28:13.651  8091  8136 D WaveformGenerator: ⏱️ PROFILING: Thread 4 - Processing segment 227s to 284s
10-30 22:28:13.652  8091  8134 D WaveformGenerator: ⏱️ PROFILING: Thread 5 - Processing segment 284s to 341s
10-30 22:28:13.736  8091  8135 D WaveformGenerator: ⏱️ PROFILING: Thread 1 - Setup: Extractor 41ms, Codec 45ms
10-30 22:28:13.746  8091  8137 D WaveformGenerator: ⏱️ PROFILING: Thread 0 - Setup: Extractor 48ms, Codec 44ms
10-30 22:28:13.753  8091  8134 D WaveformGenerator: ⏱️ PROFILING: Thread 5 - Setup: Extractor 59ms, Codec 40ms
10-30 22:28:13.755  8091  8139 D WaveformGenerator: ⏱️ PROFILING: Thread 3 - Setup: Extractor 67ms, Codec 35ms
10-30 22:28:13.756  8091  8136 D WaveformGenerator: ⏱️ PROFILING: Thread 4 - Setup: Extractor 63ms, Codec 41ms
10-30 22:28:13.761  8091  8143 D WaveformGenerator: ⏱️ PROFILING: Thread 2 - Setup: Extractor 68ms, Codec 42ms
10-30 22:28:14.235  8091  8135 D WaveformGenerator: ⏱️ PROFILING: Thread 1 - Seek: 298ms, Decode: 157ms
10-30 22:28:14.235  8091  8135 D WaveformGenerator: ⏱️ PROFILING: Thread 1 - Complete in 586ms, collected 42 samples
10-30 22:28:14.242  8091  8139 D WaveformGenerator: ⏱️ PROFILING: Thread 3 - Seek: 276ms, Decode: 169ms
10-30 22:28:14.242  8091  8139 D WaveformGenerator: ⏱️ PROFILING: Thread 3 - Complete in 592ms, collected 42 samples
10-30 22:28:14.251  8091  8143 D WaveformGenerator: ⏱️ PROFILING: Thread 2 - Seek: 275ms, Decode: 165ms
10-30 22:28:14.252  8091  8143 D WaveformGenerator: ⏱️ PROFILING: Thread 2 - Complete in 601ms, collected 42 samples
10-30 22:28:14.256  8091  8136 D WaveformGenerator: ⏱️ PROFILING: Thread 4 - Seek: 283ms, Decode: 175ms
10-30 22:28:14.256  8091  8136 D WaveformGenerator: ⏱️ PROFILING: Thread 4 - Complete in 605ms, collected 42 samples
10-30 22:28:14.274  8091  8137 D WaveformGenerator: ⏱️ PROFILING: Thread 0 - Seek: 295ms, Decode: 189ms
10-30 22:28:14.275  8091  8137 D WaveformGenerator: ⏱️ PROFILING: Thread 0 - Complete in 626ms, collected 42 samples
10-30 22:28:14.284  8091  8134 D WaveformGenerator: ⏱️ PROFILING: Thread 5 - Seek: 322ms, Decode: 165ms
10-30 22:28:14.284  8091  8134 D WaveformGenerator: ⏱️ PROFILING: Thread 5 - Complete in 632ms, collected 41 samples
10-30 22:28:14.287  8091  8134 D WaveformGenerator: ⏱️ PROFILING: Parallel - Combined 251 samples from 6 threads
10-30 22:28:14.288  8091  8134 D WaveformGenerator: ⏱️ PROFILING: PCM extraction took 650ms for 251 samples
10-30 22:28:14.288  8091  8134 D WaveformGenerator: ⏱️ PROFILING: Average time per sample: 2ms
10-30 22:28:14.288  8091  8134 D WaveformGenerator: Extracted 251 PCM samples
10-30 22:28:14.288  8091  8134 D WaveformGenerator: ⏱️ PROFILING: Downsampling took 0ms
10-30 22:28:14.289  8091  8134 D WaveformGenerator: ⏱️ PROFILING: ===== TOTAL GENERATION TIME: 742ms =====
10-30 22:28:14.289  8091  8134 D WaveformGenerator: ⏱️ PROFILING: Breakdown - Extractor: 36ms, Track: 2ms, Codec: 47ms, Extraction: 650ms, Downsample: 0ms
10-30 22:28:14.289  8091  8134 D WaveformGenerator: Generated waveform with 256 samples
10-30 22:28:14.289  8091  8134 D WaveformGenerator: ✅ Waveform generated: 256 samples
10-30 22:28:22.003  8091  8091 D WaveformGenerator: LaunchedEffect triggered for file: Danidane - Spirit Soul [VILLAHANGAR].aiff
10-30 22:28:22.076  8091  8091 D WaveformGenerator: Starting waveform generation for: Danidane - Spirit Soul [VILLAHANGAR].aiff
10-30 22:28:22.076  8091  8091 D WaveformGenerator: File size: 53.0MB
10-30 22:28:22.080  8091  8137 D WaveformGenerator: Generating waveform for: Danidane - Spirit Soul [VILLAHANGAR].aiff
10-30 22:28:22.083  8091  8137 D WaveformGenerator: Requesting 256 samples for any duration
10-30 22:28:22.085  8091  8137 D WaveformGenerator: ⏱️ PROFILING: Starting waveform generation for URI: content://com.android.externalstorage.documents/tree/primary%3AResults/document/primary%3AResults%2FLiked%2FDanidane%20-%20Spirit%20Soul%20%5BVILLAHANGAR%5D.aiff
10-30 22:28:22.086  8091  8137 D WaveformGenerator: ⏱️ PROFILING: Target samples: 256
10-30 22:28:22.088  8091  8137 D WaveformGenerator: 🎵 AIFF format detected - Using libvlc decoder
10-30 22:28:22.091  8091  8137 D WaveformGenerator: 🎵 Starting AIFF waveform generation
10-30 22:28:22.239  8091  8137 D WaveformGenerator: ⏱️ PROFILING: AIFF copy to temp took 148ms
10-30 22:28:22.295  8091  8137 D WaveformGenerator: ✅ Generated simplified AIFF waveform with 256 samples
10-30 22:28:22.295  8091  8137 D WaveformGenerator: ⏱️ PROFILING: AIFF parsing and waveform generation took 56ms
10-30 22:28:22.295  8091  8137 D WaveformGenerator: ⏱️ PROFILING: Total AIFF waveform generation: 205ms
10-30 22:28:22.307  8091  8137 D WaveformGenerator: ⏱️ PROFILING: ===== TOTAL AIFF GENERATION TIME: 223ms =====
10-30 22:28:22.307  8091  8137 D WaveformGenerator: ✅ AIFF waveform generated: 256 samples
10-30 22:28:22.307  8091  8137 D WaveformGenerator: ✅ Waveform generated: 256 samples
10-30 22:28:27.521  8091  8091 D WaveformGenerator: LaunchedEffect triggered for file: Teddy Wong ft. Mikey V - Doing My Thing (Teddy's Warehouse Mix) [Brobot Records].aiff
10-30 22:28:27.592  8091  8091 D WaveformGenerator: Starting waveform generation for: Teddy Wong ft. Mikey V - Doing My Thing (Teddy's Warehouse Mix) [Brobot Records].aiff
10-30 22:28:27.593  8091  8091 D WaveformGenerator: File size: 66.8MB
10-30 22:28:27.594  8091  8137 D WaveformGenerator: Generating waveform for: Teddy Wong ft. Mikey V - Doing My Thing (Teddy's Warehouse Mix) [Brobot Records].aiff
10-30 22:28:27.594  8091  8137 D WaveformGenerator: Requesting 256 samples for any duration
10-30 22:28:27.594  8091  8137 D WaveformGenerator: ⏱️ PROFILING: Starting waveform generation for URI: content://com.android.externalstorage.documents/tree/primary%3AResults/document/primary%3AResults%2FLiked%2FTeddy%20Wong%20ft.%20Mikey%20V%20-%20Doing%20My%20Thing%20(Teddy's%20Warehouse%20Mix)%20%5BBrobot%20Records%5D.aiff
10-30 22:28:27.595  8091  8137 D WaveformGenerator: ⏱️ PROFILING: Target samples: 256
10-30 22:28:27.595  8091  8137 D WaveformGenerator: 🎵 AIFF format detected - Using libvlc decoder
10-30 22:28:27.596  8091  8137 D WaveformGenerator: 🎵 Starting AIFF waveform generation
10-30 22:28:27.760  8091  8137 D WaveformGenerator: ⏱️ PROFILING: AIFF copy to temp took 163ms
10-30 22:28:27.782  8091  8137 D WaveformGenerator: ✅ Generated simplified AIFF waveform with 256 samples
10-30 22:28:27.782  8091  8137 D WaveformGenerator: ⏱️ PROFILING: AIFF parsing and waveform generation took 21ms
10-30 22:28:27.782  8091  8137 D WaveformGenerator: ⏱️ PROFILING: Total AIFF waveform generation: 187ms
10-30 22:28:27.792  8091  8137 D WaveformGenerator: ⏱️ PROFILING: ===== TOTAL AIFF GENERATION TIME: 197ms =====
10-30 22:28:27.792  8091  8137 D WaveformGenerator: ✅ AIFF waveform generated: 256 samples
10-30 22:28:27.792  8091  8137 D WaveformGenerator: ✅ Waveform generated: 256 samples
10-30 22:28:33.403  8091  8091 D WaveformGenerator: LaunchedEffect triggered for file: 01. Mosii - Done To Me (Extended Mix).flac
10-30 22:28:33.475  8091  8091 D WaveformGenerator: Starting waveform generation for: 01. Mosii - Done To Me (Extended Mix).flac
10-30 22:28:33.476  8091  8091 D WaveformGenerator: File size: 34.4MB
10-30 22:28:33.477  8091  8143 D WaveformGenerator: Generating waveform for: 01. Mosii - Done To Me (Extended Mix).flac
10-30 22:28:33.480  8091  8143 D WaveformGenerator: Requesting 256 samples for any duration
10-30 22:28:33.482  8091  8143 D WaveformGenerator: ⏱️ PROFILING: Starting waveform generation for URI: content://com.android.externalstorage.documents/tree/primary%3AResults/document/primary%3AResults%2FLiked%2F01.%20Mosii%20-%20Done%20To%20Me%20(Extended%20Mix).flac
10-30 22:28:33.483  8091  8143 D WaveformGenerator: ⏱️ PROFILING: Target samples: 256
10-30 22:28:33.516  8091  8143 D WaveformGenerator: ⏱️ PROFILING: Extractor setup took 32ms
10-30 22:28:33.521  8091  8143 D WaveformGenerator: ⏱️ PROFILING: Track selection took 5ms
10-30 22:28:33.521  8091  8143 D WaveformGenerator: Audio format: audio/raw, Duration: 292s, Target samples: 256
10-30 22:28:33.555  8091  8143 D WaveformGenerator: ⏱️ PROFILING: Codec creation and start took 34ms
10-30 22:28:33.555  8091  8143 D WaveformGenerator: 🔀 Using PARALLEL processing with 6 threads
10-30 22:28:33.558  8091  8143 D WaveformGenerator: ⏱️ PROFILING: Parallel - Duration: 292s, Samples per thread: 42
10-30 22:28:33.558  8091  8136 D WaveformGenerator: ⏱️ PROFILING: Thread 0 - Processing segment 0s to 48s
10-30 22:28:33.559  8091  8137 D WaveformGenerator: ⏱️ PROFILING: Thread 1 - Processing segment 48s to 97s
10-30 22:28:33.559  8091  8135 D WaveformGenerator: ⏱️ PROFILING: Thread 2 - Processing segment 97s to 145s
10-30 22:28:33.559  8091  8217 D WaveformGenerator: ⏱️ PROFILING: Thread 4 - Processing segment 194s to 243s
10-30 22:28:33.561  8091  8140 D WaveformGenerator: ⏱️ PROFILING: Thread 5 - Processing segment 243s to 292s
10-30 22:28:33.562  8091  8133 D WaveformGenerator: ⏱️ PROFILING: Thread 3 - Processing segment 145s to 194s
10-30 22:28:33.640  8091  8135 D WaveformGenerator: ⏱️ PROFILING: Thread 2 - Setup: Extractor 51ms, Codec 29ms
10-30 22:28:33.644  8091  8133 D WaveformGenerator: ⏱️ PROFILING: Thread 3 - Setup: Extractor 42ms, Codec 35ms
10-30 22:28:33.651  8091  8140 D WaveformGenerator: ⏱️ PROFILING: Thread 5 - Setup: Extractor 47ms, Codec 42ms
10-30 22:28:33.658  8091  8217 D WaveformGenerator: ⏱️ PROFILING: Thread 4 - Setup: Extractor 59ms, Codec 39ms
10-30 22:28:33.667  8091  8136 D WaveformGenerator: ⏱️ PROFILING: Thread 0 - Setup: Extractor 68ms, Codec 37ms
10-30 22:28:33.668  8091  8137 D WaveformGenerator: ⏱️ PROFILING: Thread 1 - Setup: Extractor 64ms, Codec 45ms
10-30 22:28:33.884  8091  8217 D WaveformGenerator: ⏱️ PROFILING: Thread 4 - Seek: 64ms, Decode: 118ms
10-30 22:28:33.886  8091  8217 D WaveformGenerator: ⏱️ PROFILING: Thread 4 - Complete in 326ms, collected 42 samples
10-30 22:28:33.898  8091  8140 D WaveformGenerator: ⏱️ PROFILING: Thread 5 - Seek: 48ms, Decode: 153ms
10-30 22:28:33.898  8091  8140 D WaveformGenerator: ⏱️ PROFILING: Thread 5 - Complete in 338ms, collected 42 samples
10-30 22:28:33.900  8091  8135 D WaveformGenerator: ⏱️ PROFILING: Thread 2 - Seek: 49ms, Decode: 164ms
10-30 22:28:33.900  8091  8135 D WaveformGenerator: ⏱️ PROFILING: Thread 2 - Complete in 341ms, collected 42 samples
10-30 22:28:33.912  8091  8137 D WaveformGenerator: ⏱️ PROFILING: Thread 1 - Seek: 52ms, Decode: 147ms
10-30 22:28:33.912  8091  8137 D WaveformGenerator: ⏱️ PROFILING: Thread 1 - Complete in 354ms, collected 42 samples
10-30 22:28:33.912  8091  8133 D WaveformGenerator: ⏱️ PROFILING: Thread 3 - Seek: 71ms, Decode: 153ms
10-30 22:28:33.913  8091  8133 D WaveformGenerator: ⏱️ PROFILING: Thread 3 - Complete in 351ms, collected 42 samples
10-30 22:28:33.923  8091  8136 D WaveformGenerator: ⏱️ PROFILING: Thread 0 - Seek: 68ms, Decode: 149ms
10-30 22:28:33.923  8091  8136 D WaveformGenerator: ⏱️ PROFILING: Thread 0 - Complete in 365ms, collected 42 samples
10-30 22:28:33.926  8091  8136 D WaveformGenerator: ⏱️ PROFILING: Parallel - Combined 252 samples from 6 threads
10-30 22:28:33.926  8091  8136 D WaveformGenerator: ⏱️ PROFILING: PCM extraction took 371ms for 252 samples
10-30 22:28:33.927  8091  8136 D WaveformGenerator: ⏱️ PROFILING: Average time per sample: 1ms
10-30 22:28:33.927  8091  8136 D WaveformGenerator: Extracted 252 PCM samples
10-30 22:28:33.927  8091  8136 D WaveformGenerator: ⏱️ PROFILING: Downsampling took 0ms
10-30 22:28:33.927  8091  8136 D WaveformGenerator: ⏱️ PROFILING: ===== TOTAL GENERATION TIME: 446ms =====
10-30 22:28:33.927  8091  8136 D WaveformGenerator: ⏱️ PROFILING: Breakdown - Extractor: 32ms, Track: 5ms, Codec: 34ms, Extraction: 371ms, Downsample: 0ms
10-30 22:28:33.928  8091  8136 D WaveformGenerator: Generated waveform with 256 samples
10-30 22:28:33.928  8091  8136 D WaveformGenerator: ✅ Waveform generated: 256 samples
10-30 22:28:40.585  8091  8091 D WaveformGenerator: LaunchedEffect triggered for file: Daniel Hokum - Across the Babylon  [It's good to be a tree].aiff
10-30 22:28:40.657  8091  8091 D WaveformGenerator: Starting waveform generation for: Daniel Hokum - Across the Babylon  [It's good to be a tree].aiff
10-30 22:28:40.658  8091  8091 D WaveformGenerator: File size: 70.8MB
10-30 22:28:40.659  8091  8133 D WaveformGenerator: Generating waveform for: Daniel Hokum - Across the Babylon  [It's good to be a tree].aiff
10-30 22:28:40.660  8091  8133 D WaveformGenerator: Requesting 256 samples for any duration
10-30 22:28:40.660  8091  8133 D WaveformGenerator: ⏱️ PROFILING: Starting waveform generation for URI: content://com.android.externalstorage.documents/tree/primary%3AResults/document/primary%3AResults%2FLiked%2FDaniel%20Hokum%20-%20Across%20the%20Babylon%20%20%5BIt's%20good%20to%20be%20a%20tree%5D.aiff
10-30 22:28:40.662  8091  8133 D WaveformGenerator: ⏱️ PROFILING: Target samples: 256
10-30 22:28:40.662  8091  8133 D WaveformGenerator: 🎵 AIFF format detected - Using libvlc decoder
10-30 22:28:40.663  8091  8133 D WaveformGenerator: 🎵 Starting AIFF waveform generation
10-30 22:28:40.854  8091  8133 D WaveformGenerator: ⏱️ PROFILING: AIFF copy to temp took 190ms
10-30 22:28:40.862  8091  8133 D WaveformGenerator: ✅ Generated simplified AIFF waveform with 256 samples
10-30 22:28:40.863  8091  8133 D WaveformGenerator: ⏱️ PROFILING: AIFF parsing and waveform generation took 9ms
10-30 22:28:40.863  8091  8133 D WaveformGenerator: ⏱️ PROFILING: Total AIFF waveform generation: 200ms
10-30 22:28:40.874  8091  8133 D WaveformGenerator: ⏱️ PROFILING: ===== TOTAL AIFF GENERATION TIME: 214ms =====
10-30 22:28:40.874  8091  8133 D WaveformGenerator: ✅ AIFF waveform generated: 256 samples
10-30 22:28:40.874  8091  8133 D WaveformGenerator: ✅ Waveform generated: 256 samples
10-30 22:28:48.762  8091  8091 D WaveformGenerator: LaunchedEffect triggered for file: B2 Minube - Front View VINYL ONLY  [readred].aiff
10-30 22:28:48.835  8091  8091 D WaveformGenerator: Starting waveform generation for: B2 Minube - Front View VINYL ONLY  [readred].aiff
10-30 22:28:48.835  8091  8091 D WaveformGenerator: File size: 71.4MB
10-30 22:28:48.837  8091  8137 D WaveformGenerator: Generating waveform for: B2 Minube - Front View VINYL ONLY  [readred].aiff
10-30 22:28:48.838  8091  8137 D WaveformGenerator: Requesting 256 samples for any duration
10-30 22:28:48.841  8091  8137 D WaveformGenerator: ⏱️ PROFILING: Starting waveform generation for URI: content://com.android.externalstorage.documents/tree/primary%3AResults/document/primary%3AResults%2FLiked%2FB2%20Minube%20-%20Front%20View%20VINYL%20ONLY%20%20%5Breadred%5D.aiff
10-30 22:28:48.843  8091  8137 D WaveformGenerator: ⏱️ PROFILING: Target samples: 256
10-30 22:28:48.844  8091  8137 D WaveformGenerator: 🎵 AIFF format detected - Using libvlc decoder
10-30 22:28:48.845  8091  8137 D WaveformGenerator: 🎵 Starting AIFF waveform generation
10-30 22:28:49.006  8091  8137 D WaveformGenerator: ⏱️ PROFILING: AIFF copy to temp took 160ms
10-30 22:28:49.015  8091  8137 D WaveformGenerator: ✅ Generated simplified AIFF waveform with 256 samples
10-30 22:28:49.015  8091  8137 D WaveformGenerator: ⏱️ PROFILING: AIFF parsing and waveform generation took 9ms
10-30 22:28:49.015  8091  8137 D WaveformGenerator: ⏱️ PROFILING: Total AIFF waveform generation: 170ms
10-30 22:28:49.024  8091  8137 D WaveformGenerator: ⏱️ PROFILING: ===== TOTAL AIFF GENERATION TIME: 185ms =====
10-30 22:28:49.024  8091  8137 D WaveformGenerator: ✅ AIFF waveform generated: 256 samples
10-30 22:28:49.024  8091  8137 D WaveformGenerator: ✅ Waveform generated: 256 samples
10-30 22:29:15.173  8091  8091 D WaveformGenerator: LaunchedEffect triggered for file: Fedde Le Grand - Here Comes That Sound (Extended Mix) [Darklight Recordings].wav
10-30 22:29:15.246  8091  8091 D WaveformGenerator: Starting waveform generation for: Fedde Le Grand - Here Comes That Sound (Extended Mix) [Darklight Recordings].wav
10-30 22:29:15.246  8091  8091 D WaveformGenerator: File size: 44.1MB
10-30 22:29:15.247  8091  8133 D WaveformGenerator: Generating waveform for: Fedde Le Grand - Here Comes That Sound (Extended Mix) [Darklight Recordings].wav
10-30 22:29:15.247  8091  8133 D WaveformGenerator: Requesting 256 samples for any duration
10-30 22:29:15.248  8091  8133 D WaveformGenerator: ⏱️ PROFILING: Starting waveform generation for URI: content://com.android.externalstorage.documents/tree/primary%3AResults/document/primary%3AResults%2FLiked%2FFedde%20Le%20Grand%20-%20Here%20Comes%20That%20Sound%20(Extended%20Mix)%20%5BDarklight%20Recordings%5D.wav
10-30 22:29:15.250  8091  8133 D WaveformGenerator: ⏱️ PROFILING: Target samples: 256
10-30 22:29:15.279  8091  8133 D WaveformGenerator: ⏱️ PROFILING: Extractor setup took 29ms
10-30 22:29:15.282  8091  8133 D WaveformGenerator: ⏱️ PROFILING: Track selection took 1ms
10-30 22:29:15.282  8091  8133 D WaveformGenerator: Audio format: audio/raw, Duration: 261s, Target samples: 256
10-30 22:29:15.304  8091  8133 D WaveformGenerator: ⏱️ PROFILING: Codec creation and start took 21ms
10-30 22:29:15.304  8091  8133 D WaveformGenerator: 🔀 Using PARALLEL processing with 6 threads
10-30 22:29:15.306  8091  8133 D WaveformGenerator: ⏱️ PROFILING: Parallel - Duration: 261s, Samples per thread: 42
10-30 22:29:15.309  8091  8133 D WaveformGenerator: ⏱️ PROFILING: Thread 5 - Processing segment 217s to 261s
10-30 22:29:15.309  8091  8137 D WaveformGenerator: ⏱️ PROFILING: Thread 0 - Processing segment 0s to 43s
10-30 22:29:15.309  8091  8140 D WaveformGenerator: ⏱️ PROFILING: Thread 1 - Processing segment 43s to 87s
10-30 22:29:15.310  8091  8217 D WaveformGenerator: ⏱️ PROFILING: Thread 3 - Processing segment 130s to 174s
10-30 22:29:15.310  8091  8141 D WaveformGenerator: ⏱️ PROFILING: Thread 2 - Processing segment 87s to 130s
10-30 22:29:15.312  8091  8136 D WaveformGenerator: ⏱️ PROFILING: Thread 4 - Processing segment 174s to 217s
10-30 22:29:15.378  8091  8136 D WaveformGenerator: ⏱️ PROFILING: Thread 4 - Setup: Extractor 33ms, Codec 32ms
10-30 22:29:15.381  8091  8133 D WaveformGenerator: ⏱️ PROFILING: Thread 5 - Setup: Extractor 34ms, Codec 37ms
10-30 22:29:15.393  8091  8140 D WaveformGenerator: ⏱️ PROFILING: Thread 1 - Setup: Extractor 38ms, Codec 45ms
10-30 22:29:15.394  8091  8137 D WaveformGenerator: ⏱️ PROFILING: Thread 0 - Setup: Extractor 52ms, Codec 30ms
10-30 22:29:15.394  8091  8141 D WaveformGenerator: ⏱️ PROFILING: Thread 2 - Setup: Extractor 53ms, Codec 31ms
10-30 22:29:15.402  8091  8217 D WaveformGenerator: ⏱️ PROFILING: Thread 3 - Setup: Extractor 53ms, Codec 38ms
10-30 22:29:15.689  8091  8137 D WaveformGenerator: ⏱️ PROFILING: Thread 0 - Seek: 6ms, Decode: 251ms
10-30 22:29:15.689  8091  8137 D WaveformGenerator: ⏱️ PROFILING: Thread 0 - Complete in 380ms, collected 42 samples
10-30 22:29:15.725  8091  8217 D WaveformGenerator: ⏱️ PROFILING: Thread 3 - Seek: 7ms, Decode: 276ms
10-30 22:29:15.726  8091  8217 D WaveformGenerator: ⏱️ PROFILING: Thread 3 - Complete in 417ms, collected 42 samples
10-30 22:29:15.738  8091  8136 D WaveformGenerator: ⏱️ PROFILING: Thread 4 - Seek: 10ms, Decode: 309ms
10-30 22:29:15.738  8091  8136 D WaveformGenerator: ⏱️ PROFILING: Thread 4 - Complete in 429ms, collected 42 samples
10-30 22:29:15.752  8091  8140 D WaveformGenerator: ⏱️ PROFILING: Thread 1 - Seek: 13ms, Decode: 308ms
10-30 22:29:15.752  8091  8140 D WaveformGenerator: ⏱️ PROFILING: Thread 1 - Complete in 443ms, collected 42 samples
10-30 22:29:15.787  8091  8133 D WaveformGenerator: ⏱️ PROFILING: Thread 5 - Seek: 20ms, Decode: 345ms
10-30 22:29:15.787  8091  8133 D WaveformGenerator: ⏱️ PROFILING: Thread 5 - Complete in 478ms, collected 42 samples
10-30 22:29:15.803  8091  8141 D WaveformGenerator: ⏱️ PROFILING: Thread 2 - Seek: 13ms, Decode: 358ms
10-30 22:29:15.804  8091  8141 D WaveformGenerator: ⏱️ PROFILING: Thread 2 - Complete in 495ms, collected 42 samples
10-30 22:29:15.808  8091  8141 D WaveformGenerator: ⏱️ PROFILING: Parallel - Combined 252 samples from 6 threads
10-30 22:29:15.809  8091  8141 D WaveformGenerator: ⏱️ PROFILING: PCM extraction took 505ms for 252 samples
10-30 22:29:15.809  8091  8141 D WaveformGenerator: ⏱️ PROFILING: Average time per sample: 2ms
10-30 22:29:15.809  8091  8141 D WaveformGenerator: Extracted 252 PCM samples
10-30 22:29:15.809  8091  8141 D WaveformGenerator: ⏱️ PROFILING: Downsampling took 0ms
10-30 22:29:15.810  8091  8141 D WaveformGenerator: ⏱️ PROFILING: ===== TOTAL GENERATION TIME: 561ms =====
10-30 22:29:15.810  8091  8141 D WaveformGenerator: ⏱️ PROFILING: Breakdown - Extractor: 29ms, Track: 1ms, Codec: 21ms, Extraction: 505ms, Downsample: 0ms
10-30 22:29:15.810  8091  8141 D WaveformGenerator: Generated waveform with 256 samples
10-30 22:29:15.810  8091  8141 D WaveformGenerator: ✅ Waveform generated: 256 samples
10-30 22:30:41.853  9182  9182 D WaveformGenerator: LaunchedEffect triggered for file: null
10-30 22:30:41.954  9182  9182 D WaveformGenerator: No current file, clearing waveform data
10-30 22:30:44.725  9182  9182 D WaveformGenerator: LaunchedEffect triggered for file: The Magician VS The Police - When The Night Is Over Roxanne (Claptone Remix).mp3
10-30 22:30:44.798  9182  9182 D WaveformGenerator: Starting waveform generation for: The Magician VS The Police - When The Night Is Over Roxanne (Claptone Remix).mp3
10-30 22:30:44.798  9182  9182 D WaveformGenerator: File size: 13.1MB
10-30 22:30:44.799  9182  9228 D WaveformGenerator: Generating waveform for: The Magician VS The Police - When The Night Is Over Roxanne (Claptone Remix).mp3
10-30 22:30:44.804  9182  9228 D WaveformGenerator: Requesting 256 samples for any duration
10-30 22:30:44.810  9182  9228 D WaveformGenerator: ⏱️ PROFILING: Starting waveform generation for URI: content://com.android.externalstorage.documents/tree/primary%3AAndroid%2Fmedia%2Fcom.whatsapp%2FWhatsApp%2FMedia%2FWhatsApp%20Documents%2FPrivate/document/primary%3AAndroid%2Fmedia%2Fcom.whatsapp%2FWhatsApp%2FMedia%2FWhatsApp%20Documents%2FPrivate%2FThe%20Magician%20VS%20The%20Police%20-%20When%20The%20Night%20Is%20Over%20Roxanne%20(Claptone%20Remix).mp3
10-30 22:30:44.811  9182  9228 D WaveformGenerator: ⏱️ PROFILING: Target samples: 256
10-30 22:30:44.840  9182  9228 D WaveformGenerator: ⏱️ PROFILING: Extractor setup took 29ms
10-30 22:30:44.843  9182  9228 D WaveformGenerator: ⏱️ PROFILING: Track selection took 3ms
10-30 22:30:44.843  9182  9228 D WaveformGenerator: Audio format: audio/mpeg, Duration: 341s, Target samples: 256
10-30 22:30:44.935  9182  9228 D WaveformGenerator: ⏱️ PROFILING: Codec creation and start took 92ms
10-30 22:30:44.936  9182  9228 D WaveformGenerator: 🔀 Using PARALLEL processing with 6 threads
10-30 22:30:44.955  9182  9228 D WaveformGenerator: ⏱️ PROFILING: Parallel - Duration: 341s, Samples per thread: 42
10-30 22:30:44.956  9182  9234 D WaveformGenerator: ⏱️ PROFILING: Thread 0 - Processing segment 0s to 56s
10-30 22:30:44.957  9182  9237 D WaveformGenerator: ⏱️ PROFILING: Thread 2 - Processing segment 113s to 170s
10-30 22:30:44.957  9182  9227 D WaveformGenerator: ⏱️ PROFILING: Thread 1 - Processing segment 56s to 113s
10-30 22:30:44.959  9182  9235 D WaveformGenerator: ⏱️ PROFILING: Thread 3 - Processing segment 170s to 227s
10-30 22:30:44.959  9182  9232 D WaveformGenerator: ⏱️ PROFILING: Thread 4 - Processing segment 227s to 284s
10-30 22:30:44.961  9182  9230 D WaveformGenerator: ⏱️ PROFILING: Thread 5 - Processing segment 284s to 341s
10-30 22:30:45.057  9182  9232 D WaveformGenerator: ⏱️ PROFILING: Thread 4 - Setup: Extractor 55ms, Codec 41ms
10-30 22:30:45.065  9182  9227 D WaveformGenerator: ⏱️ PROFILING: Thread 1 - Setup: Extractor 67ms, Codec 39ms
10-30 22:30:45.068  9182  9230 D WaveformGenerator: ⏱️ PROFILING: Thread 5 - Setup: Extractor 49ms, Codec 57ms
10-30 22:30:45.071  9182  9234 D WaveformGenerator: ⏱️ PROFILING: Thread 0 - Setup: Extractor 69ms, Codec 45ms
10-30 22:30:45.091  9182  9235 D WaveformGenerator: ⏱️ PROFILING: Thread 3 - Setup: Extractor 89ms, Codec 43ms
10-30 22:30:45.091  9182  9237 D WaveformGenerator: ⏱️ PROFILING: Thread 2 - Setup: Extractor 83ms, Codec 50ms
10-30 22:30:45.619  9182  9227 D WaveformGenerator: ⏱️ PROFILING: Thread 1 - Seek: 314ms, Decode: 191ms
10-30 22:30:45.620  9182  9227 D WaveformGenerator: ⏱️ PROFILING: Thread 1 - Complete in 663ms, collected 42 samples
10-30 22:30:45.635  9182  9235 D WaveformGenerator: ⏱️ PROFILING: Thread 3 - Seek: 291ms, Decode: 208ms
10-30 22:30:45.635  9182  9235 D WaveformGenerator: ⏱️ PROFILING: Thread 3 - Complete in 676ms, collected 42 samples
10-30 22:30:45.639  9182  9230 D WaveformGenerator: ⏱️ PROFILING: Thread 5 - Seek: 331ms, Decode: 192ms
10-30 22:30:45.641  9182  9230 D WaveformGenerator: ⏱️ PROFILING: Thread 5 - Complete in 682ms, collected 41 samples
10-30 22:30:45.645  9182  9237 D WaveformGenerator: ⏱️ PROFILING: Thread 2 - Seek: 328ms, Decode: 182ms
10-30 22:30:45.646  9182  9237 D WaveformGenerator: ⏱️ PROFILING: Thread 2 - Complete in 690ms, collected 42 samples
10-30 22:30:45.647  9182  9232 D WaveformGenerator: ⏱️ PROFILING: Thread 4 - Seek: 347ms, Decode: 195ms
10-30 22:30:45.647  9182  9232 D WaveformGenerator: ⏱️ PROFILING: Thread 4 - Complete in 688ms, collected 42 samples
10-30 22:30:45.650  9182  9234 D WaveformGenerator: ⏱️ PROFILING: Thread 0 - Seek: 348ms, Decode: 189ms
10-30 22:30:45.650  9182  9234 D WaveformGenerator: ⏱️ PROFILING: Thread 0 - Complete in 694ms, collected 42 samples
10-30 22:30:45.654  9182  9234 D WaveformGenerator: ⏱️ PROFILING: Parallel - Combined 251 samples from 6 threads
10-30 22:30:45.655  9182  9234 D WaveformGenerator: ⏱️ PROFILING: PCM extraction took 718ms for 251 samples
10-30 22:30:45.655  9182  9234 D WaveformGenerator: ⏱️ PROFILING: Average time per sample: 2ms
10-30 22:30:45.655  9182  9234 D WaveformGenerator: Extracted 251 PCM samples
10-30 22:30:45.655  9182  9234 D WaveformGenerator: ⏱️ PROFILING: Downsampling took 0ms
10-30 22:30:45.656  9182  9234 D WaveformGenerator: ⏱️ PROFILING: ===== TOTAL GENERATION TIME: 846ms =====
10-30 22:30:45.656  9182  9234 D WaveformGenerator: ⏱️ PROFILING: Breakdown - Extractor: 29ms, Track: 3ms, Codec: 92ms, Extraction: 718ms, Downsample: 0ms
10-30 22:30:45.656  9182  9234 D WaveformGenerator: Generated waveform with 256 samples
10-30 22:30:45.656  9182  9234 D WaveformGenerator: ✅ Waveform generated: 256 samples
10-30 22:30:51.544  9182  9182 D WaveformGenerator: LaunchedEffect triggered for file: Danidane - Spirit Soul [VILLAHANGAR].aiff
10-30 22:30:51.616  9182  9182 D WaveformGenerator: Starting waveform generation for: Danidane - Spirit Soul [VILLAHANGAR].aiff
10-30 22:30:51.616  9182  9182 D WaveformGenerator: File size: 53.0MB
10-30 22:30:51.620  9182  9232 D WaveformGenerator: Generating waveform for: Danidane - Spirit Soul [VILLAHANGAR].aiff
10-30 22:30:51.624  9182  9232 D WaveformGenerator: Requesting 256 samples for any duration
10-30 22:30:51.625  9182  9232 D WaveformGenerator: ⏱️ PROFILING: Starting waveform generation for URI: content://com.android.externalstorage.documents/tree/primary%3AResults/document/primary%3AResults%2FLiked%2FDanidane%20-%20Spirit%20Soul%20%5BVILLAHANGAR%5D.aiff
10-30 22:30:51.625  9182  9232 D WaveformGenerator: ⏱️ PROFILING: Target samples: 256
10-30 22:30:51.625  9182  9232 D WaveformGenerator: 🎵 AIFF format detected - Using libvlc decoder
10-30 22:30:51.627  9182  9232 D WaveformGenerator: 🎵 Starting AIFF waveform generation
10-30 22:30:51.947  9182  9232 D WaveformGenerator: ⏱️ PROFILING: AIFF copy to temp took 318ms
10-30 22:30:51.948  9182  9232 D WaveformGenerator: 📊 Valid AIFF file detected: AIFF
10-30 22:30:51.949  9182  9232 D WaveformGenerator: 📦 Found chunk: COMT, size: 26
10-30 22:30:51.951  9182  9232 D WaveformGenerator: 📦 Found chunk: COMM, size: 18
10-30 22:30:51.951  9182  9232 D WaveformGenerator: 🎵 COMM: channels=2, bits=16
10-30 22:30:51.952  9182  9232 D WaveformGenerator: 📦 Found chunk: SSND, size: 55435492
10-30 22:30:51.954  9182  9232 D WaveformGenerator: 🎵 SSND found at offset 88, size: 55435484 bytes
10-30 22:30:51.955  9182  9232 D WaveformGenerator: 📊 Sampling AIFF: frameSize=4, ssndSize=55435484
10-30 22:30:52.040  9182  9232 D WaveformGenerator: ✅ Generated AIFF waveform: min=10, max=71, avg=44
10-30 22:30:52.040  9182  9232 D WaveformGenerator: ⏱️ PROFILING: AIFF parsing and waveform generation took 93ms
10-30 22:30:52.041  9182  9232 D WaveformGenerator: ⏱️ PROFILING: Total AIFF waveform generation: 413ms
10-30 22:30:52.073  9182  9232 D WaveformGenerator: ⏱️ PROFILING: ===== TOTAL AIFF GENERATION TIME: 447ms =====
10-30 22:30:52.073  9182  9232 D WaveformGenerator: ✅ AIFF waveform generated: 256 samples
