11-10 15:53:28.121 14132  7906 I EuiccGoogle: [1179] EuiccServiceImpl.onGetEuiccProfileInfoList: onGetEuiccProfileInfoList: Profile info = EuiccProfileInfo (nickname=1GLOBAL, serviceProviderName=1GLOBAL, profileName=1GLOBAL, profileClass=2, state=0, CarrierIdentifier=CarrierIdentifier{mcc=204,mnc=08,spn=null,imsi=null,gid1=547275554B3030656E,gid2=547275554B3030656E,carrierid=-1,specificCarrierId=-1}, policyRules=0, accessRules=[cert: 52F308E2848EBF1FEA098A565D54A17B1CA9747D pkg: com.revolut.revolut access: 1, cert: BB9216C690E2EC5CF9FEF6E4D02E7B40ED159143 pkg: com.revolut.revolut access: 1], iccid=894447861[****]).
11-10 15:53:28.122  1884  4373 D LauncherAppsService: getActivityLaunchIntent callingPackage=com.android.systemui component=ComponentInfo{com.rlg.future.robot.transform.car.racing/com.unity3d.player.UnityPlayerActivity} user=UserHandle{0}
11-10 15:53:28.122  1884  4373 D LauncherAppsService: getActivityLaunchIntent callingPackage=com.android.systemui component=ComponentInfo{com.sameday.client.mobile/com.sameday.client.mobile.MainActivity} user=UserHandle{0}
11-10 15:53:28.123  1884  4398 D LauncherAppsService: getActivityLaunchIntent callingPackage=com.android.systemui component=ComponentInfo{com.smmservice.authenticator/com.smmservice.authenticator.presentation.ui.activity.MainActivity} user=UserHandle{0}
11-10 15:53:28.123  1884  4373 D LauncherAppsService: getActivityLaunchIntent callingPackage=com.android.systemui component=ComponentInfo{com.soundcloud.android/com.soundcloud.android.launcher.LauncherActivity} user=UserHandle{0}
11-10 15:53:28.124  3130  3339 D EuiccConnector: handleMessage: E msg.what=6
11-10 15:53:28.124  3130  3339 D EuiccConnector: processMsg: ConnectedState
11-10 15:53:28.124  3130  3339 D EuiccConnector: handleMessage: X
11-10 15:53:28.124  1884  4373 D LauncherAppsService: getActivityLaunchIntent callingPackage=com.android.systemui component=ComponentInfo{com.splendapps.decibel/com.splendapps.decibel.MainActivity} user=UserHandle{0}
11-10 15:53:28.126  7880  7880 I MAMInfo : MAMInfo initialized. Debug=false, Agent=PRODUCTION, ManagedDialogDisabled=false, PolicyRequired=false, MultiIdentityEnabled=true, FullBackupContent=true, DataExtractionRules=true, UseDefaultEnrollment=false, ExceptionOnInit=false, Debuggable=false, IsolatedProcessesAllowed=false
11-10 15:53:28.126  1431  2167 W USF     : USF_API: Drop flicker data, cannot find sampling_id:84682!
11-10 15:53:28.127  1884  4372 D LauncherAppsService: getActivityLaunchIntent callingPackage=com.android.systemui component=ComponentInfo{com.starplay.spider.fighter.openworld/com.superlevel.fighting.GameActivity} user=UserHandle{0}
11-10 15:53:28.127  1884  4373 D LauncherAppsService: getActivityLaunchIntent callingPackage=com.android.systemui component=ComponentInfo{com.twitter.android/com.twitter.android.StartActivity} user=UserHandle{0}
11-10 15:53:28.128  1884  4373 D LauncherAppsService: getActivityLaunchIntent callingPackage=com.android.systemui component=ComponentInfo{com.upromania.superup/com.gcd.ro.solde.superup.ui.splash.SuperUpSplashActivity} user=UserHandle{0}
11-10 15:53:28.128  1884  4373 D LauncherAppsService: getActivityLaunchIntent callingPackage=com.android.systemui component=ComponentInfo{com.wallapop/com.wallapop.activities.HomeActivity} user=UserHandle{0}
11-10 15:53:28.129  1884  4373 D LauncherAppsService: getActivityLaunchIntent callingPackage=com.android.systemui component=ComponentInfo{com.waze/com.waze.FreeMapAppActivity} user=UserHandle{0}
11-10 15:53:28.129  1884  4373 D LauncherAppsService: getActivityLaunchIntent callingPackage=com.android.systemui component=ComponentInfo{com.whatsapp/com.whatsapp.Main} user=UserHandle{0}
11-10 15:53:28.130  1884  4373 D LauncherAppsService: getActivityLaunchIntent callingPackage=com.android.systemui component=ComponentInfo{com.zhiliaoapp.musically/com.ss.android.ugc.aweme.splash.SplashActivity} user=UserHandle{0}
11-10 15:53:28.130  1884  4372 D LauncherAppsService: getActivityLaunchIntent callingPackage=com.android.systemui component=ComponentInfo{de.mobile.android.app/de.mobile.android.app.splash.Splash} user=UserHandle{0}
11-10 15:53:28.131  1884  2920 W SignedPackage: Cannot get ApplicationInfo for package: com.google.android.devicelockcontroller
11-10 15:53:28.131  1884  4372 D LauncherAppsService: getActivityLaunchIntent callingPackage=com.android.systemui component=ComponentInfo{epson.print/epson.print.WellcomeScreenActivity} user=UserHandle{0}
11-10 15:53:28.131  4276  4276 W MediaProvider: WorkProfileOwnerApps cache is empty
11-10 15:53:28.131  1884  4372 D LauncherAppsService: getActivityLaunchIntent callingPackage=com.android.systemui component=ComponentInfo{fr.vinted/com.vinted.feature.shell.MDActivity} user=UserHandle{0}
11-10 15:53:28.132  1884  4372 D LauncherAppsService: getActivityLaunchIntent callingPackage=com.android.systemui component=ComponentInfo{io.supercent.linkedcubic/com.unity3d.player.UnityPlayerActivity} user=UserHandle{0}
11-10 15:53:28.132  4276  4276 D PickerSyncLockManager: Trying to acquire lock com.android.providers.media.photopicker.sync.CloseableReentrantLock@3c14634[Unlocked]. Lock Name = CLOUD_PROVIDER_LOCK. Threads that may be waiting to acquire this lock = []
11-10 15:53:28.132  4276  4276 D CloseableReentrantLock: Successfully acquired lock com.android.providers.media.photopicker.sync.CloseableReentrantLock@3c14634[Locked by thread main]. Lock Name = CLOUD_PROVIDER_LOCK. Threads that may be waiting to acquire this lock = []
11-10 15:53:28.132  4276  4276 D CloseableReentrantLock: Successfully released lock com.android.providers.media.photopicker.sync.CloseableReentrantLock@3c14634[Unlocked]. Lock Name = CLOUD_PROVIDER_LOCK. Threads that may be waiting to acquire this lock = []
11-10 15:53:28.133  1884  4373 D LauncherAppsService: getActivityLaunchIntent callingPackage=com.android.systemui component=ComponentInfo{io.voodoo.holeio/com.google.firebase.MessagingUnityPlayerActivity} user=UserHandle{0}
11-10 15:53:28.136 24892 24892 W AiAiSmartNotification: ACTION_PACKAGE_ADDED: play_store_category_list.csv is null!
11-10 15:53:28.136  1431  2167 W USF     : USF_API: Drop flicker data, cannot find sampling_id:84682!
11-10 15:53:28.140  1884  4398 D LauncherAppsService: getActivityLaunchIntent callingPackage=com.android.systemui component=ComponentInfo{io.voodoo.paper2/com.unity3d.player.UnityPlayerActivity} user=UserHandle{0}
11-10 15:53:28.140  7880  7880 D ApplicationLoaders: Returning zygote-cached class loader: /system/framework/org.apache.http.legacy.jar
11-10 15:53:28.140  7880  7880 D ApplicationLoaders: Returning zygote-cached class loader: /system_ext/framework/androidx.window.extensions.jar
11-10 15:53:28.140  7880  7880 D ApplicationLoaders: Returning zygote-cached class loader: /system_ext/framework/androidx.window.sidecar.jar
11-10 15:53:28.141 12933 12933 V BaseDepthController: Applying blur: 0 to Surface(name=com.google.android.apps.nexuslauncher/com.google.android.apps.nexuslauncher.NexusLauncherActivity)/@0x828e58a
11-10 15:53:28.142  1884  4372 D LauncherAppsService: getActivityLaunchIntent callingPackage=com.android.systemui component=ComponentInfo{nl.marktplaats.android/com.horizon.android.feature.feeds.homepage.SpringboardActivity} user=UserHandle{0}
11-10 15:53:28.144  1884  1956 W AccessibilityWindowsPopulator: Windows change within in 2 frames continuously over 500 ms and notify windows changed immediately
11-10 15:53:28.146  1884  4372 D LauncherAppsService: getActivityLaunchIntent callingPackage=com.android.systemui component=ComponentInfo{org.chromium.webapk.a15bc299c036bd0c4_v2/org.chromium.webapk.shell_apk.h2o.H2OOpaqueMainActivity} user=UserHandle{0}
11-10 15:53:28.146  1431  2167 W USF     : USF_API: Drop flicker data, cannot find sampling_id:84682!
11-10 15:53:28.148  1884  5488 D LauncherAppsService: getActivityLaunchIntent callingPackage=com.android.systemui component=ComponentInfo{org.chromium.webapk.acf6f8d2b6ee0ba22_v2/org.chromium.webapk.shell_apk.h2o.H2OOpaqueMainActivity} user=UserHandle{0}
11-10 15:53:28.148  1884  5488 D LauncherAppsService: getActivityLaunchIntent callingPackage=com.android.systemui component=ComponentInfo{org.devcore.mixingstation/org.devcore.ms.android.MsAndroidLauncher} user=UserHandle{0}
11-10 15:53:28.150  7880  7880 D nativeloader: Configuring clns-10 for other apk /data/app/~~gDKrSmbVvX6P9wcjLMxTQg==/com.microsoft.windowsintune.companyportal-P3edXCsFmNOGIWZej4jgQQ==/base.apk. target_sdk_version=35, uses_libraries=, library_path=/data/app/~~gDKrSmbVvX6P9wcjLMxTQg==/com.microsoft.windowsintune.companyportal-P3edXCsFmNOGIWZej4jgQQ==/lib/arm64:/data/app/~~gDKrSmbVvX6P9wcjLMxTQg==/com.microsoft.windowsintune.companyportal-P3edXCsFmNOGIWZej4jgQQ==/base.apk!/lib/arm64-v8a, permitted_path=/data:/mnt/expand
11-10 15:53:28.152  1884  4372 D ActivityManager: sync unfroze 30907 com.google.android.gms for 6
11-10 15:53:28.153  1884  4372 D ActivityManager: sync unfroze 10405 com.google.android.webview:sandboxed_process0:org.chromium.content.app.SandboxedProcessService0:0 for 6
11-10 15:53:28.153 30907 30907 D ActivityThread: Package [com.example.mobiledigger] reported as REPLACED, but missing application info. Assuming REMOVED.
11-10 15:53:28.154 30907 30907 D ActivityThread: Package [com.example.mobiledigger] reported as REPLACED, but missing application info. Assuming REMOVED.
11-10 15:53:28.154 10405 10405 D ActivityThread: Package [com.example.mobiledigger] reported as REPLACED, but missing application info. Assuming REMOVED.
11-10 15:53:28.154 10405 10405 D ActivityThread: Package [com.example.mobiledigger] reported as REPLACED, but missing application info. Assuming REMOVED.
11-10 15:53:28.156  1884  4373 D LauncherAppsService: getActivityLaunchIntent callingPackage=com.android.systemui component=ComponentInfo{org.intoorbit.spectrum/org.intoorbit.spectrum.SpectrumActivity} user=UserHandle{0}
11-10 15:53:28.156  1431  2167 W USF     : USF_API: Drop flicker data, cannot find sampling_id:84682!
11-10 15:53:28.159  1884  4372 D LauncherAppsService: getActivityLaunchIntent callingPackage=com.android.systemui component=ComponentInfo{org.localsend.localsend_app/org.localsend.localsend_app.MainActivity} user=UserHandle{0}
11-10 15:53:28.160  1884  4372 D LauncherAppsService: getActivityLaunchIntent callingPackage=com.android.systemui component=ComponentInfo{org.telegram.messenger/org.telegram.messenger.DefaultIcon} user=UserHandle{0}
11-10 15:53:28.162  1884  5488 D LauncherAppsService: getActivityLaunchIntent callingPackage=com.android.systemui component=ComponentInfo{org.videolan.vlc/org.videolan.vlc.StartActivity} user=UserHandle{0}
11-10 15:53:28.166 12933 12933 V BaseDepthController: Applying blur: 0 to Surface(name=com.google.android.apps.nexuslauncher/com.google.android.apps.nexuslauncher.NexusLauncherActivity)/@0x828e58a
11-10 15:53:28.166  1431  2167 W USF     : USF_API: Drop flicker data, cannot find sampling_id:84682!
11-10 15:53:28.172 10605 10695 I ahiy    : (REDACTED) Invalidating %s caches for %s
11-10 15:53:28.176  1431  2167 W USF     : USF_API: Drop flicker data, cannot find sampling_id:84682!
11-10 15:53:28.186  1431  2167 W USF     : USF_API: Drop flicker data, cannot find sampling_id:84682!
11-10 15:53:28.188  7880  7924 D CompatChangeReporter: Compat change id reported: 270674727; UID 10311; state: ENABLED
11-10 15:53:28.191  1884  4373 D LauncherAppsService: getActivityLaunchIntent callingPackage=com.android.systemui component=ComponentInfo{ro.mercador/pl.tablica2.app.startup.activity.StartupActivity} user=UserHandle{0}
11-10 15:53:28.193  7880  7880 D CompatChangeReporter: Compat change id reported: 312399441; UID 10311; state: ENABLED
11-10 15:53:28.195  1884  5488 D LauncherAppsService: getActivityLaunchIntent callingPackage=com.android.systemui component=ComponentInfo{ro.orange.tvlive/app.solocoo.tv.solocoo.login.splash.SplashActivity} user=UserHandle{0}
11-10 15:53:28.196  1431  2167 W USF     : USF_API: Drop flicker data, cannot find sampling_id:84682!
11-10 15:53:28.198  1884  5488 D LauncherAppsService: getActivityLaunchIntent callingPackage=com.android.systemui component=ComponentInfo{ro.raiffeisen.eToken/ro.raiffeisen.eToken.launcher.LauncherActivity} user=UserHandle{0}
11-10 15:53:28.199 29449 29488 I Finsky  : [1126] AIM: AppInfoManager-Perf > ItemModel > CacheSize=190, cacheHitCount=0, cacheMissCount=0, total appsWithNoServerDataCount=4. Missed  in cache (limit 10) : []
11-10 15:53:28.200 12933 12933 V BaseDepthController: Applying blur: 0 to Surface(name=com.google.android.apps.nexuslauncher/com.google.android.apps.nexuslauncher.NexusLauncherActivity)/@0x828e58a
11-10 15:53:28.200  1884  2439 D LauncherAppsService: getActivityLaunchIntent callingPackage=com.android.systemui component=ComponentInfo{ro.raiffeisen.smartmobile/ro.raiffeisen.smartmobile.presentation.main.LauncherActivity} user=UserHandle{0}
11-10 15:53:28.203 10605 10695 I dlwm    : (REDACTED) Invalidation request: %s
11-10 15:53:28.206  1431  2167 W USF     : USF_API: Drop flicker data, cannot find sampling_id:84682!
11-10 15:53:28.208  7880  7880 W System  : Attempt to load writable file: /data/data/com.microsoft.teams/mam_libs/arm64-v8a/libmsmam-pre.so. This will throw on a future Android version
11-10 15:53:28.204  7880  7880 W microsoft.teams: type=1400 audit(0.0:207496): avc:  granted  { execute } for  path="/data/data/com.microsoft.teams/mam_libs/arm64-v8a/libmsmam-pre.so" dev="dm-75" ino=349768 scontext=u:r:untrusted_app:s0:c55,c257,c512,c768 tcontext=u:object_r:app_data_file:s0:c55,c257,c512,c768 tclass=file app=com.microsoft.teams
11-10 15:53:28.210  4488  7928 I ProximityAuth: [RecentAppsMediator] Package added: (user=UserHandle{0}) com.example.mobiledigger
11-10 15:53:28.208  7880  7880 W microsoft.teams: type=1400 audit(0.0:207497): avc:  granted  { execute } for  path="/data/data/com.microsoft.teams/mam_libs/arm64-v8a/aes/libwolfssl.so" dev="dm-75" ino=349770 scontext=u:r:untrusted_app:s0:c55,c257,c512,c768 tcontext=u:object_r:app_data_file:s0:c55,c257,c512,c768 tclass=file app=com.microsoft.teams
11-10 15:53:28.212  7880  7880 W microsoft.teams: type=1400 audit(0.0:207498): avc:  granted  { execute } for  path="/data/data/com.microsoft.teams/mam_libs/arm64-v8a/libmsmdmarp.so" dev="dm-75" ino=512925 scontext=u:r:untrusted_app:s0:c55,c257,c512,c768 tcontext=u:object_r:app_data_file:s0:c55,c257,c512,c768 tclass=file app=com.microsoft.teams
11-10 15:53:28.211  7880  7880 D nativeloader: Load /data/data/com.microsoft.teams/mam_libs/arm64-v8a/libmsmam-pre.so using class loader ns clns-10 (caller=/data/app/~~gDKrSmbVvX6P9wcjLMxTQg==/com.microsoft.windowsintune.companyportal-P3edXCsFmNOGIWZej4jgQQ==/base.apk!classes5.dex): ok
11-10 15:53:28.212  1884  4372 D ActivityManager: sync unfroze 24789 com.microsoft.windowsintune.companyportal:omadm_client_process for 7
11-10 15:53:28.213  7880  7880 W System  : Attempt to load writable file: /data/data/com.microsoft.teams/mam_libs/arm64-v8a/aes/libwolfssl.so. This will throw on a future Android version
11-10 15:53:28.213 24789 24789 D ActivityThread: Package [com.example.mobiledigger] reported as REPLACED, but missing application info. Assuming REMOVED.
11-10 15:53:28.214 24789 24789 D ActivityThread: Package [com.example.mobiledigger] reported as REPLACED, but missing application info. Assuming REMOVED.
11-10 15:53:28.215  7880  7880 D nativeloader: Load /data/data/com.microsoft.teams/mam_libs/arm64-v8a/aes/libwolfssl.so using class loader ns clns-10 (caller=/data/app/~~gDKrSmbVvX6P9wcjLMxTQg==/com.microsoft.windowsintune.companyportal-P3edXCsFmNOGIWZej4jgQQ==/base.apk!classes5.dex): ok
11-10 15:53:28.216 10605 10699 I ahiy    : (REDACTED) Invalidating %s caches for %s
11-10 15:53:28.216 10605 10699 I dlwm    : (REDACTED) Invalidation request: %s
11-10 15:53:28.216  7880  7880 W System  : Attempt to load writable file: /data/data/com.microsoft.teams/mam_libs/arm64-v8a/libmsmdmarp.so. This will throw on a future Android version
11-10 15:53:28.216  1431  2167 W USF     : USF_API: Drop flicker data, cannot find sampling_id:84682!
11-10 15:53:28.216  1428  2117 D BTAudioSessionAidl: GetSupportedLatencyModes - Supported LatencyMode= FREE
11-10 15:53:28.216  7880  7880 W microsoft.teams: type=1400 audit(0.0:207499): avc:  granted  { execute } for  path="/data/data/com.microsoft.teams/mam_libs/arm64-v8a/liborigin.so" dev="dm-75" ino=707180 scontext=u:r:untrusted_app:s0:c55,c257,c512,c768 tcontext=u:object_r:app_data_file:s0:c55,c257,c512,c768 tclass=file app=com.microsoft.teams
11-10 15:53:28.220  7880  7880 D nativeloader: Load /data/data/com.microsoft.teams/mam_libs/arm64-v8a/libmsmdmarp.so using class loader ns clns-10 (caller=/data/app/~~gDKrSmbVvX6P9wcjLMxTQg==/com.microsoft.windowsintune.companyportal-P3edXCsFmNOGIWZej4jgQQ==/base.apk!classes5.dex): ok
11-10 15:53:28.221  7880  7880 W System  : Attempt to load writable file: /data/data/com.microsoft.teams/mam_libs/arm64-v8a/liborigin.so. This will throw on a future Android version
11-10 15:53:28.223  7880  7880 D nativeloader: Load /data/data/com.microsoft.teams/mam_libs/arm64-v8a/liborigin.so using class loader ns clns-10 (caller=/data/app/~~gDKrSmbVvX6P9wcjLMxTQg==/com.microsoft.windowsintune.companyportal-P3edXCsFmNOGIWZej4jgQQ==/base.apk!classes5.dex): ok
11-10 15:53:28.226  1431  2167 W USF     : USF_API: Drop flicker data, cannot find sampling_id:84682!
11-10 15:53:28.226  7880  7880 W SQLiteCompatibilityWalFlags: Cannot read global setting sqlite_compatibility_wal_flags - Application state not available
11-10 15:53:28.229  1431  2167 W USF     : USF_API: Drop sample report, cannot find sampling_id:84682
11-10 15:53:28.229  4488  7923 I Fitness : (REDACTED) FitCleanupIntentOperation received Intent %s
11-10 15:53:28.233 12933 12933 V BaseDepthController: Applying blur: 0 to Surface(name=com.google.android.apps.nexuslauncher/com.google.android.apps.nexuslauncher.NexusLauncherActivity)/@0x828e58a
11-10 15:53:28.236 10605 10690 I duye    : (REDACTED) Invalidated ContextKey: %s for %s.
11-10 15:53:28.236  1431  2167 W USF     : USF_API: Drop flicker data, cannot find sampling_id:84682!
11-10 15:53:28.237 10605 10690 I duye    : (REDACTED) Invalidated ContextKey: %s for %s.
11-10 15:53:28.238 10605 10692 I duyn    : (REDACTED) Fetching ContextResult for ContextKey: %s. %s
11-10 15:53:28.238 10605 10696 I duyn    : (REDACTED) Fetching context keys %s. %s
11-10 15:53:28.239 10605 10696 I duyn    : (REDACTED) Fetching ContextResult for ContextKey: %s. %s
11-10 15:53:28.239 10605 10689 I dlxp    : (REDACTED) GetContext(%s, %s): %s from synchronized cache (status: %s)
11-10 15:53:28.239 10605 10696 I dluy    : (REDACTED) GetContext(%s, %s): Fetching from provider
11-10 15:53:28.242 10605 10690 I duyn    : (REDACTED) Fetching context keys %s. %s
11-10 15:53:28.243 10605 10695 I duyn    : (REDACTED) Fetching ContextResult for ContextKey: %s. %s
11-10 15:53:28.246  1431  2167 W USF     : USF_API: Drop flicker data, cannot find sampling_id:84682!
11-10 15:53:28.246 10605 10699 I duyn    : (REDACTED) Fetching ContextResult for ContextKey: %s. %s
11-10 15:53:28.249 10605 10691 I duyn    : (REDACTED) ContextResult succeeded for ContextKey: %s. %s
11-10 15:53:28.249 10605 10691 I duyh    : (REDACTED) Primary Locale: %s and preferred locales: %s, returned from Context API. %s
11-10 15:53:28.250 10605 10695 I dlxp    : (REDACTED) GetContext(%s, %s): %s from synchronized cache (status: %s)
11-10 15:53:28.251 10605 10695 I duyn    : (REDACTED) ContextResult succeeded for ContextKey: %s. %s
11-10 15:53:28.251 10605 10695 I duyh    : (REDACTED) Primary Locale: %s and preferred locales: %s, returned from Context API. %s
11-10 15:53:28.251 10605 10643 I dutu    : (REDACTED) getting App Capabilities from InstalledAppsCache %s
11-10 15:53:28.253 10605 10699 I dlxp    : (REDACTED) GetContext(%s, %s): %s from synchronized cache (status: %s)
11-10 15:53:28.256  1431  2167 W USF     : USF_API: Drop flicker data, cannot find sampling_id:84682!
11-10 15:53:28.257 29449  7905 I Finsky  : [1282] SCH: Received scheduling request: Id: 12-1, Constraints: [{ L: 15000, D: 86400000, C: CHARGING_NONE, I: IDLE_NONE, N: NET_ANY, B: BATTERY_ANY }]
11-10 15:53:28.258  4488  7923 I FontLog : (REDACTED) Package %s has no metadata
11-10 15:53:28.262 29449 29449 I Finsky  : [2] agiw - Received: android.intent.action.PACKAGE_ADDED, [F8SdPmz-nDnkHAASXyGhRL_JSafYynzTZ1KyLvYja6g]
11-10 15:53:28.263 29449 29488 I Finsky  : [1126] AIM: AppInfoManager-Perf > OnDeviceAppInfo > cacheHitCount=1, cacheMissCount=0. Missed  in cache (limit 10) : []
11-10 15:53:28.263 29449 29488 I Finsky  : [1126] AIM: Got app ownership map. App counts: . Unique apps: 0
11-10 15:53:28.263 29449 29488 E Finsky  : [1126] [Counters] attempted to use a non-positive increment for: 4752
11-10 15:53:28.263 29449 29488 E Finsky  : [1126] [Counters] attempted to use a non-positive increment for: 4753
11-10 15:53:28.266  1431  2167 W USF     : USF_API: Drop flicker data, cannot find sampling_id:84682!
11-10 15:53:28.275 29449 29449 I Finsky  : [2] agiw - Deduping intent android.intent.action.PACKAGE_ADDED
11-10 15:53:28.276  1884  5659 D ShortcutService: driveShortcut_4d5b5c80-3541-4fe8-8023-a2649ae5b144 ignored because it isn't pinned by com.android.systemui
11-10 15:53:28.276  1431  2167 W USF     : USF_API: Drop flicker data, cannot find sampling_id:84682!
11-10 15:53:28.278  1884  5659 D LauncherAppsService: getActivityLaunchIntent callingPackage=com.android.systemui component=ComponentInfo{com.android.chrome/com.google.android.apps.chrome.Main} user=UserHandle{0}
11-10 15:53:28.280  1884  5488 D LauncherAppsService: getActivityLaunchIntent callingPackage=com.android.systemui component=ComponentInfo{com.android.settings/com.android.settings.Settings} user=UserHandle{0}
11-10 15:53:28.281  1884  2439 D LauncherAppsService: getActivityLaunchIntent callingPackage=com.android.systemui component=ComponentInfo{com.android.vending/com.android.vending.AssetBrowserActivity} user=UserHandle{0}
11-10 15:53:28.281  1884  5659 D LauncherAppsService: getActivityLaunchIntent callingPackage=com.android.systemui component=ComponentInfo{com.google.android.GoogleCamera/com.android.camera.CameraLauncher} user=UserHandle{0}
11-10 15:53:28.282  1884  2439 D LauncherAppsService: getActivityLaunchIntent callingPackage=com.android.systemui component=ComponentInfo{com.google.android.apps.docs/com.google.android.apps.docs.app.NewMainProxyActivity} user=UserHandle{0}
11-10 15:53:28.282  1884  5488 D LauncherAppsService: getActivityLaunchIntent callingPackage=com.android.systemui component=ComponentInfo{com.google.android.apps.maps/com.google.android.maps.MapsActivity} user=UserHandle{0}
11-10 15:53:28.283  1884  5488 D LauncherAppsService: getActivityLaunchIntent callingPackage=com.android.systemui component=ComponentInfo{com.google.android.apps.messaging/com.google.android.apps.messaging.ui.ConversationListActivity} user=UserHandle{0}
11-10 15:53:28.283  1884  2439 D LauncherAppsService: getActivityLaunchIntent callingPackage=com.android.systemui component=ComponentInfo{com.google.android.apps.photos/com.google.android.apps.photos.home.HomeActivity} user=UserHandle{0}
11-10 15:53:28.283 12933 12933 V BaseDepthController: Applying blur: 0 to Surface(name=com.google.android.apps.nexuslauncher/com.google.android.apps.nexuslauncher.NexusLauncherActivity)/@0x828e58a
11-10 15:53:28.284  1884  5488 D LauncherAppsService: getActivityLaunchIntent callingPackage=com.android.systemui component=ComponentInfo{com.google.android.apps.tachyon/com.google.android.apps.tachyon.MainActivity} user=UserHandle{0}
11-10 15:53:28.285  1884  5488 D LauncherAppsService: getActivityLaunchIntent callingPackage=com.android.systemui component=ComponentInfo{com.google.android.apps.youtube.music/com.google.android.apps.youtube.music.activities.MusicActivity} user=UserHandle{0}
11-10 15:53:28.286  1431  2167 W USF     : USF_API: Drop flicker data, cannot find sampling_id:84682!
11-10 15:53:28.286  1884  5488 D LauncherAppsService: getActivityLaunchIntent callingPackage=com.android.systemui component=ComponentInfo{com.google.android.calculator/com.android.calculator2.Calculator} user=UserHandle{0}
11-10 15:53:28.287  1884  5659 D LauncherAppsService: getActivityLaunchIntent callingPackage=com.android.systemui component=ComponentInfo{com.google.android.calendar/com.android.calendar.AllInOneActivity} user=UserHandle{0}
11-10 15:53:28.288  1884  5659 D LauncherAppsService: getActivityLaunchIntent callingPackage=com.android.systemui component=ComponentInfo{com.google.android.contacts/com.android.contacts.activities.PeopleActivity} user=UserHandle{0}
11-10 15:53:28.288 29449 29449 I Finsky  : [2] agiw - Received: android.intent.action.PACKAGE_ADDED, [F8SdPmz-nDnkHAASXyGhRL_JSafYynzTZ1KyLvYja6g]
11-10 15:53:28.290 29449 29488 I Finsky  : [1126] AIM: AppInfoManager-Perf > ItemModel > CacheSize=190, cacheHitCount=0, cacheMissCount=0, total appsWithNoServerDataCount=4. Missed  in cache (limit 10) : []
11-10 15:53:28.296  1431  2167 W USF     : USF_API: Drop flicker data, cannot find sampling_id:84682!
11-10 15:53:28.297  1884  5488 D LauncherAppsService: getActivityLaunchIntent callingPackage=com.android.systemui component=ComponentInfo{com.google.android.deskclock/com.android.deskclock.DeskClock} user=UserHandle{0}
11-10 15:53:28.297  1884  2439 D LauncherAppsService: getActivityLaunchIntent callingPackage=com.android.systemui component=ComponentInfo{com.google.android.dialer/com.google.android.dialer.extensions.GoogleDialtactsActivity} user=UserHandle{0}
11-10 15:53:28.298  1884  2439 D LauncherAppsService: getActivityLaunchIntent callingPackage=com.android.systemui component=ComponentInfo{com.google.android.gm/com.google.android.gm.ConversationListActivityGmail} user=UserHandle{0}
11-10 15:53:28.299  1884  5488 D LauncherAppsService: getActivityLaunchIntent callingPackage=com.android.systemui component=ComponentInfo{com.google.android.youtube/com.google.android.youtube.app.honeycomb.Shell$HomeActivity} user=UserHandle{0}
11-10 15:53:28.301  1884  5488 D LauncherAppsService: getActivityLaunchIntent callingPackage=com.android.systemui component=ComponentInfo{com.Slack/slack.features.home.HomeActivity} user=UserHandle{0}
11-10 15:53:28.302  1884  5668 D LauncherAppsService: getActivityLaunchIntent callingPackage=com.android.systemui component=ComponentInfo{com.aimp.player/com.aimp.player.ui.activities.main.MainActivity} user=UserHandle{0}
11-10 15:53:28.302  1884  5659 D LauncherAppsService: getActivityLaunchIntent callingPackage=com.android.systemui component=ComponentInfo{com.dropbox.android/com.dropbox.android.activity.DropboxBrowser} user=UserHandle{0}
11-10 15:53:28.305  1884  5659 D LauncherAppsService: getActivityLaunchIntent callingPackage=com.android.systemui component=ComponentInfo{com.google.android.apps.docs.editors.docs/com.google.android.apps.docs.app.NewMainProxyActivity} user=UserHandle{0}
11-10 15:53:28.305  1884  5659 D LauncherAppsService: getActivityLaunchIntent callingPackage=com.android.systemui component=ComponentInfo{com.google.android.apps.docs.editors.sheets/com.google.android.apps.docs.app.NewMainProxyActivity} user=UserHandle{0}
11-10 15:53:28.306  1431  2167 W USF     : USF_API: Drop flicker data, cannot find sampling_id:84682!
11-10 15:53:28.306  1884  5659 D LauncherAppsService: getActivityLaunchIntent callingPackage=com.android.systemui component=ComponentInfo{com.google.android.apps.docs.editors.slides/com.google.android.apps.docs.app.NewMainProxyActivity} user=UserHandle{0}
11-10 15:53:28.306  1884  5666 D LauncherAppsService: getActivityLaunchIntent callingPackage=com.android.systemui component=ComponentInfo{com.google.android.apps.magazines/com.google.apps.dots.android.app.activity.CurrentsStartActivity} user=UserHandle{0}
11-10 15:53:28.307  1884  5666 D LauncherAppsService: getActivityLaunchIntent callingPackage=com.android.systemui component=ComponentInfo{com.google.android.apps.walletnfcrel/com.google.commerce.tapandpay.android.wallet.WalletActivity} user=UserHandle{0}
11-10 15:53:28.307  1884  5488 D LauncherAppsService: getActivityLaunchIntent callingPackage=com.android.systemui component=ComponentInfo{com.google.android.apps.youtube.creator/com.google.android.apps.youtube.creator.main.MainActivity} user=UserHandle{0}
11-10 15:53:28.308  1884  5488 D LauncherAppsService: getActivityLaunchIntent callingPackage=com.android.systemui component=ComponentInfo{com.google.android.play.games/com.google.android.gms.games.ui.destination.main.MainActivity} user=UserHandle{0}
11-10 15:53:28.308  1884  5488 D LauncherAppsService: getActivityLaunchIntent callingPackage=com.android.systemui component=ComponentInfo{com.microsoft.emmx/com.microsoft.ruby.Main} user=UserHandle{0}
11-10 15:53:28.309  1884  5488 D LauncherAppsService: getActivityLaunchIntent callingPackage=com.android.systemui component=ComponentInfo{com.microsoft.office.outlook/com.microsoft.office.outlook.MainActivity} user=UserHandle{0}
11-10 15:53:28.309  1884  5666 D LauncherAppsService: getActivityLaunchIntent callingPackage=com.android.systemui component=ComponentInfo{com.paypal.android.p2pmobile/com.paypal.android.p2pmobile.startup.activities.StartupActivity} user=UserHandle{0}
11-10 15:53:28.310  1884  5659 D LauncherAppsService: getActivityLaunchIntent callingPackage=com.android.systemui component=ComponentInfo{com.roblox.client/com.roblox.client.startup.ActivitySplash} user=UserHandle{0}
11-10 15:53:28.310  1884  5488 D LauncherAppsService: getActivityLaunchIntent callingPackage=com.android.systemui component=ComponentInfo{com.shazam.android/com.shazam.android.activities.SplashActivity} user=UserHandle{0}
11-10 15:53:28.311  1884  5488 D LauncherAppsService: getActivityLaunchIntent callingPackage=com.android.systemui component=ComponentInfo{com.shopify.arrive/com.shopify.arrive.MainActivity} user=UserHandle{0}
11-10 15:53:28.311  1884  5659 D LauncherAppsService: getActivityLaunchIntent callingPackage=com.android.systemui component=ComponentInfo{com.spotify.music/com.spotify.music.MainActivity} user=UserHandle{0}
11-10 15:53:28.312  1884  5666 D LauncherAppsService: getActivityLaunchIntent callingPackage=com.android.systemui component=ComponentInfo{com.ubercab/com.ubercab.presidio.app.core.root.RootActivity} user=UserHandle{0}
11-10 15:53:28.312  1884  5488 D LauncherAppsService: getActivityLaunchIntent callingPackage=com.android.systemui component=ComponentInfo{ee.mtakso.client/ee.mtakso.client.activity.SplashHomeActivity} user=UserHandle{0}
11-10 15:53:28.313  1884  5488 D LauncherAppsService: getActivityLaunchIntent callingPackage=com.android.systemui component=ComponentInfo{fr.leboncoin/fr.leboncoin.features.splashscreen.ui.activities.SplashScreenActivity} user=UserHandle{0}
11-10 15:53:28.314  1884  5659 D LauncherAppsService: getActivityLaunchIntent callingPackage=com.android.systemui component=ComponentInfo{ro.emag.android/ro.emag.android.cleancode.app.ActivityStart} user=UserHandle{0}
11-10 15:53:28.314  1884  5488 D LauncherAppsService: getActivityLaunchIntent callingPackage=com.android.systemui component=ComponentInfo{trendyol.com/com.trendyol.common.splash.impl.ui.SplashActivity} user=UserHandle{0}
11-10 15:53:28.315  1884  5328 D LauncherAppsService: getActivityLaunchIntent callingPackage=com.android.systemui component=ComponentInfo{com.android.stk/com.android.stk.StkMain} user=UserHandle{0}
11-10 15:53:28.316  1431  2167 W USF     : USF_API: Drop flicker data, cannot find sampling_id:84682!
11-10 15:53:28.317  1884  1915 D LauncherAppsService: getActivityLaunchIntent callingPackage=com.android.systemui component=ComponentInfo{com.google.android.apps.nbu.files/com.google.android.apps.nbu.files.home.HomeActivity} user=UserHandle{0}
11-10 15:53:28.318  1884  1915 D LauncherAppsService: getActivityLaunchIntent callingPackage=com.android.systemui component=ComponentInfo{com.google.android.apps.pixel.health/com.google.android.apps.pixel.health.thermometer.ThermometerHomeActivity} user=UserHandle{0}
11-10 15:53:28.319  1884  1915 D LauncherAppsService: getActivityLaunchIntent callingPackage=com.android.systemui component=ComponentInfo{com.google.android.apps.recorder/com.google.android.apps.recorder.ui.recordings.MainActivity} user=UserHandle{0}
11-10 15:53:28.320  1884  1915 D LauncherAppsService: getActivityLaunchIntent callingPackage=com.android.systemui component=ComponentInfo{com.google.android.apps.safetyhub/com.google.android.apps.safetyhub.LauncherActivity} user=UserHandle{0}
11-10 15:53:28.321  1884  1915 D LauncherAppsService: getActivityLaunchIntent callingPackage=com.android.systemui component=ComponentInfo{com.google.android.apps.tips/com.google.android.apps.tips.fortnite.p8} user=UserHandle{0}
11-10 15:53:28.324  1884  1915 D LauncherAppsService: getActivityLaunchIntent callingPackage=com.android.systemui component=ComponentInfo{com.google.android.apps.weather/com.google.android.apps.weather.home.HomeActivity} user=UserHandle{0}
11-10 15:53:28.326  1431  2167 W USF     : USF_API: Drop flicker data, cannot find sampling_id:84682!
11-10 15:53:28.329  1884  5328 D LauncherAppsService: getActivityLaunchIntent callingPackage=com.android.systemui component=ComponentInfo{com.google.android.apps.wellbeing/com.google.android.apps.wellbeing.settings.LauncherActivity} user=UserHandle{0}
11-10 15:53:28.329 30907 30907 D BoundBrokerSvc: onBind: Intent { act=com.google.android.gms.common.BIND_SHARED_PREFS xflg=0x4 pkg=com.google.android.gms }
11-10 15:53:28.329 30907 30907 D BoundBrokerSvc: Loading bound service for intent: Intent { act=com.google.android.gms.common.BIND_SHARED_PREFS xflg=0x4 pkg=com.google.android.gms }
11-10 15:53:28.330  1884  5328 D LauncherAppsService: getActivityLaunchIntent callingPackage=com.android.systemui component=ComponentInfo{com.google.android.googlequicksearchbox/com.google.android.googlequicksearchbox.SearchActivity} user=UserHandle{0}
11-10 15:53:28.330  1884  5328 D LauncherAppsService: getActivityLaunchIntent callingPackage=com.android.systemui component=ComponentInfo{at.willhaben/at.willhaben.MainActivity} user=UserHandle{0}
11-10 15:53:28.331  1884  3104 D LauncherAppsService: getActivityLaunchIntent callingPackage=com.android.systemui component=ComponentInfo{battle.iron.suit/com.unity3d.player.UnityPlayerActivity} user=UserHandle{0}
11-10 15:53:28.331  1884  5328 D LauncherAppsService: getActivityLaunchIntent callingPackage=com.android.systemui component=ComponentInfo{com.Garawell.BridgeRace/com.unity3d.player.UnityPlayerActivity} user=UserHandle{0}
11-10 15:53:28.332  1884  5328 D LauncherAppsService: getActivityLaunchIntent callingPackage=com.android.systemui component=ComponentInfo{com.JindoBlu.TwoPlayerGamesChallenge/com.unity3d.player.UnityPlayerActivity} user=UserHandle{0}
11-10 15:53:28.332  1884  5328 D LauncherAppsService: getActivityLaunchIntent callingPackage=com.android.systemui component=ComponentInfo{com.Neurononfire.SupremeDuelist/com.google.firebase.MessagingUnityPlayerActivity} user=UserHandle{0}
11-10 15:53:28.334  1884  5328 D LauncherAppsService: getActivityLaunchIntent callingPackage=com.android.systemui component=ComponentInfo{com.alibaba.aliexpresshd/com.aliexpress.app.FirstActivity} user=UserHandle{0}
11-10 15:53:28.335  1884  5328 D LauncherAppsService: getActivityLaunchIntent callingPackage=com.android.systemui component=ComponentInfo{com.alibaba.intl.android.apps.poseidon/com.alibaba.intl.android.apps.poseidon.app.activity.ActivityMainMaterial} user=UserHandle{0}
11-10 15:53:28.335  1884  3104 D LauncherAppsService: getActivityLaunchIntent callingPackage=com.android.systemui component=ComponentInfo{com.anydesk.anydeskandroid/com.anydesk.anydeskandroid.gui.activity.HubActivity} user=UserHandle{0}
11-10 15:53:28.336  1884  3104 D LauncherAppsService: getActivityLaunchIntent callingPackage=com.android.systemui component=ComponentInfo{com.aspiro.tidal/com.aspiro.wamp.LoginFragmentActivity} user=UserHandle{0}
11-10 15:53:28.336  1431  2167 W USF     : USF_API: Drop flicker data, cannot find sampling_id:84682!
11-10 15:53:28.336  1884  3104 D LauncherAppsService: getActivityLaunchIntent callingPackage=com.android.systemui component=ComponentInfo{com.azure.authenticator/com.azure.authenticator.ui.LaunchActivity} user=UserHandle{0}
11-10 15:53:28.337  1884  5328 D LauncherAppsService: getActivityLaunchIntent callingPackage=com.android.systemui component=ComponentInfo{com.bandcamp.android/com.bandcamp.android.view.SplashActivity} user=UserHandle{0}
11-10 15:53:28.337  1884  5328 D LauncherAppsService: getActivityLaunchIntent callingPackage=com.android.systemui component=ComponentInfo{com.booking/com.booking.startup.HomeActivity} user=UserHandle{0}
11-10 15:53:28.338  1884  3104 D LauncherAppsService: getActivityLaunchIntent callingPackage=com.android.systemui component=ComponentInfo{com.brightstripe.parcels/com.brightstripe.parcels.MainActivity} user=UserHandle{0}
11-10 15:53:28.338  1884  3104 D LauncherAppsService: getActivityLaunchIntent callingPackage=com.android.systemui component=ComponentInfo{com.cargus.cma/com.cargus.cma.MainActivity} user=UserHandle{0}
11-10 15:53:28.338  1884  3104 D LauncherAppsService: getActivityLaunchIntent callingPackage=com.android.systemui component=ComponentInfo{com.catalogViva/com.catalogViva.MainActivity} user=UserHandle{0}
11-10 15:53:28.339  1884  5328 D LauncherAppsService: getActivityLaunchIntent callingPackage=com.android.systemui component=ComponentInfo{com.davidgiga1993.mixingstationpro/org.devcore.mixingstation.android.lib.AndroidLauncher} user=UserHandle{0}
11-10 15:53:28.339  1884  3104 D LauncherAppsService: getActivityLaunchIntent callingPackage=com.android.systemui component=ComponentInfo{com.digitaldreamlabs.retrodrive/com.digitaldreamlabs.retrodrive.OverDriveActivity} user=UserHandle{0}
11-10 15:53:28.340  1884  5328 D LauncherAppsService: getActivityLaunchIntent callingPackage=com.android.systemui component=ComponentInfo{com.discord/com.discord.main.MainDefault} user=UserHandle{0}
11-10 15:53:28.340  1884  1915 D LauncherAppsService: getActivityLaunchIntent callingPackage=com.android.systemui component=ComponentInfo{com.disney.disneyplus/com.bamtechmedia.dominguez.main.MainActivity} user=UserHandle{0}
11-10 15:53:28.341  1884  5328 D LauncherAppsService: getActivityLaunchIntent callingPackage=com.android.systemui component=ComponentInfo{com.duosecurity.duomobile/com.duosecurity.duomobile.account_list.AccountListActivity} user=UserHandle{0}
11-10 15:53:28.341  1884  1915 D LauncherAppsService: getActivityLaunchIntent callingPackage=com.android.systemui component=ComponentInfo{com.ebay.kleinanzeigen/ebk.ui.splash.SplashActivity} user=UserHandle{0}
11-10 15:53:28.342 12933 12933 V BaseDepthController: Applying blur: 0 to Surface(name=com.google.android.apps.nexuslauncher/com.google.android.apps.nexuslauncher.NexusLauncherActivity)/@0x828e58a
11-10 15:53:28.342 12933 12933 D BaseDepthController: setEarlyWakeup: false
11-10 15:53:28.342  1884  3104 D LauncherAppsService: getActivityLaunchIntent callingPackage=com.android.systemui component=ComponentInfo{com.ebay.mobile/com.ebay.mobile.home.impl.main.MainActivity} user=UserHandle{0}
11-10 15:53:28.342  1884  5328 D LauncherAppsService: getActivityLaunchIntent callingPackage=com.android.systemui component=ComponentInfo{com.einnovation.temu/com.baogong.splash.activity.MainFrameActivity} user=UserHandle{0}
11-10 15:53:28.343  1884  5328 D LauncherAppsService: getActivityLaunchIntent callingPackage=com.android.systemui component=ComponentInfo{com.example.mobiledigger/com.example.mobiledigger.MainActivity} user=UserHandle{0}
11-10 15:53:28.343  1884  3104 D LauncherAppsService: getActivityLaunchIntent callingPackage=com.android.systemui component=ComponentInfo{com.facebook.katana/com.facebook.katana.LoginActivity} user=UserHandle{0}
11-10 15:53:28.344  1884  3104 D LauncherAppsService: getActivityLaunchIntent callingPackage=com.android.systemui component=ComponentInfo{com.facebook.orca/com.facebook.orca.auth.StartScreenActivity} user=UserHandle{0}
11-10 15:53:28.344  1884  5328 D LauncherAppsService: getActivityLaunchIntent callingPackage=com.android.systemui component=ComponentInfo{com.fun.mxw/io.dcloud.PandoraEntry} user=UserHandle{0}
11-10 15:53:28.345  1884  5328 D LauncherAppsService: getActivityLaunchIntent callingPackage=com.android.systemui component=ComponentInfo{com.games.webmaster/com.unity3d.player.UnityPlayerActivity} user=UserHandle{0}
11-10 15:53:28.345  1884  5328 D LauncherAppsService: getActivityLaunchIntent callingPackage=com.android.systemui component=ComponentInfo{com.games.whodiesfirst/com.unity3d.player.UnityPlayerActivity} user=UserHandle{0}
11-10 15:53:28.345  1884  5328 D LauncherAppsService: getActivityLaunchIntent callingPackage=com.android.systemui component=ComponentInfo{com.ghisler.android.TotalCommander/com.ghisler.android.TotalCommander.TotalCommander} user=UserHandle{0}
11-10 15:53:28.346  1431  2167 W USF     : USF_API: Drop flicker data, cannot find sampling_id:84682!
11-10 15:53:28.346  1884  3104 D LauncherAppsService: getActivityLaunchIntent callingPackage=com.android.systemui component=ComponentInfo{com.globalfun.ben10ae.google/com.globalfun.FullActivity} user=UserHandle{0}
11-10 15:53:28.346  1884  5328 D LauncherAppsService: getActivityLaunchIntent callingPackage=com.android.systemui component=ComponentInfo{com.google.android.apps.authenticator2/com.google.android.apps.authenticator2.main.MainActivity} user=UserHandle{0}
11-10 15:53:28.347  1884  3104 D LauncherAppsService: getActivityLaunchIntent callingPackage=com.android.systemui component=ComponentInfo{com.google.android.apps.bard/com.google.android.apps.bard.shellapp.BardEntryPointActivity} user=UserHandle{0}
11-10 15:53:28.347  1884  5328 D LauncherAppsService: getActivityLaunchIntent callingPackage=com.android.systemui component=ComponentInfo{com.google.android.apps.chromecast.app/com.google.android.apps.chromecast.app.DiscoveryActivity} user=UserHandle{0}
11-10 15:53:28.348  1884  5328 D LauncherAppsService: getActivityLaunchIntent callingPackage=com.android.systemui component=ComponentInfo{com.google.android.apps.fitness/com.google.android.apps.fitness.welcome.WelcomeActivity} user=UserHandle{0}
11-10 15:53:28.348  1884  3104 D LauncherAppsService: getActivityLaunchIntent callingPackage=com.android.systemui component=ComponentInfo{com.google.android.apps.searchlite/com.google.android.apps.searchlite.ui.SearchActivity} user=UserHandle{0}
11-10 15:53:28.349  1884  3104 D LauncherAppsService: getActivityLaunchIntent callingPackage=com.android.systemui component=ComponentInfo{com.google.android.apps.subscriptions.red/com.google.android.apps.subscriptions.red.LauncherActivity} user=UserHandle{0}
11-10 15:53:28.349  1884  3104 D LauncherAppsService: getActivityLaunchIntent callingPackage=com.android.systemui component=ComponentInfo{com.google.android.apps.translate/com.google.android.apps.translate.TranslateActivity} user=UserHandle{0}
11-10 15:53:28.350  1884  3104 D LauncherAppsService: getActivityLaunchIntent callingPackage=com.android.systemui component=ComponentInfo{com.google.android.keep/com.google.android.keep.activities.BrowseActivity} user=UserHandle{0}
11-10 15:53:28.351  1884  3104 D LauncherAppsService: getActivityLaunchIntent callingPackage=com.android.systemui component=ComponentInfo{com.gtsy.capturing.heroes/com.unity3d.player.UnityPlayerActivity} user=UserHandle{0}
11-10 15:53:28.352  1884  1915 D LauncherAppsService: getActivityLaunchIntent callingPackage=com.android.systemui component=ComponentInfo{com.hb.spider.games.fighting.hero/com.unity3d.player.UnityPlayerActivity} user=UserHandle{0}
11-10 15:53:28.352  1884  5328 D LauncherAppsService: getActivityLaunchIntent callingPackage=com.android.systemui component=ComponentInfo{com.htt.alpha.shooter.fps/com.unity3d.player.UnityPlayerActivity} user=UserHandle{0}
11-10 15:53:28.352  1884  1915 D LauncherAppsService: getActivityLaunchIntent callingPackage=com.android.systemui component=ComponentInfo{com.inotesapp.inotes/com.inotesapp.inotes.MainActivity} user=UserHandle{0}
11-10 15:53:28.353  1884  1915 D LauncherAppsService: getActivityLaunchIntent callingPackage=com.android.systemui component=ComponentInfo{com.instagram.android/com.instagram.android.activity.MainTabActivity} user=UserHandle{0}
11-10 15:53:28.354  1884  1915 D LauncherAppsService: getActivityLaunchIntent callingPackage=com.android.systemui component=ComponentInfo{com.kendamanomics.app/com.kendamanomics.app.MainActivity} user=UserHandle{0}
11-10 15:53:28.354  1884  5328 D LauncherAppsService: getActivityLaunchIntent callingPackage=com.android.systemui component=ComponentInfo{com.libratone/com.libratone.v3.activities.HomeActivity} user=UserHandle{0}
11-10 15:53:28.354  1884  5328 D LauncherAppsService: getActivityLaunchIntent callingPackage=com.android.systemui component=ComponentInfo{com.linkedin.android/com.linkedin.android.authenticator.LaunchActivityDefault} user=UserHandle{0}
11-10 15:53:28.355  1884  5328 D LauncherAppsService: getActivityLaunchIntent callingPackage=com.android.systemui component=ComponentInfo{com.mcdonalds.mobileapp/com.mcdonalds.mobileapp.SplashActivity} user=UserHandle{0}
11-10 15:53:28.356  1431  2167 W USF     : USF_API: Drop flicker data, cannot find sampling_id:84682!
11-10 15:53:28.356  1884  5328 D LauncherAppsService: getActivityLaunchIntent callingPackage=com.android.systemui component=ComponentInfo{com.microsoft.appmanager/com.microsoft.appmanager.StartUpCoreActivity} user=UserHandle{0}
11-10 15:53:28.357  1884  1915 D LauncherAppsService: getActivityLaunchIntent callingPackage=com.android.systemui component=ComponentInfo{com.microsoft.office.excel/com.microsoft.office.apphost.LaunchActivity} user=UserHandle{0}
11-10 15:53:28.358  1884  1915 D LauncherAppsService: getActivityLaunchIntent callingPackage=com.android.systemui component=ComponentInfo{com.microsoft.office.onenote/com.microsoft.office.onenote.ui.ONMSplashActivity} user=UserHandle{0}
11-10 15:53:28.359  1884  1915 D LauncherAppsService: getActivityLaunchIntent callingPackage=com.android.systemui component=ComponentInfo{com.microsoft.office.word/com.microsoft.office.apphost.LaunchActivity} user=UserHandle{0}
11-10 15:53:28.360  1884  1915 D LauncherAppsService: getActivityLaunchIntent callingPackage=com.android.systemui component=ComponentInfo{com.microsoft.rdc.androidx/com.microsoft.windowsapp.ui.HomeActivity} user=UserHandle{0}
11-10 15:53:28.361  1884  1915 D LauncherAppsService: getActivityLaunchIntent callingPackage=com.android.systemui component=ComponentInfo{com.microsoft.teams/com.microsoft.skype.teams.Launcher} user=UserHandle{0}
11-10 15:53:28.363  1884  3104 D LauncherAppsService: getActivityLaunchIntent callingPackage=com.android.systemui component=ComponentInfo{com.microsoft.windowsintune.companyportal/com.microsoft.windowsintune.companyportal.views.SplashActivity} user=UserHandle{0}
11-10 15:53:28.366  1431  2167 W USF     : USF_API: Drop flicker data, cannot find sampling_id:84682!
11-10 15:53:28.367  1884  5328 D LauncherAppsService: getActivityLaunchIntent callingPackage=com.android.systemui component=ComponentInfo{com.mojang.minecraftpe/com.mojang.minecraftpe.MainActivity} user=UserHandle{0}
11-10 15:53:28.368  1884  3104 D LauncherAppsService: getActivityLaunchIntent callingPackage=com.android.systemui component=ComponentInfo{com.movile.playkids.pkxd/com.movile.playkids.pkxd.base.UnityPlayerActivity} user=UserHandle{0}
11-10 15:53:28.369  1884  5328 D LauncherAppsService: getActivityLaunchIntent callingPackage=com.android.systemui component=ComponentInfo{com.musicpay.app/com.musicpay.app.MainActivity} user=UserHandle{0}
11-10 15:53:28.370  1884  3104 D LauncherAppsService: getActivityLaunchIntent callingPackage=com.android.systemui component=ComponentInfo{com.netflix.mediaclient/com.netflix.mediaclient.ui.launch.UIWebViewActivity} user=UserHandle{0}
11-10 15:53:28.371  1884  5328 D LauncherAppsService: getActivityLaunchIntent callingPackage=com.android.systemui component=ComponentInfo{com.nexar.spider.web.shooting.puzzles/com.unity3d.player.UnityPlayerActivity} user=UserHandle{0}
11-10 15:53:28.372  1884  5328 D LauncherAppsService: getActivityLaunchIntent callingPackage=com.android.systemui component=ComponentInfo{com.okta.android.auth/com.okta.android.auth.activity.SplashActivity} user=UserHandle{0}
11-10 15:53:28.373  1884  3104 D LauncherAppsService: getActivityLaunchIntent callingPackage=com.android.systemui component=ComponentInfo{com.onebutton.mrsuper2/com.onebutton.cpp.AppActivity} user=UserHandle{0}
11-10 15:53:28.374  1884  1915 D LauncherAppsService: getActivityLaunchIntent callingPackage=com.android.systemui component=ComponentInfo{com.onepassword.android/com.onepassword.android.app.StartActivity} user=UserHandle{0}
11-10 15:53:28.375  1884  3104 D LauncherAppsService: getActivityLaunchIntent callingPackage=com.android.systemui component=ComponentInfo{com.openai.chatgpt/com.openai.chatgpt.MainActivity} user=UserHandle{0}
11-10 15:53:28.376  1884  1915 D LauncherAppsService: getActivityLaunchIntent callingPackage=com.android.systemui component=ComponentInfo{com.orange.contultauorange/com.orange.contultauorange.presentation.entry.EntryActivity} user=UserHandle{0}
11-10 15:53:28.376  1431  2167 W USF     : USF_API: Drop flicker data, cannot find sampling_id:84682!
11-10 15:53:28.377  1884  1915 D LauncherAppsService: getActivityLaunchIntent callingPackage=com.android.systemui component=ComponentInfo{com.paurau.SlowMoRun/com.unity3d.player.UnityPlayerActivity} user=UserHandle{0}
11-10 15:53:28.378  1884  1915 D LauncherAppsService: getActivityLaunchIntent callingPackage=com.android.systemui component=ComponentInfo{com.rarlab.rar/com.rarlab.rar.MainActivity} user=UserHandle{0}
