11-10 14:59:43.535  1488  2119 D StreamHalAidl: [out|ioHandle:21] pause
11-10 14:59:43.536  1428  2118 I AHal::Stream: Stop: stop stream deep-buffer-playback
11-10 14:59:43.536  1428  2118 I AHal::TinyalsaDriverOperations: Stop: pcm_close card_index 0 device 5
11-10 14:59:43.539  1884  2730 D BackgroundInstallControlService: Package event received: 0
11-10 14:59:43.539  1431  2167 W USF     : USF_API: Drop flicker data, cannot find sampling_id:84682!
11-10 14:59:43.539  1653  1653 D AOC     : F1:MSG: controller.cc, 275: AudioOutCtrl: cmd ID: 0x00c9, tag: 0x64 [cntr = 81921]
11-10 14:59:43.539  1653  1653 D AOC     : F1:MSG: controller.cc, 919: AudioOutCtrl: ipc: audio_output_co, cmd ID: 0x00c9, tag: 0x64, rc: 0
11-10 14:59:43.543 10605 10629 I efhm    : (REDACTED) appOpsListener %s %s
11-10 14:59:43.543 10605 10629 I efhm    : (REDACTED) Ignoring irrelevant audio permission changes for package %s
11-10 14:59:43.543  1884  2730 D BackgroundInstallControlService: Package event received: 0
11-10 14:59:43.543  1653  1653 D AOC     : H0:Mixer AMixBT Input 5 RB overflow. Resyncing.
11-10 14:59:43.544  4488  4488 D BoundBrokerSvc: onUnbind: Intent { act=com.google.android.gms.common.telemetry.service.START dat=chimera-action:/... xflg=0x4 cmp=com.google.android.gms/.chimera.PersistentApiService }
11-10 14:59:43.548  1428  2118 I AHal::Router: Deactivate: deactivate 400002
11-10 14:59:43.548  1428  2118 I AHal::Router: InvalidateLocked: new graph #19524 Edges(0):
11-10 14:59:43.548  1428  2118 I AHal::Router: InvalidateLocked: ============ apply graph #19524 [Mon Nov 10 14:59:43 2025] start ============
11-10 14:59:43.549  1431  2167 W USF     : USF_API: Drop flicker data, cannot find sampling_id:84682!
11-10 14:59:43.549 13160 13206 E SpeechMicro: Hotword model is single-channel neuralnet.
11-10 14:59:43.549  1428  2118 I AHal::DeviceInterface: Disconnect: disconnect deep-buffer-playback-0 -> bluetooth-a2dp-device
11-10 14:59:43.550  1428  2118 I AHal::AudioRoutePathController: ResetPath: deep-buffer-playback-0 -> bluetooth-a2dp-device: true
11-10 14:59:43.550  1428  2118 D AHal::BT: SendCommandToMonitorThread: sending command  MonitorCmd::kA2dpRetryStop(4) to monitor thread
11-10 14:59:43.550  1428  2118 I AHal::Bt::A2dpWrapper: SuspendStream: 512
11-10 14:59:43.551 14050 22593 I BTAudioA2dpAIDL: system/audio_hal_interface/aidl/a2dp/a2dp_encoding_aidl.cc:171 SuspendRequest: 
11-10 14:59:43.551 14050 22593 I bluetooth-a2dp: system/btif/src/btif_av.cc:3752 btif_av_stream_started_ready: active_peer=xx:xx:xx:xx:0f:4f state=3 flags=0x0(None) ready=true
11-10 14:59:43.551 14050 22593 I bluetooth-a2dp: system/btif/src/btif_av.cc:3698 btif_av_stream_suspend: 
11-10 14:59:43.551 14050 14071 I bluetooth-a2dp: system/btif/src/btif_av.cc:3067 btif_av_handle_event: peer=xx:xx:xx:xx:0f:4f handle=0x0 event=BTIF_AV_SUSPEND_STREAM_REQ_EVT(0x1e)
11-10 14:59:43.551 14050 14071 I bluetooth-a2dp: system/btif/src/btif_av.cc:2492 ProcessEvent: state=Started peer=xx:xx:xx:xx:0f:4f event=BTIF_AV_SUSPEND_STREAM_REQ_EVT(0x1e) flags=0x0(None) active_peer=true
11-10 14:59:43.551 14050 14071 I bluetooth-a2dp: system/btif/src/btif_av.cc:2512 ProcessEvent: Peer xx:xx:xx:xx:0f:4f : event=BTIF_AV_SUSPEND_STREAM_REQ_EVT(0x1e) flags=0x0(None)
11-10 14:59:43.551 14050 14071 I bluetooth-a2dp: system/btif/src/btif_a2dp_source.cc:822 btif_a2dp_source_set_tx_flush: enable=true state=STATE_RUNNING
11-10 14:59:43.551 14050 14071 I bluetooth-a2dp: system/bta/av/bta_av_api.cc:281 BTA_AvStop: bta_handle=0x41 suspend=true
11-10 14:59:43.551 14050 14071 I bluetooth-a2dp: system/bta/av/bta_av_aact.cc:1902 bta_av_str_stopped: peer xx:xx:xx:xx:0f:4f bta_handle:0x41 audio_open_cnt:1, p_data 0x712be8b630 start:1
11-10 14:59:43.552 14050 14071 I bluetooth: system/bta/dm/bta_dm_pm.cc:906 bta_dm_pm_ssr: Found connected service:BTA_ID_AV app_id:1 peer:xx:xx:xx:xx:0f:4f spec_name:sniff_capable
11-10 14:59:43.552 14050 14071 I bluetooth: system/bta/dm/bta_dm_pm.cc:906 bta_dm_pm_ssr: Found connected service:BTA_ID_AG app_id:1 peer:xx:xx:xx:xx:0f:4f spec_name:sniff_capable
11-10 14:59:43.552 14050 14071 I bluetooth: system/bta/dm/bta_dm_pm.cc:906 bta_dm_pm_ssr: Found connected service:BTA_ID_AV app_id:0 peer:xx:xx:xx:xx:0f:4f spec_name:sniff_capable
11-10 14:59:43.552 13160 13206 I native  : I0000 00:00:1762779583.552746   13206 enrollment_manager_impl.cc:1324] A valid TD-SID creator already exists. No need to re-create.
11-10 14:59:43.553 13160 13206 I native  : I0000 00:00:1762779583.553143   13206 enrollment_manager_impl_utils.cc:81] Using standalone TI-SID pipeline config:/data/user/0/com.google.android.googlequicksearchbox/files/datadownload/shared/public/datadownloadfile_1702414361173/configs/ONDEVICE_LARGE_VOICE_MATCH.config
11-10 14:59:43.553 14050 14071 I bt_btm_pm: system/stack/acl/btm_pm.cc:326 BTM_SetSsrParams: Set sniff subrating state:immediate:active[0] max_latency:0x04b0 min_remote_timeout:0x0002 min_local_timeout:0x0002
11-10 14:59:43.553  1653  1653 D AOC     : F1:MSG: controller.cc, 275: AudioOutCtrl: cmd ID: 0x010f, tag: 0x65 [cntr = 81922]
11-10 14:59:43.553  1653  1653 D AOC     : F1:Unregistered Source 5 [DeepBuffer] from Sink 2 [Bluetooth]
11-10 14:59:43.553  1653  1653 D AOC     : F1:AT Map:0 (LL:0), 0 EPs active, Power: Yes, Config: No
11-10 14:59:43.553 13160 13206 I native  : I0000 00:00:1762779583.553692   13206 enrollment_manager_impl.cc:1344] A valid TI-SID creator already exists. No need to re-create.
11-10 14:59:43.553  1653  1653 D AOC     : F1:Mixer 2 configuration changed: (0)
11-10 14:59:43.553  1653  1653 D AOC     : F1:Sink 2 Configuration changed: ULL (disabled)
11-10 14:59:43.553 13160 13206 I native  : I0000 00:00:1762779583.553900   13206 enrollment_manager_impl_utils.cc:81] Using standalone TI-SID pipeline config:/data/user/0/com.google.android.googlequicksearchbox/files/datadownload/shared/public/datadownloadfile_1702414361173/configs/ONDEVICE_LARGE_VOICE_MATCH.config
11-10 14:59:43.553  1653  1653 D AOC     : F1:SinkBT: A2DP/BLE Output Stopped. (dma:335109, tx:14431 rx:0)
11-10 14:59:43.553 13160 13206 I native  : I0000 00:00:1762779583.553950   13206 enrollment_manager_impl.cc:1067] Attempting to insert stored TD-SID profiles into config.
11-10 14:59:43.554  1653  1653 D AOC     : F1:MSG: audio_hardware_sink_bt.cc, 1953: new dvfs 0
11-10 14:59:43.554 13160 13206 I native  : I0000 00:00:1762779583.553986   13206 enrollment_manager_impl.cc:1091] Found 0 speakers with existing TDSID models.
11-10 14:59:43.554 13160 13206 W native  : W0000 00:00:1762779583.554045   13206 enrollment_manager_impl.cc:1123] No valid TD-SID models found.
11-10 14:59:43.554  1653  1653 D AOC     : F1:[Idle Tracker] long no idle:[0] average between idle:[0.299007ms] max no idle:[38.962367ms]
11-10 14:59:43.554 13160 13206 I native  : I0000 00:00:1762779583.554075   13206 enrollment_manager_impl.cc:1429] Retrieved stored TDSID models. Speakers requiring re-training:0
11-10 14:59:43.554 13160 13206 I native  : I0000 00:00:1762779583.554106   13206 enrollment_manager_impl.cc:1140] Attempting to insert stored TI-SID profiles into config.
11-10 14:59:43.554 13160 13206 I native  : I0000 00:00:1762779583.554137   13206 enrollment_manager_impl.cc:1165] Found 0 speakers with existing TI-SID models.
11-10 14:59:43.554  1653  1653 D AOC     : F1:MSG: controller.cc, 919: AudioOutCtrl: ipc: audio_output_co, cmd ID: 0x010f, tag: 0x65, rc: 0
11-10 14:59:43.554 13160 13206 W native  : W0000 00:00:1762779583.554170   13206 enrollment_manager_impl.cc:1197] No valid TI-SID models found.
11-10 14:59:43.554 13160 13206 I native  : I0000 00:00:1762779583.554198   13206 enrollment_manager_impl.cc:1442] Retrieved stored TISID models. Speakers requiring re-training:0
11-10 14:59:43.554  1653  1653 D AOC     : H0:Mixer AMixBT: 480 samples (0000/0000) (OFF SC) multi out OFF
11-10 14:59:43.554 13160 13206 I native  : I0000 00:00:1762779583.554232   13206 enrollment_manager_impl.cc:1452] Retrieved Server TISID models. 
11-10 14:59:43.554  1653  1653 D AOC     : H0:Mixer configuration updated
11-10 14:59:43.554  1653  1653 D AOC     : H0:[Idle Tracker] long no idle:[111] average between idle:[1.569382ms] max no idle:[227.191969ms]
11-10 14:59:43.554 14050 14071 I l2c_utils: system/stack/l2cap/l2c_utils.cc:2312 l2cu_set_acl_priority_latency_brcm: Set ACL priority: Normal Mode
11-10 14:59:43.554 14050 14071 I bluetooth-a2dp: system/stack/avdt/avdt_api.cc:617 AVDT_SuspendReq: num_handles=1
11-10 14:59:43.554 13160 13199 I A       : (REDACTED) handleResponse for  %s user(s)
11-10 14:59:43.555 13160 13199 I A       : (REDACTED) Found SodaVmmmClassicWriter. Preparing to propagate model update for status: %s
11-10 14:59:43.555 13160 13199 I A       : Skipping model update propagation to SodaVmmmClassicWriter since speaker model did not change.
11-10 14:59:43.555 13160 13199 I A       : getHotwordSpeakerIdModels
11-10 14:59:43.555 13160 13206 I native  : I0000 00:00:1762779583.555449   13206 enrollment_manager_impl.cc:468] Invoking listeners with updated speaker profiles.
11-10 14:59:43.555 13160 13199 I crba    : Returning empty SpeakerId model
11-10 14:59:43.555 13160 13186 I A       : #handleModelUpdate
11-10 14:59:43.555 13160 13186 I A       : (REDACTED) # of TDSID models received: %s
11-10 14:59:43.556 13160 13186 I A       : (REDACTED) Size of TI-SID model bytestring received: %s
11-10 14:59:43.556 13160 13185 I efst    : (REDACTED) [%s] No SpeakerId model found
11-10 14:59:43.556 13160 13186 I A       : (REDACTED) # of Server TI-SID voiceprints received: %s
11-10 14:59:43.557 13160 13185 I crba    : #getTdsidModel
11-10 14:59:43.557 13160 13185 I crba    : #initialize
11-10 14:59:43.559  1431  2167 W USF     : USF_API: Drop flicker data, cannot find sampling_id:84682!
11-10 14:59:43.560 13160 13176 I crba    : Didn't find an initialized EnrollmentManager. Updating config.
11-10 14:59:43.560 13160 13176 I A       : (REDACTED) updateConfig: Hotword present: %b, LP directory: %s
11-10 14:59:43.566 13160 13186 I native  : I0000 00:00:1762779583.566244   13186 enrollment_manager_impl.cc:455] UpdateConfigRequest with timeout: 0
11-10 14:59:43.567 10605 10699 I efwe    : (REDACTED) <<< [%s] Reading SodaResourceManager message with updated resourceIds: %s. Total set: %s
11-10 14:59:43.567 14050 14071 E bt_btu_hcif: system/stack/btu/btu_hcif.cc:973 btu_hcif_hdl_command_complete: Command complete for opcode:0x811 should not be handled here
11-10 14:59:43.567 10605 10699 I efwe    : (REDACTED) <<< [%s] SodaResourceManager session emitted all requested resources: %s. Ok to terminate.
11-10 14:59:43.568 14050 14071 E bt_btu_hcif: system/stack/btu/btu_hcif.cc:973 btu_hcif_hdl_command_complete: Command complete for opcode:0x80d should not be handled here
11-10 14:59:43.569  1431  2167 W USF     : USF_API: Drop flicker data, cannot find sampling_id:84682!
11-10 14:59:43.570  1430  2253 I bthal.bqr: ParseAdvanceRFStatsEvt: Advance RF Stats: Time Period:335129 ms, Extension id: 1, TW_Pw_iPA_BF: 31, TW_Pw_ePA_BF: 4, TW_Pw_iPA_Div: 15983, TW_Pw_ePA_Div: 2, RSSI_Chain_>-50: 3817, RSSI_Chain_-50_-55: 9269, RSSI_Chain_-55_-60: 2718, RSSI_Chain_-60_-65: 1790, RSSI_Chain_-65_-70: 390, RSSI_Chain_-70_-75: 226, RSSI_Chain_-75_-80: 504, RSSI_Chain_-80_-85: 848, RSSI_Chain_-85_-90: 789, RSSI_Chain_<-90: 987, RSSI_Delta_<2: 3582, RSSI_Delta_2_5: 5528, RSSI_Delta_5_8: 4547, RSSI_Delta_8_11: 1158, RSSI_Delta_>11: 349
11-10 14:59:43.570  1430  2253 I bthal.flowcontrol: HciEventPreProcess: HCI Event 0xff Opcode 0 Length 85 unhandled by debug_VendorEvent
11-10 14:59:43.571 14050 14071 W btm_acl : system/stack/acl/btm_acl.cc:1484 BTM_ReadRemoteVersion: Unable to find active acl
11-10 14:59:43.571 14050 14071 I bluetooth: system/btif/src/btif_bqr.cc:1006 bqr_delivery_event: len: 82, addr: ff:ff:ff:ff:ff:ff, lmp_ver: 0, manufacturer_id: 0, lmp_subver: 0
11-10 14:59:43.571 14050 14084 I BluetoothQualityReportJni: android/app/jni/com_android_bluetooth_BluetoothQualityReport.cpp:51 bqr_delivery_callback: 
11-10 14:59:43.571 14050 14084 I BluetoothQualityReportNativeInterface: BQR: {
11-10 14:59:43.571 14050 14084 I BluetoothQualityReportNativeInterface:   mAddr: FF:FF:FF:FF:FF:FF, mLmpVer: 0x00, mLmpSubVer: 0x0000, mManufacturerId: 0x0000, mName: , mBluetoothClass: 0,
11-10 14:59:43.571 14050 14084 I BluetoothQualityReportNativeInterface:   BqrCommon: {
11-10 14:59:43.571 14050 14084 I BluetoothQualityReportNativeInterface:     mQualityReportId: RF Stats(0x09), mPacketType: INVALID(0x00), mConnectionHandle: 0x0000, mConnectionRole: 0(0), mTxPowerLevel: 0, mRssi: 0, mSnr: 0, mUnusedAfhChannelCount: 0,
11-10 14:59:43.571 14050 14084 I BluetoothQualityReportNativeInterface:     mAfhSelectUnidealChannelCount: 0, mLsto: 0, mPiconetClock: 0x00000000, mRetransmissionCount: 0, mNoRxCount: 0, mNakCount: 0, mLastTxAckTimestamp: 0x00000000, mFlowOffCount: 0,
11-10 14:59:43.571 14050 14084 I BluetoothQualityReportNativeInterface:     mLastFlowOnTimestamp: 0x00000000, mOverflowCount: 0, mUnderflowCount: 0, mAddr: null, mCalFailedItemCount: 0,
11-10 14:59:43.571 14050 14084 I BluetoothQualityReportNativeInterface:     mTxTotalPackets: 0, mTxUnackPackets: 0, mTxFlushPackets: 0, mTxLastSubeventPackets: 0, mCrcErrorPackets: 0, mRxDupPackets: 0, mRxUnRecvPackets: 0, mCoexInfoMask: 0
11-10 14:59:43.571 14050 14084 I BluetoothQualityReportNativeInterface:   }
11-10 14:59:43.571 14050 14084 I BluetoothQualityReportNativeInterface:   BqrRfStats: {
11-10 14:59:43.571 14050 14084 I BluetoothQualityReportNativeInterface:     mExtensionInfo: 1, mReportTimePeriod: 335129, mTxPoweriPaBf: 31, mTxPowerePaBf: 4, mTxPoweriPaDiv: 15983, mTxPowerePaDiv: 2,
11-10 14:59:43.571 14050 14084 I BluetoothQualityReportNativeInterface:     mRssiChainOver50: 3817, mRssiChain50To55: 9269, mRssiChain55To60: 2718, mRssiChain60To65: 1790, mRssiChain65To70: 390, mRssiChain70To75: 226, mRssiChain75To80: 504, mRssiChain80To85: 848, mRssiChain85To90: 789, mRssiChainUnder90: 987,
11-10 14:59:43.571 14050 14084 I BluetoothQualityReportNativeInterface:     mRssiDeltaUnder2: 3582, mRssiDelta2To5: 5528, mRssiDelta5To8: 4547, mRssiDelta8To11: 1158, mRssiDeltaOver11: 349
11-10 14:59:43.571 14050 14084 I BluetoothQualityReportNativeInterface:   }
11-10 14:59:43.571 14050 14084 I BluetoothQualityReportNativeInterface: }
11-10 14:59:43.572 14050 14076 I bluetooth: system/main/shim/acl.cc:515 OnFlushOccurred: UNIMPLEMENTED
11-10 14:59:43.578  1431  2167 W USF     : USF_API: Drop flicker data, cannot find sampling_id:84682!
11-10 14:59:43.583 13160 13186 I efst    : (REDACTED) [%s] All resources wrote to PDS and notified client.
11-10 14:59:43.583 13160 13186 I efst    : (REDACTED) [%s] hotwordLatency: %d, tdsidLatency: %d, All resources latency: %d
11-10 14:59:43.584 13160 13184 I efwr    : (REDACTED) [%s] Returning ResourceResponse.
11-10 14:59:43.586 10605 10699 I efwe    : (REDACTED) [%s] SRM session terminated after all resources accounted for: %s.
11-10 14:59:43.588  1431  2167 W USF     : USF_API: Drop flicker data, cannot find sampling_id:84682!
11-10 14:59:43.588 10605 10640 I efdd    : #updateSodaResourcesWithoutReload
11-10 14:59:43.589 10605 10690 I efdd    : #updateSodaResourcesWithoutReload inside sequencer
11-10 14:59:43.593 10605 10674 I efdd    : #checkAsrCompatibility inside sequencer
11-10 14:59:43.593 10605 10674 I efdd    : (REDACTED) #checkAsrCompatibility initializing Soda. Locale: %s. Expected LP version: %d
11-10 14:59:43.593 10605 10674 I efdd    : (REDACTED) Soda cache directory: %s
11-10 14:59:43.593 10605 10674 I efdd    : Hotmatch disabled: flag not enabled
11-10 14:59:43.594 10605 10674 I efqq    : SODA instance exists and matches params. Updating callbacks and returning preloaded instance.
11-10 14:59:43.594 10605 10674 I efdd    : #checkAsrCompatibility successful!
11-10 14:59:43.595 10605 10674 I efed    : Compatcheck success for background update.
11-10 14:59:43.595 10605 10674 I efdd    : #backgroundUpdate
11-10 14:59:43.596 10605 10640 I efdd    : #backgroundUpdate inside sequencer
11-10 14:59:43.596 10605 10640 I efdd    : #backgroundUpdate using the existing ASR soda instance.
11-10 14:59:43.601  1431  2167 W USF     : USF_API: Drop flicker data, cannot find sampling_id:84682!
11-10 14:59:43.602 10605 10640 I native  : I0000 00:00:1762779583.602411   10640 context-module-impl.cc:801] Update context input. (Proto:MessageLite at 0xb40000713c50c530)
11-10 14:59:43.606 10605 10640 I native  : I0000 00:00:1762779583.606709   10640 context-module-impl.cc:808] Update context input for public scope. (Proto:MessageLite at 0xb40000713c50c530)
11-10 14:59:43.607 13160 13206 E SpeechMicro: Hotword model is single-channel neuralnet.
11-10 14:59:43.608 10605 10640 I efed    : #backgroundBiasingUpdate succeeded.
11-10 14:59:43.610  1431  2167 W USF     : USF_API: Drop flicker data, cannot find sampling_id:84682!
11-10 14:59:43.611 10605 10643 I efdd    : #checkAsrCompatibility inside sequencer
11-10 14:59:43.611 10605 10643 I efdd    : (REDACTED) #checkAsrCompatibility initializing Soda. Locale: %s. Expected LP version: %d
11-10 14:59:43.611 10605 10643 I efdd    : (REDACTED) Soda cache directory: %s
11-10 14:59:43.611 10605 10643 I efdd    : Hotmatch disabled: flag not enabled
11-10 14:59:43.611 10605 10643 I efqq    : SODA instance exists and matches params. Updating callbacks and returning preloaded instance.
11-10 14:59:43.612 10605 10643 I efdd    : #checkAsrCompatibility successful!
11-10 14:59:43.612 10605 10670 I efed    : Compatcheck success for background update.
11-10 14:59:43.612 10605 10670 I efdd    : #backgroundUpdate
11-10 14:59:43.612 10605 10670 I efdd    : #backgroundUpdate inside sequencer
11-10 14:59:43.612 13160 13206 I native  : I0000 00:00:1762779583.612891   13206 enrollment_manager_impl.cc:1324] A valid TD-SID creator already exists. No need to re-create.
11-10 14:59:43.613 10605 10692 I duyt    : (REDACTED) Sending speech biasing context update to SODA with locale %s. %s
11-10 14:59:43.613 13160 13206 I native  : I0000 00:00:1762779583.613395   13206 enrollment_manager_impl_utils.cc:81] Using standalone TI-SID pipeline config:/data/user/0/com.google.android.googlequicksearchbox/files/datadownload/shared/public/datadownloadfile_1702414361173/configs/ONDEVICE_LARGE_VOICE_MATCH.config
11-10 14:59:43.613 10605 10670 I efdd    : #backgroundUpdate using the existing ASR soda instance.
11-10 14:59:43.614 13160 13206 I native  : I0000 00:00:1762779583.614516   13206 enrollment_manager_impl.cc:1344] A valid TI-SID creator already exists. No need to re-create.
11-10 14:59:43.614 13160 13206 I native  : I0000 00:00:1762779583.614808   13206 enrollment_manager_impl_utils.cc:81] Using standalone TI-SID pipeline config:/data/user/0/com.google.android.googlequicksearchbox/files/datadownload/shared/public/datadownloadfile_1702414361173/configs/ONDEVICE_LARGE_VOICE_MATCH.config
11-10 14:59:43.614 13160 13206 I native  : I0000 00:00:1762779583.614879   13206 enrollment_manager_impl.cc:1067] Attempting to insert stored TD-SID profiles into config.
11-10 14:59:43.614 13160 13206 I native  : I0000 00:00:1762779583.614934   13206 enrollment_manager_impl.cc:1091] Found 0 speakers with existing TDSID models.
11-10 14:59:43.615 13160 13206 W native  : W0000 00:00:1762779583.615018   13206 enrollment_manager_impl.cc:1123] No valid TD-SID models found.
11-10 14:59:43.615 10605 10690 I efed    : (REDACTED) #getSodaAsrUpdateRequest inserting app domain: %s
11-10 14:59:43.615 13160 13206 I native  : I0000 00:00:1762779583.615060   13206 enrollment_manager_impl.cc:1429] Retrieved stored TDSID models. Speakers requiring re-training:0
11-10 14:59:43.615 13160 13206 I native  : I0000 00:00:1762779583.615104   13206 enrollment_manager_impl.cc:1140] Attempting to insert stored TI-SID profiles into config.
11-10 14:59:43.615 13160 13206 I native  : I0000 00:00:1762779583.615144   13206 enrollment_manager_impl.cc:1165] Found 0 speakers with existing TI-SID models.
11-10 14:59:43.615 13160 13206 W native  : W0000 00:00:1762779583.615191   13206 enrollment_manager_impl.cc:1197] No valid TI-SID models found.
11-10 14:59:43.615 13160 13206 I native  : I0000 00:00:1762779583.615229   13206 enrollment_manager_impl.cc:1442] Retrieved stored TISID models. Speakers requiring re-training:0
11-10 14:59:43.615 13160 13206 I native  : I0000 00:00:1762779583.615279   13206 enrollment_manager_impl.cc:1452] Retrieved Server TISID models. 
11-10 14:59:43.616 10605 10670 I native  : I0000 00:00:1762779583.615880   10670 context-module-impl.cc:801] Update context input. (Proto:MessageLite at 0xb40000713c4f6ab0)
11-10 14:59:43.616 13160 13199 I A       : (REDACTED) handleResponse for  %s user(s)
11-10 14:59:43.616 13160 13199 I A       : (REDACTED) Found SodaVmmmClassicWriter. Preparing to propagate model update for status: %s
11-10 14:59:43.617 13160 13199 I A       : Skipping model update propagation to SodaVmmmClassicWriter since speaker model did not change.
11-10 14:59:43.617 13160 13206 I native  : I0000 00:00:1762779583.617133   13206 enrollment_manager_impl.cc:468] Invoking listeners with updated speaker profiles.
11-10 14:59:43.617 13160 13199 I A       : #handleModelUpdate
11-10 14:59:43.617 13160 13199 I A       : (REDACTED) # of TDSID models received: %s
11-10 14:59:43.617 13160 13199 I A       : (REDACTED) Size of TI-SID model bytestring received: %s
11-10 14:59:43.617 13160 13199 I A       : (REDACTED) # of Server TI-SID voiceprints received: %s
11-10 14:59:43.617 10605 10674 I easx    : (REDACTED) AppFlow %s is about to be transmitted
11-10 14:59:43.617 10605 10670 I native  : I0000 00:00:1762779583.617855   10670 context-module-impl.cc:808] Update context input for public scope. (Proto:MessageLite at 0xb40000713c4f6ab0)
11-10 14:59:43.618 10605 10670 I efed    : #backgroundBiasingUpdate succeeded.
11-10 14:59:43.618 13160 13199 I A       : getHotwordSpeakerIdModels
11-10 14:59:43.618 13160 13199 I crba    : Returning empty SpeakerId model
11-10 14:59:43.619 14050 14071 I bluetooth: system/bta/dm/bta_dm_pm.cc:906 bta_dm_pm_ssr: Found connected service:BTA_ID_AV app_id:1 peer:xx:xx:xx:xx:0f:4f spec_name:sniff_capable
11-10 14:59:43.619 14050 14071 I bluetooth: system/bta/dm/bta_dm_pm.cc:906 bta_dm_pm_ssr: Found connected service:BTA_ID_AG app_id:1 peer:xx:xx:xx:xx:0f:4f spec_name:sniff_capable
11-10 14:59:43.619 14050 14071 I bluetooth: system/bta/dm/bta_dm_pm.cc:906 bta_dm_pm_ssr: Found connected service:BTA_ID_AV app_id:0 peer:xx:xx:xx:xx:0f:4f spec_name:sniff_capable
11-10 14:59:43.619 14050 14071 I bt_btm_pm: system/stack/acl/btm_pm.cc:326 BTM_SetSsrParams: Set sniff subrating state:immediate:active[0] max_latency:0x04b0 min_remote_timeout:0x0002 min_local_timeout:0x0002
11-10 14:59:43.620 10605 10699 I duyt    : (REDACTED) Sending speech biasing context update to SODA with locale %s. %s
11-10 14:59:43.620 14050 14071 I bluetooth-a2dp: system/btif/src/btif_av.cc:3067 btif_av_handle_event: peer=00:00:00:00:00:00 handle=0x41 event=BTA_AV_SUSPEND_EVT(0xf)
11-10 14:59:43.620  1431  2167 W USF     : USF_API: Drop flicker data, cannot find sampling_id:84682!
11-10 14:59:43.620 14050 14071 I bluetooth-a2dp: system/btif/src/btif_av.cc:2492 ProcessEvent: state=Started peer=xx:xx:xx:xx:0f:4f event=BTA_AV_SUSPEND_EVT(0xf) flags=0x1(LOCAL_SUSPEND_PENDING) active_peer=true
11-10 14:59:43.620 14050 14071 I bluetooth-a2dp: system/btif/src/btif_av.cc:2563 ProcessEvent: Peer xx:xx:xx:xx:0f:4f : event=BTA_AV_SUSPEND_EVT(0xf) status=0 initiator=true flags=0x1(LOCAL_SUSPEND_PENDING)
11-10 14:59:43.620 14050 14071 I bluetooth-a2dp: system/btif/src/btif_a2dp.cc:114 btif_a2dp_on_suspended: ## ON A2DP SUSPENDED ## p_av_suspend=0x713bf07370
11-10 14:59:43.620 14050 14071 I bluetooth-a2dp: system/btif/src/btif_a2dp_source.cc:792 btif_a2dp_source_on_suspended: state=STATE_RUNNING
11-10 14:59:43.620 14050 14071 I BTAudioA2dpAIDL: system/audio_hal_interface/aidl/a2dp/a2dp_encoding_aidl.cc:493 ack_stream_suspended: result=0
11-10 14:59:43.621 10605 10640 I efdd    : #checkAsrCompatibility inside sequencer
11-10 14:59:43.621 10605 10695 I efed    : (REDACTED) #getSodaAsrUpdateRequest inserting app domain: %s
11-10 14:59:43.621  1428  4907 I BTAudioProviderStub: streamSuspended - SessionType=A2DP_HARDWARE_OFFLOAD_ENCODING_DATAPATH, status=SUCCESS
11-10 14:59:43.621 10605 10640 I efdd    : (REDACTED) #checkAsrCompatibility initializing Soda. Locale: %s. Expected LP version: %d
11-10 14:59:43.621  1428  4907 I BTAudioSessionAidl: ReportControlStatus - status=SUCCESS for SessionType=A2DP_HARDWARE_OFFLOAD_ENCODING_DATAPATH, bluetooth_audio=0x0200 suspended
11-10 14:59:43.621 10605 10640 I efdd    : (REDACTED) Soda cache directory: %s
11-10 14:59:43.621  1428  4907 I AHal::Bt::A2dpWrapper: ControlResultHandle: ctrl_cb: 512 suspend SUCCESS
11-10 14:59:43.621  1428  2118 I AHal::Bt::A2dpWrapper: SuspendStream: 512 done
11-10 14:59:43.621  1428  2118 I AHal::BT: Disable: bluetooth-a2dp-device done
11-10 14:59:43.621  1428  2118 I AHal::Router: LogTransferring: Transferring (1):
11-10 14:59:43.621  1428  2118 I AHal::Router: LogTransferring:   deep-buffer-playback-0 -> bluetooth-a2dp-device => (null)
11-10 14:59:43.621 14050 14071 I bluetooth-a2dp: system/btif/src/btif_a2dp_source.cc:680 btif_a2dp_source_stop_audio_req: state=STATE_RUNNING
11-10 14:59:43.621  1428  2118 I AHal::VoiceCall: Update: reset echo reference device
11-10 14:59:43.621 14050 14071 I bluetooth-a2dp: system/btif/src/btif_av.cc:2888 btif_report_audio_state: peer=xx:xx:xx:xx:0f:4f state=1
11-10 14:59:43.621  1428  2118 I AHal::Router: InvalidateLocked: ============ apply graph #19524 end ============
11-10 14:59:43.621  1428  2118 I ASvc::PeriodicWorker: SetLinkedConfigIds: update linked configs []
11-10 14:59:43.621  1428  2118 D BTAudioSessionAidl: UpdateSourceMetadata - SessionType=LE_AUDIO_HARDWARE_OFFLOAD_ENCODING_DATAPATH has NO session
11-10 14:59:43.621 14050 14084 I bluetooth-a2dp: android/app/jni/com_android_bluetooth_a2dp.cpp:104 bta2dp_audio_state_callback: xx:xx:xx:xx:0f:4f: state: BTAV_AUDIO_STATE_STOPPED(0x1)
11-10 14:59:43.621  1428  2118 D BTAudioSessionAidl: UpdateSinkMetadata - SessionType=LE_AUDIO_HARDWARE_OFFLOAD_DECODING_DATAPATH has NO session
11-10 14:59:43.622 14050 14071 I bluetooth-a2dp: system/btif/src/btif_av.cc:2486 OnExit: state=Started peer=xx:xx:xx:xx:0f:4f
11-10 14:59:43.622 14050 14071 I bluetooth-a2dp: system/btif/src/btif_av.cc:2204 OnEnter: state=Opened peer=xx:xx:xx:xx:0f:4f
11-10 14:59:43.622 14050 14071 I bluetooth-a2dp: system/btif/src/btif_a2dp_source.cc:861 btif_a2dp_source_audio_tx_stop_event: is_streaming=false state=STATE_RUNNING
11-10 14:59:43.622  1428  2117 D BTAudioSessionAidl: GetSupportedLatencyModes - SessionType=LE_AUDIO_HARDWARE_OFFLOAD_ENCODING_DATAPATH has NO session
11-10 14:59:43.622 10605 10640 I efdd    : Hotmatch disabled: flag not enabled
11-10 14:59:43.622 10605 10640 I efqq    : SODA instance exists and matches params. Updating callbacks and returning preloaded instance.
11-10 14:59:43.622 14050 14050 I A2dpStateMachine: Connected: stopped playing: XX:XX:XX:XX:0F:4F
11-10 14:59:43.623 10605 10640 I efdd    : #checkAsrCompatibility successful!
11-10 14:59:43.623 13160 13185 I crba    : #getTdsidModel
11-10 14:59:43.623  1488  2119 D StreamHalAidl: [out|ioHandle:21] flush
11-10 14:59:43.623 13160 13185 I crba    : #initialize
11-10 14:59:43.624 10605 10640 I efed    : Compatcheck success for background update.
11-10 14:59:43.624 14050 14076 I bluetooth: system/main/shim/acl.cc:515 OnFlushOccurred: UNIMPLEMENTED
11-10 14:59:43.624  1428  2118 I ASvc::CommandWorker: cw-deep-buffer-playback: Command{flush: Void{}} in StreamOutPausedState
11-10 14:59:43.624 10605 10640 I efdd    : #backgroundUpdate
11-10 14:59:43.624  1428  2118 I ASvc::StreamOutSyncStates: FlushDataQueue: flush 0 bytes in data queue
11-10 14:59:43.624 10605 10640 I efdd    : #backgroundUpdate inside sequencer
11-10 14:59:43.624 10605 10640 I efdd    : #backgroundUpdate using the existing ASR soda instance.
11-10 14:59:43.624  1428  2118 I ASvc::CommandWorker: cw-deep-buffer-playback: Command{standby: Void{}} in StreamOutIdleState
11-10 14:59:43.624 10605 10640 I efed    : #backgroundBiasingUpdate succeeded.
11-10 14:59:43.626 10605 10689 I duyt    : (REDACTED) SODA speech biasing context update for %s is complete. %s
11-10 14:59:43.627 13160 13184 I crba    : Didn't find an initialized EnrollmentManager. Updating config.
11-10 14:59:43.628 13160 13184 I A       : (REDACTED) updateConfig: Hotword present: %b, LP directory: %s
11-10 14:59:43.628 10605 10689 I duye    : (REDACTED) Successfully scheduled context update for key: %s for %s.
11-10 14:59:43.630  1431  2167 W USF     : USF_API: Drop flicker data, cannot find sampling_id:84682!
11-10 14:59:43.630 10605 10643 I efdd    : #checkAsrCompatibility inside sequencer
11-10 14:59:43.630 10605 10643 I efdd    : (REDACTED) #checkAsrCompatibility initializing Soda. Locale: %s. Expected LP version: %d
11-10 14:59:43.631 10605 10643 I efdd    : (REDACTED) Soda cache directory: %s
11-10 14:59:43.631 10605 10691 I arsk    : #getOobeStatus: OptedIn [CONTEXT ratelimit_period="10 SECONDS" skipped=5 ]
11-10 14:59:43.631 10605 10643 I efdd    : Hotmatch disabled: flag not enabled
11-10 14:59:43.631 10605 10643 I efqq    : SODA instance exists and matches params. Updating callbacks and returning preloaded instance.
11-10 14:59:43.631 10605 10643 I efdd    : #checkAsrCompatibility successful!
11-10 14:59:43.632 10605 10643 I efed    : Compatcheck success for background update.
11-10 14:59:43.632 10605 10643 I efdd    : #backgroundUpdate
11-10 14:59:43.632 10605 10643 I efdd    : #backgroundUpdate inside sequencer
11-10 14:59:43.632 13160 13199 I native  : I0000 00:00:1762779583.632435   13199 enrollment_manager_impl.cc:455] UpdateConfigRequest with timeout: 0
11-10 14:59:43.633 10605 10640 I efdd    : #backgroundUpdate using the existing ASR soda instance.
11-10 14:59:43.634 23969 24908 W Binder  : Caught a RuntimeException from the binder stub implementation.
11-10 14:59:43.634 23969 24908 W Binder  : java.lang.UnsupportedOperationException
11-10 14:59:43.634 23969 24908 W Binder  : 	at uht.a(PG:3)
11-10 14:59:43.634 23969 24908 W Binder  : 	at uht.r(PG:34)
11-10 14:59:43.634 23969 24908 W Binder  : 	at kog.onTransact(PG:21)
11-10 14:59:43.634 23969 24908 W Binder  : 	at android.os.Binder.execTransactInternal(Binder.java:1446)
11-10 14:59:43.634 23969 24908 W Binder  : 	at android.os.Binder.execTransact(Binder.java:1385)
11-10 14:59:43.634 14050 14071 E bt_btu_hcif: system/stack/btu/btu_hcif.cc:973 btu_hcif_hdl_command_complete: Command complete for opcode:0x811 should not be handled here
11-10 14:59:43.634 10605 10640 I efed    : #backgroundBiasingUpdate succeeded.
11-10 14:59:43.635 14050 14071 E bt_btu_hcif: system/stack/btu/btu_hcif.cc:973 btu_hcif_hdl_command_complete: Command complete for opcode:0x80d should not be handled here
11-10 14:59:43.635 10605 10674 I easx    : (REDACTED) AppFlow %s is about to be transmitted
11-10 14:59:43.636 10605 10691 I duyt    : (REDACTED) SODA speech biasing context update for %s is complete. %s
11-10 14:59:43.637 10605 10691 I duye    : (REDACTED) Successfully scheduled context update for key: %s for %s.
11-10 14:59:43.637 10605 10674 I easx    : (REDACTED) AppFlow %s is about to be transmitted
11-10 14:59:43.638 10605 10674 I easx    : (REDACTED) AppFlow %s is about to be transmitted
11-10 14:59:43.639 10605 10674 I easx    : (REDACTED) AppFlow %s is about to be transmitted
11-10 14:59:43.640 10605 10674 I easx    : (REDACTED) AppFlow %s is about to be transmitted
11-10 14:59:43.640  1431  2167 W USF     : USF_API: Drop flicker data, cannot find sampling_id:84682!
11-10 14:59:43.650  1431  2167 W USF     : USF_API: Drop flicker data, cannot find sampling_id:84682!
11-10 14:59:43.656 23969 24912 W Binder  : Caught a RuntimeException from the binder stub implementation.
11-10 14:59:43.656 23969 24912 W Binder  : java.lang.UnsupportedOperationException
11-10 14:59:43.656 23969 24912 W Binder  : 	at uht.a(PG:3)
11-10 14:59:43.656 23969 24912 W Binder  : 	at uht.r(PG:34)
11-10 14:59:43.656 23969 24912 W Binder  : 	at kog.onTransact(PG:21)
11-10 14:59:43.656 23969 24912 W Binder  : 	at android.os.Binder.execTransactInternal(Binder.java:1446)
11-10 14:59:43.656 23969 24912 W Binder  : 	at android.os.Binder.execTransact(Binder.java:1385)
11-10 14:59:43.658 10605 10629 W Binder  : Caught a RuntimeException from the binder stub implementation.
11-10 14:59:43.658 10605 10629 W Binder  : java.lang.UnsupportedOperationException
11-10 14:59:43.658 10605 10629 W Binder  : 	at cfvo.a(PG:3)
11-10 14:59:43.658 10605 10629 W Binder  : 	at cfvo.dispatchTransaction(PG:33)
11-10 14:59:43.658 10605 10629 W Binder  : 	at pxv.onTransact(PG:13)
11-10 14:59:43.658 10605 10629 W Binder  : 	at android.os.Binder.execTransactInternal(Binder.java:1446)
11-10 14:59:43.658 10605 10629 W Binder  : 	at android.os.Binder.execTransact(Binder.java:1385)
11-10 14:59:43.660  1431  2167 W USF     : USF_API: Drop flicker data, cannot find sampling_id:84682!
11-10 14:59:43.667 10605 22411 W Binder  : Caught a RuntimeException from the binder stub implementation.
11-10 14:59:43.667 10605 22411 W Binder  : java.lang.UnsupportedOperationException
11-10 14:59:43.667 10605 22411 W Binder  : 	at cfvo.a(PG:3)
11-10 14:59:43.667 10605 22411 W Binder  : 	at cfvo.dispatchTransaction(PG:33)
11-10 14:59:43.667 10605 22411 W Binder  : 	at pxv.onTransact(PG:13)
11-10 14:59:43.667 10605 22411 W Binder  : 	at android.os.Binder.execTransactInternal(Binder.java:1446)
11-10 14:59:43.667 10605 22411 W Binder  : 	at android.os.Binder.execTransact(Binder.java:1385)
11-10 14:59:43.668 10605 22411 W Binder  : Caught a RuntimeException from the binder stub implementation.
11-10 14:59:43.668 10605 22411 W Binder  : java.lang.UnsupportedOperationException
11-10 14:59:43.668 10605 22411 W Binder  : 	at cfvo.a(PG:3)
11-10 14:59:43.668 10605 22411 W Binder  : 	at cfvo.dispatchTransaction(PG:33)
11-10 14:59:43.668 10605 22411 W Binder  : 	at pxv.onTransact(PG:13)
11-10 14:59:43.668 10605 22411 W Binder  : 	at android.os.Binder.execTransactInternal(Binder.java:1446)
11-10 14:59:43.668 10605 22411 W Binder  : 	at android.os.Binder.execTransact(Binder.java:1385)
11-10 14:59:43.669  1431  2167 W USF     : USF_API: Drop flicker data, cannot find sampling_id:84682!
11-10 14:59:43.670 10605 22411 W Binder  : Caught a RuntimeException from the binder stub implementation.
11-10 14:59:43.670 10605 22411 W Binder  : java.lang.UnsupportedOperationException
11-10 14:59:43.670 10605 22411 W Binder  : 	at cfvo.a(PG:3)
11-10 14:59:43.670 10605 22411 W Binder  : 	at cfvo.dispatchTransaction(PG:33)
11-10 14:59:43.670 10605 22411 W Binder  : 	at pxv.onTransact(PG:13)
11-10 14:59:43.670 10605 22411 W Binder  : 	at android.os.Binder.execTransactInternal(Binder.java:1446)
11-10 14:59:43.670 10605 22411 W Binder  : 	at android.os.Binder.execTransact(Binder.java:1385)
11-10 14:59:43.671 10605 10629 W Binder  : Caught a RuntimeException from the binder stub implementation.
11-10 14:59:43.671 10605 10629 W Binder  : java.lang.UnsupportedOperationException
11-10 14:59:43.671 10605 10629 W Binder  : 	at cfvo.a(PG:3)
11-10 14:59:43.671 10605 10629 W Binder  : 	at cfvo.dispatchTransaction(PG:33)
11-10 14:59:43.671 10605 10629 W Binder  : 	at pxv.onTransact(PG:13)
11-10 14:59:43.671 10605 10629 W Binder  : 	at android.os.Binder.execTransactInternal(Binder.java:1446)
11-10 14:59:43.671 10605 10629 W Binder  : 	at android.os.Binder.execTransact(Binder.java:1385)
11-10 14:59:43.672 13160 13206 E SpeechMicro: Hotword model is single-channel neuralnet.
11-10 14:59:43.677 13160 13206 I native  : I0000 00:00:1762779583.677447   13206 enrollment_manager_impl.cc:1324] A valid TD-SID creator already exists. No need to re-create.
11-10 14:59:43.678 13160 13206 I native  : I0000 00:00:1762779583.678095   13206 enrollment_manager_impl_utils.cc:81] Using standalone TI-SID pipeline config:/data/user/0/com.google.android.googlequicksearchbox/files/datadownload/shared/public/datadownloadfile_1702414361173/configs/ONDEVICE_LARGE_VOICE_MATCH.config
11-10 14:59:43.678 10605 22411 W Binder  : Caught a RuntimeException from the binder stub implementation.
11-10 14:59:43.678 10605 22411 W Binder  : java.lang.UnsupportedOperationException
11-10 14:59:43.678 10605 22411 W Binder  : 	at cfvo.a(PG:3)
11-10 14:59:43.678 10605 22411 W Binder  : 	at cfvo.dispatchTransaction(PG:33)
11-10 14:59:43.678 10605 22411 W Binder  : 	at pxv.onTransact(PG:13)
11-10 14:59:43.678 10605 22411 W Binder  : 	at android.os.Binder.execTransactInternal(Binder.java:1446)
11-10 14:59:43.678 10605 22411 W Binder  : 	at android.os.Binder.execTransact(Binder.java:1385)
11-10 14:59:43.678 13160 13206 I native  : I0000 00:00:1762779583.678879   13206 enrollment_manager_impl.cc:1344] A valid TI-SID creator already exists. No need to re-create.
11-10 14:59:43.679 13160 13206 I native  : I0000 00:00:1762779583.679158   13206 enrollment_manager_impl_utils.cc:81] Using standalone TI-SID pipeline config:/data/user/0/com.google.android.googlequicksearchbox/files/datadownload/shared/public/datadownloadfile_1702414361173/configs/ONDEVICE_LARGE_VOICE_MATCH.config
11-10 14:59:43.679 13160 13206 I native  : I0000 00:00:1762779583.679234   13206 enrollment_manager_impl.cc:1067] Attempting to insert stored TD-SID profiles into config.
11-10 14:59:43.679 13160 13206 I native  : I0000 00:00:1762779583.679286   13206 enrollment_manager_impl.cc:1091] Found 0 speakers with existing TDSID models.
11-10 14:59:43.679 13160 13206 W native  : W0000 00:00:1762779583.679368   13206 enrollment_manager_impl.cc:1123] No valid TD-SID models found.
11-10 14:59:43.679 13160 13206 I native  : I0000 00:00:1762779583.679405   13206 enrollment_manager_impl.cc:1429] Retrieved stored TDSID models. Speakers requiring re-training:0
11-10 14:59:43.679 13160 13206 I native  : I0000 00:00:1762779583.679440   13206 enrollment_manager_impl.cc:1140] Attempting to insert stored TI-SID profiles into config.
11-10 14:59:43.679 13160 13206 I native  : I0000 00:00:1762779583.679470   13206 enrollment_manager_impl.cc:1165] Found 0 speakers with existing TI-SID models.
11-10 14:59:43.679 13160 13206 W native  : W0000 00:00:1762779583.679503   13206 enrollment_manager_impl.cc:1197] No valid TI-SID models found.
11-10 14:59:43.679 13160 13206 I native  : I0000 00:00:1762779583.679536   13206 enrollment_manager_impl.cc:1442] Retrieved stored TISID models. Speakers requiring re-training:0
11-10 14:59:43.679 13160 13206 I native  : I0000 00:00:1762779583.679577   13206 enrollment_manager_impl.cc:1452] Retrieved Server TISID models. 
11-10 14:59:43.679  1431  2167 W USF     : USF_API: Drop flicker data, cannot find sampling_id:84682!
11-10 14:59:43.680 13160 13199 I A       : (REDACTED) handleResponse for  %s user(s)
11-10 14:59:43.680 13160 13199 I A       : (REDACTED) Found SodaVmmmClassicWriter. Preparing to propagate model update for status: %s
11-10 14:59:43.680 13160 13199 I A       : Skipping model update propagation to SodaVmmmClassicWriter since speaker model did not change.
11-10 14:59:43.681 13160 13206 I native  : I0000 00:00:1762779583.681697   13206 enrollment_manager_impl.cc:468] Invoking listeners with updated speaker profiles.
11-10 14:59:43.682 13160 13199 I A       : #handleModelUpdate
11-10 14:59:43.682 13160 13199 I A       : (REDACTED) # of TDSID models received: %s
11-10 14:59:43.682 13160 13199 I A       : (REDACTED) Size of TI-SID model bytestring received: %s
11-10 14:59:43.682 13160 13199 I A       : (REDACTED) # of Server TI-SID voiceprints received: %s
11-10 14:59:43.682 13160 13199 I A       : getHotwordSpeakerIdModels
11-10 14:59:43.682 13160 13199 I crba    : Returning empty SpeakerId model
11-10 14:59:43.683 13160 13186 I efvp    : (REDACTED) [%s] No Tdsid update occurred. Skipping callback(s)
11-10 14:59:43.689  1431  2167 W USF     : USF_API: Drop flicker data, cannot find sampling_id:84682!
11-10 14:59:43.699  1431  2167 W USF     : USF_API: Drop flicker data, cannot find sampling_id:84682!
11-10 14:59:43.709  1431  2167 W USF     : USF_API: Drop flicker data, cannot find sampling_id:84682!
11-10 14:59:43.718  1431  2167 W USF     : USF_API: Drop flicker data, cannot find sampling_id:84682!
11-10 14:59:43.728  1431  2167 W USF     : USF_API: Drop flicker data, cannot find sampling_id:84682!
11-10 14:59:43.738  1431  2167 W USF     : USF_API: Drop flicker data, cannot find sampling_id:84682!
11-10 14:59:43.748  1431  2167 W USF     : USF_API: Drop flicker data, cannot find sampling_id:84682!
11-10 14:59:43.758  1431  2167 W USF     : USF_API: Drop flicker data, cannot find sampling_id:84682!
11-10 14:59:43.768  1431  2167 W USF     : USF_API: Drop flicker data, cannot find sampling_id:84682!
11-10 14:59:43.776 21379 21379 I ContentProtectionServic: CP service destroyed
11-10 14:59:43.777  1431  2167 W USF     : USF_API: Drop flicker data, cannot find sampling_id:84682!
11-10 14:59:43.783  1884  1884 I RemoteContentProtectionService: Connection status for: ComponentInfo{com.google.android.odad/com.google.android.apps.miphone.odad.contentprotection.ContentProtectionService} changed to: disconnected
11-10 14:59:43.788  1431  2167 W USF     : USF_API: Drop flicker data, cannot find sampling_id:84682!
11-10 14:59:43.798  1431  2167 W USF     : USF_API: Drop flicker data, cannot find sampling_id:84682!
11-10 14:59:43.808  1431  2167 W USF     : USF_API: Drop flicker data, cannot find sampling_id:84682!
11-10 14:59:43.818  1431  2167 W USF     : USF_API: Drop flicker data, cannot find sampling_id:84682!
11-10 14:59:43.827  1431  2167 W USF     : USF_API: Drop flicker data, cannot find sampling_id:84682!
11-10 14:59:43.837  1431  2167 W USF     : USF_API: Drop flicker data, cannot find sampling_id:84682!
11-10 14:59:43.848  1431  2167 W USF     : USF_API: Drop flicker data, cannot find sampling_id:84682!
11-10 14:59:43.858  1431  2167 W USF     : USF_API: Drop flicker data, cannot find sampling_id:84682!
11-10 14:59:43.868  1431  2167 W USF     : USF_API: Drop flicker data, cannot find sampling_id:84682!
11-10 14:59:43.877  1431  2167 W USF     : USF_API: Drop flicker data, cannot find sampling_id:84682!
11-10 14:59:43.888  1431  2167 W USF     : USF_API: Drop flicker data, cannot find sampling_id:84682!
11-10 14:59:43.898  1431  2167 W USF     : USF_API: Drop flicker data, cannot find sampling_id:84682!
11-10 14:59:43.907  1431  2167 W USF     : USF_API: Drop flicker data, cannot find sampling_id:84682!
11-10 14:59:43.917  1431  2167 W USF     : USF_API: Drop flicker data, cannot find sampling_id:84682!
11-10 14:59:43.927  1431  2167 W USF     : USF_API: Drop flicker data, cannot find sampling_id:84682!
11-10 14:59:43.937  1431  2167 W USF     : USF_API: Drop flicker data, cannot find sampling_id:84682!
11-10 14:59:43.948  1431  2167 W USF     : USF_API: Drop flicker data, cannot find sampling_id:84682!
11-10 14:59:43.957  1431  2167 W USF     : USF_API: Drop flicker data, cannot find sampling_id:84682!
11-10 14:59:43.967  1431  2167 W USF     : USF_API: Drop flicker data, cannot find sampling_id:84682!
11-10 14:59:43.977  1431  2167 W USF     : USF_API: Drop flicker data, cannot find sampling_id:84682!
11-10 14:59:43.987  1431  2167 W USF     : USF_API: Drop flicker data, cannot find sampling_id:84682!
11-10 14:59:43.997  1431  2167 W USF     : USF_API: Drop flicker data, cannot find sampling_id:84682!
11-10 14:59:44.001  1432  1491 D CHRE.HAL: Received a nanoapp message from 0x476f6f676c001019 endpoint 0x2: Type 0x1f4 size 12 
11-10 14:59:44.007  1431  2167 W USF     : USF_API: Drop flicker data, cannot find sampling_id:84682!
11-10 14:59:44.017  1431  2167 W USF     : USF_API: Drop flicker data, cannot find sampling_id:84682!
11-10 14:59:44.017  1432  1491 D CHRE.HAL: Received a nanoapp message from 0x476f6f676c001019 endpoint 0x2: Type 0x1f4 size 12 
11-10 14:59:44.027  1431  2167 W USF     : USF_API: Drop flicker data, cannot find sampling_id:84682!
11-10 14:59:44.037  1431  2167 W USF     : USF_API: Drop flicker data, cannot find sampling_id:84682!
11-10 14:59:44.047  1431  2167 W USF     : USF_API: Drop flicker data, cannot find sampling_id:84682!
11-10 14:59:44.057  1431  2167 W USF     : USF_API: Drop flicker data, cannot find sampling_id:84682!
11-10 14:59:44.067  1431  2167 W USF     : USF_API: Drop flicker data, cannot find sampling_id:84682!
11-10 14:59:44.077  1431  2167 W USF     : USF_API: Drop flicker data, cannot find sampling_id:84682!
11-10 14:59:44.087  1431  2167 W USF     : USF_API: Drop flicker data, cannot find sampling_id:84682!
11-10 14:59:44.097  1431  2167 W USF     : USF_API: Drop flicker data, cannot find sampling_id:84682!
11-10 14:59:44.109  1431  2167 W USF     : USF_API: Drop flicker data, cannot find sampling_id:84682!
11-10 14:59:44.119  1431  2167 W USF     : USF_API: Drop flicker data, cannot find sampling_id:84682!
11-10 14:59:44.128  1431  2167 W USF     : USF_API: Drop flicker data, cannot find sampling_id:84682!
11-10 14:59:44.139  1431  2167 W USF     : USF_API: Drop flicker data, cannot find sampling_id:84682!
11-10 14:59:44.148  1431  2167 W USF     : USF_API: Drop flicker data, cannot find sampling_id:84682!
11-10 14:59:44.158  1431  2167 W USF     : USF_API: Drop flicker data, cannot find sampling_id:84682!
11-10 14:59:44.168  1431  2167 W USF     : USF_API: Drop flicker data, cannot find sampling_id:84682!
11-10 14:59:44.178  1431  2167 W USF     : USF_API: Drop flicker data, cannot find sampling_id:84682!
11-10 14:59:44.188  1431  2167 W USF     : USF_API: Drop flicker data, cannot find sampling_id:84682!
11-10 14:59:44.197  1431  2167 W USF     : USF_API: Drop flicker data, cannot find sampling_id:84682!
11-10 14:59:44.207  1431  2167 W USF     : USF_API: Drop flicker data, cannot find sampling_id:84682!
11-10 14:59:44.217  1431  2167 W USF     : USF_API: Drop flicker data, cannot find sampling_id:84682!
11-10 14:59:44.227  1431  2167 W USF     : USF_API: Drop flicker data, cannot find sampling_id:84682!
11-10 14:59:44.230  1431  2167 W USF     : USF_API: Drop sample report, cannot find sampling_id:84682
11-10 14:59:44.236  1484  1579 I WifiHAL : Creating message to get link statistics; iface = 47
11-10 14:59:44.237  1431  2167 W USF     : USF_API: Drop flicker data, cannot find sampling_id:84682!
11-10 14:59:44.247  1431  2167 W USF     : USF_API: Drop flicker data, cannot find sampling_id:84682!
11-10 14:59:44.257  1431  2167 W USF     : USF_API: Drop flicker data, cannot find sampling_id:84682!
11-10 14:59:44.266  1431  2167 W USF     : USF_API: Drop flicker data, cannot find sampling_id:84682!
11-10 14:59:44.276  1431  2167 W USF     : USF_API: Drop flicker data, cannot find sampling_id:84682!
11-10 14:59:44.287  1431  2167 W USF     : USF_API: Drop flicker data, cannot find sampling_id:84682!
11-10 14:59:44.290  1484  1579 I WifiHAL : index: 0 per_rate_size 32, data_rem_len 1152
11-10 14:59:44.290  1484  1579 I WifiHAL : index: 1 per_rate_size 32, data_rem_len 1120
11-10 14:59:44.290  1484  1579 I WifiHAL : index: 2 per_rate_size 32, data_rem_len 1088
11-10 14:59:44.290  1484  1579 I WifiHAL : index: 3 per_rate_size 32, data_rem_len 1056
11-10 14:59:44.291  1484  1579 I WifiHAL : index: 4 per_rate_size 32, data_rem_len 1024
11-10 14:59:44.291  1484  1579 I WifiHAL : index: 5 per_rate_size 32, data_rem_len 992
11-10 14:59:44.291  1484  1579 I WifiHAL : index: 6 per_rate_size 32, data_rem_len 960
11-10 14:59:44.291  1484  1579 I WifiHAL : index: 7 per_rate_size 32, data_rem_len 928
11-10 14:59:44.291  1484  1579 I WifiHAL : index: 8 per_rate_size 32, data_rem_len 896
11-10 14:59:44.291  1484  1579 I WifiHAL : index: 9 per_rate_size 32, data_rem_len 864
11-10 14:59:44.291  1484  1579 I WifiHAL : index: 10 per_rate_size 32, data_rem_len 832
11-10 14:59:44.291  1484  1579 I WifiHAL : index: 11 per_rate_size 32, data_rem_len 800
11-10 14:59:44.291  1484  1579 I WifiHAL : index: 12 per_rate_size 32, data_rem_len 768
11-10 14:59:44.291  1484  1579 I WifiHAL : index: 13 per_rate_size 32, data_rem_len 736
11-10 14:59:44.291  1484  1579 I WifiHAL : index: 14 per_rate_size 32, data_rem_len 704
11-10 14:59:44.291  1484  1579 I WifiHAL : index: 15 per_rate_size 32, data_rem_len 672
11-10 14:59:44.291  1484  1579 I WifiHAL : index: 16 per_rate_size 32, data_rem_len 640
11-10 14:59:44.291  1484  1579 I WifiHAL : index: 17 per_rate_size 32, data_rem_len 608
11-10 14:59:44.291  1484  1579 I WifiHAL : index: 18 per_rate_size 32, data_rem_len 576
11-10 14:59:44.291  1484  1579 I WifiHAL : index: 19 per_rate_size 32, data_rem_len 544
11-10 14:59:44.291  1484  1579 I WifiHAL : index: 20 per_rate_size 32, data_rem_len 512
11-10 14:59:44.291  1484  1579 I WifiHAL : index: 21 per_rate_size 32, data_rem_len 480
11-10 14:59:44.291  1484  1579 I WifiHAL : index: 22 per_rate_size 32, data_rem_len 448
11-10 14:59:44.291  1484  1579 I WifiHAL : index: 23 per_rate_size 32, data_rem_len 416
11-10 14:59:44.291  1484  1579 I WifiHAL : index: 24 per_rate_size 32, data_rem_len 384
11-10 14:59:44.291  1484  1579 I WifiHAL : index: 25 per_rate_size 32, data_rem_len 352
11-10 14:59:44.291  1484  1579 I WifiHAL : index: 26 per_rate_size 32, data_rem_len 320
11-10 14:59:44.291  1484  1579 I WifiHAL : index: 27 per_rate_size 32, data_rem_len 288
11-10 14:59:44.291  1484  1579 I WifiHAL : index: 28 per_rate_size 32, data_rem_len 256
11-10 14:59:44.291  1484  1579 I WifiHAL : index: 29 per_rate_size 32, data_rem_len 224
11-10 14:59:44.291  1484  1579 I WifiHAL : index: 30 per_rate_size 32, data_rem_len 192
11-10 14:59:44.291  1484  1579 I WifiHAL : index: 31 per_rate_size 32, data_rem_len 160
11-10 14:59:44.291  1484  1579 I WifiHAL : index: 32 per_rate_size 32, data_rem_len 128
11-10 14:59:44.291  1484  1579 I WifiHAL : index: 33 per_rate_size 32, data_rem_len 96
