11-10 15:40:47.842  1431  2167 W USF     : USF_API: Drop flicker data, cannot find sampling_id:84682!
11-10 15:40:47.852  1431  2167 W USF     : USF_API: Drop flicker data, cannot find sampling_id:84682!
11-10 15:40:47.862  1431  2167 W USF     : USF_API: Drop flicker data, cannot find sampling_id:84682!
11-10 15:40:47.872  1431  2167 W USF     : USF_API: Drop flicker data, cannot find sampling_id:84682!
11-10 15:40:47.881  1431  2167 W USF     : USF_API: Drop flicker data, cannot find sampling_id:84682!
11-10 15:40:47.884  1428  2117 D BTAudioSessionAidl: GetSupportedLatencyModes - Supported LatencyMode= FREE
11-10 15:40:47.891  1431  2167 W USF     : USF_API: Drop flicker data, cannot find sampling_id:84682!
11-10 15:40:47.901  1431  2167 W USF     : USF_API: Drop flicker data, cannot find sampling_id:84682!
11-10 15:40:47.910  1431  2167 W USF     : USF_API: Drop flicker data, cannot find sampling_id:84682!
11-10 15:40:47.921  1431  2167 W USF     : USF_API: Drop flicker data, cannot find sampling_id:84682!
11-10 15:40:47.930  1431  2167 W USF     : USF_API: Drop flicker data, cannot find sampling_id:84682!
11-10 15:40:47.940  1431  2167 W USF     : USF_API: Drop flicker data, cannot find sampling_id:84682!
11-10 15:40:47.950  1431  2167 W USF     : USF_API: Drop flicker data, cannot find sampling_id:84682!
11-10 15:40:47.960  1431  2167 W USF     : USF_API: Drop flicker data, cannot find sampling_id:84682!
11-10 15:40:47.970  1431  2167 W USF     : USF_API: Drop flicker data, cannot find sampling_id:84682!
11-10 15:40:47.978  1642  2367 D AidlBufferPoolAcc: evictor expired: 13, evicted: 0
11-10 15:40:47.980  1431  2167 W USF     : USF_API: Drop flicker data, cannot find sampling_id:84682!
11-10 15:40:47.990  1431  2167 W USF     : USF_API: Drop flicker data, cannot find sampling_id:84682!
11-10 15:40:47.991  4821  4958 D AidlBufferPool: bufferpool2 0xb40000709beb0698 : 0(0 size) total buffers - 0(0 size) used buffers - 43/48 (recycle/alloc) - 5/86 (fetch/transfer)
11-10 15:40:47.991  4821  4958 D AidlBufferPool: bufferpool2 0xb40000709beb42b8 : 0(0 size) total buffers - 0(0 size) used buffers - 43/48 (recycle/alloc) - 5/86 (fetch/transfer)
11-10 15:40:47.991  4821  4958 D AidlBufferPool: bufferpool2 0xb40000709beac828 : 0(0 size) total buffers - 0(0 size) used buffers - 43/48 (recycle/alloc) - 5/86 (fetch/transfer)
11-10 15:40:47.991  4821  4958 D AidlBufferPool: bufferpool2 0xb40000709beadcf8 : 0(0 size) total buffers - 0(0 size) used buffers - 41/48 (recycle/alloc) - 8/86 (fetch/transfer)
11-10 15:40:47.991  4821  4958 D AidlBufferPool: bufferpool2 0xb40000709bea31d8 : 0(0 size) total buffers - 0(0 size) used buffers - 41/48 (recycle/alloc) - 7/86 (fetch/transfer)
11-10 15:40:47.991  4821  4958 D AidlBufferPool: bufferpool2 0xb40000709beaba48 : 0(0 size) total buffers - 0(0 size) used buffers - 42/48 (recycle/alloc) - 6/86 (fetch/transfer)
11-10 15:40:47.991  4821  4958 D AidlBufferPoolAcc: evictor expired: 6, evicted: 6
11-10 15:40:48.000  1431  2167 W USF     : USF_API: Drop flicker data, cannot find sampling_id:84682!
11-10 15:40:48.010  1431  2167 W USF     : USF_API: Drop flicker data, cannot find sampling_id:84682!
11-10 15:40:48.020  1431  2167 W USF     : USF_API: Drop flicker data, cannot find sampling_id:84682!
11-10 15:40:48.030  1431  2167 W USF     : USF_API: Drop flicker data, cannot find sampling_id:84682!
11-10 15:40:48.040  1431  2167 W USF     : USF_API: Drop flicker data, cannot find sampling_id:84682!
11-10 15:40:48.050  1431  2167 W USF     : USF_API: Drop flicker data, cannot find sampling_id:84682!
11-10 15:40:48.060  1431  2167 W USF     : USF_API: Drop flicker data, cannot find sampling_id:84682!
11-10 15:40:48.070  1431  2167 W USF     : USF_API: Drop flicker data, cannot find sampling_id:84682!
11-10 15:40:48.080  1431  2167 W USF     : USF_API: Drop flicker data, cannot find sampling_id:84682!
11-10 15:40:48.085  1428  2117 D BTAudioSessionAidl: GetSupportedLatencyModes - Supported LatencyMode= FREE
11-10 15:40:48.090  1431  2167 W USF     : USF_API: Drop flicker data, cannot find sampling_id:84682!
11-10 15:40:48.100  1431  2167 W USF     : USF_API: Drop flicker data, cannot find sampling_id:84682!
11-10 15:40:48.110  1431  2167 W USF     : USF_API: Drop flicker data, cannot find sampling_id:84682!
11-10 15:40:48.120  1431  2167 W USF     : USF_API: Drop flicker data, cannot find sampling_id:84682!
11-10 15:40:48.130  1431  2167 W USF     : USF_API: Drop flicker data, cannot find sampling_id:84682!
11-10 15:40:48.139  1431  2167 W USF     : USF_API: Drop flicker data, cannot find sampling_id:84682!
11-10 15:40:48.149  1431  2167 W USF     : USF_API: Drop flicker data, cannot find sampling_id:84682!
11-10 15:40:48.159  1431  2167 W USF     : USF_API: Drop flicker data, cannot find sampling_id:84682!
11-10 15:40:48.170  1431  2167 W USF     : USF_API: Drop flicker data, cannot find sampling_id:84682!
11-10 15:40:48.180  1431  2167 W USF     : USF_API: Drop flicker data, cannot find sampling_id:84682!
11-10 15:40:48.189  1431  2167 W USF     : USF_API: Drop flicker data, cannot find sampling_id:84682!
11-10 15:40:48.199  1431  2167 W USF     : USF_API: Drop flicker data, cannot find sampling_id:84682!
11-10 15:40:48.209  1431  2167 W USF     : USF_API: Drop flicker data, cannot find sampling_id:84682!
11-10 15:40:48.219  1431  2167 W USF     : USF_API: Drop flicker data, cannot find sampling_id:84682!
11-10 15:40:48.229  1431  2167 W USF     : USF_API: Drop flicker data, cannot find sampling_id:84682!
11-10 15:40:48.229  1431  2167 W USF     : USF_API: Drop sample report, cannot find sampling_id:84682
11-10 15:40:48.239  1431  2167 W USF     : USF_API: Drop flicker data, cannot find sampling_id:84682!
11-10 15:40:48.249  1431  2167 W USF     : USF_API: Drop flicker data, cannot find sampling_id:84682!
11-10 15:40:48.259  1431  2167 W USF     : USF_API: Drop flicker data, cannot find sampling_id:84682!
11-10 15:40:48.269  1431  2167 W USF     : USF_API: Drop flicker data, cannot find sampling_id:84682!
11-10 15:40:48.279  1431  2167 W USF     : USF_API: Drop flicker data, cannot find sampling_id:84682!
11-10 15:40:48.291  1431  2167 W USF     : USF_API: Drop flicker data, cannot find sampling_id:84682!
11-10 15:40:48.301  1431  2167 W USF     : USF_API: Drop flicker data, cannot find sampling_id:84682!
11-10 15:40:48.311  1431  2167 W USF     : USF_API: Drop flicker data, cannot find sampling_id:84682!
11-10 15:40:48.320  1431  2167 W USF     : USF_API: Drop flicker data, cannot find sampling_id:84682!
11-10 15:40:48.324  1428  2117 D BTAudioSessionAidl: GetSupportedLatencyModes - Supported LatencyMode= FREE
11-10 15:40:48.330  1431  2167 W USF     : USF_API: Drop flicker data, cannot find sampling_id:84682!
11-10 15:40:48.340  1431  2167 W USF     : USF_API: Drop flicker data, cannot find sampling_id:84682!
11-10 15:40:48.350  1431  2167 W USF     : USF_API: Drop flicker data, cannot find sampling_id:84682!
11-10 15:40:48.360  1431  2167 W USF     : USF_API: Drop flicker data, cannot find sampling_id:84682!
11-10 15:40:48.363  1653  1653 D AOC     : F1:onNewMelValues timestamp 25463962547 total data count = 3
11-10 15:40:48.365  1428  2023 I AUtl::WakeLock: Acquire: acquired wake lock for aoc_sound_dose
11-10 15:40:48.366  1428  2023 I AHal::AocSoundDoseBridge: GetMelDataFromAoc ret_size: 502 fd: 18
11-10 15:40:48.366  1428  2023 I AHal::AocSoundDoseBridge: HandlePeriodMelUpdate: 3 records
11-10 15:40:48.367  1488 18053 I SoundDoseManager: getIdForAudioDevice: bt device AUDIO_DEVICE_OUT_BLUETOOTH_A2DP, @:SUPPRESSED does not support sound dose
11-10 15:40:48.367  1488 18053 I SoundDoseManager: onNewMelValues: no mapped id for audio device with type 133 and address AudioDeviceAddress{mac: [24, 230, 113, 5, 15, 79]}
11-10 15:40:48.367  1428  2023 I AUtl::WakeLock: Release: released wake lock for aoc_sound_dose
11-10 15:40:48.370  1431  2167 W USF     : USF_API: Drop flicker data, cannot find sampling_id:84682!
11-10 15:40:48.380  1431  2167 W USF     : USF_API: Drop flicker data, cannot find sampling_id:84682!
11-10 15:40:48.389  1431  2167 W USF     : USF_API: Drop flicker data, cannot find sampling_id:84682!
11-10 15:40:48.399  1431  2167 W USF     : USF_API: Drop flicker data, cannot find sampling_id:84682!
11-10 15:40:48.409  1431  2167 W USF     : USF_API: Drop flicker data, cannot find sampling_id:84682!
11-10 15:40:48.419  1431  2167 W USF     : USF_API: Drop flicker data, cannot find sampling_id:84682!
11-10 15:40:48.429  1431  2167 W USF     : USF_API: Drop flicker data, cannot find sampling_id:84682!
11-10 15:40:48.439  1431  2167 W USF     : USF_API: Drop flicker data, cannot find sampling_id:84682!
11-10 15:40:48.449  1431  2167 W USF     : USF_API: Drop flicker data, cannot find sampling_id:84682!
11-10 15:40:48.459  1431  2167 W USF     : USF_API: Drop flicker data, cannot find sampling_id:84682!
11-10 15:40:48.468  1431  2167 W USF     : USF_API: Drop flicker data, cannot find sampling_id:84682!
11-10 15:40:48.478  1431  2167 W USF     : USF_API: Drop flicker data, cannot find sampling_id:84682!
11-10 15:40:48.488  1431  2167 W USF     : USF_API: Drop flicker data, cannot find sampling_id:84682!
11-10 15:40:48.498  1431  2167 W USF     : USF_API: Drop flicker data, cannot find sampling_id:84682!
11-10 15:40:48.508  1431  2167 W USF     : USF_API: Drop flicker data, cannot find sampling_id:84682!
11-10 15:40:48.519  1431  2167 W USF     : USF_API: Drop flicker data, cannot find sampling_id:84682!
11-10 15:40:48.528  1431  2167 W USF     : USF_API: Drop flicker data, cannot find sampling_id:84682!
11-10 15:40:48.539  1431  2167 W USF     : USF_API: Drop flicker data, cannot find sampling_id:84682!
11-10 15:40:48.548  1431  2167 W USF     : USF_API: Drop flicker data, cannot find sampling_id:84682!
11-10 15:40:48.558  1431  2167 W USF     : USF_API: Drop flicker data, cannot find sampling_id:84682!
11-10 15:40:48.564  1428  2117 D BTAudioSessionAidl: GetSupportedLatencyModes - Supported LatencyMode= FREE
11-10 15:40:48.569  1431  2167 W USF     : USF_API: Drop flicker data, cannot find sampling_id:84682!
11-10 15:40:48.578  1431  2167 W USF     : USF_API: Drop flicker data, cannot find sampling_id:84682!
11-10 15:40:48.588  1431  2167 W USF     : USF_API: Drop flicker data, cannot find sampling_id:84682!
11-10 15:40:48.589  1432  1491 D CHRE    : @ 551315.894: Parsed nanoapp message from host: app ID 0x476f6f676c00103b endpoint 0x8005 msgType 1 payload size 8
11-10 15:40:48.598  1431  2167 W USF     : USF_API: Drop flicker data, cannot find sampling_id:84682!
11-10 15:40:48.608  1431  2167 W USF     : USF_API: Drop flicker data, cannot find sampling_id:84682!
11-10 15:40:48.618  1431  2167 W USF     : USF_API: Drop flicker data, cannot find sampling_id:84682!
11-10 15:40:48.628  1431  2167 W USF     : USF_API: Drop flicker data, cannot find sampling_id:84682!
11-10 15:40:48.638  1431  2167 W USF     : USF_API: Drop flicker data, cannot find sampling_id:84682!
11-10 15:40:48.648  1431  2167 W USF     : USF_API: Drop flicker data, cannot find sampling_id:84682!
11-10 15:40:48.656  2765  2767 I deeptouch: I0000 00:00:1762782048.656036    2767 tf_lite_classifier.cc:342] DeepPress candidate dropped due to large touch displacement (=44.3516)
11-10 15:40:48.656  2765  2767 I deeptouch: I0000 00:00:1762782048.656232    2767 tf_lite_classifier.cc:413] Event stream classified as kNone
11-10 15:40:48.658  1431  2167 W USF     : USF_API: Drop flicker data, cannot find sampling_id:84682!
11-10 15:40:48.668  1431  2167 W USF     : USF_API: Drop flicker data, cannot find sampling_id:84682!
11-10 15:40:48.677  1431  2167 W USF     : USF_API: Drop flicker data, cannot find sampling_id:84682!
11-10 15:40:48.688  1431  2167 W USF     : USF_API: Drop flicker data, cannot find sampling_id:84682!
11-10 15:40:48.697  1431  2167 W USF     : USF_API: Drop flicker data, cannot find sampling_id:84682!
11-10 15:40:48.708  1431  2167 W USF     : USF_API: Drop flicker data, cannot find sampling_id:84682!
11-10 15:40:48.717  1431  2167 W USF     : USF_API: Drop flicker data, cannot find sampling_id:84682!
11-10 15:40:48.727  1431  2167 W USF     : USF_API: Drop flicker data, cannot find sampling_id:84682!
11-10 15:40:48.737  1431  2167 W USF     : USF_API: Drop flicker data, cannot find sampling_id:84682!
11-10 15:40:48.745  1432  1491 D CHRE    : @ 551316.053: Parsed nanoapp message from host: app ID 0x476f6f676c00103b endpoint 0x8005 msgType 1 payload size 6
11-10 15:40:48.747  1431  2167 W USF     : USF_API: Drop flicker data, cannot find sampling_id:84682!
11-10 15:40:48.757  1431  2167 W USF     : USF_API: Drop flicker data, cannot find sampling_id:84682!
11-10 15:40:48.767  1431  2167 W USF     : USF_API: Drop flicker data, cannot find sampling_id:84682!
11-10 15:40:48.778  1431  2167 W USF     : USF_API: Drop flicker data, cannot find sampling_id:84682!
11-10 15:40:48.787  1431  2167 W USF     : USF_API: Drop flicker data, cannot find sampling_id:84682!
11-10 15:40:48.800  1431  2167 W USF     : USF_API: Drop flicker data, cannot find sampling_id:84682!
11-10 15:40:48.804  1428  2117 D BTAudioSessionAidl: GetSupportedLatencyModes - Supported LatencyMode= FREE
11-10 15:40:48.809  1431  2167 W USF     : USF_API: Drop flicker data, cannot find sampling_id:84682!
11-10 15:40:48.819  1431  2167 W USF     : USF_API: Drop flicker data, cannot find sampling_id:84682!
11-10 15:40:48.829  1431  2167 W USF     : USF_API: Drop flicker data, cannot find sampling_id:84682!
11-10 15:40:48.839  1431  2167 W USF     : USF_API: Drop flicker data, cannot find sampling_id:84682!
11-10 15:40:48.849  1431  2167 W USF     : USF_API: Drop flicker data, cannot find sampling_id:84682!
11-10 15:40:48.859  1431  2167 W USF     : USF_API: Drop flicker data, cannot find sampling_id:84682!
11-10 15:40:48.869  1431  2167 W USF     : USF_API: Drop flicker data, cannot find sampling_id:84682!
11-10 15:40:48.878  1431  2167 W USF     : USF_API: Drop flicker data, cannot find sampling_id:84682!
11-10 15:40:48.888  1431  2167 W USF     : USF_API: Drop flicker data, cannot find sampling_id:84682!
11-10 15:40:48.898  1431  2167 W USF     : USF_API: Drop flicker data, cannot find sampling_id:84682!
11-10 15:40:48.908  1431  2167 W USF     : USF_API: Drop flicker data, cannot find sampling_id:84682!
11-10 15:40:48.917  1431  2167 W USF     : USF_API: Drop flicker data, cannot find sampling_id:84682!
11-10 15:40:48.927  1431  2167 W USF     : USF_API: Drop flicker data, cannot find sampling_id:84682!
11-10 15:40:48.937  1431  2167 W USF     : USF_API: Drop flicker data, cannot find sampling_id:84682!
11-10 15:40:48.947  1431  2167 W USF     : USF_API: Drop flicker data, cannot find sampling_id:84682!
11-10 15:40:48.957  1431  2167 W USF     : USF_API: Drop flicker data, cannot find sampling_id:84682!
11-10 15:40:48.967  1431  2167 W USF     : USF_API: Drop flicker data, cannot find sampling_id:84682!
11-10 15:40:48.976  1431  2167 W USF     : USF_API: Drop flicker data, cannot find sampling_id:84682!
11-10 15:40:48.987  1431  2167 W USF     : USF_API: Drop flicker data, cannot find sampling_id:84682!
11-10 15:40:48.996  1431  2167 W USF     : USF_API: Drop flicker data, cannot find sampling_id:84682!
11-10 15:40:49.004  1428  2117 D BTAudioSessionAidl: GetSupportedLatencyModes - Supported LatencyMode= FREE
11-10 15:40:49.007  1431  2167 W USF     : USF_API: Drop flicker data, cannot find sampling_id:84682!
11-10 15:40:49.017  1431  2167 W USF     : USF_API: Drop flicker data, cannot find sampling_id:84682!
11-10 15:40:49.027  1431  2167 W USF     : USF_API: Drop flicker data, cannot find sampling_id:84682!
11-10 15:40:49.036  1431  2167 W USF     : USF_API: Drop flicker data, cannot find sampling_id:84682!
11-10 15:40:49.046  1431  2167 W USF     : USF_API: Drop flicker data, cannot find sampling_id:84682!
11-10 15:40:49.056  1431  2167 W USF     : USF_API: Drop flicker data, cannot find sampling_id:84682!
11-10 15:40:49.066  1431  2167 W USF     : USF_API: Drop flicker data, cannot find sampling_id:84682!
11-10 15:40:49.076  1431  2167 W USF     : USF_API: Drop flicker data, cannot find sampling_id:84682!
11-10 15:40:49.086  1431  2167 W USF     : USF_API: Drop flicker data, cannot find sampling_id:84682!
11-10 15:40:49.097  1431  2167 W USF     : USF_API: Drop flicker data, cannot find sampling_id:84682!
11-10 15:40:49.106  1431  2167 W USF     : USF_API: Drop flicker data, cannot find sampling_id:84682!
11-10 15:40:49.116  1431  2167 W USF     : USF_API: Drop flicker data, cannot find sampling_id:84682!
11-10 15:40:49.126  1431  2167 W USF     : USF_API: Drop flicker data, cannot find sampling_id:84682!
11-10 15:40:49.136  1431  2167 W USF     : USF_API: Drop flicker data, cannot find sampling_id:84682!
11-10 15:40:49.146  1431  2167 W USF     : USF_API: Drop flicker data, cannot find sampling_id:84682!
11-10 15:40:49.156  1431  2167 W USF     : USF_API: Drop flicker data, cannot find sampling_id:84682!
11-10 15:40:49.166  1431  2167 W USF     : USF_API: Drop flicker data, cannot find sampling_id:84682!
11-10 15:40:49.176  1431  2167 W USF     : USF_API: Drop flicker data, cannot find sampling_id:84682!
11-10 15:40:49.186  1431  2167 W USF     : USF_API: Drop flicker data, cannot find sampling_id:84682!
11-10 15:40:49.196  1431  2167 W USF     : USF_API: Drop flicker data, cannot find sampling_id:84682!
11-10 15:40:49.206  1431  2167 W USF     : USF_API: Drop flicker data, cannot find sampling_id:84682!
11-10 15:40:49.216  1431  2167 W USF     : USF_API: Drop flicker data, cannot find sampling_id:84682!
11-10 15:40:49.226  1431  2167 W USF     : USF_API: Drop flicker data, cannot find sampling_id:84682!
11-10 15:40:49.229  1431  2167 W USF     : USF_API: Drop sample report, cannot find sampling_id:84682
11-10 15:40:49.236  1431  2167 W USF     : USF_API: Drop flicker data, cannot find sampling_id:84682!
11-10 15:40:49.244  1428  2117 D BTAudioSessionAidl: GetSupportedLatencyModes - Supported LatencyMode= FREE
11-10 15:40:49.246  1431  2167 W USF     : USF_API: Drop flicker data, cannot find sampling_id:84682!
11-10 15:40:49.256  1431  2167 W USF     : USF_API: Drop flicker data, cannot find sampling_id:84682!
11-10 15:40:49.266  1431  2167 W USF     : USF_API: Drop flicker data, cannot find sampling_id:84682!
11-10 15:40:49.276  1431  2167 W USF     : USF_API: Drop flicker data, cannot find sampling_id:84682!
11-10 15:40:49.286  1431  2167 W USF     : USF_API: Drop flicker data, cannot find sampling_id:84682!
11-10 15:40:49.291  2951  3248 D TemperatureStateSource: sequence=43797 actualDelay=10000
11-10 15:40:49.292  2951  3248 D TemperatureStateSource: Reading temperature: sequence=43798
11-10 15:40:49.292  2951  3118 D ImpulseConnection: timeout didn't happen: com.google.android.apps.turbo
11-10 15:40:49.295  2221  2221 I pixel-thermal: VIRTUAL-SKIN:38.9966 raw data: VIRTUAL-SKIN:38996.6 VIRTUAL-SKIN-SUB-0:38487 VIRTUAL-SKIN-SUB-1:37515.3 VIRTUAL-SKIN-SUB-10:37876.5 VIRTUAL-SKIN-SUB-2:35585.9 VIRTUAL-SKIN-SUB-3:37275.2 VIRTUAL-SKIN-SUB-4:36778.6 VIRTUAL-SKIN-SUB-5:38801.7 VIRTUAL-SKIN-SUB-6:35090.5 VIRTUAL-SKIN-SUB-7:36864.7 VIRTUAL-SKIN-SUB-8:38691.4 VIRTUAL-SKIN-SUB-9:38996.6 battery:38100 cam_therm:37359 charge_therm:46249 disp_therm:38005 neutral_therm:40769 north_therm:37025 quiet_therm:37293 soc_therm:46369 usb_pwr_therm:38183 
11-10 15:40:49.296  1431  2167 W USF     : USF_API: Drop flicker data, cannot find sampling_id:84682!
11-10 15:40:49.296  2951  3248 D TemperatureStateSource: getDeviceTemperatures: sequence=43798 deviceTemperatureType=3 temperatureSource=0 temperatures=[38.99662]
11-10 15:40:49.296  2951  3248 D BusinessScope: Enqueuing the block
11-10 15:40:49.296  2951  3110 D BusinessScope: Start running the #94142 block
11-10 15:40:49.297  2951  3248 D TemperatureStateSource: sequence=43798 waitTime=10000
11-10 15:40:49.299  2221  2221 I pixel-thermal: VIRTUAL-SKIN:38.9966 raw data: VIRTUAL-SKIN:38996.6 
11-10 15:40:49.299  2951  3110 I TemperatureStateSource: temperature was set
11-10 15:40:49.299  2951  3110 D BusinessScope: Enqueuing the block
11-10 15:40:49.299  2951  3110 D ImpulseStateSource: Notify clients: 47068
11-10 15:40:49.300  2951  3110 D BusinessScope: Finish running the #94142 block
11-10 15:40:49.300  2951  3110 D BusinessScope: Start running the #94143 block
11-10 15:40:49.300  2951  4248 D BusinessScope: Finish running the #94143 block
11-10 15:40:49.306 18730 19295 W Binder  : Caught a RuntimeException from the binder stub implementation.
11-10 15:40:49.306 18730 19295 W Binder  : java.lang.UnsupportedOperationException
11-10 15:40:49.306 18730 19295 W Binder  : 	at bpd.b(PG:3)
11-10 15:40:49.306 18730 19295 W Binder  : 	at bpd.y(PG:34)
11-10 15:40:49.306 18730 19295 W Binder  : 	at aof.onTransact(PG:21)
11-10 15:40:49.306 18730 19295 W Binder  : 	at android.os.Binder.execTransactInternal(Binder.java:1446)
11-10 15:40:49.306 18730 19295 W Binder  : 	at android.os.Binder.execTransact(Binder.java:1385)
11-10 15:40:49.308  1431  2167 W USF     : USF_API: Drop flicker data, cannot find sampling_id:84682!
11-10 15:40:49.309 18730 19295 W Binder  : Caught a RuntimeException from the binder stub implementation.
11-10 15:40:49.309 18730 19295 W Binder  : java.lang.UnsupportedOperationException
11-10 15:40:49.309 18730 19295 W Binder  : 	at bpd.b(PG:3)
11-10 15:40:49.309 18730 19295 W Binder  : 	at bpd.y(PG:34)
11-10 15:40:49.309 18730 19295 W Binder  : 	at aof.onTransact(PG:21)
11-10 15:40:49.309 18730 19295 W Binder  : 	at android.os.Binder.execTransactInternal(Binder.java:1446)
11-10 15:40:49.309 18730 19295 W Binder  : 	at android.os.Binder.execTransact(Binder.java:1385)
11-10 15:40:49.317  1431  2167 W USF     : USF_API: Drop flicker data, cannot find sampling_id:84682!
11-10 15:40:49.327 18730 19295 W Binder  : Caught a RuntimeException from the binder stub implementation.
11-10 15:40:49.327 18730 19295 W Binder  : java.lang.UnsupportedOperationException
11-10 15:40:49.327 18730 19295 W Binder  : 	at bpd.b(PG:3)
11-10 15:40:49.327 18730 19295 W Binder  : 	at bpd.y(PG:34)
11-10 15:40:49.327 18730 19295 W Binder  : 	at aof.onTransact(PG:21)
11-10 15:40:49.327 18730 19295 W Binder  : 	at android.os.Binder.execTransactInternal(Binder.java:1446)
11-10 15:40:49.327 18730 19295 W Binder  : 	at android.os.Binder.execTransact(Binder.java:1385)
11-10 15:40:49.327  1431  2167 W USF     : USF_API: Drop flicker data, cannot find sampling_id:84682!
11-10 15:40:49.337  1431  2167 W USF     : USF_API: Drop flicker data, cannot find sampling_id:84682!
11-10 15:40:49.347  1431  2167 W USF     : USF_API: Drop flicker data, cannot find sampling_id:84682!
11-10 15:40:49.356  2221  2226 I pixel-thermal: cellular-emergency:38.9966 raw data: VIRTUAL-SKIN:38996.6 cellular-emergency:38996.6 
11-10 15:40:49.357  1431  2167 W USF     : USF_API: Drop flicker data, cannot find sampling_id:84682!
11-10 15:40:49.364  2221  2226 I pixel-thermal: VIRTUAL-SKIN-HINT:38.9966 raw data: VIRTUAL-SKIN:38996.6 VIRTUAL-SKIN-HINT:38996.6 
11-10 15:40:49.364  2221  2226 I pixel-thermal: VIRTUAL-SKIN-CPU-LIGHT-ODPM:38.9966 raw data: VIRTUAL-SKIN:38996.6 VIRTUAL-SKIN-CPU-LIGHT-ODPM:38996.6 
11-10 15:40:49.364  2221  2226 I pixel-thermal: VIRTUAL-SKIN-CPU-LIGHT-ODPM power_budget=1072.97 err=0.00337982 s_power=800 time_elapsed_ms=7016 p=1.35193 i=271.618 d=-0 dt_per_min=nan compensation=0 budget transient=0 control target=2 excluded power budget=0
11-10 15:40:49.364  2221  2226 I pixel-thermal: VIRTUAL-SKIN-CPU-LIGHT-ODPM binded power rails: (S4M_VDD_CPUCL0: 557.00 mW)(S2M_VDD_CPUCL2: 788.77 mW)(S3M_VDD_CPUCL1: 560.47 mW)
11-10 15:40:49.365  2221  2226 I pixel-thermal: VIRTUAL-SKIN-CPU-MID:38.9966 raw data: VIRTUAL-SKIN:38996.6 VIRTUAL-SKIN-CPU-MID:38996.6 
11-10 15:40:49.365  2221  2226 I pixel-thermal: VIRTUAL-SKIN-CPU-HIGH:38.9966 raw data: VIRTUAL-SKIN:38996.6 VIRTUAL-SKIN-CPU-HIGH:38996.6 
11-10 15:40:49.365  2221  2226 I pixel-thermal: VIRTUAL-SKIN-SOC:38.9966 raw data: VIRTUAL-SKIN:38996.6 VIRTUAL-SKIN-SOC:38996.6 
11-10 15:40:49.365  2221  2226 I pixel-thermal: VIRTUAL-SKIN-SOC power_budget=3501.98 err=6.00338 s_power=800 time_elapsed_ms=7016 p=1801.01 i=900.965 d=-0 dt_per_min=nan compensation=0 budget transient=0 control target=3 excluded power budget=0
11-10 15:40:49.365  2221  2226 I pixel-thermal: VIRTUAL-SKIN-SOC binded power rails: (S4M_VDD_CPUCL0: 557.00 mW)(S3M_VDD_CPUCL1: 560.47 mW)(S2S_VDD_G3D: 30.17 mW)(S7M_VDD_TPU: 0.00 mW)(S2M_VDD_CPUCL2: 788.77 mW)
11-10 15:40:49.365  2221  2226 I pixel-thermal: VIRTUAL-SKIN-GPU:38.9966 raw data: VIRTUAL-SKIN:38996.6 VIRTUAL-SKIN-GPU:38996.6 
11-10 15:40:49.366  2221  2226 I pixel-thermal: VIRTUAL-SKIN-SPEAKER:33.899 raw data: VIRTUAL-SKIN-SPEAKER:33899 VIRTUAL-SKIN-SPEAKER-SUB-0:33235.4 VIRTUAL-SKIN-SPEAKER-SUB-1:33575.9 VIRTUAL-SKIN-SPEAKER-SUB-2:33899 battery:38100 cam_therm:37359 charge_therm:46249 disp_therm:38005 neutral_therm:40769 north_therm:37025 quiet_therm:37293 soc_therm:46369 usb_pwr_therm:38183 
11-10 15:40:49.366  1431  2167 W USF     : USF_API: Drop flicker data, cannot find sampling_id:84682!
11-10 15:40:49.368  2221  2226 I pixel-thermal: VIRTUAL-SKIN-CHARGE-WIRED:38.6914 raw data: NO_WLC:1 VIRTUAL-SKIN-CHARGE:38691.4 VIRTUAL-SKIN-CHARGE-SUB-0:38667.2 VIRTUAL-SKIN-CHARGE-SUB-1:36599.5 VIRTUAL-SKIN-CHARGE-SUB-2:37704.1 VIRTUAL-SKIN-CHARGE-SUB-3:38691.4 VIRTUAL-SKIN-CHARGE-WIRED:38691.4 WLC_CHECK:1 battery:38100 cam_therm:37359 charge_therm:46249 disp_therm:38005 neutral_therm:40769 north_therm:37025 quiet_therm:37293 soc_therm:46369 thb_hda:54 usb_pwr_therm:38183 
11-10 15:40:49.368  2221  2226 I pixel-thermal: VIRTUAL-SKIN-CHARGE-WIRED power_budget=1334.8 err=-0.691372 s_power=2527 time_elapsed_ms=7016 p=-82.2733 i=-973.773 d=-0 dt_per_min=nan compensation=0 budget transient=0 control target=2 excluded power budget=136.154 (PARTIAL_SYSTEM_POWER: 2269.24 mW, cdev_weight: 0.060000)
11-10 15:40:49.368  2221  2226 I pixel-thermal: VIRTUAL-SKIN:38.9966 raw data: VIRTUAL-SKIN:38996.6 
11-10 15:40:49.369  2221  2226 I pixel-thermal: VIRTUAL-SKIN-CHARGE-PERSIST:38.6914 raw data: VIRTUAL-SKIN-CHARGE:38691.4 VIRTUAL-SKIN-CHARGE-PERSIST:38691.4 
11-10 15:40:49.369  2221  2226 I pixel-thermal: VIRTUAL-SKIN-CHARGE-PERSIST power_budget=3781.2 err=2.30863 s_power=2383 time_elapsed_ms=7016 p=491.738 i=1383 d=-0 dt_per_min=nan compensation=0 budget transient=0 control target=2 excluded power budget=476.541 (PARTIAL_SYSTEM_POWER: 2269.24 mW, cdev_weight: 0.210000)
11-10 15:40:49.370  2221  2226 I pixel-thermal: Successfully update cdev thermal-cpufreq-2 sysfs to 1
11-10 15:40:49.370  2221  2226 I pixel-thermal: Successfully update cdev thermal-cpufreq-0 sysfs to 2
11-10 15:40:49.376  1431  2167 W USF     : USF_API: Drop flicker data, cannot find sampling_id:84682!
11-10 15:40:49.381  3767  3773 W pixelstats-vendor: Thread Pool max thread count is 0. Cannot cache binder as linkToDeath cannot be implemented. serviceName: android.frameworks.stats.IStats/default
11-10 15:40:49.386  1431  2167 W USF     : USF_API: Drop flicker data, cannot find sampling_id:84682!
11-10 15:40:49.387  2221  2226 I pixel-thermal: Successfully update cdev chg_mdis sysfs to 22
11-10 15:40:49.396  1431  2167 W USF     : USF_API: Drop flicker data, cannot find sampling_id:84682!
11-10 15:40:49.405  1431  2167 W USF     : USF_API: Drop flicker data, cannot find sampling_id:84682!
11-10 15:40:49.416  1431  2167 W USF     : USF_API: Drop flicker data, cannot find sampling_id:84682!
11-10 15:40:49.417  3767  3773 W pixelstats-vendor: Thread Pool max thread count is 0. Cannot cache binder as linkToDeath cannot be implemented. serviceName: android.frameworks.stats.IStats/default
11-10 15:40:49.425  1431  2167 W USF     : USF_API: Drop flicker data, cannot find sampling_id:84682!
11-10 15:40:49.436  1431  2167 W USF     : USF_API: Drop flicker data, cannot find sampling_id:84682!
11-10 15:40:49.444  1428  2117 D BTAudioSessionAidl: GetSupportedLatencyModes - Supported LatencyMode= FREE
11-10 15:40:49.446  1431  2167 W USF     : USF_API: Drop flicker data, cannot find sampling_id:84682!
11-10 15:40:49.456  1431  2167 W USF     : USF_API: Drop flicker data, cannot find sampling_id:84682!
11-10 15:40:49.466  1431  2167 W USF     : USF_API: Drop flicker data, cannot find sampling_id:84682!
11-10 15:40:49.475  1431  2167 W USF     : USF_API: Drop flicker data, cannot find sampling_id:84682!
11-10 15:40:49.485  1431  2167 W USF     : USF_API: Drop flicker data, cannot find sampling_id:84682!
11-10 15:40:49.495  1431  2167 W USF     : USF_API: Drop flicker data, cannot find sampling_id:84682!
11-10 15:40:49.505  1431  2167 W USF     : USF_API: Drop flicker data, cannot find sampling_id:84682!
11-10 15:40:49.515  1431  2167 W USF     : USF_API: Drop flicker data, cannot find sampling_id:84682!
11-10 15:40:49.525  1431  2167 W USF     : USF_API: Drop flicker data, cannot find sampling_id:84682!
11-10 15:40:49.535  1431  2167 W USF     : USF_API: Drop flicker data, cannot find sampling_id:84682!
11-10 15:40:49.545  1431  2167 W USF     : USF_API: Drop flicker data, cannot find sampling_id:84682!
11-10 15:40:49.555  1431  2167 W USF     : USF_API: Drop flicker data, cannot find sampling_id:84682!
11-10 15:40:49.565  1431  2167 W USF     : USF_API: Drop flicker data, cannot find sampling_id:84682!
11-10 15:40:49.575  1431  2167 W USF     : USF_API: Drop flicker data, cannot find sampling_id:84682!
11-10 15:40:49.585  1431  2167 W USF     : USF_API: Drop flicker data, cannot find sampling_id:84682!
11-10 15:40:49.595  1431  2167 W USF     : USF_API: Drop flicker data, cannot find sampling_id:84682!
11-10 15:40:49.605  1431  2167 W USF     : USF_API: Drop flicker data, cannot find sampling_id:84682!
11-10 15:40:49.615  1431  2167 W USF     : USF_API: Drop flicker data, cannot find sampling_id:84682!
11-10 15:40:49.625  1431  2167 W USF     : USF_API: Drop flicker data, cannot find sampling_id:84682!
11-10 15:40:49.635  1431  2167 W USF     : USF_API: Drop flicker data, cannot find sampling_id:84682!
11-10 15:40:49.644  1431  2167 W USF     : USF_API: Drop flicker data, cannot find sampling_id:84682!
11-10 15:40:49.655  1431  2167 W USF     : USF_API: Drop flicker data, cannot find sampling_id:84682!
11-10 15:40:49.665  1431  2167 W USF     : USF_API: Drop flicker data, cannot find sampling_id:84682!
11-10 15:40:49.675  1431  2167 W USF     : USF_API: Drop flicker data, cannot find sampling_id:84682!
11-10 15:40:49.684  1428  2117 D BTAudioSessionAidl: GetSupportedLatencyModes - Supported LatencyMode= FREE
11-10 15:40:49.685  1431  2167 W USF     : USF_API: Drop flicker data, cannot find sampling_id:84682!
11-10 15:40:49.695  1431  2167 W USF     : USF_API: Drop flicker data, cannot find sampling_id:84682!
11-10 15:40:49.704  1431  2167 W USF     : USF_API: Drop flicker data, cannot find sampling_id:84682!
11-10 15:40:49.714  1431  2167 W USF     : USF_API: Drop flicker data, cannot find sampling_id:84682!
11-10 15:40:49.715  1432  1491 D CHRE    : @ 551317.022: [ActivityPlatform] type 4, confidence 90
11-10 15:40:49.724  1431  2167 W USF     : USF_API: Drop flicker data, cannot find sampling_id:84682!
11-10 15:40:49.726  1484  1484 I WifiHAL : Creating message to get link statistics; iface = 47
11-10 15:40:49.734  1431  2167 W USF     : USF_API: Drop flicker data, cannot find sampling_id:84682!
11-10 15:40:49.744  1431  2167 W USF     : USF_API: Drop flicker data, cannot find sampling_id:84682!
11-10 15:40:49.754  1431  2167 W USF     : USF_API: Drop flicker data, cannot find sampling_id:84682!
11-10 15:40:49.764  1431  2167 W USF     : USF_API: Drop flicker data, cannot find sampling_id:84682!
11-10 15:40:49.774  1431  2167 W USF     : USF_API: Drop flicker data, cannot find sampling_id:84682!
11-10 15:40:49.784  1431  2167 W USF     : USF_API: Drop flicker data, cannot find sampling_id:84682!
11-10 15:40:49.794  1431  2167 W USF     : USF_API: Drop flicker data, cannot find sampling_id:84682!
11-10 15:40:49.804  1431  2167 W USF     : USF_API: Drop flicker data, cannot find sampling_id:84682!
11-10 15:40:49.815  1431  2167 W USF     : USF_API: Drop flicker data, cannot find sampling_id:84682!
11-10 15:40:49.825  1431  2167 W USF     : USF_API: Drop flicker data, cannot find sampling_id:84682!
11-10 15:40:49.835  1431  2167 W USF     : USF_API: Drop flicker data, cannot find sampling_id:84682!
11-10 15:40:49.840  1432  1491 D CHRE.HAL: Received a nanoapp message from 0x476f6f676c001022 endpoint 0x8082: Type 0x3 size 8 
11-10 15:40:49.841  1452  2078 I suez-nanoapp-clients: Barometric peak detected: magnitude = 0.154693 hPa (bucket: 4), duration = 160.000000 ms (bucket: 14).
11-10 15:40:49.842  1484  1484 I WifiHAL : index: 0 per_rate_size 32, data_rem_len 1152
11-10 15:40:49.842  1484  1484 I WifiHAL : index: 1 per_rate_size 32, data_rem_len 1120
11-10 15:40:49.842  1484  1484 I WifiHAL : index: 2 per_rate_size 32, data_rem_len 1088
11-10 15:40:49.842  1484  1484 I WifiHAL : index: 3 per_rate_size 32, data_rem_len 1056
11-10 15:40:49.842  1484  1484 I WifiHAL : index: 4 per_rate_size 32, data_rem_len 1024
11-10 15:40:49.842  1484  1484 I WifiHAL : index: 5 per_rate_size 32, data_rem_len 992
11-10 15:40:49.842  1452  2078 I suez-nanoapp-clients: Vendor atom [id = 100047] reported.
11-10 15:40:49.842  1484  1484 I WifiHAL : index: 6 per_rate_size 32, data_rem_len 960
11-10 15:40:49.842  1484  1484 I WifiHAL : index: 7 per_rate_size 32, data_rem_len 928
11-10 15:40:49.842  1484  1484 I WifiHAL : index: 8 per_rate_size 32, data_rem_len 896
11-10 15:40:49.842  1484  1484 I WifiHAL : index: 9 per_rate_size 32, data_rem_len 864
11-10 15:40:49.842  1484  1484 I WifiHAL : index: 10 per_rate_size 32, data_rem_len 832
11-10 15:40:49.842  1484  1484 I WifiHAL : index: 11 per_rate_size 32, data_rem_len 800
11-10 15:40:49.842  1484  1484 I WifiHAL : index: 12 per_rate_size 32, data_rem_len 768
11-10 15:40:49.842  1484  1484 I WifiHAL : index: 13 per_rate_size 32, data_rem_len 736
11-10 15:40:49.842  1484  1484 I WifiHAL : index: 14 per_rate_size 32, data_rem_len 704
11-10 15:40:49.842  1484  1484 I WifiHAL : index: 15 per_rate_size 32, data_rem_len 672
11-10 15:40:49.842  1484  1484 I WifiHAL : index: 16 per_rate_size 32, data_rem_len 640
11-10 15:40:49.842  1484  1484 I WifiHAL : index: 17 per_rate_size 32, data_rem_len 608
11-10 15:40:49.842  1484  1484 I WifiHAL : index: 18 per_rate_size 32, data_rem_len 576
11-10 15:40:49.842  1484  1484 I WifiHAL : index: 19 per_rate_size 32, data_rem_len 544
11-10 15:40:49.843  1484  1484 I WifiHAL : index: 20 per_rate_size 32, data_rem_len 512
11-10 15:40:49.843  1484  1484 I WifiHAL : index: 21 per_rate_size 32, data_rem_len 480
11-10 15:40:49.843  1484  1484 I WifiHAL : index: 22 per_rate_size 32, data_rem_len 448
11-10 15:40:49.843  1484  1484 I WifiHAL : index: 23 per_rate_size 32, data_rem_len 416
11-10 15:40:49.843  1484  1484 I WifiHAL : index: 24 per_rate_size 32, data_rem_len 384
11-10 15:40:49.843  1484  1484 I WifiHAL : index: 25 per_rate_size 32, data_rem_len 352
11-10 15:40:49.843  1484  1484 I WifiHAL : index: 26 per_rate_size 32, data_rem_len 320
11-10 15:40:49.843  1484  1484 I WifiHAL : index: 27 per_rate_size 32, data_rem_len 288
11-10 15:40:49.843  1484  1484 I WifiHAL : index: 28 per_rate_size 32, data_rem_len 256
11-10 15:40:49.843  1432  1491 I CHRE    : @ 551317.149: [ip] Peak detected: magnitude = 0.154693 hpa, duration = 160.000000 ms
11-10 15:40:49.843  1484  1484 I WifiHAL : index: 29 per_rate_size 32, data_rem_len 224
11-10 15:40:49.843  1484  1484 I WifiHAL : index: 30 per_rate_size 32, data_rem_len 192
11-10 15:40:49.843  1484  1484 I WifiHAL : index: 31 per_rate_size 32, data_rem_len 160
11-10 15:40:49.843  1484  1484 I WifiHAL : index: 32 per_rate_size 32, data_rem_len 128
11-10 15:40:49.843  1484  1484 I WifiHAL : index: 33 per_rate_size 32, data_rem_len 96
11-10 15:40:49.843  1484  1484 I WifiHAL : index: 34 per_rate_size 32, data_rem_len 64
11-10 15:40:49.843  1484  1484 I WifiHAL : index: 35 per_rate_size 32, data_rem_len 32
11-10 15:40:49.843  1484  1484 E libbinder.IPCThreadState: binder thread pool (1 threads) starved for 117 ms
11-10 15:40:49.845  1431  2167 W USF     : USF_API: Drop flicker data, cannot find sampling_id:84682!
11-10 15:40:49.846  1484  1484 I WifiHAL : Getting cached scan results, iface handle = 0xb400007caea59610
11-10 15:40:49.846  1484  1484 E WifiHAL : Creating message to get cached scan results
11-10 15:40:49.848  1432  1491 D CHRE.HAL: Received a nanoapp message from 0x476f6f676c001022 endpoint 0x8082: Type 0x3 size 8 
11-10 15:40:49.848  1452  2078 I suez-nanoapp-clients: Barometric peak detected: magnitude = 0.137024 hPa (bucket: 3), duration = 40.000000 ms (bucket: 3).
11-10 15:40:49.849  1452  2078 I suez-nanoapp-clients: Vendor atom [id = 100047] reported.
11-10 15:40:49.849  1432  1491 I CHRE    : @ 551317.155: [ip] Peak detected: magnitude = 0.137024 hpa, duration = 40.000000 ms
11-10 15:40:49.854  1484  1484 I WifiHAL : In GetCachedScanResultsCommand::handleResponse
11-10 15:40:49.854  1431  2167 W USF     : USF_API: Drop flicker data, cannot find sampling_id:84682!
11-10 15:40:49.864  1431  2167 W USF     : USF_API: Drop flicker data, cannot find sampling_id:84682!
11-10 15:40:49.867  4488  3558 I .gms.persistent: Explicit concurrent mark compact GC freed 14MB AllocSpace bytes, 4(304KB) LOS objects, 47% free, 35MB/67MB, paused 977us,7.375ms total 374.447ms
11-10 15:40:49.875  1431  2167 W USF     : USF_API: Drop flicker data, cannot find sampling_id:84682!
11-10 15:40:49.884  1431  2167 W USF     : USF_API: Drop flicker data, cannot find sampling_id:84682!
11-10 15:40:49.894  1431  2167 W USF     : USF_API: Drop flicker data, cannot find sampling_id:84682!
11-10 15:40:49.904  1431  2167 W USF     : USF_API: Drop flicker data, cannot find sampling_id:84682!
11-10 15:40:49.905  1884  2681 D ConnectivityService: NetReassign [no changes] [c 3] [a 3] [i 5]
11-10 15:40:49.914  1431  2167 W USF     : USF_API: Drop flicker data, cannot find sampling_id:84682!
11-10 15:40:49.923  1428  2117 D BTAudioSessionAidl: GetSupportedLatencyModes - Supported LatencyMode= FREE
11-10 15:40:49.924  1431  2167 W USF     : USF_API: Drop flicker data, cannot find sampling_id:84682!
11-10 15:40:49.934  1431  2167 W USF     : USF_API: Drop flicker data, cannot find sampling_id:84682!
11-10 15:40:49.945  1431  2167 W USF     : USF_API: Drop flicker data, cannot find sampling_id:84682!
11-10 15:40:49.955  1431  2167 W USF     : USF_API: Drop flicker data, cannot find sampling_id:84682!
11-10 15:40:49.964  1431  2167 W USF     : USF_API: Drop flicker data, cannot find sampling_id:84682!
11-10 15:40:49.974  1431  2167 W USF     : USF_API: Drop flicker data, cannot find sampling_id:84682!
11-10 15:40:49.984  1431  2167 W USF     : USF_API: Drop flicker data, cannot find sampling_id:84682!
11-10 15:40:49.994  1431  2167 W USF     : USF_API: Drop flicker data, cannot find sampling_id:84682!
11-10 15:40:50.004  1431  2167 W USF     : USF_API: Drop flicker data, cannot find sampling_id:84682!
11-10 15:40:50.013  1431  2167 W USF     : USF_API: Drop flicker data, cannot find sampling_id:84682!
11-10 15:40:50.023  1431  2167 W USF     : USF_API: Drop flicker data, cannot find sampling_id:84682!
11-10 15:40:50.033  1431  2167 W USF     : USF_API: Drop flicker data, cannot find sampling_id:84682!
11-10 15:40:50.044  1431  2167 W USF     : USF_API: Drop flicker data, cannot find sampling_id:84682!
11-10 15:40:50.054  1431  2167 W USF     : USF_API: Drop flicker data, cannot find sampling_id:84682!
11-10 15:40:50.064  1431  2167 W USF     : USF_API: Drop flicker data, cannot find sampling_id:84682!
11-10 15:40:50.074  1431  2167 W USF     : USF_API: Drop flicker data, cannot find sampling_id:84682!
11-10 15:40:50.084  1431  2167 W USF     : USF_API: Drop flicker data, cannot find sampling_id:84682!
11-10 15:40:50.093  1431  2167 W USF     : USF_API: Drop flicker data, cannot find sampling_id:84682!
11-10 15:40:50.104  1431  2167 W USF     : USF_API: Drop flicker data, cannot find sampling_id:84682!
11-10 15:40:50.113  1431  2167 W USF     : USF_API: Drop flicker data, cannot find sampling_id:84682!
11-10 15:40:50.125  1431  2167 W USF     : USF_API: Drop flicker data, cannot find sampling_id:84682!
11-10 15:40:50.128  1428  2117 D BTAudioSessionAidl: GetSupportedLatencyModes - Supported LatencyMode= FREE
11-10 15:40:50.134  1431  2167 W USF     : USF_API: Drop flicker data, cannot find sampling_id:84682!
11-10 15:40:50.144  1431  2167 W USF     : USF_API: Drop flicker data, cannot find sampling_id:84682!
11-10 15:40:50.153  1431  2167 W USF     : USF_API: Drop flicker data, cannot find sampling_id:84682!
11-10 15:40:50.163  1431  2167 W USF     : USF_API: Drop flicker data, cannot find sampling_id:84682!
11-10 15:40:50.173  1431  2167 W USF     : USF_API: Drop flicker data, cannot find sampling_id:84682!
11-10 15:40:50.183  1431  2167 W USF     : USF_API: Drop flicker data, cannot find sampling_id:84682!
11-10 15:40:50.195  1431  2167 W USF     : USF_API: Drop flicker data, cannot find sampling_id:84682!
11-10 15:40:50.205  1431  2167 W USF     : USF_API: Drop flicker data, cannot find sampling_id:84682!
11-10 15:40:50.215  1431  2167 W USF     : USF_API: Drop flicker data, cannot find sampling_id:84682!
11-10 15:40:50.225  1431  2167 W USF     : USF_API: Drop flicker data, cannot find sampling_id:84682!
11-10 15:40:50.229  1431  2167 W USF     : USF_API: Drop sample report, cannot find sampling_id:84682
11-10 15:40:50.235  1431  2167 W USF     : USF_API: Drop flicker data, cannot find sampling_id:84682!
11-10 15:40:50.244  1431  2167 W USF     : USF_API: Drop flicker data, cannot find sampling_id:84682!
11-10 15:40:50.254  1431  2167 W USF     : USF_API: Drop flicker data, cannot find sampling_id:84682!
11-10 15:40:50.264  1431  2167 W USF     : USF_API: Drop flicker data, cannot find sampling_id:84682!
11-10 15:40:50.274  1431  2167 W USF     : USF_API: Drop flicker data, cannot find sampling_id:84682!
11-10 15:40:50.283  1431  2167 W USF     : USF_API: Drop flicker data, cannot find sampling_id:84682!
11-10 15:40:50.293  1431  2167 W USF     : USF_API: Drop flicker data, cannot find sampling_id:84682!
11-10 15:40:50.303  1431  2167 W USF     : USF_API: Drop flicker data, cannot find sampling_id:84682!
11-10 15:40:50.313  1431  2167 W USF     : USF_API: Drop flicker data, cannot find sampling_id:84682!
11-10 15:40:50.323  1431  2167 W USF     : USF_API: Drop flicker data, cannot find sampling_id:84682!
11-10 15:40:50.333  1431  2167 W USF     : USF_API: Drop flicker data, cannot find sampling_id:84682!
11-10 15:40:50.343  1431  2167 W USF     : USF_API: Drop flicker data, cannot find sampling_id:84682!
11-10 15:40:50.353  1431  2167 W USF     : USF_API: Drop flicker data, cannot find sampling_id:84682!
11-10 15:40:50.362  1431  2167 W USF     : USF_API: Drop flicker data, cannot find sampling_id:84682!
11-10 15:40:50.364  1428  2117 D BTAudioSessionAidl: GetSupportedLatencyModes - Supported LatencyMode= FREE
11-10 15:40:50.373  1431  2167 W USF     : USF_API: Drop flicker data, cannot find sampling_id:84682!
11-10 15:40:50.383  1431  2167 W USF     : USF_API: Drop flicker data, cannot find sampling_id:84682!
11-10 15:40:50.393  1431  2167 W USF     : USF_API: Drop flicker data, cannot find sampling_id:84682!
11-10 15:40:50.403  1431  2167 W USF     : USF_API: Drop flicker data, cannot find sampling_id:84682!
11-10 15:40:50.414  1431  2167 W USF     : USF_API: Drop flicker data, cannot find sampling_id:84682!
11-10 15:40:50.423  1431  2167 W USF     : USF_API: Drop flicker data, cannot find sampling_id:84682!
11-10 15:40:50.433  1431  2167 W USF     : USF_API: Drop flicker data, cannot find sampling_id:84682!
11-10 15:40:50.443  1431  2167 W USF     : USF_API: Drop flicker data, cannot find sampling_id:84682!
11-10 15:40:50.453  1431  2167 W USF     : USF_API: Drop flicker data, cannot find sampling_id:84682!
11-10 15:40:50.462  1431  2167 W USF     : USF_API: Drop flicker data, cannot find sampling_id:84682!
11-10 15:40:50.472  1431  2167 W USF     : USF_API: Drop flicker data, cannot find sampling_id:84682!
11-10 15:40:50.483  1431  2167 W USF     : USF_API: Drop flicker data, cannot find sampling_id:84682!
11-10 15:40:50.492  1431  2167 W USF     : USF_API: Drop flicker data, cannot find sampling_id:84682!
11-10 15:40:50.502  1431  2167 W USF     : USF_API: Drop flicker data, cannot find sampling_id:84682!
11-10 15:40:50.512  1431  2167 W USF     : USF_API: Drop flicker data, cannot find sampling_id:84682!
11-10 15:40:50.522  1431  2167 W USF     : USF_API: Drop flicker data, cannot find sampling_id:84682!
11-10 15:40:50.532  1431  2167 W USF     : USF_API: Drop flicker data, cannot find sampling_id:84682!
11-10 15:40:50.542  1431  2167 W USF     : USF_API: Drop flicker data, cannot find sampling_id:84682!
11-10 15:40:50.549  4821  4821 D MusicViewModel: ðŸ” sortMusicFile called: Felipe Valenzuela and Dorian Paic - Persistence [DDC003].flac with action=DISLIKE
11-10 15:40:50.550  4821  4821 D MusicViewModel: ðŸ“ Sorting file: Felipe Valenzuela and Dorian Paic - Persistence [DDC003].flac with action DISLIKE, source: TODO
11-10 15:40:50.550  4821  4821 D MusicViewModel: ðŸ”’ Acquired file operation mutex for single file
11-10 15:40:50.550  4821  4821 D MusicViewModel: ðŸ”„ Calling fileManager.sortFile for Felipe Valenzuela and Dorian Paic - Persistence [DDC003].flac
11-10 15:40:50.552  4821  4876 D FileManager: ðŸ” Starting sort operation for: Felipe Valenzuela and Dorian Paic - Persistence [DDC003].flac with action: DISLIKE
11-10 15:40:50.552  1431  2167 W USF     : USF_API: Drop flicker data, cannot find sampling_id:84682!
11-10 15:40:50.552  4821  4876 D FileManager: ðŸ” File URI: content://com.android.externalstorage.documents/tree/primary%3ATrial%20now%2F05.%20May/document/primary%3ATrial%20now%2F05.%20May%2F2024-05-12%2FFelipe%20Valenzuela%20and%20Dorian%20Paic%20-%20Persistence%20%5BDDC003%5D.flac
11-10 15:40:50.553  4821  4876 D FileManager: ðŸ” File size: 31843260 bytes
11-10 15:40:50.556  1884  2730 D BackgroundInstallControlService: Package event received: 0
11-10 15:40:50.562  1431  2167 W USF     : USF_API: Drop flicker data, cannot find sampling_id:84682!
11-10 15:40:50.572  1431  2167 W USF     : USF_API: Drop flicker data, cannot find sampling_id:84682!
11-10 15:40:50.582  1431  2167 W USF     : USF_API: Drop flicker data, cannot find sampling_id:84682!
11-10 15:40:50.591  4821  4876 D FileManager: Source file found: Felipe Valenzuela and Dorian Paic - Persistence [DDC003].flac, exists: true, canRead: true
11-10 15:40:50.591  4821  4876 D FileManager: Destination folder: content://com.android.externalstorage.documents/tree/primary%3AResults%203/document/primary%3AResults%203
11-10 15:40:50.592  1431  2167 W USF     : USF_API: Drop flicker data, cannot find sampling_id:84682!
11-10 15:40:50.602  1431  2167 W USF     : USF_API: Drop flicker data, cannot find sampling_id:84682!
11-10 15:40:50.604  1428  2117 D BTAudioSessionAidl: GetSupportedLatencyModes - Supported LatencyMode= FREE
11-10 15:40:50.605  4821  4876 D FileManager: Destination folder permissions OK
11-10 15:40:50.605  1428  1576 I AHal::Waves: UpdateUseCasesState: set active max volume 0.949951
11-10 15:40:50.605  1428  1576 D BTAudioSessionAidl: UpdateSourceMetadata - SessionType=LE_AUDIO_HARDWARE_OFFLOAD_ENCODING_DATAPATH has NO session
11-10 15:40:50.605  1428  1576 D BTAudioSessionAidl: GetSupportedLatencyModes - SessionType=LE_AUDIO_HARDWARE_OFFLOAD_ENCODING_DATAPATH has NO session
11-10 15:40:50.605  1428  1576 D BTAudioSessionAidl: SetLatencyMode - SessionType=LE_AUDIO_HARDWARE_OFFLOAD_ENCODING_DATAPATH has NO session
11-10 15:40:50.605  1428  1576 D BTAudioSessionAidl: GetSupportedLatencyModes - Supported LatencyMode= FREE
11-10 15:40:50.605 14050 22976 I bluetooth-a2dp: system/btif/src/btif_av.cc:4061 btif_av_set_low_latency: active_peer=xx:xx:xx:xx:0f:4f is_low_latency=false
11-10 15:40:50.605  4821  4876 D FileManager: Looking for subfolder: Rejected
11-10 15:40:50.606 14050 14071 I bluetooth-a2dp: system/btif/src/btif_av.cc:3067 btif_av_handle_event: peer=xx:xx:xx:xx:0f:4f handle=0x0 event=BTIF_AV_SET_LATENCY_REQ_EVT(0x25)
11-10 15:40:50.606 14050 14071 I bluetooth-a2dp: system/btif/src/btif_av.cc:2492 ProcessEvent: state=Started peer=xx:xx:xx:xx:0f:4f event=BTIF_AV_SET_LATENCY_REQ_EVT(0x25) flags=0x0(None) active_peer=true
11-10 15:40:50.606 14050 14071 I bluetooth-a2dp: system/btif/src/btif_av.cc:2671 ProcessEvent: Peer xx:xx:xx:xx:0f:4f : event=BTIF_AV_SET_LATENCY_REQ_EVT(0x25) flags=0x0(None) is_low_latency=false
11-10 15:40:50.606 14050 14071 I bluetooth-a2dp: system/bta/av/bta_av_api.cc:612 BTA_AvSetLatency: Set audio/video stream low latency bta_handle:65, is_low_latency:false
11-10 15:40:50.606 14050 14071 I bt_l2cap: system/stack/l2cap/l2c_api.cc:1040 L2CA_SetAclLatency: BDA: xx:xx:xx:xx:0f:4f, latency: 0
11-10 15:40:50.606 14050 14071 I l2c_utils: system/stack/l2cap/l2c_utils.cc:2538 l2cu_set_acl_latency: Set ACL low latency: 0
11-10 15:40:50.606 14050 14084 I BluetoothAdapterService: getActiveDevices: A2dp device: XX:XX:XX:XX:0F:4F
11-10 15:40:50.612  1431  2167 W USF     : USF_API: Drop flicker data, cannot find sampling_id:84682!
11-10 15:40:50.622  1431  2167 W USF     : USF_API: Drop flicker data, cannot find sampling_id:84682!
11-10 15:40:50.625  4821  4876 D FileManager: Found existing subfolder: Rejected
11-10 15:40:50.632  1431  2167 W USF     : USF_API: Drop flicker data, cannot find sampling_id:84682!
11-10 15:40:50.637  4821  4876 D FileManager: Subfolder permissions OK: content://com.android.externalstorage.documents/tree/primary%3AResults%203/document/primary%3AResults%203%2FRejected
11-10 15:40:50.642  1431  2167 W USF     : USF_API: Drop flicker data, cannot find sampling_id:84682!
