--------- beginning of main
11-10 15:53:28.010  1884  4373 D LauncherAppsService: getActivityLaunchIntent callingPackage=com.android.systemui component=ComponentInfo{com.microsoft.office.outlook/com.microsoft.office.outlook.MainActivity} user=UserHandle{0}
11-10 15:53:28.011  1884  4373 D LauncherAppsService: getActivityLaunchIntent callingPackage=com.android.systemui component=ComponentInfo{com.paypal.android.p2pmobile/com.paypal.android.p2pmobile.startup.activities.StartupActivity} user=UserHandle{0}
11-10 15:53:28.011  1884  4373 D LauncherAppsService: getActivityLaunchIntent callingPackage=com.android.systemui component=ComponentInfo{com.roblox.client/com.roblox.client.startup.ActivitySplash} user=UserHandle{0}
11-10 15:53:28.012  1884  3084 D LauncherAppsService: getActivityLaunchIntent callingPackage=com.android.systemui component=ComponentInfo{com.shazam.android/com.shazam.android.activities.SplashActivity} user=UserHandle{0}
11-10 15:53:28.013  1884  4373 D LauncherAppsService: getActivityLaunchIntent callingPackage=com.android.systemui component=ComponentInfo{com.shopify.arrive/com.shopify.arrive.MainActivity} user=UserHandle{0}
11-10 15:53:28.013  1884  3084 D LauncherAppsService: getActivityLaunchIntent callingPackage=com.android.systemui component=ComponentInfo{com.spotify.music/com.spotify.music.MainActivity} user=UserHandle{0}
11-10 15:53:28.014  1884  2439 D LauncherAppsService: getActivityLaunchIntent callingPackage=com.android.systemui component=ComponentInfo{com.ubercab/com.ubercab.presidio.app.core.root.RootActivity} user=UserHandle{0}
11-10 15:53:28.014  1884  4373 D LauncherAppsService: getActivityLaunchIntent callingPackage=com.android.systemui component=ComponentInfo{ee.mtakso.client/ee.mtakso.client.activity.SplashHomeActivity} user=UserHandle{0}
11-10 15:53:28.015  1884  2439 D LauncherAppsService: getActivityLaunchIntent callingPackage=com.android.systemui component=ComponentInfo{fr.leboncoin/fr.leboncoin.features.splashscreen.ui.activities.SplashScreenActivity} user=UserHandle{0}
11-10 15:53:28.015  1884  4373 D LauncherAppsService: getActivityLaunchIntent callingPackage=com.android.systemui component=ComponentInfo{ro.emag.android/ro.emag.android.cleancode.app.ActivityStart} user=UserHandle{0}
11-10 15:53:28.016  1428  2117 D BTAudioSessionAidl: GetSupportedLatencyModes - Supported LatencyMode= FREE
11-10 15:53:28.016  1884  4373 D LauncherAppsService: getActivityLaunchIntent callingPackage=com.android.systemui component=ComponentInfo{trendyol.com/com.trendyol.common.splash.impl.ui.SplashActivity} user=UserHandle{0}
11-10 15:53:28.017  1431  2167 W USF     : USF_API: Drop flicker data, cannot find sampling_id:84682!
11-10 15:53:28.017  1884  4398 D LauncherAppsService: getActivityLaunchIntent callingPackage=com.android.systemui component=ComponentInfo{com.android.stk/com.android.stk.StkMain} user=UserHandle{0}
11-10 15:53:28.018  1884  3084 D LauncherAppsService: getActivityLaunchIntent callingPackage=com.android.systemui component=ComponentInfo{com.google.android.apps.nbu.files/com.google.android.apps.nbu.files.home.HomeActivity} user=UserHandle{0}
11-10 15:53:28.018 29449 29449 I Finsky  : [2] AIM: AppInfoCacheUpdater -> invalidating apps: [com.example.mobiledigger]
11-10 15:53:28.018  1884  3084 D LauncherAppsService: getActivityLaunchIntent callingPackage=com.android.systemui component=ComponentInfo{com.google.android.apps.pixel.health/com.google.android.apps.pixel.health.thermometer.ThermometerHomeActivity} user=UserHandle{0}
11-10 15:53:28.018 29449 29449 I Finsky  : [2] AIM: AppInfoManager-Perf > getApps > called for 1 apps
11-10 15:53:28.019  1884  4398 D LauncherAppsService: getActivityLaunchIntent callingPackage=com.android.systemui component=ComponentInfo{com.google.android.apps.recorder/com.google.android.apps.recorder.ui.recordings.MainActivity} user=UserHandle{0}
11-10 15:53:28.019  1884  4325 W AppSearchAppsUtil: getDynamicAppFunctionSchemasForPackages: Failed to get schema property for package: com.google.android.apps.wellbeing
11-10 15:53:28.019  1884  4325 W AppSearchAppsUtil: android.content.pm.PackageManager$NameNotFoundException
11-10 15:53:28.019  1884  4325 W AppSearchAppsUtil: 	at android.app.ApplicationPackageManager.getPropertyAsUser(ApplicationPackageManager.java:3965)
11-10 15:53:28.019  1884  4325 W AppSearchAppsUtil: 	at android.app.ApplicationPackageManager.getProperty(ApplicationPackageManager.java:3952)
11-10 15:53:28.019  1884  4325 W AppSearchAppsUtil: 	at com.android.server.appsearch.appsindexer.AppsIndexerImpl.doUpdateIncrementalPut(go/retraceme 7965b89a256ee83d6a37d50af223386e31a1f9c90240702ba162172dbd131206:76)
11-10 15:53:28.019  1884  4325 W AppSearchAppsUtil: 	at com.android.server.appsearch.appsindexer.AppsIndexerUserInstance.doUpdate(go/retraceme 7965b89a256ee83d6a37d50af223386e31a1f9c90240702ba162172dbd131206:75)
11-10 15:53:28.019  1884  4325 W AppSearchAppsUtil: 	at com.android.server.appsearch.appsindexer.AppsIndexerUserInstance$$ExternalSyntheticLambda3.run(go/retraceme 7965b89a256ee83d6a37d50af223386e31a1f9c90240702ba162172dbd131206:11)
11-10 15:53:28.019  1884  4325 W AppSearchAppsUtil: 	at com.android.server.appsearch.appsindexer.AppsIndexerUserInstance$$ExternalSyntheticLambda0.run(go/retraceme 7965b89a256ee83d6a37d50af223386e31a1f9c90240702ba162172dbd131206:10)
11-10 15:53:28.019  1884  4325 W AppSearchAppsUtil: 	at java.util.concurrent.ThreadPoolExecutor.runWorker(ThreadPoolExecutor.java:1156)
11-10 15:53:28.019  1884  4325 W AppSearchAppsUtil: 	at java.util.concurrent.ThreadPoolExecutor$Worker.run(ThreadPoolExecutor.java:651)
11-10 15:53:28.019  1884  4325 W AppSearchAppsUtil: 	at java.lang.Thread.run(Thread.java:1119)
11-10 15:53:28.019  1884  4325 W AppSearchAppsUtil: getDynamicAppFunctionSchemasForPackages: Failed to get schema property for package: com.google.android.apps.wearables.maestro.companion
11-10 15:53:28.019  1884  4325 W AppSearchAppsUtil: android.content.pm.PackageManager$NameNotFoundException
11-10 15:53:28.019  1884  4325 W AppSearchAppsUtil: 	at android.app.ApplicationPackageManager.getPropertyAsUser(ApplicationPackageManager.java:3965)
11-10 15:53:28.019  1884  4325 W AppSearchAppsUtil: 	at android.app.ApplicationPackageManager.getProperty(ApplicationPackageManager.java:3952)
11-10 15:53:28.019  1884  4325 W AppSearchAppsUtil: 	at com.android.server.appsearch.appsindexer.AppsIndexerImpl.doUpdateIncrementalPut(go/retraceme 7965b89a256ee83d6a37d50af223386e31a1f9c90240702ba162172dbd131206:76)
11-10 15:53:28.019  1884  4325 W AppSearchAppsUtil: 	at com.android.server.appsearch.appsindexer.AppsIndexerUserInstance.doUpdate(go/retraceme 7965b89a256ee83d6a37d50af223386e31a1f9c90240702ba162172dbd131206:75)
11-10 15:53:28.019  1884  4325 W AppSearchAppsUtil: 	at com.android.server.appsearch.appsindexer.AppsIndexerUserInstance$$ExternalSyntheticLambda3.run(go/retraceme 7965b89a256ee83d6a37d50af223386e31a1f9c90240702ba162172dbd131206:11)
11-10 15:53:28.019  1884  4325 W AppSearchAppsUtil: 	at com.android.server.appsearch.appsindexer.AppsIndexerUserInstance$$ExternalSyntheticLambda0.run(go/retraceme 7965b89a256ee83d6a37d50af223386e31a1f9c90240702ba162172dbd131206:10)
11-10 15:53:28.019  1884  4325 W AppSearchAppsUtil: 	at java.util.concurrent.ThreadPoolExecutor.runWorker(ThreadPoolExecutor.java:1156)
11-10 15:53:28.019  1884  4325 W AppSearchAppsUtil: 	at java.util.concurrent.ThreadPoolExecutor$Worker.run(ThreadPoolExecutor.java:651)
11-10 15:53:28.019  1884  4325 W AppSearchAppsUtil: 	at java.lang.Thread.run(Thread.java:1119)
11-10 15:53:28.019  1884  3084 D LauncherAppsService: getActivityLaunchIntent callingPackage=com.android.systemui component=ComponentInfo{com.google.android.apps.safetyhub/com.google.android.apps.safetyhub.LauncherActivity} user=UserHandle{0}
11-10 15:53:28.020 29449 29480 I Finsky  : [1119] AIM: AppInfoManager-Perf > OnDeviceAppInfo > cacheHitCount=0, cacheMissCount=1. Missed  in cache (limit 10) : [com.example.mobiledigger]
11-10 15:53:28.021 29449 29449 I Finsky  : [2] DTU: Received onPackageAdded, replacing: true
11-10 15:53:28.022 29449 29480 I Finsky  : [1119] AIM: Got app ownership map. App counts: . Unique apps: 0
11-10 15:53:28.022 29449 29480 E Finsky  : [1119] [Counters] attempted to use a non-positive increment for: 4752
11-10 15:53:28.023 29449 29480 E Finsky  : [1119] [Counters] attempted to use a non-positive increment for: 4753
11-10 15:53:28.023  1884  4373 D LauncherAppsService: getActivityLaunchIntent callingPackage=com.android.systemui component=ComponentInfo{com.google.android.apps.tips/com.google.android.apps.tips.fortnite.p8} user=UserHandle{0}
11-10 15:53:28.023  1884  2112 D LauncherAppsService: getActivityLaunchIntent callingPackage=com.android.systemui component=ComponentInfo{com.google.android.apps.weather/com.google.android.apps.weather.home.HomeActivity} user=UserHandle{0}
11-10 15:53:28.025 12933 12933 V BaseDepthController: Applying blur: 0 to Surface(name=com.google.android.apps.nexuslauncher/com.google.android.apps.nexuslauncher.NexusLauncherActivity)/@0x828e58a
11-10 15:53:28.027 21379 21392 I bxw     : Potential packages: 123, blocklist size: 6070, allowlist size: 45, latency: PT0.038S
--------- beginning of system
11-10 15:53:28.027  1884  3084 V Configuration: Updating configuration, locales updated from [] to [en_US,ro_RO]
11-10 15:53:28.027  1884  3084 V Configuration: Updating configuration, locales updated from [] to [en_US]
11-10 15:53:28.027  1884  2439 D LauncherAppsService: getActivityLaunchIntent callingPackage=com.android.systemui component=ComponentInfo{com.google.android.apps.wellbeing/com.google.android.apps.wellbeing.settings.LauncherActivity} user=UserHandle{0}
11-10 15:53:28.027  1431  2167 W USF     : USF_API: Drop flicker data, cannot find sampling_id:84682!
11-10 15:53:28.027  1884  3084 V Configuration: Updating configuration, locales updated from [] to [en_US,ro_RO]
11-10 15:53:28.027  1884  3084 V Configuration: Updating configuration, locales updated from [] to [en_US,ro_RO]
11-10 15:53:28.027  1884  3084 V Configuration: Updating configuration, locales updated from [] to [en_US,ro_RO]
11-10 15:53:28.027  1884  3084 V Configuration: Updating configuration, locales updated from [] to [en_US]
11-10 15:53:28.027  1884  3084 V Configuration: Updating configuration, locales updated from [] to [en_US,ro_RO]
11-10 15:53:28.028  1884  3084 V Configuration: Updating configuration, locales updated from [] to [en_US,ro_RO]
11-10 15:53:28.028  1884  3084 V Configuration: Updating configuration, locales updated from [] to [en_US,ro_RO]
11-10 15:53:28.028  1884  3084 V Configuration: Updating configuration, locales updated from [] to [en_US]
11-10 15:53:28.028  1884  3084 V Configuration: Updating configuration, locales updated from [] to [en_US,ro_RO]
11-10 15:53:28.028 14132  7897 I EuiccGoogle: [1178] EuiccServiceImpl.onGetEuiccProfileInfoList: onGetEuiccProfileInfoList: Profile nickname = 1GLOBAL.
11-10 15:53:28.028  1884  3084 V Configuration: Updating configuration, locales updated from [] to [en_US,ro_RO]
11-10 15:53:28.028  1884  3084 V Configuration: Updating configuration, locales updated from [] to [en_US,ro_RO]
11-10 15:53:28.028  1884  3084 V Configuration: Updating configuration, locales updated from [] to [en_US]
11-10 15:53:28.028 14132  7897 I EuiccGoogle: [1178] EuiccServiceImpl.onGetEuiccProfileInfoList: onGetEuiccProfileInfoList: Profile info = EuiccProfileInfo (nickname=1GLOBAL, serviceProviderName=1GLOBAL, profileName=1GLOBAL, profileClass=2, state=0, CarrierIdentifier=CarrierIdentifier{mcc=204,mnc=08,spn=null,imsi=null,gid1=547275554B3030656E,gid2=547275554B3030656E,carrierid=-1,specificCarrierId=-1}, policyRules=0, accessRules=[cert: 52F308E2848EBF1FEA098A565D54A17B1CA9747D pkg: com.revolut.revolut access: 1, cert: BB9216C690E2EC5CF9FEF6E4D02E7B40ED159143 pkg: com.revolut.revolut access: 1], iccid=894447861[****]).
11-10 15:53:28.028  1884  3084 V Configuration: Updating configuration, locales updated from [] to [en_US,ro_RO]
11-10 15:53:28.028  1884  3084 V Configuration: Updating configuration, locales updated from [] to [en_US,ro_RO]
11-10 15:53:28.028  1884  3084 V Configuration: Updating configuration, locales updated from [] to [en_US,ro_RO]
11-10 15:53:28.028  1884  3084 V Configuration: Updating configuration, locales updated from [] to [en_US,ro_RO]
11-10 15:53:28.028  1884  3084 V Configuration: Updating configuration, locales updated from [] to [en_US]
11-10 15:53:28.029 21379 21379 I brn     : Starting work type: HANDLE_PACKAGES_CHANGED using foreground service, isShort: false
11-10 15:53:28.030  3130  3339 D EuiccConnector: handleMessage: E msg.what=6
11-10 15:53:28.030  3130  3339 D EuiccConnector: processMsg: ConnectedState
11-10 15:53:28.030  3130  3339 D EuiccConnector: handleMessage: X
11-10 15:53:28.030  3130  3339 D EuiccConnector: handleMessage: E msg.what=103
11-10 15:53:28.030  3130  3339 D EuiccConnector: processMsg: ConnectedState
11-10 15:53:28.031  3130  3339 D EuiccConnector: handleMessage: X
11-10 15:53:28.028  1884  3084 V Configuration: Updating configuration, locales updated from [] to [en_US]
11-10 15:53:28.032  1884  2439 D LauncherAppsService: getActivityLaunchIntent callingPackage=com.android.systemui component=ComponentInfo{com.google.android.googlequicksearchbox/com.google.android.googlequicksearchbox.SearchActivity} user=UserHandle{0}
11-10 15:53:28.032  1884  3084 V Configuration: Updating configuration, locales updated from [] to [en_US]
11-10 15:53:28.032  1884  3084 V Configuration: Updating configuration, locales updated from [] to [en_US,ro_RO]
11-10 15:53:28.032  1884  3084 V Configuration: Updating configuration, locales updated from [] to [en_US,ro_RO]
11-10 15:53:28.032  1884  3084 V Configuration: Updating configuration, locales updated from [] to [en_US]
11-10 15:53:28.032  1884  3084 V Configuration: Updating configuration, locales updated from [] to [en_US,ro_RO]
11-10 15:53:28.032  1884  3084 V Configuration: Updating configuration, locales updated from [] to [en_US,ro_RO]
11-10 15:53:28.032  1884  3084 V Configuration: Updating configuration, locales updated from [] to [en_US,ro_RO]
11-10 15:53:28.033  1884  3084 V Configuration: Updating configuration, locales updated from [] to [en_US,ro_RO]
11-10 15:53:28.033  1884  3084 V Configuration: Updating configuration, locales updated from [] to [en_US,ro_RO]
11-10 15:53:28.033 14132  7906 I EuiccGoogle: [1179] EuiccServiceImpl.onGetEuiccProfileInfoList: onGetEuiccProfileInfoList: slotId = 0
11-10 15:53:28.033  1884  3084 V Configuration: Updating configuration, locales updated from [] to [en_US,ro_RO]
11-10 15:53:28.033  1884  3084 V Configuration: Updating configuration, locales updated from [] to [en_US]
11-10 15:53:28.033  1884  3084 V Configuration: Updating configuration, locales updated from [] to [en_US,ro_RO]
11-10 15:53:28.033  1884  3084 V Configuration: Updating configuration, locales updated from [] to [en_US]
11-10 15:53:28.033  1884  3084 V Configuration: Updating configuration, locales updated from [] to [en_US,ro_RO]
11-10 15:53:28.033  1884  3084 V Configuration: Updating configuration, locales updated from [] to [en_US,ro_RO]
11-10 15:53:28.033  1884  3084 V Configuration: Updating configuration, locales updated from [] to [en_US,ro_RO]
11-10 15:53:28.033  1884  3084 V Configuration: Updating configuration, locales updated from [] to [en_US]
11-10 15:53:28.033  1884  3084 V Configuration: Updating configuration, locales updated from [] to [en_US,ro_RO]
11-10 15:53:28.033  1884  3084 V Configuration: Updating configuration, locales updated from [] to [en_US]
11-10 15:53:28.034  1884  3084 V Configuration: Updating configuration, locales updated from [] to [en_US,ro_RO]
11-10 15:53:28.034  1884  3084 V Configuration: Updating configuration, locales updated from [] to [en_US,ro_RO]
11-10 15:53:28.034  1884  3084 V Configuration: Updating configuration, locales updated from [] to [en_US,ro_RO]
11-10 15:53:28.034  1884  3084 V Configuration: Updating configuration, locales updated from [] to [en_US,ro_RO]
11-10 15:53:28.034  1884  3084 V Configuration: Updating configuration, locales updated from [] to [en_US,ro_RO]
11-10 15:53:28.034  1884  3084 V Configuration: Updating configuration, locales updated from [] to [en_US,ro_RO]
11-10 15:53:28.034  1884  3084 V Configuration: Updating configuration, locales updated from [] to [ro_RO,en_US]
11-10 15:53:28.034  1884  3084 V Configuration: Updating configuration, locales updated from [] to [en_US,ro_RO]
11-10 15:53:28.034  1884  3084 V Configuration: Updating configuration, locales updated from [] to [en_US,ro_RO]
11-10 15:53:28.034  1884  3084 V Configuration: Updating configuration, locales updated from [] to [en_US,ro_RO]
11-10 15:53:28.035  1884  3084 V Configuration: Updating configuration, locales updated from [] to [en_US,ro_RO]
11-10 15:53:28.035  1884  5488 I ActivityManager: Background started FGS: Allowed [callingPackage: com.google.android.odad; callingUid: 10154; uidState: IMPF; uidBFSL: n/a; intent: Intent { xflg=0x4 cmp=com.google.android.odad/com.google.android.apps.miphone.odad.backgroundwork.impl.WorkService (has extras) }; code:BACKGROUND_ACTIVITY_PERMISSION; tempAllowListReason:<null>; allowWiu:58; targetSdkVersion:36; callerTargetSdkVersion:36; startForegroundCount:0; bindFromPackage:null: isBindService:false]
11-10 15:53:28.035  1884  3084 V Configuration: Updating configuration, locales updated from [] to [en_US,ro_RO]
11-10 15:53:28.035  1884  3084 V Configuration: Updating configuration, locales updated from [] to [en_US,ro_RO]
11-10 15:53:28.035  1884  4398 D LauncherAppsService: getActivityLaunchIntent callingPackage=com.android.systemui component=ComponentInfo{at.willhaben/at.willhaben.MainActivity} user=UserHandle{0}
11-10 15:53:28.035  1884  3084 V Configuration: Updating configuration, locales updated from [] to [en_US,ro_RO]
11-10 15:53:28.035  1884  3084 V Configuration: Updating configuration, locales updated from [] to [en_US,ro_RO]
11-10 15:53:28.035  1884  3084 V Configuration: Updating configuration, locales updated from [] to [en_US,ro_RO]
11-10 15:53:28.035  1884  3084 V Configuration: Updating configuration, locales updated from [] to [en_US,ro_RO]
11-10 15:53:28.035  1884  3084 V Configuration: Updating configuration, locales updated from [] to [en_US,ro_RO]
11-10 15:53:28.035  1884  3084 V Configuration: Updating configuration, locales updated from [] to [en_US,ro_RO]
11-10 15:53:28.035  1884  3084 V Configuration: Updating configuration, locales updated from [] to [en_US,ro_RO]
11-10 15:53:28.035  1884  3084 V Configuration: Updating configuration, locales updated from [] to [en_US,ro_RO]
11-10 15:53:28.036  1884  3084 V Configuration: Updating configuration, locales updated from [] to [en_US,ro_RO]
11-10 15:53:28.036  1884  3084 V Configuration: Updating configuration, locales updated from [] to [en_US,ro_RO]
11-10 15:53:28.036  1884  3084 V Configuration: Updating configuration, locales updated from [] to [en_US,ro_RO]
11-10 15:53:28.036  1884  3084 V Configuration: Updating configuration, locales updated from [] to [en_US,ro_RO]
11-10 15:53:28.036  1884  4398 D LauncherAppsService: getActivityLaunchIntent callingPackage=com.android.systemui component=ComponentInfo{battle.iron.suit/com.unity3d.player.UnityPlayerActivity} user=UserHandle{0}
11-10 15:53:28.036  1884  3084 V Configuration: Updating configuration, locales updated from [] to [en_US,ro_RO]
11-10 15:53:28.036  1884  3084 V Configuration: Updating configuration, locales updated from [] to [ro_RO,en_US]
11-10 15:53:28.036  1884  3084 V Configuration: Updating configuration, locales updated from [] to [en_US,ro_RO]
11-10 15:53:28.036  1884  3084 V Configuration: Updating configuration, locales updated from [] to [en_US,ro_RO]
11-10 15:53:28.036  1884  3084 V Configuration: Updating configuration, locales updated from [] to [en_US,ro_RO]
11-10 15:53:28.036  1884  3084 V Configuration: Updating configuration, locales updated from [] to [en_US,ro_RO]
11-10 15:53:28.036  1884  3084 V Configuration: Updating configuration, locales updated from [] to [en_US,ro_RO]
11-10 15:53:28.037  1431  2167 W USF     : USF_API: Drop flicker data, cannot find sampling_id:84682!
11-10 15:53:28.038 21379 21379 I WorkService: Work service created
11-10 15:53:28.038 14132  7906 I EuiccGoogle: [1179] EuiccServiceImpl.onGetEuiccProfileInfoList: slotId = 0, isRemovable = false
11-10 15:53:28.038 14132  7906 I EuiccGoogle: [1179] EuiccServiceImpl.onGetEuiccProfileInfoList: onGetEuiccProfileInfoList: isRemovable = false.
11-10 15:53:28.038 14132  7906 I EuiccGoogle: [1179] EuiccServiceImpl.onGetEuiccProfileInfoList: getSimCardState for slotId: 0
11-10 15:53:28.038 21379 21396 I civ     : Started coroutine watchdog: work-service, duration: PT3M
11-10 15:53:28.040 14132  7906 I EuiccGoogle: [1179] EuiccServiceImpl.onGetEuiccProfileInfoList: GetEuiccProfileInfoListResult: simCardState :11and simCardStateAtTelephony:11 for slot:0
11-10 15:53:28.040 14132  7906 I EuiccGoogle: [1179] EuiccServiceImpl.getProfileInfoList: getProfileInfoList: slotId = 0, includeTestProfiles = false
11-10 15:53:28.037  1884  3084 V Configuration: Updating configuration, locales updated from [] to [en_US,ro_RO]
11-10 15:53:28.040 14132  7906 I EuiccGoogle: [1179] EuiccServiceImpl.getProfileInfoList: getProfileInfoList: slotId = 0, includeTestProfiles = false.
11-10 15:53:28.040 14132  7906 I EuiccGoogle: [1179] EuiccServiceImpl.getEidFromSlotId: getEidFromSlotId: slotId = 0.
11-10 15:53:28.040  1884  4373 D LauncherAppsService: getActivityLaunchIntent callingPackage=com.android.systemui component=ComponentInfo{com.Garawell.BridgeRace/com.unity3d.player.UnityPlayerActivity} user=UserHandle{0}
11-10 15:53:28.040 14132  7906 I EuiccGoogle: [1179] NetworkFetcher.getEidForSlot: getEidForSlot: 0
11-10 15:53:28.040  1884  3084 V Configuration: Updating configuration, locales updated from [] to [en_US,ro_RO]
11-10 15:53:28.040  1884  3084 V Configuration: Updating configuration, locales updated from [] to [en_US,ro_RO]
11-10 15:53:28.040  1884  3084 V Configuration: Updating configuration, locales updated from [] to [en_US,ro_RO]
11-10 15:53:28.040  1884  3084 V Configuration: Updating configuration, locales updated from [] to [ro_RO,en_US]
11-10 15:53:28.040  1884  3084 V Configuration: Updating configuration, locales updated from [] to [en_US,ro_RO]
11-10 15:53:28.040 14132  7906 I EuiccGoogle: [1179] BlockingEuiccCardManager.requestAllProfiles: requestAllProfiles: cardId = [pDpBLAxytlpqY2-RCg5rLooJ5Yw]
11-10 15:53:28.040  1884  3084 V Configuration: Updating configuration, locales updated from [] to [en_US,ro_RO]
11-10 15:53:28.041  1884  3084 V Configuration: Updating configuration, locales updated from [] to [en_US]
11-10 15:53:28.041  1884  3084 V Configuration: Updating configuration, locales updated from [] to [en_US,ro_RO]
11-10 15:53:28.041  1884  3084 V Configuration: Updating configuration, locales updated from [] to [en_US,ro_RO]
11-10 15:53:28.041  1884  5488 D LauncherAppsService: getActivityLaunchIntent callingPackage=com.android.systemui component=ComponentInfo{com.JindoBlu.TwoPlayerGamesChallenge/com.unity3d.player.UnityPlayerActivity} user=UserHandle{0}
11-10 15:53:28.041  1884  2920 E ApduServiceInfo: Not adding <aid-group> with empty or invalid AIDs
11-10 15:53:28.041 12933 12933 V BaseDepthController: Applying blur: 0 to Surface(name=com.google.android.apps.nexuslauncher/com.google.android.apps.nexuslauncher.NexusLauncherActivity)/@0x828e58a
11-10 15:53:28.042  1884  3084 V Configuration: Updating configuration, locales updated from [] to [en_US,ro_RO]
11-10 15:53:28.042  1884  3084 V Configuration: Updating configuration, locales updated from [] to [en_US,ro_RO]
11-10 15:53:28.042  1884  3084 V Configuration: Updating configuration, locales updated from [] to [en_US,ro_RO]
11-10 15:53:28.042  1884  3084 V Configuration: Updating configuration, locales updated from [] to [ro_RO,en_US]
11-10 15:53:28.042  1884  3084 V Configuration: Updating configuration, locales updated from [] to [en_US,ro_RO]
11-10 15:53:28.042  1884  3084 V Configuration: Updating configuration, locales updated from [] to [en_US]
11-10 15:53:28.042  1884  3084 V Configuration: Updating configuration, locales updated from [] to [ro_RO]
11-10 15:53:28.042  1884  3084 V Configuration: Updating configuration, locales updated from [] to [en_US,ro_RO]
11-10 15:53:28.042  1884  3084 V Configuration: Updating configuration, locales updated from [] to [en_US,ro_RO]
11-10 15:53:28.042  1884  3084 V Configuration: Updating configuration, locales updated from [] to [en_US,ro_RO]
11-10 15:53:28.042  1884  3084 V Configuration: Updating configuration, locales updated from [] to [en_US,ro_RO]
11-10 15:53:28.042  1884  3084 V Configuration: Updating configuration, locales updated from [] to [en_US,ro_RO]
11-10 15:53:28.042  1884  3084 V Configuration: Updating configuration, locales updated from [] to [ro_RO,en_US]
11-10 15:53:28.042  1884  3084 V Configuration: Updating configuration, locales updated from [] to [en_US]
11-10 15:53:28.042  1884  3084 V Configuration: Updating configuration, locales updated from [] to [en_US,ro_RO]
11-10 15:53:28.042  1884  3084 V Configuration: Updating configuration, locales updated from [] to [ro_RO]
11-10 15:53:28.042  1884  3084 V Configuration: Updating configuration, locales updated from [] to [en_US,ro_RO]
11-10 15:53:28.042  1884  3084 V Configuration: Updating configuration, locales updated from [] to [en_US,ro_RO]
11-10 15:53:28.042  1884  3084 V Configuration: Updating configuration, locales updated from [] to [en_US,ro_RO]
11-10 15:53:28.042  1884  3084 V Configuration: Updating configuration, locales updated from [] to [en_US,ro_RO]
11-10 15:53:28.042  1884  3084 V Configuration: Updating configuration, locales updated from [] to [en_US,ro_RO]
11-10 15:53:28.042  1884  3084 V Configuration: Updating configuration, locales updated from [] to [en_US]
11-10 15:53:28.042  1884  3084 V Configuration: Updating configuration, locales updated from [] to [en_US]
11-10 15:53:28.042  1884  3084 V Configuration: Updating configuration, locales updated from [] to [ro_RO,en_US]
11-10 15:53:28.042  1884  3084 V Configuration: Updating configuration, locales updated from [] to [en_US,ro_RO]
11-10 15:53:28.042  1884  3084 V Configuration: Updating configuration, locales updated from [] to [en_US,ro_RO]
11-10 15:53:28.042  1884  3084 V Configuration: Updating configuration, locales updated from [] to [en_US,ro_RO]
11-10 15:53:28.042  1884  3084 V Configuration: Updating configuration, locales updated from [] to [en_US,ro_RO]
11-10 15:53:28.042  1884  3084 V Configuration: Updating configuration, locales updated from [] to [en_US,ro_RO]
11-10 15:53:28.042  1884  3084 V Configuration: Updating configuration, locales updated from [] to [en_US,ro_RO]
11-10 15:53:28.043  1884  4398 D LauncherAppsService: getActivityLaunchIntent callingPackage=com.android.systemui component=ComponentInfo{com.Neurononfire.SupremeDuelist/com.google.firebase.MessagingUnityPlayerActivity} user=UserHandle{0}
11-10 15:53:28.043  1884  3084 V Configuration: Updating configuration, locales updated from [] to [en_US]
11-10 15:53:28.043  1884  3084 V Configuration: Updating configuration, locales updated from [] to [en_US,ro_RO]
11-10 15:53:28.043  1884  3084 V Configuration: Updating configuration, locales updated from [] to [en_US]
11-10 15:53:28.043  1884  3084 V Configuration: Updating configuration, locales updated from [] to [en_US,ro_RO]
11-10 15:53:28.043  1884  3084 V Configuration: Updating configuration, locales updated from [] to [en_US,ro_RO]
11-10 15:53:28.043  1884  3084 V Configuration: Updating configuration, locales updated from [] to [en_US,ro_RO]
11-10 15:53:28.043  1884  3084 V Configuration: Updating configuration, locales updated from [] to [en_US]
11-10 15:53:28.043  1884  3084 V Configuration: Updating configuration, locales updated from [] to [en_US,ro_RO]
11-10 15:53:28.043  1884  3084 V Configuration: Updating configuration, locales updated from [] to [en_US]
11-10 15:53:28.043  1884  3084 V Configuration: Updating configuration, locales updated from [] to [en_US,ro_RO]
11-10 15:53:28.043  1884  3084 V Configuration: Updating configuration, locales updated from [] to [en_US,ro_RO]
11-10 15:53:28.043  1884  3084 V Configuration: Updating configuration, locales updated from [] to [en_US,ro_RO]
11-10 15:53:28.043  1884  3084 V Configuration: Updating configuration, locales updated from [] to [en_US,ro_RO]
11-10 15:53:28.043  1884  3084 V Configuration: Updating configuration, locales updated from [] to [en_US,ro_RO]
11-10 15:53:28.043  1884  3084 V Configuration: Updating configuration, locales updated from [] to [en_US,ro_RO]
11-10 15:53:28.043  1884  3084 V Configuration: Updating configuration, locales updated from [] to [en_US,ro_RO]
11-10 15:53:28.043  1884  3084 V Configuration: Updating configuration, locales updated from [] to [en_US,ro_RO]
11-10 15:53:28.043  1884  3084 V Configuration: Updating configuration, locales updated from [] to [en_US,ro_RO]
11-10 15:53:28.043  1884  3084 V Configuration: Updating configuration, locales updated from [] to [en_US,ro_RO]
11-10 15:53:28.043  1884  3084 V Configuration: Updating configuration, locales updated from [] to [en_US,ro_RO]
11-10 15:53:28.043  1884  3084 V Configuration: Updating configuration, locales updated from [] to [en_US,ro_RO]
11-10 15:53:28.043  1884  3084 V Configuration: Updating configuration, locales updated from [] to [en_US,ro_RO]
11-10 15:53:28.043  1884  3084 V Configuration: Updating configuration, locales updated from [] to [en_US,ro_RO]
11-10 15:53:28.043  1884  3084 V Configuration: Updating configuration, locales updated from [] to [en_US,ro_RO]
11-10 15:53:28.043  1884  3084 V Configuration: Updating configuration, locales updated from [] to [en_US,ro_RO]
11-10 15:53:28.043  1884  3084 V Configuration: Updating configuration, locales updated from [] to [en_US,ro_RO]
11-10 15:53:28.043  1884  3084 V Configuration: Updating configuration, locales updated from [] to [en_US,ro_RO]
11-10 15:53:28.043  1884  3084 V Configuration: Updating configuration, locales updated from [] to [en_US,ro_RO]
11-10 15:53:28.043  1884  3084 V Configuration: Updating configuration, locales updated from [] to [en_US,ro_RO]
11-10 15:53:28.043  1884  3084 V Configuration: Updating configuration, locales updated from [] to [en_US,ro_RO]
11-10 15:53:28.043  1884  3084 V Configuration: Updating configuration, locales updated from [] to [en_US,ro_RO]
11-10 15:53:28.043  1884  3084 V Configuration: Updating configuration, locales updated from [] to [en_US,ro_RO]
11-10 15:53:28.044  1884  3084 D IntervalStats: Unable to parse usage stats packages: [137, 276, 315, 316, 324, 333, 336, 337, 339, 340, 357, 363, 371, 372, 374, 391, 395, 402, 411, 413, 414, 421, 427, 433, 437, 457, 459, 460, 461, 464, 465, 471, 472, 487, 488, 489, 490, 494, 495, 509, 510, 511, 512, 513, 514, 515, 517, 518, 519, 520, 523, 529, 531, 532, 534, 538, 539, 540, 546, 547, 549, 553, 554, 556, 568, 583, 589, 595, 597, 598, 599, 600, 601, 602, 605, 606, 611, 623, 624, 625, 627, 628, 629, 630, 631, 632, 633, 634, 635, 637, 638, 640, 654, 657, 658, 660, 661, 663, 666, 672, 691, 692, 693, 694, 696, 697, 698, 699, 701, 702, 703, 704, 705, 706, 707, 708, 709, 710, 711, 712, 714, 715, 721]
11-10 15:53:28.046  1884  2112 W ForegroundServiceTypeLoggerModule: Foreground service start for UID: 10154 does not have any types
11-10 15:53:28.046  1884  2730 D BackgroundInstallControlService: Package event received: 0
11-10 15:53:28.046 21379 21379 I WorkService: Moved work service to foreground
11-10 15:53:28.046 21379 21379 I brn     : Starting the handler for work type: HANDLE_PACKAGES_CHANGED
11-10 15:53:28.046 21379 21379 I WorkService: Work service returning from onStartCommand, work count: 1
11-10 15:53:28.047  1431  2167 W USF     : USF_API: Drop flicker data, cannot find sampling_id:84682!
11-10 15:53:28.047  1884  2112 D LauncherAppsService: getActivityLaunchIntent callingPackage=com.android.systemui component=ComponentInfo{com.alibaba.aliexpresshd/com.aliexpress.app.FirstActivity} user=UserHandle{0}
11-10 15:53:28.047  1884  4325 E AppSearchAppsIndexerImpl: Certificate not found for package: org.chromium.webapk.acf6f8d2b6ee0ba22_v2
11-10 15:53:28.048  1884  4325 E AppSearchAppsIndexerImpl: Certificate not found for package: org.chromium.webapk.a15bc299c036bd0c4_v2
11-10 15:53:28.051  1884  4373 D LauncherAppsService: getActivityLaunchIntent callingPackage=com.android.systemui component=ComponentInfo{com.alibaba.intl.android.apps.poseidon/com.alibaba.intl.android.apps.poseidon.app.activity.ActivityMainMaterial} user=UserHandle{0}
11-10 15:53:28.052  1884  4398 D LauncherAppsService: getActivityLaunchIntent callingPackage=com.android.systemui component=ComponentInfo{com.anydesk.anydeskandroid/com.anydesk.anydeskandroid.gui.activity.HubActivity} user=UserHandle{0}
11-10 15:53:28.053  1884  4398 D LauncherAppsService: getActivityLaunchIntent callingPackage=com.android.systemui component=ComponentInfo{com.aspiro.tidal/com.aspiro.wamp.LoginFragmentActivity} user=UserHandle{0}
11-10 15:53:28.054  1884  4398 D LauncherAppsService: getActivityLaunchIntent callingPackage=com.android.systemui component=ComponentInfo{com.azure.authenticator/com.azure.authenticator.ui.LaunchActivity} user=UserHandle{0}
11-10 15:53:28.056  1884  4398 D LauncherAppsService: getActivityLaunchIntent callingPackage=com.android.systemui component=ComponentInfo{com.bandcamp.android/com.bandcamp.android.view.SplashActivity} user=UserHandle{0}
11-10 15:53:28.057  1431  2167 W USF     : USF_API: Drop flicker data, cannot find sampling_id:84682!
11-10 15:53:28.057  1884  4373 D LauncherAppsService: getActivityLaunchIntent callingPackage=com.android.systemui component=ComponentInfo{com.booking/com.booking.startup.HomeActivity} user=UserHandle{0}
11-10 15:53:28.058 12933 12933 V BaseDepthController: Applying blur: 0 to Surface(name=com.google.android.apps.nexuslauncher/com.google.android.apps.nexuslauncher.NexusLauncherActivity)/@0x828e58a
11-10 15:53:28.060 21379  7910 I brb     : No reboot detected, boot count: 118
11-10 15:53:28.061  1884  4373 D LauncherAppsService: getActivityLaunchIntent callingPackage=com.android.systemui component=ComponentInfo{com.brightstripe.parcels/com.brightstripe.parcels.MainActivity} user=UserHandle{0}
11-10 15:53:28.063  1884  4398 D LauncherAppsService: getActivityLaunchIntent callingPackage=com.android.systemui component=ComponentInfo{com.cargus.cma/com.cargus.cma.MainActivity} user=UserHandle{0}
11-10 15:53:28.063  1884  4398 D LauncherAppsService: getActivityLaunchIntent callingPackage=com.android.systemui component=ComponentInfo{com.catalogViva/com.catalogViva.MainActivity} user=UserHandle{0}
11-10 15:53:28.064 21379  7910 I brb     : Found: 1 changed packages for sequence number: 2461, new sequence number: 2462
11-10 15:53:28.064  1884  2112 D LauncherAppsService: getActivityLaunchIntent callingPackage=com.android.systemui component=ComponentInfo{com.davidgiga1993.mixingstationpro/org.devcore.mixingstation.android.lib.AndroidLauncher} user=UserHandle{0}
11-10 15:53:28.065  1884  4398 D LauncherAppsService: getActivityLaunchIntent callingPackage=com.android.systemui component=ComponentInfo{com.digitaldreamlabs.retrodrive/com.digitaldreamlabs.retrodrive.OverDriveActivity} user=UserHandle{0}
11-10 15:53:28.066  1884  4398 D LauncherAppsService: getActivityLaunchIntent callingPackage=com.android.systemui component=ComponentInfo{com.discord/com.discord.main.MainDefault} user=UserHandle{0}
11-10 15:53:28.067  1431  2167 W USF     : USF_API: Drop flicker data, cannot find sampling_id:84682!
11-10 15:53:28.067  1884  2439 D LauncherAppsService: getActivityLaunchIntent callingPackage=com.android.systemui component=ComponentInfo{com.disney.disneyplus/com.bamtechmedia.dominguez.main.MainActivity} user=UserHandle{0}
11-10 15:53:28.068  1884  2439 D LauncherAppsService: getActivityLaunchIntent callingPackage=com.android.systemui component=ComponentInfo{com.duosecurity.duomobile/com.duosecurity.duomobile.account_list.AccountListActivity} user=UserHandle{0}
11-10 15:53:28.069  1884  4373 D LauncherAppsService: getActivityLaunchIntent callingPackage=com.android.systemui component=ComponentInfo{com.ebay.kleinanzeigen/ebk.ui.splash.SplashActivity} user=UserHandle{0}
11-10 15:53:28.070  1884  4398 D LauncherAppsService: getActivityLaunchIntent callingPackage=com.android.systemui component=ComponentInfo{com.ebay.mobile/com.ebay.mobile.home.impl.main.MainActivity} user=UserHandle{0}
11-10 15:53:28.072  1884  4373 D LauncherAppsService: getActivityLaunchIntent callingPackage=com.android.systemui component=ComponentInfo{com.einnovation.temu/com.baogong.splash.activity.MainFrameActivity} user=UserHandle{0}
11-10 15:53:28.072  1884  4372 D LauncherAppsService: getActivityLaunchIntent callingPackage=com.android.systemui component=ComponentInfo{com.example.mobiledigger/com.example.mobiledigger.MainActivity} user=UserHandle{0}
11-10 15:53:28.073  1884  4373 D LauncherAppsService: getActivityLaunchIntent callingPackage=com.android.systemui component=ComponentInfo{com.facebook.katana/com.facebook.katana.LoginActivity} user=UserHandle{0}
11-10 15:53:28.073  1884  4373 D LauncherAppsService: getActivityLaunchIntent callingPackage=com.android.systemui component=ComponentInfo{com.facebook.orca/com.facebook.orca.auth.StartScreenActivity} user=UserHandle{0}
11-10 15:53:28.074  1884  4372 D LauncherAppsService: getActivityLaunchIntent callingPackage=com.android.systemui component=ComponentInfo{com.fun.mxw/io.dcloud.PandoraEntry} user=UserHandle{0}
11-10 15:53:28.074  1884  4372 D LauncherAppsService: getActivityLaunchIntent callingPackage=com.android.systemui component=ComponentInfo{com.games.webmaster/com.unity3d.player.UnityPlayerActivity} user=UserHandle{0}
11-10 15:53:28.074 12933 12933 V BaseDepthController: Applying blur: 0 to Surface(name=com.google.android.apps.nexuslauncher/com.google.android.apps.nexuslauncher.NexusLauncherActivity)/@0x828e58a
11-10 15:53:28.075  1884  4372 D LauncherAppsService: getActivityLaunchIntent callingPackage=com.android.systemui component=ComponentInfo{com.games.whodiesfirst/com.unity3d.player.UnityPlayerActivity} user=UserHandle{0}
11-10 15:53:28.075  1884  4373 D LauncherAppsService: getActivityLaunchIntent callingPackage=com.android.systemui component=ComponentInfo{com.ghisler.android.TotalCommander/com.ghisler.android.TotalCommander.TotalCommander} user=UserHandle{0}
11-10 15:53:28.075  1884  4373 D LauncherAppsService: getActivityLaunchIntent callingPackage=com.android.systemui component=ComponentInfo{com.globalfun.ben10ae.google/com.globalfun.FullActivity} user=UserHandle{0}
11-10 15:53:28.076  1431  2167 W USF     : USF_API: Drop flicker data, cannot find sampling_id:84682!
11-10 15:53:28.077  1884  4398 D LauncherAppsService: getActivityLaunchIntent callingPackage=com.android.systemui component=ComponentInfo{com.google.android.apps.authenticator2/com.google.android.apps.authenticator2.main.MainActivity} user=UserHandle{0}
11-10 15:53:28.077  1884  4373 D LauncherAppsService: getActivityLaunchIntent callingPackage=com.android.systemui component=ComponentInfo{com.google.android.apps.bard/com.google.android.apps.bard.shellapp.BardEntryPointActivity} user=UserHandle{0}
11-10 15:53:28.078  1884  4398 D LauncherAppsService: getActivityLaunchIntent callingPackage=com.android.systemui component=ComponentInfo{com.google.android.apps.chromecast.app/com.google.android.apps.chromecast.app.DiscoveryActivity} user=UserHandle{0}
11-10 15:53:28.078  1884  4398 D LauncherAppsService: getActivityLaunchIntent callingPackage=com.android.systemui component=ComponentInfo{com.google.android.apps.fitness/com.google.android.apps.fitness.welcome.WelcomeActivity} user=UserHandle{0}
11-10 15:53:28.079  1884  4398 D LauncherAppsService: getActivityLaunchIntent callingPackage=com.android.systemui component=ComponentInfo{com.google.android.apps.searchlite/com.google.android.apps.searchlite.ui.SearchActivity} user=UserHandle{0}
11-10 15:53:28.079  1884  4398 D LauncherAppsService: getActivityLaunchIntent callingPackage=com.android.systemui component=ComponentInfo{com.google.android.apps.subscriptions.red/com.google.android.apps.subscriptions.red.LauncherActivity} user=UserHandle{0}
11-10 15:53:28.080  1884  4398 D LauncherAppsService: getActivityLaunchIntent callingPackage=com.android.systemui component=ComponentInfo{com.google.android.apps.translate/com.google.android.apps.translate.TranslateActivity} user=UserHandle{0}
11-10 15:53:28.080  1884  4398 D LauncherAppsService: getActivityLaunchIntent callingPackage=com.android.systemui component=ComponentInfo{com.google.android.keep/com.google.android.keep.activities.BrowseActivity} user=UserHandle{0}
11-10 15:53:28.080  1884  4398 D LauncherAppsService: getActivityLaunchIntent callingPackage=com.android.systemui component=ComponentInfo{com.gtsy.capturing.heroes/com.unity3d.player.UnityPlayerActivity} user=UserHandle{0}
11-10 15:53:28.082  1884  4398 D LauncherAppsService: getActivityLaunchIntent callingPackage=com.android.systemui component=ComponentInfo{com.hb.spider.games.fighting.hero/com.unity3d.player.UnityPlayerActivity} user=UserHandle{0}
11-10 15:53:28.082  1884  4398 D LauncherAppsService: getActivityLaunchIntent callingPackage=com.android.systemui component=ComponentInfo{com.htt.alpha.shooter.fps/com.unity3d.player.UnityPlayerActivity} user=UserHandle{0}
11-10 15:53:28.083  1884  4373 D LauncherAppsService: getActivityLaunchIntent callingPackage=com.android.systemui component=ComponentInfo{com.inotesapp.inotes/com.inotesapp.inotes.MainActivity} user=UserHandle{0}
11-10 15:53:28.083  1884  4373 D LauncherAppsService: getActivityLaunchIntent callingPackage=com.android.systemui component=ComponentInfo{com.instagram.android/com.instagram.android.activity.MainTabActivity} user=UserHandle{0}
11-10 15:53:28.084  1884  4373 D LauncherAppsService: getActivityLaunchIntent callingPackage=com.android.systemui component=ComponentInfo{com.kendamanomics.app/com.kendamanomics.app.MainActivity} user=UserHandle{0}
11-10 15:53:28.084  1884  4373 D LauncherAppsService: getActivityLaunchIntent callingPackage=com.android.systemui component=ComponentInfo{com.libratone/com.libratone.v3.activities.HomeActivity} user=UserHandle{0}
11-10 15:53:28.085 30263 30558 I SQLiteConnection: Long db operation: /data/user/0/com.google.android.apps.photos/databases/gphotos0.db
11-10 15:53:28.085  1884  4373 D LauncherAppsService: getActivityLaunchIntent callingPackage=com.android.systemui component=ComponentInfo{com.linkedin.android/com.linkedin.android.authenticator.LaunchActivityDefault} user=UserHandle{0}
11-10 15:53:28.085  1884  4373 D LauncherAppsService: getActivityLaunchIntent callingPackage=com.android.systemui component=ComponentInfo{com.mcdonalds.mobileapp/com.mcdonalds.mobileapp.SplashActivity} user=UserHandle{0}
11-10 15:53:28.086  1884  4373 D LauncherAppsService: getActivityLaunchIntent callingPackage=com.android.systemui component=ComponentInfo{com.microsoft.appmanager/com.microsoft.appmanager.StartUpCoreActivity} user=UserHandle{0}
11-10 15:53:28.086  1884  2112 D LauncherAppsService: getActivityLaunchIntent callingPackage=com.android.systemui component=ComponentInfo{com.microsoft.office.excel/com.microsoft.office.apphost.LaunchActivity} user=UserHandle{0}
11-10 15:53:28.086  1431  2167 W USF     : USF_API: Drop flicker data, cannot find sampling_id:84682!
11-10 15:53:28.087  1884  2112 D LauncherAppsService: getActivityLaunchIntent callingPackage=com.android.systemui component=ComponentInfo{com.microsoft.office.onenote/com.microsoft.office.onenote.ui.ONMSplashActivity} user=UserHandle{0}
11-10 15:53:28.087  1884  2112 D LauncherAppsService: getActivityLaunchIntent callingPackage=com.android.systemui component=ComponentInfo{com.microsoft.office.word/com.microsoft.office.apphost.LaunchActivity} user=UserHandle{0}
11-10 15:53:28.088  1884  2112 D LauncherAppsService: getActivityLaunchIntent callingPackage=com.android.systemui component=ComponentInfo{com.microsoft.rdc.androidx/com.microsoft.windowsapp.ui.HomeActivity} user=UserHandle{0}
11-10 15:53:28.088 29449 29489 I Finsky  : [1127] AIM: AppInfoManager-Perf > ItemModel > CacheSize=190, cacheHitCount=0, cacheMissCount=0, total appsWithNoServerDataCount=4. Missed  in cache (limit 10) : []
11-10 15:53:28.091  1884  4398 D LauncherAppsService: getActivityLaunchIntent callingPackage=com.android.systemui component=ComponentInfo{com.microsoft.teams/com.microsoft.skype.teams.Launcher} user=UserHandle{0}
11-10 15:53:28.092  1884  4398 D LauncherAppsService: getActivityLaunchIntent callingPackage=com.android.systemui component=ComponentInfo{com.microsoft.windowsintune.companyportal/com.microsoft.windowsintune.companyportal.views.SplashActivity} user=UserHandle{0}
11-10 15:53:28.096  1431  2167 W USF     : USF_API: Drop flicker data, cannot find sampling_id:84682!
11-10 15:53:28.097  1884  2112 D LauncherAppsService: getActivityLaunchIntent callingPackage=com.android.systemui component=ComponentInfo{com.mojang.minecraftpe/com.mojang.minecraftpe.MainActivity} user=UserHandle{0}
11-10 15:53:28.098  1884  4373 D LauncherAppsService: getActivityLaunchIntent callingPackage=com.android.systemui component=ComponentInfo{com.movile.playkids.pkxd/com.movile.playkids.pkxd.base.UnityPlayerActivity} user=UserHandle{0}
11-10 15:53:28.100 12933 12933 V BaseDepthController: Applying blur: 0 to Surface(name=com.google.android.apps.nexuslauncher/com.google.android.apps.nexuslauncher.NexusLauncherActivity)/@0x828e58a
11-10 15:53:28.101 29449 29484 I Finsky  : [1123] AIM: AppInfoManager-Perf > ItemModel > CacheSize=190, cacheHitCount=0, cacheMissCount=0, total appsWithNoServerDataCount=4. Missed  in cache (limit 10) : []
11-10 15:53:28.104  1884  2112 D LauncherAppsService: getActivityLaunchIntent callingPackage=com.android.systemui component=ComponentInfo{com.musicpay.app/com.musicpay.app.MainActivity} user=UserHandle{0}
11-10 15:53:28.106  1884  4398 D LauncherAppsService: getActivityLaunchIntent callingPackage=com.android.systemui component=ComponentInfo{com.netflix.mediaclient/com.netflix.mediaclient.ui.launch.UIWebViewActivity} user=UserHandle{0}
11-10 15:53:28.106  1431  2167 W USF     : USF_API: Drop flicker data, cannot find sampling_id:84682!
11-10 15:53:28.108  7880  7880 I ExecutorManager: ExecutorManager initialised with com.microsoft.skype.teams.services.threading.config.BaseExecutorConfig@f05f932
11-10 15:53:28.110  1884  2112 D LauncherAppsService: getActivityLaunchIntent callingPackage=com.android.systemui component=ComponentInfo{com.nexar.spider.web.shooting.puzzles/com.unity3d.player.UnityPlayerActivity} user=UserHandle{0}
11-10 15:53:28.112  1884  4372 D LauncherAppsService: getActivityLaunchIntent callingPackage=com.android.systemui component=ComponentInfo{com.okta.android.auth/com.okta.android.auth.activity.SplashActivity} user=UserHandle{0}
11-10 15:53:28.113  1884  4372 D LauncherAppsService: getActivityLaunchIntent callingPackage=com.android.systemui component=ComponentInfo{com.onebutton.mrsuper2/com.onebutton.cpp.AppActivity} user=UserHandle{0}
11-10 15:53:28.114  1884  4372 D LauncherAppsService: getActivityLaunchIntent callingPackage=com.android.systemui component=ComponentInfo{com.onepassword.android/com.onepassword.android.app.StartActivity} user=UserHandle{0}
11-10 15:53:28.115  1884  4372 D LauncherAppsService: getActivityLaunchIntent callingPackage=com.android.systemui component=ComponentInfo{com.openai.chatgpt/com.openai.chatgpt.MainActivity} user=UserHandle{0}
11-10 15:53:28.116  1884  4372 D LauncherAppsService: getActivityLaunchIntent callingPackage=com.android.systemui component=ComponentInfo{com.orange.contultauorange/com.orange.contultauorange.presentation.entry.EntryActivity} user=UserHandle{0}
11-10 15:53:28.116 12933 12933 V BaseDepthController: Applying blur: 0 to Surface(name=com.google.android.apps.nexuslauncher/com.google.android.apps.nexuslauncher.NexusLauncherActivity)/@0x828e58a
11-10 15:53:28.118  1431  2167 W USF     : USF_API: Drop flicker data, cannot find sampling_id:84682!
11-10 15:53:28.119  1884  4372 D LauncherAppsService: getActivityLaunchIntent callingPackage=com.android.systemui component=ComponentInfo{com.paurau.SlowMoRun/com.unity3d.player.UnityPlayerActivity} user=UserHandle{0}
11-10 15:53:28.119  1884  4372 D LauncherAppsService: getActivityLaunchIntent callingPackage=com.android.systemui component=ComponentInfo{com.rarlab.rar/com.rarlab.rar.MainActivity} user=UserHandle{0}
11-10 15:53:28.120  1884  4398 D LauncherAppsService: getActivityLaunchIntent callingPackage=com.android.systemui component=ComponentInfo{com.reddit.frontpage/launcher.default} user=UserHandle{0}
11-10 15:53:28.120  1884  4398 D LauncherAppsService: getActivityLaunchIntent callingPackage=com.android.systemui component=ComponentInfo{com.redhands.twoplayergames/com.unity3d.player.UnityPlayerActivity} user=UserHandle{0}
11-10 15:53:28.121 14132  7906 I EuiccGoogle: [1179] EuiccServiceImpl.onGetEuiccProfileInfoList: onGetEuiccProfileInfoList: Profile nickname = 1GLOBAL.
11-10 15:53:28.121  1884  4373 D LauncherAppsService: getActivityLaunchIntent callingPackage=com.android.systemui component=ComponentInfo{com.revolut.revolut/com.revolut.ui.login.pin.LoginActivity} user=UserHandle{0}
