11-10 15:16:56.255 13160 13206 W native  : W0000 00:00:1762780616.255459   13206 enrollment_manager_impl_utils.cc:85] No standalone TI-SID pipeline config found:INVALID_ARGUMENT: Could not determine LP directory.
11-10 15:16:56.255 13160 13206 W native  : === Source Location Trace: ===
11-10 15:16:56.255 13160 13206 W native  : speech/soda/utils/language_pack_utils.cc:391
11-10 15:16:56.255 13160 13206 W native  : W0000 00:00:1762780616.255538   13206 enrollment_manager_impl.cc:1341] Could not determine TI-SID version:INVALID_ARGUMENT: No provided LP directory.
11-10 15:16:56.255 13160 13206 W native  : === Source Location Trace: ===
11-10 15:16:56.255 13160 13206 W native  : speech/soda/utils/language_pack_utils.cc:310
11-10 15:16:56.255 13160 13206 W native  : speech/soda/speaker_id/enrollment/enrollment_manager_impl_utils.cc:98
11-10 15:16:56.255 13160 13206 W native  : W0000 00:00:1762780616.255594   13206 language_pack_utils.cc:222] Neither language pack directory nor config file path is set.
11-10 15:16:56.255 13160 13206 W native  : W0000 00:00:1762780616.255630   13206 enrollment_manager_impl_utils.cc:85] No standalone TI-SID pipeline config found:INVALID_ARGUMENT: Could not determine LP directory.
11-10 15:16:56.255 13160 13206 W native  : === Source Location Trace: ===
11-10 15:16:56.255 13160 13206 W native  : speech/soda/utils/language_pack_utils.cc:391
11-10 15:16:56.255 13160 13206 W native  : W0000 00:00:1762780616.255672   13206 enrollment_manager_impl.cc:1360] Unable to select ASR config path: INVALID_ARGUMENT: No provided LP directory.
11-10 15:16:56.255 13160 13206 W native  : === Source Location Trace: ===
11-10 15:16:56.255 13160 13206 W native  : speech/soda/utils/language_pack_utils.cc:310
11-10 15:16:56.255 13160 13206 I native  : I0000 00:00:1762780616.255731   13206 enrollment_manager_impl.cc:1067] Attempting to insert stored TD-SID profiles into config.
11-10 15:16:56.255 13160 13206 I native  : I0000 00:00:1762780616.255777   13206 enrollment_manager_impl.cc:1091] Found 0 speakers with existing TDSID models.
11-10 15:16:56.255 13160 13206 W native  : W0000 00:00:1762780616.255880   13206 enrollment_manager_impl.cc:1123] No valid TD-SID models found.
11-10 15:16:56.255 13160 13206 I native  : I0000 00:00:1762780616.255917   13206 enrollment_manager_impl.cc:1429] Retrieved stored TDSID models. Speakers requiring re-training:0
11-10 15:16:56.256 13160 13206 I native  : I0000 00:00:1762780616.256069   13206 enrollment_manager_impl.cc:1140] Attempting to insert stored TI-SID profiles into config.
11-10 15:16:56.256 13160 13206 I native  : I0000 00:00:1762780616.256117   13206 enrollment_manager_impl.cc:1165] Found 0 speakers with existing TI-SID models.
11-10 15:16:56.256 13160 13206 W native  : W0000 00:00:1762780616.256163   13206 enrollment_manager_impl.cc:1197] No valid TI-SID models found.
11-10 15:16:56.256 13160 13206 I native  : I0000 00:00:1762780616.256202   13206 enrollment_manager_impl.cc:1442] Retrieved stored TISID models. Speakers requiring re-training:0
11-10 15:16:56.256 13160 13206 I native  : I0000 00:00:1762780616.256241   13206 enrollment_manager_impl.cc:1452] Retrieved Server TISID models. 
11-10 15:16:56.256  1431  2167 W USF     : USF_API: Drop flicker data, cannot find sampling_id:84682!
11-10 15:16:56.258 13160 13200 I A       : (REDACTED) handleResponse for  %s user(s)
11-10 15:16:56.259 13160 13200 I A       : (REDACTED) Found SodaVmmmClassicWriter. Preparing to propagate model update for status: %s
11-10 15:16:56.259 13160 13200 I A       : Skipping model update propagation to SodaVmmmClassicWriter since speaker model did not change.
11-10 15:16:56.259 13160 13206 I native  : I0000 00:00:1762780616.259595   13206 enrollment_manager_impl.cc:468] Invoking listeners with updated speaker profiles.
11-10 15:16:56.259 13160 13199 I A       : getHotwordSpeakerIdModels
11-10 15:16:56.260 13160 13199 I crba    : Returning empty SpeakerId model
11-10 15:16:56.260 13160 13199 I crba    : #initialize
11-10 15:16:56.260 13160 13201 I efvp    : (REDACTED) [%s] SRM initial state for TD-SID: '%s'
11-10 15:16:56.262 10605 10699 I efwe    : (REDACTED) <<< [%s] Reading SodaResourceManager message with initial resourceIds: '%s.'
11-10 15:16:56.263 10605 10699 I efwe    : (REDACTED) <<< [%s] SodaResourceManager session emitted all requested resources: %s. Ok to terminate.
11-10 15:16:56.263 10605 10691 I efwe    : (REDACTED) <<< [%s] Reading SodaResourceManager message with initial resourceIds: '%s.'
11-10 15:16:56.263 10605 10691 I efwe    : (REDACTED) <<< [%s] SodaResourceManager session emitted all requested resources: %s. Ok to terminate.
11-10 15:16:56.265 10605 10691 I efwe    : (REDACTED) <<< [%s] Reading SodaResourceManager message with initial resourceIds: '%s.'
11-10 15:16:56.265 10605 10691 I efwe    : (REDACTED) <<< [%s] SodaResourceManager session emitted all requested resources: %s. Ok to terminate.
11-10 15:16:56.265 10605 10691 I efwe    : (REDACTED) <<< [%s] Reading SodaResourceManager message with initial resourceIds: '%s.'
11-10 15:16:56.265 10605 10691 I efwe    : (REDACTED) <<< [%s] SodaResourceManager session emitted all requested resources: %s. Ok to terminate.
11-10 15:16:56.266  1431  2167 W USF     : USF_API: Drop flicker data, cannot find sampling_id:84682!
11-10 15:16:56.268 13160 13197 I A       : #handleModelUpdate
11-10 15:16:56.268 13160 13197 I A       : (REDACTED) # of TDSID models received: %s
11-10 15:16:56.268 13160 13197 I A       : (REDACTED) Size of TI-SID model bytestring received: %s
11-10 15:16:56.269 13160 13197 I A       : (REDACTED) # of Server TI-SID voiceprints received: %s
11-10 15:16:56.276  1431  2167 W USF     : USF_API: Drop flicker data, cannot find sampling_id:84682!
11-10 15:16:56.286  1431  2167 W USF     : USF_API: Drop flicker data, cannot find sampling_id:84682!
11-10 15:16:56.296  1431  2167 W USF     : USF_API: Drop flicker data, cannot find sampling_id:84682!
11-10 15:16:56.306  1431  2167 W USF     : USF_API: Drop flicker data, cannot find sampling_id:84682!
11-10 15:16:56.307 13160 13176 I crba    : Didn't find an initialized EnrollmentManager. Updating config.
11-10 15:16:56.307 13160 13176 I A       : (REDACTED) updateConfig: Hotword present: %b, LP directory: %s
11-10 15:16:56.312 13160 13197 I native  : I0000 00:00:1762780616.312166   13197 enrollment_manager_impl.cc:455] UpdateConfigRequest with timeout: 0
11-10 15:16:56.316  1431  2167 W USF     : USF_API: Drop flicker data, cannot find sampling_id:84682!
11-10 15:16:56.326  1431  2167 W USF     : USF_API: Drop flicker data, cannot find sampling_id:84682!
11-10 15:16:56.336  1431  2167 W USF     : USF_API: Drop flicker data, cannot find sampling_id:84682!
11-10 15:16:56.346  1431  2167 W USF     : USF_API: Drop flicker data, cannot find sampling_id:84682!
11-10 15:16:56.358  1431  2167 W USF     : USF_API: Drop flicker data, cannot find sampling_id:84682!
11-10 15:16:56.364 13160 13206 E SpeechMicro: Hotword model is single-channel neuralnet.
11-10 15:16:56.368  1431  2167 W USF     : USF_API: Drop flicker data, cannot find sampling_id:84682!
11-10 15:16:56.368 13160 13206 I native  : I0000 00:00:1762780616.368657   13206 enrollment_manager_impl.cc:1324] A valid TD-SID creator already exists. No need to re-create.
11-10 15:16:56.369 13160 13206 I native  : I0000 00:00:1762780616.369222   13206 enrollment_manager_impl_utils.cc:81] Using standalone TI-SID pipeline config:/data/user/0/com.google.android.googlequicksearchbox/files/datadownload/shared/public/datadownloadfile_1702414361173/configs/ONDEVICE_LARGE_VOICE_MATCH.config
11-10 15:16:56.370 13160 13206 I native  : I0000 00:00:1762780616.369986   13206 enrollment_manager_impl.cc:1344] A valid TI-SID creator already exists. No need to re-create.
11-10 15:16:56.370 13160 13206 I native  : I0000 00:00:1762780616.370282   13206 enrollment_manager_impl_utils.cc:81] Using standalone TI-SID pipeline config:/data/user/0/com.google.android.googlequicksearchbox/files/datadownload/shared/public/datadownloadfile_1702414361173/configs/ONDEVICE_LARGE_VOICE_MATCH.config
11-10 15:16:56.370 13160 13206 I native  : I0000 00:00:1762780616.370339   13206 enrollment_manager_impl.cc:1067] Attempting to insert stored TD-SID profiles into config.
11-10 15:16:56.370 13160 13206 I native  : I0000 00:00:1762780616.370378   13206 enrollment_manager_impl.cc:1091] Found 0 speakers with existing TDSID models.
11-10 15:16:56.370 13160 13206 W native  : W0000 00:00:1762780616.370450   13206 enrollment_manager_impl.cc:1123] No valid TD-SID models found.
11-10 15:16:56.370 13160 13206 I native  : I0000 00:00:1762780616.370488   13206 enrollment_manager_impl.cc:1429] Retrieved stored TDSID models. Speakers requiring re-training:0
11-10 15:16:56.370 13160 13206 I native  : I0000 00:00:1762780616.370521   13206 enrollment_manager_impl.cc:1140] Attempting to insert stored TI-SID profiles into config.
11-10 15:16:56.370 13160 13206 I native  : I0000 00:00:1762780616.370552   13206 enrollment_manager_impl.cc:1165] Found 0 speakers with existing TI-SID models.
11-10 15:16:56.370 13160 13206 W native  : W0000 00:00:1762780616.370593   13206 enrollment_manager_impl.cc:1197] No valid TI-SID models found.
11-10 15:16:56.370 13160 13206 I native  : I0000 00:00:1762780616.370621   13206 enrollment_manager_impl.cc:1442] Retrieved stored TISID models. Speakers requiring re-training:0
11-10 15:16:56.370 13160 13206 I native  : I0000 00:00:1762780616.370657   13206 enrollment_manager_impl.cc:1452] Retrieved Server TISID models. 
11-10 15:16:56.371 13160 13197 I A       : (REDACTED) handleResponse for  %s user(s)
11-10 15:16:56.371 13160 13197 I A       : (REDACTED) Found SodaVmmmClassicWriter. Preparing to propagate model update for status: %s
11-10 15:16:56.371 13160 13197 I A       : Skipping model update propagation to SodaVmmmClassicWriter since speaker model did not change.
11-10 15:16:56.372 13160 13201 I A       : getHotwordSpeakerIdModels
11-10 15:16:56.372 13160 13201 I crba    : Returning empty SpeakerId model
11-10 15:16:56.372 13160 13200 I crba    : #initialize
11-10 15:16:56.372 13160 13206 I native  : I0000 00:00:1762780616.372615   13206 enrollment_manager_impl.cc:468] Invoking listeners with updated speaker profiles.
11-10 15:16:56.374 13160 13197 I A       : #handleModelUpdate
11-10 15:16:56.374 13160 13197 I A       : (REDACTED) # of TDSID models received: %s
11-10 15:16:56.374 13160 13197 I A       : (REDACTED) Size of TI-SID model bytestring received: %s
11-10 15:16:56.374 13160 13197 I A       : (REDACTED) # of Server TI-SID voiceprints received: %s
11-10 15:16:56.375 13160 13197 I crba    : #getTdsidModel
11-10 15:16:56.375 13160 13176 I crba    : Already has an initialized EnrollmentManager.
11-10 15:16:56.375 13160 13197 I A       : getTextIndependentSpeakerIdModels
11-10 15:16:56.376 13160 13200 I crba    : #initialize
11-10 15:16:56.377 13160 13184 I crba    : Didn't find an initialized EnrollmentManager. Updating config.
11-10 15:16:56.377 13160 13184 I A       : (REDACTED) updateConfig: Hotword present: %b, LP directory: %s
11-10 15:16:56.378  1431  2167 W USF     : USF_API: Drop flicker data, cannot find sampling_id:84682!
11-10 15:16:56.382 13160 13185 I native  : I0000 00:00:1762780616.382230   13185 enrollment_manager_impl.cc:455] UpdateConfigRequest with timeout: 0
11-10 15:16:56.388  1431  2167 W USF     : USF_API: Drop flicker data, cannot find sampling_id:84682!
11-10 15:16:56.395 10605 10699 I efwe    : (REDACTED) <<< [%s] Reading SodaResourceManager message with updated resourceIds: %s. Total set: %s
11-10 15:16:56.395 10605 10699 I efwe    : (REDACTED) <<< [%s] SodaResourceManager session emitted all requested resources: %s. Ok to terminate.
11-10 15:16:56.397  1431  2167 W USF     : USF_API: Drop flicker data, cannot find sampling_id:84682!
11-10 15:16:56.402 21379 28298 I bsf     : BLL finished for package: com.example.mobiledigger, score: 6.0, verdict: NOT_HARMFUL
11-10 15:16:56.403 21379 28298 I cip     : Finished new classification for package: com.example.mobiledigger, model: bll_1, verdict: NOT_HARMFUL, score: 6.0
11-10 15:16:56.407  1431  2167 W USF     : USF_API: Drop flicker data, cannot find sampling_id:84682!
11-10 15:16:56.408  1428  2108 D BTAudioSessionAidl: GetSupportedLatencyModes - Supported LatencyMode= FREE
11-10 15:16:56.415 13160 13206 E SpeechMicro: Hotword model is single-channel neuralnet.
11-10 15:16:56.417  1431  2167 W USF     : USF_API: Drop flicker data, cannot find sampling_id:84682!
11-10 15:16:56.419 13160 13206 I native  : I0000 00:00:1762780616.419391   13206 enrollment_manager_impl.cc:1324] A valid TD-SID creator already exists. No need to re-create.
11-10 15:16:56.419 13160 13206 I native  : I0000 00:00:1762780616.419875   13206 enrollment_manager_impl_utils.cc:81] Using standalone TI-SID pipeline config:/data/user/0/com.google.android.googlequicksearchbox/files/datadownload/shared/public/datadownloadfile_1702414361173/configs/ONDEVICE_LARGE_VOICE_MATCH.config
11-10 15:16:56.420 13160 13206 I native  : I0000 00:00:1762780616.420719   13206 enrollment_manager_impl.cc:1344] A valid TI-SID creator already exists. No need to re-create.
11-10 15:16:56.420 13160 13206 I native  : I0000 00:00:1762780616.420928   13206 enrollment_manager_impl_utils.cc:81] Using standalone TI-SID pipeline config:/data/user/0/com.google.android.googlequicksearchbox/files/datadownload/shared/public/datadownloadfile_1702414361173/configs/ONDEVICE_LARGE_VOICE_MATCH.config
11-10 15:16:56.420 13160 13206 I native  : I0000 00:00:1762780616.420974   13206 enrollment_manager_impl.cc:1067] Attempting to insert stored TD-SID profiles into config.
11-10 15:16:56.421 13160 13206 I native  : I0000 00:00:1762780616.421005   13206 enrollment_manager_impl.cc:1091] Found 0 speakers with existing TDSID models.
11-10 15:16:56.421 13160 13206 W native  : W0000 00:00:1762780616.421061   13206 enrollment_manager_impl.cc:1123] No valid TD-SID models found.
11-10 15:16:56.421 13160 13206 I native  : I0000 00:00:1762780616.421092   13206 enrollment_manager_impl.cc:1429] Retrieved stored TDSID models. Speakers requiring re-training:0
11-10 15:16:56.421 13160 13206 I native  : I0000 00:00:1762780616.421118   13206 enrollment_manager_impl.cc:1140] Attempting to insert stored TI-SID profiles into config.
11-10 15:16:56.421 13160 13206 I native  : I0000 00:00:1762780616.421142   13206 enrollment_manager_impl.cc:1165] Found 0 speakers with existing TI-SID models.
11-10 15:16:56.421 13160 13206 W native  : W0000 00:00:1762780616.421173   13206 enrollment_manager_impl.cc:1197] No valid TI-SID models found.
11-10 15:16:56.421 13160 13206 I native  : I0000 00:00:1762780616.421196   13206 enrollment_manager_impl.cc:1442] Retrieved stored TISID models. Speakers requiring re-training:0
11-10 15:16:56.421 13160 13206 I native  : I0000 00:00:1762780616.421225   13206 enrollment_manager_impl.cc:1452] Retrieved Server TISID models. 
11-10 15:16:56.422 13160 13185 I A       : (REDACTED) handleResponse for  %s user(s)
11-10 15:16:56.422 13160 13185 I A       : (REDACTED) Found SodaVmmmClassicWriter. Preparing to propagate model update for status: %s
11-10 15:16:56.422 13160 13185 I A       : Skipping model update propagation to SodaVmmmClassicWriter since speaker model did not change.
11-10 15:16:56.422 13160 13185 I A       : getHotwordSpeakerIdModels
11-10 15:16:56.423 13160 13185 I crba    : Returning empty SpeakerId model
11-10 15:16:56.423 13160 13206 I native  : I0000 00:00:1762780616.423402   13206 enrollment_manager_impl.cc:468] Invoking listeners with updated speaker profiles.
11-10 15:16:56.424 13160 13201 I efst    : (REDACTED) [%s] No SpeakerId model found
11-10 15:16:56.424 13160 13197 I A       : #handleModelUpdate
11-10 15:16:56.424 13160 13197 I A       : (REDACTED) # of TDSID models received: %s
11-10 15:16:56.424 13160 13197 I A       : (REDACTED) Size of TI-SID model bytestring received: %s
11-10 15:16:56.424 13160 13197 I A       : (REDACTED) # of Server TI-SID voiceprints received: %s
11-10 15:16:56.425  1428  5918 I ASvc::AudioExtension: getDcHandler
11-10 15:16:56.426 13160 13199 I crba    : #getTdsidModel
11-10 15:16:56.426  1428  5918 I ASvc::DcHandler: setIsAnyPlaybackActive: false
11-10 15:16:56.426 13160 13199 I crba    : #initialize
11-10 15:16:56.427  1431  2167 W USF     : USF_API: Drop flicker data, cannot find sampling_id:84682!
11-10 15:16:56.434 13160 13184 I crba    : Didn't find an initialized EnrollmentManager. Updating config.
11-10 15:16:56.435 13160 13184 I A       : (REDACTED) updateConfig: Hotword present: %b, LP directory: %s
11-10 15:16:56.437  1431  2167 W USF     : USF_API: Drop flicker data, cannot find sampling_id:84682!
11-10 15:16:56.440 10605 10691 I efwe    : (REDACTED) <<< [%s] Reading SodaResourceManager message with updated resourceIds: %s. Total set: %s
11-10 15:16:56.440 10605 10691 I efwe    : (REDACTED) <<< [%s] SodaResourceManager session emitted all requested resources: %s. Ok to terminate.
11-10 15:16:56.442 21379 28298 I brb     : Work finished, result: Result(successCount=1, failureCount=0), latency: PT2.371S
11-10 15:16:56.444 13160 13202 I native  : I0000 00:00:1762780616.443808   13202 enrollment_manager_impl.cc:455] UpdateConfigRequest with timeout: 0
11-10 15:16:56.447  1431  2167 W USF     : USF_API: Drop flicker data, cannot find sampling_id:84682!
11-10 15:16:56.450 21379 21428 I brn     : Finished work type: HANDLE_PACKAGES_CHANGED, success: true, latency: PT2.389S
11-10 15:16:56.451 21379 21379 I WorkService: Stopping the work service
11-10 15:16:56.453  1884  1917 W ForegroundServiceTypeLoggerModule: FGS stop call for: 10154 has no types!
11-10 15:16:56.455  1884  2730 D BackgroundInstallControlService: Package event received: 0
11-10 15:16:56.456  1431  2167 W USF     : USF_API: Drop flicker data, cannot find sampling_id:84682!
11-10 15:16:56.459 21379 21379 I WorkService: Work service moved out of the foreground
11-10 15:16:56.462 21379 21379 I WorkService: Work service destroyed
11-10 15:16:56.463 21379 21379 I civ     : Stopping watchdog: work-service, completed in time
11-10 15:16:56.465  1884  2730 D BackgroundInstallControlService: Package event received: 0
11-10 15:16:56.466  1431  2167 W USF     : USF_API: Drop flicker data, cannot find sampling_id:84682!
11-10 15:16:56.467  1428  5918 D AHal::UseCase: SetActiveTracks: update primary-playback active tracks(0)
11-10 15:16:56.468  1428  5918 I StHal::SoundTriggerHal: ProcessStreamMetadata: active usage tracks: 0
11-10 15:16:56.468  1428  5918 D BTAudioSessionAidl: UpdateSourceMetadata - SessionType=LE_AUDIO_HARDWARE_OFFLOAD_ENCODING_DATAPATH has NO session
11-10 15:16:56.468  1428  5918 D BTAudioSessionAidl: GetSupportedLatencyModes - SessionType=LE_AUDIO_HARDWARE_OFFLOAD_ENCODING_DATAPATH has NO session
11-10 15:16:56.468  1428  5918 D BTAudioSessionAidl: SetLatencyMode - SessionType=LE_AUDIO_HARDWARE_OFFLOAD_ENCODING_DATAPATH has NO session
11-10 15:16:56.468  1428  5918 D BTAudioSessionAidl: GetSupportedLatencyModes - Supported LatencyMode= FREE
11-10 15:16:56.468 14050 25444 I bluetooth-a2dp: system/btif/src/btif_av.cc:4061 btif_av_set_low_latency: active_peer=xx:xx:xx:xx:0f:4f is_low_latency=false
11-10 15:16:56.469 14050 14084 I BluetoothAdapterService: getActiveDevices: A2dp device: XX:XX:XX:XX:0F:4F
11-10 15:16:56.469 14050 14071 I bluetooth-a2dp: system/btif/src/btif_av.cc:3067 btif_av_handle_event: peer=xx:xx:xx:xx:0f:4f handle=0x0 event=BTIF_AV_SET_LATENCY_REQ_EVT(0x25)
11-10 15:16:56.469 14050 14071 I bluetooth-a2dp: system/btif/src/btif_av.cc:2492 ProcessEvent: state=Started peer=xx:xx:xx:xx:0f:4f event=BTIF_AV_SET_LATENCY_REQ_EVT(0x25) flags=0x0(None) active_peer=true
11-10 15:16:56.469 14050 14071 I bluetooth-a2dp: system/btif/src/btif_av.cc:2671 ProcessEvent: Peer xx:xx:xx:xx:0f:4f : event=BTIF_AV_SET_LATENCY_REQ_EVT(0x25) flags=0x0(None) is_low_latency=false
11-10 15:16:56.469 14050 14071 I bluetooth-a2dp: system/bta/av/bta_av_api.cc:612 BTA_AvSetLatency: Set audio/video stream low latency bta_handle:65, is_low_latency:false
11-10 15:16:56.469 14050 14071 I bt_l2cap: system/stack/l2cap/l2c_api.cc:1040 L2CA_SetAclLatency: BDA: xx:xx:xx:xx:0f:4f, latency: 0
11-10 15:16:56.469 14050 14071 I l2c_utils: system/stack/l2cap/l2c_utils.cc:2538 l2cu_set_acl_latency: Set ACL low latency: 0
11-10 15:16:56.476  1431  2167 W USF     : USF_API: Drop flicker data, cannot find sampling_id:84682!
11-10 15:16:56.485 13160 13206 E SpeechMicro: Hotword model is single-channel neuralnet.
11-10 15:16:56.486  1431  2167 W USF     : USF_API: Drop flicker data, cannot find sampling_id:84682!
11-10 15:16:56.488 13160 13206 I native  : I0000 00:00:1762780616.488252   13206 enrollment_manager_impl.cc:1324] A valid TD-SID creator already exists. No need to re-create.
11-10 15:16:56.488 13160 13206 I native  : I0000 00:00:1762780616.488729   13206 enrollment_manager_impl_utils.cc:81] Using standalone TI-SID pipeline config:/data/user/0/com.google.android.googlequicksearchbox/files/datadownload/shared/public/datadownloadfile_1702414361173/configs/ONDEVICE_LARGE_VOICE_MATCH.config
11-10 15:16:56.489 13160 13206 I native  : I0000 00:00:1762780616.489357   13206 enrollment_manager_impl.cc:1344] A valid TI-SID creator already exists. No need to re-create.
11-10 15:16:56.489 13160 13206 I native  : I0000 00:00:1762780616.489556   13206 enrollment_manager_impl_utils.cc:81] Using standalone TI-SID pipeline config:/data/user/0/com.google.android.googlequicksearchbox/files/datadownload/shared/public/datadownloadfile_1702414361173/configs/ONDEVICE_LARGE_VOICE_MATCH.config
11-10 15:16:56.489 13160 13206 I native  : I0000 00:00:1762780616.489596   13206 enrollment_manager_impl.cc:1067] Attempting to insert stored TD-SID profiles into config.
11-10 15:16:56.489 13160 13206 I native  : I0000 00:00:1762780616.489619   13206 enrollment_manager_impl.cc:1091] Found 0 speakers with existing TDSID models.
11-10 15:16:56.489 13160 13206 W native  : W0000 00:00:1762780616.489670   13206 enrollment_manager_impl.cc:1123] No valid TD-SID models found.
11-10 15:16:56.489 13160 13206 I native  : I0000 00:00:1762780616.489689   13206 enrollment_manager_impl.cc:1429] Retrieved stored TDSID models. Speakers requiring re-training:0
11-10 15:16:56.489 13160 13206 I native  : I0000 00:00:1762780616.489706   13206 enrollment_manager_impl.cc:1140] Attempting to insert stored TI-SID profiles into config.
11-10 15:16:56.489 13160 13206 I native  : I0000 00:00:1762780616.489723   13206 enrollment_manager_impl.cc:1165] Found 0 speakers with existing TI-SID models.
11-10 15:16:56.489 13160 13206 W native  : W0000 00:00:1762780616.489740   13206 enrollment_manager_impl.cc:1197] No valid TI-SID models found.
11-10 15:16:56.489 13160 13206 I native  : I0000 00:00:1762780616.489754   13206 enrollment_manager_impl.cc:1442] Retrieved stored TISID models. Speakers requiring re-training:0
11-10 15:16:56.489 13160 13206 I native  : I0000 00:00:1762780616.489772   13206 enrollment_manager_impl.cc:1452] Retrieved Server TISID models. 
11-10 15:16:56.490 13160 13202 I A       : (REDACTED) handleResponse for  %s user(s)
11-10 15:16:56.490 13160 13206 I native  : I0000 00:00:1762780616.490805   13206 enrollment_manager_impl.cc:468] Invoking listeners with updated speaker profiles.
11-10 15:16:56.491 13160 13202 I A       : (REDACTED) Found SodaVmmmClassicWriter. Preparing to propagate model update for status: %s
11-10 15:16:56.493 13160 13202 I A       : Skipping model update propagation to SodaVmmmClassicWriter since speaker model did not change.
11-10 15:16:56.493 13160 13202 I A       : #handleModelUpdate
11-10 15:16:56.493 13160 13202 I A       : (REDACTED) # of TDSID models received: %s
11-10 15:16:56.493 13160 13202 I A       : (REDACTED) Size of TI-SID model bytestring received: %s
11-10 15:16:56.495 13160 13202 I A       : (REDACTED) # of Server TI-SID voiceprints received: %s
11-10 15:16:56.496 13160 13185 I A       : getHotwordSpeakerIdModels
11-10 15:16:56.496  1431  2167 W USF     : USF_API: Drop flicker data, cannot find sampling_id:84682!
11-10 15:16:56.496 13160 13185 I crba    : Returning empty SpeakerId model
11-10 15:16:56.496 13160 13185 I crba    : #getTdsidModel
11-10 15:16:56.497 13160 13185 I crba    : #initialize
11-10 15:16:56.498 13160 13184 I crba    : Didn't find an initialized EnrollmentManager. Updating config.
11-10 15:16:56.499 13160 13184 I A       : (REDACTED) updateConfig: Hotword present: %b, LP directory: %s
11-10 15:16:56.503 13160 13185 I native  : I0000 00:00:1762780616.503383   13185 enrollment_manager_impl.cc:455] UpdateConfigRequest with timeout: 0
11-10 15:16:56.505 13160 13185 I efst    : (REDACTED) [%s] All resources wrote to PDS and notified client.
11-10 15:16:56.505 13160 13185 I efst    : (REDACTED) [%s] hotwordLatency: %d, tdsidLatency: %d, All resources latency: %d
11-10 15:16:56.506  1431  2167 W USF     : USF_API: Drop flicker data, cannot find sampling_id:84682!
11-10 15:16:56.506 13160 13183 I efwr    : (REDACTED) [%s] Returning ResourceResponse.
11-10 15:16:56.508 10605 10699 I efwe    : (REDACTED) [%s] SRM session terminated after all resources accounted for: %s.
11-10 15:16:56.515  1431  2167 W USF     : USF_API: Drop flicker data, cannot find sampling_id:84682!
11-10 15:16:56.524 10605 10643 I efdd    : #updateSodaResourcesWithoutReload
11-10 15:16:56.524 10605 10689 I efdd    : #updateSodaResourcesWithoutReload inside sequencer
11-10 15:16:56.525  1431  2167 W USF     : USF_API: Drop flicker data, cannot find sampling_id:84682!
11-10 15:16:56.531 10605 10643 I efdd    : #checkAsrCompatibility inside sequencer
11-10 15:16:56.531 10605 10643 I efdd    : (REDACTED) #checkAsrCompatibility initializing Soda. Locale: %s. Expected LP version: %d
11-10 15:16:56.531 10605 10643 I efdd    : (REDACTED) Soda cache directory: %s
11-10 15:16:56.531 10605 10643 I efdd    : Hotmatch disabled: flag not enabled
11-10 15:16:56.532 10605 10643 I efqq    : SODA instance exists and matches params. Updating callbacks and returning preloaded instance.
11-10 15:16:56.533 10605 10643 I efdd    : #checkAsrCompatibility successful!
11-10 15:16:56.533 10605 10643 I efed    : Compatcheck success for background update.
11-10 15:16:56.534 10605 10643 I efdd    : #backgroundUpdate
11-10 15:16:56.534 10605 10670 I efdd    : #backgroundUpdate inside sequencer
11-10 15:16:56.534 10605 10643 I efdd    : #backgroundUpdate using the existing ASR soda instance.
11-10 15:16:56.534 13160 13206 E SpeechMicro: Hotword model is single-channel neuralnet.
11-10 15:16:56.535  1431  2167 W USF     : USF_API: Drop flicker data, cannot find sampling_id:84682!
11-10 15:16:56.537 13160 13206 I native  : I0000 00:00:1762780616.537300   13206 enrollment_manager_impl.cc:1324] A valid TD-SID creator already exists. No need to re-create.
11-10 15:16:56.537 13160 13206 I native  : I0000 00:00:1762780616.537819   13206 enrollment_manager_impl_utils.cc:81] Using standalone TI-SID pipeline config:/data/user/0/com.google.android.googlequicksearchbox/files/datadownload/shared/public/datadownloadfile_1702414361173/configs/ONDEVICE_LARGE_VOICE_MATCH.config
11-10 15:16:56.538 13160 13206 I native  : I0000 00:00:1762780616.538458   13206 enrollment_manager_impl.cc:1344] A valid TI-SID creator already exists. No need to re-create.
11-10 15:16:56.538 13160 13206 I native  : I0000 00:00:1762780616.538648   13206 enrollment_manager_impl_utils.cc:81] Using standalone TI-SID pipeline config:/data/user/0/com.google.android.googlequicksearchbox/files/datadownload/shared/public/datadownloadfile_1702414361173/configs/ONDEVICE_LARGE_VOICE_MATCH.config
11-10 15:16:56.538 13160 13206 I native  : I0000 00:00:1762780616.538705   13206 enrollment_manager_impl.cc:1067] Attempting to insert stored TD-SID profiles into config.
11-10 15:16:56.538 13160 13206 I native  : I0000 00:00:1762780616.538730   13206 enrollment_manager_impl.cc:1091] Found 0 speakers with existing TDSID models.
11-10 15:16:56.538 13160 13206 W native  : W0000 00:00:1762780616.538840   13206 enrollment_manager_impl.cc:1123] No valid TD-SID models found.
11-10 15:16:56.538 13160 13206 I native  : I0000 00:00:1762780616.538863   13206 enrollment_manager_impl.cc:1429] Retrieved stored TDSID models. Speakers requiring re-training:0
11-10 15:16:56.538 13160 13206 I native  : I0000 00:00:1762780616.538880   13206 enrollment_manager_impl.cc:1140] Attempting to insert stored TI-SID profiles into config.
11-10 15:16:56.538 13160 13206 I native  : I0000 00:00:1762780616.538896   13206 enrollment_manager_impl.cc:1165] Found 0 speakers with existing TI-SID models.
11-10 15:16:56.538 13160 13206 W native  : W0000 00:00:1762780616.538913   13206 enrollment_manager_impl.cc:1197] No valid TI-SID models found.
11-10 15:16:56.538 13160 13206 I native  : I0000 00:00:1762780616.538926   13206 enrollment_manager_impl.cc:1442] Retrieved stored TISID models. Speakers requiring re-training:0
11-10 15:16:56.538 13160 13206 I native  : I0000 00:00:1762780616.538945   13206 enrollment_manager_impl.cc:1452] Retrieved Server TISID models. 
11-10 15:16:56.539 13160 13201 I A       : (REDACTED) handleResponse for  %s user(s)
11-10 15:16:56.540 13160 13206 I native  : I0000 00:00:1762780616.540070   13206 enrollment_manager_impl.cc:468] Invoking listeners with updated speaker profiles.
11-10 15:16:56.540 13160 13201 I A       : (REDACTED) Found SodaVmmmClassicWriter. Preparing to propagate model update for status: %s
11-10 15:16:56.540 13160 13201 I A       : Skipping model update propagation to SodaVmmmClassicWriter since speaker model did not change.
11-10 15:16:56.540 13160 13201 I A       : #handleModelUpdate
11-10 15:16:56.541 13160 13201 I A       : (REDACTED) # of TDSID models received: %s
11-10 15:16:56.541 13160 13201 I A       : (REDACTED) Size of TI-SID model bytestring received: %s
11-10 15:16:56.541 13160 13201 I A       : (REDACTED) # of Server TI-SID voiceprints received: %s
11-10 15:16:56.542 13160 13201 I A       : getHotwordSpeakerIdModels
11-10 15:16:56.542 13160 13201 I crba    : Returning empty SpeakerId model
11-10 15:16:56.542 13160 13185 I efvp    : (REDACTED) [%s] No Tdsid update occurred. Skipping callback(s)
11-10 15:16:56.544 10605 10643 I native  : I0000 00:00:1762780616.544230   10643 context-module-impl.cc:801] Update context input. (Proto:MessageLite at 0xb40000713c5cd100)
11-10 15:16:56.546  1431  2167 W USF     : USF_API: Drop flicker data, cannot find sampling_id:84682!
11-10 15:16:56.548 10605 10643 I native  : I0000 00:00:1762780616.548680   10643 context-module-impl.cc:808] Update context input for public scope. (Proto:MessageLite at 0xb40000713c5cd100)
11-10 15:16:56.550 10605 10643 I efed    : #backgroundBiasingUpdate succeeded.
11-10 15:16:56.553 10605 10674 I easx    : (REDACTED) AppFlow %s is about to be transmitted
11-10 15:16:56.556  1431  2167 W USF     : USF_API: Drop flicker data, cannot find sampling_id:84682!
11-10 15:16:56.560 10605 10699 I duyt    : (REDACTED) Sending speech biasing context update to SODA with locale %s. %s
11-10 15:16:56.564 10605 10689 I efed    : (REDACTED) #getSodaAsrUpdateRequest inserting app domain: %s
11-10 15:16:56.565  1431  2167 W USF     : USF_API: Drop flicker data, cannot find sampling_id:84682!
11-10 15:16:56.567 10605 10674 I efdd    : #checkAsrCompatibility inside sequencer
11-10 15:16:56.568 10605 10674 I efdd    : (REDACTED) #checkAsrCompatibility initializing Soda. Locale: %s. Expected LP version: %d
11-10 15:16:56.568 10605 10674 I efdd    : (REDACTED) Soda cache directory: %s
11-10 15:16:56.568 10605 10674 I efdd    : Hotmatch disabled: flag not enabled
11-10 15:16:56.568 10605 10629 W Binder  : Caught a RuntimeException from the binder stub implementation.
11-10 15:16:56.568 10605 10629 W Binder  : java.lang.UnsupportedOperationException
11-10 15:16:56.568 10605 10629 W Binder  : 	at cfvo.a(PG:3)
11-10 15:16:56.568 10605 10629 W Binder  : 	at cfvo.dispatchTransaction(PG:33)
11-10 15:16:56.568 10605 10629 W Binder  : 	at pxv.onTransact(PG:13)
11-10 15:16:56.568 10605 10629 W Binder  : 	at android.os.Binder.execTransactInternal(Binder.java:1446)
11-10 15:16:56.568 10605 10629 W Binder  : 	at android.os.Binder.execTransact(Binder.java:1385)
11-10 15:16:56.569 10605 10674 I efqq    : SODA instance exists and matches params. Updating callbacks and returning preloaded instance.
11-10 15:16:56.570 10605 10674 I efdd    : #checkAsrCompatibility successful!
11-10 15:16:56.575  1431  2167 W USF     : USF_API: Drop flicker data, cannot find sampling_id:84682!
11-10 15:16:56.581 10605 10674 I efed    : Compatcheck success for background update.
11-10 15:16:56.582 10605 10674 I efdd    : #backgroundUpdate
11-10 15:16:56.582 10605 10670 I efdd    : #backgroundUpdate inside sequencer
11-10 15:16:56.582 10605 10670 I efdd    : #backgroundUpdate using the existing ASR soda instance.
11-10 15:16:56.585  1431  2167 W USF     : USF_API: Drop flicker data, cannot find sampling_id:84682!
11-10 15:16:56.595  1431  2167 W USF     : USF_API: Drop flicker data, cannot find sampling_id:84682!
11-10 15:16:56.605  1431  2167 W USF     : USF_API: Drop flicker data, cannot find sampling_id:84682!
11-10 15:16:56.605 10605 10670 I native  : I0000 00:00:1762780616.605272   10670 context-module-impl.cc:801] Update context input. (Proto:MessageLite at 0xb40000713c5e6cf0)
11-10 15:16:56.610 10605 10670 I native  : I0000 00:00:1762780616.610188   10670 context-module-impl.cc:808] Update context input for public scope. (Proto:MessageLite at 0xb40000713c5e6cf0)
11-10 15:16:56.611 10605 10670 I efed    : #backgroundBiasingUpdate succeeded.
11-10 15:16:56.612 10605 10690 I duyt    : (REDACTED) Sending speech biasing context update to SODA with locale %s. %s
11-10 15:16:56.615 10605 10690 I efed    : (REDACTED) #getSodaAsrUpdateRequest inserting app domain: %s
11-10 15:16:56.615  1431  2167 W USF     : USF_API: Drop flicker data, cannot find sampling_id:84682!
11-10 15:16:56.616 10605 10643 I efdd    : #checkAsrCompatibility inside sequencer
11-10 15:16:56.616 10605 10643 I efdd    : (REDACTED) #checkAsrCompatibility initializing Soda. Locale: %s. Expected LP version: %d
11-10 15:16:56.616 10605 10643 I efdd    : (REDACTED) Soda cache directory: %s
11-10 15:16:56.617 10605 10643 I efdd    : Hotmatch disabled: flag not enabled
11-10 15:16:56.617 10605 10643 I efqq    : SODA instance exists and matches params. Updating callbacks and returning preloaded instance.
11-10 15:16:56.617 10605 10643 I efdd    : #checkAsrCompatibility successful!
11-10 15:16:56.618  1428  2108 D BTAudioSessionAidl: GetSupportedLatencyModes - Supported LatencyMode= FREE
11-10 15:16:56.618 10605 10643 I efed    : Compatcheck success for background update.
11-10 15:16:56.618 10605 10643 I efdd    : #backgroundUpdate
11-10 15:16:56.618 10605 10643 I efdd    : #backgroundUpdate inside sequencer
11-10 15:16:56.619 10605 10674 I efdd    : #backgroundUpdate using the existing ASR soda instance.
11-10 15:16:56.619 10605 10674 I efed    : #backgroundBiasingUpdate succeeded.
11-10 15:16:56.625  1431  2167 W USF     : USF_API: Drop flicker data, cannot find sampling_id:84682!
11-10 15:16:56.625 10605 10691 I duyt    : (REDACTED) SODA speech biasing context update for %s is complete. %s
11-10 15:16:56.626 10605 10674 I efdd    : #checkAsrCompatibility inside sequencer
11-10 15:16:56.626 10605 10674 I efdd    : (REDACTED) #checkAsrCompatibility initializing Soda. Locale: %s. Expected LP version: %d
11-10 15:16:56.626 10605 10674 I efdd    : (REDACTED) Soda cache directory: %s
11-10 15:16:56.626 10605 10674 I efdd    : Hotmatch disabled: flag not enabled
11-10 15:16:56.627 10605 10674 I efqq    : SODA instance exists and matches params. Updating callbacks and returning preloaded instance.
11-10 15:16:56.627 10605 10674 I efdd    : #checkAsrCompatibility successful!
11-10 15:16:56.628 10605 10691 I duye    : (REDACTED) Successfully scheduled context update for key: %s for %s.
11-10 15:16:56.629 10605 10643 I efed    : Compatcheck success for background update.
11-10 15:16:56.629 10605 10643 I efdd    : #backgroundUpdate
11-10 15:16:56.629 10605 10643 I efdd    : #backgroundUpdate inside sequencer
11-10 15:16:56.630 10605 10640 I easx    : (REDACTED) AppFlow %s is about to be transmitted
11-10 15:16:56.630 10605 10674 I efdd    : #backgroundUpdate using the existing ASR soda instance.
11-10 15:16:56.630 10605 10674 I efed    : #backgroundBiasingUpdate succeeded.
11-10 15:16:56.631 10605 10699 I duyt    : (REDACTED) SODA speech biasing context update for %s is complete. %s
11-10 15:16:56.632 10605 10699 I duye    : (REDACTED) Successfully scheduled context update for key: %s for %s.
11-10 15:16:56.635  1431  2167 W USF     : USF_API: Drop flicker data, cannot find sampling_id:84682!
11-10 15:16:56.637 10605 10640 I easx    : (REDACTED) AppFlow %s is about to be transmitted
11-10 15:16:56.638 10605 10640 I easx    : (REDACTED) AppFlow %s is about to be transmitted
11-10 15:16:56.638 10605 10629 W Binder  : Caught a RuntimeException from the binder stub implementation.
11-10 15:16:56.638 10605 10629 W Binder  : java.lang.UnsupportedOperationException
11-10 15:16:56.638 10605 10629 W Binder  : 	at cfvo.a(PG:3)
11-10 15:16:56.638 10605 10629 W Binder  : 	at cfvo.dispatchTransaction(PG:33)
11-10 15:16:56.638 10605 10629 W Binder  : 	at pxv.onTransact(PG:13)
11-10 15:16:56.638 10605 10629 W Binder  : 	at android.os.Binder.execTransactInternal(Binder.java:1446)
11-10 15:16:56.638 10605 10629 W Binder  : 	at android.os.Binder.execTransact(Binder.java:1385)
11-10 15:16:56.642 10605 10640 I easx    : (REDACTED) AppFlow %s is about to be transmitted
11-10 15:16:56.643 10605 10640 I easx    : (REDACTED) AppFlow %s is about to be transmitted
11-10 15:16:56.645  1431  2167 W USF     : USF_API: Drop flicker data, cannot find sampling_id:84682!
11-10 15:16:56.648 10605 10629 W Binder  : Caught a RuntimeException from the binder stub implementation.
11-10 15:16:56.648 10605 10629 W Binder  : java.lang.UnsupportedOperationException
11-10 15:16:56.648 10605 10629 W Binder  : 	at cfvo.a(PG:3)
11-10 15:16:56.648 10605 10629 W Binder  : 	at cfvo.dispatchTransaction(PG:33)
11-10 15:16:56.648 10605 10629 W Binder  : 	at pxv.onTransact(PG:13)
11-10 15:16:56.648 10605 10629 W Binder  : 	at android.os.Binder.execTransactInternal(Binder.java:1446)
11-10 15:16:56.648 10605 10629 W Binder  : 	at android.os.Binder.execTransact(Binder.java:1385)
11-10 15:16:56.651 10605 10629 W Binder  : Caught a RuntimeException from the binder stub implementation.
11-10 15:16:56.651 10605 10629 W Binder  : java.lang.UnsupportedOperationException
11-10 15:16:56.651 10605 10629 W Binder  : 	at cfvo.a(PG:3)
11-10 15:16:56.651 10605 10629 W Binder  : 	at cfvo.dispatchTransaction(PG:33)
11-10 15:16:56.651 10605 10629 W Binder  : 	at pxv.onTransact(PG:13)
11-10 15:16:56.651 10605 10629 W Binder  : 	at android.os.Binder.execTransactInternal(Binder.java:1446)
11-10 15:16:56.651 10605 10629 W Binder  : 	at android.os.Binder.execTransact(Binder.java:1385)
11-10 15:16:56.653 10605 22411 W Binder  : Caught a RuntimeException from the binder stub implementation.
11-10 15:16:56.653 10605 22411 W Binder  : java.lang.UnsupportedOperationException
11-10 15:16:56.653 10605 22411 W Binder  : 	at cfvo.a(PG:3)
11-10 15:16:56.653 10605 22411 W Binder  : 	at cfvo.dispatchTransaction(PG:33)
11-10 15:16:56.653 10605 22411 W Binder  : 	at pxv.onTransact(PG:13)
11-10 15:16:56.653 10605 22411 W Binder  : 	at android.os.Binder.execTransactInternal(Binder.java:1446)
11-10 15:16:56.653 10605 22411 W Binder  : 	at android.os.Binder.execTransact(Binder.java:1385)
11-10 15:16:56.654 10605 10629 W Binder  : Caught a RuntimeException from the binder stub implementation.
11-10 15:16:56.654 10605 10629 W Binder  : java.lang.UnsupportedOperationException
11-10 15:16:56.654 10605 10629 W Binder  : 	at cfvo.a(PG:3)
11-10 15:16:56.654 10605 10629 W Binder  : 	at cfvo.dispatchTransaction(PG:33)
11-10 15:16:56.654 10605 10629 W Binder  : 	at pxv.onTransact(PG:13)
11-10 15:16:56.654 10605 10629 W Binder  : 	at android.os.Binder.execTransactInternal(Binder.java:1446)
11-10 15:16:56.654 10605 10629 W Binder  : 	at android.os.Binder.execTransact(Binder.java:1385)
11-10 15:16:56.655  1431  2167 W USF     : USF_API: Drop flicker data, cannot find sampling_id:84682!
11-10 15:16:56.665  1431  2167 W USF     : USF_API: Drop flicker data, cannot find sampling_id:84682!
11-10 15:16:56.675  1431  2167 W USF     : USF_API: Drop flicker data, cannot find sampling_id:84682!
11-10 15:16:56.685  1431  2167 W USF     : USF_API: Drop flicker data, cannot find sampling_id:84682!
11-10 15:16:56.696  1431  2167 W USF     : USF_API: Drop flicker data, cannot find sampling_id:84682!
11-10 15:16:56.705  1431  2167 W USF     : USF_API: Drop flicker data, cannot find sampling_id:84682!
11-10 15:16:56.715  1431  2167 W USF     : USF_API: Drop flicker data, cannot find sampling_id:84682!
11-10 15:16:56.725  1431  2167 W USF     : USF_API: Drop flicker data, cannot find sampling_id:84682!
11-10 15:16:56.735  1431  2167 W USF     : USF_API: Drop flicker data, cannot find sampling_id:84682!
11-10 15:16:56.745  1431  2167 W USF     : USF_API: Drop flicker data, cannot find sampling_id:84682!
11-10 15:16:56.755  1431  2167 W USF     : USF_API: Drop flicker data, cannot find sampling_id:84682!
11-10 15:16:56.764  1431  2167 W USF     : USF_API: Drop flicker data, cannot find sampling_id:84682!
11-10 15:16:56.774  1431  2167 W USF     : USF_API: Drop flicker data, cannot find sampling_id:84682!
11-10 15:16:56.784  1431  2167 W USF     : USF_API: Drop flicker data, cannot find sampling_id:84682!
11-10 15:16:56.794  1431  2167 W USF     : USF_API: Drop flicker data, cannot find sampling_id:84682!
11-10 15:16:56.804  1431  2167 W USF     : USF_API: Drop flicker data, cannot find sampling_id:84682!
11-10 15:16:56.814  1431  2167 W USF     : USF_API: Drop flicker data, cannot find sampling_id:84682!
11-10 15:16:56.824  1431  2167 W USF     : USF_API: Drop flicker data, cannot find sampling_id:84682!
11-10 15:16:56.827  1428  2108 D BTAudioSessionAidl: GetSupportedLatencyModes - Supported LatencyMode= FREE
11-10 15:16:56.834  1431  2167 W USF     : USF_API: Drop flicker data, cannot find sampling_id:84682!
11-10 15:16:56.844  1431  2167 W USF     : USF_API: Drop flicker data, cannot find sampling_id:84682!
11-10 15:16:56.854  1431  2167 W USF     : USF_API: Drop flicker data, cannot find sampling_id:84682!
11-10 15:16:56.866  1431  2167 W USF     : USF_API: Drop flicker data, cannot find sampling_id:84682!
11-10 15:16:56.876  1431  2167 W USF     : USF_API: Drop flicker data, cannot find sampling_id:84682!
11-10 15:16:56.886  1431  2167 W USF     : USF_API: Drop flicker data, cannot find sampling_id:84682!
11-10 15:16:56.896  1431  2167 W USF     : USF_API: Drop flicker data, cannot find sampling_id:84682!
11-10 15:16:56.901 21379 21379 I ContentProtectionServic: CP service destroyed
11-10 15:16:56.906  1431  2167 W USF     : USF_API: Drop flicker data, cannot find sampling_id:84682!
11-10 15:16:56.907  1884  1884 I RemoteContentProtectionService: Connection status for: ComponentInfo{com.google.android.odad/com.google.android.apps.miphone.odad.contentprotection.ContentProtectionService} changed to: disconnected
11-10 15:16:56.915  1431  2167 W USF     : USF_API: Drop flicker data, cannot find sampling_id:84682!
11-10 15:16:56.925  1431  2167 W USF     : USF_API: Drop flicker data, cannot find sampling_id:84682!
11-10 15:16:56.935  1431  2167 W USF     : USF_API: Drop flicker data, cannot find sampling_id:84682!
11-10 15:16:56.944  1431  2167 W USF     : USF_API: Drop flicker data, cannot find sampling_id:84682!
11-10 15:16:56.954  1431  2167 W USF     : USF_API: Drop flicker data, cannot find sampling_id:84682!
11-10 15:16:56.964  1431  2167 W USF     : USF_API: Drop flicker data, cannot find sampling_id:84682!
11-10 15:16:56.974  1431  2167 W USF     : USF_API: Drop flicker data, cannot find sampling_id:84682!
11-10 15:16:56.984  1431  2167 W USF     : USF_API: Drop flicker data, cannot find sampling_id:84682!
11-10 15:16:56.994  1431  2167 W USF     : USF_API: Drop flicker data, cannot find sampling_id:84682!
11-10 15:16:57.004  1431  2167 W USF     : USF_API: Drop flicker data, cannot find sampling_id:84682!
11-10 15:16:57.014  1431  2167 W USF     : USF_API: Drop flicker data, cannot find sampling_id:84682!
11-10 15:16:57.024  1431  2167 W USF     : USF_API: Drop flicker data, cannot find sampling_id:84682!
11-10 15:16:57.028  1428  2108 D BTAudioSessionAidl: GetSupportedLatencyModes - Supported LatencyMode= FREE
11-10 15:16:57.034  1431  2167 W USF     : USF_API: Drop flicker data, cannot find sampling_id:84682!
11-10 15:16:57.044  1431  2167 W USF     : USF_API: Drop flicker data, cannot find sampling_id:84682!
11-10 15:16:57.054  1431  2167 W USF     : USF_API: Drop flicker data, cannot find sampling_id:84682!
11-10 15:16:57.064  1431  2167 W USF     : USF_API: Drop flicker data, cannot find sampling_id:84682!
11-10 15:16:57.074  1431  2167 W USF     : USF_API: Drop flicker data, cannot find sampling_id:84682!
11-10 15:16:57.080  2221  2226 I pixel-thermal: cellular-emergency:37.7612 raw data: VIRTUAL-SKIN:37761.2 VIRTUAL-SKIN-SUB-0:37503.3 VIRTUAL-SKIN-SUB-1:36203.7 VIRTUAL-SKIN-SUB-10:37195.7 VIRTUAL-SKIN-SUB-2:35570.1 VIRTUAL-SKIN-SUB-3:36064.8 VIRTUAL-SKIN-SUB-4:36628.4 VIRTUAL-SKIN-SUB-5:37201.4 VIRTUAL-SKIN-SUB-6:34943.7 VIRTUAL-SKIN-SUB-7:36793.4 VIRTUAL-SKIN-SUB-8:37699.1 VIRTUAL-SKIN-SUB-9:37761.2 battery:38200 cam_therm:37359 cellular-emergency:37761.2 charge_therm:43472 disp_therm:37894 neutral_therm:40387 north_therm:37092 quiet_therm:37404 soc_therm:42235 usb_pwr_therm:38205 
11-10 15:16:57.083  1431  2167 W USF     : USF_API: Drop flicker data, cannot find sampling_id:84682!
11-10 15:16:57.091  2221  2226 I pixel-thermal: VIRTUAL-SKIN-HINT:37.7612 raw data: VIRTUAL-SKIN:37761.2 VIRTUAL-SKIN-HINT:37761.2 
11-10 15:16:57.091  2221  2226 I pixel-thermal: VIRTUAL-SKIN-CPU-LIGHT-ODPM:37.7612 raw data: VIRTUAL-SKIN:37761.2 VIRTUAL-SKIN-CPU-LIGHT-ODPM:37761.2 
11-10 15:16:57.091  2221  2226 I pixel-thermal: VIRTUAL-SKIN-CPU-LIGHT-ODPM power_budget=1491.04 err=1.23879 s_power=800 time_elapsed_ms=7017 p=495.515 i=195.522 d=-0 dt_per_min=nan compensation=0 budget transient=0 control target=2 excluded power budget=0
11-10 15:16:57.091  2221  2226 I pixel-thermal: VIRTUAL-SKIN-CPU-LIGHT-ODPM binded power rails: (S4M_VDD_CPUCL0: 377.07 mW)(S2M_VDD_CPUCL2: 24.40 mW)(S3M_VDD_CPUCL1: 179.01 mW)
11-10 15:16:57.091  2221  2226 I pixel-thermal: VIRTUAL-SKIN-CPU-MID:37.7612 raw data: VIRTUAL-SKIN:37761.2 VIRTUAL-SKIN-CPU-MID:37761.2 
11-10 15:16:57.091  2221  2226 I pixel-thermal: VIRTUAL-SKIN-CPU-HIGH:37.7612 raw data: VIRTUAL-SKIN:37761.2 VIRTUAL-SKIN-CPU-HIGH:37761.2 
11-10 15:16:57.092  2221  2226 I pixel-thermal: VIRTUAL-SKIN-SOC:37.7612 raw data: VIRTUAL-SKIN:37761.2 VIRTUAL-SKIN-SOC:37761.2 
11-10 15:16:57.092  2221  2226 I pixel-thermal: VIRTUAL-SKIN-SOC power_budget=3872.6 err=7.23879 s_power=800 time_elapsed_ms=7017 p=2171.64 i=900.965 d=-0 dt_per_min=nan compensation=0 budget transient=0 control target=3 excluded power budget=0
11-10 15:16:57.092  2221  2226 I pixel-thermal: VIRTUAL-SKIN-SOC binded power rails: (S4M_VDD_CPUCL0: 377.07 mW)(S2M_VDD_CPUCL2: 24.40 mW)(S3M_VDD_CPUCL1: 179.01 mW)(S2S_VDD_G3D: 19.63 mW)(S7M_VDD_TPU: 0.00 mW)
11-10 15:16:57.092  2221  2226 I pixel-thermal: VIRTUAL-SKIN-GPU:37.7612 raw data: VIRTUAL-SKIN:37761.2 VIRTUAL-SKIN-GPU:37761.2 
11-10 15:16:57.093  2221  2226 I pixel-thermal: VIRTUAL-SKIN-SPEAKER:33.8956 raw data: VIRTUAL-SKIN-SPEAKER:33895.6 VIRTUAL-SKIN-SPEAKER-SUB-0:32916.6 VIRTUAL-SKIN-SPEAKER-SUB-1:33609.3 VIRTUAL-SKIN-SPEAKER-SUB-2:33895.6 battery:38200 cam_therm:37359 charge_therm:43472 disp_therm:37894 neutral_therm:40387 north_therm:37092 quiet_therm:37404 soc_therm:42235 usb_pwr_therm:38205 
11-10 15:16:57.093  2221  2226 I pixel-thermal: VIRTUAL-SKIN-CHARGE-WIRED:37.6991 raw data: NO_WLC:1 VIRTUAL-SKIN-CHARGE:37699.1 VIRTUAL-SKIN-CHARGE-SUB-0:37444.1 VIRTUAL-SKIN-CHARGE-SUB-1:36260.7 VIRTUAL-SKIN-CHARGE-SUB-2:36723.7 VIRTUAL-SKIN-CHARGE-SUB-3:37699.1 VIRTUAL-SKIN-CHARGE-WIRED:37699.1 WLC_CHECK:1 battery:38200 cam_therm:37359 charge_therm:43472 disp_therm:37894 neutral_therm:40387 north_therm:37092 quiet_therm:37404 soc_therm:42235 thb_hda:54 usb_pwr_therm:38205 
11-10 15:16:57.094  1431  2167 W USF     : USF_API: Drop flicker data, cannot find sampling_id:84682!
11-10 15:16:57.094  2221  2226 I pixel-thermal: VIRTUAL-SKIN-CHARGE-WIRED power_budget=1457.49 err=0.300949 s_power=2527 time_elapsed_ms=7017 p=35.8129 i=-1031.62 d=-0 dt_per_min=nan compensation=0 budget transient=0 control target=2 excluded power budget=73.697 (PARTIAL_SYSTEM_POWER: 1228.28 mW, cdev_weight: 0.060000)
11-10 15:16:57.094  2221  2226 I pixel-thermal: VIRTUAL-SKIN:37.7612 raw data: VIRTUAL-SKIN:37761.2 
11-10 15:16:57.094  2221  2226 I pixel-thermal: VIRTUAL-SKIN-CHARGE-PERSIST:37.6991 raw data: VIRTUAL-SKIN-CHARGE:37699.1 VIRTUAL-SKIN-CHARGE-PERSIST:37699.1 
11-10 15:16:57.094  2221  2226 I pixel-thermal: VIRTUAL-SKIN-CHARGE-PERSIST power_budget=4211.16 err=3.30095 s_power=2383 time_elapsed_ms=7017 p=703.102 i=1383 d=-0 dt_per_min=nan compensation=0 budget transient=0 control target=2 excluded power budget=257.94 (PARTIAL_SYSTEM_POWER: 1228.28 mW, cdev_weight: 0.210000)
11-10 15:16:57.104  1431  2167 W USF     : USF_API: Drop flicker data, cannot find sampling_id:84682!
11-10 15:16:57.114  1431  2167 W USF     : USF_API: Drop flicker data, cannot find sampling_id:84682!
11-10 15:16:57.124  1431  2167 W USF     : USF_API: Drop flicker data, cannot find sampling_id:84682!
11-10 15:16:57.134  1431  2167 W USF     : USF_API: Drop flicker data, cannot find sampling_id:84682!
11-10 15:16:57.144  1431  2167 W USF     : USF_API: Drop flicker data, cannot find sampling_id:84682!
