11-10 15:05:23.032  2772  2772 D DLObserver: remove listener: com.android.systemui.dock.DockManagerExtensionsKt$retrieveIsDocked$1$callback$1@2460c04
11-10 15:05:23.035  2772  2772 D DLObserver: remove listener: com.android.systemui.dock.DockManagerExtensionsKt$retrieveIsDocked$1$callback$1@8596c22
11-10 15:05:23.036 25498 25576 I ACAccountManager: getDefaultAccount: Only one account available - Picking accountId=32768
11-10 15:05:23.040  1431  2167 W USF     : USF_API: Drop flicker data, cannot find sampling_id:84682!
11-10 15:05:23.045 24892 24996 I AiAiAutofill: (REDACTED) Candidate Providers: [%s]
11-10 15:05:23.046 24892 24996 I AiAiAutofill: (REDACTED) %s
11-10 15:05:23.046  1884  4367 W AutofillManagerServiceImpl: getFillEventHistory() called by UID 10137, but service UID is 10124
11-10 15:05:23.047  2772  2772 W WindowRootViewBinder: Multiple blur values emitted in the same frame
11-10 15:05:23.047 24892 24996 I AiAiAutofill: (REDACTED) [%s] %s
11-10 15:05:23.047 24892 24996 I AiAiAutofill: (REDACTED) [%s] %s
11-10 15:05:23.049 24892 24996 I AiAiAutofill: (REDACTED) [%s] %s
11-10 15:05:23.050  1431  2167 W USF     : USF_API: Drop flicker data, cannot find sampling_id:84682!
11-10 15:05:23.052 25895 25895 W TooltipLifecycleManager: TooltipLifecycleManager.dismissTooltips():153 Tooltip with id SUGGESTION_VIEW_EDU_MINI_DIALOG not found in tooltipManager.
11-10 15:05:23.055 25498 25648 I FeatureSnapshot: dummy checkpoint as false
11-10 15:05:23.060  1431  2167 W USF     : USF_API: Drop flicker data, cannot find sampling_id:84682!
11-10 15:05:23.069 24892 24993 I AiAiPeople: (REDACTED) [%d] fragments remain to process, dispatched event [%s]
11-10 15:05:23.069 24892 24976 I AiAiTranslate: (REDACTED) onUpdateConversation, language count: %d, activityId: %s, conversation id : %s
11-10 15:05:23.069 24892 24976 I AiAiTranslate: (REDACTED) updateActivityViews() windowToken: %s
11-10 15:05:23.070  1431  2167 W USF     : USF_API: Drop flicker data, cannot find sampling_id:84682!
11-10 15:05:23.075 25498 25582 W SoLoader: SoLoader already initialized
11-10 15:05:23.078 24892 24976 I AiAiTranslate: getSourceLanguage() TranslateUserStateLabel is null
11-10 15:05:23.078 24892 24976 I AiAiTranslate: TranslateUserStateLabel is null
11-10 15:05:23.080  1431  2167 W USF     : USF_API: Drop flicker data, cannot find sampling_id:84682!
11-10 15:05:23.085 24892 24976 I AiAiTranslate: (REDACTED) never translate: %s
11-10 15:05:23.085 24892 24976 I AiAiTranslate: (REDACTED) triggering result: %s, type: %s
11-10 15:05:23.090  1431  2167 W USF     : USF_API: Drop flicker data, cannot find sampling_id:84682!
11-10 15:05:23.100  1431  2167 W USF     : USF_API: Drop flicker data, cannot find sampling_id:84682!
11-10 15:05:23.106 30907 14696 I Icing   : IndexChimeraService.getServiceInterface callingPackage=com.google.android.gms componentName=AppsCorpus serviceId=36
11-10 15:05:23.110  1431  2167 W USF     : USF_API: Drop flicker data, cannot find sampling_id:84682!
11-10 15:05:23.116  1488  2111 D StreamHalAidl: [out|ioHandle:13] standby
11-10 15:05:23.117  1488  2111 D StreamHalAidl: [out|ioHandle:13] pause
11-10 15:05:23.117  1428  2109 I AHal::Stream: Stop: stop stream primary-playback
11-10 15:05:23.117  1428  2109 I AHal::TinyalsaDriverOperations: Stop: pcm_close card_index 0 device 1
11-10 15:05:23.118  1653  1653 D AOC     : F1:MSG: controller.cc, 275: AudioOutCtrl: cmd ID: 0x00c9, tag: 0xa8 [cntr = 82010]
11-10 15:05:23.119  1653  1653 D AOC     : F1:MSG: controller.cc, 919: AudioOutCtrl: ipc: audio_output_co, cmd ID: 0x00c9, tag: 0xa8, rc: 0
11-10 15:05:23.120  1431  2167 W USF     : USF_API: Drop flicker data, cannot find sampling_id:84682!
11-10 15:05:23.121  1428  2109 I AHal::Router: Deactivate: deactivate 400001
11-10 15:05:23.121  1428  2109 I AHal::Router: InvalidateLocked: new graph #19552 Edges(0):
11-10 15:05:23.121  1428  2109 I AHal::Router: InvalidateLocked: ============ apply graph #19552 [Mon Nov 10 15:05:23 2025] start ============
11-10 15:05:23.121  1428  2109 I AHal::DeviceInterface: Disconnect: disconnect primary-playback-0 -> bluetooth-a2dp-device
11-10 15:05:23.122  1653  1653 D AOC     : F1:MSG: controller.cc, 275: AudioOutCtrl: cmd ID: 0x010f, tag: 0xa9 [cntr = 82011]
11-10 15:05:23.122  1653  1653 D AOC     : F1:Unregistered Source 1 [Primary] from Sink 2 [Bluetooth]
11-10 15:05:23.122  1653  1653 D AOC     : F1:AT Map:0 (LL:0), 0 EPs active, Power: Yes, Config: No
11-10 15:05:23.123  1653  1653 D AOC     : F1:Mixer 2 configuration changed: (0)
11-10 15:05:23.123  1653  1653 D AOC     : F1:Sink 2 Configuration changed: ULL (disabled)
11-10 15:05:23.123  1653  1653 D AOC     : F1:SinkBT: A2DP/BLE Output Stopped. (dma:3100, tx:133 rx:0)
11-10 15:05:23.123  1428  2109 I AHal::AudioRoutePathController: ResetPath: primary-playback-0 -> bluetooth-a2dp-device: true
11-10 15:05:23.123  1428  2109 D AHal::BT: SendCommandToMonitorThread: sending command  MonitorCmd::kA2dpRetryStop(4) to monitor thread
11-10 15:05:23.123  1428  2109 I AHal::Bt::A2dpWrapper: SuspendStream: 512
11-10 15:05:23.124  1653  1653 D AOC     : F1:MSG: audio_hardware_sink_bt.cc, 1953: new dvfs 0
11-10 15:05:23.124 14050 22593 I BTAudioA2dpAIDL: system/audio_hal_interface/aidl/a2dp/a2dp_encoding_aidl.cc:171 SuspendRequest: 
11-10 15:05:23.124  1653  1653 D AOC     : F1:[Idle Tracker] long no idle:[0] average between idle:[0.299012ms] max no idle:[38.962367ms]
11-10 15:05:23.124 14050 22593 I bluetooth-a2dp: system/btif/src/btif_av.cc:3752 btif_av_stream_started_ready: active_peer=xx:xx:xx:xx:0f:4f state=3 flags=0x0(None) ready=true
11-10 15:05:23.124 14050 22593 I bluetooth-a2dp: system/btif/src/btif_av.cc:3698 btif_av_stream_suspend: 
11-10 15:05:23.124  1653  1653 D AOC     : F1:MSG: controller.cc, 919: AudioOutCtrl: ipc: audio_output_co, cmd ID: 0x010f, tag: 0xa9, rc: 0
11-10 15:05:23.124  1653  1653 D AOC     : H0:Mixer AMixBT: 480 samples (0000/0000) (OFF SC) multi out OFF
11-10 15:05:23.124 14050 14071 I bluetooth-a2dp: system/btif/src/btif_av.cc:3067 btif_av_handle_event: peer=xx:xx:xx:xx:0f:4f handle=0x0 event=BTIF_AV_SUSPEND_STREAM_REQ_EVT(0x1e)
11-10 15:05:23.124 14050 14071 I bluetooth-a2dp: system/btif/src/btif_av.cc:2492 ProcessEvent: state=Started peer=xx:xx:xx:xx:0f:4f event=BTIF_AV_SUSPEND_STREAM_REQ_EVT(0x1e) flags=0x0(None) active_peer=true
11-10 15:05:23.124 14050 14071 I bluetooth-a2dp: system/btif/src/btif_av.cc:2512 ProcessEvent: Peer xx:xx:xx:xx:0f:4f : event=BTIF_AV_SUSPEND_STREAM_REQ_EVT(0x1e) flags=0x0(None)
11-10 15:05:23.124 14050 14071 I bluetooth-a2dp: system/btif/src/btif_a2dp_source.cc:822 btif_a2dp_source_set_tx_flush: enable=true state=STATE_RUNNING
11-10 15:05:23.124 14050 14071 I bluetooth-a2dp: system/bta/av/bta_av_api.cc:281 BTA_AvStop: bta_handle=0x41 suspend=true
11-10 15:05:23.124 14050 14071 I bluetooth-a2dp: system/bta/av/bta_av_aact.cc:1902 bta_av_str_stopped: peer xx:xx:xx:xx:0f:4f bta_handle:0x41 audio_open_cnt:1, p_data 0x712be95450 start:1
11-10 15:05:23.124 14050 14071 I bluetooth: system/bta/dm/bta_dm_pm.cc:906 bta_dm_pm_ssr: Found connected service:BTA_ID_AV app_id:1 peer:xx:xx:xx:xx:0f:4f spec_name:sniff_capable
11-10 15:05:23.124 14050 14071 I bluetooth: system/bta/dm/bta_dm_pm.cc:906 bta_dm_pm_ssr: Found connected service:BTA_ID_AG app_id:1 peer:xx:xx:xx:xx:0f:4f spec_name:sniff_capable
11-10 15:05:23.124 14050 14071 I bluetooth: system/bta/dm/bta_dm_pm.cc:906 bta_dm_pm_ssr: Found connected service:BTA_ID_AV app_id:0 peer:xx:xx:xx:xx:0f:4f spec_name:sniff_capable
11-10 15:05:23.124 14050 14071 I bt_btm_pm: system/stack/acl/btm_pm.cc:326 BTM_SetSsrParams: Set sniff subrating state:immediate:active[0] max_latency:0x04b0 min_remote_timeout:0x0002 min_local_timeout:0x0002
11-10 15:05:23.125 14050 14071 I l2c_utils: system/stack/l2cap/l2c_utils.cc:2312 l2cu_set_acl_priority_latency_brcm: Set ACL priority: Normal Mode
11-10 15:05:23.125 14050 14071 I bluetooth-a2dp: system/stack/avdt/avdt_api.cc:617 AVDT_SuspendReq: num_handles=1
11-10 15:05:23.125  1653  1653 D AOC     : H0:Mixer configuration updated
11-10 15:05:23.125  1653  1653 D AOC     : H0:[Idle Tracker] long no idle:[111] average between idle:[1.569341ms] max no idle:[227.191969ms]
11-10 15:05:23.127  7174 12249 I Finsky  : [1213] com.microsoft.office.outlook: Account determined from installer data - [OIcNXCfaPyQqe-O_YOsH48juwncsdct_34AddibdWFI]
11-10 15:05:23.130  1431  2167 W USF     : USF_API: Drop flicker data, cannot find sampling_id:84682!
11-10 15:05:23.140  1431  2167 W USF     : USF_API: Drop flicker data, cannot find sampling_id:84682!
11-10 15:05:23.143 14050 14071 E bt_btu_hcif: system/stack/btu/btu_hcif.cc:973 btu_hcif_hdl_command_complete: Command complete for opcode:0x811 should not be handled here
11-10 15:05:23.145 14050 14071 E bt_btu_hcif: system/stack/btu/btu_hcif.cc:973 btu_hcif_hdl_command_complete: Command complete for opcode:0x80d should not be handled here
11-10 15:05:23.149  1430  2253 I bthal.bqr: ParseAdvanceRFStatsEvt: Advance RF Stats: Time Period:3139 ms, Extension id: 1, TW_Pw_iPA_BF: 10, TW_Pw_ePA_BF: 0, TW_Pw_iPA_Div: 148, TW_Pw_ePA_Div: 0, RSSI_Chain_>-50: 15, RSSI_Chain_-50_-55: 139, RSSI_Chain_-55_-60: 0, RSSI_Chain_-60_-65: 0, RSSI_Chain_-65_-70: 2, RSSI_Chain_-70_-75: 1, RSSI_Chain_-75_-80: 4, RSSI_Chain_-80_-85: 4, RSSI_Chain_-85_-90: 2, RSSI_Chain_<-90: 8, RSSI_Delta_<2: 24, RSSI_Delta_2_5: 25, RSSI_Delta_5_8: 11, RSSI_Delta_8_11: 55, RSSI_Delta_>11: 24
11-10 15:05:23.149  1430  2253 I bthal.flowcontrol: HciEventPreProcess: HCI Event 0xff Opcode 0 Length 85 unhandled by debug_VendorEvent
11-10 15:05:23.150  1431  2167 W USF     : USF_API: Drop flicker data, cannot find sampling_id:84682!
11-10 15:05:23.151 14050 14071 W btm_acl : system/stack/acl/btm_acl.cc:1484 BTM_ReadRemoteVersion: Unable to find active acl
11-10 15:05:23.151 14050 14071 I bluetooth: system/btif/src/btif_bqr.cc:1006 bqr_delivery_event: len: 82, addr: ff:ff:ff:ff:ff:ff, lmp_ver: 0, manufacturer_id: 0, lmp_subver: 0
11-10 15:05:23.152 14050 14084 I BluetoothQualityReportJni: android/app/jni/com_android_bluetooth_BluetoothQualityReport.cpp:51 bqr_delivery_callback: 
11-10 15:05:23.155  7174 12249 I Finsky  : [1213] Billing preferred account via installer for com.microsoft.office.outlook: [OIcNXCfaPyQqe-O_YOsH48juwncsdct_34AddibdWFI]
11-10 15:05:23.156  1432  1491 D CHRE    : @ 549190.461: Parsed nanoapp message from host: app ID 0x476f6f676c00103b endpoint 0x8005 msgType 1 payload size 8
11-10 15:05:23.157 14050 14076 I bluetooth: system/main/shim/acl.cc:515 OnFlushOccurred: UNIMPLEMENTED
11-10 15:05:23.160  1431  2167 W USF     : USF_API: Drop flicker data, cannot find sampling_id:84682!
11-10 15:05:23.164 14050 14084 I BluetoothQualityReportNativeInterface: BQR: {
11-10 15:05:23.164 14050 14084 I BluetoothQualityReportNativeInterface:   mAddr: FF:FF:FF:FF:FF:FF, mLmpVer: 0x00, mLmpSubVer: 0x0000, mManufacturerId: 0x0000, mName: , mBluetoothClass: 0,
11-10 15:05:23.164 14050 14084 I BluetoothQualityReportNativeInterface:   BqrCommon: {
11-10 15:05:23.164 14050 14084 I BluetoothQualityReportNativeInterface:     mQualityReportId: RF Stats(0x09), mPacketType: INVALID(0x00), mConnectionHandle: 0x0000, mConnectionRole: 0(0), mTxPowerLevel: 0, mRssi: 0, mSnr: 0, mUnusedAfhChannelCount: 0,
11-10 15:05:23.164 14050 14084 I BluetoothQualityReportNativeInterface:     mAfhSelectUnidealChannelCount: 0, mLsto: 0, mPiconetClock: 0x00000000, mRetransmissionCount: 0, mNoRxCount: 0, mNakCount: 0, mLastTxAckTimestamp: 0x00000000, mFlowOffCount: 0,
11-10 15:05:23.164 14050 14084 I BluetoothQualityReportNativeInterface:     mLastFlowOnTimestamp: 0x00000000, mOverflowCount: 0, mUnderflowCount: 0, mAddr: null, mCalFailedItemCount: 0,
11-10 15:05:23.164 14050 14084 I BluetoothQualityReportNativeInterface:     mTxTotalPackets: 0, mTxUnackPackets: 0, mTxFlushPackets: 0, mTxLastSubeventPackets: 0, mCrcErrorPackets: 0, mRxDupPackets: 0, mRxUnRecvPackets: 0, mCoexInfoMask: 0
11-10 15:05:23.164 14050 14084 I BluetoothQualityReportNativeInterface:   }
11-10 15:05:23.164 14050 14084 I BluetoothQualityReportNativeInterface:   BqrRfStats: {
11-10 15:05:23.164 14050 14084 I BluetoothQualityReportNativeInterface:     mExtensionInfo: 1, mReportTimePeriod: 3139, mTxPoweriPaBf: 10, mTxPowerePaBf: 0, mTxPoweriPaDiv: 148, mTxPowerePaDiv: 0,
11-10 15:05:23.164 14050 14084 I BluetoothQualityReportNativeInterface:     mRssiChainOver50: 15, mRssiChain50To55: 139, mRssiChain55To60: 0, mRssiChain60To65: 0, mRssiChain65To70: 2, mRssiChain70To75: 1, mRssiChain75To80: 4, mRssiChain80To85: 4, mRssiChain85To90: 2, mRssiChainUnder90: 8,
11-10 15:05:23.164 14050 14084 I BluetoothQualityReportNativeInterface:     mRssiDeltaUnder2: 24, mRssiDelta2To5: 25, mRssiDelta5To8: 11, mRssiDelta8To11: 55, mRssiDeltaOver11: 24
11-10 15:05:23.164 14050 14084 I BluetoothQualityReportNativeInterface:   }
11-10 15:05:23.164 14050 14084 I BluetoothQualityReportNativeInterface: }
11-10 15:05:23.169  1431  2167 W USF     : USF_API: Drop flicker data, cannot find sampling_id:84682!
11-10 15:05:23.179  1431  2167 W USF     : USF_API: Drop flicker data, cannot find sampling_id:84682!
11-10 15:05:23.180  7174  7209 I Finsky  : [1037] [ContentSync] finished, scheduled=true
11-10 15:05:23.185  2765  2767 I deeptouch: I0000 00:00:1762779923.185676    2767 tf_lite_classifier.cc:342] DeepPress candidate dropped due to large touch displacement (=48.4723)
11-10 15:05:23.185  2765  2767 I deeptouch: I0000 00:00:1762779923.185915    2767 tf_lite_classifier.cc:413] Event stream classified as kNone
11-10 15:05:23.189  1431  2167 W USF     : USF_API: Drop flicker data, cannot find sampling_id:84682!
11-10 15:05:23.200  1431  2167 W USF     : USF_API: Drop flicker data, cannot find sampling_id:84682!
11-10 15:05:23.207 14050 14071 I bluetooth: system/bta/dm/bta_dm_pm.cc:906 bta_dm_pm_ssr: Found connected service:BTA_ID_AV app_id:1 peer:xx:xx:xx:xx:0f:4f spec_name:sniff_capable
11-10 15:05:23.207 14050 14071 I bluetooth: system/bta/dm/bta_dm_pm.cc:906 bta_dm_pm_ssr: Found connected service:BTA_ID_AG app_id:1 peer:xx:xx:xx:xx:0f:4f spec_name:sniff_capable
11-10 15:05:23.207 14050 14071 I bluetooth: system/bta/dm/bta_dm_pm.cc:906 bta_dm_pm_ssr: Found connected service:BTA_ID_AV app_id:0 peer:xx:xx:xx:xx:0f:4f spec_name:sniff_capable
11-10 15:05:23.207 14050 14071 I bt_btm_pm: system/stack/acl/btm_pm.cc:326 BTM_SetSsrParams: Set sniff subrating state:immediate:active[0] max_latency:0x04b0 min_remote_timeout:0x0002 min_local_timeout:0x0002
11-10 15:05:23.207 14050 14071 I bluetooth-a2dp: system/btif/src/btif_av.cc:3067 btif_av_handle_event: peer=00:00:00:00:00:00 handle=0x41 event=BTA_AV_SUSPEND_EVT(0xf)
11-10 15:05:23.207 25498 25961 D nativeloader: Load /data/app/~~fa7mkXdI1-FiW79Tx-_OLA==/com.microsoft.office.outlook-csQJ0IBiUcnF5NteALRTQQ==/lib/arm64/libhermes.so using class loader ns clns-9 (caller=/data/app/~~fa7mkXdI1-FiW79Tx-_OLA==/com.microsoft.office.outlook-csQJ0IBiUcnF5NteALRTQQ==/base.apk!classes6.dex): ok
11-10 15:05:23.207 14050 14071 I bluetooth-a2dp: system/btif/src/btif_av.cc:2492 ProcessEvent: state=Started peer=xx:xx:xx:xx:0f:4f event=BTA_AV_SUSPEND_EVT(0xf) flags=0x1(LOCAL_SUSPEND_PENDING) active_peer=true
11-10 15:05:23.207 14050 14071 I bluetooth-a2dp: system/btif/src/btif_av.cc:2563 ProcessEvent: Peer xx:xx:xx:xx:0f:4f : event=BTA_AV_SUSPEND_EVT(0xf) status=0 initiator=true flags=0x1(LOCAL_SUSPEND_PENDING)
11-10 15:05:23.207 14050 14071 I bluetooth-a2dp: system/btif/src/btif_a2dp.cc:114 btif_a2dp_on_suspended: ## ON A2DP SUSPENDED ## p_av_suspend=0x713bebc370
11-10 15:05:23.207 14050 14071 I bluetooth-a2dp: system/btif/src/btif_a2dp_source.cc:792 btif_a2dp_source_on_suspended: state=STATE_RUNNING
11-10 15:05:23.207 14050 14071 I BTAudioA2dpAIDL: system/audio_hal_interface/aidl/a2dp/a2dp_encoding_aidl.cc:493 ack_stream_suspended: result=0
11-10 15:05:23.207  1428  5918 I BTAudioProviderStub: streamSuspended - SessionType=A2DP_HARDWARE_OFFLOAD_ENCODING_DATAPATH, status=SUCCESS
11-10 15:05:23.207  1428  5918 I BTAudioSessionAidl: ReportControlStatus - status=SUCCESS for SessionType=A2DP_HARDWARE_OFFLOAD_ENCODING_DATAPATH, bluetooth_audio=0x0200 suspended
11-10 15:05:23.207  1428  5918 I AHal::Bt::A2dpWrapper: ControlResultHandle: ctrl_cb: 512 suspend SUCCESS
11-10 15:05:23.208 14050 14071 I bluetooth-a2dp: system/btif/src/btif_a2dp_source.cc:680 btif_a2dp_source_stop_audio_req: state=STATE_RUNNING
11-10 15:05:23.208 14050 14071 I bluetooth-a2dp: system/btif/src/btif_av.cc:2888 btif_report_audio_state: peer=xx:xx:xx:xx:0f:4f state=1
11-10 15:05:23.208 14050 14071 I bluetooth-a2dp: system/btif/src/btif_av.cc:2486 OnExit: state=Started peer=xx:xx:xx:xx:0f:4f
11-10 15:05:23.208 14050 14071 I bluetooth-a2dp: system/btif/src/btif_av.cc:2204 OnEnter: state=Opened peer=xx:xx:xx:xx:0f:4f
11-10 15:05:23.208 14050 14071 I bluetooth-a2dp: system/btif/src/btif_a2dp_source.cc:861 btif_a2dp_source_audio_tx_stop_event: is_streaming=false state=STATE_RUNNING
11-10 15:05:23.209  1428  2109 I AHal::Bt::A2dpWrapper: SuspendStream: 512 done
11-10 15:05:23.209  1428  2109 I AHal::BT: Disable: bluetooth-a2dp-device done
11-10 15:05:23.209  1428  2109 I AHal::Router: LogTransferring: Transferring (1):
11-10 15:05:23.209  1428  2109 I AHal::Router: LogTransferring:   primary-playback-0 -> bluetooth-a2dp-device => (null)
11-10 15:05:23.209  1428  2109 I AHal::VoiceCall: Update: reset echo reference device
11-10 15:05:23.209  1428  2109 I AHal::Router: InvalidateLocked: ============ apply graph #19552 end ============
11-10 15:05:23.209  1428  2109 I ASvc::PeriodicWorker: SetLinkedConfigIds: update linked configs []
11-10 15:05:23.209  1428  2109 D BTAudioSessionAidl: UpdateSourceMetadata - SessionType=LE_AUDIO_HARDWARE_OFFLOAD_ENCODING_DATAPATH has NO session
11-10 15:05:23.209  1428  2109 D BTAudioSessionAidl: UpdateSinkMetadata - SessionType=LE_AUDIO_HARDWARE_OFFLOAD_DECODING_DATAPATH has NO session
11-10 15:05:23.209 14050 14084 I bluetooth-a2dp: android/app/jni/com_android_bluetooth_a2dp.cpp:104 bta2dp_audio_state_callback: xx:xx:xx:xx:0f:4f: state: BTAV_AUDIO_STATE_STOPPED(0x1)
11-10 15:05:23.209  1488  2111 D StreamHalAidl: [out|ioHandle:13] flush
11-10 15:05:23.209  1428  2109 I ASvc::CommandWorker: cw-primary-playback: Command{flush: Void{}} in StreamOutPausedState
11-10 15:05:23.209  1428  2109 I ASvc::StreamOutSyncStates: FlushDataQueue: flush 0 bytes in data queue
11-10 15:05:23.210  1431  2167 W USF     : USF_API: Drop flicker data, cannot find sampling_id:84682!
11-10 15:05:23.210  1428  2109 I ASvc::CommandWorker: cw-primary-playback: Command{standby: Void{}} in StreamOutIdleState
11-10 15:05:23.211  1428  2108 D BTAudioSessionAidl: GetSupportedLatencyModes - SessionType=LE_AUDIO_HARDWARE_OFFLOAD_ENCODING_DATAPATH has NO session
11-10 15:05:23.212 14050 14050 I A2dpStateMachine: Connected: stopped playing: XX:XX:XX:XX:0F:4F
11-10 15:05:23.220  1431  2167 W USF     : USF_API: Drop flicker data, cannot find sampling_id:84682!
11-10 15:05:23.222 14050 14076 I bluetooth: system/main/shim/acl.cc:515 OnFlushOccurred: UNIMPLEMENTED
11-10 15:05:23.223  1432  1491 D CHRE    : @ 549190.531: Parsed nanoapp message from host: app ID 0x476f6f676c00103b endpoint 0x8005 msgType 1 payload size 6
11-10 15:05:23.226 14050 14071 E bt_btu_hcif: system/stack/btu/btu_hcif.cc:973 btu_hcif_hdl_command_complete: Command complete for opcode:0x811 should not be handled here
11-10 15:05:23.227 14050 14071 E bt_btu_hcif: system/stack/btu/btu_hcif.cc:973 btu_hcif_hdl_command_complete: Command complete for opcode:0x80d should not be handled here
11-10 15:05:23.229 30907 31056 I Icing   : IndexChimeraService.getServiceInterface callingPackage=com.google.android.gms componentName=null serviceId=30
11-10 15:05:23.230  1431  2167 W USF     : USF_API: Drop flicker data, cannot find sampling_id:84682!
11-10 15:05:23.230  1431  2167 W USF     : USF_API: Drop sample report, cannot find sampling_id:84682
11-10 15:05:23.239  1431  2167 W USF     : USF_API: Drop flicker data, cannot find sampling_id:84682!
11-10 15:05:23.249  1431  2167 W USF     : USF_API: Drop flicker data, cannot find sampling_id:84682!
11-10 15:05:23.260  1431  2167 W USF     : USF_API: Drop flicker data, cannot find sampling_id:84682!
11-10 15:05:23.269  1431  2167 W USF     : USF_API: Drop flicker data, cannot find sampling_id:84682!
11-10 15:05:23.279  1431  2167 W USF     : USF_API: Drop flicker data, cannot find sampling_id:84682!
11-10 15:05:23.289  1431  2167 W USF     : USF_API: Drop flicker data, cannot find sampling_id:84682!
11-10 15:05:23.299  1431  2167 W USF     : USF_API: Drop flicker data, cannot find sampling_id:84682!
11-10 15:05:23.309  1431  2167 W USF     : USF_API: Drop flicker data, cannot find sampling_id:84682!
11-10 15:05:23.319  1431  2167 W USF     : USF_API: Drop flicker data, cannot find sampling_id:84682!
11-10 15:05:23.329  1431  2167 W USF     : USF_API: Drop flicker data, cannot find sampling_id:84682!
11-10 15:05:23.339  1431  2167 W USF     : USF_API: Drop flicker data, cannot find sampling_id:84682!
11-10 15:05:23.342 30907 22383 I Icing   : Usage reports ok 6, Failed Usage reports 0, indexed 0, rejected 0
11-10 15:05:23.350  1431  2167 W USF     : USF_API: Drop flicker data, cannot find sampling_id:84682!
11-10 15:05:23.357 21379 25929 I cip     : Skipping package: com.microsoft.teams, it was already classified as: NOT_HARMFUL, and rescan was disabled
11-10 15:05:23.360  1431  2167 W USF     : USF_API: Drop flicker data, cannot find sampling_id:84682!
11-10 15:05:23.366  1432  1491 D CHRE.HAL: Received a nanoapp message from 0x476f6f676c001019 endpoint 0x2: Type 0x1f4 size 12 
11-10 15:05:23.367  7174  7218 I Finsky  : [1046] SCH: Scheduling phonesky job Id: 12-1, CT: 1762779922123, Constraints: [{ L: 15000, D: 86400000, C: CHARGING_NONE, I: IDLE_NONE, N: NET_ANY, B: BATTERY_ANY }]
11-10 15:05:23.370  1431  2167 W USF     : USF_API: Drop flicker data, cannot find sampling_id:84682!
11-10 15:05:23.376  1432  1491 D CHRE.HAL: Received a nanoapp message from 0x476f6f676c001019 endpoint 0x2: Type 0x1f4 size 12 
11-10 15:05:23.380  1431  2167 W USF     : USF_API: Drop flicker data, cannot find sampling_id:84682!
11-10 15:05:23.390  1431  2167 W USF     : USF_API: Drop flicker data, cannot find sampling_id:84682!
11-10 15:05:23.390  7174 12249 I Finsky  : [1213] com.microsoft.office.outlook: Account determined from installer data - [OIcNXCfaPyQqe-O_YOsH48juwncsdct_34AddibdWFI]
11-10 15:05:23.390  7174 12249 I Finsky  : [1213] Billing preferred account via installer for com.microsoft.office.outlook: [OIcNXCfaPyQqe-O_YOsH48juwncsdct_34AddibdWFI]
11-10 15:05:23.399  1431  2167 W USF     : USF_API: Drop flicker data, cannot find sampling_id:84682!
11-10 15:05:23.404 30907 22383 I Icing   : Usage reports ok 0, Failed Usage reports 0, indexed 0, rejected 0
11-10 15:05:23.405  7174  7211 I Finsky  : [1039] SCH: Scheduling 0 system job(s)
11-10 15:05:23.406  7174  7211 I Finsky  : [1039] [ContentSync] finished, scheduled=true
11-10 15:05:23.409  1431  2167 W USF     : USF_API: Drop flicker data, cannot find sampling_id:84682!
11-10 15:05:23.419  1431  2167 W USF     : USF_API: Drop flicker data, cannot find sampling_id:84682!
11-10 15:05:23.429  1431  2167 W USF     : USF_API: Drop flicker data, cannot find sampling_id:84682!
11-10 15:05:23.430  1884  5659 V SafetySourceDataValidat: Package: com.android.vending has expected signature
11-10 15:05:23.430  1884  5659 V SafetySourceDataValidat: Package: com.android.vending has expected signature
11-10 15:05:23.438  7174 12249 I Finsky  : [1213] com.microsoft.office.outlook: Account determined from installer data - [OIcNXCfaPyQqe-O_YOsH48juwncsdct_34AddibdWFI]
11-10 15:05:23.439  1431  2167 W USF     : USF_API: Drop flicker data, cannot find sampling_id:84682!
11-10 15:05:23.440  7174 12249 I Finsky  : [1213] Billing preferred account via installer for com.microsoft.office.outlook: [OIcNXCfaPyQqe-O_YOsH48juwncsdct_34AddibdWFI]
11-10 15:05:23.448 25498 25682 I IAPHelperImpl: queryPurchasesAsync succeeded, there are 0 purchases
11-10 15:05:23.449  1431  2167 W USF     : USF_API: Drop flicker data, cannot find sampling_id:84682!
11-10 15:05:23.459  1431  2167 W USF     : USF_API: Drop flicker data, cannot find sampling_id:84682!
11-10 15:05:23.469  1431  2167 W USF     : USF_API: Drop flicker data, cannot find sampling_id:84682!
11-10 15:05:23.475 30907 22383 I Icing   : Indexing com.google.android.gms-apps from com.google.android.gms
11-10 15:05:23.475 25498 25570 I outlook.platformSDK: initialize[Msai] <- IsComplete[true]
11-10 15:05:23.475 25498 25961 D nativeloader: Load /data/app/~~fa7mkXdI1-FiW79Tx-_OLA==/com.microsoft.office.outlook-csQJ0IBiUcnF5NteALRTQQ==/lib/arm64/libhermestooling.so using class loader ns clns-9 (caller=/data/app/~~fa7mkXdI1-FiW79Tx-_OLA==/com.microsoft.office.outlook-csQJ0IBiUcnF5NteALRTQQ==/base.apk!classes6.dex): ok
11-10 15:05:23.475 25498 25961 D jni_lib_merge: Entering merged library JNI_OnLoad.
11-10 15:05:23.475 25498 25961 D jni_lib_merge: Preparing 4 pre-merged libs (including stub)
11-10 15:05:23.475 25498 25961 D jni_lib_merge: Preparing to register libhermes_executor_so.  onload_func: 0x6f6211d868
11-10 15:05:23.475 25498 25961 D jni_lib_merge: Preparing to register libhermesinstancejni_so.  onload_func: 0x6f62124294
11-10 15:05:23.475 25498 25961 D jni_lib_merge: Preparing to register libjsijniprofiler_so.  onload_func: 0x6f62124950
11-10 15:05:23.475 25498 25961 D jni_lib_merge: About to register 3 actual methods.
11-10 15:05:23.476 25498 25570 I outlook.platformSDK: Package[Msai] Contribution[M365FirstActivityContribution]
11-10 15:05:23.477 25498 25570 I outlook.platformSDK: requestLoadContributionsAsyncV2[FirstActivityStartedContribution] - Loaded[3]
11-10 15:05:23.478 25498 25570 I Add-ins : App first activity post resumed. Initialize addins
11-10 15:05:23.479  1431  2167 W USF     : USF_API: Drop flicker data, cannot find sampling_id:84682!
11-10 15:05:23.480 25498 25570 I outlook.Accounts: supportsAddIns: Account does not support Add-ins
11-10 15:05:23.481 25498 25570 I outlook.Accounts: supportsAddIns: Account does not support Add-ins
11-10 15:05:23.489  1431  2167 W USF     : USF_API: Drop flicker data, cannot find sampling_id:84682!
11-10 15:05:23.499  1431  2167 W USF     : USF_API: Drop flicker data, cannot find sampling_id:84682!
11-10 15:05:23.507 25498 25961 D nativeloader: Load /data/app/~~fa7mkXdI1-FiW79Tx-_OLA==/com.microsoft.office.outlook-csQJ0IBiUcnF5NteALRTQQ==/lib/arm64/libfbjni.so using class loader ns clns-9 (caller=/data/app/~~fa7mkXdI1-FiW79Tx-_OLA==/com.microsoft.office.outlook-csQJ0IBiUcnF5NteALRTQQ==/base.apk!classes6.dex): ok
11-10 15:05:23.509  1431  2167 W USF     : USF_API: Drop flicker data, cannot find sampling_id:84682!
11-10 15:05:23.519  1431  2167 W USF     : USF_API: Drop flicker data, cannot find sampling_id:84682!
11-10 15:05:23.528  1431  2167 W USF     : USF_API: Drop flicker data, cannot find sampling_id:84682!
11-10 15:05:23.538 25498 25961 D nativeloader: Load /data/app/~~fa7mkXdI1-FiW79Tx-_OLA==/com.microsoft.office.outlook-csQJ0IBiUcnF5NteALRTQQ==/lib/arm64/libreactnative.so using class loader ns clns-9 (caller=/data/app/~~fa7mkXdI1-FiW79Tx-_OLA==/com.microsoft.office.outlook-csQJ0IBiUcnF5NteALRTQQ==/base.apk!classes6.dex): ok
11-10 15:05:23.539  1431  2167 W USF     : USF_API: Drop flicker data, cannot find sampling_id:84682!
11-10 15:05:23.543 25498 25570 I Msai    : Starting eligibility checks for [1] accounts
11-10 15:05:23.546 25498 25961 D jni_lib_merge: Entering merged library JNI_OnLoad.
11-10 15:05:23.546 25498 25961 D jni_lib_merge: Preparing 12 pre-merged libs (including stub)
11-10 15:05:23.546 25498 25961 D jni_lib_merge: Preparing to register libfabricjni_so.  onload_func: 0x6dcf0b78f8
11-10 15:05:23.546 25498 25961 D jni_lib_merge: Preparing to register libmapbufferjni_so.  onload_func: 0x6dcf109c94
11-10 15:05:23.546 25498 25961 D jni_lib_merge: Preparing to register libreact_devsupportjni_so.  onload_func: 0x6dcf17df24
11-10 15:05:23.546 25498 25961 D jni_lib_merge: Preparing to register libreact_featureflagsjni_so.  onload_func: 0x6dcf186448
11-10 15:05:23.546 25498 25961 D jni_lib_merge: Preparing to register libreact_newarchdefaults_so.  onload_func: 0x6dcf1a9404
11-10 15:05:23.546 25498 25961 D jni_lib_merge: Preparing to register libreactnativeblob_so.  onload_func: 0x6dcf230458
11-10 15:05:23.546 25498 25961 D jni_lib_merge: Preparing to register libreactnativejni_so.  onload_func: 0x6dcf24e4a4
11-10 15:05:23.546 25498 25961 D jni_lib_merge: Preparing to register librninstance_so.  onload_func: 0x6dcf268964
11-10 15:05:23.546 25498 25961 D jni_lib_merge: Preparing to register libturbomodulejsijni_so.  onload_func: 0x6dcf2c8e68
11-10 15:05:23.546 25498 25961 D jni_lib_merge: Preparing to register libuimanagerjni_so.  onload_func: 0x6dcf2d0380
11-10 15:05:23.546 25498 25961 D jni_lib_merge: Preparing to register libyoga_so.  onload_func: 0x6dcf2d572c
11-10 15:05:23.546 25498 25961 D jni_lib_merge: About to register 11 actual methods.
11-10 15:05:23.549  1431  2167 W USF     : USF_API: Drop flicker data, cannot find sampling_id:84682!
11-10 15:05:23.550 30907 22383 I Icing   : Indexing done com.google.android.gms-apps
11-10 15:05:23.559  1431  2167 W USF     : USF_API: Drop flicker data, cannot find sampling_id:84682!
11-10 15:05:23.568  1431  2167 W USF     : USF_API: Drop flicker data, cannot find sampling_id:84682!
11-10 15:05:23.578  1431  2167 W USF     : USF_API: Drop flicker data, cannot find sampling_id:84682!
11-10 15:05:23.588  1431  2167 W USF     : USF_API: Drop flicker data, cannot find sampling_id:84682!
11-10 15:05:23.598  1431  2167 W USF     : USF_API: Drop flicker data, cannot find sampling_id:84682!
11-10 15:05:23.608  1431  2167 W USF     : USF_API: Drop flicker data, cannot find sampling_id:84682!
11-10 15:05:23.610  1884  1911 W system_server: Suspending all threads took: 7.234ms
11-10 15:05:23.618  1431  2167 W USF     : USF_API: Drop flicker data, cannot find sampling_id:84682!
11-10 15:05:23.627 25498 25582 I Iris    : fetchCard: No eligible accounts found
11-10 15:05:23.628  1431  2167 W USF     : USF_API: Drop flicker data, cannot find sampling_id:84682!
11-10 15:05:23.638  1431  2167 W USF     : USF_API: Drop flicker data, cannot find sampling_id:84682!
11-10 15:05:23.648  1431  2167 W USF     : USF_API: Drop flicker data, cannot find sampling_id:84682!
11-10 15:05:23.658  1431  2167 W USF     : USF_API: Drop flicker data, cannot find sampling_id:84682!
11-10 15:05:23.668  1431  2167 W USF     : USF_API: Drop flicker data, cannot find sampling_id:84682!
11-10 15:05:23.678  1431  2167 W USF     : USF_API: Drop flicker data, cannot find sampling_id:84682!
11-10 15:05:23.688  1431  2167 W USF     : USF_API: Drop flicker data, cannot find sampling_id:84682!
11-10 15:05:23.698  1431  2167 W USF     : USF_API: Drop flicker data, cannot find sampling_id:84682!
11-10 15:05:23.708  1431  2167 W USF     : USF_API: Drop flicker data, cannot find sampling_id:84682!
11-10 15:05:23.718  1431  2167 W USF     : USF_API: Drop flicker data, cannot find sampling_id:84682!
11-10 15:05:23.730  1431  2167 W USF     : USF_API: Drop flicker data, cannot find sampling_id:84682!
11-10 15:05:23.732  1884  2488 V AccessibilityUserState: updateShortcutTargets: type:accessibility_shortcut_target_service, current:{com.google.android.marvin.talkback/com.google.android.marvin.talkback.TalkBackService}, new:{com.google.android.marvin.talkback/com.google.android.marvin.talkback.TalkBackService}
11-10 15:05:23.732  1884  2488 V AccessibilityUserState: updateShortcutTargets: type:accessibility_qs_targets, current:{com.android.server.accessibility/ReduceBrightColors}, new:{com.android.server.accessibility/ReduceBrightColors}
11-10 15:05:23.732  1884  2488 V AccessibilityUserState: updateShortcutTargets: type:accessibility_button_targets, current:{}, new:{}
11-10 15:05:23.732  1884  2488 V AccessibilityUserState: updateShortcutTargets: type:accessibility_gesture_targets, current:{}, new:{}
11-10 15:05:23.732  1884  2488 V AccessibilityUserState: updateShortcutTargets: type:accessibility_key_gesture_targets, current:{}, new:{}
11-10 15:05:23.734  1884  2488 V AccessibilityManagerService: onUserStateChangedLocked for userId: 0, forceUpdate: false
11-10 15:05:23.740  1431  2167 W USF     : USF_API: Drop flicker data, cannot find sampling_id:84682!
11-10 15:05:23.742  1884  2488 V AccessibilityUserState: updateShortcutTargets: type:accessibility_shortcut_target_service, current:{com.google.android.marvin.talkback/com.google.android.marvin.talkback.TalkBackService}, new:{com.google.android.marvin.talkback/com.google.android.marvin.talkback.TalkBackService}
11-10 15:05:23.743  1884  2488 V AccessibilityUserState: updateShortcutTargets: type:accessibility_button_targets, current:{}, new:{}
11-10 15:05:23.743  1884  2488 V AccessibilityUserState: updateShortcutTargets: type:accessibility_gesture_targets, current:{}, new:{}
11-10 15:05:23.743  1884  2488 V AccessibilityUserState: updateShortcutTargets: type:accessibility_qs_targets, current:{com.android.server.accessibility/ReduceBrightColors}, new:{com.android.server.accessibility/ReduceBrightColors}
11-10 15:05:23.743  1884  2488 V AccessibilityUserState: updateShortcutTargets: type:accessibility_key_gesture_targets, current:{}, new:{}
11-10 15:05:23.743  1884  2488 W MagnificationConnectionManager: requestConnection duplicated request: connect=false, mConnectionState=DISCONNECTED
11-10 15:05:23.744  1884  2488 V AccessibilityUserState: updateShortcutTargets: type:accessibility_button_targets, current:{}, new:{}
11-10 15:05:23.750  1431  2167 W USF     : USF_API: Drop flicker data, cannot find sampling_id:84682!
11-10 15:05:23.760  1431  2167 W USF     : USF_API: Drop flicker data, cannot find sampling_id:84682!
11-10 15:05:23.770  1431  2167 W USF     : USF_API: Drop flicker data, cannot find sampling_id:84682!
11-10 15:05:23.780  1431  2167 W USF     : USF_API: Drop flicker data, cannot find sampling_id:84682!
11-10 15:05:23.785  2221  2226 I pixel-thermal: disp_therm:39.541 raw data: disp_therm:39541 
11-10 15:05:23.787  2221  2226 I pixel-thermal: north_therm:36.914 raw data: north_therm:36914 
11-10 15:05:23.787  2221  2226 I pixel-thermal: cam_therm:37.471 raw data: cam_therm:37471 
11-10 15:05:23.789  2221  2226 I pixel-thermal: usb_pwr_therm:39.608 raw data: usb_pwr_therm:39608 
11-10 15:05:23.789  2221  2226 I pixel-thermal: Power rails total power: 2778.04 mW for 63151 ms
11-10 15:05:23.789  2221  2226 I pixel-thermal: Power rails [VSYS_PWR_MODEM: 33.56 mW] [S6S_LLDO2: 50.10 mW] [S8M_LLDO2: 70.53 mW] [S7M_VDD_TPU: 37.54 mW] [S6M_LLDO1: 231.64 mW] [S4M_VDD_CPUCL0: 560.32 mW] 
11-10 15:05:23.789  2221  2226 I pixel-thermal: Power rails [S2M_VDD_CPUCL2: 169.02 mW] [S1M_VDD_MIF: 186.30 mW] [S9M_VDD_CPUCL0_M: 27.09 mW] [L21S_VDD2L_MEM: 2.28 mW] [VSYS_PWR_DISPLAY: 265.42 mW] [L22M_DISP: 132.80 mW] 
11-10 15:05:23.789  2221  2226 I pixel-thermal: Power rails [VSYS_PWR_RFFE: 0.43 mW] [VSYS_PWR_WLAN_BT: 193.34 mW] [S5M_VDD_INT: 63.07 mW] [S9S_VDD_AOC: 29.94 mW] [S4S_VDD2H_MEM: 144.89 mW] [S3M_VDD_CPUCL1: 344.63 mW] 
11-10 15:05:23.789  2221  2226 I pixel-thermal: Power rails [L2S_PLL_MIPI_UFS: 91.44 mW] [S1S_VDD_CAM: 40.35 mW] [S2S_VDD_G3D: 70.11 mW] [S12S_VDD_AUR: 8.46 mW] [S5S_VDDQ_MEM: 14.24 mW] [S8S_VDD_G3D_L2: 10.56 mW] 
11-10 15:05:23.789  2221  2226 I pixel-thermal: CDEV log gxp-cooling state:0 tpu_cooling state:0 usbc-port state:0 thermal-cpufreq-1 state:9 chg_mdis state:11 thermal-gpufreq-0 state:0 thermal-cpufreq-2 state:12 thermal-cpufreq-0 state:2 
11-10 15:05:23.790  1431  2167 W USF     : USF_API: Drop flicker data, cannot find sampling_id:84682!
11-10 15:05:23.800  1431  2167 W USF     : USF_API: Drop flicker data, cannot find sampling_id:84682!
11-10 15:05:23.809  1431  2167 W USF     : USF_API: Drop flicker data, cannot find sampling_id:84682!
11-10 15:05:23.819  1431  2167 W USF     : USF_API: Drop flicker data, cannot find sampling_id:84682!
11-10 15:05:23.829  1431  2167 W USF     : USF_API: Drop flicker data, cannot find sampling_id:84682!
11-10 15:05:23.839  1431  2167 W USF     : USF_API: Drop flicker data, cannot find sampling_id:84682!
11-10 15:05:23.849  1431  2167 W USF     : USF_API: Drop flicker data, cannot find sampling_id:84682!
11-10 15:05:23.859  1431  2167 W USF     : USF_API: Drop flicker data, cannot find sampling_id:84682!
11-10 15:05:23.860  1884  5666 D ConnectivityService: requestNetwork for uid/pid:10300/25498 activeRequest: null callbackRequest: 38822 [NetworkRequest [ REQUEST id=38823, [ Capabilities: INTERNET&NOT_RESTRICTED&TRUSTED&NOT_VCN_MANAGED&NOT_BANDWIDTH_CONSTRAINED Uid: 10300 RequestorUid: 10300 RequestorPkg: com.microsoft.office.outlook UnderlyingNetworks: Null] ]] callback flags: 0 order: 2147483647 isUidTracked: false declaredMethods: AVAIL|LOSING|LOST|UNAVAIL|NC|LP
11-10 15:05:23.868  1431  2167 W USF     : USF_API: Drop flicker data, cannot find sampling_id:84682!
11-10 15:05:23.871  1884  2674 D OemPaidWifiNetworkFactory: got request NetworkRequest [ REQUEST id=38823, [ Capabilities: INTERNET&NOT_RESTRICTED&TRUSTED&NOT_VCN_MANAGED&NOT_BANDWIDTH_CONSTRAINED Uid: 10300 RequestorUid: 10300 RequestorPkg: com.microsoft.office.outlook UnderlyingNetworks: Null] ]
11-10 15:05:23.872  1884  2674 D MultiInternetWifiNetworkFactory: got request NetworkRequest [ REQUEST id=38823, [ Capabilities: INTERNET&NOT_RESTRICTED&TRUSTED&NOT_VCN_MANAGED&NOT_BANDWIDTH_CONSTRAINED Uid: 10300 RequestorUid: 10300 RequestorPkg: com.microsoft.office.outlook UnderlyingNetworks: Null] ]
11-10 15:05:23.872  1884  2681 D ConnectivityService: NetReassign [38823 : null  129] [c 0] [a 5] [i 3]
11-10 15:05:23.873  1884  2674 D WifiNetworkFactory: got request NetworkRequest [ REQUEST id=38823, [ Capabilities: INTERNET&NOT_RESTRICTED&TRUSTED&NOT_VCN_MANAGED&NOT_BANDWIDTH_CONSTRAINED Uid: 10300 RequestorUid: 10300 RequestorPkg: com.microsoft.office.outlook UnderlyingNetworks: Null] ]
11-10 15:05:23.873  1884  2674 D UntrustedWifiNetworkFactory: got request NetworkRequest [ REQUEST id=38823, [ Capabilities: INTERNET&NOT_RESTRICTED&TRUSTED&NOT_VCN_MANAGED&NOT_BANDWIDTH_CONSTRAINED Uid: 10300 RequestorUid: 10300 RequestorPkg: com.microsoft.office.outlook UnderlyingNetworks: Null] ]
11-10 15:05:23.878  1431  2167 W USF     : USF_API: Drop flicker data, cannot find sampling_id:84682!
11-10 15:05:23.888  1431  2167 W USF     : USF_API: Drop flicker data, cannot find sampling_id:84682!
11-10 15:05:23.898  1431  2167 W USF     : USF_API: Drop flicker data, cannot find sampling_id:84682!
11-10 15:05:23.908  1431  2167 W USF     : USF_API: Drop flicker data, cannot find sampling_id:84682!
11-10 15:05:23.917  1431  2167 W USF     : USF_API: Drop flicker data, cannot find sampling_id:84682!
11-10 15:05:23.927  1431  2167 W USF     : USF_API: Drop flicker data, cannot find sampling_id:84682!
11-10 15:05:23.937  1431  2167 W USF     : USF_API: Drop flicker data, cannot find sampling_id:84682!
11-10 15:05:23.948  1431  2167 W USF     : USF_API: Drop flicker data, cannot find sampling_id:84682!
11-10 15:05:23.950 25498 25971 W unknown:ViewManagerPropertyUpdater: Could not find generated setter for class com.microsoft.office.react.livepersonacard.internal.LpcBackBarButtonManager
11-10 15:05:23.957  1431  2167 W USF     : USF_API: Drop flicker data, cannot find sampling_id:84682!
11-10 15:05:23.960 25498 25971 W unknown:ViewManagerPropertyUpdater: Could not find generated setter for class com.facebook.react.uimanager.t
11-10 15:05:23.965 25498 25971 W unknown:ViewManagerPropertyUpdater: Could not find generated setter for class com.microsoft.office.react.livepersonacard.internal.LpcMoreOptionsMenuManager
11-10 15:05:23.966  1884  2681 D InetDiagMessage: Destroyed 1 sockets, proto=IPPROTO_TCP, family=AF_INET, states=14
11-10 15:05:23.968  1431  2167 W USF     : USF_API: Drop flicker data, cannot find sampling_id:84682!
11-10 15:05:23.969  1884  2488 V AccessibilityUserState: updateShortcutTargets: type:accessibility_shortcut_target_service, current:{com.google.android.marvin.talkback/com.google.android.marvin.talkback.TalkBackService}, new:{com.google.android.marvin.talkback/com.google.android.marvin.talkback.TalkBackService}
11-10 15:05:23.969  1884  2488 V AccessibilityUserState: updateShortcutTargets: type:accessibility_qs_targets, current:{com.android.server.accessibility/ReduceBrightColors}, new:{com.android.server.accessibility/ReduceBrightColors}
11-10 15:05:23.969  1884  2488 V AccessibilityUserState: updateShortcutTargets: type:accessibility_button_targets, current:{}, new:{}
11-10 15:05:23.969  1884  2488 V AccessibilityUserState: updateShortcutTargets: type:accessibility_gesture_targets, current:{}, new:{}
11-10 15:05:23.969  1884  2488 V AccessibilityUserState: updateShortcutTargets: type:accessibility_key_gesture_targets, current:{}, new:{}
11-10 15:05:23.969 25498 25971 W unknown:ViewManagerPropertyUpdater: Could not find generated setter for class com.microsoft.office.react.livepersonacard.internal.LpcNavigateBackManager
11-10 15:05:23.969  1884  2488 V AccessibilityManagerService: onUserStateChangedLocked for userId: 0, forceUpdate: false
11-10 15:05:23.971 25498 25971 W unknown:ViewManagerPropertyUpdater: Could not find generated setter for class com.microsoft.office.react.livepersonacard.internal.LpcRadioButtonManager
11-10 15:05:23.972 25498 25971 W unknown:ViewManagerPropertyUpdater: Could not find generated setter for class com.microsoft.office.react.livepersonacard.internal.LpcRadioButtonManager$LpcRadioButtonShadowNode
11-10 15:05:23.973 25498 25971 W unknown:ViewManagerPropertyUpdater: Could not find generated setter for class com.microsoft.office.react.livepersonacard.internal.LpcResponsiveTitleManager
11-10 15:05:23.973  1884  2681 D InetDiagMessage: Destroyed 0 sockets, proto=IPPROTO_TCP, family=AF_INET6, states=14
11-10 15:05:23.973  1884  2681 D InetDiagMessage: Destroyed live tcp sockets for uids={10288} in 14ms
11-10 15:05:23.974  1884  2488 V AccessibilityUserState: updateShortcutTargets: type:accessibility_shortcut_target_service, current:{com.google.android.marvin.talkback/com.google.android.marvin.talkback.TalkBackService}, new:{com.google.android.marvin.talkback/com.google.android.marvin.talkback.TalkBackService}
11-10 15:05:23.974  1884  2488 V AccessibilityUserState: updateShortcutTargets: type:accessibility_button_targets, current:{}, new:{}
11-10 15:05:23.974  1884  2488 V AccessibilityUserState: updateShortcutTargets: type:accessibility_gesture_targets, current:{}, new:{}
11-10 15:05:23.974  1884  2488 V AccessibilityUserState: updateShortcutTargets: type:accessibility_qs_targets, current:{com.android.server.accessibility/ReduceBrightColors}, new:{com.android.server.accessibility/ReduceBrightColors}
11-10 15:05:23.974  1884  2488 V AccessibilityUserState: updateShortcutTargets: type:accessibility_key_gesture_targets, current:{}, new:{}
11-10 15:05:23.974  1884  2488 W MagnificationConnectionManager: requestConnection duplicated request: connect=false, mConnectionState=DISCONNECTED
11-10 15:05:23.975 25498 25971 W unknown:ViewManagerPropertyUpdater: Could not find generated setter for class com.microsoft.office.react.livepersonacard.internal.LpcScrollViewDelegateManager
11-10 15:05:23.975  1884  2681 D InetDiagMessage: Destroyed 0 sockets, proto=IPPROTO_TCP, family=AF_INET, states=14
11-10 15:05:23.977  1431  2167 W USF     : USF_API: Drop flicker data, cannot find sampling_id:84682!
11-10 15:05:23.979 25498 25971 W unknown:ViewManagerPropertyUpdater: Could not find generated setter for class com.microsoft.office.react.livepersonacard.internal.LpcAvatarImageManager
11-10 15:05:23.979  1884  5659 D ConnectivityService: Returning BLOCKED NetworkInfo to uid=10288
11-10 15:05:23.980  1884  2681 D InetDiagMessage: Destroyed 0 sockets, proto=IPPROTO_TCP, family=AF_INET6, states=14
11-10 15:05:23.981  1884  2681 D InetDiagMessage: Destroyed live tcp sockets for uids={20288} in 7ms
11-10 15:05:23.981 25498 25971 W unknown:ViewManagerPropertyUpdater: Could not find generated setter for class com.facebook.react.views.drawer.ReactDrawerLayoutManager
11-10 15:05:23.985 25498 25971 W unknown:ViewManagerPropertyUpdater: Could not find generated setter for class com.facebook.react.views.scroll.ReactHorizontalScrollViewManager
11-10 15:05:23.987  1431  2167 W USF     : USF_API: Drop flicker data, cannot find sampling_id:84682!
11-10 15:05:23.992 25498 25971 W unknown:ViewManagerPropertyUpdater: Could not find generated setter for class com.facebook.react.views.scroll.ReactHorizontalScrollContainerViewManager
11-10 15:05:23.997  1431  2167 W USF     : USF_API: Drop flicker data, cannot find sampling_id:84682!
11-10 15:05:23.999 25498 25971 W unknown:ViewManagerPropertyUpdater: Could not find generated setter for class com.facebook.react.views.progressbar.ReactProgressBarViewManager
11-10 15:05:24.000 25498 25971 W unknown:ViewManagerPropertyUpdater: Could not find generated setter for class com.facebook.react.views.progressbar.b
11-10 15:05:24.002 25498 25971 W unknown:ViewManagerPropertyUpdater: Could not find generated setter for class com.facebook.react.views.scroll.ReactScrollViewManager
11-10 15:05:24.006 25498 25971 W unknown:ViewManagerPropertyUpdater: Could not find generated setter for class com.facebook.react.views.switchview.ReactSwitchManager
11-10 15:05:24.007  1431  2167 W USF     : USF_API: Drop flicker data, cannot find sampling_id:84682!
11-10 15:05:24.017  1884  1911 I system_server: Background concurrent mark compact GC freed 96MB AllocSpace bytes, 96(2500KB) LOS objects, 46% free, 110MB/206MB, paused 13.337ms,18.085ms total 3.041s
11-10 15:05:24.017  1431  2167 W USF     : USF_API: Drop flicker data, cannot find sampling_id:84682!
11-10 15:05:24.027  1431  2167 W USF     : USF_API: Drop flicker data, cannot find sampling_id:84682!
11-10 15:05:24.037  1431  2167 W USF     : USF_API: Drop flicker data, cannot find sampling_id:84682!
11-10 15:05:24.040 25498 25971 W unknown:ViewManagerPropertyUpdater: Could not find generated setter for class com.facebook.react.views.switchview.ReactSwitchManager$b
11-10 15:05:24.041 25498 25971 W unknown:ViewManagerPropertyUpdater: Could not find generated setter for class com.facebook.react.views.safeareaview.ReactSafeAreaViewManager
11-10 15:05:24.042 25498 25971 W unknown:ViewManagerPropertyUpdater: Could not find generated setter for class com.facebook.react.views.safeareaview.c
11-10 15:05:24.043 25498 25971 W unknown:ViewManagerPropertyUpdater: Could not find generated setter for class com.facebook.react.views.swiperefresh.SwipeRefreshLayoutManager
11-10 15:05:24.047  1431  2167 W USF     : USF_API: Drop flicker data, cannot find sampling_id:84682!
11-10 15:05:24.048 25498 25971 W unknown:ViewManagerPropertyUpdater: Could not find generated setter for class com.facebook.react.views.text.frescosupport.FrescoBasedReactTextInlineImageViewManager
11-10 15:05:24.048 25498 25971 W unknown:ViewManagerPropertyUpdater: Could not find generated setter for class com.facebook.react.views.text.frescosupport.a
11-10 15:05:24.050 25498 25971 W unknown:ViewManagerPropertyUpdater: Could not find generated setter for class com.facebook.react.views.image.ReactImageManager
11-10 15:05:24.053 25498 25971 W unknown:ViewManagerPropertyUpdater: Could not find generated setter for class com.facebook.react.views.modal.ReactModalHostManager
11-10 15:05:24.055 25498 25971 W unknown:ViewManagerPropertyUpdater: Could not find generated setter for class com.facebook.react.views.text.ReactRawTextManager
11-10 15:05:24.056  1884  1912 I libbinder.BpBinder: onLastStrongRef automatically unlinking death recipients: 
11-10 15:05:24.056 25498 25971 W unknown:ViewManagerPropertyUpdater: Could not find generated setter for class com.facebook.react.views.text.e
11-10 15:05:24.057 12933 13026 D WellbeingModel: ....actionId: pause, packages: com.example.mobiledigger
11-10 15:05:24.057 12933 13026 I WellbeingModel: retrieveActions(): finished
11-10 15:05:24.057  1431  2167 W USF     : USF_API: Drop flicker data, cannot find sampling_id:84682!
11-10 15:05:24.058 25498 25971 W unknown:ViewManagerPropertyUpdater: Could not find generated setter for class com.facebook.react.views.textinput.ReactTextInputManager
11-10 15:05:24.064 25498 25971 W unknown:ViewManagerPropertyUpdater: Could not find generated setter for class com.facebook.react.views.textinput.D
11-10 15:05:24.067  1431  2167 W USF     : USF_API: Drop flicker data, cannot find sampling_id:84682!
11-10 15:05:24.069 25498 25971 W unknown:ViewManagerPropertyUpdater: Could not find generated setter for class com.facebook.react.views.text.ReactTextViewManager
11-10 15:05:24.072 25498 25971 W unknown:ViewManagerPropertyUpdater: Could not find generated setter for class com.facebook.react.views.text.f
11-10 15:05:24.076 25498 25971 W unknown:ViewManagerPropertyUpdater: Could not find generated setter for class com.facebook.react.views.view.ReactViewManager
11-10 15:05:24.077  1431  2167 W USF     : USF_API: Drop flicker data, cannot find sampling_id:84682!
11-10 15:05:24.078 25498 25971 W unknown:ViewManagerPropertyUpdater: Could not find generated setter for class com.facebook.react.views.text.ReactVirtualTextViewManager
11-10 15:05:24.078 25498 25971 W unknown:ViewManagerPropertyUpdater: Could not find generated setter for class com.facebook.react.views.text.k
11-10 15:05:24.081 25498 25971 W unknown:ViewManagerPropertyUpdater: Could not find generated setter for class com.facebook.react.views.unimplementedview.ReactUnimplementedViewManager
11-10 15:05:24.087  1431  2167 W USF     : USF_API: Drop flicker data, cannot find sampling_id:84682!
