11-02 21:48:03.136 25742 25742 D AudioManager: ğŸ“ File URI: content://com.android.externalstorage.documents/tree/primary%3ATrial%20now%2F04.%20April/document/primary%3ATrial%20now%2F04.%20April%2F2024-04-24%2FChiara%20Manchia%20and%20Paul%20Quzz%20-%20Garlato.flac
11-02 21:48:03.318 25742 25742 D AudioManager: ğŸ“ Temp file created: /data/user/0/com.example.mobiledigger/cache/aiff_temp_8461425453809056013.aiff
11-02 21:48:03.756 25742 25742 D MusicViewModel: ğŸ“ LOAD_CURRENT_FILE() - playFile result: true
11-02 21:48:03.756 25742 25742 D MusicViewModel: ğŸ“ LOAD_CURRENT_FILE() - playback started successfully for Chiara Manchia and Paul Quzz - Garlato.flac
11-02 21:48:03.756 25742 25742 D MusicViewModel: ğŸ“ LOAD_CURRENT_FILE() - extracting duration for Chiara Manchia and Paul Quzz - Garlato.flac
11-02 21:48:03.757 25742 25742 D MusicViewModel: ğŸ“ LOAD_CURRENT_FILE() - updating notification
11-02 21:48:03.762 25742 25742 D MusicViewModel: ğŸ“ LOAD_CURRENT_FILE() - starting preload next song
11-02 21:48:03.806 25742 25786 D MusicViewModel: ğŸ“ LOAD_CURRENT_FILE() - extracted duration: 480006ms
11-02 21:48:03.868 25742 25742 D VlcAudioBackend: ğŸ“ Media changed
11-02 21:48:03.998 25742 25742 D MusicViewModel: ğŸ“ LOAD_CURRENT_FILE() - duration updated
11-02 21:48:07.086 25742 25742 D MusicViewModel: ğŸ” sortAtIndex: index=0, file='Bok.p - Creator [OTD003].flac', action=DISLIKE, playlistSize=122
11-02 21:48:07.087 25742 25742 D MusicViewModel: ğŸ”¢ Removed Bok.p - Creator [OTD003].flac from playedButNotActioned counter (sortAtIndex)
11-02 21:48:07.109 25742 25779 D FileOperationWorker: Processing move: Bok.p - Creator [OTD003].flac -> DISLIKE
11-02 21:48:07.110 25742 25779 D FileManager: ğŸ” Starting sort operation for: Bok.p - Creator [OTD003].flac with action: DISLIKE
11-02 21:48:07.398 25742 25781 D MusicViewModel: ğŸ“ Subfolder: 123 - 2 files
11-02 21:48:08.244 25742 25742 D MusicViewModel: ğŸ“ LOAD_CURRENT_FILE() called
11-02 21:48:08.245 25742 25742 D MusicViewModel: ğŸ“ LOAD_CURRENT_FILE() - getting files for playlist: TODO
11-02 21:48:08.245 25742 25742 D MusicViewModel: ğŸ“ LOAD_CURRENT_FILE() - files count: 121, current index: 1
11-02 21:48:08.246 25742 25742 D MusicViewModel: ğŸ“ LOAD_CURRENT_FILE() - loading file: DOTT - Bullets On The Floor [MR007].flac
11-02 21:48:08.246 25742 25742 D MusicViewModel: ğŸ“ LOAD_CURRENT_FILE() - stored current file
11-02 21:48:08.246 25742 25742 D MusicViewModel: ğŸ“ LOAD_CURRENT_FILE() - updated current playing file to: DOTT - Bullets On The Floor [MR007].flac (URI: content://com.android.externalstorage.documents/tree/primary%3ATrial%20now%2F04.%20April/document/primary%3ATrial%20now%2F04.%20April%2F2024-04-24%2FDOTT%20-%20Bullets%20On%20The%20Floor%20%5BMR007%5D.flac)
11-02 21:48:08.246 25742 25742 D MusicViewModel: ğŸ“ LOAD_CURRENT_FILE() - preloaded next file: Daniel Ortiz - Self-Control [DAM30].flac
11-02 21:48:08.247 25742 25742 D MusicViewModel: ğŸ“ LOAD_CURRENT_FILE() - checking memory pressure
11-02 21:48:08.247 25742 25742 D MusicViewModel: ğŸ“ LOAD_CURRENT_FILE() - available memory: 231MB
11-02 21:48:08.247 25742 25742 D MusicViewModel: ğŸ“ LOAD_CURRENT_FILE() - calling audioManager.playFile()
11-02 21:48:08.247 25742 25742 D AudioManager: ğŸ“ File URI: content://com.android.externalstorage.documents/tree/primary%3ATrial%20now%2F04.%20April/document/primary%3ATrial%20now%2F04.%20April%2F2024-04-24%2FDOTT%20-%20Bullets%20On%20The%20Floor%20%5BMR007%5D.flac
11-02 21:48:08.424 25742 25742 D AudioManager: ğŸ“ Temp file created: /data/user/0/com.example.mobiledigger/cache/aiff_temp_221381196697475078.aiff
11-02 21:48:08.871 25742 25742 D MusicViewModel: ğŸ“ LOAD_CURRENT_FILE() - playFile result: true
11-02 21:48:08.871 25742 25742 D MusicViewModel: ğŸ“ LOAD_CURRENT_FILE() - playback started successfully for DOTT - Bullets On The Floor [MR007].flac
11-02 21:48:08.873 25742 25742 D MusicViewModel: ğŸ“ LOAD_CURRENT_FILE() - extracting duration for DOTT - Bullets On The Floor [MR007].flac
11-02 21:48:08.873 25742 25742 D MusicViewModel: ğŸ“ LOAD_CURRENT_FILE() - updating notification
11-02 21:48:08.883 25742 25742 D MusicViewModel: ğŸ“ LOAD_CURRENT_FILE() - starting preload next song
11-02 21:48:08.962 25742 25779 D MusicViewModel: ğŸ“ LOAD_CURRENT_FILE() - extracted duration: 425025ms
11-02 21:48:08.962 25742 25742 D VlcAudioBackend: ğŸ“ Media changed
11-02 21:48:09.105 25742 25742 D MusicViewModel: ğŸ“ LOAD_CURRENT_FILE() - duration updated
11-02 21:48:11.347 25742 25742 D MusicViewModel: ğŸ“ LOAD_CURRENT_FILE() called
11-02 21:48:11.348 25742 25742 D MusicViewModel: ğŸ“ LOAD_CURRENT_FILE() - getting files for playlist: TODO
11-02 21:48:11.349 25742 25742 D MusicViewModel: ğŸ“ LOAD_CURRENT_FILE() - files count: 121, current index: 2
11-02 21:48:11.349 25742 25742 D MusicViewModel: ğŸ“ LOAD_CURRENT_FILE() - loading file: Daniel Ortiz - Self-Control [DAM30].flac
11-02 21:48:11.350 25742 25742 D MusicViewModel: ğŸ“ LOAD_CURRENT_FILE() - stored current file
11-02 21:48:11.350 25742 25742 D MusicViewModel: ğŸ“ LOAD_CURRENT_FILE() - updated current playing file to: Daniel Ortiz - Self-Control [DAM30].flac (URI: content://com.android.externalstorage.documents/tree/primary%3ATrial%20now%2F04.%20April/document/primary%3ATrial%20now%2F04.%20April%2F2024-04-24%2FDaniel%20Ortiz%20-%20Self-Control%20%5BDAM30%5D.flac)
11-02 21:48:11.351 25742 25742 D MusicViewModel: ğŸ“ LOAD_CURRENT_FILE() - preloaded next file: Disset - Abu playin the 909 [A404DIGI001].flac
11-02 21:48:11.351 25742 25742 D MusicViewModel: ğŸ“ LOAD_CURRENT_FILE() - checking memory pressure
11-02 21:48:11.351 25742 25742 D MusicViewModel: ğŸ“ LOAD_CURRENT_FILE() - available memory: 241MB
11-02 21:48:11.352 25742 25742 D MusicViewModel: ğŸ“ LOAD_CURRENT_FILE() - calling audioManager.playFile()
11-02 21:48:11.352 25742 25742 D AudioManager: ğŸ“ File URI: content://com.android.externalstorage.documents/tree/primary%3ATrial%20now%2F04.%20April/document/primary%3ATrial%20now%2F04.%20April%2F2024-04-24%2FDaniel%20Ortiz%20-%20Self-Control%20%5BDAM30%5D.flac
11-02 21:48:11.532 25742 25742 D AudioManager: ğŸ“ Temp file created: /data/user/0/com.example.mobiledigger/cache/aiff_temp_7739532333506789382.aiff
11-02 21:48:11.909 25742 25742 D MusicViewModel: ğŸ“ LOAD_CURRENT_FILE() - playFile result: true
11-02 21:48:11.909 25742 25742 D MusicViewModel: ğŸ“ LOAD_CURRENT_FILE() - playback started successfully for Daniel Ortiz - Self-Control [DAM30].flac
11-02 21:48:11.910 25742 25742 D MusicViewModel: ğŸ“ LOAD_CURRENT_FILE() - extracting duration for Daniel Ortiz - Self-Control [DAM30].flac
11-02 21:48:11.911 25742 25742 D MusicViewModel: ğŸ“ LOAD_CURRENT_FILE() - updating notification
11-02 21:48:11.915 25742 25742 D MusicViewModel: ğŸ“ LOAD_CURRENT_FILE() - starting preload next song
11-02 21:48:11.981 25742 25785 D MusicViewModel: ğŸ“ LOAD_CURRENT_FILE() - extracted duration: 455025ms
11-02 21:48:11.982 25742 25742 D VlcAudioBackend: ğŸ“ Media changed
11-02 21:48:12.119 25742 25742 D MusicViewModel: ğŸ“ LOAD_CURRENT_FILE() - duration updated
11-02 21:48:14.808 25742 25742 D MusicViewModel: ğŸ“ LOAD_CURRENT_FILE() called
11-02 21:48:14.809 25742 25742 D MusicViewModel: ğŸ“ LOAD_CURRENT_FILE() - getting files for playlist: TODO
11-02 21:48:14.809 25742 25742 D MusicViewModel: ğŸ“ LOAD_CURRENT_FILE() - files count: 121, current index: 3
11-02 21:48:14.809 25742 25742 D MusicViewModel: ğŸ“ LOAD_CURRENT_FILE() - loading file: Disset - Abu playin the 909 [A404DIGI001].flac
11-02 21:48:14.810 25742 25742 D MusicViewModel: ğŸ“ LOAD_CURRENT_FILE() - stored current file
11-02 21:48:14.810 25742 25742 D MusicViewModel: ğŸ“ LOAD_CURRENT_FILE() - updated current playing file to: Disset - Abu playin the 909 [A404DIGI001].flac (URI: content://com.android.externalstorage.documents/tree/primary%3ATrial%20now%2F04.%20April/document/primary%3ATrial%20now%2F04.%20April%2F2024-04-24%2FDisset%20-%20Abu%20playin%20the%20909%20%5BA404DIGI001%5D.flac)
11-02 21:48:14.810 25742 25742 D MusicViewModel: ğŸ“ LOAD_CURRENT_FILE() - preloaded next file: Gulf Breeze - Something Strange (Muelsa Remix) [STFM004].flac
11-02 21:48:14.810 25742 25742 D MusicViewModel: ğŸ“ LOAD_CURRENT_FILE() - checking memory pressure
11-02 21:48:14.810 25742 25742 D MusicViewModel: ğŸ“ LOAD_CURRENT_FILE() - available memory: 238MB
11-02 21:48:14.811 25742 25742 D MusicViewModel: ğŸ“ LOAD_CURRENT_FILE() - calling audioManager.playFile()
11-02 21:48:14.811 25742 25742 D AudioManager: ğŸ“ File URI: content://com.android.externalstorage.documents/tree/primary%3ATrial%20now%2F04.%20April/document/primary%3ATrial%20now%2F04.%20April%2F2024-04-24%2FDisset%20-%20Abu%20playin%20the%20909%20%5BA404DIGI001%5D.flac
11-02 21:48:14.987 25742 25742 D AudioManager: ğŸ“ Temp file created: /data/user/0/com.example.mobiledigger/cache/aiff_temp_4447238572650326046.aiff
11-02 21:48:15.435 25742 25742 D MusicViewModel: ğŸ“ LOAD_CURRENT_FILE() - playFile result: true
11-02 21:48:15.435 25742 25742 D MusicViewModel: ğŸ“ LOAD_CURRENT_FILE() - playback started successfully for Disset - Abu playin the 909 [A404DIGI001].flac
11-02 21:48:15.437 25742 25742 D MusicViewModel: ğŸ“ LOAD_CURRENT_FILE() - extracting duration for Disset - Abu playin the 909 [A404DIGI001].flac
11-02 21:48:15.438 25742 25742 D MusicViewModel: ğŸ“ LOAD_CURRENT_FILE() - updating notification
11-02 21:48:15.445 25742 25742 D MusicViewModel: ğŸ“ LOAD_CURRENT_FILE() - starting preload next song
11-02 21:48:15.510 25742 25780 D MusicViewModel: ğŸ“ LOAD_CURRENT_FILE() - extracted duration: 380013ms
11-02 21:48:15.536 25742 25742 D VlcAudioBackend: ğŸ“ Media changed
11-02 21:48:15.665 25742 25742 D MusicViewModel: ğŸ“ LOAD_CURRENT_FILE() - duration updated
11-02 21:48:18.899 25742 25742 D MusicViewModel: ğŸ” sortAtIndex: index=3, file='Disset - Abu playin the 909 [A404DIGI001].flac', action=DISLIKE, playlistSize=121
11-02 21:48:18.900 25742 25742 D MusicViewModel: ğŸ”¢ Removed Disset - Abu playin the 909 [A404DIGI001].flac from playedButNotActioned counter (sortAtIndex)
11-02 21:48:18.910 25742 25781 D FileOperationWorker: Processing move: Disset - Abu playin the 909 [A404DIGI001].flac -> DISLIKE
11-02 21:48:18.911 25742 25781 D FileManager: ğŸ” Starting sort operation for: Disset - Abu playin the 909 [A404DIGI001].flac with action: DISLIKE
11-02 21:48:18.978 25742 25742 D MusicViewModel: ğŸ“ LOAD_CURRENT_FILE() called
11-02 21:48:18.978 25742 25742 D MusicViewModel: ğŸ“ LOAD_CURRENT_FILE() - getting files for playlist: TODO
11-02 21:48:18.978 25742 25742 D MusicViewModel: ğŸ“ LOAD_CURRENT_FILE() - files count: 120, current index: 3
11-02 21:48:18.978 25742 25742 D MusicViewModel: ğŸ“ LOAD_CURRENT_FILE() - loading file: Gulf Breeze - Something Strange (Muelsa Remix) [STFM004].flac
11-02 21:48:18.978 25742 25742 D MusicViewModel: ğŸ“ LOAD_CURRENT_FILE() - stored current file
11-02 21:48:18.979 25742 25742 D MusicViewModel: ğŸ“ LOAD_CURRENT_FILE() - updated current playing file to: Gulf Breeze - Something Strange (Muelsa Remix) [STFM004].flac (URI: content://com.android.externalstorage.documents/tree/primary%3ATrial%20now%2F04.%20April/document/primary%3ATrial%20now%2F04.%20April%2F2024-04-24%2FGulf%20Breeze%20-%20Something%20Strange%20(Muelsa%20Remix)%20%5BSTFM004%5D.flac)
11-02 21:48:18.979 25742 25742 D MusicViewModel: ğŸ“ LOAD_CURRENT_FILE() - preloaded next file: Jnt - Jazzed up.flac
11-02 21:48:18.979 25742 25742 D MusicViewModel: ğŸ“ LOAD_CURRENT_FILE() - checking memory pressure
11-02 21:48:18.979 25742 25742 D MusicViewModel: ğŸ“ LOAD_CURRENT_FILE() - available memory: 236MB
11-02 21:48:18.979 25742 25742 D MusicViewModel: ğŸ“ LOAD_CURRENT_FILE() - calling audioManager.playFile()
11-02 21:48:18.979 25742 25742 D AudioManager: ğŸ“ File URI: content://com.android.externalstorage.documents/tree/primary%3ATrial%20now%2F04.%20April/document/primary%3ATrial%20now%2F04.%20April%2F2024-04-24%2FGulf%20Breeze%20-%20Something%20Strange%20(Muelsa%20Remix)%20%5BSTFM004%5D.flac
11-02 21:48:19.133 25742 25742 D AudioManager: ğŸ“ Temp file created: /data/user/0/com.example.mobiledigger/cache/aiff_temp_5453985979282952045.aiff
11-02 21:48:19.495 25742 25742 D MusicViewModel: ğŸ“ LOAD_CURRENT_FILE() - playFile result: true
11-02 21:48:19.496 25742 25742 D MusicViewModel: ğŸ“ LOAD_CURRENT_FILE() - playback started successfully for Gulf Breeze - Something Strange (Muelsa Remix) [STFM004].flac
11-02 21:48:19.497 25742 25742 D MusicViewModel: ğŸ“ LOAD_CURRENT_FILE() - extracting duration for Gulf Breeze - Something Strange (Muelsa Remix) [STFM004].flac
11-02 21:48:19.497 25742 25742 D MusicViewModel: ğŸ“ LOAD_CURRENT_FILE() - updating notification
11-02 21:48:19.501 25742 25742 D MusicViewModel: ğŸ“ LOAD_CURRENT_FILE() - starting preload next song
11-02 21:48:19.562 25742 25781 D MusicViewModel: ğŸ“ LOAD_CURRENT_FILE() - extracted duration: 375125ms
11-02 21:48:19.563 25742 25742 D VlcAudioBackend: ğŸ“ Media changed
11-02 21:48:19.693 25742 25742 D MusicViewModel: ğŸ“ LOAD_CURRENT_FILE() - duration updated
11-02 21:48:19.809 25742 25781 D MusicViewModel: ğŸ“ Subfolder: 123 - 2 files
11-02 21:48:22.797 25742 25742 D MusicPlayerScreen: ğŸ” Swipe gesture: index=4, file='Gulf Breeze - Something Strange (Muelsa Remix) [STFM004].flac', swipeOffset=-200.0, action=DISLIKE
11-02 21:48:22.799 25742 25742 D MusicViewModel: ğŸ” sortMusicFile called: Gulf Breeze - Something Strange (Muelsa Remix) [STFM004].flac with action=DISLIKE
11-02 21:48:22.799 25742 25742 D MusicViewModel: ğŸ“ Sorting file: Gulf Breeze - Something Strange (Muelsa Remix) [STFM004].flac with action DISLIKE, source: TODO
11-02 21:48:22.800 25742 25785 D FileManager: ğŸ” Starting sort operation for: Gulf Breeze - Something Strange (Muelsa Remix) [STFM004].flac with action: DISLIKE
11-02 21:48:23.148 25742 25742 D MusicViewModel: ğŸ“ FileManager.sortFile result: success=true for Gulf Breeze - Something Strange (Muelsa Remix) [STFM004].flac
11-02 21:48:23.211 25742 25742 D MusicViewModel: ğŸ“ LOAD_CURRENT_FILE() called
11-02 21:48:23.211 25742 25742 D MusicViewModel: ğŸ“ LOAD_CURRENT_FILE() - getting files for playlist: TODO
11-02 21:48:23.212 25742 25742 D MusicViewModel: ğŸ“ LOAD_CURRENT_FILE() - files count: 119, current index: 3
11-02 21:48:23.212 25742 25742 D MusicViewModel: ğŸ“ LOAD_CURRENT_FILE() - loading file: Jnt - Jazzed up.flac
11-02 21:48:23.213 25742 25742 D MusicViewModel: ğŸ“ LOAD_CURRENT_FILE() - stored current file
11-02 21:48:23.213 25742 25742 D MusicViewModel: ğŸ“ LOAD_CURRENT_FILE() - updated current playing file to: Jnt - Jazzed up.flac (URI: content://com.android.externalstorage.documents/tree/primary%3ATrial%20now%2F04.%20April/document/primary%3ATrial%20now%2F04.%20April%2F2024-04-24%2FJnt%20-%20Jazzed%20up.flac)
11-02 21:48:23.214 25742 25742 D MusicViewModel: ğŸ“ LOAD_CURRENT_FILE() - preloaded next file: Latent and Retrolog - Super Villain [OTD003].flac
11-02 21:48:23.214 25742 25742 D MusicViewModel: ğŸ“ LOAD_CURRENT_FILE() - checking memory pressure
11-02 21:48:23.215 25742 25742 D MusicViewModel: ğŸ“ LOAD_CURRENT_FILE() - available memory: 227MB
11-02 21:48:23.215 25742 25742 D MusicViewModel: ğŸ“ LOAD_CURRENT_FILE() - calling audioManager.playFile()
11-02 21:48:23.216 25742 25742 D AudioManager: ğŸ“ File URI: content://com.android.externalstorage.documents/tree/primary%3ATrial%20now%2F04.%20April/document/primary%3ATrial%20now%2F04.%20April%2F2024-04-24%2FJnt%20-%20Jazzed%20up.flac
11-02 21:48:23.373 25742 25742 D AudioManager: ğŸ“ Temp file created: /data/user/0/com.example.mobiledigger/cache/aiff_temp_413271019674124950.aiff
11-02 21:48:23.736 25742 25742 D MusicViewModel: ğŸ“ LOAD_CURRENT_FILE() - playFile result: true
11-02 21:48:23.737 25742 25742 D MusicViewModel: ğŸ“ LOAD_CURRENT_FILE() - playback started successfully for Jnt - Jazzed up.flac
11-02 21:48:23.738 25742 25742 D MusicViewModel: ğŸ“ LOAD_CURRENT_FILE() - extracting duration for Jnt - Jazzed up.flac
11-02 21:48:23.739 25742 25742 D MusicViewModel: ğŸ“ LOAD_CURRENT_FILE() - updating notification
11-02 21:48:23.748 25742 25742 D MusicViewModel: ğŸ“ LOAD_CURRENT_FILE() - starting preload next song
11-02 21:48:23.821 25742 25785 D MusicViewModel: ğŸ“ LOAD_CURRENT_FILE() - extracted duration: 342053ms
11-02 21:48:23.845 25742 25742 D VlcAudioBackend: ğŸ“ Media changed
11-02 21:48:23.974 25742 25742 D MusicViewModel: ğŸ“ LOAD_CURRENT_FILE() - duration updated
11-02 21:48:24.165 25742 26016 D MusicViewModel: ğŸ“ Subfolder: 123 - 2 files
11-02 21:48:30.373 25742 25742 D MusicViewModel: ğŸ“‚ moveCurrentFileToSubfolder called - Current file: Jnt - Jazzed up.flac, Subfolder: 234
11-02 21:48:30.811 25742 25742 D MusicViewModel: ğŸ“ LOAD_CURRENT_FILE() called
11-02 21:48:30.812 25742 25742 D MusicViewModel: ğŸ“ LOAD_CURRENT_FILE() - getting files for playlist: TODO
11-02 21:48:30.812 25742 25742 D MusicViewModel: ğŸ“ LOAD_CURRENT_FILE() - files count: 118, current index: 3
11-02 21:48:30.812 25742 25742 D MusicViewModel: ğŸ“ LOAD_CURRENT_FILE() - loading file: Latent and Retrolog - Super Villain [OTD003].flac
11-02 21:48:30.812 25742 25742 D MusicViewModel: ğŸ“ LOAD_CURRENT_FILE() - stored current file
11-02 21:48:30.812 25742 25742 D MusicViewModel: ğŸ“ LOAD_CURRENT_FILE() - updated current playing file to: Latent and Retrolog - Super Villain [OTD003].flac (URI: content://com.android.externalstorage.documents/tree/primary%3ATrial%20now%2F04.%20April/document/primary%3ATrial%20now%2F04.%20April%2F2024-04-24%2FLatent%20and%20Retrolog%20-%20Super%20Villain%20%5BOTD003%5D.flac)
11-02 21:48:30.812 25742 25742 D MusicViewModel: ğŸ“ LOAD_CURRENT_FILE() - preloaded next file: Leo Lang - New Caffee In The Hood.flac
11-02 21:48:30.812 25742 25742 D MusicViewModel: ğŸ“ LOAD_CURRENT_FILE() - checking memory pressure
11-02 21:48:30.812 25742 25742 D MusicViewModel: ğŸ“ LOAD_CURRENT_FILE() - available memory: 227MB
11-02 21:48:30.812 25742 25742 D MusicViewModel: ğŸ“ LOAD_CURRENT_FILE() - calling audioManager.playFile()
11-02 21:48:30.812 25742 25742 D AudioManager: ğŸ“ File URI: content://com.android.externalstorage.documents/tree/primary%3ATrial%20now%2F04.%20April/document/primary%3ATrial%20now%2F04.%20April%2F2024-04-24%2FLatent%20and%20Retrolog%20-%20Super%20Villain%20%5BOTD003%5D.flac
11-02 21:48:30.985 25742 25742 D AudioManager: ğŸ“ Temp file created: /data/user/0/com.example.mobiledigger/cache/aiff_temp_6920557384570501754.aiff
11-02 21:48:31.426 25742 25742 D MusicViewModel: ğŸ“ LOAD_CURRENT_FILE() - playFile result: true
11-02 21:48:31.427 25742 25742 D MusicViewModel: ğŸ“ LOAD_CURRENT_FILE() - playback started successfully for Latent and Retrolog - Super Villain [OTD003].flac
11-02 21:48:31.429 25742 25742 D MusicViewModel: ğŸ“ LOAD_CURRENT_FILE() - extracting duration for Latent and Retrolog - Super Villain [OTD003].flac
11-02 21:48:31.430 25742 25742 D MusicViewModel: ğŸ“ LOAD_CURRENT_FILE() - updating notification
11-02 21:48:31.436 25742 25742 D MusicViewModel: ğŸ“ LOAD_CURRENT_FILE() - starting preload next song
11-02 21:48:31.504 25742 25785 D MusicViewModel: ğŸ“ LOAD_CURRENT_FILE() - extracted duration: 364560ms
11-02 21:48:31.507 25742 25742 D VlcAudioBackend: ğŸ“ Media changed
11-02 21:48:31.554 25742 25742 D MusicViewModel: ğŸ“ LOAD_CURRENT_FILE() - duration updated
