10-07 07:35:10.016 E/ExoPlayerImplInternal( 7509):       at android.os.Looper.loopOnce(Looper.java:251)
10-07 07:35:10.016 E/ExoPlayerImplInternal( 7509):       at android.os.Looper.loop(Looper.java:349)
10-07 07:35:10.016 E/ExoPlayerImplInternal( 7509):       at android.os.HandlerThread.run(HandlerThread.java:100)
10-07 07:35:10.016 E/ExoPlayerImplInternal( 7509):   Caused by: androidx.media3.datasource.FileDataSource$FileDataSourceException: java.io.FileNotFoundException: : open failed: ENOENT (No such file or directory)
10-07 07:35:10.016 E/ExoPlayerImplInternal( 7509):       at androidx.media3.datasource.FileDataSource.openLocalFile(FileDataSource.java:205)
10-07 07:35:10.016 E/ExoPlayerImplInternal( 7509):       at androidx.media3.datasource.FileDataSource.open(FileDataSource.java:116)
10-07 07:35:10.016 E/ExoPlayerImplInternal( 7509):       at androidx.media3.datasource.DefaultDataSource.open(DefaultDataSource.java:275)
10-07 07:35:10.016 E/ExoPlayerImplInternal( 7509):       at androidx.media3.datasource.StatsDataSource.open(StatsDataSource.java:86)
10-07 07:35:10.016 E/ExoPlayerImplInternal( 7509):       at androidx.media3.exoplayer.source.ProgressiveMediaPeriod$ExtractingLoadable.load(ProgressiveMediaPeriod.java:1029)
10-07 07:35:10.016 E/ExoPlayerImplInternal( 7509):       at androidx.media3.exoplayer.upstream.Loader$LoadTask.run(Loader.java:421)
10-07 07:35:10.016 E/ExoPlayerImplInternal( 7509):       at java.util.concurrent.ThreadPoolExecutor.runWorker(ThreadPoolExecutor.java:1156)
10-07 07:35:10.016 E/ExoPlayerImplInternal( 7509):       at java.util.concurrent.ThreadPoolExecutor$Worker.run(ThreadPoolExecutor.java:651)
10-07 07:35:10.016 E/ExoPlayerImplInternal( 7509):       at java.lang.Thread.run(Thread.java:1119)
10-07 07:35:10.016 E/ExoPlayerImplInternal( 7509):   Caused by: java.io.FileNotFoundException: : open failed: ENOENT (No such file or directory)
10-07 07:35:10.016 E/ExoPlayerImplInternal( 7509):       at libcore.io.IoBridge.open(IoBridge.java:574)
10-07 07:35:10.016 E/ExoPlayerImplInternal( 7509):       at java.io.RandomAccessFile.<init>(RandomAccessFile.java:307)
10-07 07:35:10.016 E/ExoPlayerImplInternal( 7509):       at java.io.RandomAccessFile.<init>(RandomAccessFile.java:237)
10-07 07:35:10.016 E/ExoPlayerImplInternal( 7509):       at java.io.RandomAccessFile.<init>(RandomAccessFile.java:154)
10-07 07:35:10.016 E/ExoPlayerImplInternal( 7509):       at androidx.media3.datasource.FileDataSource.openLocalFile(FileDataSource.java:186)
10-07 07:35:10.016 E/ExoPlayerImplInternal( 7509):       ... 8 more
10-07 07:35:10.016 E/ExoPlayerImplInternal( 7509):   Caused by: android.system.ErrnoException: open failed: ENOENT (No such file or directory)
10-07 07:35:10.016 E/ExoPlayerImplInternal( 7509):       at libcore.io.Linux.open(Native Method)
10-07 07:35:10.016 E/ExoPlayerImplInternal( 7509):       at libcore.io.ForwardingOs.open(ForwardingOs.java:568)
10-07 07:35:10.016 E/ExoPlayerImplInternal( 7509):       at libcore.io.BlockGuardOs.open(BlockGuardOs.java:274)
10-07 07:35:10.016 E/ExoPlayerImplInternal( 7509):       at libcore.io.ForwardingOs.open(ForwardingOs.java:568)
10-07 07:35:10.016 E/ExoPlayerImplInternal( 7509):       at android.app.AndroidForwardingOs.open(AndroidForwardingOs.java:120)
10-07 07:35:10.016 E/ExoPlayerImplInternal( 7509):       at libcore.io.IoBridge.open(IoBridge.java:560)
10-07 07:35:10.016 E/ExoPlayerImplInternal( 7509):       ... 12 more
10-07 07:35:10.037 D/MusicService( 7509): Player (MediaSession) Error: Source error
10-07 07:35:10.037 D/MusicService( 7509): androidx.media3.exoplayer.ExoPlaybackException: Source error
10-07 07:35:10.037 D/MusicService( 7509): 	at androidx.media3.exoplayer.ExoPlayerImplInternal.handleIoException(ExoPlayerImplInternal.java:717)
10-07 07:35:10.037 D/MusicService( 7509): 	at androidx.media3.exoplayer.ExoPlayerImplInternal.handleMessage(ExoPlayerImplInternal.java:689)
10-07 07:35:10.037 D/MusicService( 7509): 	at android.os.Handler.dispatchMessage(Handler.java:106)
10-07 07:35:10.037 D/MusicService( 7509): 	at android.os.Looper.dispatchMessage(Looper.java:315)
10-07 07:35:10.037 D/MusicService( 7509): 	at android.os.Looper.loopOnce(Looper.java:251)
10-07 07:35:10.037 D/MusicService( 7509): 	at android.os.Looper.loop(Looper.java:349)
10-07 07:35:10.037 D/MusicService( 7509): 	at android.os.HandlerThread.run(HandlerThread.java:100)
10-07 07:35:10.037 D/MusicService( 7509): Caused by: androidx.media3.datasource.FileDataSource$FileDataSourceException: java.io.FileNotFoundException: : open failed: ENOENT (No such file or directory)
10-07 07:35:10.037 D/MusicService( 7509): 	at androidx.media3.datasource.FileDataSource.openLocalFile(FileDataSource.java:205)
10-07 07:35:10.037 D/MusicService( 7509): 	at androidx.media3.datasource.FileDataSource.open(FileDataSource.java:116)
10-07 07:35:10.037 D/MusicService( 7509): 	at androidx.media3.datasource.DefaultDataSource.open(DefaultDataSource.java:275)
10-07 07:35:10.037 D/MusicService( 7509): 	at androidx.media3.datasource.StatsDataSource.open(StatsDataSource.java:86)
10-07 07:35:10.037 D/MusicService( 7509): 	at androidx.media3.exoplayer.source.ProgressiveMediaPeriod$ExtractingLoadable.load(ProgressiveMediaPeriod.java:1029)
10-07 07:35:10.037 D/MusicService( 7509): 	at androidx.media3.exoplayer.upstream.Loader$LoadTask.run(Loader.java:421)
10-07 07:35:10.037 D/MusicService( 7509): 	at java.util.concurrent.ThreadPoolExecutor.runWorker(ThreadPoolExecutor.java:1156)
10-07 07:35:10.037 D/MusicService( 7509): 	at java.util.concurrent.ThreadPoolExecutor$Worker.run(ThreadPoolExecutor.java:651)
10-07 07:35:10.037 D/MusicService( 7509): 	at java.lang.Thread.run(Thread.java:1119)
10-07 07:35:10.037 D/MusicService( 7509): Caused by: java.io.FileNotFoundException: : open failed: ENOENT (No such file or directory)
10-07 07:35:10.037 D/MusicService( 7509): 	at libcore.io.IoBridge.open(IoBridge.java:574)
10-07 07:35:10.037 D/MusicService( 7509): 	at java.io.RandomAccessFile.<init>(RandomAccessFile.java:307)
10-07 07:35:10.037 D/MusicService( 7509): 	at java.io.RandomAccessFile.<init>(RandomAccessFile.java:237)
10-07 07:35:10.037 D/MusicService( 7509): 	at java.io.RandomAccessFile.<init>(RandomAccessFile.java:154)
10-07 07:35:10.037 D/MusicService( 7509): 	at androidx.media3.datasource.FileDataSource.openLocalFile(FileDataSource.java:186)
10-07 07:35:10.037 D/MusicService( 7509): 	... 8 more
10-07 07:35:10.037 D/MusicService( 7509): Caused by: android.system.ErrnoException: open failed: ENOENT (No such file or directory)
10-07 07:35:10.037 D/MusicService( 7509): 	at libcore.io.Linux.open(Native Method)
10-07 07:35:10.037 D/MusicService( 7509): 	at libcore.io.ForwardingOs.open(ForwardingOs.java:568)
10-07 07:35:10.037 D/MusicService( 7509): 	at libcore.io.BlockGuardOs.open(BlockGuardOs.java:274)
10-07 07:35:10.037 D/MusicService( 7509): 	at libcore.io.ForwardingOs.open(ForwardingOs.java:568)
10-07 07:35:10.037 D/MusicService( 7509): 	at android.app.AndroidForwardingOs.open(AndroidForwardingOs.java:120)
10-07 07:35:10.037 D/MusicService( 7509): 	at libcore.io.IoBridge.open(IoBridge.java:560)
10-07 07:35:10.037 D/MusicService( 7509): 	... 12 more
10-07 07:35:10.040 D/MediaSessionService( 1579): onSessionPlaybackStateChanged: record=com.example.mobiledigger/androidx.media3.session.id./124 (userId=0) playbackState=PlaybackState {state=ERROR(7), position=0, buffered position=0, speed=0.0, updated=116551506, actions=7339703, custom actions=[], active item id=0, error=Source error}
10-07 07:35:10.043 D/MusicService( 7509): Player (MediaSession) onPlaybackStateChanged: 1, Duration: -9223372036854775807, Position: 0
10-07 07:35:10.061 D/MediaSessionService( 1579): onSessionPlaybackStateChanged: record=com.example.mobiledigger/androidx.media3.session.id./124 (userId=0) playbackState=PlaybackState {state=ERROR(7), position=0, buffered position=0, speed=0.0, updated=116551527, actions=7339703, custom actions=[], active item id=0, error=Source error}
10-07 07:35:11.998 I/WifiHAL ( 1074): In GetCachedScanResultsCommand::handleResponse
10-07 07:35:15.094 I/WifiHAL ( 1074): In GetCachedScanResultsCommand::handleResponse
10-07 07:35:18.170 I/WifiHAL ( 1074): In GetCachedScanResultsCommand::handleResponse
10-07 07:35:21.250 I/WifiHAL ( 1074): In GetCachedScanResultsCommand::handleResponse
10-07 07:35:24.343 I/WifiHAL ( 1074): In GetCachedScanResultsCommand::handleResponse
10-07 07:35:27.406 I/WifiHAL ( 1074): In GetCachedScanResultsCommand::handleResponse
10-07 07:35:30.481 I/WifiHAL ( 1074): In GetCachedScanResultsCommand::handleResponse
10-07 07:35:33.560 I/WifiHAL ( 1074): In GetCachedScanResultsCommand::handleResponse
10-07 07:35:36.636 I/WifiHAL ( 1074): In GetCachedScanResultsCommand::handleResponse
10-07 07:35:39.734 I/WifiHAL ( 1074): In GetCachedScanResultsCommand::handleResponse
10-07 07:35:42.829 I/WifiHAL ( 1074): In GetCachedScanResultsCommand::handleResponse
10-07 07:35:45.908 I/WifiHAL ( 1074): In GetCachedScanResultsCommand::handleResponse
10-07 07:35:49.001 I/WifiHAL ( 1074): In GetCachedScanResultsCommand::handleResponse
10-07 07:35:52.089 I/WifiHAL ( 1074): In GetCachedScanResultsCommand::handleResponse
10-07 07:35:55.175 I/WifiHAL ( 1074): In GetCachedScanResultsCommand::handleResponse
10-07 07:35:55.833 D/MusicServiceCallback( 7509): HEADPHONE NEXT → map to DISLIKE (single)
10-07 07:35:55.837 D/MusicService( 7509): Notification action: DISLIKE
10-07 07:35:55.841 D/MusicViewModel( 1208): Safe sorting file: Morgado, Bruce Leroys - Nothing Compares 2 U.wav with action DISLIKE
10-07 07:35:55.867 D/FileManager( 1208): Source file found: Morgado, Bruce Leroys - Nothing Compares 2 U.wav, exists: true, canRead: true
10-07 07:35:57.678 D/AudioManager( 1208): ExoPlayer stopped
10-07 07:35:57.678 D/AudioManager( 1208): ExoPlayer cleared
10-07 07:35:57.679 D/MusicViewModel( 1208): EMERGENCY: Memory usage at 90%, performing aggressive cleanup
10-07 07:35:57.746 D/AudioManager( 1208): ExoPlayer cleared
10-07 07:35:57.746 D/AudioManager( 1208): ExoPlayer attempting to play URI: content://com.android.externalstorage.documents/tree/primary%3AAndroid%2Fmedia%2Fcom.whatsapp%2FWhatsApp%2FMedia%2FWhatsApp%20Documents/document/primary%3AAndroid%2Fmedia%2Fcom.whatsapp%2FWhatsApp%2FMedia%2FWhatsApp%20Documents%2FPrivate%2FAurory%20-%20Energy%20field%20(Master).wav
10-07 07:35:57.747 D/AudioManager( 1208): ExoPlayer started successfully
10-07 07:35:57.747 D/AudioManager( 1208): ExoPlayer playback successful for: Aurory - Energy field (Master).wav
10-07 07:35:57.747 D/MusicViewModel( 1208): Playback started successfully for Aurory - Energy field (Master).wav
10-07 07:35:57.749 D/MusicViewModel( 1208): MusicService started successfully.
10-07 07:35:57.750 D/MusicViewModel( 1208): Preloaded next song: Randoree, High Notes - That's Ill [Make The Girls Dance Records].aiff
10-07 07:35:57.757 D/MusicService( 7509): Started foreground service with notification
10-07 07:35:57.759 D/MusicService( 7509): updateNotificationData - Title: Aurory - Energy field (Master).wav, Playing: true, Position: 0, Duration: 0
10-07 07:35:57.765 D/MediaSessionService( 1579): onSessionPlaybackStateChanged: record=com.example.mobiledigger/androidx.media3.session.id./124 (userId=0) playbackState=PlaybackState {state=ERROR(7), position=0, buffered position=0, speed=0.0, updated=116599231, actions=7339703, custom actions=[], active item id=0, error=Source error}
10-07 07:35:57.766 D/MusicService( 7509): Player (MediaSession) onMediaItemTransition reason: 3
10-07 07:35:57.768 D/MediaSessionService( 1579): onSessionPlaybackStateChanged: record=com.example.mobiledigger/androidx.media3.session.id./124 (userId=0) playbackState=PlaybackState {state=ERROR(7), position=0, buffered position=0, speed=0.0, updated=116599234, actions=7339703, custom actions=[], active item id=0, error=Source error}
10-07 07:35:57.774 D/MusicService( 7509): Player (MediaSession) onPlaybackStateChanged: 2, Duration: -9223372036854775807, Position: 0
10-07 07:35:57.785 D/MusicService( 7509): MediaSession player updated - URI: , Title: Aurory - Energy field (Master).wav, Duration in Meta: 0
10-07 07:35:57.950 D/MusicViewModel( 1208): Refreshed all playlists
10-07 07:35:57.953 D/MusicViewModel( 1208): Loading liked files from destination folder: Results
10-07 07:35:58.242 I/WifiHAL ( 1074): In GetCachedScanResultsCommand::handleResponse
10-07 07:35:58.508 D/MusicViewModel( 1208): Found 96 liked files (including subfolders), 84 unique
10-07 07:35:58.510 D/MusicViewModel( 1208): Updated liked files StateFlow with 84 files
10-07 07:35:58.528 D/MusicViewModel( 1208): Loading rejected files from URI: content://com.android.externalstorage.documents/tree/primary%3AResults/document/primary%3AResults%2FRejected
10-07 07:35:58.537 D/MusicViewModel( 1208): Found 0 rejected files
10-07 07:35:58.546 D/MusicViewModel( 1208): Updated rejected files StateFlow with 0 files
10-07 07:36:00.809 E/ExoPlayerImplInternal( 7509): Playback error
10-07 07:36:00.809 E/ExoPlayerImplInternal( 7509):   androidx.media3.exoplayer.ExoPlaybackException: Source error
10-07 07:36:00.809 E/ExoPlayerImplInternal( 7509):       at androidx.media3.exoplayer.ExoPlayerImplInternal.handleIoException(ExoPlayerImplInternal.java:717)
10-07 07:36:00.809 E/ExoPlayerImplInternal( 7509):       at androidx.media3.exoplayer.ExoPlayerImplInternal.handleMessage(ExoPlayerImplInternal.java:689)
10-07 07:36:00.809 E/ExoPlayerImplInternal( 7509):       at android.os.Handler.dispatchMessage(Handler.java:106)
10-07 07:36:00.809 E/ExoPlayerImplInternal( 7509):       at android.os.Looper.dispatchMessage(Looper.java:315)
10-07 07:36:00.809 E/ExoPlayerImplInternal( 7509):       at android.os.Looper.loopOnce(Looper.java:251)
10-07 07:36:00.809 E/ExoPlayerImplInternal( 7509):       at android.os.Looper.loop(Looper.java:349)
10-07 07:36:00.809 E/ExoPlayerImplInternal( 7509):       at android.os.HandlerThread.run(HandlerThread.java:100)
10-07 07:36:00.809 E/ExoPlayerImplInternal( 7509):   Caused by: androidx.media3.datasource.FileDataSource$FileDataSourceException: java.io.FileNotFoundException: : open failed: ENOENT (No such file or directory)
10-07 07:36:00.809 E/ExoPlayerImplInternal( 7509):       at androidx.media3.datasource.FileDataSource.openLocalFile(FileDataSource.java:205)
10-07 07:36:00.809 E/ExoPlayerImplInternal( 7509):       at androidx.media3.datasource.FileDataSource.open(FileDataSource.java:116)
10-07 07:36:00.809 E/ExoPlayerImplInternal( 7509):       at androidx.media3.datasource.DefaultDataSource.open(DefaultDataSource.java:275)
10-07 07:36:00.809 E/ExoPlayerImplInternal( 7509):       at androidx.media3.datasource.StatsDataSource.open(StatsDataSource.java:86)
10-07 07:36:00.809 E/ExoPlayerImplInternal( 7509):       at androidx.media3.exoplayer.source.ProgressiveMediaPeriod$ExtractingLoadable.load(ProgressiveMediaPeriod.java:1029)
10-07 07:36:00.809 E/ExoPlayerImplInternal( 7509):       at androidx.media3.exoplayer.upstream.Loader$LoadTask.run(Loader.java:421)
10-07 07:36:00.809 E/ExoPlayerImplInternal( 7509):       at java.util.concurrent.ThreadPoolExecutor.runWorker(ThreadPoolExecutor.java:1156)
10-07 07:36:00.809 E/ExoPlayerImplInternal( 7509):       at java.util.concurrent.ThreadPoolExecutor$Worker.run(ThreadPoolExecutor.java:651)
10-07 07:36:00.809 E/ExoPlayerImplInternal( 7509):       at java.lang.Thread.run(Thread.java:1119)
10-07 07:36:00.809 E/ExoPlayerImplInternal( 7509):   Caused by: java.io.FileNotFoundException: : open failed: ENOENT (No such file or directory)
10-07 07:36:00.809 E/ExoPlayerImplInternal( 7509):       at libcore.io.IoBridge.open(IoBridge.java:574)
10-07 07:36:00.809 E/ExoPlayerImplInternal( 7509):       at java.io.RandomAccessFile.<init>(RandomAccessFile.java:307)
10-07 07:36:00.809 E/ExoPlayerImplInternal( 7509):       at java.io.RandomAccessFile.<init>(RandomAccessFile.java:237)
10-07 07:36:00.809 E/ExoPlayerImplInternal( 7509):       at java.io.RandomAccessFile.<init>(RandomAccessFile.java:154)
10-07 07:36:00.809 E/ExoPlayerImplInternal( 7509):       at androidx.media3.datasource.FileDataSource.openLocalFile(FileDataSource.java:186)
10-07 07:36:00.809 E/ExoPlayerImplInternal( 7509):       ... 8 more
10-07 07:36:00.809 E/ExoPlayerImplInternal( 7509):   Caused by: android.system.ErrnoException: open failed: ENOENT (No such file or directory)
10-07 07:36:00.809 E/ExoPlayerImplInternal( 7509):       at libcore.io.Linux.open(Native Method)
10-07 07:36:00.809 E/ExoPlayerImplInternal( 7509):       at libcore.io.ForwardingOs.open(ForwardingOs.java:568)
10-07 07:36:00.809 E/ExoPlayerImplInternal( 7509):       at libcore.io.BlockGuardOs.open(BlockGuardOs.java:274)
10-07 07:36:00.809 E/ExoPlayerImplInternal( 7509):       at libcore.io.ForwardingOs.open(ForwardingOs.java:568)
10-07 07:36:00.809 E/ExoPlayerImplInternal( 7509):       at android.app.AndroidForwardingOs.open(AndroidForwardingOs.java:120)
10-07 07:36:00.809 E/ExoPlayerImplInternal( 7509):       at libcore.io.IoBridge.open(IoBridge.java:560)
10-07 07:36:00.809 E/ExoPlayerImplInternal( 7509):       ... 12 more
10-07 07:36:00.826 D/MusicService( 7509): Player (MediaSession) Error: Source error
10-07 07:36:00.826 D/MusicService( 7509): androidx.media3.exoplayer.ExoPlaybackException: Source error
10-07 07:36:00.826 D/MusicService( 7509): 	at androidx.media3.exoplayer.ExoPlayerImplInternal.handleIoException(ExoPlayerImplInternal.java:717)
10-07 07:36:00.826 D/MusicService( 7509): 	at androidx.media3.exoplayer.ExoPlayerImplInternal.handleMessage(ExoPlayerImplInternal.java:689)
10-07 07:36:00.826 D/MusicService( 7509): 	at android.os.Handler.dispatchMessage(Handler.java:106)
10-07 07:36:00.826 D/MusicService( 7509): 	at android.os.Looper.dispatchMessage(Looper.java:315)
10-07 07:36:00.826 D/MusicService( 7509): 	at android.os.Looper.loopOnce(Looper.java:251)
10-07 07:36:00.826 D/MusicService( 7509): 	at android.os.Looper.loop(Looper.java:349)
10-07 07:36:00.826 D/MusicService( 7509): 	at android.os.HandlerThread.run(HandlerThread.java:100)
10-07 07:36:00.826 D/MusicService( 7509): Caused by: androidx.media3.datasource.FileDataSource$FileDataSourceException: java.io.FileNotFoundException: : open failed: ENOENT (No such file or directory)
10-07 07:36:00.826 D/MusicService( 7509): 	at androidx.media3.datasource.FileDataSource.openLocalFile(FileDataSource.java:205)
10-07 07:36:00.826 D/MusicService( 7509): 	at androidx.media3.datasource.FileDataSource.open(FileDataSource.java:116)
10-07 07:36:00.826 D/MusicService( 7509): 	at androidx.media3.datasource.DefaultDataSource.open(DefaultDataSource.java:275)
10-07 07:36:00.826 D/MusicService( 7509): 	at androidx.media3.datasource.StatsDataSource.open(StatsDataSource.java:86)
10-07 07:36:00.826 D/MusicService( 7509): 	at androidx.media3.exoplayer.source.ProgressiveMediaPeriod$ExtractingLoadable.load(ProgressiveMediaPeriod.java:1029)
10-07 07:36:00.826 D/MusicService( 7509): 	at androidx.media3.exoplayer.upstream.Loader$LoadTask.run(Loader.java:421)
10-07 07:36:00.826 D/MusicService( 7509): 	at java.util.concurrent.ThreadPoolExecutor.runWorker(ThreadPoolExecutor.java:1156)
10-07 07:36:00.826 D/MusicService( 7509): 	at java.util.concurrent.ThreadPoolExecutor$Worker.run(ThreadPoolExecutor.java:651)
10-07 07:36:00.826 D/MusicService( 7509): 	at java.lang.Thread.run(Thread.java:1119)
10-07 07:36:00.826 D/MusicService( 7509): Caused by: java.io.FileNotFoundException: : open failed: ENOENT (No such file or directory)
10-07 07:36:00.826 D/MusicService( 7509): 	at libcore.io.IoBridge.open(IoBridge.java:574)
10-07 07:36:00.826 D/MusicService( 7509): 	at java.io.RandomAccessFile.<init>(RandomAccessFile.java:307)
10-07 07:36:00.826 D/MusicService( 7509): 	at java.io.RandomAccessFile.<init>(RandomAccessFile.java:237)
10-07 07:36:00.826 D/MusicService( 7509): 	at java.io.RandomAccessFile.<init>(RandomAccessFile.java:154)
10-07 07:36:00.826 D/MusicService( 7509): 	at androidx.media3.datasource.FileDataSource.openLocalFile(FileDataSource.java:186)
10-07 07:36:00.826 D/MusicService( 7509): 	... 8 more
10-07 07:36:00.826 D/MusicService( 7509): Caused by: android.system.ErrnoException: open failed: ENOENT (No such file or directory)
10-07 07:36:00.826 D/MusicService( 7509): 	at libcore.io.Linux.open(Native Method)
10-07 07:36:00.826 D/MusicService( 7509): 	at libcore.io.ForwardingOs.open(ForwardingOs.java:568)
10-07 07:36:00.826 D/MusicService( 7509): 	at libcore.io.BlockGuardOs.open(BlockGuardOs.java:274)
10-07 07:36:00.826 D/MusicService( 7509): 	at libcore.io.ForwardingOs.open(ForwardingOs.java:568)
10-07 07:36:00.826 D/MusicService( 7509): 	at android.app.AndroidForwardingOs.open(AndroidForwardingOs.java:120)
10-07 07:36:00.826 D/MusicService( 7509): 	at libcore.io.IoBridge.open(IoBridge.java:560)
10-07 07:36:00.826 D/MusicService( 7509): 	... 12 more
10-07 07:36:00.830 D/MediaSessionService( 1579): onSessionPlaybackStateChanged: record=com.example.mobiledigger/androidx.media3.session.id./124 (userId=0) playbackState=PlaybackState {state=ERROR(7), position=0, buffered position=0, speed=0.0, updated=116602296, actions=7339703, custom actions=[], active item id=0, error=Source error}
10-07 07:36:00.835 D/MusicService( 7509): Player (MediaSession) onPlaybackStateChanged: 1, Duration: -9223372036854775807, Position: 0
10-07 07:36:00.854 D/MediaSessionService( 1579): onSessionPlaybackStateChanged: record=com.example.mobiledigger/androidx.media3.session.id./124 (userId=0) playbackState=PlaybackState {state=ERROR(7), position=0, buffered position=0, speed=0.0, updated=116602320, actions=7339703, custom actions=[], active item id=0, error=Source error}
10-07 07:36:01.318 I/WifiHAL ( 1074): In GetCachedScanResultsCommand::handleResponse
10-07 07:36:04.389 I/WifiHAL ( 1074): In GetCachedScanResultsCommand::handleResponse
10-07 07:36:07.469 I/WifiHAL ( 1074): In GetCachedScanResultsCommand::handleResponse
10-07 07:36:10.556 I/WifiHAL ( 1074): In GetCachedScanResultsCommand::handleResponse
10-07 07:36:13.678 I/WifiHAL ( 1074): In GetCachedScanResultsCommand::handleResponse
10-07 07:36:16.769 I/WifiHAL ( 1074): In GetCachedScanResultsCommand::handleResponse
10-07 07:36:19.863 I/WifiHAL ( 1074): In GetCachedScanResultsCommand::handleResponse
10-07 07:36:22.957 I/WifiHAL ( 1074): In GetCachedScanResultsCommand::handleResponse
10-07 07:36:26.042 I/WifiHAL ( 1074): In GetCachedScanResultsCommand::handleResponse
10-07 07:36:29.108 I/WifiHAL ( 1074): In GetCachedScanResultsCommand::handleResponse
10-07 07:36:32.186 I/WifiHAL ( 1074): In GetCachedScanResultsCommand::handleResponse
10-07 07:36:35.263 I/WifiHAL ( 1074): In GetCachedScanResultsCommand::handleResponse
10-07 07:36:38.356 I/WifiHAL ( 1074): In GetCachedScanResultsCommand::handleResponse
10-07 07:36:41.281 I/WifiHAL ( 1074): In GetCachedScanResultsCommand::handleResponse
10-07 07:36:41.428 I/WifiHAL ( 1074): In GetCachedScanResultsCommand::handleResponse
10-07 07:36:44.514 I/WifiHAL ( 1074): In GetCachedScanResultsCommand::handleResponse
10-07 07:36:47.601 I/WifiHAL ( 1074): In GetCachedScanResultsCommand::handleResponse
10-07 07:36:50.685 I/WifiHAL ( 1074): In GetCachedScanResultsCommand::handleResponse
10-07 07:36:53.776 I/WifiHAL ( 1074): In GetCachedScanResultsCommand::handleResponse
10-07 07:36:56.851 I/WifiHAL ( 1074): In GetCachedScanResultsCommand::handleResponse
10-07 07:36:59.921 I/WifiHAL ( 1074): In GetCachedScanResultsCommand::handleResponse
10-07 07:37:03.004 I/WifiHAL ( 1074): In GetCachedScanResultsCommand::handleResponse
10-07 07:37:06.084 I/WifiHAL ( 1074): In GetCachedScanResultsCommand::handleResponse
10-07 07:37:09.167 I/WifiHAL ( 1074): In GetCachedScanResultsCommand::handleResponse
10-07 07:37:12.263 I/WifiHAL ( 1074): In GetCachedScanResultsCommand::handleResponse
10-07 07:37:15.357 I/WifiHAL ( 1074): In GetCachedScanResultsCommand::handleResponse
10-07 07:37:18.431 I/WifiHAL ( 1074): In GetCachedScanResultsCommand::handleResponse
10-07 07:37:21.526 I/WifiHAL ( 1074): In GetCachedScanResultsCommand::handleResponse
10-07 07:37:24.627 I/WifiHAL ( 1074): In GetCachedScanResultsCommand::handleResponse
10-07 07:37:27.730 I/WifiHAL ( 1074): In GetCachedScanResultsCommand::handleResponse
10-07 07:37:30.807 I/WifiHAL ( 1074): In GetCachedScanResultsCommand::handleResponse
10-07 07:37:33.875 I/WifiHAL ( 1074): In GetCachedScanResultsCommand::handleResponse
10-07 07:37:36.942 I/WifiHAL ( 1074): In GetCachedScanResultsCommand::handleResponse
10-07 07:37:40.025 I/WifiHAL ( 1074): In GetCachedScanResultsCommand::handleResponse
10-07 07:37:40.979 D/MusicServiceCallback( 7509): HEADPHONE NEXT → map to DISLIKE (single)
10-07 07:37:40.986 D/MusicViewModel( 1208): Safe sorting file: Aurory - Energy field (Master).wav with action DISLIKE
10-07 07:37:40.987 D/MusicService( 7509): Notification action: DISLIKE
10-07 07:37:41.012 D/FileManager( 1208): Source file found: Aurory - Energy field (Master).wav, exists: true, canRead: true
10-07 07:37:42.816 D/AudioManager( 1208): ExoPlayer stopped
10-07 07:37:42.818 D/AudioManager( 1208): ExoPlayer cleared
10-07 07:37:42.819 D/MusicViewModel( 1208): Loading AIFF file: Randoree, High Notes - That's Ill [Make The Girls Dance Records].aiff
10-07 07:37:42.820 D/AudioManager( 1208): ExoPlayer cleared
10-07 07:37:42.821 D/AudioManager( 1208): Trying FFmpegMediaPlayer for AIFF (ExoPlayer doesn't support AIFF)
10-07 07:37:43.089 I/WifiHAL ( 1074): In GetCachedScanResultsCommand::handleResponse
10-07 07:37:44.046 D/MusicViewModel( 1208): Playback started successfully for Randoree, High Notes - That's Ill [Make The Girls Dance Records].aiff
10-07 07:37:44.060 D/MusicViewModel( 1208): MusicService started successfully.
10-07 07:37:44.064 D/MusicViewModel( 1208): Preloaded next song: Felipe Puertes - Dope Shit (Original Version) [Make The Girls Dance Records].wav
10-07 07:37:44.071 D/MusicService( 7509): Started foreground service with notification
10-07 07:37:44.072 D/MusicService( 7509): updateNotificationData - Title: Randoree, High Notes - That's Ill [Make The Girls Dance Records].aiff, Playing: true, Position: 0, Duration: 0
10-07 07:37:44.086 D/MediaSessionService( 1579): onSessionPlaybackStateChanged: record=com.example.mobiledigger/androidx.media3.session.id./124 (userId=0) playbackState=PlaybackState {state=ERROR(7), position=0, buffered position=0, speed=0.0, updated=116705552, actions=7339703, custom actions=[], active item id=0, error=Source error}
10-07 07:37:44.088 D/MusicService( 7509): Player (MediaSession) onMediaItemTransition reason: 3
10-07 07:37:44.089 D/MediaSessionService( 1579): onSessionPlaybackStateChanged: record=com.example.mobiledigger/androidx.media3.session.id./124 (userId=0) playbackState=PlaybackState {state=ERROR(7), position=0, buffered position=0, speed=0.0, updated=116705556, actions=7339703, custom actions=[], active item id=0, error=Source error}
10-07 07:37:44.092 D/MusicService( 7509): Player (MediaSession) onPlaybackStateChanged: 2, Duration: -9223372036854775807, Position: 0
10-07 07:37:44.101 D/MusicService( 7509): MediaSession player updated - URI: , Title: Randoree, High Notes - That's Ill [Make The Girls Dance Records].aiff, Duration in Meta: 0
10-07 07:37:44.143 D/ResourceManager( 1208): 	at com.example.mobiledigger.viewmodel.MusicViewModel.extractDuration(MusicViewModel.kt:1104)
10-07 07:37:44.143 D/ResourceManager( 1208): 	at com.example.mobiledigger.viewmodel.MusicViewModel.access$extractDuration(MusicViewModel.kt:52)
10-07 07:37:44.143 D/ResourceManager( 1208): 	at com.example.mobiledigger.viewmodel.MusicViewModel$loadCurrentFile$1.invokeSuspend(MusicViewModel.kt:1054)
10-07 07:37:44.174 D/ResourceManager( 1208): 	at com.example.mobiledigger.viewmodel.MusicViewModel.extractDuration(MusicViewModel.kt:1104)
10-07 07:37:44.174 D/ResourceManager( 1208): 	at com.example.mobiledigger.viewmodel.MusicViewModel.access$extractDuration(MusicViewModel.kt:52)
10-07 07:37:44.174 D/ResourceManager( 1208): 	at com.example.mobiledigger.viewmodel.MusicViewModel$loadCurrentFile$1.invokeSuspend(MusicViewModel.kt:1054)
10-07 07:37:44.251 I/NearbyDiscovery(16232): (REDACTED) ApFastPairScanner: eventType=%s, intReq=%s, scanning=%s, scanAllowed=%s, bleEnabled=%s, lockScanRate=%s, startScanningByLowPowerMode=%s
10-07 07:37:44.406 I/WifiHAL ( 1074): In GetCachedScanResultsCommand::handleResponse
10-07 07:37:44.537 I/WifiHAL ( 1074): In GetCachedScanResultsCommand::handleResponse
10-07 07:37:44.588 I/NearbyDiscovery(16232): (REDACTED) ApFastPairScanner: eventType=%s, intReq=%s, scanning=%s, scanAllowed=%s, bleEnabled=%s, lockScanRate=%s, startScanningByLowPowerMode=%s
10-07 07:37:44.646 D/MusicViewModel( 1208): Refreshed all playlists
10-07 07:37:44.736 D/MusicViewModel( 1208): Loading rejected files from URI: content://com.android.externalstorage.documents/tree/primary%3AResults/document/primary%3AResults%2FRejected
10-07 07:37:45.490 D/MusicViewModel( 1208): Found 277 rejected files
10-07 07:37:45.502 D/MusicViewModel( 1208): Updated rejected files StateFlow with 277 files
10-07 07:37:45.512 D/MusicViewModel( 1208): Loading liked files from destination folder: Results
10-07 07:37:46.683 D/MusicViewModel( 1208): Found 97 liked files (including subfolders), 84 unique
10-07 07:37:46.824 D/MusicViewModel( 1208): Updated liked files StateFlow with 84 files
10-07 07:37:47.126 E/ExoPlayerImplInternal( 7509): Playback error
10-07 07:37:47.126 E/ExoPlayerImplInternal( 7509):   androidx.media3.exoplayer.ExoPlaybackException: Source error
10-07 07:37:47.126 E/ExoPlayerImplInternal( 7509):       at androidx.media3.exoplayer.ExoPlayerImplInternal.handleIoException(ExoPlayerImplInternal.java:717)
10-07 07:37:47.126 E/ExoPlayerImplInternal( 7509):       at androidx.media3.exoplayer.ExoPlayerImplInternal.handleMessage(ExoPlayerImplInternal.java:689)
10-07 07:37:47.126 E/ExoPlayerImplInternal( 7509):       at android.os.Handler.dispatchMessage(Handler.java:106)
10-07 07:37:47.126 E/ExoPlayerImplInternal( 7509):       at android.os.Looper.dispatchMessage(Looper.java:315)
10-07 07:37:47.126 E/ExoPlayerImplInternal( 7509):       at android.os.Looper.loopOnce(Looper.java:251)
10-07 07:37:47.126 E/ExoPlayerImplInternal( 7509):       at android.os.Looper.loop(Looper.java:349)
10-07 07:37:47.126 E/ExoPlayerImplInternal( 7509):       at android.os.HandlerThread.run(HandlerThread.java:100)
10-07 07:37:47.126 E/ExoPlayerImplInternal( 7509):   Caused by: androidx.media3.datasource.FileDataSource$FileDataSourceException: java.io.FileNotFoundException: : open failed: ENOENT (No such file or directory)
10-07 07:37:47.126 E/ExoPlayerImplInternal( 7509):       at androidx.media3.datasource.FileDataSource.openLocalFile(FileDataSource.java:205)
10-07 07:37:47.126 E/ExoPlayerImplInternal( 7509):       at androidx.media3.datasource.FileDataSource.open(FileDataSource.java:116)
10-07 07:37:47.126 E/ExoPlayerImplInternal( 7509):       at androidx.media3.datasource.DefaultDataSource.open(DefaultDataSource.java:275)
10-07 07:37:47.126 E/ExoPlayerImplInternal( 7509):       at androidx.media3.datasource.StatsDataSource.open(StatsDataSource.java:86)
10-07 07:37:47.126 E/ExoPlayerImplInternal( 7509):       at androidx.media3.exoplayer.source.ProgressiveMediaPeriod$ExtractingLoadable.load(ProgressiveMediaPeriod.java:1029)
10-07 07:37:47.126 E/ExoPlayerImplInternal( 7509):       at androidx.media3.exoplayer.upstream.Loader$LoadTask.run(Loader.java:421)
10-07 07:37:47.126 E/ExoPlayerImplInternal( 7509):       at java.util.concurrent.ThreadPoolExecutor.runWorker(ThreadPoolExecutor.java:1156)
10-07 07:37:47.126 E/ExoPlayerImplInternal( 7509):       at java.util.concurrent.ThreadPoolExecutor$Worker.run(ThreadPoolExecutor.java:651)
10-07 07:37:47.126 E/ExoPlayerImplInternal( 7509):       at java.lang.Thread.run(Thread.java:1119)
10-07 07:37:47.126 E/ExoPlayerImplInternal( 7509):   Caused by: java.io.FileNotFoundException: : open failed: ENOENT (No such file or directory)
10-07 07:37:47.126 E/ExoPlayerImplInternal( 7509):       at libcore.io.IoBridge.open(IoBridge.java:574)
10-07 07:37:47.126 E/ExoPlayerImplInternal( 7509):       at java.io.RandomAccessFile.<init>(RandomAccessFile.java:307)
10-07 07:37:47.126 E/ExoPlayerImplInternal( 7509):       at java.io.RandomAccessFile.<init>(RandomAccessFile.java:237)
10-07 07:37:47.126 E/ExoPlayerImplInternal( 7509):       at java.io.RandomAccessFile.<init>(RandomAccessFile.java:154)
10-07 07:37:47.126 E/ExoPlayerImplInternal( 7509):       at androidx.media3.datasource.FileDataSource.openLocalFile(FileDataSource.java:186)
10-07 07:37:47.126 E/ExoPlayerImplInternal( 7509):       ... 8 more
10-07 07:37:47.126 E/ExoPlayerImplInternal( 7509):   Caused by: android.system.ErrnoException: open failed: ENOENT (No such file or directory)
10-07 07:37:47.126 E/ExoPlayerImplInternal( 7509):       at libcore.io.Linux.open(Native Method)
10-07 07:37:47.126 E/ExoPlayerImplInternal( 7509):       at libcore.io.ForwardingOs.open(ForwardingOs.java:568)
10-07 07:37:47.126 E/ExoPlayerImplInternal( 7509):       at libcore.io.BlockGuardOs.open(BlockGuardOs.java:274)
10-07 07:37:47.126 E/ExoPlayerImplInternal( 7509):       at libcore.io.ForwardingOs.open(ForwardingOs.java:568)
10-07 07:37:47.126 E/ExoPlayerImplInternal( 7509):       at android.app.AndroidForwardingOs.open(AndroidForwardingOs.java:120)
10-07 07:37:47.126 E/ExoPlayerImplInternal( 7509):       at libcore.io.IoBridge.open(IoBridge.java:560)
10-07 07:37:47.126 E/ExoPlayerImplInternal( 7509):       ... 12 more
10-07 07:37:47.143 D/MusicService( 7509): Player (MediaSession) Error: Source error
10-07 07:37:47.143 D/MusicService( 7509): androidx.media3.exoplayer.ExoPlaybackException: Source error
10-07 07:37:47.143 D/MusicService( 7509): 	at androidx.media3.exoplayer.ExoPlayerImplInternal.handleIoException(ExoPlayerImplInternal.java:717)
10-07 07:37:47.143 D/MusicService( 7509): 	at androidx.media3.exoplayer.ExoPlayerImplInternal.handleMessage(ExoPlayerImplInternal.java:689)
10-07 07:37:47.143 D/MusicService( 7509): 	at android.os.Handler.dispatchMessage(Handler.java:106)
10-07 07:37:47.143 D/MusicService( 7509): 	at android.os.Looper.dispatchMessage(Looper.java:315)
10-07 07:37:47.143 D/MusicService( 7509): 	at android.os.Looper.loopOnce(Looper.java:251)
10-07 07:37:47.143 D/MusicService( 7509): 	at android.os.Looper.loop(Looper.java:349)
10-07 07:37:47.143 D/MusicService( 7509): 	at android.os.HandlerThread.run(HandlerThread.java:100)
10-07 07:37:47.143 D/MusicService( 7509): Caused by: androidx.media3.datasource.FileDataSource$FileDataSourceException: java.io.FileNotFoundException: : open failed: ENOENT (No such file or directory)
10-07 07:37:47.143 D/MusicService( 7509): 	at androidx.media3.datasource.FileDataSource.openLocalFile(FileDataSource.java:205)
10-07 07:37:47.143 D/MusicService( 7509): 	at androidx.media3.datasource.FileDataSource.open(FileDataSource.java:116)
10-07 07:37:47.143 D/MusicService( 7509): 	at androidx.media3.datasource.DefaultDataSource.open(DefaultDataSource.java:275)
10-07 07:37:47.143 D/MusicService( 7509): 	at androidx.media3.datasource.StatsDataSource.open(StatsDataSource.java:86)
10-07 07:37:47.143 D/MusicService( 7509): 	at androidx.media3.exoplayer.source.ProgressiveMediaPeriod$ExtractingLoadable.load(ProgressiveMediaPeriod.java:1029)
10-07 07:37:47.143 D/MusicService( 7509): 	at androidx.media3.exoplayer.upstream.Loader$LoadTask.run(Loader.java:421)
10-07 07:37:47.143 D/MusicService( 7509): 	at java.util.concurrent.ThreadPoolExecutor.runWorker(ThreadPoolExecutor.java:1156)
10-07 07:37:47.143 D/MusicService( 7509): 	at java.util.concurrent.ThreadPoolExecutor$Worker.run(ThreadPoolExecutor.java:651)
10-07 07:37:47.143 D/MusicService( 7509): 	at java.lang.Thread.run(Thread.java:1119)
10-07 07:37:47.143 D/MusicService( 7509): Caused by: java.io.FileNotFoundException: : open failed: ENOENT (No such file or directory)
10-07 07:37:47.143 D/MusicService( 7509): 	at libcore.io.IoBridge.open(IoBridge.java:574)
10-07 07:37:47.143 D/MusicService( 7509): 	at java.io.RandomAccessFile.<init>(RandomAccessFile.java:307)
10-07 07:37:47.143 D/MusicService( 7509): 	at java.io.RandomAccessFile.<init>(RandomAccessFile.java:237)
10-07 07:37:47.143 D/MusicService( 7509): 	at java.io.RandomAccessFile.<init>(RandomAccessFile.java:154)
10-07 07:37:47.143 D/MusicService( 7509): 	at androidx.media3.datasource.FileDataSource.openLocalFile(FileDataSource.java:186)
10-07 07:37:47.143 D/MusicService( 7509): 	... 8 more
10-07 07:37:47.143 D/MusicService( 7509): Caused by: android.system.ErrnoException: open failed: ENOENT (No such file or directory)
10-07 07:37:47.143 D/MusicService( 7509): 	at libcore.io.Linux.open(Native Method)
10-07 07:37:47.143 D/MusicService( 7509): 	at libcore.io.ForwardingOs.open(ForwardingOs.java:568)
10-07 07:37:47.143 D/MusicService( 7509): 	at libcore.io.BlockGuardOs.open(BlockGuardOs.java:274)
10-07 07:37:47.143 D/MusicService( 7509): 	at libcore.io.ForwardingOs.open(ForwardingOs.java:568)
10-07 07:37:47.143 D/MusicService( 7509): 	at android.app.AndroidForwardingOs.open(AndroidForwardingOs.java:120)
10-07 07:37:47.143 D/MusicService( 7509): 	at libcore.io.IoBridge.open(IoBridge.java:560)
10-07 07:37:47.143 D/MusicService( 7509): 	... 12 more
10-07 07:37:47.149 D/MediaSessionService( 1579): onSessionPlaybackStateChanged: record=com.example.mobiledigger/androidx.media3.session.id./124 (userId=0) playbackState=PlaybackState {state=ERROR(7), position=0, buffered position=0, speed=0.0, updated=116708613, actions=7339703, custom actions=[], active item id=0, error=Source error}
10-07 07:37:47.154 D/MusicService( 7509): Player (MediaSession) onPlaybackStateChanged: 1, Duration: -9223372036854775807, Position: 0
10-07 07:37:47.184 D/MediaSessionService( 1579): onSessionPlaybackStateChanged: record=com.example.mobiledigger/androidx.media3.session.id./124 (userId=0) playbackState=PlaybackState {state=ERROR(7), position=0, buffered position=0, speed=0.0, updated=116708650, actions=7339703, custom actions=[], active item id=0, error=Source error}
10-07 07:38:12.881 I/WifiHAL ( 1074): In GetCachedScanResultsCommand::handleResponse
10-07 07:38:57.490 I/NearbyDiscovery(16232): (REDACTED) ApFastPairScanner: eventType=%s, intReq=%s, scanning=%s, scanAllowed=%s, bleEnabled=%s, lockScanRate=%s, startScanningByLowPowerMode=%s
10-07 07:38:57.594 I/WifiHAL ( 1074): In GetCachedScanResultsCommand::handleResponse
10-07 07:38:57.650 I/NearbyDiscovery(16232): (REDACTED) ApFastPairScanner: eventType=%s, intReq=%s, scanning=%s, scanAllowed=%s, bleEnabled=%s, lockScanRate=%s, startScanningByLowPowerMode=%s
10-07 07:38:57.653 I/WifiHAL ( 1074): In GetCachedScanResultsCommand::handleResponse
10-07 07:38:57.758 I/WifiHAL ( 1074): In GetCachedScanResultsCommand::handleResponse
10-07 07:39:00.734 I/WifiHAL ( 1074): In GetCachedScanResultsCommand::handleResponse
10-07 07:39:03.638 I/NearbyDiscovery(16232): (REDACTED) ApFastPairScanner: eventType=%s, intReq=%s, scanning=%s, scanAllowed=%s, bleEnabled=%s, lockScanRate=%s, startScanningByLowPowerMode=%s
10-07 07:39:03.880 I/WifiHAL ( 1074): In GetCachedScanResultsCommand::handleResponse
10-07 07:39:05.954 D/MusicViewModel( 2747): === APP STARTED ===
10-07 07:39:05.954 D/MusicViewModel( 2747): Session counters reset
10-07 07:39:05.998 I/ExoPlayerImpl( 2747): Init 27ce69d [AndroidXMedia3/1.3.1] [husky, Pixel 8 Pro, Google, 36]
10-07 07:39:06.017 I/biledigger:main( 2747): hiddenapi: Accessing hidden method Landroid/media/AudioTrack;->getLatency()I (runtime_flags=0, domain=platform, api=unsupported) from Landroidx/media3/exoplayer/audio/AudioTrackPositionTracker; (domain=app) using reflection: allowed
10-07 07:39:06.039 D/AudioManager( 2747): AudioManager initialized with FFmpegMediaPlayer + ExoPlayer fallback
10-07 07:39:06.041 D/MusicViewModel( 2747): Loading liked files from destination folder: null
10-07 07:39:06.042 D/MusicViewModel( 2747): No destination folder found
10-07 07:39:06.044 D/MusicViewModel( 2747): Loaded subfolder history: 2 items
10-07 07:39:06.047 I/ActivityManager( 1579): Background started FGS: Allowed [callingPackage: com.example.mobiledigger; callingUid: 10587; uidState: TOP ; uidBFSL: [BFSL]; intent: Intent { xflg=0x4 cmp=com.example.mobiledigger/.audio.MusicService }; code:PROC_STATE_TOP; tempAllowListReason:<,reasonCode:SYSTEM_ALLOW_LISTED,duration:9223372036854775807,callingUid:-1>; allowWiu:12; targetSdkVersion:36; callerTargetSdkVersion:36; startForegroundCount:0; bindFromPackage:null: isBindService:false]
10-07 07:39:06.049 D/MusicViewModel( 2747): MusicService started successfully.
10-07 07:39:06.063 I/ActivityManager( 1579): Start proc 2837:com.example.mobiledigger:music/u0a587 for service {com.example.mobiledigger/com.example.mobiledigger.audio.MusicService}
10-07 07:39:06.069 D/MusicViewModel( 2747): Restored destination folder: /tree/primary:Results/document/primary:Results
10-07 07:39:06.069 D/MusicViewModel( 2747): Restored destination folder: /tree/primary:Results/document/primary:Results
10-07 07:39:06.069 D/MusicViewModel( 2747): Source folder available: content://com.android.externalstorage.documents/tree/primary%3AAndroid%2Fmedia%2Fcom.whatsapp%2FWhatsApp%2FMedia%2FWhatsApp%20Documents
10-07 07:39:06.070 D/MusicViewModel( 2747): Source folder available: content://com.android.externalstorage.documents/tree/primary%3AAndroid%2Fmedia%2Fcom.whatsapp%2FWhatsApp%2FMedia%2FWhatsApp%20Documents
10-07 07:39:06.074 D/MusicViewModel( 2747): Source folder restored (use Rescan to load files)
10-07 07:39:06.074 D/MusicViewModel( 2747): Initialized successfully
