11-10 15:45:21.311  1884  2729 D ShortcutService: received package broadcast intent: Intent { act=android.intent.action.PACKAGE_ADDED dat=package: flg=0x4000010 (has extras) }
11-10 15:45:21.311  1884  2729 D ShortcutService: replacing package: com.example.mobiledigger userId=0
11-10 15:45:21.313 14050 14050 I BluetoothAdapterProperties: getBondedDevices: length=11
11-10 15:45:21.313  1884  2736 I SdkSandboxManager: No SDKs used. Skipping SDK data reconcilation for CallingInfo{mUid=10658, mPackageName='com.example.mobiledigger, mAppProcessToken='null'}
11-10 15:45:21.313  1884  2447 W ParceledListSlice: Element #3 is 31716 bytes.
11-10 15:45:21.313  1431  2167 W USF     : USF_API: Drop flicker data, cannot find sampling_id:84682!
11-10 15:45:21.313 14050 14050 W MediaControlGattService: Feature PLAYER_NAME support: true
11-10 15:45:21.314 14050 14050 W MediaControlGattService: Feature PLAYER_ICON_URL support: false
11-10 15:45:21.314 14050 14050 W MediaControlGattService: Feature PLAYER_ICON_OBJ_ID support: false
11-10 15:45:21.314 14050 14050 W MediaControlGattService: Feature CURRENT_TRACK_SEGMENT_OBJ_ID support: false
11-10 15:45:21.314 14050 14050 W MediaControlGattService: Feature CURRENT_TRACK_OBJ_ID support: false
11-10 15:45:21.314 14050 14050 W MediaControlGattService: Feature NEXT_TRACK_OBJ_ID support: false
11-10 15:45:21.314 14050 14050 W MediaControlGattService: Feature CURRENT_GROUP_OBJ_ID support: false
11-10 15:45:21.314 14050 14050 W MediaControlGattService: Feature PARENT_GROUP_OBJ_ID support: false
11-10 15:45:21.314 14050 14050 W MediaControlGattService: Feature SEARCH_RESULT_OBJ_ID support: false
11-10 15:45:21.314 14050 14050 W MediaControlGattService: Feature TRACK_TITLE support: true
11-10 15:45:21.314 14050 14050 W MediaControlGattService: Feature TRACK_DURATION support: true
11-10 15:45:21.314 14050 14050 W MediaControlGattService: Feature TRACK_POSITION support: true
11-10 15:45:21.314 14050 14050 W MediaControlGattService: Feature TRACK_POSITION_NOTIFY support: true
11-10 15:45:21.314 14050 14050 W MediaControlGattService: Feature MEDIA_STATE support: true
11-10 15:45:21.314 14050 14050 W MediaControlGattService: Feature MEDIA_STATE support: true
11-10 15:45:21.314 14050 14050 W MediaControlGattService: Feature PLAYBACK_SPEED support: true
11-10 15:45:21.314 14050 14050 W MediaControlGattService: Feature PLAYBACK_SPEED support: true
11-10 15:45:21.314 14050 14050 W MediaControlGattService: Feature PLAYBACK_SPEED support: true
11-10 15:45:21.314 14050 14050 W MediaControlGattService: Feature SEEKING_SPEED support: true
11-10 15:45:21.314 14050 14050 W MediaControlGattService: Feature SEEKING_SPEED support: true
11-10 15:45:21.314 14050 14050 W MediaControlGattService: Feature SEEKING_SPEED support: true
11-10 15:45:21.314 14050 14050 W MediaControlGattService: Feature PLAYING_ORDER_SUPPORTED support: true
11-10 15:45:21.314 14050 14050 W MediaControlGattService: Feature PLAYING_ORDER support: true
11-10 15:45:21.314 14050 14050 W MediaControlGattService: Feature MEDIA_CONTROL_POINT_OPCODES_SUPPORTED support: true
11-10 15:45:21.314 14050 14050 W MediaControlGattService: Feature TRACK_POSITION support: true
11-10 15:45:21.314 14050 14050 W MediaControlGattService: Feature TRACK_POSITION_NOTIFY support: true
11-10 15:45:21.314 14050 14050 W MediaControlGattService: Feature MEDIA_STATE support: true
11-10 15:45:21.314 14050 14050 W MediaControlGattService: Feature MEDIA_STATE support: true
11-10 15:45:21.315 12933 12933 V BaseDepthController: Applying blur: 0 to Surface(name=com.google.android.apps.nexuslauncher/com.google.android.apps.nexuslauncher.NexusLauncherActivity)/@0x828e58a
11-10 15:45:21.316 14050 14050 I BluetoothAdapterProperties: getBondedDevices: length=11
11-10 15:45:21.317 14050 14050 W MediaControlGattService: Feature PLAYER_NAME support: true
11-10 15:45:21.317 14050 14050 W MediaControlGattService: Feature PLAYER_NAME support: true
11-10 15:45:21.317 14050 14050 W MediaControlGattService: Feature PLAYER_NAME support: true
11-10 15:45:21.317 14050 14050 W MediaControlGattService: Feature PLAYER_NAME_NOTIFY support: true
11-10 15:45:21.317 14050 14050 I BluetoothAdapterProperties: getBondedDevices: length=11
11-10 15:45:21.317 14050 14050 W MediaControlGattService: Feature MEDIA_CONTROL_POINT_OPCODES_SUPPORTED support: true
11-10 15:45:21.317 14050 14050 W MediaControlGattService: Feature PLAYING_ORDER_SUPPORTED support: true
11-10 15:45:21.317 14050 14050 W MediaControlGattService: Feature PLAYING_ORDER support: true
11-10 15:45:21.317 14050 14050 W MediaControlGattService: Feature PLAYER_ICON_OBJ_ID support: false
11-10 15:45:21.317 14050 14050 W MediaControlGattService: Feature PLAYER_ICON_URL support: false
11-10 15:45:21.317 14050 14050 W MediaControlGattService: Feature TRACK_TITLE support: true
11-10 15:45:21.317 14050 14050 W MediaControlGattService: Feature TRACK_TITLE support: true
11-10 15:45:21.317 14050 14050 W MediaControlGattService: Feature TRACK_TITLE_NOTIFY support: true
11-10 15:45:21.317 14050 14050 I BluetoothAdapterProperties: getBondedDevices: length=11
11-10 15:45:21.318 14050 14050 W MediaControlGattService: Feature TRACK_DURATION support: true
11-10 15:45:21.318 14050 14050 W MediaControlGattService: Feature TRACK_DURATION support: true
11-10 15:45:21.318 14050 14050 W MediaControlGattService: Feature TRACK_DURATION_NOTIFY support: true
11-10 15:45:21.318 14050 14050 I BluetoothAdapterProperties: getBondedDevices: length=11
11-10 15:45:21.318 14050 14050 W MediaControlGattService: Feature MEDIA_STATE support: true
11-10 15:45:21.318 14050 14050 W MediaControlGattService: Feature MEDIA_STATE support: true
11-10 15:45:21.318 14050 14050 I BluetoothAdapterProperties: getBondedDevices: length=11
11-10 15:45:21.318 14050 14050 W MediaControlGattService: Feature TRACK_CHANGED support: true
11-10 15:45:21.319 14050 14050 I BluetoothAdapterProperties: getBondedDevices: length=11
11-10 15:45:21.319 14050 14050 W MediaControlGattService: Feature PLAYING_ORDER_SUPPORTED support: true
11-10 15:45:21.319 14050 14050 W MediaControlGattService: Feature PLAYING_ORDER support: true
11-10 15:45:21.319 14050 14050 W MediaControlGattService: Feature PLAYING_ORDER_NOTIFY support: true
11-10 15:45:21.319 14050 14050 I BluetoothAdapterProperties: getBondedDevices: length=11
11-10 15:45:21.319 14050 14050 W MediaControlGattService: Feature MEDIA_STATE support: true
11-10 15:45:21.319 14050 14050 W MediaControlProfile: MCS service state fields left unhandled: 
11-10 15:45:21.319 14050 14050 W MediaControlProfile:    > OPCODES_SUPPORTED
11-10 15:45:21.319 14050 14050 W MediaControlProfile: MCS service state fields left unhandled: 
11-10 15:45:21.319 14050 14050 W MediaControlProfile:    > OPCODES_SUPPORTED
11-10 15:45:21.320 12933 12933 D ImeBackDispatcher: switch root view (mImeCallbacks.size=0)
11-10 15:45:21.320 14050 14050 W MediaPlayerWrapper: The session was destroyed com.example.mobiledigger
11-10 15:45:21.320 12933 12933 D BaseActivity: Launcher flags updated: [state_started|state_resumed|state_deferred_resumed|state_window_focused|state_user_active] +[state_window_focused]
11-10 15:45:21.321  1884  2447 W MediaSessionRecord: Ignoring call to destroyed session
11-10 15:45:21.321  1884  2484 I ImeTracker: com.google.android.apps.nexuslauncher:cc80321a: onRequestHide at ORIGIN_SERVER reason HIDE_UNSPECIFIED_WINDOW fromUser false
11-10 15:45:21.321 14050 14050 W MediaControlProfile: MCS service state fields left unhandled: 
11-10 15:45:21.321 14050 14050 W MediaControlProfile:    > OPCODES_SUPPORTED
11-10 15:45:21.321 14050 14050 W MediaPlayerWrapper: The session was destroyed com.example.mobiledigger
11-10 15:45:21.322  1884  4398 W MediaSessionRecord: Ignoring call to destroyed session
11-10 15:45:21.322 12933 12933 D InsetsController: hide(ime())
11-10 15:45:21.322 12933 12933 I ImeTracker: com.google.android.apps.nexuslauncher:cc80321a: onCancelled at PHASE_CLIENT_ALREADY_HIDDEN
11-10 15:45:21.322 14050 14050 I bluetooth: system/btif/avrcp/avrcp_service.cc:532 SendMediaUpdate: track_changed=false :  play_state=false :  queue=true
11-10 15:45:21.322 14050 14071 W avrcp   : system/profile/avrcp/device.cc:1650 HandleNowPlayingUpdate: Device is not registered for now playing updates
11-10 15:45:21.323  1431  2167 W USF     : USF_API: Drop flicker data, cannot find sampling_id:84682!
11-10 15:45:21.323 25895 25895 I GoogleInputMethodService: GoogleInputMethodService.onFinishInput():2097 
11-10 15:45:21.323 12933 12933 V BaseDepthController: Applying blur: 0 to Surface(name=com.google.android.apps.nexuslauncher/com.google.android.apps.nexuslauncher.NexusLauncherActivity)/@0x828e58a
11-10 15:45:21.324  3038  3038 D NfcService: renewTagAppPrefList: TagAppPreference changed false
11-10 15:45:21.324  3038  3038 D RegisteredNfcFServicesCache: onReceive: Ignoring package intent due to package being replaced.
11-10 15:45:21.325   759   759 E CompositionEngine: [Home to launcher blur layer#156183] Invalid device requested composition type change: Client (1) --> Device (2)
11-10 15:45:21.323  3130  3130 E SmsApplication: com.google.android.apps.messaging lost android:read_cell_broadcasts:  (fixing)
11-10 15:45:21.327  1884  4758 W AppOpService: Ignored setUidMode call for runtime permission app op: uid = 10140, code = READ_CELL_BROADCASTS, mode = allow, callingUid = 1001, oldMode = allow
11-10 15:45:21.327  2772  2772 D ControlsListingControllerImpl: ServiceConfig reloaded, count: 1
11-10 15:45:21.327 25895 25895 I Module  : DeviceLockedStatusModuleProvider$Module.updateDeviceLockedStatus():103 repeatCheckTimes = 0, locked = false
11-10 15:45:21.327 25895 25895 I GoogleInputMethodService: GoogleInputMethodService.onStartInput():1347 onStartInput(EditorInfo{EditorInfo{packageName=com.google.android.apps.nexuslauncher, inputType=0, inputTypeString=NULL, enableLearning=false, autoCorrection=false, autoComplete=false, imeOptions=0, privateImeOptions=null, actionName=UNSPECIFIED, actionLabel=null, initialSelStart=-1, initialSelEnd=-1, initialCapsMode=0, label=null, fieldId=0, fieldName=null, extras=null, hintText=null, hintLocales=[]}}, false)
11-10 15:45:21.328  3130  3339 D EuiccConnector: handleMessage: E msg.what=1
11-10 15:45:21.328  3130  3339 D EuiccConnector: processMsg: AvailableState
11-10 15:45:21.329  3130  3339 D EuiccConnector: processMsg: UnavailableState
11-10 15:45:21.329  3130  3449 I SatelliteAppTracker: onPackageUpdateFinished : com.example.mobiledigger
11-10 15:45:21.329  3130  3449 I SatelliteAppTracker: onPackageModified : com.example.mobiledigger
11-10 15:45:21.330 12933 13026 D WellbeingModel: Changes in apps: intent = [Intent { act=android.intent.action.PACKAGE_ADDED dat=package: flg=0x4000010 (has extras) }]
11-10 15:45:21.330 12933 13026 I WellbeingModel: updateActionsWithRetry(); retryCount: 0, package: com.example.mobiledigger
11-10 15:45:21.330 12933 13026 D WellbeingModel: retrieveActions() called with: packageNames = [com.example.mobiledigger]
11-10 15:45:21.330  1884  1956 I DisplayDeviceRepository: Display device changed render timings: "Built-in Screen", renderFrameRate=120.00001, presentationDeadlineNanos=11500000, appVsyncOffsetNanos=6233332, frameRateOverrides=[]
11-10 15:45:21.331  3038  3038 I RegisteredComponentCache: generateComponentsList: New Components => 
11-10 15:45:21.331  3038  3038 I RegisteredComponentCache: ComponentInfo: ResolveInfo{99f90f3 com.google.android.tag/com.android.apps.tag.TagViewer m=0x108000 userHandle=UserHandle{0}}, techs: android.nfc.tech.Ndef, 
11-10 15:45:21.331  1884  1956 W ActivityManager: setHasOverlayUi called on unknown pid: 4821
11-10 15:45:21.332 12933 12933 V BaseDepthController: Applying blur: 0 to Surface(name=com.google.android.apps.nexuslauncher/com.google.android.apps.nexuslauncher.NexusLauncherActivity)/@0x828e58a
11-10 15:45:21.333   759   759 E CompositionEngine: [Home to launcher blur layer#156183] Invalid device requested composition type change: Client (1) --> Device (2)
11-10 15:45:21.333  1431  2167 W USF     : USF_API: Drop flicker data, cannot find sampling_id:84682!
11-10 15:45:21.335  3130  3339 D EuiccConnector: transitionTo: destState=AvailableState
11-10 15:45:21.331  3038  3038 I RegisteredComponentCache: ComponentInfo: ResolveInfo{60cf1b0 com.paypal.android.p2pmobile/com.paypal.android.pdsdk.ui.receive.PayDropReceiveActivity$EntryPoint m=0x108000 userHandle=UserHandle{0}}, techs: android.nfc.tech.IsoDep, 
11-10 15:45:21.335  3038  3038 I RegisteredComponentCache: ComponentInfo: ResolveInfo{346b829 com.paypal.android.p2pmobile/com.paypal.android.pdsdk.ui.send.PayDropSendingStatusActivity$EntryPoint m=0x108000 userHandle=UserHandle{0}}, techs: android.nfc.tech.IsoDep, 
11-10 15:45:21.335  3038  3038 I RegisteredComponentCache: ComponentInfo: ResolveInfo{9ef17ae com.paypal.android.p2pmobile/com.paypal.android.pdsdk.ui.send.enteramount.PayDropEnterAmountActivity$EntryPoint m=0x108000 userHandle=UserHandle{0}}, techs: android.nfc.tech.IsoDep, 
11-10 15:45:21.335  3038  3038 I RegisteredComponentCache: generateComponentsList: Removed Components => 
11-10 15:45:21.335  3038  3038 I RegisteredComponentCache: ComponentInfo: ResolveInfo{3a80b8b com.google.android.tag/com.android.apps.tag.TagViewer m=0x108000 userHandle=UserHandle{0}}, techs: android.nfc.tech.Ndef, 
11-10 15:45:21.335  3038  3038 I RegisteredComponentCache: ComponentInfo: ResolveInfo{a937468 com.paypal.android.p2pmobile/com.paypal.android.pdsdk.ui.receive.PayDropReceiveActivity$EntryPoint m=0x108000 userHandle=UserHandle{0}}, techs: android.nfc.tech.IsoDep, 
11-10 15:45:21.335  3038  3038 I RegisteredComponentCache: ComponentInfo: ResolveInfo{eb07081 com.paypal.android.p2pmobile/com.paypal.android.pdsdk.ui.send.PayDropSendingStatusActivity$EntryPoint m=0x108000 userHandle=UserHandle{0}}, techs: android.nfc.tech.IsoDep, 
11-10 15:45:21.335  3038  3038 I RegisteredComponentCache: ComponentInfo: ResolveInfo{82d6526 com.paypal.android.p2pmobile/com.paypal.android.pdsdk.ui.send.enteramount.PayDropEnterAmountActivity$EntryPoint m=0x108000 userHandle=UserHandle{0}}, techs: android.nfc.tech.IsoDep, 
11-10 15:45:21.336 25895 25895 I Module  : DeviceLockedStatusModuleProvider$Module.updateDeviceLockedStatus():103 repeatCheckTimes = 1, locked = false
11-10 15:45:21.338  1884  3084 W PackageConfigPersister: App-specific configuration not found for packageName: com.google.android.apps.nexuslauncher and userId: 0
11-10 15:45:21.338  1884  2447 I ImeTracker: system_server:43b33740: onRequestHide at ORIGIN_SERVER reason IME_REQUESTED_CHANGED_LISTENER fromUser false
11-10 15:45:21.340 12933 12933 V BaseDepthController: Applying blur: 0 to Surface(name=com.google.android.apps.nexuslauncher/com.google.android.apps.nexuslauncher.NexusLauncherActivity)/@0x828e58a
11-10 15:45:21.341  1884  2447 W AppOpService: Ignored setUidMode call for runtime permission app op: uid = 1001, code = READ_SMS, mode = allow, callingUid = 1001, oldMode = allow
11-10 15:45:21.341   759   759 E CompositionEngine: [Home to launcher blur layer#156183] Invalid device requested composition type change: Client (1) --> Device (2)
11-10 15:45:21.343  1431  2167 W USF     : USF_API: Drop flicker data, cannot find sampling_id:84682!
11-10 15:45:21.343  1884  3084 W AppOpService: Ignored setUidMode call for runtime permission app op: uid = 1001, code = RECEIVE_SMS, mode = allow, callingUid = 1001, oldMode = allow
11-10 15:45:21.345  1884  4758 D ActivityManager: sync unfroze 2957 com.google.android.apps.wellbeing for 7
11-10 15:45:21.346  1884  5473 W AppOpService: Ignored setUidMode call for runtime permission app op: uid = 1001, code = RECEIVE_WAP_PUSH, mode = allow, callingUid = 1001, oldMode = allow
11-10 15:45:21.347  1884  2730 D BackgroundInstallControlService: Package event received: 0
11-10 15:45:21.347  1884  1884 D ActivityManager: sync unfroze 23979 com.android.settings for 10
11-10 15:45:21.347  1884  1884 D ActivityManager: sync unfroze 21319 com.android.keychain for 10
11-10 15:45:21.348 14050 14071 I avrcp   : system/profile/avrcp/connection_handler.cc:587 SendMessage: SendMessage to handle=0x1
11-10 15:45:21.349  1884  1956 I ImeTracker: system_server:43b33740: onCancelled at PHASE_SERVER_SHOULD_HIDE
11-10 15:45:21.349 12933 12933 V BaseDepthController: Applying blur: 0 to Surface(name=com.google.android.apps.nexuslauncher/com.google.android.apps.nexuslauncher.NexusLauncherActivity)/@0x828e58a
11-10 15:45:21.350   759   759 E CompositionEngine: [Home to launcher blur layer#156183] Invalid device requested composition type change: Client (1) --> Device (2)
11-10 15:45:21.352  1884  1884 D ActivityManager: sync unfroze 19851 com.android.DeviceAsWebcam for 10
11-10 15:45:21.352  1884  5473 W AppOpService: Ignored setUidMode call for runtime permission app op: uid = 1001, code = SEND_SMS, mode = allow, callingUid = 1001, oldMode = allow
11-10 15:45:21.352  1431  2167 W USF     : USF_API: Drop flicker data, cannot find sampling_id:84682!
11-10 15:45:21.354  1884  1994 D ActivityManager: sync unfroze 12090 com.google.android.permissioncontroller for 3
11-10 15:45:21.357 12933 12933 V BaseDepthController: Applying blur: 0 to Surface(name=com.google.android.apps.nexuslauncher/com.google.android.apps.nexuslauncher.NexusLauncherActivity)/@0x828e58a
11-10 15:45:21.357  1884  5473 W AppOpService: Ignored setUidMode call for runtime permission app op: uid = 1001, code = READ_CELL_BROADCASTS, mode = allow, callingUid = 1001, oldMode = allow
11-10 15:45:21.358 29449 29449 I Finsky  : [2] agiw - Received: android.intent.action.PACKAGE_REMOVED, [F8SdPmz-nDnkHAASXyGhRL_JSafYynzTZ1KyLvYja6g]
11-10 15:45:21.358   759   759 E CompositionEngine: [Home to launcher blur layer#156183] Invalid device requested composition type change: Client (1) --> Device (2)
11-10 15:45:21.359 31972 31972 I Finsky:background: [2] agim - Received: android.intent.action.PACKAGE_REMOVED, [F8SdPmz-nDnkHAASXyGhRL_JSafYynzTZ1KyLvYja6g]
11-10 15:45:21.362  1431  2167 W USF     : USF_API: Drop flicker data, cannot find sampling_id:84682!
11-10 15:45:21.363  1884  2730 D BackgroundInstallControlService: Package event received: 0
11-10 15:45:21.365 12933 12933 V BaseDepthController: Applying blur: 0 to Surface(name=com.google.android.apps.nexuslauncher/com.google.android.apps.nexuslauncher.NexusLauncherActivity)/@0x828e58a
11-10 15:45:21.366   759   759 E CompositionEngine: [Home to launcher blur layer#156183] Invalid device requested composition type change: Client (1) --> Device (2)
11-10 15:45:21.368  8413  8413 I ForwardBroadcastListene: Receive forward intent: com.google.android.apps.pixel.dcservice.monitor.ACTION_MONITOR_MEDIA_PLAYBACK_STOPPED
11-10 15:45:21.369  3130  3339 D EuiccConnector: handleMessage: new destination call exit/enter
11-10 15:45:21.369  3130  3339 D EuiccConnector: setupTempStateStackWithStatesToEnter: X mTempStateStackCount=1,curStateInfo: state=UnavailableState,active=true,parent=null
11-10 15:45:21.369  3130  3339 D EuiccConnector: invokeExitMethods: AvailableState
11-10 15:45:21.369  3130  3339 D EuiccConnector: moveTempStackToStateStack: i=0,j=1
11-10 15:45:21.369  3130  3339 D EuiccConnector: moveTempStackToStateStack: X mStateStackTop=1,startingIndex=1,Top=AvailableState
11-10 15:45:21.369  3130  3339 D EuiccConnector: invokeEnterMethods: AvailableState
11-10 15:45:21.369  3130  3339 D EuiccConnector: handleMessage: X
11-10 15:45:21.369  3130  3339 D EuiccConnector: handleMessage: E msg.what=1
11-10 15:45:21.369  3130  3339 D EuiccConnector: processMsg: AvailableState
11-10 15:45:21.369  3130  3339 D EuiccConnector: processMsg: UnavailableState
11-10 15:45:21.369 25895 25895 D ActivityThread: Package [com.example.mobiledigger] reported as REPLACED, but missing application info. Assuming REMOVED.
11-10 15:45:21.370 32743 32743 D ActivityThread: Package [com.example.mobiledigger] reported as REPLACED, but missing application info. Assuming REMOVED.
11-10 15:45:21.370 30907 30907 D ActivityThread: Package [com.example.mobiledigger] reported as REPLACED, but missing application info. Assuming REMOVED.
11-10 15:45:21.370 31472 31472 D ActivityThread: Package [com.example.mobiledigger] reported as REPLACED, but missing application info. Assuming REMOVED.
11-10 15:45:21.370  4488  4488 D ActivityThread: Package [com.example.mobiledigger] reported as REPLACED, but missing application info. Assuming REMOVED.
11-10 15:45:21.371 15799 15799 D ActivityThread: Package [com.example.mobiledigger] reported as REPLACED, but missing application info. Assuming REMOVED.
11-10 15:45:21.371 12933 12933 D ActivityThread: Package [com.example.mobiledigger] reported as REPLACED, but missing application info. Assuming REMOVED.
11-10 15:45:21.372  1431  2167 W USF     : USF_API: Drop flicker data, cannot find sampling_id:84682!
11-10 15:45:21.373  1884  1884 I Telecom : CarModeTracker: Package com.example.mobiledigger is not tracked.: SSH.oR@1Yc
11-10 15:45:21.373  1884  1884 I Telecom : InCallController: updateCarModeForConnections: car mode apps: : SSH.oR@1Yc
11-10 15:45:21.373  1884  1884 I Telecom : InCallController: update carmode current:UserHandle{0} parent:null: SSH.oR@1Yc
11-10 15:45:21.373 12933 12933 V BaseDepthController: Applying blur: 0 to Surface(name=com.google.android.apps.nexuslauncher/com.google.android.apps.nexuslauncher.NexusLauncherActivity)/@0x828e58a
11-10 15:45:21.373  1884  2112 W ParceledListSlice: Element #3 is 31716 bytes.
11-10 15:45:21.374 10605 10605 D ActivityThread: Package [com.example.mobiledigger] reported as REPLACED, but missing application info. Assuming REMOVED.
11-10 15:45:21.375   759   759 E CompositionEngine: [Home to launcher blur layer#156183] Invalid device requested composition type change: Client (1) --> Device (2)
11-10 15:45:21.376  4276  4276 D ActivityThread: Package [com.example.mobiledigger] reported as REPLACED, but missing application info. Assuming REMOVED.
11-10 15:45:21.376 23969 23969 D ActivityThread: Package [com.example.mobiledigger] reported as REPLACED, but missing application info. Assuming REMOVED.
11-10 15:45:21.376  3130  3339 D EuiccConnector: transitionTo: destState=AvailableState
11-10 15:45:21.377  9355  9355 D ActivityThread: Package [com.example.mobiledigger] reported as REPLACED, but missing application info. Assuming REMOVED.
11-10 15:45:21.377  3385  3385 D ActivityThread: Package [com.example.mobiledigger] reported as REPLACED, but missing application info. Assuming REMOVED.
11-10 15:45:21.377  3473  3473 D ActivityThread: Package [com.example.mobiledigger] reported as REPLACED, but missing application info. Assuming REMOVED.
11-10 15:45:21.378  3189  3189 D ActivityThread: Package [com.example.mobiledigger] reported as REPLACED, but missing application info. Assuming REMOVED.
11-10 15:45:21.378  9946  9946 D ActivityThread: Package [com.example.mobiledigger] reported as REPLACED, but missing application info. Assuming REMOVED.
11-10 15:45:21.378  4321  4321 D ActivityThread: Package [com.example.mobiledigger] reported as REPLACED, but missing application info. Assuming REMOVED.
11-10 15:45:21.378 18730 18730 D ActivityThread: Package [com.example.mobiledigger] reported as REPLACED, but missing application info. Assuming REMOVED.
11-10 15:45:21.379  3038  3038 D NfcService: renewTagAppPrefList: TagAppPreference changed false
11-10 15:45:21.380  2919  2919 D ActivityThread: Package [com.example.mobiledigger] reported as REPLACED, but missing application info. Assuming REMOVED.
11-10 15:45:21.380  3107  3107 D ActivityThread: Package [com.example.mobiledigger] reported as REPLACED, but missing application info. Assuming REMOVED.
11-10 15:45:21.380  5882  5882 D ActivityThread: Package [com.example.mobiledigger] reported as REPLACED, but missing application info. Assuming REMOVED.
11-10 15:45:21.380 12933 12933 D ActivityThread: Package [com.example.mobiledigger] reported as REPLACED, but missing application info. Assuming REMOVED.
11-10 15:45:21.380 12451 12451 D ActivityThread: Package [com.example.mobiledigger] reported as REPLACED, but missing application info. Assuming REMOVED.
11-10 15:45:21.381  2951  2951 D ActivityThread: Package [com.example.mobiledigger] reported as REPLACED, but missing application info. Assuming REMOVED.
11-10 15:45:21.382  3160  3160 D ActivityThread: Package [com.example.mobiledigger] reported as REPLACED, but missing application info. Assuming REMOVED.
11-10 15:45:21.382  1431  2167 W USF     : USF_API: Drop flicker data, cannot find sampling_id:84682!
11-10 15:45:21.382 15799 15799 D ActivityThread: Package [com.example.mobiledigger] reported as REPLACED, but missing application info. Assuming REMOVED.
11-10 15:45:21.382 30907 30907 D ActivityThread: Package [com.example.mobiledigger] reported as REPLACED, but missing application info. Assuming REMOVED.
11-10 15:45:21.383  5979  5979 D ActivityThread: Package [com.example.mobiledigger] reported as REPLACED, but missing application info. Assuming REMOVED.
11-10 15:45:21.383  4276  4276 D ActivityThread: Package [com.example.mobiledigger] reported as REPLACED, but missing application info. Assuming REMOVED.
11-10 15:45:21.383   759   759 E CompositionEngine: [Home to launcher blur layer#156183] Invalid device requested composition type change: Client (1) --> Device (2)
11-10 15:45:21.383  5116  5116 D ActivityThread: Package [com.example.mobiledigger] reported as REPLACED, but missing application info. Assuming REMOVED.
11-10 15:45:21.383  7491  7491 D ActivityThread: Package [com.example.mobiledigger] reported as REPLACED, but missing application info. Assuming REMOVED.
11-10 15:45:21.383  4263  4263 D ActivityThread: Package [com.example.mobiledigger] reported as REPLACED, but missing application info. Assuming REMOVED.
11-10 15:45:21.384  3038  3038 D ActivityThread: Package [com.example.mobiledigger] reported as REPLACED, but missing application info. Assuming REMOVED.
11-10 15:45:21.384  4488  4488 D ActivityThread: Package [com.example.mobiledigger] reported as REPLACED, but missing application info. Assuming REMOVED.
11-10 15:45:21.384  9994  9994 D ActivityThread: Package [com.example.mobiledigger] reported as REPLACED, but missing application info. Assuming REMOVED.
11-10 15:45:21.378 22915 22915 D ActivityThread: Package [com.example.mobiledigger] reported as REPLACED, but missing application info. Assuming REMOVED.
11-10 15:45:21.384 24892 24892 D ActivityThread: Package [com.example.mobiledigger] reported as REPLACED, but missing application info. Assuming REMOVED.
11-10 15:45:21.384 10605 10605 D ActivityThread: Package [com.example.mobiledigger] reported as REPLACED, but missing application info. Assuming REMOVED.
11-10 15:45:21.384  9251  9251 D ActivityThread: Package [com.example.mobiledigger] reported as REPLACED, but missing application info. Assuming REMOVED.
11-10 15:45:21.385  3639  3639 D ActivityThread: Package [com.example.mobiledigger] reported as REPLACED, but missing application info. Assuming REMOVED.
11-10 15:45:21.385  2981  2981 D ActivityThread: Package [com.example.mobiledigger] reported as REPLACED, but missing application info. Assuming REMOVED.
11-10 15:45:21.385  3141  3141 D ActivityThread: Package [com.example.mobiledigger] reported as REPLACED, but missing application info. Assuming REMOVED.
11-10 15:45:21.385  1884  2465 I RoleService: Granting default roles...
11-10 15:45:21.385 12933 12933 V BaseDepthController: Applying blur: 0 to Surface(name=com.google.android.apps.nexuslauncher/com.google.android.apps.nexuslauncher.NexusLauncherActivity)/@0x828e58a
11-10 15:45:21.386 12090 12090 I SafetyLabelChangedBroadcastReceiver: received broadcast packageName: com.example.mobiledigger, current user: UserHandle{0}, packageChangeEvent: UPDATE, intent user: UserHandle{0}
11-10 15:45:21.386  4346  4346 D ActivityThread: Package [com.example.mobiledigger] reported as REPLACED, but missing application info. Assuming REMOVED.
11-10 15:45:21.386 12090 12090 D ActivityThread: Package [com.example.mobiledigger] reported as REPLACED, but missing application info. Assuming REMOVED.
11-10 15:45:21.386  3130  3339 D EuiccConnector: handleMessage: new destination call exit/enter
11-10 15:45:21.386  3130  3339 D EuiccConnector: setupTempStateStackWithStatesToEnter: X mTempStateStackCount=1,curStateInfo: state=UnavailableState,active=true,parent=null
11-10 15:45:21.386  3130  3339 D EuiccConnector: invokeExitMethods: AvailableState
11-10 15:45:21.386  3130  3339 D EuiccConnector: moveTempStackToStateStack: i=0,j=1
11-10 15:45:21.386  3130  3339 D EuiccConnector: moveTempStackToStateStack: X mStateStackTop=1,startingIndex=1,Top=AvailableState
11-10 15:45:21.386  3130  3339 D EuiccConnector: invokeEnterMethods: AvailableState
11-10 15:45:21.386  3130  3339 D EuiccConnector: handleMessage: X
11-10 15:45:21.386  3130  3339 D EuiccConnector: handleMessage: E msg.what=103
11-10 15:45:21.386  3130  3339 D EuiccConnector: processMsg: AvailableState
11-10 15:45:21.386  3130  3339 D EuiccConnector: deferMessage: msg=103
11-10 15:45:21.386  3130  3339 D EuiccConnector: transitionTo: destState=BindingState
11-10 15:45:21.386  3130  3339 D EuiccConnector: handleMessage: new destination call exit/enter
11-10 15:45:21.386  3130  3339 D EuiccConnector: setupTempStateStackWithStatesToEnter: X mTempStateStackCount=1,curStateInfo: null
11-10 15:45:21.386  3130  3339 D EuiccConnector: invokeExitMethods: AvailableState
11-10 15:45:21.386  3130  3339 D EuiccConnector: invokeExitMethods: UnavailableState
11-10 15:45:21.386  3130  3339 D EuiccConnector: moveTempStackToStateStack: i=0,j=0
11-10 15:45:21.386  3130  3339 D EuiccConnector: moveTempStackToStateStack: X mStateStackTop=0,startingIndex=0,Top=BindingState
11-10 15:45:21.386  3130  3339 D EuiccConnector: invokeEnterMethods: BindingState
11-10 15:45:21.386  3114  3114 D ActivityThread: Package [com.example.mobiledigger] reported as REPLACED, but missing application info. Assuming REMOVED.
11-10 15:45:21.386  2772  2772 D ActivityThread: Package [com.example.mobiledigger] reported as REPLACED, but missing application info. Assuming REMOVED.
11-10 15:45:21.386  2957  2957 D ActivityThread: Package [com.example.mobiledigger] reported as REPLACED, but missing application info. Assuming REMOVED.
11-10 15:45:21.387 18730 18730 D ActivityThread: Package [com.example.mobiledigger] reported as REPLACED, but missing application info. Assuming REMOVED.
11-10 15:45:21.387 25895 25895 D ActivityThread: Package [com.example.mobiledigger] reported as REPLACED, but missing application info. Assuming REMOVED.
11-10 15:45:21.387 24892 24892 D ActivityThread: Package [com.example.mobiledigger] reported as REPLACED, but missing application info. Assuming REMOVED.
11-10 15:45:21.387  4366  4366 D ActivityThread: Package [com.example.mobiledigger] reported as REPLACED, but missing application info. Assuming REMOVED.
11-10 15:45:21.388  9946  9946 D ActivityThread: Package [com.example.mobiledigger] reported as REPLACED, but missing application info. Assuming REMOVED.
11-10 15:45:21.388  3385  3385 D ActivityThread: Package [com.example.mobiledigger] reported as REPLACED, but missing application info. Assuming REMOVED.
11-10 15:45:21.388  3056  3056 D ActivityThread: Package [com.example.mobiledigger] reported as REPLACED, but missing application info. Assuming REMOVED.
11-10 15:45:21.388  3473  3473 D ActivityThread: Package [com.example.mobiledigger] reported as REPLACED, but missing application info. Assuming REMOVED.
11-10 15:45:21.388  3189  3189 D ActivityThread: Package [com.example.mobiledigger] reported as REPLACED, but missing application info. Assuming REMOVED.
11-10 15:45:21.388  8413  8413 I PowerSavingModeHandler: onReceive ACTION_MONITOR_MEDIA_PLAYBACK_STOPPED
11-10 15:45:21.388  2978  2978 D ActivityThread: Package [com.example.mobiledigger] reported as REPLACED, but missing application info. Assuming REMOVED.
11-10 15:45:21.389  2957  2957 D ActivityThread: Package [com.example.mobiledigger] reported as REPLACED, but missing application info. Assuming REMOVED.
11-10 15:45:21.389  8413  8413 D ActivityThread: Package [com.example.mobiledigger] reported as REPLACED, but missing application info. Assuming REMOVED.
11-10 15:45:21.389 12090 12090 D ActivityThread: Package [com.example.mobiledigger] reported as REPLACED, but missing application info. Assuming REMOVED.
11-10 15:45:21.389  2976  2976 D ActivityThread: Package [com.example.mobiledigger] reported as REPLACED, but missing application info. Assuming REMOVED.
11-10 15:45:21.390  4321  4321 D ActivityThread: Package [com.example.mobiledigger] reported as REPLACED, but missing application info. Assuming REMOVED.
11-10 15:45:21.390  3002  3002 D ActivityThread: Package [com.example.mobiledigger] reported as REPLACED, but missing application info. Assuming REMOVED.
11-10 15:45:21.390  3020  3020 D ActivityThread: Package [com.example.mobiledigger] reported as REPLACED, but missing application info. Assuming REMOVED.
11-10 15:45:21.390 12933 12933 V BaseDepthController: Applying blur: 0 to Surface(name=com.google.android.apps.nexuslauncher/com.google.android.apps.nexuslauncher.NexusLauncherActivity)/@0x828e58a
11-10 15:45:21.390 10405 10405 D ActivityThread: Package [com.example.mobiledigger] reported as REPLACED, but missing application info. Assuming REMOVED.
11-10 15:45:21.391  3779  3779 D ActivityThread: Package [com.example.mobiledigger] reported as REPLACED, but missing application info. Assuming REMOVED.
11-10 15:45:21.391  2994  2994 D ActivityThread: Package [com.example.mobiledigger] reported as REPLACED, but missing application info. Assuming REMOVED.
11-10 15:45:21.391   759   759 E CompositionEngine: [Home to launcher blur layer#156183] Invalid device requested composition type change: Client (1) --> Device (2)
11-10 15:45:21.391 32743 32743 D ActivityThread: Package [com.example.mobiledigger] reported as REPLACED, but missing application info. Assuming REMOVED.
11-10 15:45:21.391 13160 13160 D ActivityThread: Package [com.example.mobiledigger] reported as REPLACED, but missing application info. Assuming REMOVED.
11-10 15:45:21.392 10405 10405 D ActivityThread: Package [com.example.mobiledigger] reported as REPLACED, but missing application info. Assuming REMOVED.
11-10 15:45:21.392  1431  2167 W USF     : USF_API: Drop flicker data, cannot find sampling_id:84682!
11-10 15:45:21.392  7852  7852 D ActivityThread: Package [com.example.mobiledigger] reported as REPLACED, but missing application info. Assuming REMOVED.
11-10 15:45:21.393  3069  3069 D ActivityThread: Package [com.example.mobiledigger] reported as REPLACED, but missing application info. Assuming REMOVED.
11-10 15:45:21.393 19851 19851 D ActivityThread: Package [com.example.mobiledigger] reported as REPLACED, but missing application info. Assuming REMOVED.
11-10 15:45:21.394  1884  1884 D AS.AudioService: received android.intent.action.PACKAGE_ADDED replacing: true archival: false for package com.example.mobiledigger with uid 10658
11-10 15:45:21.395  1488  3224 D NativePermissionController: updatePackagesForUid, UidPackageState{uid: 10658, packageNames: [com.example.mobiledigger]}
11-10 15:45:21.395 23979 23979 D ActivityThread: Package [com.example.mobiledigger] reported as REPLACED, but missing application info. Assuming REMOVED.
11-10 15:45:21.395  5116  5116 D ActivityThread: Package [com.example.mobiledigger] reported as REPLACED, but missing application info. Assuming REMOVED.
11-10 15:45:21.395 22915 22915 D ActivityThread: Package [com.example.mobiledigger] reported as REPLACED, but missing application info. Assuming REMOVED.
11-10 15:45:21.396 19851 19851 D ActivityThread: Package [com.example.mobiledigger] reported as REPLACED, but missing application info. Assuming REMOVED.
11-10 15:45:21.396 23969 23969 D ActivityThread: Package [com.example.mobiledigger] reported as REPLACED, but missing application info. Assuming REMOVED.
11-10 15:45:21.396 31472 31472 D ActivityThread: Package [com.example.mobiledigger] reported as REPLACED, but missing application info. Assuming REMOVED.
11-10 15:45:21.396  9355  9355 D ActivityThread: Package [com.example.mobiledigger] reported as REPLACED, but missing application info. Assuming REMOVED.
11-10 15:45:21.396  1884  5473 W ParceledListSlice: Element #16 is 30568 bytes.
11-10 15:45:21.396  3779  3779 D ActivityThread: Package [com.example.mobiledigger] reported as REPLACED, but missing application info. Assuming REMOVED.
11-10 15:45:21.397 23979 23979 D ActivityThread: Package [com.example.mobiledigger] reported as REPLACED, but missing application info. Assuming REMOVED.
11-10 15:45:21.397 13160 13160 D ActivityThread: Package [com.example.mobiledigger] reported as REPLACED, but missing application info. Assuming REMOVED.
11-10 15:45:21.397  8413  8413 D ActivityThread: Package [com.example.mobiledigger] reported as REPLACED, but missing application info. Assuming REMOVED.
11-10 15:45:21.397  1884  2920 E RoleControllerServiceImpl: Default/fallback role holder package doesn't qualify for the role, package: com.google.android.retaildemo, role: android.app.role.RETAIL_DEMO, user: 0
11-10 15:45:21.398  1884  2920 E RoleControllerServiceImpl: Default/fallback role holder package doesn't qualify for the role, package: com.google.android.gms.supervision, role: android.app.role.SYSTEM_SUPERVISION, user: 0
11-10 15:45:21.399 12933 12933 V BaseDepthController: Applying blur: 0 to Surface(name=com.google.android.apps.nexuslauncher/com.google.android.apps.nexuslauncher.NexusLauncherActivity)/@0x828e58a
11-10 15:45:21.400   759   759 E CompositionEngine: [Home to launcher blur layer#156183] Invalid device requested composition type change: Client (1) --> Device (2)
11-10 15:45:21.400 12933 12955 D PackageUpdatedTask: Package updated: mOp=UPDATE packages=[com.example.mobiledigger], user=UserHandle{0}
11-10 15:45:21.402  1431  2167 W USF     : USF_API: Drop flicker data, cannot find sampling_id:84682!
11-10 15:45:21.403  7852  7852 D ActivityThread: Package [com.example.mobiledigger] reported as REPLACED, but missing application info. Assuming REMOVED.
11-10 15:45:21.403  7491  7491 D ActivityThread: Package [com.example.mobiledigger] reported as REPLACED, but missing application info. Assuming REMOVED.
11-10 15:45:21.403 12451 12451 D ActivityThread: Package [com.example.mobiledigger] reported as REPLACED, but missing application info. Assuming REMOVED.
11-10 15:45:21.404  4263  4263 D ActivityThread: Package [com.example.mobiledigger] reported as REPLACED, but missing application info. Assuming REMOVED.
11-10 15:45:21.404  5882  5882 D ActivityThread: Package [com.example.mobiledigger] reported as REPLACED, but missing application info. Assuming REMOVED.
11-10 15:45:21.405  9994  9994 D ActivityThread: Package [com.example.mobiledigger] reported as REPLACED, but missing application info. Assuming REMOVED.
11-10 15:45:21.406  1884  1884 D AppSearchAppsIndexerManagerS: userid in package receiver: 10658
11-10 15:45:21.406  3130  3130 D CarrierSvcBindHelper: onPackageUpdateFinished: com.example.mobiledigger
11-10 15:45:21.406  5979  5979 D ActivityThread: Package [com.example.mobiledigger] reported as REPLACED, but missing application info. Assuming REMOVED.
11-10 15:45:21.407  8413 16357 I PowerSavingModeHandler: shouldSwitchCodecToLowPower, isPowerSaveMode=false
11-10 15:45:21.407  2772  2772 D ActivityThread: Package [com.example.mobiledigger] reported as REPLACED, but missing application info. Assuming REMOVED.
11-10 15:45:21.407  2994  2994 D ActivityThread: Package [com.example.mobiledigger] reported as REPLACED, but missing application info. Assuming REMOVED.
11-10 15:45:21.407 12933 12933 V BaseDepthController: Applying blur: 0 to Surface(name=com.google.android.apps.nexuslauncher/com.google.android.apps.nexuslauncher.NexusLauncherActivity)/@0x828e58a
11-10 15:45:21.407  4346  4346 D ActivityThread: Package [com.example.mobiledigger] reported as REPLACED, but missing application info. Assuming REMOVED.
11-10 15:45:21.408  3639  3639 D ActivityThread: Package [com.example.mobiledigger] reported as REPLACED, but missing application info. Assuming REMOVED.
11-10 15:45:21.408  3160  3160 D ActivityThread: Package [com.example.mobiledigger] reported as REPLACED, but missing application info. Assuming REMOVED.
11-10 15:45:21.408   759   759 E CompositionEngine: [Home to launcher blur layer#156183] Invalid device requested composition type change: Client (1) --> Device (2)
11-10 15:45:21.408  2981  2981 D ActivityThread: Package [com.example.mobiledigger] reported as REPLACED, but missing application info. Assuming REMOVED.
11-10 15:45:21.409  2978  2978 D ActivityThread: Package [com.example.mobiledigger] reported as REPLACED, but missing application info. Assuming REMOVED.
11-10 15:45:21.409  2951  2951 D ActivityThread: Package [com.example.mobiledigger] reported as REPLACED, but missing application info. Assuming REMOVED.
11-10 15:45:21.409  3114  3114 D ActivityThread: Package [com.example.mobiledigger] reported as REPLACED, but missing application info. Assuming REMOVED.
11-10 15:45:21.409  9251  9251 D ActivityThread: Package [com.example.mobiledigger] reported as REPLACED, but missing application info. Assuming REMOVED.
11-10 15:45:21.409  3069  3069 D ActivityThread: Package [com.example.mobiledigger] reported as REPLACED, but missing application info. Assuming REMOVED.
11-10 15:45:21.409  2919  2919 D ActivityThread: Package [com.example.mobiledigger] reported as REPLACED, but missing application info. Assuming REMOVED.
11-10 15:45:21.409  4366  4366 D ActivityThread: Package [com.example.mobiledigger] reported as REPLACED, but missing application info. Assuming REMOVED.
11-10 15:45:21.409  3038  3038 D ActivityThread: Package [com.example.mobiledigger] reported as REPLACED, but missing application info. Assuming REMOVED.
11-10 15:45:21.409  3002  3002 D ActivityThread: Package [com.example.mobiledigger] reported as REPLACED, but missing application info. Assuming REMOVED.
11-10 15:45:21.410  2976  2976 D ActivityThread: Package [com.example.mobiledigger] reported as REPLACED, but missing application info. Assuming REMOVED.
11-10 15:45:21.410  3056  3056 D ActivityThread: Package [com.example.mobiledigger] reported as REPLACED, but missing application info. Assuming REMOVED.
11-10 15:45:21.410  3107  3107 D ActivityThread: Package [com.example.mobiledigger] reported as REPLACED, but missing application info. Assuming REMOVED.
11-10 15:45:21.411  3020  3020 D ActivityThread: Package [com.example.mobiledigger] reported as REPLACED, but missing application info. Assuming REMOVED.
11-10 15:45:21.411 24892  5915 I AiAiEcho: (REDACTED) AppIndexer Package:[%s] UserProfile:[%d] Enabled:[%s].
11-10 15:45:21.411 24892  5915 I AiAiEcho: (REDACTED) AppFetcherImplV2 updateApps package:[%s], userId:[%d], reason:[%s].
11-10 15:45:21.411  3141  3141 D ActivityThread: Package [com.example.mobiledigger] reported as REPLACED, but missing application info. Assuming REMOVED.
11-10 15:45:21.412  1431  2167 W USF     : USF_API: Drop flicker data, cannot find sampling_id:84682!
11-10 15:45:21.414 21319 21319 D ActivityThread: Package [com.example.mobiledigger] reported as REPLACED, but missing application info. Assuming REMOVED.
11-10 15:45:21.415 12933 12933 V BaseDepthController: Applying blur: 0 to Surface(name=com.google.android.apps.nexuslauncher/com.google.android.apps.nexuslauncher.NexusLauncherActivity)/@0x828e58a
11-10 15:45:21.415 31972 31972 I Finsky:background: [2] IQ: onPackageRemoved com.example.mobiledigger, replacing=true, uninstallingFromPlay=false
11-10 15:45:21.416   759   759 E CompositionEngine: [Home to launcher blur layer#156183] Invalid device requested composition type change: Client (1) --> Device (2)
11-10 15:45:21.416 21319 21319 D ActivityThread: Package [com.example.mobiledigger] reported as REPLACED, but missing application info. Assuming REMOVED.
11-10 15:45:21.419  1884  1884 D BackupManagerConstants: getFullBackupIntervalMilliseconds(...) returns 86400000
11-10 15:45:21.419  1884  1884 D BackupManagerConstants: getFullBackupRequiredNetworkType(...) returns 2
11-10 15:45:21.419  1884  3104 D ActivityManager: sync unfroze 14132 com.google.android.euicc for 6
11-10 15:45:21.419  1884  1884 D BackupManagerConstants: getFullBackupRequireCharging(...) returns true
11-10 15:45:21.422 14132 14132 D ActivityThread: Package [com.example.mobiledigger] reported as REPLACED, but missing application info. Assuming REMOVED.
11-10 15:45:21.422  1431  2167 W USF     : USF_API: Drop flicker data, cannot find sampling_id:84682!
11-10 15:45:21.422  3130  3339 D EuiccConnector: transitionTo: destState=DisconnectedState
11-10 15:45:21.422  3130  3339 D EuiccConnector: moveDeferredMessageAtFrontOfQueue; what=103
11-10 15:45:21.422  3130  3339 D EuiccConnector: handleMessage: new destination call exit/enter
11-10 15:45:21.422  3130  3339 D EuiccConnector: setupTempStateStackWithStatesToEnter: X mTempStateStackCount=1,curStateInfo: null
11-10 15:45:21.422  3130  3339 D EuiccConnector: invokeExitMethods: BindingState
11-10 15:45:21.422  3130  3339 D EuiccConnector: moveTempStackToStateStack: i=0,j=0
11-10 15:45:21.422  3130  3339 D EuiccConnector: moveTempStackToStateStack: X mStateStackTop=0,startingIndex=0,Top=DisconnectedState
11-10 15:45:21.422  3130  3339 D EuiccConnector: invokeEnterMethods: DisconnectedState
11-10 15:45:21.422  3130  3339 D EuiccConnector: handleMessage: X
11-10 15:45:21.422  3130  3339 D EuiccConnector: handleMessage: E msg.what=103
11-10 15:45:21.422  3130  3339 D EuiccConnector: processMsg: DisconnectedState
11-10 15:45:21.422  3130  3339 D EuiccConnector: deferMessage: msg=103
11-10 15:45:21.422  3130  3339 D EuiccConnector: handleMessage: X
11-10 15:45:21.423  1884  2086 D PackageInstallerSession: Marking session 1037437252 as applied
11-10 15:45:21.424 12933 12933 V BaseDepthController: Applying blur: 0 to Surface(name=com.google.android.apps.nexuslauncher/com.google.android.apps.nexuslauncher.NexusLauncherActivity)/@0x828e58a
11-10 15:45:21.424 14132 14132 D ActivityThread: Package [com.example.mobiledigger] reported as REPLACED, but missing application info. Assuming REMOVED.
11-10 15:45:21.424   759   759 E CompositionEngine: [Home to launcher blur layer#156183] Invalid device requested composition type change: Client (1) --> Device (2)
11-10 15:45:21.420  1884  1884 W binder:1884_1A: type=1400 audit(0.0:207355): avc:  denied  { getopt } for  scontext=u:r:system_server:s0 tcontext=u:r:shell:s0 tclass=unix_stream_socket permissive=0
11-10 15:45:21.420  1884  1884 W binder:1884_1A: type=1400 audit(0.0:207356): avc:  denied  { getopt } for  scontext=u:r:system_server:s0 tcontext=u:r:shell:s0 tclass=unix_stream_socket permissive=0
11-10 15:45:21.420  1884  1884 W binder:1884_1A: type=1400 audit(0.0:207357): avc:  denied  { getopt } for  scontext=u:r:system_server:s0 tcontext=u:r:shell:s0 tclass=unix_stream_socket permissive=0
11-10 15:45:21.425  8413 16357 I PowerSavingModeHandler: maybeSwitchCodecForLeavingLowPower, no configured device
11-10 15:45:21.425  8413 16357 I PowerSavingModeHandler: maybeSwitchCodec completed
11-10 15:45:21.426 31972  5912 I Finsky:background: [1193] Wrote row to frosting DB: 134066
11-10 15:45:21.428  1884  2730 D BackgroundInstallControlService: Package event received: 0
11-10 15:45:21.428  1884  2730 D BackgroundInstallControlService: Package event received: 0
11-10 15:45:21.428  1884  2730 D BackgroundInstallControlService: Package event received: 0
11-10 15:45:21.428  1884  2730 D BackgroundInstallControlService: Package event received: 0
11-10 15:45:21.428  1884  2437 D InstallDependencyHelper: Session complete for 1037437252
11-10 15:45:21.428  3130  3130 D CarrierSvcBindHelper: No carrier app for: 0
11-10 15:45:21.429  3130  3130 D CarrierSvcBindHelper: No carrier app for: 1
11-10 15:45:21.429  3130  3130 D CarrierSvcBindHelper: onPackageModified: com.example.mobiledigger
11-10 15:45:21.429  3130  3130 D CarrierSvcBindHelper: No carrier app for: 0
11-10 15:45:21.429  3130  3130 D CarrierSvcBindHelper: No carrier app for: 1
11-10 15:45:21.430  1884  1884 D ActivityThread: Package [com.example.mobiledigger] reported as REPLACED, but missing application info. Assuming REMOVED.
11-10 15:45:21.432  1431  2167 W USF     : USF_API: Drop flicker data, cannot find sampling_id:84682!
11-10 15:45:21.432 12933 12933 V BaseDepthController: Applying blur: 0 to Surface(name=com.google.android.apps.nexuslauncher/com.google.android.apps.nexuslauncher.NexusLauncherActivity)/@0x828e58a
11-10 15:45:21.432 12090  4709 I PermissionControllerServiceImpl: Updating user sensitive for uid 10658
11-10 15:45:21.432   759   759 E CompositionEngine: [Home to launcher blur layer#156183] Invalid device requested composition type change: Client (1) --> Device (2)
11-10 15:45:21.436 29449 29449 I Finsky  : [2] AIM: AppInfoCacheUpdater -> invalidating apps: [com.example.mobiledigger]
11-10 15:45:21.439  2951  2951 D ServerContainer: uid 10658 is not cached.
11-10 15:45:21.440 12933 12933 V BaseDepthController: Applying blur: 0 to Surface(name=com.google.android.apps.nexuslauncher/com.google.android.apps.nexuslauncher.NexusLauncherActivity)/@0x828e58a
11-10 15:45:21.441  1884  2736 I SdkSandboxManager: No SDKs used. Skipping SDK data reconcilation for CallingInfo{mUid=10658, mPackageName='com.example.mobiledigger, mAppProcessToken='null'}
11-10 15:45:21.441   759   759 E CompositionEngine: [Home to launcher blur layer#156183] Invalid device requested composition type change: Client (1) --> Device (2)
11-10 15:45:21.442  1431  2167 W USF     : USF_API: Drop flicker data, cannot find sampling_id:84682!
11-10 15:45:21.443  2772  2772 D ControlsListingControllerImpl: ServiceConfig reloaded, count: 1
