11-10 14:53:37.680  1884  5659 D LauncherAppsService: getActivityLaunchIntent callingPackage=com.android.systemui component=ComponentInfo{io.supercent.linkedcubic/com.unity3d.player.UnityPlayerActivity} user=UserHandle{0}
11-10 14:53:37.681  1431  2167 W USF     : USF_API: Drop flicker data, cannot find sampling_id:84682!
11-10 14:53:37.681  1884  5666 D LauncherAppsService: getActivityLaunchIntent callingPackage=com.android.systemui component=ComponentInfo{io.voodoo.holeio/com.google.firebase.MessagingUnityPlayerActivity} user=UserHandle{0}
11-10 14:53:37.681  1884  5659 D LauncherAppsService: getActivityLaunchIntent callingPackage=com.android.systemui component=ComponentInfo{io.voodoo.paper2/com.unity3d.player.UnityPlayerActivity} user=UserHandle{0}
11-10 14:53:37.682  1884  5659 D LauncherAppsService: getActivityLaunchIntent callingPackage=com.android.systemui component=ComponentInfo{nl.marktplaats.android/com.horizon.android.feature.feeds.homepage.SpringboardActivity} user=UserHandle{0}
11-10 14:53:37.682  1884  5666 D LauncherAppsService: getActivityLaunchIntent callingPackage=com.android.systemui component=ComponentInfo{org.chromium.webapk.a15bc299c036bd0c4_v2/org.chromium.webapk.shell_apk.h2o.H2OOpaqueMainActivity} user=UserHandle{0}
11-10 14:53:37.685  1884  5659 D LauncherAppsService: getActivityLaunchIntent callingPackage=com.android.systemui component=ComponentInfo{org.chromium.webapk.acf6f8d2b6ee0ba22_v2/org.chromium.webapk.shell_apk.h2o.H2OOpaqueMainActivity} user=UserHandle{0}
11-10 14:53:37.686  1884  5659 D LauncherAppsService: getActivityLaunchIntent callingPackage=com.android.systemui component=ComponentInfo{org.devcore.mixingstation/org.devcore.ms.android.MsAndroidLauncher} user=UserHandle{0}
11-10 14:53:37.687  1884  5659 D LauncherAppsService: getActivityLaunchIntent callingPackage=com.android.systemui component=ComponentInfo{org.intoorbit.spectrum/org.intoorbit.spectrum.SpectrumActivity} user=UserHandle{0}
11-10 14:53:37.688  1884  5666 D LauncherAppsService: getActivityLaunchIntent callingPackage=com.android.systemui component=ComponentInfo{org.localsend.localsend_app/org.localsend.localsend_app.MainActivity} user=UserHandle{0}
11-10 14:53:37.689  1884  5666 D LauncherAppsService: getActivityLaunchIntent callingPackage=com.android.systemui component=ComponentInfo{org.telegram.messenger/org.telegram.messenger.DefaultIcon} user=UserHandle{0}
11-10 14:53:37.690  1884  5666 D LauncherAppsService: getActivityLaunchIntent callingPackage=com.android.systemui component=ComponentInfo{org.videolan.vlc/org.videolan.vlc.StartActivity} user=UserHandle{0}
11-10 14:53:37.690  1431  2167 W USF     : USF_API: Drop flicker data, cannot find sampling_id:84682!
11-10 14:53:37.691 24892 24892 W AiAiSmartNotification: ACTION_PACKAGE_ADDED: play_store_category_list.csv is null!
11-10 14:53:37.692 12933 12933 V BaseDepthController: Applying blur: 0 to Surface(name=com.google.android.apps.nexuslauncher/com.google.android.apps.nexuslauncher.NexusLauncherActivity)/@0x828e58a
11-10 14:53:37.694  1884  5666 D LauncherAppsService: getActivityLaunchIntent callingPackage=com.android.systemui component=ComponentInfo{ro.mercador/pl.tablica2.app.startup.activity.StartupActivity} user=UserHandle{0}
11-10 14:53:37.694  4276  4276 W MediaProvider: WorkProfileOwnerApps cache is empty
11-10 14:53:37.695  1884  5666 D LauncherAppsService: getActivityLaunchIntent callingPackage=com.android.systemui component=ComponentInfo{ro.orange.tvlive/app.solocoo.tv.solocoo.login.splash.SplashActivity} user=UserHandle{0}
11-10 14:53:37.695  1884  4379 D LauncherAppsService: getActivityLaunchIntent callingPackage=com.android.systemui component=ComponentInfo{ro.raiffeisen.eToken/ro.raiffeisen.eToken.launcher.LauncherActivity} user=UserHandle{0}
11-10 14:53:37.696  1884  5666 D LauncherAppsService: getActivityLaunchIntent callingPackage=com.android.systemui component=ComponentInfo{ro.raiffeisen.smartmobile/ro.raiffeisen.smartmobile.presentation.main.LauncherActivity} user=UserHandle{0}
11-10 14:53:37.697  7174 21351 I Finsky  : [1541] SCH: Received scheduling request: Id: 12-1, Constraints: [{ L: 15000, D: 86400000, C: CHARGING_NONE, I: IDLE_NONE, N: NET_ANY, B: BATTERY_ANY }]
11-10 14:53:37.697  1884  5670 W MediaSessionRecord: Ignoring call to destroyed session
11-10 14:53:37.698  1484  1484 I WifiHAL : Creating message to get link statistics; iface = 47
11-10 14:53:37.700  1431  2167 W USF     : USF_API: Drop flicker data, cannot find sampling_id:84682!
11-10 14:53:37.701 12933 12933 V BaseDepthController: Applying blur: 0 to Surface(name=com.google.android.apps.nexuslauncher/com.google.android.apps.nexuslauncher.NexusLauncherActivity)/@0x828e58a
11-10 14:53:37.703  1884  5666 W ParceledListSlice: Element #16 is 30568 bytes.
11-10 14:53:37.704  7174  7174 I Finsky  : [2] agiw - Received: android.intent.action.PACKAGE_ADDED, [F8SdPmz-nDnkHAASXyGhRL_JSafYynzTZ1KyLvYja6g]
11-10 14:53:37.708  4276  4276 D PickerSyncLockManager: Trying to acquire lock com.android.providers.media.photopicker.sync.CloseableReentrantLock@3c14634[Unlocked]. Lock Name = CLOUD_PROVIDER_LOCK. Threads that may be waiting to acquire this lock = []
11-10 14:53:37.708  4276  4276 D CloseableReentrantLock: Successfully acquired lock com.android.providers.media.photopicker.sync.CloseableReentrantLock@3c14634[Locked by thread main]. Lock Name = CLOUD_PROVIDER_LOCK. Threads that may be waiting to acquire this lock = []
11-10 14:53:37.708  4276  4276 D CloseableReentrantLock: Successfully released lock com.android.providers.media.photopicker.sync.CloseableReentrantLock@3c14634[Unlocked]. Lock Name = CLOUD_PROVIDER_LOCK. Threads that may be waiting to acquire this lock = []
11-10 14:53:37.710  1431  2167 W USF     : USF_API: Drop flicker data, cannot find sampling_id:84682!
11-10 14:53:37.714 10605 10690 I ahiy    : (REDACTED) Invalidating %s caches for %s
11-10 14:53:37.715 10605 10690 I dlwm    : (REDACTED) Invalidation request: %s
11-10 14:53:37.717 12933 12933 V BaseDepthController: Applying blur: 0 to Surface(name=com.google.android.apps.nexuslauncher/com.google.android.apps.nexuslauncher.NexusLauncherActivity)/@0x828e58a
11-10 14:53:37.720  1431  2167 W USF     : USF_API: Drop flicker data, cannot find sampling_id:84682!
11-10 14:53:37.730  1431  2167 W USF     : USF_API: Drop flicker data, cannot find sampling_id:84682!
11-10 14:53:37.734 10605 10690 I duye    : (REDACTED) Invalidated ContextKey: %s for %s.
11-10 14:53:37.736  1884  5666 D ActivityManager: sync unfroze 30907 com.google.android.gms for 6
11-10 14:53:37.737 10605 10690 I duyn    : (REDACTED) Fetching context keys %s. %s
11-10 14:53:37.737 10605 10690 I duyn    : (REDACTED) Fetching ContextResult for ContextKey: %s. %s
11-10 14:53:37.737  1884  5666 D ActivityManager: sync unfroze 10405 com.google.android.webview:sandboxed_process0:org.chromium.content.app.SandboxedProcessService0:0 for 6
11-10 14:53:37.737 10605 10690 I duyn    : (REDACTED) Fetching ContextResult for ContextKey: %s. %s
11-10 14:53:37.738 10605 10690 I dlxp    : (REDACTED) GetContext(%s, %s): %s from synchronized cache (status: %s)
11-10 14:53:37.739 10605 10692 I duyn    : (REDACTED) ContextResult succeeded for ContextKey: %s. %s
11-10 14:53:37.739 10605 10692 I duyh    : (REDACTED) Primary Locale: %s and preferred locales: %s, returned from Context API. %s
11-10 14:53:37.740  1431  2167 W USF     : USF_API: Drop flicker data, cannot find sampling_id:84682!
11-10 14:53:37.741 10405 10405 D ActivityThread: Package [com.example.mobiledigger] reported as REPLACED, but missing application info. Assuming REMOVED.
11-10 14:53:37.742 12933 12933 V BaseDepthController: Applying blur: 0 to Surface(name=com.google.android.apps.nexuslauncher/com.google.android.apps.nexuslauncher.NexusLauncherActivity)/@0x828e58a
11-10 14:53:37.743 10405 10405 D ActivityThread: Package [com.example.mobiledigger] reported as REPLACED, but missing application info. Assuming REMOVED.
11-10 14:53:37.743 30907 30907 D ActivityThread: Package [com.example.mobiledigger] reported as REPLACED, but missing application info. Assuming REMOVED.
11-10 14:53:37.746 10605 10689 I dluy    : (REDACTED) GetContext(%s, %s): Fetching from provider
11-10 14:53:37.744 30907 31056 I Dck     : (REDACTED) %s
11-10 14:53:37.746 30907 30907 D ActivityThread: Package [com.example.mobiledigger] reported as REPLACED, but missing application info. Assuming REMOVED.
11-10 14:53:37.748 10605 10691 I ahiy    : (REDACTED) Invalidating %s caches for %s
11-10 14:53:37.748 10605 10691 I dlwm    : (REDACTED) Invalidation request: %s
11-10 14:53:37.750  1431  2167 W USF     : USF_API: Drop flicker data, cannot find sampling_id:84682!
11-10 14:53:37.755  7174  7211 I Finsky  : [1039] AIM: AppInfoManager-Perf > ItemModel > CacheSize=190, cacheHitCount=0, cacheMissCount=0, total appsWithNoServerDataCount=4. Missed  in cache (limit 10) : []
11-10 14:53:37.759 12933 12933 V BaseDepthController: Applying blur: 0 to Surface(name=com.google.android.apps.nexuslauncher/com.google.android.apps.nexuslauncher.NexusLauncherActivity)/@0x828e58a
11-10 14:53:37.760  1431  2167 W USF     : USF_API: Drop flicker data, cannot find sampling_id:84682!
11-10 14:53:37.761  1884  1915 V Configuration: Updating configuration, locales updated from [] to [en_US,ro_RO]
11-10 14:53:37.762  1884  1915 V Configuration: Updating configuration, locales updated from [] to [en_US]
11-10 14:53:37.762  1884  1915 V Configuration: Updating configuration, locales updated from [] to [en_US,ro_RO]
11-10 14:53:37.762  1884  1915 V Configuration: Updating configuration, locales updated from [] to [en_US,ro_RO]
11-10 14:53:37.762  1884  1915 V Configuration: Updating configuration, locales updated from [] to [en_US,ro_RO]
11-10 14:53:37.762  1884  1915 V Configuration: Updating configuration, locales updated from [] to [en_US]
11-10 14:53:37.762  1884  1915 V Configuration: Updating configuration, locales updated from [] to [en_US,ro_RO]
11-10 14:53:37.762  1884  1915 V Configuration: Updating configuration, locales updated from [] to [en_US,ro_RO]
11-10 14:53:37.762  1884  1915 V Configuration: Updating configuration, locales updated from [] to [en_US,ro_RO]
11-10 14:53:37.762  1884  1915 V Configuration: Updating configuration, locales updated from [] to [en_US]
11-10 14:53:37.762  1884  1915 V Configuration: Updating configuration, locales updated from [] to [en_US,ro_RO]
11-10 14:53:37.762  1884  1915 V Configuration: Updating configuration, locales updated from [] to [en_US,ro_RO]
11-10 14:53:37.762  1884  1915 V Configuration: Updating configuration, locales updated from [] to [en_US,ro_RO]
11-10 14:53:37.762  1884  1915 V Configuration: Updating configuration, locales updated from [] to [en_US]
11-10 14:53:37.762  1884  1915 V Configuration: Updating configuration, locales updated from [] to [en_US,ro_RO]
11-10 14:53:37.762  1884  1915 V Configuration: Updating configuration, locales updated from [] to [en_US,ro_RO]
11-10 14:53:37.762  1884  1915 V Configuration: Updating configuration, locales updated from [] to [en_US,ro_RO]
11-10 14:53:37.762  1884  1915 V Configuration: Updating configuration, locales updated from [] to [en_US,ro_RO]
11-10 14:53:37.762  1884  1915 V Configuration: Updating configuration, locales updated from [] to [en_US]
11-10 14:53:37.762  1884  1915 V Configuration: Updating configuration, locales updated from [] to [en_US]
11-10 14:53:37.762  1884  1915 V Configuration: Updating configuration, locales updated from [] to [en_US]
11-10 14:53:37.762  1884  1915 V Configuration: Updating configuration, locales updated from [] to [en_US,ro_RO]
11-10 14:53:37.762  1884  1915 V Configuration: Updating configuration, locales updated from [] to [en_US,ro_RO]
11-10 14:53:37.762  1884  1915 V Configuration: Updating configuration, locales updated from [] to [en_US]
11-10 14:53:37.762  1884  1915 V Configuration: Updating configuration, locales updated from [] to [en_US,ro_RO]
11-10 14:53:37.762  1884  1915 V Configuration: Updating configuration, locales updated from [] to [en_US,ro_RO]
11-10 14:53:37.763  1884  1915 V Configuration: Updating configuration, locales updated from [] to [en_US,ro_RO]
11-10 14:53:37.763 10605 10695 I duye    : (REDACTED) Invalidated ContextKey: %s for %s.
11-10 14:53:37.763  1884  1915 V Configuration: Updating configuration, locales updated from [] to [en_US,ro_RO]
11-10 14:53:37.763  1884  1915 V Configuration: Updating configuration, locales updated from [] to [en_US,ro_RO]
11-10 14:53:37.763  1884  1915 V Configuration: Updating configuration, locales updated from [] to [en_US,ro_RO]
11-10 14:53:37.763  1884  1915 V Configuration: Updating configuration, locales updated from [] to [en_US]
11-10 14:53:37.763  1884  1915 V Configuration: Updating configuration, locales updated from [] to [en_US,ro_RO]
11-10 14:53:37.763  1884  1915 V Configuration: Updating configuration, locales updated from [] to [en_US]
11-10 14:53:37.763  1884  1915 V Configuration: Updating configuration, locales updated from [] to [en_US,ro_RO]
11-10 14:53:37.763  1884  1915 V Configuration: Updating configuration, locales updated from [] to [en_US,ro_RO]
11-10 14:53:37.763  1884  1915 V Configuration: Updating configuration, locales updated from [] to [en_US,ro_RO]
11-10 14:53:37.763  1884  1915 V Configuration: Updating configuration, locales updated from [] to [en_US]
11-10 14:53:37.763  1884  1915 V Configuration: Updating configuration, locales updated from [] to [en_US,ro_RO]
11-10 14:53:37.763  1884  1915 V Configuration: Updating configuration, locales updated from [] to [en_US]
11-10 14:53:37.763  1884  1915 V Configuration: Updating configuration, locales updated from [] to [en_US,ro_RO]
11-10 14:53:37.763  1884  1915 V Configuration: Updating configuration, locales updated from [] to [en_US,ro_RO]
11-10 14:53:37.763  1884  1915 V Configuration: Updating configuration, locales updated from [] to [en_US,ro_RO]
11-10 14:53:37.763  1884  1915 V Configuration: Updating configuration, locales updated from [] to [en_US,ro_RO]
11-10 14:53:37.763  1884  1915 V Configuration: Updating configuration, locales updated from [] to [en_US,ro_RO]
11-10 14:53:37.763  1884  1915 V Configuration: Updating configuration, locales updated from [] to [en_US,ro_RO]
11-10 14:53:37.763  1884  1915 V Configuration: Updating configuration, locales updated from [] to [ro_RO,en_US]
11-10 14:53:37.763  1884  1915 V Configuration: Updating configuration, locales updated from [] to [en_US,ro_RO]
11-10 14:53:37.763  1884  1915 V Configuration: Updating configuration, locales updated from [] to [en_US,ro_RO]
11-10 14:53:37.763  1884  1915 V Configuration: Updating configuration, locales updated from [] to [en_US,ro_RO]
11-10 14:53:37.763  1884  1915 V Configuration: Updating configuration, locales updated from [] to [en_US,ro_RO]
11-10 14:53:37.763  1884  1915 V Configuration: Updating configuration, locales updated from [] to [en_US,ro_RO]
11-10 14:53:37.763  1884  1915 V Configuration: Updating configuration, locales updated from [] to [en_US,ro_RO]
11-10 14:53:37.763  1884  1915 V Configuration: Updating configuration, locales updated from [] to [en_US,ro_RO]
11-10 14:53:37.763  1884  1915 V Configuration: Updating configuration, locales updated from [] to [en_US,ro_RO]
11-10 14:53:37.763 10605 10695 I duyn    : (REDACTED) Fetching ContextResult for ContextKey: %s. %s
11-10 14:53:37.764 10605 10689 I duyn    : (REDACTED) Fetching context keys %s. %s
11-10 14:53:37.764 10605 10689 I duyn    : (REDACTED) Fetching ContextResult for ContextKey: %s. %s
11-10 14:53:37.764  1884  1915 V Configuration: Updating configuration, locales updated from [] to [en_US,ro_RO]
11-10 14:53:37.764  1884  1915 V Configuration: Updating configuration, locales updated from [] to [en_US,ro_RO]
11-10 14:53:37.764  1884  1915 V Configuration: Updating configuration, locales updated from [] to [en_US,ro_RO]
11-10 14:53:37.764  1884  1915 V Configuration: Updating configuration, locales updated from [] to [en_US,ro_RO]
11-10 14:53:37.764  1884  1915 V Configuration: Updating configuration, locales updated from [] to [en_US,ro_RO]
11-10 14:53:37.764  1884  1915 V Configuration: Updating configuration, locales updated from [] to [en_US,ro_RO]
11-10 14:53:37.765  1884  1915 V Configuration: Updating configuration, locales updated from [] to [en_US,ro_RO]
11-10 14:53:37.765  1884  1915 V Configuration: Updating configuration, locales updated from [] to [en_US,ro_RO]
11-10 14:53:37.765 10605 10692 I dluy    : (REDACTED) GetContext(%s, %s): Fetching from provider
11-10 14:53:37.765  1884  1915 V Configuration: Updating configuration, locales updated from [] to [en_US,ro_RO]
11-10 14:53:37.765  1884  1915 V Configuration: Updating configuration, locales updated from [] to [en_US,ro_RO]
11-10 14:53:37.765  1884  1915 V Configuration: Updating configuration, locales updated from [] to [en_US,ro_RO]
11-10 14:53:37.765  1884  1915 V Configuration: Updating configuration, locales updated from [] to [ro_RO,en_US]
11-10 14:53:37.765  1884  1915 V Configuration: Updating configuration, locales updated from [] to [en_US,ro_RO]
11-10 14:53:37.765  1884  1915 V Configuration: Updating configuration, locales updated from [] to [en_US,ro_RO]
11-10 14:53:37.765  1884  1915 V Configuration: Updating configuration, locales updated from [] to [en_US,ro_RO]
11-10 14:53:37.765  1884  1915 V Configuration: Updating configuration, locales updated from [] to [en_US,ro_RO]
11-10 14:53:37.765  1884  1915 V Configuration: Updating configuration, locales updated from [] to [en_US,ro_RO]
11-10 14:53:37.765  1884  1915 V Configuration: Updating configuration, locales updated from [] to [en_US,ro_RO]
11-10 14:53:37.765  1884  1915 V Configuration: Updating configuration, locales updated from [] to [en_US,ro_RO]
11-10 14:53:37.765  1884  1915 V Configuration: Updating configuration, locales updated from [] to [en_US,ro_RO]
11-10 14:53:37.765  1884  1915 V Configuration: Updating configuration, locales updated from [] to [en_US,ro_RO]
11-10 14:53:37.765  1884  1915 V Configuration: Updating configuration, locales updated from [] to [ro_RO,en_US]
11-10 14:53:37.765  1884  1915 V Configuration: Updating configuration, locales updated from [] to [en_US,ro_RO]
11-10 14:53:37.765  1884  1915 V Configuration: Updating configuration, locales updated from [] to [en_US,ro_RO]
11-10 14:53:37.765  1884  1915 V Configuration: Updating configuration, locales updated from [] to [en_US]
11-10 14:53:37.765  1884  1915 V Configuration: Updating configuration, locales updated from [] to [en_US,ro_RO]
11-10 14:53:37.765  1884  1915 V Configuration: Updating configuration, locales updated from [] to [en_US,ro_RO]
11-10 14:53:37.765  1884  1915 V Configuration: Updating configuration, locales updated from [] to [en_US,ro_RO]
11-10 14:53:37.765  1884  1915 V Configuration: Updating configuration, locales updated from [] to [en_US,ro_RO]
11-10 14:53:37.765  1884  1915 V Configuration: Updating configuration, locales updated from [] to [en_US,ro_RO]
11-10 14:53:37.765  1884  1915 V Configuration: Updating configuration, locales updated from [] to [ro_RO,en_US]
11-10 14:53:37.765  1884  1915 V Configuration: Updating configuration, locales updated from [] to [en_US,ro_RO]
11-10 14:53:37.765  1884  1915 V Configuration: Updating configuration, locales updated from [] to [en_US]
11-10 14:53:37.765  1884  1915 V Configuration: Updating configuration, locales updated from [] to [ro_RO]
11-10 14:53:37.765  1884  1915 V Configuration: Updating configuration, locales updated from [] to [en_US,ro_RO]
11-10 14:53:37.765  1884  1915 V Configuration: Updating configuration, locales updated from [] to [en_US,ro_RO]
11-10 14:53:37.765  1884  1915 V Configuration: Updating configuration, locales updated from [] to [en_US,ro_RO]
11-10 14:53:37.765  1884  1915 V Configuration: Updating configuration, locales updated from [] to [en_US,ro_RO]
11-10 14:53:37.765  1884  1915 V Configuration: Updating configuration, locales updated from [] to [en_US,ro_RO]
11-10 14:53:37.765  1884  1915 V Configuration: Updating configuration, locales updated from [] to [ro_RO,en_US]
11-10 14:53:37.765  1884  1915 V Configuration: Updating configuration, locales updated from [] to [en_US]
11-10 14:53:37.765  1884  1915 V Configuration: Updating configuration, locales updated from [] to [en_US,ro_RO]
11-10 14:53:37.765  1884  1915 V Configuration: Updating configuration, locales updated from [] to [ro_RO]
11-10 14:53:37.765  1884  1915 V Configuration: Updating configuration, locales updated from [] to [en_US,ro_RO]
11-10 14:53:37.765  1884  1915 V Configuration: Updating configuration, locales updated from [] to [en_US,ro_RO]
11-10 14:53:37.765  1884  1915 V Configuration: Updating configuration, locales updated from [] to [en_US,ro_RO]
11-10 14:53:37.765  1884  1915 V Configuration: Updating configuration, locales updated from [] to [en_US,ro_RO]
11-10 14:53:37.765  1884  1915 V Configuration: Updating configuration, locales updated from [] to [en_US,ro_RO]
11-10 14:53:37.765 10605 10699 I dlxp    : (REDACTED) GetContext(%s, %s): %s from synchronized cache (status: %s)
11-10 14:53:37.765  1884  1915 V Configuration: Updating configuration, locales updated from [] to [en_US]
11-10 14:53:37.765  1884  1915 V Configuration: Updating configuration, locales updated from [] to [en_US]
11-10 14:53:37.765  1884  1915 V Configuration: Updating configuration, locales updated from [] to [ro_RO,en_US]
11-10 14:53:37.765  1884  1915 V Configuration: Updating configuration, locales updated from [] to [en_US,ro_RO]
11-10 14:53:37.765  1884  1915 V Configuration: Updating configuration, locales updated from [] to [en_US,ro_RO]
11-10 14:53:37.765  1884  1915 V Configuration: Updating configuration, locales updated from [] to [en_US,ro_RO]
11-10 14:53:37.765  1884  1915 V Configuration: Updating configuration, locales updated from [] to [en_US,ro_RO]
11-10 14:53:37.765  1884  1915 V Configuration: Updating configuration, locales updated from [] to [en_US,ro_RO]
11-10 14:53:37.765  1884  1915 V Configuration: Updating configuration, locales updated from [] to [en_US,ro_RO]
11-10 14:53:37.765  1884  1915 V Configuration: Updating configuration, locales updated from [] to [en_US]
11-10 14:53:37.765  1884  1915 V Configuration: Updating configuration, locales updated from [] to [en_US,ro_RO]
11-10 14:53:37.765  1884  1915 V Configuration: Updating configuration, locales updated from [] to [en_US]
11-10 14:53:37.765  1884  1915 V Configuration: Updating configuration, locales updated from [] to [en_US,ro_RO]
11-10 14:53:37.765  1884  1915 V Configuration: Updating configuration, locales updated from [] to [en_US,ro_RO]
11-10 14:53:37.765  1884  1915 V Configuration: Updating configuration, locales updated from [] to [en_US,ro_RO]
11-10 14:53:37.765  1884  1915 V Configuration: Updating configuration, locales updated from [] to [en_US]
11-10 14:53:37.765  1884  1915 V Configuration: Updating configuration, locales updated from [] to [en_US,ro_RO]
11-10 14:53:37.765  1884  1915 V Configuration: Updating configuration, locales updated from [] to [en_US]
11-10 14:53:37.765  1884  1915 V Configuration: Updating configuration, locales updated from [] to [en_US,ro_RO]
11-10 14:53:37.765  1884  1915 V Configuration: Updating configuration, locales updated from [] to [en_US,ro_RO]
11-10 14:53:37.765  1884  1915 V Configuration: Updating configuration, locales updated from [] to [en_US,ro_RO]
11-10 14:53:37.765  1884  1915 V Configuration: Updating configuration, locales updated from [] to [en_US,ro_RO]
11-10 14:53:37.766  1884  1915 V Configuration: Updating configuration, locales updated from [] to [en_US,ro_RO]
11-10 14:53:37.766  1884  1915 V Configuration: Updating configuration, locales updated from [] to [en_US,ro_RO]
11-10 14:53:37.766  1884  1915 V Configuration: Updating configuration, locales updated from [] to [en_US,ro_RO]
11-10 14:53:37.766  1884  1915 V Configuration: Updating configuration, locales updated from [] to [en_US,ro_RO]
11-10 14:53:37.766  1884  1915 V Configuration: Updating configuration, locales updated from [] to [en_US,ro_RO]
11-10 14:53:37.766  1884  1915 V Configuration: Updating configuration, locales updated from [] to [en_US,ro_RO]
11-10 14:53:37.766  1884  1915 V Configuration: Updating configuration, locales updated from [] to [en_US,ro_RO]
11-10 14:53:37.766  1884  1915 V Configuration: Updating configuration, locales updated from [] to [en_US,ro_RO]
11-10 14:53:37.766  1884  1915 V Configuration: Updating configuration, locales updated from [] to [en_US,ro_RO]
11-10 14:53:37.766  1884  1915 V Configuration: Updating configuration, locales updated from [] to [en_US,ro_RO]
11-10 14:53:37.766  1884  1915 V Configuration: Updating configuration, locales updated from [] to [en_US,ro_RO]
11-10 14:53:37.766  1884  1915 V Configuration: Updating configuration, locales updated from [] to [en_US,ro_RO]
11-10 14:53:37.766  1884  1915 V Configuration: Updating configuration, locales updated from [] to [en_US,ro_RO]
11-10 14:53:37.766  1884  1915 V Configuration: Updating configuration, locales updated from [] to [en_US,ro_RO]
11-10 14:53:37.766  1884  1915 V Configuration: Updating configuration, locales updated from [] to [en_US,ro_RO]
11-10 14:53:37.766  1884  1915 V Configuration: Updating configuration, locales updated from [] to [en_US,ro_RO]
11-10 14:53:37.766 10605 10689 I duyn    : (REDACTED) ContextResult succeeded for ContextKey: %s. %s
11-10 14:53:37.766  1884  1915 V Configuration: Updating configuration, locales updated from [] to [en_US,ro_RO]
11-10 14:53:37.766  1884  1915 V Configuration: Updating configuration, locales updated from [] to [en_US,ro_RO]
11-10 14:53:37.766  1884  1915 V Configuration: Updating configuration, locales updated from [] to [en_US,ro_RO]
11-10 14:53:37.766 10605 10689 I duyh    : (REDACTED) Primary Locale: %s and preferred locales: %s, returned from Context API. %s
11-10 14:53:37.766  1884  1915 D IntervalStats: Unable to parse usage stats packages: [137, 276, 315, 316, 324, 333, 336, 337, 339, 340, 357, 363, 371, 372, 374, 391, 395, 402, 411, 413, 414, 421, 427, 433, 437, 457, 459, 460, 461, 464, 465, 471, 472, 487, 488, 489, 490, 494, 495, 509, 510, 511, 512, 513, 514, 515, 517, 518, 519, 520, 523, 529, 531, 532, 534, 538, 539, 540, 546, 547, 549, 553, 554, 556, 568, 583, 589, 595, 597, 598, 599, 600, 601, 602, 605, 606, 611, 623, 624, 625, 627, 628, 629, 630, 631, 632, 633, 634, 635, 637, 638, 640, 654, 657, 658, 660, 661, 663, 666, 672, 691, 692, 693, 694, 696, 697, 698, 699, 701, 702, 703, 704, 705, 706, 707, 708, 709, 710, 711, 712, 714, 715, 721]
11-10 14:53:37.766 10605 10674 I dutu    : (REDACTED) getting App Capabilities from InstalledAppsCache %s
11-10 14:53:37.768 10605 10640 I dutu    : (REDACTED) getting App Capabilities from InstalledAppsCache %s
11-10 14:53:37.769  1431  2167 W USF     : USF_API: Drop flicker data, cannot find sampling_id:84682!
11-10 14:53:37.774 30907 21361 I GmscoreIpa: Starting mediastore instant index [CONTEXT service_id=255 ]
11-10 14:53:37.780  1431  2167 W USF     : USF_API: Drop flicker data, cannot find sampling_id:84682!
11-10 14:53:37.783  4488 21363 I Fitness : (REDACTED) FitCleanupIntentOperation received Intent %s
11-10 14:53:37.784 12933 12933 V BaseDepthController: Applying blur: 0 to Surface(name=com.google.android.apps.nexuslauncher/com.google.android.apps.nexuslauncher.NexusLauncherActivity)/@0x828e58a
11-10 14:53:37.788  4488 21364 I ProximityAuth: [RecentAppsMediator] Package added: (user=UserHandle{0}) com.example.mobiledigger
11-10 14:53:37.789  1431  2167 W USF     : USF_API: Drop flicker data, cannot find sampling_id:84682!
11-10 14:53:37.797  1884  1911 I system_server: Background young concurrent mark compact GC freed 97MB AllocSpace bytes, 49(1196KB) LOS objects, 42% free, 114MB/200MB, paused 2.096ms,12.356ms total 315.383ms
11-10 14:53:37.798  4488 21360 I FontLog : (REDACTED) Package %s has no metadata
11-10 14:53:37.799  1431  2167 W USF     : USF_API: Drop flicker data, cannot find sampling_id:84682!
11-10 14:53:37.800 12933 12933 V BaseDepthController: Applying blur: 0 to Surface(name=com.google.android.apps.nexuslauncher/com.google.android.apps.nexuslauncher.NexusLauncherActivity)/@0x828e58a
11-10 14:53:37.809  1431  2167 W USF     : USF_API: Drop flicker data, cannot find sampling_id:84682!
11-10 14:53:37.819  1484  1484 I WifiHAL : index: 0 per_rate_size 32, data_rem_len 1152
11-10 14:53:37.819  1484  1484 I WifiHAL : index: 1 per_rate_size 32, data_rem_len 1120
11-10 14:53:37.819  1484  1484 I WifiHAL : index: 2 per_rate_size 32, data_rem_len 1088
11-10 14:53:37.819  1484  1484 I WifiHAL : index: 3 per_rate_size 32, data_rem_len 1056
11-10 14:53:37.819  1484  1484 I WifiHAL : index: 4 per_rate_size 32, data_rem_len 1024
11-10 14:53:37.819  1484  1484 I WifiHAL : index: 5 per_rate_size 32, data_rem_len 992
11-10 14:53:37.819  1484  1484 I WifiHAL : index: 6 per_rate_size 32, data_rem_len 960
11-10 14:53:37.819  1484  1484 I WifiHAL : index: 7 per_rate_size 32, data_rem_len 928
11-10 14:53:37.819  1484  1484 I WifiHAL : index: 8 per_rate_size 32, data_rem_len 896
11-10 14:53:37.819  1484  1484 I WifiHAL : index: 9 per_rate_size 32, data_rem_len 864
11-10 14:53:37.819  1484  1484 I WifiHAL : index: 10 per_rate_size 32, data_rem_len 832
11-10 14:53:37.819  1484  1484 I WifiHAL : index: 11 per_rate_size 32, data_rem_len 800
11-10 14:53:37.819  1484  1484 I WifiHAL : index: 12 per_rate_size 32, data_rem_len 768
11-10 14:53:37.819  1484  1484 I WifiHAL : index: 13 per_rate_size 32, data_rem_len 736
11-10 14:53:37.819  1484  1484 I WifiHAL : index: 14 per_rate_size 32, data_rem_len 704
11-10 14:53:37.819  1484  1484 I WifiHAL : index: 15 per_rate_size 32, data_rem_len 672
11-10 14:53:37.819  1484  1484 I WifiHAL : index: 16 per_rate_size 32, data_rem_len 640
11-10 14:53:37.819  1484  1484 I WifiHAL : index: 17 per_rate_size 32, data_rem_len 608
11-10 14:53:37.819  1484  1484 I WifiHAL : index: 18 per_rate_size 32, data_rem_len 576
11-10 14:53:37.819  1484  1484 I WifiHAL : index: 19 per_rate_size 32, data_rem_len 544
11-10 14:53:37.819  1484  1484 I WifiHAL : index: 20 per_rate_size 32, data_rem_len 512
11-10 14:53:37.819  1484  1484 I WifiHAL : index: 21 per_rate_size 32, data_rem_len 480
11-10 14:53:37.819  1484  1484 I WifiHAL : index: 22 per_rate_size 32, data_rem_len 448
11-10 14:53:37.819  1484  1484 I WifiHAL : index: 23 per_rate_size 32, data_rem_len 416
11-10 14:53:37.819  1484  1484 I WifiHAL : index: 24 per_rate_size 32, data_rem_len 384
11-10 14:53:37.819  1484  1484 I WifiHAL : index: 25 per_rate_size 32, data_rem_len 352
11-10 14:53:37.819  1484  1484 I WifiHAL : index: 26 per_rate_size 32, data_rem_len 320
11-10 14:53:37.819  1484  1484 I WifiHAL : index: 27 per_rate_size 32, data_rem_len 288
11-10 14:53:37.819  1484  1484 I WifiHAL : index: 28 per_rate_size 32, data_rem_len 256
11-10 14:53:37.819  1484  1484 I WifiHAL : index: 29 per_rate_size 32, data_rem_len 224
11-10 14:53:37.819  1484  1484 I WifiHAL : index: 30 per_rate_size 32, data_rem_len 192
11-10 14:53:37.819  1484  1484 I WifiHAL : index: 31 per_rate_size 32, data_rem_len 160
11-10 14:53:37.819  1484  1484 I WifiHAL : index: 32 per_rate_size 32, data_rem_len 128
11-10 14:53:37.819  1484  1484 I WifiHAL : index: 33 per_rate_size 32, data_rem_len 96
11-10 14:53:37.819  1484  1484 I WifiHAL : index: 34 per_rate_size 32, data_rem_len 64
11-10 14:53:37.819  1484  1484 I WifiHAL : index: 35 per_rate_size 32, data_rem_len 32
11-10 14:53:37.819  1431  2167 W USF     : USF_API: Drop flicker data, cannot find sampling_id:84682!
11-10 14:53:37.820  1484  1484 E libbinder.IPCThreadState: binder thread pool (1 threads) starved for 121 ms
11-10 14:53:37.820  1484  1484 I WifiHAL : Getting cached scan results, iface handle = 0xb400007caea59610
11-10 14:53:37.820  1484  1484 E WifiHAL : Creating message to get cached scan results
11-10 14:53:37.828  1484  1484 I WifiHAL : In GetCachedScanResultsCommand::handleResponse
11-10 14:53:37.829  1431  2167 W USF     : USF_API: Drop flicker data, cannot find sampling_id:84682!
11-10 14:53:37.834 12933 12933 V BaseDepthController: Applying blur: 0 to Surface(name=com.google.android.apps.nexuslauncher/com.google.android.apps.nexuslauncher.NexusLauncherActivity)/@0x828e58a
11-10 14:53:37.839  1431  2167 W USF     : USF_API: Drop flicker data, cannot find sampling_id:84682!
11-10 14:53:37.847 12933 13026 D WellbeingModel: ....actionId: pause, packages: com.example.mobiledigger
11-10 14:53:37.847 12933 13026 I WellbeingModel: retrieveActions(): finished
11-10 14:53:37.850  1431  2167 W USF     : USF_API: Drop flicker data, cannot find sampling_id:84682!
11-10 14:53:37.855  1884  1913 W System  : A resource failed to call close. 
11-10 14:53:37.859 12933 12933 V BaseDepthController: Applying blur: 0 to Surface(name=com.google.android.apps.nexuslauncher/com.google.android.apps.nexuslauncher.NexusLauncherActivity)/@0x828e58a
11-10 14:53:37.860  1431  2167 W USF     : USF_API: Drop flicker data, cannot find sampling_id:84682!
11-10 14:53:37.863  1884  2488 V AccessibilityUserState: updateShortcutTargets: type:accessibility_shortcut_target_service, current:{com.google.android.marvin.talkback/com.google.android.marvin.talkback.TalkBackService}, new:{com.google.android.marvin.talkback/com.google.android.marvin.talkback.TalkBackService}
11-10 14:53:37.863  1884  2488 V AccessibilityUserState: updateShortcutTargets: type:accessibility_qs_targets, current:{com.android.server.accessibility/ReduceBrightColors}, new:{com.android.server.accessibility/ReduceBrightColors}
11-10 14:53:37.863  1884  2488 V AccessibilityUserState: updateShortcutTargets: type:accessibility_button_targets, current:{}, new:{}
11-10 14:53:37.863  1884  2488 V AccessibilityUserState: updateShortcutTargets: type:accessibility_gesture_targets, current:{}, new:{}
11-10 14:53:37.863  1884  2488 V AccessibilityUserState: updateShortcutTargets: type:accessibility_key_gesture_targets, current:{}, new:{}
11-10 14:53:37.863  1884  2488 V AccessibilityManagerService: onUserStateChangedLocked for userId: 0, forceUpdate: false
11-10 14:53:37.864  1884  2488 V AccessibilityUserState: updateShortcutTargets: type:accessibility_shortcut_target_service, current:{com.google.android.marvin.talkback/com.google.android.marvin.talkback.TalkBackService}, new:{com.google.android.marvin.talkback/com.google.android.marvin.talkback.TalkBackService}
11-10 14:53:37.864  1884  2488 V AccessibilityUserState: updateShortcutTargets: type:accessibility_button_targets, current:{}, new:{}
11-10 14:53:37.864  1884  2488 V AccessibilityUserState: updateShortcutTargets: type:accessibility_gesture_targets, current:{}, new:{}
11-10 14:53:37.864  1884  2488 V AccessibilityUserState: updateShortcutTargets: type:accessibility_qs_targets, current:{com.android.server.accessibility/ReduceBrightColors}, new:{com.android.server.accessibility/ReduceBrightColors}
11-10 14:53:37.864  1884  2488 V AccessibilityUserState: updateShortcutTargets: type:accessibility_key_gesture_targets, current:{}, new:{}
11-10 14:53:37.864  1884  2488 W MagnificationConnectionManager: requestConnection duplicated request: connect=false, mConnectionState=DISCONNECTED
11-10 14:53:37.864  1884  2488 V AccessibilityUserState: updateShortcutTargets: type:accessibility_button_targets, current:{}, new:{}
11-10 14:53:37.869  1431  2167 W USF     : USF_API: Drop flicker data, cannot find sampling_id:84682!
11-10 14:53:37.869  1431  2167 W USF     : USF_API: Drop flicker data, cannot find sampling_id:84682!
11-10 14:53:37.871  1884  2488 V AccessibilityUserState: updateShortcutTargets: type:accessibility_shortcut_target_service, current:{com.google.android.marvin.talkback/com.google.android.marvin.talkback.TalkBackService}, new:{com.google.android.marvin.talkback/com.google.android.marvin.talkback.TalkBackService}
11-10 14:53:37.871  1884  2488 V AccessibilityUserState: updateShortcutTargets: type:accessibility_qs_targets, current:{com.android.server.accessibility/ReduceBrightColors}, new:{com.android.server.accessibility/ReduceBrightColors}
11-10 14:53:37.871  1884  2488 V AccessibilityUserState: updateShortcutTargets: type:accessibility_button_targets, current:{}, new:{}
11-10 14:53:37.871  1884  2488 V AccessibilityUserState: updateShortcutTargets: type:accessibility_gesture_targets, current:{}, new:{}
11-10 14:53:37.871  1884  2488 V AccessibilityUserState: updateShortcutTargets: type:accessibility_key_gesture_targets, current:{}, new:{}
11-10 14:53:37.872  1884  2488 V AccessibilityManagerService: onUserStateChangedLocked for userId: 0, forceUpdate: false
11-10 14:53:37.872  1884  2488 V AccessibilityUserState: updateShortcutTargets: type:accessibility_shortcut_target_service, current:{com.google.android.marvin.talkback/com.google.android.marvin.talkback.TalkBackService}, new:{com.google.android.marvin.talkback/com.google.android.marvin.talkback.TalkBackService}
11-10 14:53:37.872  1884  2488 V AccessibilityUserState: updateShortcutTargets: type:accessibility_button_targets, current:{}, new:{}
11-10 14:53:37.872  1884  2488 V AccessibilityUserState: updateShortcutTargets: type:accessibility_gesture_targets, current:{}, new:{}
11-10 14:53:37.872  1884  2488 V AccessibilityUserState: updateShortcutTargets: type:accessibility_qs_targets, current:{com.android.server.accessibility/ReduceBrightColors}, new:{com.android.server.accessibility/ReduceBrightColors}
11-10 14:53:37.872  1884  2488 V AccessibilityUserState: updateShortcutTargets: type:accessibility_key_gesture_targets, current:{}, new:{}
11-10 14:53:37.872  1884  2488 W MagnificationConnectionManager: requestConnection duplicated request: connect=false, mConnectionState=DISCONNECTED
11-10 14:53:37.873  1884  2681 D ConnectivityService: NetReassign [no changes] [c 3] [a 2] [i 1]
11-10 14:53:37.880  1431  2167 W USF     : USF_API: Drop flicker data, cannot find sampling_id:84682!
11-10 14:53:37.889  1431  2167 W USF     : USF_API: Drop flicker data, cannot find sampling_id:84682!
11-10 14:53:37.899  1431  2167 W USF     : USF_API: Drop flicker data, cannot find sampling_id:84682!
11-10 14:53:37.900 10605 10624 W hbox:interactor: Reducing the number of considered missed Gc histogram windows from 152 to 100
11-10 14:53:37.900 12933 12933 V BaseDepthController: Applying blur: 0 to Surface(name=com.google.android.apps.nexuslauncher/com.google.android.apps.nexuslauncher.NexusLauncherActivity)/@0x828e58a
11-10 14:53:37.909  1431  2167 W USF     : USF_API: Drop flicker data, cannot find sampling_id:84682!
11-10 14:53:37.916 14050 14071 I bt_btm_pm: system/stack/acl/btm_pm.cc:696 btm_pm_proc_mode_change: Power mode switched from immediate:sniff[2] to immediate:active[0]
11-10 14:53:37.919  1431  2167 W USF     : USF_API: Drop flicker data, cannot find sampling_id:84682!
11-10 14:53:37.929  1431  2167 W USF     : USF_API: Drop flicker data, cannot find sampling_id:84682!
11-10 14:53:37.939  1431  2167 W USF     : USF_API: Drop flicker data, cannot find sampling_id:84682!
11-10 14:53:37.942 12933 12933 V BaseDepthController: Applying blur: 0 to Surface(name=com.google.android.apps.nexuslauncher/com.google.android.apps.nexuslauncher.NexusLauncherActivity)/@0x828e58a
11-10 14:53:37.949  1431  2167 W USF     : USF_API: Drop flicker data, cannot find sampling_id:84682!
11-10 14:53:37.959  1431  2167 W USF     : USF_API: Drop flicker data, cannot find sampling_id:84682!
11-10 14:53:37.969  1431  2167 W USF     : USF_API: Drop flicker data, cannot find sampling_id:84682!
11-10 14:53:37.979  1431  2167 W USF     : USF_API: Drop flicker data, cannot find sampling_id:84682!
11-10 14:53:37.989  1431  2167 W USF     : USF_API: Drop flicker data, cannot find sampling_id:84682!
11-10 14:53:37.999  1431  2167 W USF     : USF_API: Drop flicker data, cannot find sampling_id:84682!
11-10 14:53:38.009 12933 12933 V BaseDepthController: Applying blur: 0 to Surface(name=com.google.android.apps.nexuslauncher/com.google.android.apps.nexuslauncher.NexusLauncherActivity)/@0x828e58a
11-10 14:53:38.009 12933 12933 D BaseDepthController: setEarlyWakeup: false
11-10 14:53:38.009  1431  2167 W USF     : USF_API: Drop flicker data, cannot find sampling_id:84682!
11-10 14:53:38.021  1431  2167 W USF     : USF_API: Drop flicker data, cannot find sampling_id:84682!
11-10 14:53:38.031  1431  2167 W USF     : USF_API: Drop flicker data, cannot find sampling_id:84682!
11-10 14:53:38.041  1431  2167 W USF     : USF_API: Drop flicker data, cannot find sampling_id:84682!
11-10 14:53:38.050  1431  2167 W USF     : USF_API: Drop flicker data, cannot find sampling_id:84682!
11-10 14:53:38.060  1431  2167 W USF     : USF_API: Drop flicker data, cannot find sampling_id:84682!
11-10 14:53:38.070  1431  2167 W USF     : USF_API: Drop flicker data, cannot find sampling_id:84682!
11-10 14:53:38.080  1431  2167 W USF     : USF_API: Drop flicker data, cannot find sampling_id:84682!
11-10 14:53:38.089  1431  2167 W USF     : USF_API: Drop flicker data, cannot find sampling_id:84682!
11-10 14:53:38.099  1431  2167 W USF     : USF_API: Drop flicker data, cannot find sampling_id:84682!
11-10 14:53:38.109  1431  2167 W USF     : USF_API: Drop flicker data, cannot find sampling_id:84682!
11-10 14:53:38.119  1431  2167 W USF     : USF_API: Drop flicker data, cannot find sampling_id:84682!
11-10 14:53:38.129  1431  2167 W USF     : USF_API: Drop flicker data, cannot find sampling_id:84682!
11-10 14:53:38.138  1431  2167 W USF     : USF_API: Drop flicker data, cannot find sampling_id:84682!
11-10 14:53:38.149  1431  2167 W USF     : USF_API: Drop flicker data, cannot find sampling_id:84682!
11-10 14:53:38.159  1431  2167 W USF     : USF_API: Drop flicker data, cannot find sampling_id:84682!
11-10 14:53:38.167 12933 12933 D ScalingWorkspaceRevealAnim: onAnimationEnd, workspace and hotseat are visible
11-10 14:53:38.167 12933 12933 V BaseDepthController: Applying blur: 0 to Surface(name=com.google.android.apps.nexuslauncher/com.google.android.apps.nexuslauncher.NexusLauncherActivity)/@0x828e58a
11-10 14:53:38.169  2772  2810 V WindowManagerShell: Transition animation finished (aborted=false), notifying core (#12858) android.os.BinderProxy@1b7c9f0@0
11-10 14:53:38.169  1431  2167 W USF     : USF_API: Drop flicker data, cannot find sampling_id:84682!
11-10 14:53:38.176  1884  1953 V WindowManager: Finish Transition (#12858): created at 11-10 14:53:36.807 collect-started=0.231ms request-sent=0.597ms started=276.425ms ready=318.701ms sent=323.932ms commit=20.436ms finished=1368.164ms
11-10 14:53:38.177  1884  1915 E libbinder.IPCThreadState: Binder transaction failure. id: 371312161, BR_*: 29189, error: -22 (Invalid argument)
11-10 14:53:38.177  1884  1915 W ActivityManager: pid 1884 system sent binder code 7 with flags 1 and got error -32
11-10 14:53:38.178  1884  1915 W WindowManager: Exception thrown during dispatchAppVisibility Window{aaad57f u0 com.example.mobiledigger/com.example.mobiledigger.MainActivity EXITING}
11-10 14:53:38.178  1884  1915 W WindowManager: android.os.DeadObjectException
11-10 14:53:38.178  1884  1915 W WindowManager: 	at android.os.BinderProxy.transactNative(Native Method)
11-10 14:53:38.178  1884  1915 W WindowManager: 	at android.os.BinderProxy.transact(BinderProxy.java:592)
11-10 14:53:38.178  1884  1915 W WindowManager: 	at android.view.IWindow$Stub$Proxy.dispatchAppVisibility(IWindow.java:538)
11-10 14:53:38.178  1884  1915 W WindowManager: 	at com.android.server.wm.WindowState.sendAppVisibilityToClients(WindowState.java:3183)
11-10 14:53:38.178  1884  1915 W WindowManager: 	at com.android.server.wm.WindowContainer.sendAppVisibilityToClients(WindowContainer.java:1233)
11-10 14:53:38.178  1884  1915 W WindowManager: 	at com.android.server.wm.WindowToken.setClientVisible(WindowToken.java:394)
11-10 14:53:38.178  1884  1915 W WindowManager: 	at com.android.server.wm.ActivityRecord.commitVisibility(ActivityRecord.java:5546)
11-10 14:53:38.178  1884  1915 W WindowManager: 	at com.android.server.wm.Transition.finishTransition(Transition.java:1485)
11-10 14:53:38.178  1884  1915 W WindowManager: 	at com.android.server.wm.TransitionController.finishTransition(TransitionController.java:1048)
11-10 14:53:38.178  1884  1915 W WindowManager: 	at com.android.server.wm.WindowOrganizerController.finishTransition(WindowOrganizerController.java:514)
11-10 14:53:38.178  1884  1915 W WindowManager: 	at android.window.IWindowOrganizerController$Stub.onTransact(IWindowOrganizerController.java:270)
11-10 14:53:38.178  1884  1915 W WindowManager: 	at com.android.server.wm.WindowOrganizerController.onTransact(WindowOrganizerController.java:230)
11-10 14:53:38.178  1884  1915 W WindowManager: 	at android.os.Binder.execTransactInternal(Binder.java:1446)
11-10 14:53:38.178  1884  1915 W WindowManager: 	at android.os.Binder.execTransact(Binder.java:1385)
11-10 14:53:38.178  1884  1915 W Process : Unable to open /proc/13924/status
11-10 14:53:38.179  1431  2167 W USF     : USF_API: Drop flicker data, cannot find sampling_id:84682!
11-10 14:53:38.182  2772  2810 V WindowManagerShell: Track 0 became idle
11-10 14:53:38.182  2772  2810 V WindowManagerShell: All active transition animations finished
11-10 14:53:38.185 12933 12933 D RecentsView: onTaskRemoved: 51278, not handling task stack changes
11-10 14:53:38.185 12933 12933 D RecentsView: onTaskRemoved: 51278, not handling task stack changes
11-10 14:53:38.188  1431  2167 W USF     : USF_API: Drop flicker data, cannot find sampling_id:84682!
11-10 14:53:38.198  1431  2167 W USF     : USF_API: Drop flicker data, cannot find sampling_id:84682!
11-10 14:53:38.201   759   759 E BpTransactionCompletedListener: Failed to transact (-32)
11-10 14:53:38.202  1884  1915 E AppOps  : attributionTag VCN not declared in manifest of android
11-10 14:53:38.209  1431  2167 W USF     : USF_API: Drop flicker data, cannot find sampling_id:84682!
11-10 14:53:38.218  1431  2167 W USF     : USF_API: Drop flicker data, cannot find sampling_id:84682!
11-10 14:53:38.228  1431  2167 W USF     : USF_API: Drop flicker data, cannot find sampling_id:84682!
11-10 14:53:38.229  1431  2167 W USF     : USF_API: Drop sample report, cannot find sampling_id:84682
11-10 14:53:38.230  1430 14081 I bthal.activity: bt_power: AclDataStat: 14:53:36:913 - 14:53:38:230, conn_handle: 11, duration: 1316, acl_data_count: 3, acl_tx_data_count: 2, acl_rx_data_count: 1, total_acl_data_count: 4057
11-10 14:53:38.238  1431  2167 W USF     : USF_API: Drop flicker data, cannot find sampling_id:84682!
11-10 14:53:38.248  1431  2167 W USF     : USF_API: Drop flicker data, cannot find sampling_id:84682!
11-10 14:53:38.258  1431  2167 W USF     : USF_API: Drop flicker data, cannot find sampling_id:84682!
11-10 14:53:38.260  1884  1915 D HWUI    : --- Failed to create image decoder with message 'unimplemented'
11-10 14:53:38.260  1884  1915 W WindowManager: Failed to load bitmap: /data/system_ce/0/snapshots/51278.jpg
11-10 14:53:38.261  1884  5666 W ActivityTaskManager: takeTaskSnapshot: taskId=51278 not found or not visible
11-10 14:53:38.264  7174  7174 I Finsky  : [2] DTU: Received onPackageAdded, replacing: true
11-10 14:53:38.268  1431  2167 W USF     : USF_API: Drop flicker data, cannot find sampling_id:84682!
11-10 14:53:38.269  7174  7174 I Finsky  : [2] AIM: AppInfoCacheUpdater -> invalidating apps: [com.example.mobiledigger]
11-10 14:53:38.269  7174  7174 I Finsky  : [2] AIM: AppInfoManager-Perf > getApps > called for 1 apps
11-10 14:53:38.270  7174  7215 I Finsky  : [1043] AIM: AppInfoManager-Perf > OnDeviceAppInfo > cacheHitCount=1, cacheMissCount=0. Missed  in cache (limit 10) : []
11-10 14:53:38.272  7174 21351 I Finsky  : [1541] SCH: Received scheduling request: Id: 12-1, Constraints: [{ L: 15000, D: 86400000, C: CHARGING_NONE, I: IDLE_NONE, N: NET_ANY, B: BATTERY_ANY }]
11-10 14:53:38.272  7174  7215 I Finsky  : [1043] AIM: Got app ownership map. App counts: . Unique apps: 0
11-10 14:53:38.272  7174  7215 E Finsky  : [1043] [Counters] attempted to use a non-positive increment for: 4752
11-10 14:53:38.273  7174  7215 I Finsky  : [1043] AIM: AppInfoManager-Perf > OnDeviceAppInfo > cacheHitCount=0, cacheMissCount=1. Missed  in cache (limit 10) : [com.example.mobiledigger]
11-10 14:53:38.273  7174  7174 I Finsky  : [2] agiw - Received: android.intent.action.PACKAGE_ADDED, [F8SdPmz-nDnkHAASXyGhRL_JSafYynzTZ1KyLvYja6g]
11-10 14:53:38.274  1884  5668 V Configuration: Updating configuration, locales updated from [] to [en_US,ro_RO]
11-10 14:53:38.274  1884  5668 V Configuration: Updating configuration, locales updated from [] to [en_US]
11-10 14:53:38.274  1884  5668 V Configuration: Updating configuration, locales updated from [] to [en_US,ro_RO]
11-10 14:53:38.274  1884  5668 V Configuration: Updating configuration, locales updated from [] to [en_US,ro_RO]
11-10 14:53:38.274  1884  5668 V Configuration: Updating configuration, locales updated from [] to [en_US,ro_RO]
11-10 14:53:38.274  1884  5668 V Configuration: Updating configuration, locales updated from [] to [en_US]
11-10 14:53:38.274  1884  5668 V Configuration: Updating configuration, locales updated from [] to [en_US,ro_RO]
11-10 14:53:38.274  1884  5668 V Configuration: Updating configuration, locales updated from [] to [en_US,ro_RO]
11-10 14:53:38.274  1884  5668 V Configuration: Updating configuration, locales updated from [] to [en_US,ro_RO]
11-10 14:53:38.274  1884  5668 V Configuration: Updating configuration, locales updated from [] to [en_US]
11-10 14:53:38.274  1884  5668 V Configuration: Updating configuration, locales updated from [] to [en_US,ro_RO]
11-10 14:53:38.274  1884  5668 V Configuration: Updating configuration, locales updated from [] to [en_US,ro_RO]
