10-07 09:09:27.335 I/WifiHAL ( 1074): In GetCachedScanResultsCommand::handleResponse
10-07 09:09:27.456 I/WifiHAL ( 1074): In GetCachedScanResultsCommand::handleResponse
10-07 09:09:30.541 I/WifiHAL ( 1074): In GetCachedScanResultsCommand::handleResponse
10-07 09:09:33.642 I/WifiHAL ( 1074): In GetCachedScanResultsCommand::handleResponse
10-07 09:09:36.236 D/AudioManager(18846): Cleaned up temp file during cache clear: /data/user/0/com.example.mobiledigger/cache/aiff_temp_8767834381038830173.aiff
10-07 09:09:36.249 D/AudioManager(18846): Cleaned up temp file during cache clear: /data/user/0/com.example.mobiledigger/cache/aiff_temp_5071037292999228388.aiff
10-07 09:09:36.249 D/AudioManager(18846): Cleaned up temp file during cache clear: /data/user/0/com.example.mobiledigger/cache/aiff_temp_1819591676973251639.aiff
10-07 09:09:36.249 D/AudioManager(18846): All caches cleared
10-07 09:09:36.730 I/WifiHAL ( 1074): In GetCachedScanResultsCommand::handleResponse
10-07 09:09:39.819 I/WifiHAL ( 1074): In GetCachedScanResultsCommand::handleResponse
10-07 09:09:40.709 D/RingtonePlayer( 2288): requesting AudioFocus
10-07 09:09:40.711 I/MediaFocusControl( 1579): requestAudioFocus() from uid/pid 10223/2288 AA=USAGE_NOTIFICATION/CONTENT_TYPE_SONIFICATION clientId=android.media.AudioManager@e1b96c5 callingPack=com.android.systemui req=3 flags=0x0 sdk=36
10-07 09:09:42.590 D/RingtonePlayer( 2288): onCompletion() abandoning AudioFocus
10-07 09:09:42.591 I/MediaFocusControl( 1579): abandonAudioFocus() from uid/pid 10223/2288 clientId=android.media.AudioManager@e1b96c5 callingPack=com.android.systemui
10-07 09:09:42.917 I/WifiHAL ( 1074): In GetCachedScanResultsCommand::handleResponse
10-07 09:09:46.021 I/WifiHAL ( 1074): In GetCachedScanResultsCommand::handleResponse
10-07 09:09:48.473 I/WifiHAL ( 1074): In GetCachedScanResultsCommand::handleResponse
10-07 09:09:49.093 D/FileManager(18846): Source file found: Pablo FIerro - Agua Salada [WERE HERE].aif, exists: true, canRead: true
10-07 09:09:49.105 I/WifiHAL ( 1074): In GetCachedScanResultsCommand::handleResponse
10-07 09:09:51.011 D/AudioManager(18846): Stopping all playback before starting new file
10-07 09:09:51.027 D/AudioManager(18846): FFmpegMediaPlayer stopped
10-07 09:09:51.027 D/AudioManager(18846): FFmpegMediaPlayer reset
10-07 09:09:51.027 D/AudioManager(18846): ExoPlayer cleared
10-07 09:09:51.027 D/AudioManager(18846): All playback stopped successfully
10-07 09:09:51.027 D/AudioManager(18846): Preloaded player released.
10-07 09:09:51.028 D/AudioManager(18846): Attempting to play file: Viv Castle - Wavey Ravers (ft Kris Kiss) (Extended Mix) MASTER.aif
10-07 09:09:51.028 D/AudioManager(18846): File URI: content://com.android.externalstorage.documents/tree/primary%3AAndroid%2Fmedia%2Fcom.whatsapp%2FWhatsApp%2FMedia%2FWhatsApp%20Documents/document/primary%3AAndroid%2Fmedia%2Fcom.whatsapp%2FWhatsApp%2FMedia%2FWhatsApp%20Documents%2FPrivate%2FViv%20Castle%20-%20Wavey%20Ravers%20(ft%20Kris%20Kiss)%20(Extended%20Mix)%20MASTER.aif
10-07 09:09:51.028 D/AudioManager(18846): Stopping all playback before starting new file
10-07 09:09:51.028 D/AudioManager(18846): FFmpegMediaPlayer reset
10-07 09:09:51.028 D/AudioManager(18846): ExoPlayer cleared
10-07 09:09:51.028 D/AudioManager(18846): All playback stopped successfully
10-07 09:09:51.028 D/AudioManager(18846): AIFF file detected: Viv Castle - Wavey Ravers (ft Kris Kiss) (Extended Mix) MASTER.aif
10-07 09:09:51.028 D/AudioManager(18846): Trying FFmpegMediaPlayer for AIFF (ExoPlayer doesn't support AIFF)
10-07 09:09:51.028 D/AudioManager(18846): FFmpegMediaPlayer is available, attempting playback
10-07 09:09:51.182 D/AudioManager(18846): Successfully copied URI to temp file: /data/user/0/com.example.mobiledigger/cache/aiff_temp_7330615671575417471.aiff (52.01MB in 105ms, 495.35MB/s)
10-07 09:09:51.182 D/AudioManager(18846): Created temp file for FFmpeg: /data/user/0/com.example.mobiledigger/cache/aiff_temp_7330615671575417471.aiff
10-07 09:09:51.182 D/AudioManager(18846): Setting FFmpegMediaPlayer data source: /data/user/0/com.example.mobiledigger/cache/aiff_temp_7330615671575417471.aiff
10-07 09:09:51.183 D/AudioManager(18846): FFmpegMediaPlayer setDataSource successful
10-07 09:09:52.187 D/AudioManager(18846): FFmpegMediaPlayer prepare (sync) completed
10-07 09:09:52.190 D/AudioManager(18846): FFmpegMediaPlayer audio stream type set to STREAM_MUSIC
10-07 09:09:52.190 I/WifiHAL ( 1074): In GetCachedScanResultsCommand::handleResponse
10-07 09:09:52.190 D/AudioManager(18846): FFmpegMediaPlayer volume set to maximum
10-07 09:09:52.265 D/AudioManager(18846): FFmpegMediaPlayer started after proper preparation
10-07 09:09:52.265 D/AudioManager(18846): FFmpegMediaPlayer playback successful for AIFF: Viv Castle - Wavey Ravers (ft Kris Kiss) (Extended Mix) MASTER.aif
10-07 09:09:52.271 D/MusicViewModel(18846): MusicService started successfully.
10-07 09:09:52.295 D/MusicService( 6122): Started foreground service with notification
10-07 09:09:52.297 D/MusicService( 6122): updateNotificationData - Title: Viv Castle - Wavey Ravers (ft Kris Kiss) (Extended Mix) MASTER.aif, Playing: true, Position: 0, Duration: 0
10-07 09:09:52.298 D/MusicService( 6122): Skipping setMediaItem due to invalid/dummy URI for title: Viv Castle - Wavey Ravers (ft Kris Kiss) (Extended Mix) MASTER.aif
10-07 09:09:52.326 D/AudioManager(18846): FFmpegMediaPlayer info: what=802, extra=0
10-07 09:09:52.326 D/AudioManager(18846): FFmpegMediaPlayer prepared successfully
10-07 09:09:55.316 I/WifiHAL ( 1074): In GetCachedScanResultsCommand::handleResponse
10-07 09:09:55.547 D/FileManager(18846): Source file found: Viv Castle - Wavey Ravers (ft Kris Kiss) (Extended Mix) MASTER.aif, exists: true, canRead: true
10-07 09:09:57.366 D/AudioManager(18846): Stopping all playback before starting new file
10-07 09:09:57.371 D/AudioManager(18846): FFmpegMediaPlayer stopped
10-07 09:09:57.371 D/AudioManager(18846): FFmpegMediaPlayer reset
10-07 09:09:57.371 D/AudioManager(18846): ExoPlayer cleared
10-07 09:09:57.371 D/AudioManager(18846): All playback stopped successfully
10-07 09:09:57.371 D/AudioManager(18846): Preloaded player released.
10-07 09:09:57.372 D/AudioManager(18846): Attempting to play file: Adriatique & Notre Dame & Timbaland & Nelly Furtado - Give It To Me 2025 (JustLuke Bootleg).aif
10-07 09:09:57.372 D/AudioManager(18846): File URI: content://com.android.externalstorage.documents/tree/primary%3AAndroid%2Fmedia%2Fcom.whatsapp%2FWhatsApp%2FMedia%2FWhatsApp%20Documents/document/primary%3AAndroid%2Fmedia%2Fcom.whatsapp%2FWhatsApp%2FMedia%2FWhatsApp%20Documents%2FPrivate%2FAdriatique%20%26%20Notre%20Dame%20%26%20Timbaland%20%26%20Nelly%20Furtado%20-%20Give%20It%20To%20Me%202025%20(JustLuke%20Bootleg).aif
10-07 09:09:57.372 D/AudioManager(18846): Stopping all playback before starting new file
10-07 09:09:57.372 D/AudioManager(18846): FFmpegMediaPlayer reset
10-07 09:09:57.372 D/AudioManager(18846): ExoPlayer cleared
10-07 09:09:57.372 D/AudioManager(18846): All playback stopped successfully
10-07 09:09:57.372 D/AudioManager(18846): AIFF file detected: Adriatique & Notre Dame & Timbaland & Nelly Furtado - Give It To Me 2025 (JustLuke Bootleg).aif
10-07 09:09:57.372 D/AudioManager(18846): Trying FFmpegMediaPlayer for AIFF (ExoPlayer doesn't support AIFF)
10-07 09:09:57.372 D/AudioManager(18846): FFmpegMediaPlayer is available, attempting playback
10-07 09:09:57.477 D/AudioManager(18846): Successfully copied URI to temp file: /data/user/0/com.example.mobiledigger/cache/aiff_temp_8102598625203363185.aiff (34.85MB in 60ms, 580.85MB/s)
10-07 09:09:57.477 D/AudioManager(18846): Created temp file for FFmpeg: /data/user/0/com.example.mobiledigger/cache/aiff_temp_8102598625203363185.aiff
10-07 09:09:57.477 D/AudioManager(18846): Setting FFmpegMediaPlayer data source: /data/user/0/com.example.mobiledigger/cache/aiff_temp_8102598625203363185.aiff
10-07 09:09:57.477 D/AudioManager(18846): FFmpegMediaPlayer setDataSource successful
10-07 09:09:58.434 I/WifiHAL ( 1074): In GetCachedScanResultsCommand::handleResponse
10-07 09:09:58.481 D/AudioManager(18846): FFmpegMediaPlayer prepare (sync) completed
10-07 09:09:58.482 D/AudioManager(18846): FFmpegMediaPlayer audio stream type set to STREAM_MUSIC
10-07 09:09:58.483 D/AudioManager(18846): FFmpegMediaPlayer volume set to maximum
10-07 09:09:58.570 D/AudioManager(18846): FFmpegMediaPlayer started after proper preparation
10-07 09:09:58.570 D/AudioManager(18846): FFmpegMediaPlayer playback successful for AIFF: Adriatique & Notre Dame & Timbaland & Nelly Furtado - Give It To Me 2025 (JustLuke Bootleg).aif
10-07 09:09:58.576 D/MusicViewModel(18846): MusicService started successfully.
10-07 09:09:58.593 D/MusicService( 6122): Started foreground service with notification
10-07 09:09:58.594 D/MusicService( 6122): updateNotificationData - Title: Adriatique & Notre Dame & Timbaland & Nelly Furtado - Give It To Me 2025 (JustLuke Bootleg).aif, Playing: true, Position: 0, Duration: 0
10-07 09:09:58.594 D/MusicService( 6122): Skipping setMediaItem due to invalid/dummy URI for title: Adriatique & Notre Dame & Timbaland & Nelly Furtado - Give It To Me 2025 (JustLuke Bootleg).aif
10-07 09:09:58.634 D/AudioManager(18846): FFmpegMediaPlayer info: what=802, extra=0
10-07 09:09:58.634 D/AudioManager(18846): FFmpegMediaPlayer prepared successfully
10-07 09:09:59.872 D/FileManager(18846): Source file found: Adriatique & Notre Dame & Timbaland & Nelly Furtado - Give It To Me 2025 (JustLuke Bootleg).aif, exists: true, canRead: true
10-07 09:10:01.509 I/WifiHAL ( 1074): In GetCachedScanResultsCommand::handleResponse
10-07 09:10:01.821 D/AudioManager(18846): Stopping all playback before starting new file
10-07 09:10:01.828 D/AudioManager(18846): FFmpegMediaPlayer stopped
10-07 09:10:01.828 D/AudioManager(18846): FFmpegMediaPlayer reset
10-07 09:10:01.828 D/AudioManager(18846): ExoPlayer cleared
10-07 09:10:01.829 D/AudioManager(18846): All playback stopped successfully
10-07 09:10:01.829 D/AudioManager(18846): Preloaded player released.
10-07 09:10:01.842 D/AudioManager(18846): Cleaned up temp file during cache clear: /data/user/0/com.example.mobiledigger/cache/aiff_temp_7330615671575417471.aiff
10-07 09:10:01.852 D/AudioManager(18846): Cleaned up temp file during cache clear: /data/user/0/com.example.mobiledigger/cache/aiff_temp_8102598625203363185.aiff
10-07 09:10:01.853 D/AudioManager(18846): All caches cleared
10-07 09:10:01.910 D/AudioManager(18846): Attempting to play file: Sofiya Nzau, Madism, Robert Miles – Hutia (Extended Edit) [WMG Germany].aif
10-07 09:10:01.910 D/AudioManager(18846): File URI: content://com.android.externalstorage.documents/tree/primary%3AAndroid%2Fmedia%2Fcom.whatsapp%2FWhatsApp%2FMedia%2FWhatsApp%20Documents/document/primary%3AAndroid%2Fmedia%2Fcom.whatsapp%2FWhatsApp%2FMedia%2FWhatsApp%20Documents%2FPrivate%2FSofiya%20Nzau%2C%20Madism%2C%20Robert%20Miles%20%E2%80%93%20Hutia%20(Extended%20Edit)%20%5BWMG%20Germany%5D.aif
10-07 09:10:01.910 D/AudioManager(18846): Stopping all playback before starting new file
10-07 09:10:01.911 D/AudioManager(18846): FFmpegMediaPlayer reset
10-07 09:10:01.911 D/AudioManager(18846): ExoPlayer cleared
10-07 09:10:01.911 D/AudioManager(18846): All playback stopped successfully
10-07 09:10:01.911 D/AudioManager(18846): AIFF file detected: Sofiya Nzau, Madism, Robert Miles – Hutia (Extended Edit) [WMG Germany].aif
10-07 09:10:01.911 D/AudioManager(18846): Trying FFmpegMediaPlayer for AIFF (ExoPlayer doesn't support AIFF)
10-07 09:10:01.911 D/AudioManager(18846): FFmpegMediaPlayer is available, attempting playback
10-07 09:10:02.038 D/AudioManager(18846): Successfully copied URI to temp file: /data/user/0/com.example.mobiledigger/cache/aiff_temp_7786644134134082723.aiff (39.46MB in 77ms, 512.43MB/s)
10-07 09:10:02.038 D/AudioManager(18846): Created temp file for FFmpeg: /data/user/0/com.example.mobiledigger/cache/aiff_temp_7786644134134082723.aiff
10-07 09:10:02.038 D/AudioManager(18846): Setting FFmpegMediaPlayer data source: /data/user/0/com.example.mobiledigger/cache/aiff_temp_7786644134134082723.aiff
10-07 09:10:02.039 D/AudioManager(18846): FFmpegMediaPlayer setDataSource successful
10-07 09:10:03.043 D/AudioManager(18846): FFmpegMediaPlayer prepare (sync) completed
10-07 09:10:03.044 D/AudioManager(18846): FFmpegMediaPlayer audio stream type set to STREAM_MUSIC
10-07 09:10:03.044 D/AudioManager(18846): FFmpegMediaPlayer volume set to maximum
10-07 09:10:03.122 D/AudioManager(18846): FFmpegMediaPlayer started after proper preparation
10-07 09:10:03.123 D/AudioManager(18846): FFmpegMediaPlayer playback successful for AIFF: Sofiya Nzau, Madism, Robert Miles – Hutia (Extended Edit) [WMG Germany].aif
10-07 09:10:03.129 D/MusicViewModel(18846): MusicService started successfully.
10-07 09:10:03.144 D/MusicService( 6122): Started foreground service with notification
10-07 09:10:03.145 D/MusicService( 6122): updateNotificationData - Title: Sofiya Nzau, Madism, Robert Miles – Hutia (Extended Edit) [WMG Germany].aif, Playing: true, Position: 0, Duration: 0
10-07 09:10:03.146 D/MusicService( 6122): Skipping setMediaItem due to invalid/dummy URI for title: Sofiya Nzau, Madism, Robert Miles – Hutia (Extended Edit) [WMG Germany].aif
10-07 09:10:03.184 D/AudioManager(18846): FFmpegMediaPlayer info: what=802, extra=0
10-07 09:10:03.184 D/AudioManager(18846): FFmpegMediaPlayer prepared successfully
10-07 09:10:04.585 I/WifiHAL ( 1074): In GetCachedScanResultsCommand::handleResponse
10-07 09:10:05.800 D/FileManager(18846): Source file found: Sofiya Nzau, Madism, Robert Miles – Hutia (Extended Edit) [WMG Germany].aif, exists: true, canRead: true
10-07 09:10:07.652 I/WifiHAL ( 1074): In GetCachedScanResultsCommand::handleResponse
10-07 09:10:07.667 D/AudioManager(18846): Stopping all playback before starting new file
10-07 09:10:07.672 D/AudioManager(18846): FFmpegMediaPlayer stopped
10-07 09:10:07.672 D/AudioManager(18846): FFmpegMediaPlayer reset
10-07 09:10:07.672 D/AudioManager(18846): ExoPlayer cleared
10-07 09:10:07.672 D/AudioManager(18846): All playback stopped successfully
10-07 09:10:07.672 D/AudioManager(18846): Preloaded player released.
10-07 09:10:07.679 D/AudioManager(18846): Cleaned up temp file during cache clear: /data/user/0/com.example.mobiledigger/cache/aiff_temp_7786644134134082723.aiff
10-07 09:10:07.679 D/AudioManager(18846): All caches cleared
10-07 09:10:07.720 D/AudioManager(18846): Attempting to play file: ESSE. - Ticket For 2.aif
10-07 09:10:07.720 D/AudioManager(18846): File URI: content://com.android.externalstorage.documents/tree/primary%3AAndroid%2Fmedia%2Fcom.whatsapp%2FWhatsApp%2FMedia%2FWhatsApp%20Documents/document/primary%3AAndroid%2Fmedia%2Fcom.whatsapp%2FWhatsApp%2FMedia%2FWhatsApp%20Documents%2FPrivate%2FESSE.%20-%20Ticket%20For%202.aif
10-07 09:10:07.720 D/AudioManager(18846): Stopping all playback before starting new file
10-07 09:10:07.720 D/AudioManager(18846): FFmpegMediaPlayer reset
10-07 09:10:07.720 D/AudioManager(18846): ExoPlayer cleared
10-07 09:10:07.720 D/AudioManager(18846): All playback stopped successfully
10-07 09:10:07.720 D/AudioManager(18846): AIFF file detected: ESSE. - Ticket For 2.aif
10-07 09:10:07.720 D/AudioManager(18846): Trying FFmpegMediaPlayer for AIFF (ExoPlayer doesn't support AIFF)
10-07 09:10:07.720 D/AudioManager(18846): FFmpegMediaPlayer is available, attempting playback
10-07 09:10:07.848 D/AudioManager(18846): Successfully copied URI to temp file: /data/user/0/com.example.mobiledigger/cache/aiff_temp_2124005091391639695.aiff (47.60MB in 84ms, 566.63MB/s)
10-07 09:10:07.848 D/AudioManager(18846): Created temp file for FFmpeg: /data/user/0/com.example.mobiledigger/cache/aiff_temp_2124005091391639695.aiff
10-07 09:10:07.849 D/AudioManager(18846): Setting FFmpegMediaPlayer data source: /data/user/0/com.example.mobiledigger/cache/aiff_temp_2124005091391639695.aiff
10-07 09:10:07.849 D/AudioManager(18846): FFmpegMediaPlayer setDataSource successful
10-07 09:10:08.857 D/AudioManager(18846): FFmpegMediaPlayer prepare (sync) completed
10-07 09:10:08.859 D/AudioManager(18846): FFmpegMediaPlayer audio stream type set to STREAM_MUSIC
10-07 09:10:08.860 D/AudioManager(18846): FFmpegMediaPlayer volume set to maximum
10-07 09:10:08.934 D/AudioManager(18846): FFmpegMediaPlayer started after proper preparation
10-07 09:10:08.935 D/AudioManager(18846): FFmpegMediaPlayer playback successful for AIFF: ESSE. - Ticket For 2.aif
10-07 09:10:08.944 D/MusicViewModel(18846): MusicService started successfully.
10-07 09:10:08.967 D/MusicService( 6122): Started foreground service with notification
10-07 09:10:08.969 D/MusicService( 6122): updateNotificationData - Title: ESSE. - Ticket For 2.aif, Playing: true, Position: 0, Duration: 0
10-07 09:10:08.969 D/MusicService( 6122): Skipping setMediaItem due to invalid/dummy URI for title: ESSE. - Ticket For 2.aif
10-07 09:10:09.007 D/AudioManager(18846): FFmpegMediaPlayer prepared successfully
10-07 09:10:09.007 D/AudioManager(18846): FFmpegMediaPlayer info: what=802, extra=0
10-07 09:10:10.748 I/WifiHAL ( 1074): In GetCachedScanResultsCommand::handleResponse
10-07 09:10:12.635 D/FileManager(18846): Source file found: ESSE. - Ticket For 2.aif, exists: true, canRead: true
10-07 09:10:13.851 I/WifiHAL ( 1074): In GetCachedScanResultsCommand::handleResponse
10-07 09:10:14.502 D/AudioManager(18846): Stopping all playback before starting new file
10-07 09:10:14.507 D/AudioManager(18846): FFmpegMediaPlayer stopped
10-07 09:10:14.508 D/AudioManager(18846): FFmpegMediaPlayer reset
10-07 09:10:14.508 D/AudioManager(18846): ExoPlayer cleared
10-07 09:10:14.508 D/AudioManager(18846): All playback stopped successfully
10-07 09:10:14.509 D/AudioManager(18846): Preloaded player released.
10-07 09:10:14.524 D/AudioManager(18846): Cleaned up temp file during cache clear: /data/user/0/com.example.mobiledigger/cache/aiff_temp_2124005091391639695.aiff
10-07 09:10:14.524 D/AudioManager(18846): All caches cleared
10-07 09:10:14.577 D/AudioManager(18846): Attempting to play file: Bushbaby - Pumpin Jumpin [Extended].aif
10-07 09:10:14.577 D/AudioManager(18846): File URI: content://com.android.externalstorage.documents/tree/primary%3AAndroid%2Fmedia%2Fcom.whatsapp%2FWhatsApp%2FMedia%2FWhatsApp%20Documents/document/primary%3AAndroid%2Fmedia%2Fcom.whatsapp%2FWhatsApp%2FMedia%2FWhatsApp%20Documents%2FPrivate%2FBushbaby%20-%20Pumpin%20Jumpin%20%5BExtended%5D.aif
10-07 09:10:14.577 D/AudioManager(18846): Stopping all playback before starting new file
10-07 09:10:14.577 D/AudioManager(18846): FFmpegMediaPlayer reset
10-07 09:10:14.577 D/AudioManager(18846): ExoPlayer cleared
10-07 09:10:14.577 D/AudioManager(18846): All playback stopped successfully
10-07 09:10:14.577 D/AudioManager(18846): AIFF file detected: Bushbaby - Pumpin Jumpin [Extended].aif
10-07 09:10:14.577 D/AudioManager(18846): Trying FFmpegMediaPlayer for AIFF (ExoPlayer doesn't support AIFF)
10-07 09:10:14.577 D/AudioManager(18846): FFmpegMediaPlayer is available, attempting playback
10-07 09:10:14.721 D/AudioManager(18846): Successfully copied URI to temp file: /data/user/0/com.example.mobiledigger/cache/aiff_temp_8309096571931352810.aiff (57.83MB in 97ms, 596.15MB/s)
10-07 09:10:14.721 D/AudioManager(18846): Created temp file for FFmpeg: /data/user/0/com.example.mobiledigger/cache/aiff_temp_8309096571931352810.aiff
10-07 09:10:14.722 D/AudioManager(18846): Setting FFmpegMediaPlayer data source: /data/user/0/com.example.mobiledigger/cache/aiff_temp_8309096571931352810.aiff
10-07 09:10:14.722 D/AudioManager(18846): FFmpegMediaPlayer setDataSource successful
10-07 09:10:15.727 D/AudioManager(18846): FFmpegMediaPlayer prepare (sync) completed
10-07 09:10:15.728 D/AudioManager(18846): FFmpegMediaPlayer audio stream type set to STREAM_MUSIC
10-07 09:10:15.728 D/AudioManager(18846): FFmpegMediaPlayer volume set to maximum
10-07 09:10:15.811 D/AudioManager(18846): FFmpegMediaPlayer started after proper preparation
10-07 09:10:15.811 D/AudioManager(18846): FFmpegMediaPlayer playback successful for AIFF: Bushbaby - Pumpin Jumpin [Extended].aif
10-07 09:10:15.822 D/MusicViewModel(18846): MusicService started successfully.
10-07 09:10:15.846 D/MusicService( 6122): Started foreground service with notification
10-07 09:10:15.848 D/MusicService( 6122): updateNotificationData - Title: Bushbaby - Pumpin Jumpin [Extended].aif, Playing: true, Position: 0, Duration: 0
10-07 09:10:15.848 D/MusicService( 6122): Skipping setMediaItem due to invalid/dummy URI for title: Bushbaby - Pumpin Jumpin [Extended].aif
10-07 09:10:15.886 D/AudioManager(18846): FFmpegMediaPlayer info: what=802, extra=0
10-07 09:10:15.886 D/AudioManager(18846): FFmpegMediaPlayer prepared successfully
10-07 09:10:16.932 I/WifiHAL ( 1074): In GetCachedScanResultsCommand::handleResponse
10-07 09:10:17.579 D/FileManager(18846): Source file found: Bushbaby - Pumpin Jumpin [Extended].aif, exists: true, canRead: true
10-07 09:10:19.450 D/AudioManager(18846): Stopping all playback before starting new file
10-07 09:10:19.457 D/AudioManager(18846): FFmpegMediaPlayer stopped
10-07 09:10:19.457 D/AudioManager(18846): FFmpegMediaPlayer reset
10-07 09:10:19.457 D/AudioManager(18846): ExoPlayer cleared
10-07 09:10:19.458 D/AudioManager(18846): All playback stopped successfully
10-07 09:10:19.458 D/AudioManager(18846): Preloaded player released.
10-07 09:10:19.468 D/AudioManager(18846): Cleaned up temp file during cache clear: /data/user/0/com.example.mobiledigger/cache/aiff_temp_8309096571931352810.aiff
10-07 09:10:19.468 D/AudioManager(18846): All caches cleared
10-07 09:10:19.532 D/AudioManager(18846): Attempting to play file: Laurent Garnier - Man With The Red Face (Florist (BE) Edit) 2.wav
10-07 09:10:19.532 D/AudioManager(18846): File URI: content://com.android.externalstorage.documents/tree/primary%3AAndroid%2Fmedia%2Fcom.whatsapp%2FWhatsApp%2FMedia%2FWhatsApp%20Documents/document/primary%3AAndroid%2Fmedia%2Fcom.whatsapp%2FWhatsApp%2FMedia%2FWhatsApp%20Documents%2FPrivate%2FLaurent%20Garnier%20-%20Man%20With%20The%20Red%20Face%20(Florist%20(BE)%20Edit)%202.wav
10-07 09:10:19.532 D/AudioManager(18846): Stopping all playback before starting new file
10-07 09:10:19.532 D/AudioManager(18846): FFmpegMediaPlayer reset
10-07 09:10:19.532 D/AudioManager(18846): ExoPlayer cleared
10-07 09:10:19.532 D/AudioManager(18846): All playback stopped successfully
10-07 09:10:19.533 D/AudioManager(18846): ExoPlayer attempting to play URI: content://com.android.externalstorage.documents/tree/primary%3AAndroid%2Fmedia%2Fcom.whatsapp%2FWhatsApp%2FMedia%2FWhatsApp%20Documents/document/primary%3AAndroid%2Fmedia%2Fcom.whatsapp%2FWhatsApp%2FMedia%2FWhatsApp%20Documents%2FPrivate%2FLaurent%20Garnier%20-%20Man%20With%20The%20Red%20Face%20(Florist%20(BE)%20Edit)%202.wav
10-07 09:10:19.534 D/AudioManager(18846): ExoPlayer started successfully
10-07 09:10:19.534 D/AudioManager(18846): ExoPlayer playback successful for: Laurent Garnier - Man With The Red Face (Florist (BE) Edit) 2.wav
10-07 09:10:19.535 D/MusicViewModel(18846): MusicService started successfully.
10-07 09:10:19.548 D/MusicService( 6122): Started foreground service with notification
10-07 09:10:19.550 D/MusicService( 6122): updateNotificationData - Title: Laurent Garnier - Man With The Red Face (Florist (BE) Edit) 2.wav, Playing: true, Position: 0, Duration: 0
10-07 09:10:19.551 D/MusicService( 6122): Skipping setMediaItem due to invalid/dummy URI for title: Laurent Garnier - Man With The Red Face (Florist (BE) Edit) 2.wav
10-07 09:10:20.010 I/WifiHAL ( 1074): In GetCachedScanResultsCommand::handleResponse
10-07 09:10:21.985 D/FileManager(18846): Source file found: Laurent Garnier - Man With The Red Face (Florist (BE) Edit) 2.wav, exists: true, canRead: true
10-07 09:10:23.071 I/WifiHAL ( 1074): In GetCachedScanResultsCommand::handleResponse
10-07 09:10:23.662 D/AudioManager(18846): Stopping all playback before starting new file
10-07 09:10:23.662 D/AudioManager(18846): FFmpegMediaPlayer reset
10-07 09:10:23.663 D/AudioManager(18846): ExoPlayer stopped
10-07 09:10:23.663 D/AudioManager(18846): ExoPlayer cleared
10-07 09:10:23.663 D/AudioManager(18846): All playback stopped successfully
10-07 09:10:23.664 D/AudioManager(18846): Preloaded player released.
10-07 09:10:23.664 D/AudioManager(18846): Attempting to play file: Austin Feldman - Nobody (Extended Mix).aif
10-07 09:10:23.664 D/AudioManager(18846): File URI: content://com.android.externalstorage.documents/tree/primary%3AAndroid%2Fmedia%2Fcom.whatsapp%2FWhatsApp%2FMedia%2FWhatsApp%20Documents/document/primary%3AAndroid%2Fmedia%2Fcom.whatsapp%2FWhatsApp%2FMedia%2FWhatsApp%20Documents%2FPrivate%2FAustin%20Feldman%20-%20Nobody%20(Extended%20Mix).aif
10-07 09:10:23.664 D/AudioManager(18846): Stopping all playback before starting new file
10-07 09:10:23.664 D/AudioManager(18846): FFmpegMediaPlayer reset
10-07 09:10:23.664 D/AudioManager(18846): ExoPlayer cleared
10-07 09:10:23.664 D/AudioManager(18846): All playback stopped successfully
10-07 09:10:23.664 D/AudioManager(18846): AIFF file detected: Austin Feldman - Nobody (Extended Mix).aif
10-07 09:10:23.664 D/AudioManager(18846): Trying FFmpegMediaPlayer for AIFF (ExoPlayer doesn't support AIFF)
10-07 09:10:23.664 D/AudioManager(18846): FFmpegMediaPlayer is available, attempting playback
10-07 09:10:23.773 D/AudioManager(18846): Successfully copied URI to temp file: /data/user/0/com.example.mobiledigger/cache/aiff_temp_6485656518377237599.aiff (46.35MB in 70ms, 662.16MB/s)
10-07 09:10:23.773 D/AudioManager(18846): Created temp file for FFmpeg: /data/user/0/com.example.mobiledigger/cache/aiff_temp_6485656518377237599.aiff
10-07 09:10:23.773 D/AudioManager(18846): Setting FFmpegMediaPlayer data source: /data/user/0/com.example.mobiledigger/cache/aiff_temp_6485656518377237599.aiff
10-07 09:10:23.773 D/AudioManager(18846): FFmpegMediaPlayer setDataSource successful
10-07 09:10:24.779 D/AudioManager(18846): FFmpegMediaPlayer prepare (sync) completed
10-07 09:10:24.780 D/AudioManager(18846): FFmpegMediaPlayer audio stream type set to STREAM_MUSIC
10-07 09:10:24.780 D/AudioManager(18846): FFmpegMediaPlayer volume set to maximum
10-07 09:10:24.859 D/AudioManager(18846): FFmpegMediaPlayer started after proper preparation
10-07 09:10:24.860 D/AudioManager(18846): FFmpegMediaPlayer playback successful for AIFF: Austin Feldman - Nobody (Extended Mix).aif
10-07 09:10:24.867 D/MusicViewModel(18846): MusicService started successfully.
10-07 09:10:24.908 D/MusicService( 6122): Started foreground service with notification
10-07 09:10:24.912 D/MusicService( 6122): updateNotificationData - Title: Austin Feldman - Nobody (Extended Mix).aif, Playing: true, Position: 0, Duration: 0
10-07 09:10:24.913 D/MusicService( 6122): Skipping setMediaItem due to invalid/dummy URI for title: Austin Feldman - Nobody (Extended Mix).aif
10-07 09:10:24.958 D/AudioManager(18846): FFmpegMediaPlayer info: what=802, extra=0
10-07 09:10:24.958 D/AudioManager(18846): FFmpegMediaPlayer prepared successfully
10-07 09:10:26.145 I/WifiHAL ( 1074): In GetCachedScanResultsCommand::handleResponse
10-07 09:10:27.557 D/FileManager(18846): Source file found: Austin Feldman - Nobody (Extended Mix).aif, exists: true, canRead: true
10-07 09:10:29.218 I/WifiHAL ( 1074): In GetCachedScanResultsCommand::handleResponse
10-07 09:10:29.460 D/AudioManager(18846): Stopping all playback before starting new file
10-07 09:10:29.467 D/AudioManager(18846): FFmpegMediaPlayer stopped
10-07 09:10:29.467 D/AudioManager(18846): FFmpegMediaPlayer reset
10-07 09:10:29.467 D/AudioManager(18846): ExoPlayer cleared
10-07 09:10:29.467 D/AudioManager(18846): All playback stopped successfully
10-07 09:10:29.468 D/AudioManager(18846): Preloaded player released.
10-07 09:10:29.468 D/AudioManager(18846): Attempting to play file: Michael Jackson - Thriller (Black Coffee Remix).wav
10-07 09:10:29.468 D/AudioManager(18846): File URI: content://com.android.externalstorage.documents/tree/primary%3AAndroid%2Fmedia%2Fcom.whatsapp%2FWhatsApp%2FMedia%2FWhatsApp%20Documents/document/primary%3AAndroid%2Fmedia%2Fcom.whatsapp%2FWhatsApp%2FMedia%2FWhatsApp%20Documents%2FPrivate%2FMichael%20Jackson%20-%20Thriller%20(Black%20Coffee%20Remix).wav
10-07 09:10:29.468 D/AudioManager(18846): Stopping all playback before starting new file
10-07 09:10:29.468 D/AudioManager(18846): FFmpegMediaPlayer reset
10-07 09:10:29.468 D/AudioManager(18846): ExoPlayer cleared
10-07 09:10:29.468 D/AudioManager(18846): All playback stopped successfully
10-07 09:10:29.468 D/AudioManager(18846): ExoPlayer attempting to play URI: content://com.android.externalstorage.documents/tree/primary%3AAndroid%2Fmedia%2Fcom.whatsapp%2FWhatsApp%2FMedia%2FWhatsApp%20Documents/document/primary%3AAndroid%2Fmedia%2Fcom.whatsapp%2FWhatsApp%2FMedia%2FWhatsApp%20Documents%2FPrivate%2FMichael%20Jackson%20-%20Thriller%20(Black%20Coffee%20Remix).wav
10-07 09:10:29.470 D/AudioManager(18846): ExoPlayer started successfully
10-07 09:10:29.470 D/AudioManager(18846): ExoPlayer playback successful for: Michael Jackson - Thriller (Black Coffee Remix).wav
10-07 09:10:29.472 D/MusicViewModel(18846): MusicService started successfully.
10-07 09:10:29.497 D/MusicService( 6122): Started foreground service with notification
10-07 09:10:29.498 D/MusicService( 6122): updateNotificationData - Title: Michael Jackson - Thriller (Black Coffee Remix).wav, Playing: true, Position: 0, Duration: 0
10-07 09:10:29.498 D/MusicService( 6122): Skipping setMediaItem due to invalid/dummy URI for title: Michael Jackson - Thriller (Black Coffee Remix).wav
10-07 09:10:32.265 D/FileManager(18846): Source file found: Michael Jackson - Thriller (Black Coffee Remix).wav, exists: true, canRead: true
10-07 09:10:32.284 I/WifiHAL ( 1074): In GetCachedScanResultsCommand::handleResponse
10-07 09:10:33.993 D/AudioManager(18846): Stopping all playback before starting new file
10-07 09:10:33.994 D/AudioManager(18846): FFmpegMediaPlayer reset
10-07 09:10:33.994 D/AudioManager(18846): ExoPlayer stopped
10-07 09:10:33.995 D/AudioManager(18846): ExoPlayer cleared
10-07 09:10:33.995 D/AudioManager(18846): All playback stopped successfully
10-07 09:10:33.995 D/AudioManager(18846): Preloaded player released.
10-07 09:10:34.002 D/AudioManager(18846): Cleaned up temp file during cache clear: /data/user/0/com.example.mobiledigger/cache/aiff_temp_6485656518377237599.aiff
10-07 09:10:34.002 D/AudioManager(18846): All caches cleared
10-07 09:10:35.376 I/WifiHAL ( 1074): In GetCachedScanResultsCommand::handleResponse
10-07 09:10:38.455 I/WifiHAL ( 1074): In GetCachedScanResultsCommand::handleResponse
10-07 09:10:41.551 I/WifiHAL ( 1074): In GetCachedScanResultsCommand::handleResponse
10-07 09:10:44.626 I/WifiHAL ( 1074): In GetCachedScanResultsCommand::handleResponse
10-07 09:10:47.736 I/WifiHAL ( 1074): In GetCachedScanResultsCommand::handleResponse
10-07 09:10:48.766 D/MusicViewModel(18846): MusicService started successfully.
10-07 09:10:48.790 D/MusicService( 6122): Started foreground service with notification
10-07 09:10:48.793 D/MusicService( 6122): updateNotificationData - Title: Gorillaz - Feel Good Inc (Notre Dame Edit).mp3, Playing: true, Position: 0, Duration: 0
10-07 09:10:48.794 D/MusicService( 6122): Skipping setMediaItem due to invalid/dummy URI for title: Gorillaz - Feel Good Inc (Notre Dame Edit).mp3
10-07 09:10:49.097 I/WifiHAL ( 1074): In GetCachedScanResultsCommand::handleResponse
10-07 09:10:50.856 I/WifiHAL ( 1074): In GetCachedScanResultsCommand::handleResponse
10-07 09:10:52.188 D/FileManager(18846): Source file found: Gorillaz - Feel Good Inc (Notre Dame Edit).mp3, exists: true, canRead: true
10-07 09:10:53.934 I/WifiHAL ( 1074): In GetCachedScanResultsCommand::handleResponse
10-07 09:10:54.145 D/AudioManager(18846): Stopping all playback before starting new file
10-07 09:10:54.146 D/AudioManager(18846): FFmpegMediaPlayer reset
10-07 09:10:54.146 D/AudioManager(18846): ExoPlayer cleared
10-07 09:10:54.147 D/AudioManager(18846): All playback stopped successfully
10-07 09:10:54.148 D/AudioManager(18846): Preloaded player released.
10-07 09:10:54.149 D/AudioManager(18846): Attempting to play file: Emily Nash - On & On (Extended Mix) [Good Company].aiff
10-07 09:10:54.150 D/AudioManager(18846): File URI: content://com.android.externalstorage.documents/tree/primary%3AAndroid%2Fmedia%2Fcom.whatsapp%2FWhatsApp%2FMedia%2FWhatsApp%20Documents/document/primary%3AAndroid%2Fmedia%2Fcom.whatsapp%2FWhatsApp%2FMedia%2FWhatsApp%20Documents%2FPrivate%2FEmily%20Nash%20-%20On%20%26%20On%20(Extended%20Mix)%20%5BGood%20Company%5D.aiff
10-07 09:10:54.150 D/AudioManager(18846): Stopping all playback before starting new file
10-07 09:10:54.151 D/AudioManager(18846): FFmpegMediaPlayer reset
10-07 09:10:54.151 D/AudioManager(18846): ExoPlayer cleared
10-07 09:10:54.152 D/AudioManager(18846): All playback stopped successfully
10-07 09:10:54.152 D/AudioManager(18846): AIFF file detected: Emily Nash - On & On (Extended Mix) [Good Company].aiff
10-07 09:10:54.152 D/AudioManager(18846): Trying FFmpegMediaPlayer for AIFF (ExoPlayer doesn't support AIFF)
10-07 09:10:54.152 D/AudioManager(18846): FFmpegMediaPlayer is available, attempting playback
10-07 09:10:54.357 D/AudioManager(18846): Successfully copied URI to temp file: /data/user/0/com.example.mobiledigger/cache/aiff_temp_1009645594703514169.aiff (52.24MB in 128ms, 408.15MB/s)
10-07 09:10:54.357 D/AudioManager(18846): Created temp file for FFmpeg: /data/user/0/com.example.mobiledigger/cache/aiff_temp_1009645594703514169.aiff
10-07 09:10:54.357 D/AudioManager(18846): Setting FFmpegMediaPlayer data source: /data/user/0/com.example.mobiledigger/cache/aiff_temp_1009645594703514169.aiff
10-07 09:10:54.358 D/AudioManager(18846): FFmpegMediaPlayer setDataSource successful
10-07 09:10:55.363 D/AudioManager(18846): FFmpegMediaPlayer prepare (sync) completed
10-07 09:10:55.364 D/AudioManager(18846): FFmpegMediaPlayer audio stream type set to STREAM_MUSIC
10-07 09:10:55.364 D/AudioManager(18846): FFmpegMediaPlayer volume set to maximum
10-07 09:10:55.438 D/AudioManager(18846): FFmpegMediaPlayer started after proper preparation
10-07 09:10:55.439 D/AudioManager(18846): FFmpegMediaPlayer playback successful for AIFF: Emily Nash - On & On (Extended Mix) [Good Company].aiff
10-07 09:10:55.447 D/MusicViewModel(18846): MusicService started successfully.
10-07 09:10:55.469 D/MusicService( 6122): Started foreground service with notification
10-07 09:10:55.471 D/MusicService( 6122): updateNotificationData - Title: Emily Nash - On & On (Extended Mix) [Good Company].aiff, Playing: true, Position: 0, Duration: 0
10-07 09:10:55.471 D/MusicService( 6122): Skipping setMediaItem due to invalid/dummy URI for title: Emily Nash - On & On (Extended Mix) [Good Company].aiff
10-07 09:10:55.499 D/AudioManager(18846): FFmpegMediaPlayer info: what=802, extra=0
10-07 09:10:55.499 D/AudioManager(18846): FFmpegMediaPlayer prepared successfully
10-07 09:10:57.001 I/WifiHAL ( 1074): In GetCachedScanResultsCommand::handleResponse
10-07 09:11:00.095 I/WifiHAL ( 1074): In GetCachedScanResultsCommand::handleResponse
10-07 09:11:00.456 D/FileManager(18846): Source file found: Emily Nash - On & On (Extended Mix) [Good Company].aiff, exists: true, canRead: true
10-07 09:11:02.496 D/AudioManager(18846): Stopping all playback before starting new file
10-07 09:11:02.508 D/AudioManager(18846): FFmpegMediaPlayer stopped
10-07 09:11:02.508 D/AudioManager(18846): FFmpegMediaPlayer reset
10-07 09:11:02.509 D/AudioManager(18846): ExoPlayer cleared
10-07 09:11:02.509 D/AudioManager(18846): All playback stopped successfully
10-07 09:11:02.509 D/AudioManager(18846): Preloaded player released.
10-07 09:11:02.524 D/AudioManager(18846): Cleaned up temp file during cache clear: /data/user/0/com.example.mobiledigger/cache/aiff_temp_1009645594703514169.aiff
10-07 09:11:02.524 D/AudioManager(18846): All caches cleared
10-07 09:11:02.614 D/AudioManager(18846): Attempting to play file: MR. JOE - This Is A New Life  [Madorasindahouse Records].aiff
10-07 09:11:02.614 D/AudioManager(18846): File URI: content://com.android.externalstorage.documents/tree/primary%3AAndroid%2Fmedia%2Fcom.whatsapp%2FWhatsApp%2FMedia%2FWhatsApp%20Documents/document/primary%3AAndroid%2Fmedia%2Fcom.whatsapp%2FWhatsApp%2FMedia%2FWhatsApp%20Documents%2FPrivate%2FMR.%20JOE%20-%20This%20Is%20A%20New%20Life%20%20%5BMadorasindahouse%20Records%5D.aiff
10-07 09:11:02.614 D/AudioManager(18846): Stopping all playback before starting new file
10-07 09:11:02.614 D/AudioManager(18846): FFmpegMediaPlayer reset
10-07 09:11:02.614 D/AudioManager(18846): ExoPlayer cleared
10-07 09:11:02.614 D/AudioManager(18846): All playback stopped successfully
10-07 09:11:02.615 D/AudioManager(18846): AIFF file detected: MR. JOE - This Is A New Life  [Madorasindahouse Records].aiff
10-07 09:11:02.615 D/AudioManager(18846): Trying FFmpegMediaPlayer for AIFF (ExoPlayer doesn't support AIFF)
10-07 09:11:02.615 D/AudioManager(18846): FFmpegMediaPlayer is available, attempting playback
10-07 09:11:02.757 D/AudioManager(18846): Successfully copied URI to temp file: /data/user/0/com.example.mobiledigger/cache/aiff_temp_5863507855810595034.aiff (65.62MB in 98ms, 669.57MB/s)
10-07 09:11:02.758 D/AudioManager(18846): Created temp file for FFmpeg: /data/user/0/com.example.mobiledigger/cache/aiff_temp_5863507855810595034.aiff
10-07 09:11:02.758 D/AudioManager(18846): Setting FFmpegMediaPlayer data source: /data/user/0/com.example.mobiledigger/cache/aiff_temp_5863507855810595034.aiff
10-07 09:11:02.758 D/AudioManager(18846): FFmpegMediaPlayer setDataSource successful
10-07 09:11:03.178 I/WifiHAL ( 1074): In GetCachedScanResultsCommand::handleResponse
10-07 09:11:03.763 D/AudioManager(18846): FFmpegMediaPlayer prepare (sync) completed
10-07 09:11:03.764 D/AudioManager(18846): FFmpegMediaPlayer audio stream type set to STREAM_MUSIC
10-07 09:11:03.764 D/AudioManager(18846): FFmpegMediaPlayer volume set to maximum
10-07 09:11:03.846 D/AudioManager(18846): FFmpegMediaPlayer started after proper preparation
10-07 09:11:03.846 D/AudioManager(18846): FFmpegMediaPlayer playback successful for AIFF: MR. JOE - This Is A New Life  [Madorasindahouse Records].aiff
10-07 09:11:03.851 D/MusicViewModel(18846): MusicService started successfully.
10-07 09:11:03.866 D/MusicService( 6122): Started foreground service with notification
10-07 09:11:03.867 D/MusicService( 6122): updateNotificationData - Title: MR. JOE - This Is A New Life  [Madorasindahouse Records].aiff, Playing: true, Position: 0, Duration: 0
10-07 09:11:03.869 D/MusicService( 6122): Skipping setMediaItem due to invalid/dummy URI for title: MR. JOE - This Is A New Life  [Madorasindahouse Records].aiff
10-07 09:11:03.907 D/AudioManager(18846): FFmpegMediaPlayer info: what=802, extra=0
10-07 09:11:03.907 D/AudioManager(18846): FFmpegMediaPlayer prepared successfully
10-07 09:11:06.261 I/WifiHAL ( 1074): In GetCachedScanResultsCommand::handleResponse
10-07 09:11:09.050 D/FileManager(18846): Source file found: MR. JOE - This Is A New Life  [Madorasindahouse Records].aiff, exists: true, canRead: true
10-07 09:11:09.323 I/WifiHAL ( 1074): In GetCachedScanResultsCommand::handleResponse
10-07 09:11:11.026 D/AudioManager(18846): Stopping all playback before starting new file
10-07 09:11:11.032 D/AudioManager(18846): FFmpegMediaPlayer stopped
10-07 09:11:11.033 D/AudioManager(18846): FFmpegMediaPlayer reset
10-07 09:11:11.033 D/AudioManager(18846): ExoPlayer cleared
10-07 09:11:11.033 D/AudioManager(18846): All playback stopped successfully
10-07 09:11:11.040 D/AudioManager(18846): Preloaded player released.
10-07 09:11:11.040 D/AudioManager(18846): Attempting to play file: Sister Nancy - Bam Bam ( Yas Cepeda Afro House ) v5.mp3
10-07 09:11:11.040 D/AudioManager(18846): File URI: content://com.android.externalstorage.documents/tree/primary%3AAndroid%2Fmedia%2Fcom.whatsapp%2FWhatsApp%2FMedia%2FWhatsApp%20Documents/document/primary%3AAndroid%2Fmedia%2Fcom.whatsapp%2FWhatsApp%2FMedia%2FWhatsApp%20Documents%2FPrivate%2FSister%20Nancy%20-%20Bam%20Bam%20(%20Yas%20Cepeda%20Afro%20House%20)%20v5.mp3
10-07 09:11:11.040 D/AudioManager(18846): Stopping all playback before starting new file
10-07 09:11:11.041 D/AudioManager(18846): FFmpegMediaPlayer reset
10-07 09:11:11.041 D/AudioManager(18846): ExoPlayer cleared
10-07 09:11:11.041 D/AudioManager(18846): All playback stopped successfully
10-07 09:11:11.041 D/AudioManager(18846): ExoPlayer attempting to play URI: content://com.android.externalstorage.documents/tree/primary%3AAndroid%2Fmedia%2Fcom.whatsapp%2FWhatsApp%2FMedia%2FWhatsApp%20Documents/document/primary%3AAndroid%2Fmedia%2Fcom.whatsapp%2FWhatsApp%2FMedia%2FWhatsApp%20Documents%2FPrivate%2FSister%20Nancy%20-%20Bam%20Bam%20(%20Yas%20Cepeda%20Afro%20House%20)%20v5.mp3
10-07 09:11:11.044 D/AudioManager(18846): ExoPlayer started successfully
10-07 09:11:11.044 D/AudioManager(18846): ExoPlayer playback successful for: Sister Nancy - Bam Bam ( Yas Cepeda Afro House ) v5.mp3
10-07 09:11:11.051 D/MusicViewModel(18846): MusicService started successfully.
10-07 09:11:11.065 D/MusicService( 6122): Started foreground service with notification
10-07 09:11:11.065 D/MusicService( 6122): updateNotificationData - Title: Sister Nancy - Bam Bam ( Yas Cepeda Afro House ) v5.mp3, Playing: true, Position: 0, Duration: 0
10-07 09:11:11.066 D/MusicService( 6122): Skipping setMediaItem due to invalid/dummy URI for title: Sister Nancy - Bam Bam ( Yas Cepeda Afro House ) v5.mp3
10-07 09:11:12.412 I/WifiHAL ( 1074): In GetCachedScanResultsCommand::handleResponse
10-07 09:11:15.501 I/WifiHAL ( 1074): In GetCachedScanResultsCommand::handleResponse
10-07 09:11:18.603 I/WifiHAL ( 1074): In GetCachedScanResultsCommand::handleResponse
10-07 09:11:21.677 I/WifiHAL ( 1074): In GetCachedScanResultsCommand::handleResponse
10-07 09:11:24.754 I/WifiHAL ( 1074): In GetCachedScanResultsCommand::handleResponse
10-07 09:11:27.860 I/WifiHAL ( 1074): In GetCachedScanResultsCommand::handleResponse
10-07 09:11:28.681 I/WifiHAL ( 1074): In GetCachedScanResultsCommand::handleResponse
10-07 09:11:30.979 I/WifiHAL ( 1074): In GetCachedScanResultsCommand::handleResponse
10-07 09:11:32.813 D/RingtonePlayer( 2288): requesting AudioFocus
10-07 09:11:32.814 I/MediaFocusControl( 1579): requestAudioFocus() from uid/pid 10223/2288 AA=USAGE_NOTIFICATION/CONTENT_TYPE_SONIFICATION clientId=android.media.AudioManager@757dd47 callingPack=com.android.systemui req=3 flags=0x0 sdk=36
10-07 09:11:34.058 I/WifiHAL ( 1074): In GetCachedScanResultsCommand::handleResponse
10-07 09:11:34.734 D/RingtonePlayer( 2288): onCompletion() abandoning AudioFocus
10-07 09:11:34.734 I/MediaFocusControl( 1579): abandonAudioFocus() from uid/pid 10223/2288 clientId=android.media.AudioManager@757dd47 callingPack=com.android.systemui
10-07 09:11:35.477 D/RingtonePlayer( 2288): requesting AudioFocus
10-07 09:11:35.479 I/MediaFocusControl( 1579): requestAudioFocus() from uid/pid 10223/2288 AA=USAGE_NOTIFICATION/CONTENT_TYPE_SONIFICATION clientId=android.media.AudioManager@c1127cf callingPack=com.android.systemui req=3 flags=0x0 sdk=36
10-07 09:11:37.144 I/WifiHAL ( 1074): In GetCachedScanResultsCommand::handleResponse
10-07 09:11:37.442 D/RingtonePlayer( 2288): onCompletion() abandoning AudioFocus
10-07 09:11:37.443 I/MediaFocusControl( 1579): abandonAudioFocus() from uid/pid 10223/2288 clientId=android.media.AudioManager@c1127cf callingPack=com.android.systemui
10-07 09:11:40.214 I/WifiHAL ( 1074): In GetCachedScanResultsCommand::handleResponse
10-07 09:11:43.285 I/WifiHAL ( 1074): In GetCachedScanResultsCommand::handleResponse
10-07 09:11:46.363 I/WifiHAL ( 1074): In GetCachedScanResultsCommand::handleResponse
10-07 09:11:48.777 D/FileManager(18846): Source file found: Sister Nancy - Bam Bam ( Yas Cepeda Afro House ) v5.mp3, exists: true, canRead: true
10-07 09:11:49.437 I/WifiHAL ( 1074): In GetCachedScanResultsCommand::handleResponse
10-07 09:11:50.654 D/AudioManager(18846): Stopping all playback before starting new file
10-07 09:11:50.654 D/AudioManager(18846): FFmpegMediaPlayer reset
10-07 09:11:50.654 D/AudioManager(18846): ExoPlayer stopped
10-07 09:11:50.655 D/AudioManager(18846): ExoPlayer cleared
10-07 09:11:50.655 D/AudioManager(18846): All playback stopped successfully
10-07 09:11:50.655 D/AudioManager(18846): Preloaded player released.
10-07 09:11:50.702 D/AudioManager(18846): Attempting to play file: Spacho &Lamor - Make U (MSTR 11.8).wav
10-07 09:11:50.702 D/AudioManager(18846): File URI: content://com.android.externalstorage.documents/tree/primary%3AAndroid%2Fmedia%2Fcom.whatsapp%2FWhatsApp%2FMedia%2FWhatsApp%20Documents/document/primary%3AAndroid%2Fmedia%2Fcom.whatsapp%2FWhatsApp%2FMedia%2FWhatsApp%20Documents%2FPrivate%2FSpacho%20%26Lamor%20-%20Make%20U%20(MSTR%2011.8).wav
10-07 09:11:50.702 D/AudioManager(18846): Stopping all playback before starting new file
10-07 09:11:50.703 D/AudioManager(18846): FFmpegMediaPlayer reset
10-07 09:11:50.703 D/AudioManager(18846): ExoPlayer cleared
10-07 09:11:50.703 D/AudioManager(18846): All playback stopped successfully
10-07 09:11:50.703 D/AudioManager(18846): ExoPlayer attempting to play URI: content://com.android.externalstorage.documents/tree/primary%3AAndroid%2Fmedia%2Fcom.whatsapp%2FWhatsApp%2FMedia%2FWhatsApp%20Documents/document/primary%3AAndroid%2Fmedia%2Fcom.whatsapp%2FWhatsApp%2FMedia%2FWhatsApp%20Documents%2FPrivate%2FSpacho%20%26Lamor%20-%20Make%20U%20(MSTR%2011.8).wav
10-07 09:11:50.704 D/AudioManager(18846): ExoPlayer started successfully
10-07 09:11:50.704 D/AudioManager(18846): ExoPlayer playback successful for: Spacho &Lamor - Make U (MSTR 11.8).wav
10-07 09:11:50.705 D/MusicViewModel(18846): MusicService started successfully.
10-07 09:11:50.714 D/MusicService( 6122): Started foreground service with notification
10-07 09:11:50.715 D/MusicService( 6122): updateNotificationData - Title: Spacho &Lamor - Make U (MSTR 11.8).wav, Playing: true, Position: 0, Duration: 0
10-07 09:11:50.715 D/MusicService( 6122): Skipping setMediaItem due to invalid/dummy URI for title: Spacho &Lamor - Make U (MSTR 11.8).wav
10-07 09:11:50.765 I/WifiHAL ( 1074): In GetCachedScanResultsCommand::handleResponse
10-07 09:11:52.506 I/WifiHAL ( 1074): In GetCachedScanResultsCommand::handleResponse
10-07 09:11:54.483 D/FileManager(18846): Source file found: Spacho &Lamor - Make U (MSTR 11.8).wav, exists: true, canRead: true
10-07 09:11:55.572 I/WifiHAL ( 1074): In GetCachedScanResultsCommand::handleResponse
10-07 09:11:56.248 D/AudioManager(18846): Stopping all playback before starting new file
10-07 09:11:56.248 D/AudioManager(18846): FFmpegMediaPlayer reset
10-07 09:11:56.249 D/AudioManager(18846): ExoPlayer stopped
10-07 09:11:56.251 D/AudioManager(18846): ExoPlayer cleared
10-07 09:11:56.251 D/AudioManager(18846): All playback stopped successfully
10-07 09:11:56.251 D/AudioManager(18846): Preloaded player released.
10-07 09:11:56.301 D/AudioManager(18846): Attempting to play file: Tiga - Mind Dimension (Adam Sellouk Remix).aiff
10-07 09:11:56.301 D/AudioManager(18846): File URI: content://com.android.externalstorage.documents/tree/primary%3AAndroid%2Fmedia%2Fcom.whatsapp%2FWhatsApp%2FMedia%2FWhatsApp%20Documents/document/primary%3AAndroid%2Fmedia%2Fcom.whatsapp%2FWhatsApp%2FMedia%2FWhatsApp%20Documents%2FPrivate%2FTiga%20-%20Mind%20Dimension%20(Adam%20Sellouk%20Remix).aiff
10-07 09:11:56.302 D/AudioManager(18846): Stopping all playback before starting new file
10-07 09:11:56.302 D/AudioManager(18846): FFmpegMediaPlayer reset
10-07 09:11:56.302 D/AudioManager(18846): ExoPlayer cleared
10-07 09:11:56.302 D/AudioManager(18846): All playback stopped successfully
10-07 09:11:56.302 D/AudioManager(18846): AIFF file detected: Tiga - Mind Dimension (Adam Sellouk Remix).aiff
10-07 09:11:56.302 D/AudioManager(18846): Trying FFmpegMediaPlayer for AIFF (ExoPlayer doesn't support AIFF)
10-07 09:11:56.302 D/AudioManager(18846): FFmpegMediaPlayer is available, attempting playback
10-07 09:11:56.427 D/AudioManager(18846): Successfully copied URI to temp file: /data/user/0/com.example.mobiledigger/cache/aiff_temp_5265772700400922557.aiff (51.56MB in 81ms, 636.49MB/s)
10-07 09:11:56.427 D/AudioManager(18846): Created temp file for FFmpeg: /data/user/0/com.example.mobiledigger/cache/aiff_temp_5265772700400922557.aiff
10-07 09:11:56.428 D/AudioManager(18846): Setting FFmpegMediaPlayer data source: /data/user/0/com.example.mobiledigger/cache/aiff_temp_5265772700400922557.aiff
10-07 09:11:56.428 D/AudioManager(18846): FFmpegMediaPlayer setDataSource successful
10-07 09:11:57.433 D/AudioManager(18846): FFmpegMediaPlayer prepare (sync) completed
10-07 09:11:57.434 D/AudioManager(18846): FFmpegMediaPlayer audio stream type set to STREAM_MUSIC
10-07 09:11:57.435 D/AudioManager(18846): FFmpegMediaPlayer volume set to maximum
10-07 09:11:57.511 D/AudioManager(18846): FFmpegMediaPlayer started after proper preparation
10-07 09:11:57.512 D/AudioManager(18846): FFmpegMediaPlayer playback successful for AIFF: Tiga - Mind Dimension (Adam Sellouk Remix).aiff
10-07 09:11:57.518 D/MusicViewModel(18846): MusicService started successfully.
10-07 09:11:57.543 D/MusicService( 6122): Started foreground service with notification
10-07 09:11:57.544 D/MusicService( 6122): updateNotificationData - Title: Tiga - Mind Dimension (Adam Sellouk Remix).aiff, Playing: true, Position: 0, Duration: 0
10-07 09:11:57.544 D/MusicService( 6122): Skipping setMediaItem due to invalid/dummy URI for title: Tiga - Mind Dimension (Adam Sellouk Remix).aiff
10-07 09:11:57.610 D/AudioManager(18846): FFmpegMediaPlayer prepared successfully
10-07 09:11:57.610 D/AudioManager(18846): FFmpegMediaPlayer info: what=802, extra=0
10-07 09:11:58.677 I/WifiHAL ( 1074): In GetCachedScanResultsCommand::handleResponse
10-07 09:12:01.764 I/WifiHAL ( 1074): In GetCachedScanResultsCommand::handleResponse
