11-03 23:10:52.075  4846  8155 D WaveformGenerator: ğŸ“Š UI State - First 10: 30, 65, 84, 84, 84, 75, 57, 42, 31, 30
11-03 23:10:52.213  4846  4846 D WaveformGenerator: ğŸ“Š UI State UPDATED - waveformData is now NOT NULL (256 samples)
11-03 23:10:52.356  4846  4846 D WaveformGenerator: ğŸ“º SharedWaveformDisplay - Received waveform: 256 samples
11-03 23:10:52.358  4846  4846 D WaveformGenerator: ğŸ“º SharedWaveformDisplay - Min: 30, Max: 85, Avg: 69
11-03 23:10:52.359  4846  4846 D WaveformGenerator: ğŸ“º SharedWaveformDisplay - First 10: 30, 65, 84, 84, 84, 75, 57, 42, 31, 30
11-03 23:12:24.218 15635 15691 I ForwardSyncCache: reclaimMemory: Clearing caches
11-03 23:14:59.553 15635 15691 I ForwardSyncCache: reclaimMemory: Clearing caches
11-03 23:15:11.758  4846  4846 D PerformanceProfiler: ğŸ“Š === PERFORMANCE STATISTICS ===
11-03 23:15:11.765  4846  4846 D PerformanceProfiler:   WaveformGen: 29x, avg=499ms, min=134ms, max=1720ms, total=14489ms
11-03 23:15:11.767  4846  4846 D PerformanceProfiler:   AudioManager.generateSpectrogram: 1x, avg=4955ms, min=4955ms, max=4955ms, total=4955ms
11-03 23:15:59.188 15635 15691 I ForwardSyncCache: reclaimMemory: Clearing caches
11-03 23:16:02.430  4846  4846 D VlcAudioBackend: ğŸ“Š Buffering: 0.0%
11-03 23:16:02.430  4846  4846 D VlcAudioBackend: ğŸ“Š Buffering: 0.0%
11-03 23:16:02.430  4846  4846 D VlcAudioBackend: ğŸ“Š Buffering: 6.666667%
11-03 23:16:02.431  4846  4846 D VlcAudioBackend: ğŸ“Š Buffering: 13.333334%
11-03 23:16:02.442  4846  4846 D VlcAudioBackend: ğŸ“Š Buffering: 20.0%
11-03 23:16:02.442  4846  4846 D VlcAudioBackend: ğŸ“Š Buffering: 26.666668%
11-03 23:16:02.442  4846  4846 D VlcAudioBackend: ğŸ“Š Buffering: 33.333336%
11-03 23:16:02.442  4846  4846 D VlcAudioBackend: ğŸ“Š Buffering: 40.0%
11-03 23:16:02.442  4846  4846 D VlcAudioBackend: ğŸ“Š Buffering: 46.666668%
11-03 23:16:02.442  4846  4846 D VlcAudioBackend: ğŸ“Š Buffering: 53.333336%
11-03 23:16:02.442  4846  4846 D VlcAudioBackend: ğŸ“Š Buffering: 60.000004%
11-03 23:16:02.442  4846  4846 D VlcAudioBackend: ğŸ“Š Buffering: 66.66667%
11-03 23:16:02.442  4846  4846 D VlcAudioBackend: ğŸ“Š Buffering: 73.333336%
11-03 23:16:02.442  4846  4846 D VlcAudioBackend: ğŸ“Š Buffering: 80.0%
11-03 23:16:02.443  4846  4846 D VlcAudioBackend: ğŸ“Š Buffering: 86.666664%
11-03 23:16:02.443  4846  4846 D VlcAudioBackend: ğŸ“Š Buffering: 93.333336%
11-03 23:16:02.443  4846  4846 D VlcAudioBackend: ğŸ“Š Buffering: 100.0%
11-03 23:16:02.443  4846  4846 D VlcAudioBackend: ğŸ“Š Buffering: 100.0%
11-03 23:16:03.887 11262 11836 I cr_BindingManager: onTrimMemory: level=40, size=0
11-03 23:16:03.924 11262 11836 I cr_BindingManager: onTrimMemory: level=40, size=0
11-03 23:16:03.924 11262 11836 I cr_BindingManager: onTrimMemory: level=40, size=0
11-03 23:16:03.925 11262 11836 I cr_BindingManager: onTrimMemory: level=40, size=0
11-03 23:16:03.925 11262 11836 I cr_BindingManager: onTrimMemory: level=40, size=0
11-03 23:16:03.925 11262 11836 I cr_BindingManager: onTrimMemory: level=40, size=0
11-03 23:16:03.925 11262 11836 I cr_BindingManager: onTrimMemory: level=40, size=0
11-03 23:16:03.925 11262 11836 I cr_BindingManager: onTrimMemory: level=40, size=0
11-03 23:16:03.925 11262 11836 I cr_BindingManager: onTrimMemory: level=40, size=0
11-03 23:16:03.925 11262 11836 I cr_BindingManager: onTrimMemory: level=40, size=0
11-03 23:16:03.925 11262 11836 I cr_BindingManager: onTrimMemory: level=40, size=0
11-03 23:16:03.925 11262 11836 I cr_BindingManager: onTrimMemory: level=40, size=0
11-03 23:16:03.925 11262 11836 I cr_BindingManager: onTrimMemory: level=40, size=0
11-03 23:16:03.925 11262 11836 I cr_BindingManager: onTrimMemory: level=40, size=0
11-03 23:16:03.925 11262 11836 I cr_BindingManager: onTrimMemory: level=40, size=0
11-03 23:16:03.925 11262 11836 I cr_BindingManager: onTrimMemory: level=40, size=0
11-03 23:16:03.925 11262 11836 I cr_BindingManager: onTrimMemory: level=40, size=0
11-03 23:16:03.925 11262 11836 I cr_BindingManager: onTrimMemory: level=40, size=0
11-03 23:16:03.925 11262 11836 I cr_BindingManager: onTrimMemory: level=40, size=0
11-03 23:16:03.925 11262 11836 I cr_BindingManager: onTrimMemory: level=40, size=0
11-03 23:16:03.925 11262 11836 I cr_BindingManager: onTrimMemory: level=40, size=0
11-03 23:16:04.070 11262 11836 I cr_BindingManager: onTrimMemory: level=40, size=0
11-03 23:16:07.035  4846  4846 D AudioManager: ğŸ“Š Copied 1.0MB...
11-03 23:16:07.038  4846  4846 D AudioManager: ğŸ“Š Copied 2.0MB...
11-03 23:16:07.041  4846  4846 D AudioManager: ğŸ“Š Copied 3.0MB...
11-03 23:16:07.044  4846  4846 D AudioManager: ğŸ“Š Copied 4.0MB...
11-03 23:16:07.046  4846  4846 D AudioManager: ğŸ“Š Copied 5.0MB...
11-03 23:16:07.048  4846  4846 D AudioManager: ğŸ“Š Copied 6.0MB...
11-03 23:16:07.049  4846  4846 D AudioManager: ğŸ“Š Copied 7.0MB...
11-03 23:16:07.051  4846  4846 D AudioManager: ğŸ“Š Copied 8.0MB...
11-03 23:16:07.053  4846  4846 D AudioManager: ğŸ“Š Copied 9.0MB...
11-03 23:16:07.055  4846  4846 D AudioManager: ğŸ“Š Copied 10.0MB...
11-03 23:16:07.056  4846  4846 D AudioManager: ğŸ“Š Copied 11.0MB...
11-03 23:16:07.058  4846  4846 D AudioManager: ğŸ“Š Copied 12.0MB...
11-03 23:16:07.059  4846  4846 D AudioManager: ğŸ“Š Copied 13.0MB...
11-03 23:16:07.060  4846  4846 D AudioManager: ğŸ“Š Copied 14.0MB...
11-03 23:16:07.062  4846  4846 D AudioManager: ğŸ“Š Copied 15.0MB...
11-03 23:16:07.063  4846  4846 D AudioManager: ğŸ“Š Copied 16.0MB...
11-03 23:16:07.065  4846  4846 D AudioManager: ğŸ“Š Copied 17.0MB...
11-03 23:16:07.066  4846  4846 D AudioManager: ğŸ“Š Copied 18.0MB...
11-03 23:16:07.068  4846  4846 D AudioManager: ğŸ“Š Copied 19.0MB...
11-03 23:16:07.070  4846  4846 D AudioManager: ğŸ“Š Copied 20.0MB...
11-03 23:16:07.073  4846  4846 D AudioManager: ğŸ“Š Copied 21.0MB...
11-03 23:16:07.076  4846  4846 D AudioManager: ğŸ“Š Copied 22.0MB...
11-03 23:16:07.079  4846  4846 D AudioManager: ğŸ“Š Copied 23.0MB...
11-03 23:16:07.081  4846  4846 D AudioManager: ğŸ“Š Copied 24.0MB...
11-03 23:16:07.082  4846  4846 D AudioManager: ğŸ“Š Copied 25.0MB...
11-03 23:16:07.083  4846  4846 D AudioManager: ğŸ“Š Copied 26.0MB...
11-03 23:16:07.085  4846  4846 D AudioManager: ğŸ“Š Copied 27.0MB...
11-03 23:16:07.086  4846  4846 D AudioManager: ğŸ“Š Copied 28.0MB...
11-03 23:16:07.087  4846  4846 D AudioManager: ğŸ“Š Copied 29.0MB...
11-03 23:16:07.088  4846  4846 D AudioManager: ğŸ“Š Copied 30.0MB...
11-03 23:16:07.090  4846  4846 D AudioManager: ğŸ“Š Copied 31.0MB...
11-03 23:16:07.091  4846  4846 D AudioManager: ğŸ“Š Copied 32.0MB...
11-03 23:16:07.092  4846  4846 D AudioManager: ğŸ“Š Copied 33.0MB...
11-03 23:16:07.093  4846  4846 D AudioManager: ğŸ“Š Copied 34.0MB...
11-03 23:16:07.094  4846  4846 D AudioManager: ğŸ“Š Copied 35.0MB...
11-03 23:16:07.095  4846  4846 D AudioManager: ğŸ“Š Copied 36.0MB...
11-03 23:16:07.652  4846  4846 D PerformanceProfiler: ğŸ“Š AudioManager.playFile[ROBINS & RODA - Memories (Extended Mix) [Forever Young Recordings].aiff] took 851ms
11-03 23:16:07.727  4846  4846 D VlcAudioBackend: ğŸ“Š Buffering: 0.0%
11-03 23:16:07.728  4846  4846 D WaveformGenerator: LaunchedEffect triggered for file: ROBINS & RODA - Memories (Extended Mix) [Forever Young Recordings].aiff
11-03 23:16:07.811  4846  4846 D WaveformGenerator: Starting waveform generation for: ROBINS & RODA - Memories (Extended Mix) [Forever Young Recordings].aiff
11-03 23:16:07.812  4846  4846 D WaveformGenerator: File size: 36.2MB
11-03 23:16:07.817  4846  4906 D WaveformGenerator: Generating waveform for: ROBINS & RODA - Memories (Extended Mix) [Forever Young Recordings].aiff
11-03 23:16:07.817  4846  4906 D WaveformGenerator: Requesting 256 samples for any duration
11-03 23:16:07.825  4846  4846 D WaveformGenerator: ğŸ“º SharedWaveformDisplay - Received waveform: 256 samples
11-03 23:16:07.825  4846  4846 D WaveformGenerator: ğŸ“º SharedWaveformDisplay - Min: 30, Max: 85, Avg: 69
11-03 23:16:07.825  4846  4846 D WaveformGenerator: ğŸ“º SharedWaveformDisplay - First 10: 30, 65, 84, 84, 84, 75, 57, 42, 31, 30
11-03 23:16:07.874  4846  4846 D VlcAudioBackend: ğŸ“Š Buffering: 0.0%
11-03 23:16:07.874  4846  4846 D VlcAudioBackend: ğŸ“Š Buffering: 6.666667%
11-03 23:16:07.874  4846  4846 D VlcAudioBackend: ğŸ“Š Buffering: 13.333334%
11-03 23:16:07.874  4846  4846 D VlcAudioBackend: ğŸ“Š Buffering: 20.0%
11-03 23:16:07.874  4846  4846 D VlcAudioBackend: ğŸ“Š Buffering: 26.666668%
11-03 23:16:07.874  4846  4846 D VlcAudioBackend: ğŸ“Š Buffering: 33.333336%
11-03 23:16:07.874  4846  4846 D VlcAudioBackend: ğŸ“Š Buffering: 40.0%
11-03 23:16:07.874  4846  4846 D VlcAudioBackend: ğŸ“Š Buffering: 46.666668%
11-03 23:16:07.875  4846  4846 D VlcAudioBackend: ğŸ“Š Buffering: 53.333336%
11-03 23:16:07.875  4846  4846 D VlcAudioBackend: ğŸ“Š Buffering: 60.000004%
11-03 23:16:07.875  4846  4846 D VlcAudioBackend: ğŸ“Š Buffering: 66.66667%
11-03 23:16:07.875  4846  4846 D VlcAudioBackend: ğŸ“Š Buffering: 73.333336%
11-03 23:16:07.875  4846  4846 D VlcAudioBackend: ğŸ“Š Buffering: 80.0%
11-03 23:16:07.875  4846  4846 D VlcAudioBackend: ğŸ“Š Buffering: 86.666664%
11-03 23:16:07.875  4846  4846 D VlcAudioBackend: ğŸ“Š Buffering: 93.333336%
11-03 23:16:07.875  4846  4846 D VlcAudioBackend: ğŸ“Š Buffering: 100.0%
11-03 23:16:07.875  4846  4846 D VlcAudioBackend: ğŸ“Š Buffering: 100.0%
11-03 23:16:08.039  4846  4906 D WaveformGenerator: âœ… Waveform generated: 256 samples
11-03 23:16:08.039  4846  4906 D WaveformGenerator: ğŸ“Š UI State - Min: 30, Max: 85, Avg: 72
11-03 23:16:08.039  4846  4906 D WaveformGenerator: ğŸ“Š UI State - First 10: 85, 74, 62, 74, 75, 65, 75, 76, 67, 76
11-03 23:16:08.040  4846  4846 D WaveformGenerator: ğŸ“Š UI State UPDATED - waveformData is now NOT NULL (256 samples)
11-03 23:16:08.068  4846  4846 D WaveformGenerator: ğŸ“º SharedWaveformDisplay - Received waveform: 256 samples
11-03 23:16:08.069  4846  4846 D WaveformGenerator: ğŸ“º SharedWaveformDisplay - Min: 30, Max: 85, Avg: 72
11-03 23:16:08.069  4846  4846 D WaveformGenerator: ğŸ“º SharedWaveformDisplay - First 10: 85, 74, 62, 74, 75, 65, 75, 76, 67, 76
11-03 23:16:08.389  4846  4846 D VlcAudioBackend: ğŸ“Š Buffering: 0.0%
11-03 23:16:08.389  4846  4846 D VlcAudioBackend: ğŸ“Š Buffering: 0.0%
11-03 23:16:08.389  4846  4846 D VlcAudioBackend: ğŸ“Š Buffering: 6.666667%
11-03 23:16:08.389  4846  4846 D VlcAudioBackend: ğŸ“Š Buffering: 13.333334%
11-03 23:16:08.389  4846  4846 D VlcAudioBackend: ğŸ“Š Buffering: 20.0%
11-03 23:16:08.389  4846  4846 D VlcAudioBackend: ğŸ“Š Buffering: 26.666668%
11-03 23:16:08.390  4846  4846 D VlcAudioBackend: ğŸ“Š Buffering: 33.333336%
11-03 23:16:08.390  4846  4846 D VlcAudioBackend: ğŸ“Š Buffering: 40.0%
11-03 23:16:08.390  4846  4846 D VlcAudioBackend: ğŸ“Š Buffering: 46.666668%
11-03 23:16:08.390  4846  4846 D VlcAudioBackend: ğŸ“Š Buffering: 53.333336%
11-03 23:16:08.390  4846  4846 D VlcAudioBackend: ğŸ“Š Buffering: 60.000004%
11-03 23:16:08.390  4846  4846 D VlcAudioBackend: ğŸ“Š Buffering: 66.66667%
11-03 23:16:08.390  4846  4846 D VlcAudioBackend: ğŸ“Š Buffering: 73.333336%
11-03 23:16:08.390  4846  4846 D VlcAudioBackend: ğŸ“Š Buffering: 80.0%
11-03 23:16:08.390  4846  4846 D VlcAudioBackend: ğŸ“Š Buffering: 86.666664%
11-03 23:16:08.390  4846  4846 D VlcAudioBackend: ğŸ“Š Buffering: 93.333336%
11-03 23:16:08.390  4846  4846 D VlcAudioBackend: ğŸ“Š Buffering: 100.0%
11-03 23:16:08.390  4846  4846 D VlcAudioBackend: ğŸ“Š Buffering: 100.0%
11-03 23:16:08.982  4846  4846 D VlcAudioBackend: ğŸ“Š Buffering: 0.0%
11-03 23:16:08.982  4846  4846 D VlcAudioBackend: ğŸ“Š Buffering: 0.0%
11-03 23:16:08.983  4846  4846 D VlcAudioBackend: ğŸ“Š Buffering: 6.666667%
11-03 23:16:08.983  4846  4846 D VlcAudioBackend: ğŸ“Š Buffering: 13.333334%
11-03 23:16:08.983  4846  4846 D VlcAudioBackend: ğŸ“Š Buffering: 20.0%
11-03 23:16:09.003  4846  4846 D VlcAudioBackend: ğŸ“Š Buffering: 26.666668%
11-03 23:16:09.003  4846  4846 D VlcAudioBackend: ğŸ“Š Buffering: 33.333336%
11-03 23:16:09.003  4846  4846 D VlcAudioBackend: ğŸ“Š Buffering: 40.0%
11-03 23:16:09.003  4846  4846 D VlcAudioBackend: ğŸ“Š Buffering: 46.666668%
11-03 23:16:09.003  4846  4846 D VlcAudioBackend: ğŸ“Š Buffering: 53.333336%
11-03 23:16:09.003  4846  4846 D VlcAudioBackend: ğŸ“Š Buffering: 60.000004%
11-03 23:16:09.004  4846  4846 D VlcAudioBackend: ğŸ“Š Buffering: 66.66667%
11-03 23:16:09.004  4846  4846 D VlcAudioBackend: ğŸ“Š Buffering: 73.333336%
11-03 23:16:09.004  4846  4846 D VlcAudioBackend: ğŸ“Š Buffering: 80.0%
11-03 23:16:09.004  4846  4846 D VlcAudioBackend: ğŸ“Š Buffering: 86.666664%
11-03 23:16:09.004  4846  4846 D VlcAudioBackend: ğŸ“Š Buffering: 93.333336%
11-03 23:16:09.004  4846  4846 D VlcAudioBackend: ğŸ“Š Buffering: 100.0%
11-03 23:16:09.004  4846  4846 D VlcAudioBackend: ğŸ“Š Buffering: 100.0%
11-03 23:16:09.679  4846  4846 D VlcAudioBackend: ğŸ“Š Buffering: 0.0%
11-03 23:16:09.680  4846  4846 D VlcAudioBackend: ğŸ“Š Buffering: 0.0%
11-03 23:16:09.680  4846  4846 D VlcAudioBackend: ğŸ“Š Buffering: 6.666667%
11-03 23:16:09.680  4846  4846 D VlcAudioBackend: ğŸ“Š Buffering: 13.333334%
11-03 23:16:09.680  4846  4846 D VlcAudioBackend: ğŸ“Š Buffering: 20.0%
11-03 23:16:09.681  4846  4846 D VlcAudioBackend: ğŸ“Š Buffering: 26.666668%
11-03 23:16:09.681  4846  4846 D VlcAudioBackend: ğŸ“Š Buffering: 33.333336%
11-03 23:16:09.681  4846  4846 D VlcAudioBackend: ğŸ“Š Buffering: 40.0%
11-03 23:16:09.681  4846  4846 D VlcAudioBackend: ğŸ“Š Buffering: 46.666668%
11-03 23:16:09.681  4846  4846 D VlcAudioBackend: ğŸ“Š Buffering: 53.333336%
11-03 23:16:09.681  4846  4846 D VlcAudioBackend: ğŸ“Š Buffering: 60.000004%
11-03 23:16:09.681  4846  4846 D VlcAudioBackend: ğŸ“Š Buffering: 66.66667%
11-03 23:16:09.681  4846  4846 D VlcAudioBackend: ğŸ“Š Buffering: 73.333336%
11-03 23:16:09.681  4846  4846 D VlcAudioBackend: ğŸ“Š Buffering: 80.0%
11-03 23:16:09.681  4846  4846 D VlcAudioBackend: ğŸ“Š Buffering: 86.666664%
11-03 23:16:09.682  4846  4846 D VlcAudioBackend: ğŸ“Š Buffering: 93.333336%
11-03 23:16:09.682  4846  4846 D VlcAudioBackend: ğŸ“Š Buffering: 100.0%
11-03 23:16:09.682  4846  4846 D VlcAudioBackend: ğŸ“Š Buffering: 100.0%
11-03 23:16:10.693  4846  4846 D AudioManager: ğŸ“Š Copied 1.0MB...
11-03 23:16:10.698  4846  4846 D AudioManager: ğŸ“Š Copied 2.0MB...
11-03 23:16:10.702  4846  4846 D AudioManager: ğŸ“Š Copied 3.0MB...
11-03 23:16:10.706  4846  4846 D AudioManager: ğŸ“Š Copied 4.0MB...
11-03 23:16:10.709  4846  4846 D AudioManager: ğŸ“Š Copied 5.0MB...
11-03 23:16:10.712  4846  4846 D AudioManager: ğŸ“Š Copied 6.0MB...
11-03 23:16:10.714  4846  4846 D AudioManager: ğŸ“Š Copied 7.0MB...
11-03 23:16:10.716  4846  4846 D AudioManager: ğŸ“Š Copied 8.0MB...
11-03 23:16:10.718  4846  4846 D AudioManager: ğŸ“Š Copied 9.0MB...
11-03 23:16:10.720  4846  4846 D AudioManager: ğŸ“Š Copied 10.0MB...
11-03 23:16:10.722  4846  4846 D AudioManager: ğŸ“Š Copied 11.0MB...
11-03 23:16:10.724  4846  4846 D AudioManager: ğŸ“Š Copied 12.0MB...
11-03 23:16:10.725  4846  4846 D AudioManager: ğŸ“Š Copied 13.0MB...
11-03 23:16:10.727  4846  4846 D AudioManager: ğŸ“Š Copied 14.0MB...
11-03 23:16:10.729  4846  4846 D AudioManager: ğŸ“Š Copied 15.0MB...
11-03 23:16:10.731  4846  4846 D AudioManager: ğŸ“Š Copied 16.0MB...
11-03 23:16:10.732  4846  4846 D AudioManager: ğŸ“Š Copied 17.0MB...
11-03 23:16:10.734  4846  4846 D AudioManager: ğŸ“Š Copied 18.0MB...
11-03 23:16:10.736  4846  4846 D AudioManager: ğŸ“Š Copied 19.0MB...
11-03 23:16:10.738  4846  4846 D AudioManager: ğŸ“Š Copied 20.0MB...
11-03 23:16:10.739  4846  4846 D AudioManager: ğŸ“Š Copied 21.0MB...
11-03 23:16:10.741  4846  4846 D AudioManager: ğŸ“Š Copied 22.0MB...
11-03 23:16:10.743  4846  4846 D AudioManager: ğŸ“Š Copied 23.0MB...
11-03 23:16:10.745  4846  4846 D AudioManager: ğŸ“Š Copied 24.0MB...
11-03 23:16:10.747  4846  4846 D AudioManager: ğŸ“Š Copied 25.0MB...
11-03 23:16:10.749  4846  4846 D AudioManager: ğŸ“Š Copied 26.0MB...
11-03 23:16:10.751  4846  4846 D AudioManager: ğŸ“Š Copied 27.0MB...
11-03 23:16:10.753  4846  4846 D AudioManager: ğŸ“Š Copied 28.0MB...
11-03 23:16:10.755  4846  4846 D AudioManager: ğŸ“Š Copied 29.0MB...
11-03 23:16:10.757  4846  4846 D AudioManager: ğŸ“Š Copied 30.0MB...
11-03 23:16:10.759  4846  4846 D AudioManager: ğŸ“Š Copied 31.0MB...
11-03 23:16:10.761  4846  4846 D AudioManager: ğŸ“Š Copied 32.0MB...
11-03 23:16:10.763  4846  4846 D AudioManager: ğŸ“Š Copied 33.0MB...
11-03 23:16:10.765  4846  4846 D AudioManager: ğŸ“Š Copied 34.0MB...
11-03 23:16:10.768  4846  4846 D AudioManager: ğŸ“Š Copied 35.0MB...
11-03 23:16:10.774  4846  4846 D AudioManager: ğŸ“Š Copied 36.0MB...
11-03 23:16:10.776  4846  4846 D AudioManager: ğŸ“Š Copied 37.0MB...
11-03 23:16:10.779  4846  4846 D AudioManager: ğŸ“Š Copied 38.0MB...
11-03 23:16:10.781  4846  4846 D AudioManager: ğŸ“Š Copied 39.0MB...
11-03 23:16:10.783  4846  4846 D AudioManager: ğŸ“Š Copied 40.0MB...
11-03 23:16:10.785  4846  4846 D AudioManager: ğŸ“Š Copied 41.0MB...
11-03 23:16:10.787  4846  4846 D AudioManager: ğŸ“Š Copied 42.0MB...
11-03 23:16:10.789  4846  4846 D AudioManager: ğŸ“Š Copied 43.0MB...
11-03 23:16:10.791  4846  4846 D AudioManager: ğŸ“Š Copied 44.0MB...
11-03 23:16:10.793  4846  4846 D AudioManager: ğŸ“Š Copied 45.0MB...
11-03 23:16:10.794  4846  4846 D AudioManager: ğŸ“Š Copied 46.0MB...
11-03 23:16:10.796  4846  4846 D AudioManager: ğŸ“Š Copied 47.0MB...
11-03 23:16:10.798  4846  4846 D AudioManager: ğŸ“Š Copied 48.0MB...
11-03 23:16:10.799  4846  4846 D AudioManager: ğŸ“Š Copied 49.0MB...
11-03 23:16:10.801  4846  4846 D AudioManager: ğŸ“Š Copied 50.0MB...
11-03 23:16:10.803  4846  4846 D AudioManager: ğŸ“Š Copied 51.0MB...
11-03 23:16:10.804  4846  4846 D AudioManager: ğŸ“Š Copied 52.0MB...
11-03 23:16:10.806  4846  4846 D AudioManager: ğŸ“Š Copied 53.0MB...
11-03 23:16:10.807  4846  4846 D AudioManager: ğŸ“Š Copied 54.0MB...
11-03 23:16:10.809  4846  4846 D AudioManager: ğŸ“Š Copied 55.0MB...
11-03 23:16:10.811  4846  4846 D AudioManager: ğŸ“Š Copied 56.0MB...
11-03 23:16:10.812  4846  4846 D AudioManager: ğŸ“Š Copied 57.0MB...
11-03 23:16:11.400  4846  4846 D PerformanceProfiler: ğŸ“Š AudioManager.playFile[Andrea Lane - You Can't Stop (Extended Mix) [Wh0 Plays].aiff] took 930ms
11-03 23:16:11.446  4846  4846 D VlcAudioBackend: ğŸ“Š Buffering: 0.0%
11-03 23:16:11.447  4846  4846 D WaveformGenerator: LaunchedEffect triggered for file: Andrea Lane - You Can't Stop (Extended Mix) [Wh0 Plays].aiff
11-03 23:16:11.529  4846  4846 D WaveformGenerator: Starting waveform generation for: Andrea Lane - You Can't Stop (Extended Mix) [Wh0 Plays].aiff
11-03 23:16:11.529  4846  4846 D WaveformGenerator: File size: 57.5MB
11-03 23:16:11.531  4846  4906 D WaveformGenerator: Generating waveform for: Andrea Lane - You Can't Stop (Extended Mix) [Wh0 Plays].aiff
11-03 23:16:11.531  4846  4906 D WaveformGenerator: Requesting 256 samples for any duration
11-03 23:16:11.543  4846  4846 D WaveformGenerator: ğŸ“º SharedWaveformDisplay - Received waveform: 256 samples
11-03 23:16:11.544  4846  4846 D WaveformGenerator: ğŸ“º SharedWaveformDisplay - Min: 30, Max: 85, Avg: 72
11-03 23:16:11.544  4846  4846 D WaveformGenerator: ğŸ“º SharedWaveformDisplay - First 10: 85, 74, 62, 74, 75, 65, 75, 76, 67, 76
11-03 23:16:11.544  4846  4846 D VlcAudioBackend: ğŸ“Š Buffering: 0.0%
11-03 23:16:11.544  4846  4846 D VlcAudioBackend: ğŸ“Š Buffering: 6.666667%
11-03 23:16:11.544  4846  4846 D VlcAudioBackend: ğŸ“Š Buffering: 13.333334%
11-03 23:16:11.545  4846  4846 D VlcAudioBackend: ğŸ“Š Buffering: 20.0%
11-03 23:16:11.545  4846  4846 D VlcAudioBackend: ğŸ“Š Buffering: 26.666668%
11-03 23:16:11.558  4846  4846 D VlcAudioBackend: ğŸ“Š Buffering: 33.333336%
11-03 23:16:11.558  4846  4846 D VlcAudioBackend: ğŸ“Š Buffering: 40.0%
11-03 23:16:11.558  4846  4846 D VlcAudioBackend: ğŸ“Š Buffering: 46.666668%
11-03 23:16:11.559  4846  4846 D VlcAudioBackend: ğŸ“Š Buffering: 53.333336%
11-03 23:16:11.559  4846  4846 D VlcAudioBackend: ğŸ“Š Buffering: 60.000004%
11-03 23:16:11.559  4846  4846 D VlcAudioBackend: ğŸ“Š Buffering: 66.66667%
11-03 23:16:11.559  4846  4846 D VlcAudioBackend: ğŸ“Š Buffering: 73.333336%
11-03 23:16:11.559  4846  4846 D VlcAudioBackend: ğŸ“Š Buffering: 80.0%
11-03 23:16:11.559  4846  4846 D VlcAudioBackend: ğŸ“Š Buffering: 86.666664%
11-03 23:16:11.559  4846  4846 D VlcAudioBackend: ğŸ“Š Buffering: 93.333336%
11-03 23:16:11.559  4846  4846 D VlcAudioBackend: ğŸ“Š Buffering: 100.0%
11-03 23:16:11.559  4846  4846 D VlcAudioBackend: ğŸ“Š Buffering: 100.0%
11-03 23:16:11.854  4846  4906 D WaveformGenerator: âœ… Waveform generated: 256 samples
11-03 23:16:11.854  4846  4906 D WaveformGenerator: ğŸ“Š UI State - Min: 30, Max: 85, Avg: 73
11-03 23:16:11.854  4846  4906 D WaveformGenerator: ğŸ“Š UI State - First 10: 85, 83, 83, 83, 83, 72, 60, 73, 85, 70
11-03 23:16:11.855  4846  4846 D WaveformGenerator: ğŸ“Š UI State UPDATED - waveformData is now NOT NULL (256 samples)
11-03 23:16:11.886  4846  4846 D WaveformGenerator: ğŸ“º SharedWaveformDisplay - Received waveform: 256 samples
11-03 23:16:11.886  4846  4846 D WaveformGenerator: ğŸ“º SharedWaveformDisplay - Min: 30, Max: 85, Avg: 73
11-03 23:16:11.886  4846  4846 D WaveformGenerator: ğŸ“º SharedWaveformDisplay - First 10: 85, 83, 83, 83, 83, 72, 60, 73, 85, 70
11-03 23:16:11.910  4846  4846 D VlcAudioBackend: ğŸ“Š Buffering: 0.0%
11-03 23:16:11.910  4846  4846 D VlcAudioBackend: ğŸ“Š Buffering: 0.0%
11-03 23:16:11.910  4846  4846 D VlcAudioBackend: ğŸ“Š Buffering: 6.666667%
11-03 23:16:11.910  4846  4846 D VlcAudioBackend: ğŸ“Š Buffering: 13.333334%
11-03 23:16:11.913  4846  4846 D VlcAudioBackend: ğŸ“Š Buffering: 20.0%
11-03 23:16:11.913  4846  4846 D VlcAudioBackend: ğŸ“Š Buffering: 26.666668%
11-03 23:16:11.913  4846  4846 D VlcAudioBackend: ğŸ“Š Buffering: 33.333336%
11-03 23:16:11.913  4846  4846 D VlcAudioBackend: ğŸ“Š Buffering: 40.0%
11-03 23:16:11.913  4846  4846 D VlcAudioBackend: ğŸ“Š Buffering: 46.666668%
11-03 23:16:11.914  4846  4846 D VlcAudioBackend: ğŸ“Š Buffering: 53.333336%
11-03 23:16:11.914  4846  4846 D VlcAudioBackend: ğŸ“Š Buffering: 60.000004%
11-03 23:16:11.914  4846  4846 D VlcAudioBackend: ğŸ“Š Buffering: 66.66667%
11-03 23:16:11.914  4846  4846 D VlcAudioBackend: ğŸ“Š Buffering: 73.333336%
11-03 23:16:11.914  4846  4846 D VlcAudioBackend: ğŸ“Š Buffering: 80.0%
11-03 23:16:11.914  4846  4846 D VlcAudioBackend: ğŸ“Š Buffering: 86.666664%
11-03 23:16:11.914  4846  4846 D VlcAudioBackend: ğŸ“Š Buffering: 93.333336%
11-03 23:16:11.914  4846  4846 D VlcAudioBackend: ğŸ“Š Buffering: 100.0%
11-03 23:16:11.914  4846  4846 D VlcAudioBackend: ğŸ“Š Buffering: 100.0%
11-03 23:16:12.551  4846  4846 D VlcAudioBackend: ğŸ“Š Buffering: 0.0%
11-03 23:16:12.551  4846  4846 D VlcAudioBackend: ğŸ“Š Buffering: 0.0%
11-03 23:16:12.571  4846  4846 D VlcAudioBackend: ğŸ“Š Buffering: 6.666667%
11-03 23:16:12.571  4846  4846 D VlcAudioBackend: ğŸ“Š Buffering: 13.333334%
11-03 23:16:12.572  4846  4846 D VlcAudioBackend: ğŸ“Š Buffering: 20.0%
11-03 23:16:12.572  4846  4846 D VlcAudioBackend: ğŸ“Š Buffering: 26.666668%
11-03 23:16:12.572  4846  4846 D VlcAudioBackend: ğŸ“Š Buffering: 33.333336%
11-03 23:16:12.572  4846  4846 D VlcAudioBackend: ğŸ“Š Buffering: 40.0%
11-03 23:16:12.572  4846  4846 D VlcAudioBackend: ğŸ“Š Buffering: 46.666668%
11-03 23:16:12.576  4846  4846 D VlcAudioBackend: ğŸ“Š Buffering: 53.333336%
11-03 23:16:12.576  4846  4846 D VlcAudioBackend: ğŸ“Š Buffering: 60.000004%
11-03 23:16:12.577  4846  4846 D VlcAudioBackend: ğŸ“Š Buffering: 66.66667%
11-03 23:16:12.578  4846  4846 D VlcAudioBackend: ğŸ“Š Buffering: 73.333336%
11-03 23:16:12.578  4846  4846 D VlcAudioBackend: ğŸ“Š Buffering: 80.0%
11-03 23:16:12.578  4846  4846 D VlcAudioBackend: ğŸ“Š Buffering: 86.666664%
11-03 23:16:12.579  4846  4846 D VlcAudioBackend: ğŸ“Š Buffering: 93.333336%
11-03 23:16:12.579  4846  4846 D VlcAudioBackend: ğŸ“Š Buffering: 100.0%
11-03 23:16:12.579  4846  4846 D VlcAudioBackend: ğŸ“Š Buffering: 100.0%
11-03 23:16:13.178  4846  4846 D VlcAudioBackend: ğŸ“Š Buffering: 0.0%
11-03 23:16:13.178  4846  4846 D VlcAudioBackend: ğŸ“Š Buffering: 0.0%
11-03 23:16:13.178  4846  4846 D VlcAudioBackend: ğŸ“Š Buffering: 6.666667%
11-03 23:16:13.179  4846  4846 D VlcAudioBackend: ğŸ“Š Buffering: 13.333334%
11-03 23:16:13.179  4846  4846 D VlcAudioBackend: ğŸ“Š Buffering: 20.0%
11-03 23:16:13.179  4846  4846 D VlcAudioBackend: ğŸ“Š Buffering: 26.666668%
11-03 23:16:13.179  4846  4846 D VlcAudioBackend: ğŸ“Š Buffering: 33.333336%
11-03 23:16:13.180  4846  4846 D VlcAudioBackend: ğŸ“Š Buffering: 40.0%
11-03 23:16:13.180  4846  4846 D VlcAudioBackend: ğŸ“Š Buffering: 46.666668%
11-03 23:16:13.180  4846  4846 D VlcAudioBackend: ğŸ“Š Buffering: 53.333336%
11-03 23:16:13.181  4846  4846 D VlcAudioBackend: ğŸ“Š Buffering: 60.000004%
11-03 23:16:13.181  4846  4846 D VlcAudioBackend: ğŸ“Š Buffering: 66.66667%
11-03 23:16:13.182  4846  4846 D VlcAudioBackend: ğŸ“Š Buffering: 73.333336%
11-03 23:16:13.202  4846  4846 D VlcAudioBackend: ğŸ“Š Buffering: 80.0%
11-03 23:16:13.203  4846  4846 D VlcAudioBackend: ğŸ“Š Buffering: 86.666664%
11-03 23:16:13.203  4846  4846 D VlcAudioBackend: ğŸ“Š Buffering: 93.333336%
11-03 23:16:13.203  4846  4846 D VlcAudioBackend: ğŸ“Š Buffering: 100.0%
11-03 23:16:13.203  4846  4846 D VlcAudioBackend: ğŸ“Š Buffering: 100.0%
11-03 23:16:13.671  4846  4846 D VlcAudioBackend: ğŸ“Š Buffering: 0.0%
11-03 23:16:13.671  4846  4846 D VlcAudioBackend: ğŸ“Š Buffering: 0.0%
11-03 23:16:13.671  4846  4846 D VlcAudioBackend: ğŸ“Š Buffering: 6.666667%
11-03 23:16:13.671  4846  4846 D VlcAudioBackend: ğŸ“Š Buffering: 13.333334%
11-03 23:16:13.671  4846  4846 D VlcAudioBackend: ğŸ“Š Buffering: 20.0%
11-03 23:16:13.672  4846  4846 D VlcAudioBackend: ğŸ“Š Buffering: 26.666668%
11-03 23:16:13.672  4846  4846 D VlcAudioBackend: ğŸ“Š Buffering: 33.333336%
11-03 23:16:13.672  4846  4846 D VlcAudioBackend: ğŸ“Š Buffering: 40.0%
11-03 23:16:13.672  4846  4846 D VlcAudioBackend: ğŸ“Š Buffering: 46.666668%
11-03 23:16:13.673  4846  4846 D VlcAudioBackend: ğŸ“Š Buffering: 53.333336%
11-03 23:16:13.673  4846  4846 D VlcAudioBackend: ğŸ“Š Buffering: 60.000004%
11-03 23:16:13.673  4846  4846 D VlcAudioBackend: ğŸ“Š Buffering: 66.66667%
11-03 23:16:13.673  4846  4846 D VlcAudioBackend: ğŸ“Š Buffering: 73.333336%
11-03 23:16:13.673  4846  4846 D VlcAudioBackend: ğŸ“Š Buffering: 80.0%
11-03 23:16:13.674  4846  4846 D VlcAudioBackend: ğŸ“Š Buffering: 86.666664%
11-03 23:16:13.674  4846  4846 D VlcAudioBackend: ğŸ“Š Buffering: 93.333336%
11-03 23:16:13.674  4846  4846 D VlcAudioBackend: ğŸ“Š Buffering: 100.0%
11-03 23:16:13.674  4846  4846 D VlcAudioBackend: ğŸ“Š Buffering: 100.0%
11-03 23:16:15.858  4846  4846 D AudioManager: ğŸ“Š Copied 1.0MB...
11-03 23:16:15.861  4846  4846 D AudioManager: ğŸ“Š Copied 2.0MB...
11-03 23:16:15.863  4846  4846 D AudioManager: ğŸ“Š Copied 3.0MB...
11-03 23:16:15.867  4846  4846 D AudioManager: ğŸ“Š Copied 4.0MB...
11-03 23:16:15.869  4846  4846 D AudioManager: ğŸ“Š Copied 5.0MB...
11-03 23:16:15.871  4846  4846 D AudioManager: ğŸ“Š Copied 6.0MB...
11-03 23:16:15.872  4846  4846 D AudioManager: ğŸ“Š Copied 7.0MB...
11-03 23:16:15.875  4846  4846 D AudioManager: ğŸ“Š Copied 8.0MB...
11-03 23:16:15.876  4846  4846 D AudioManager: ğŸ“Š Copied 9.0MB...
11-03 23:16:15.878  4846  4846 D AudioManager: ğŸ“Š Copied 10.0MB...
11-03 23:16:15.880  4846  4846 D AudioManager: ğŸ“Š Copied 11.0MB...
11-03 23:16:15.882  4846  4846 D AudioManager: ğŸ“Š Copied 12.0MB...
11-03 23:16:15.884  4846  4846 D AudioManager: ğŸ“Š Copied 13.0MB...
11-03 23:16:15.886  4846  4846 D AudioManager: ğŸ“Š Copied 14.0MB...
11-03 23:16:15.888  4846  4846 D AudioManager: ğŸ“Š Copied 15.0MB...
11-03 23:16:15.890  4846  4846 D AudioManager: ğŸ“Š Copied 16.0MB...
11-03 23:16:15.891  4846  4846 D AudioManager: ğŸ“Š Copied 17.0MB...
11-03 23:16:15.893  4846  4846 D AudioManager: ğŸ“Š Copied 18.0MB...
11-03 23:16:15.895  4846  4846 D AudioManager: ğŸ“Š Copied 19.0MB...
11-03 23:16:15.898  4846  4846 D AudioManager: ğŸ“Š Copied 20.0MB...
11-03 23:16:15.900  4846  4846 D AudioManager: ğŸ“Š Copied 21.0MB...
11-03 23:16:15.902  4846  4846 D AudioManager: ğŸ“Š Copied 22.0MB...
11-03 23:16:15.904  4846  4846 D AudioManager: ğŸ“Š Copied 23.0MB...
11-03 23:16:15.906  4846  4846 D AudioManager: ğŸ“Š Copied 24.0MB...
11-03 23:16:15.908  4846  4846 D AudioManager: ğŸ“Š Copied 25.0MB...
11-03 23:16:15.910  4846  4846 D AudioManager: ğŸ“Š Copied 26.0MB...
11-03 23:16:15.912  4846  4846 D AudioManager: ğŸ“Š Copied 27.0MB...
11-03 23:16:15.914  4846  4846 D AudioManager: ğŸ“Š Copied 28.0MB...
11-03 23:16:15.916  4846  4846 D AudioManager: ğŸ“Š Copied 29.0MB...
11-03 23:16:15.918  4846  4846 D AudioManager: ğŸ“Š Copied 30.0MB...
11-03 23:16:15.920  4846  4846 D AudioManager: ğŸ“Š Copied 31.0MB...
11-03 23:16:15.922  4846  4846 D AudioManager: ğŸ“Š Copied 32.0MB...
11-03 23:16:15.924  4846  4846 D AudioManager: ğŸ“Š Copied 33.0MB...
11-03 23:16:15.926  4846  4846 D AudioManager: ğŸ“Š Copied 34.0MB...
11-03 23:16:15.928  4846  4846 D AudioManager: ğŸ“Š Copied 35.0MB...
11-03 23:16:15.930  4846  4846 D AudioManager: ğŸ“Š Copied 36.0MB...
11-03 23:16:15.932  4846  4846 D AudioManager: ğŸ“Š Copied 37.0MB...
11-03 23:16:15.933  4846  4846 D AudioManager: ğŸ“Š Copied 38.0MB...
11-03 23:16:15.935  4846  4846 D AudioManager: ğŸ“Š Copied 39.0MB...
11-03 23:16:15.938  4846  4846 D AudioManager: ğŸ“Š Copied 40.0MB...
11-03 23:16:15.940  4846  4846 D AudioManager: ğŸ“Š Copied 41.0MB...
11-03 23:16:15.942  4846  4846 D AudioManager: ğŸ“Š Copied 42.0MB...
11-03 23:16:15.944  4846  4846 D AudioManager: ğŸ“Š Copied 43.0MB...
11-03 23:16:15.946  4846  4846 D AudioManager: ğŸ“Š Copied 44.0MB...
11-03 23:16:15.948  4846  4846 D AudioManager: ğŸ“Š Copied 45.0MB...
11-03 23:16:15.950  4846  4846 D AudioManager: ğŸ“Š Copied 46.0MB...
11-03 23:16:15.952  4846  4846 D AudioManager: ğŸ“Š Copied 47.0MB...
11-03 23:16:15.953  4846  4846 D AudioManager: ğŸ“Š Copied 48.0MB...
11-03 23:16:15.955  4846  4846 D AudioManager: ğŸ“Š Copied 49.0MB...
11-03 23:16:15.957  4846  4846 D AudioManager: ğŸ“Š Copied 50.0MB...
11-03 23:16:15.959  4846  4846 D AudioManager: ğŸ“Š Copied 51.0MB...
11-03 23:16:15.961  4846  4846 D AudioManager: ğŸ“Š Copied 52.0MB...
11-03 23:16:15.964  4846  4846 D AudioManager: ğŸ“Š Copied 53.0MB...
11-03 23:16:15.966  4846  4846 D AudioManager: ğŸ“Š Copied 54.0MB...
11-03 23:16:15.968  4846  4846 D AudioManager: ğŸ“Š Copied 55.0MB...
11-03 23:16:16.420  4846  4846 D PerformanceProfiler: ğŸ“Š AudioManager.playFile[TWOFACED & Nikita W. - I Need You [Extended].aiff] took 777ms
11-03 23:16:16.507  4846  4846 D VlcAudioBackend: ğŸ“Š Buffering: 0.0%
11-03 23:16:16.508  4846  4846 D VlcAudioBackend: ğŸ“Š Buffering: 0.0%
11-03 23:16:16.508  4846  4846 D VlcAudioBackend: ğŸ“Š Buffering: 6.666667%
11-03 23:16:16.508  4846  4846 D VlcAudioBackend: ğŸ“Š Buffering: 13.333334%
11-03 23:16:16.508  4846  4846 D VlcAudioBackend: ğŸ“Š Buffering: 20.0%
11-03 23:16:16.508  4846  4846 D VlcAudioBackend: ğŸ“Š Buffering: 26.666668%
11-03 23:16:16.508  4846  4846 D VlcAudioBackend: ğŸ“Š Buffering: 33.333336%
11-03 23:16:16.508  4846  4846 D VlcAudioBackend: ğŸ“Š Buffering: 40.0%
11-03 23:16:16.508  4846  4846 D VlcAudioBackend: ğŸ“Š Buffering: 46.666668%
11-03 23:16:16.508  4846  4846 D VlcAudioBackend: ğŸ“Š Buffering: 53.333336%
11-03 23:16:16.508  4846  4846 D VlcAudioBackend: ğŸ“Š Buffering: 60.000004%
11-03 23:16:16.509  4846  4846 D VlcAudioBackend: ğŸ“Š Buffering: 66.66667%
11-03 23:16:16.509  4846  4846 D VlcAudioBackend: ğŸ“Š Buffering: 73.333336%
11-03 23:16:16.509  4846  4846 D VlcAudioBackend: ğŸ“Š Buffering: 80.0%
11-03 23:16:16.509  4846  4846 D VlcAudioBackend: ğŸ“Š Buffering: 86.666664%
11-03 23:16:16.509  4846  4846 D VlcAudioBackend: ğŸ“Š Buffering: 93.333336%
11-03 23:16:16.509  4846  4846 D VlcAudioBackend: ğŸ“Š Buffering: 100.0%
11-03 23:16:16.509  4846  4846 D VlcAudioBackend: ğŸ“Š Buffering: 100.0%
11-03 23:16:16.509  4846  4846 D WaveformGenerator: LaunchedEffect triggered for file: TWOFACED & Nikita W. - I Need You [Extended].aiff
11-03 23:16:16.600  4846  4846 D WaveformGenerator: Starting waveform generation for: TWOFACED & Nikita W. - I Need You [Extended].aiff
11-03 23:16:16.600  4846  4846 D WaveformGenerator: File size: 55.6MB
11-03 23:16:16.601  4846  4906 D WaveformGenerator: Generating waveform for: TWOFACED & Nikita W. - I Need You [Extended].aiff
11-03 23:16:16.602  4846  4906 D WaveformGenerator: Requesting 256 samples for any duration
11-03 23:16:16.616  4846  4846 D WaveformGenerator: ğŸ“º SharedWaveformDisplay - Received waveform: 256 samples
11-03 23:16:16.617  4846  4846 D WaveformGenerator: ğŸ“º SharedWaveformDisplay - Min: 30, Max: 85, Avg: 73
11-03 23:16:16.617  4846  4846 D WaveformGenerator: ğŸ“º SharedWaveformDisplay - First 10: 85, 83, 83, 83, 83, 72, 60, 73, 85, 70
11-03 23:16:16.752  4846  4906 D WaveformGenerator: âœ… Waveform generated: 256 samples
11-03 23:16:16.753  4846  4906 D WaveformGenerator: ğŸ“Š UI State - Min: 30, Max: 85, Avg: 77
11-03 23:16:16.753  4846  4906 D WaveformGenerator: ğŸ“Š UI State - First 10: 85, 85, 85, 83, 80, 80, 80, 73, 69, 78
11-03 23:16:16.753  4846  4846 D WaveformGenerator: ğŸ“Š UI State UPDATED - waveformData is now NOT NULL (256 samples)
11-03 23:16:16.777  4846  4846 D WaveformGenerator: ğŸ“º SharedWaveformDisplay - Received waveform: 256 samples
11-03 23:16:16.777  4846  4846 D WaveformGenerator: ğŸ“º SharedWaveformDisplay - Min: 30, Max: 85, Avg: 77
11-03 23:16:16.778  4846  4846 D WaveformGenerator: ğŸ“º SharedWaveformDisplay - First 10: 85, 85, 85, 83, 80, 80, 80, 73, 69, 78
11-03 23:16:17.378  4846  4846 D VlcAudioBackend: ğŸ“Š Buffering: 0.0%
11-03 23:16:17.378  4846  4846 D VlcAudioBackend: ğŸ“Š Buffering: 0.0%
11-03 23:16:17.378  4846  4846 D VlcAudioBackend: ğŸ“Š Buffering: 6.666667%
11-03 23:16:17.379  4846  4846 D VlcAudioBackend: ğŸ“Š Buffering: 13.333334%
11-03 23:16:17.379  4846  4846 D VlcAudioBackend: ğŸ“Š Buffering: 20.0%
11-03 23:16:17.379  4846  4846 D VlcAudioBackend: ğŸ“Š Buffering: 26.666668%
11-03 23:16:17.380  4846  4846 D VlcAudioBackend: ğŸ“Š Buffering: 33.333336%
11-03 23:16:17.387  4846  4846 D VlcAudioBackend: ğŸ“Š Buffering: 40.0%
11-03 23:16:17.387  4846  4846 D VlcAudioBackend: ğŸ“Š Buffering: 46.666668%
11-03 23:16:17.405  4846  4846 D VlcAudioBackend: ğŸ“Š Buffering: 53.333336%
11-03 23:16:17.406  4846  4846 D VlcAudioBackend: ğŸ“Š Buffering: 60.000004%
11-03 23:16:17.408  4846  4846 D VlcAudioBackend: ğŸ“Š Buffering: 66.66667%
11-03 23:16:17.409  4846  4846 D VlcAudioBackend: ğŸ“Š Buffering: 73.333336%
11-03 23:16:17.409  4846  4846 D VlcAudioBackend: ğŸ“Š Buffering: 80.0%
11-03 23:16:17.409  4846  4846 D VlcAudioBackend: ğŸ“Š Buffering: 86.666664%
11-03 23:16:17.409  4846  4846 D VlcAudioBackend: ğŸ“Š Buffering: 93.333336%
11-03 23:16:17.409  4846  4846 D VlcAudioBackend: ğŸ“Š Buffering: 100.0%
11-03 23:16:17.409  4846  4846 D VlcAudioBackend: ğŸ“Š Buffering: 100.0%
11-03 23:16:17.944  4846  4846 D VlcAudioBackend: ğŸ“Š Buffering: 0.0%
11-03 23:16:17.945  4846  4846 D VlcAudioBackend: ğŸ“Š Buffering: 0.0%
11-03 23:16:17.948  4846  4846 D VlcAudioBackend: ğŸ“Š Buffering: 6.666667%
11-03 23:16:17.948  4846  4846 D VlcAudioBackend: ğŸ“Š Buffering: 13.333334%
11-03 23:16:17.968  4846  4846 D VlcAudioBackend: ğŸ“Š Buffering: 20.0%
11-03 23:16:17.968  4846  4846 D VlcAudioBackend: ğŸ“Š Buffering: 26.666668%
11-03 23:16:17.968  4846  4846 D VlcAudioBackend: ğŸ“Š Buffering: 33.333336%
11-03 23:16:17.968  4846  4846 D VlcAudioBackend: ğŸ“Š Buffering: 40.0%
11-03 23:16:17.968  4846  4846 D VlcAudioBackend: ğŸ“Š Buffering: 46.666668%
11-03 23:16:17.974  4846  4846 D VlcAudioBackend: ğŸ“Š Buffering: 53.333336%
11-03 23:16:17.975  4846  4846 D VlcAudioBackend: ğŸ“Š Buffering: 60.000004%
11-03 23:16:17.975  4846  4846 D VlcAudioBackend: ğŸ“Š Buffering: 66.66667%
11-03 23:16:17.975  4846  4846 D VlcAudioBackend: ğŸ“Š Buffering: 73.333336%
11-03 23:16:17.975  4846  4846 D VlcAudioBackend: ğŸ“Š Buffering: 80.0%
11-03 23:16:17.975  4846  4846 D VlcAudioBackend: ğŸ“Š Buffering: 86.666664%
11-03 23:16:17.975  4846  4846 D VlcAudioBackend: ğŸ“Š Buffering: 93.333336%
11-03 23:16:17.976  4846  4846 D VlcAudioBackend: ğŸ“Š Buffering: 100.0%
11-03 23:16:17.976  4846  4846 D VlcAudioBackend: ğŸ“Š Buffering: 100.0%
11-03 23:16:19.482  4846  4846 D AudioManager: ğŸ“Š Copied 1.0MB...
11-03 23:16:19.486  4846  4846 D AudioManager: ğŸ“Š Copied 2.0MB...
11-03 23:16:19.489  4846  4846 D AudioManager: ğŸ“Š Copied 3.0MB...
11-03 23:16:19.492  4846  4846 D AudioManager: ğŸ“Š Copied 4.0MB...
11-03 23:16:19.495  4846  4846 D AudioManager: ğŸ“Š Copied 5.0MB...
11-03 23:16:19.497  4846  4846 D AudioManager: ğŸ“Š Copied 6.0MB...
11-03 23:16:19.499  4846  4846 D AudioManager: ğŸ“Š Copied 7.0MB...
11-03 23:16:19.502  4846  4846 D AudioManager: ğŸ“Š Copied 8.0MB...
11-03 23:16:19.504  4846  4846 D AudioManager: ğŸ“Š Copied 9.0MB...
11-03 23:16:19.506  4846  4846 D AudioManager: ğŸ“Š Copied 10.0MB...
11-03 23:16:19.507  4846  4846 D AudioManager: ğŸ“Š Copied 11.0MB...
11-03 23:16:19.510  4846  4846 D AudioManager: ğŸ“Š Copied 12.0MB...
11-03 23:16:19.511  4846  4846 D AudioManager: ğŸ“Š Copied 13.0MB...
11-03 23:16:19.513  4846  4846 D AudioManager: ğŸ“Š Copied 14.0MB...
11-03 23:16:19.515  4846  4846 D AudioManager: ğŸ“Š Copied 15.0MB...
11-03 23:16:19.517  4846  4846 D AudioManager: ğŸ“Š Copied 16.0MB...
11-03 23:16:19.519  4846  4846 D AudioManager: ğŸ“Š Copied 17.0MB...
11-03 23:16:19.520  4846  4846 D AudioManager: ğŸ“Š Copied 18.0MB...
11-03 23:16:19.522  4846  4846 D AudioManager: ğŸ“Š Copied 19.0MB...
11-03 23:16:19.524  4846  4846 D AudioManager: ğŸ“Š Copied 20.0MB...
11-03 23:16:19.525  4846  4846 D AudioManager: ğŸ“Š Copied 21.0MB...
11-03 23:16:19.527  4846  4846 D AudioManager: ğŸ“Š Copied 22.0MB...
11-03 23:16:19.529  4846  4846 D AudioManager: ğŸ“Š Copied 23.0MB...
11-03 23:16:19.531  4846  4846 D AudioManager: ğŸ“Š Copied 24.0MB...
11-03 23:16:19.533  4846  4846 D AudioManager: ğŸ“Š Copied 25.0MB...
11-03 23:16:19.535  4846  4846 D AudioManager: ğŸ“Š Copied 26.0MB...
11-03 23:16:19.536  4846  4846 D AudioManager: ğŸ“Š Copied 27.0MB...
11-03 23:16:19.538  4846  4846 D AudioManager: ğŸ“Š Copied 28.0MB...
11-03 23:16:19.540  4846  4846 D AudioManager: ğŸ“Š Copied 29.0MB...
11-03 23:16:19.542  4846  4846 D AudioManager: ğŸ“Š Copied 30.0MB...
11-03 23:16:19.544  4846  4846 D AudioManager: ğŸ“Š Copied 31.0MB...
11-03 23:16:19.546  4846  4846 D AudioManager: ğŸ“Š Copied 32.0MB...
11-03 23:16:19.547  4846  4846 D AudioManager: ğŸ“Š Copied 33.0MB...
11-03 23:16:19.549  4846  4846 D AudioManager: ğŸ“Š Copied 34.0MB...
11-03 23:16:19.551  4846  4846 D AudioManager: ğŸ“Š Copied 35.0MB...
11-03 23:16:19.553  4846  4846 D AudioManager: ğŸ“Š Copied 36.0MB...
11-03 23:16:19.554  4846  4846 D AudioManager: ğŸ“Š Copied 37.0MB...
11-03 23:16:19.556  4846  4846 D AudioManager: ğŸ“Š Copied 38.0MB...
11-03 23:16:19.558  4846  4846 D AudioManager: ğŸ“Š Copied 39.0MB...
11-03 23:16:19.560  4846  4846 D AudioManager: ğŸ“Š Copied 40.0MB...
11-03 23:16:19.562  4846  4846 D AudioManager: ğŸ“Š Copied 41.0MB...
11-03 23:16:19.564  4846  4846 D AudioManager: ğŸ“Š Copied 42.0MB...
11-03 23:16:19.566  4846  4846 D AudioManager: ğŸ“Š Copied 43.0MB...
11-03 23:16:19.567  4846  4846 D AudioManager: ğŸ“Š Copied 44.0MB...
11-03 23:16:19.569  4846  4846 D AudioManager: ğŸ“Š Copied 45.0MB...
11-03 23:16:19.572  4846  4846 D AudioManager: ğŸ“Š Copied 46.0MB...
11-03 23:16:19.574  4846  4846 D AudioManager: ğŸ“Š Copied 47.0MB...
11-03 23:16:19.575  4846  4846 D AudioManager: ğŸ“Š Copied 48.0MB...
11-03 23:16:19.577  4846  4846 D AudioManager: ğŸ“Š Copied 49.0MB...
11-03 23:16:19.579  4846  4846 D AudioManager: ğŸ“Š Copied 50.0MB...
11-03 23:16:19.581  4846  4846 D AudioManager: ğŸ“Š Copied 51.0MB...
11-03 23:16:19.583  4846  4846 D AudioManager: ğŸ“Š Copied 52.0MB...
11-03 23:16:19.584  4846  4846 D AudioManager: ğŸ“Š Copied 53.0MB...
11-03 23:16:19.586  4846  4846 D AudioManager: ğŸ“Š Copied 54.0MB...
11-03 23:16:19.588  4846  4846 D AudioManager: ğŸ“Š Copied 55.0MB...
11-03 23:16:19.590  4846  4846 D AudioManager: ğŸ“Š Copied 56.0MB...
11-03 23:16:19.591  4846  4846 D AudioManager: ğŸ“Š Copied 57.0MB...
11-03 23:16:19.958  4846  4846 D PerformanceProfiler: ğŸ“Š AudioManager.playFile[Culoe De Song - Dubdogs (Fiona Kraft Remix) [Madorasindahouse Records].aiff] took 721ms
11-03 23:16:20.009  4846  4846 D VlcAudioBackend: ğŸ“Š Buffering: 0.0%
11-03 23:16:20.010  4846  4846 D WaveformGenerator: LaunchedEffect triggered for file: Culoe De Song - Dubdogs (Fiona Kraft Remix) [Madorasindahouse Records].aiff
11-03 23:16:20.091  4846  4846 D WaveformGenerator: Starting waveform generation for: Culoe De Song - Dubdogs (Fiona Kraft Remix) [Madorasindahouse Records].aiff
11-03 23:16:20.092  4846  4846 D WaveformGenerator: File size: 57.9MB
11-03 23:16:20.093  4846  4905 D WaveformGenerator: Generating waveform for: Culoe De Song - Dubdogs (Fiona Kraft Remix) [Madorasindahouse Records].aiff
11-03 23:16:20.093  4846  4905 D WaveformGenerator: Requesting 256 samples for any duration
11-03 23:16:20.106  4846  4846 D WaveformGenerator: ğŸ“º SharedWaveformDisplay - Received waveform: 256 samples
11-03 23:16:20.106  4846  4846 D WaveformGenerator: ğŸ“º SharedWaveformDisplay - Min: 30, Max: 85, Avg: 77
11-03 23:16:20.106  4846  4846 D WaveformGenerator: ğŸ“º SharedWaveformDisplay - First 10: 85, 85, 85, 83, 80, 80, 80, 73, 69, 78
11-03 23:16:20.106  4846  4846 D VlcAudioBackend: ğŸ“Š Buffering: 0.0%
11-03 23:16:20.106  4846  4846 D VlcAudioBackend: ğŸ“Š Buffering: 6.666667%
11-03 23:16:20.107  4846  4846 D VlcAudioBackend: ğŸ“Š Buffering: 13.333334%
11-03 23:16:20.107  4846  4846 D VlcAudioBackend: ğŸ“Š Buffering: 20.0%
11-03 23:16:20.107  4846  4846 D VlcAudioBackend: ğŸ“Š Buffering: 26.666668%
11-03 23:16:20.107  4846  4846 D VlcAudioBackend: ğŸ“Š Buffering: 33.333336%
11-03 23:16:20.107  4846  4846 D VlcAudioBackend: ğŸ“Š Buffering: 40.0%
11-03 23:16:20.107  4846  4846 D VlcAudioBackend: ğŸ“Š Buffering: 46.666668%
11-03 23:16:20.107  4846  4846 D VlcAudioBackend: ğŸ“Š Buffering: 53.333336%
11-03 23:16:20.107  4846  4846 D VlcAudioBackend: ğŸ“Š Buffering: 60.000004%
11-03 23:16:20.107  4846  4846 D VlcAudioBackend: ğŸ“Š Buffering: 66.66667%
11-03 23:16:20.107  4846  4846 D VlcAudioBackend: ğŸ“Š Buffering: 73.333336%
11-03 23:16:20.107  4846  4846 D VlcAudioBackend: ğŸ“Š Buffering: 80.0%
11-03 23:16:20.107  4846  4846 D VlcAudioBackend: ğŸ“Š Buffering: 86.666664%
11-03 23:16:20.107  4846  4846 D VlcAudioBackend: ğŸ“Š Buffering: 93.333336%
11-03 23:16:20.107  4846  4846 D VlcAudioBackend: ğŸ“Š Buffering: 100.0%
11-03 23:16:20.108  4846  4846 D VlcAudioBackend: ğŸ“Š Buffering: 100.0%
11-03 23:16:20.272  4846  4905 D WaveformGenerator: âœ… Waveform generated: 256 samples
11-03 23:16:20.272  4846  4905 D WaveformGenerator: ğŸ“Š UI State - Min: 30, Max: 85, Avg: 72
11-03 23:16:20.272  4846  4905 D WaveformGenerator: ğŸ“Š UI State - First 10: 73, 58, 53, 59, 62, 47, 33, 42, 54, 57
11-03 23:16:20.273  4846  4846 D WaveformGenerator: ğŸ“Š UI State UPDATED - waveformData is now NOT NULL (256 samples)
11-03 23:16:20.295  4846  4846 D WaveformGenerator: ğŸ“º SharedWaveformDisplay - Received waveform: 256 samples
11-03 23:16:20.295  4846  4846 D WaveformGenerator: ğŸ“º SharedWaveformDisplay - Min: 30, Max: 85, Avg: 72
11-03 23:16:20.295  4846  4846 D WaveformGenerator: ğŸ“º SharedWaveformDisplay - First 10: 73, 58, 53, 59, 62, 47, 33, 42, 54, 57
11-03 23:16:20.726  4846  4846 D VlcAudioBackend: ğŸ“Š Buffering: 0.0%
11-03 23:16:20.726  4846  4846 D VlcAudioBackend: ğŸ“Š Buffering: 0.0%
11-03 23:16:20.731  4846  4846 D VlcAudioBackend: ğŸ“Š Buffering: 6.666667%
11-03 23:16:20.731  4846  4846 D VlcAudioBackend: ğŸ“Š Buffering: 13.333334%
11-03 23:16:20.732  4846  4846 D VlcAudioBackend: ğŸ“Š Buffering: 20.0%
11-03 23:16:20.732  4846  4846 D VlcAudioBackend: ğŸ“Š Buffering: 26.666668%
11-03 23:16:20.732  4846  4846 D VlcAudioBackend: ğŸ“Š Buffering: 33.333336%
11-03 23:16:20.732  4846  4846 D VlcAudioBackend: ğŸ“Š Buffering: 40.0%
11-03 23:16:20.732  4846  4846 D VlcAudioBackend: ğŸ“Š Buffering: 46.666668%
11-03 23:16:20.732  4846  4846 D VlcAudioBackend: ğŸ“Š Buffering: 53.333336%
11-03 23:16:20.733  4846  4846 D VlcAudioBackend: ğŸ“Š Buffering: 60.000004%
11-03 23:16:20.733  4846  4846 D VlcAudioBackend: ğŸ“Š Buffering: 66.66667%
11-03 23:16:20.733  4846  4846 D VlcAudioBackend: ğŸ“Š Buffering: 73.333336%
11-03 23:16:20.733  4846  4846 D VlcAudioBackend: ğŸ“Š Buffering: 80.0%
11-03 23:16:20.733  4846  4846 D VlcAudioBackend: ğŸ“Š Buffering: 86.666664%
11-03 23:16:20.733  4846  4846 D VlcAudioBackend: ğŸ“Š Buffering: 93.333336%
11-03 23:16:20.734  4846  4846 D VlcAudioBackend: ğŸ“Š Buffering: 100.0%
11-03 23:16:20.734  4846  4846 D VlcAudioBackend: ğŸ“Š Buffering: 100.0%
11-03 23:16:21.227  4846  4846 D VlcAudioBackend: ğŸ“Š Buffering: 0.0%
11-03 23:16:21.227  4846  4846 D VlcAudioBackend: ğŸ“Š Buffering: 0.0%
11-03 23:16:21.228  4846  4846 D VlcAudioBackend: ğŸ“Š Buffering: 6.666667%
11-03 23:16:21.229  4846  4846 D VlcAudioBackend: ğŸ“Š Buffering: 13.333334%
11-03 23:16:21.247  4846  4846 D VlcAudioBackend: ğŸ“Š Buffering: 20.0%
11-03 23:16:21.247  4846  4846 D VlcAudioBackend: ğŸ“Š Buffering: 26.666668%
11-03 23:16:21.247  4846  4846 D VlcAudioBackend: ğŸ“Š Buffering: 33.333336%
11-03 23:16:21.247  4846  4846 D VlcAudioBackend: ğŸ“Š Buffering: 40.0%
11-03 23:16:21.247  4846  4846 D VlcAudioBackend: ğŸ“Š Buffering: 46.666668%
11-03 23:16:21.247  4846  4846 D VlcAudioBackend: ğŸ“Š Buffering: 53.333336%
11-03 23:16:21.248  4846  4846 D VlcAudioBackend: ğŸ“Š Buffering: 60.000004%
11-03 23:16:21.248  4846  4846 D VlcAudioBackend: ğŸ“Š Buffering: 66.66667%
11-03 23:16:21.248  4846  4846 D VlcAudioBackend: ğŸ“Š Buffering: 73.333336%
11-03 23:16:21.248  4846  4846 D VlcAudioBackend: ğŸ“Š Buffering: 80.0%
11-03 23:16:21.248  4846  4846 D VlcAudioBackend: ğŸ“Š Buffering: 86.666664%
11-03 23:16:21.248  4846  4846 D VlcAudioBackend: ğŸ“Š Buffering: 93.333336%
11-03 23:16:21.248  4846  4846 D VlcAudioBackend: ğŸ“Š Buffering: 100.0%
11-03 23:16:21.248  4846  4846 D VlcAudioBackend: ğŸ“Š Buffering: 100.0%
11-03 23:16:25.248 15635 15703 I ForwardSyncCache: reclaimMemory: Clearing caches
11-03 23:16:55.630  4846  4846 D LowMemoryHandler: âš ï¸ TRIM MEMORY REQUEST: UI_HIDDEN (level=20)
11-03 23:16:55.633  4846  4846 D MemoryMonitor: ğŸ“Š Memory: 38MB used / 256MB max (15%) - 217MB free
11-03 23:16:55.955  4846  4846 D App     : âš ï¸ Memory trim requested: level=20
11-03 23:17:01.380 15635 15706 I ForwardSyncCache: reclaimMemory: Clearing caches
11-03 23:18:12.650 15635 15706 I ForwardSyncCache: reclaimMemory: Clearing caches
11-03 23:18:21.338  4846  4846 D LowMemoryHandler: âš ï¸ TRIM MEMORY REQUEST: UI_HIDDEN (level=20)
11-03 23:18:21.340  4846  4846 D MemoryMonitor: ğŸ“Š Memory: 12MB used / 256MB max (4%) - 243MB free
11-03 23:18:21.554  4846  4846 D App     : âš ï¸ Memory trim requested: level=20
11-03 23:18:38.676 15635 15706 I ForwardSyncCache: reclaimMemory: Clearing caches
11-03 23:19:21.317  4846  4846 D LowMemoryHandler: âš ï¸ TRIM MEMORY REQUEST: BACKGROUND (level=40)
11-03 23:19:21.324  4846  4846 D MemoryMonitor: ğŸ“Š Memory: 11MB used / 256MB max (4%) - 244MB free
11-03 23:19:21.643  4846  4846 D App     : âš ï¸ Memory trim requested: level=40
11-03 23:20:40.356 15635 15704 I ForwardSyncCache: reclaimMemory: Clearing caches
11-03 23:21:42.589  4846  4846 D PerformanceProfiler: ğŸ“Š === PERFORMANCE STATISTICS ===
11-03 23:21:42.596  4846  4846 D PerformanceProfiler:   WaveformGen: 33x, avg=465ms, min=134ms, max=1720ms, total=15358ms
11-03 23:21:42.596  4846  4846 D PerformanceProfiler:   AudioManager.generateSpectrogram: 1x, avg=4955ms, min=4955ms, max=4955ms, total=4955ms
11-03 23:21:42.660  4846  4846 D LowMemoryHandler: âš ï¸ TRIM MEMORY REQUEST: BACKGROUND (level=40)
11-03 23:21:42.660  4846  4846 D MemoryMonitor: ğŸ“Š Memory: 10MB used / 256MB max (4%) - 245MB free
11-03 23:21:42.711  4846  4846 D App     : âš ï¸ Memory trim requested: level=40
11-03 23:21:42.711  4846  4846 D LowMemoryHandler: âš ï¸ TRIM MEMORY REQUEST: BACKGROUND (level=40)
11-03 23:21:42.711  4846  4846 D MemoryMonitor: ğŸ“Š Memory: 10MB used / 256MB max (4%) - 245MB free
11-03 23:21:42.740  4846  4846 D App     : âš ï¸ Memory trim requested: level=40
11-03 23:21:42.740  4846  4846 D LowMemoryHandler: âš ï¸ TRIM MEMORY REQUEST: BACKGROUND (level=40)
11-03 23:21:42.740  4846  4846 D MemoryMonitor: ğŸ“Š Memory: 10MB used / 256MB max (4%) - 245MB free
11-03 23:21:42.767  4846  4846 D App     : âš ï¸ Memory trim requested: level=40
11-03 23:21:44.963  4846  4846 D AudioManager: ğŸ“Š Copied 1.0MB...
11-03 23:21:44.968  4846  4846 D AudioManager: ğŸ“Š Copied 2.0MB...
11-03 23:21:44.971  4846  4846 D AudioManager: ğŸ“Š Copied 3.0MB...
11-03 23:21:44.974  4846  4846 D AudioManager: ğŸ“Š Copied 4.0MB...
11-03 23:21:44.978  4846  4846 D AudioManager: ğŸ“Š Copied 5.0MB...
11-03 23:21:44.980  4846  4846 D AudioManager: ğŸ“Š Copied 6.0MB...
11-03 23:21:44.983  4846  4846 D AudioManager: ğŸ“Š Copied 7.0MB...
11-03 23:21:44.986  4846  4846 D AudioManager: ğŸ“Š Copied 8.0MB...
11-03 23:21:44.988  4846  4846 D AudioManager: ğŸ“Š Copied 9.0MB...
11-03 23:21:44.990  4846  4846 D AudioManager: ğŸ“Š Copied 10.0MB...
11-03 23:21:44.992  4846  4846 D AudioManager: ğŸ“Š Copied 11.0MB...
11-03 23:21:44.994  4846  4846 D AudioManager: ğŸ“Š Copied 12.0MB...
11-03 23:21:44.996  4846  4846 D AudioManager: ğŸ“Š Copied 13.0MB...
11-03 23:21:44.998  4846  4846 D AudioManager: ğŸ“Š Copied 14.0MB...
11-03 23:21:45.000  4846  4846 D AudioManager: ğŸ“Š Copied 15.0MB...
11-03 23:21:45.002  4846  4846 D AudioManager: ğŸ“Š Copied 16.0MB...
11-03 23:21:45.003  4846  4846 D AudioManager: ğŸ“Š Copied 17.0MB...
11-03 23:21:45.005  4846  4846 D AudioManager: ğŸ“Š Copied 18.0MB...
11-03 23:21:45.006  4846  4846 D AudioManager: ğŸ“Š Copied 19.0MB...
