11-03 22:42:32.369  4846  4846 D VlcAudioBackend: ğŸ“Š Buffering: 43.333332%
11-03 22:42:32.369  4846  4846 D VlcAudioBackend: ğŸ“Š Buffering: 46.666668%
11-03 22:42:32.369  4846  4846 D VlcAudioBackend: ğŸ“Š Buffering: 50.0%
11-03 22:42:32.370  4846  4846 D VlcAudioBackend: ğŸ“Š Buffering: 53.333336%
11-03 22:42:32.370  4846  4846 D VlcAudioBackend: ğŸ“Š Buffering: 56.666668%
11-03 22:42:32.370  4846  4846 D VlcAudioBackend: ğŸ“Š Buffering: 60.000004%
11-03 22:42:32.370  4846  4846 D VlcAudioBackend: ğŸ“Š Buffering: 63.333332%
11-03 22:42:32.370  4846  4846 D VlcAudioBackend: ğŸ“Š Buffering: 66.66667%
11-03 22:42:32.370  4846  4846 D VlcAudioBackend: ğŸ“Š Buffering: 70.0%
11-03 22:42:32.370  4846  4846 D VlcAudioBackend: ğŸ“Š Buffering: 73.333336%
11-03 22:42:32.370  4846  4846 D VlcAudioBackend: ğŸ“Š Buffering: 76.666664%
11-03 22:42:32.370  4846  4846 D VlcAudioBackend: ğŸ“Š Buffering: 80.0%
11-03 22:42:32.370  4846  4846 D VlcAudioBackend: ğŸ“Š Buffering: 83.33333%
11-03 22:42:32.370  4846  4846 D VlcAudioBackend: ğŸ“Š Buffering: 86.666664%
11-03 22:42:32.370  4846  4846 D VlcAudioBackend: ğŸ“Š Buffering: 90.0%
11-03 22:42:32.370  4846  4846 D VlcAudioBackend: ğŸ“Š Buffering: 93.333336%
11-03 22:42:32.370  4846  4846 D VlcAudioBackend: ğŸ“Š Buffering: 96.666664%
11-03 22:42:32.371  4846  4846 D VlcAudioBackend: ğŸ“Š Buffering: 100.0%
11-03 22:42:32.371  4846  4846 D VlcAudioBackend: ğŸ“Š Buffering: 100.0%
11-03 22:42:32.371  4846  4846 D WaveformGenerator: LaunchedEffect triggered for file: 01. Sielo - Run It (Extended Mix).wav
11-03 22:42:32.453  4846  4846 D WaveformGenerator: Starting waveform generation for: 01. Sielo - Run It (Extended Mix).wav
11-03 22:42:32.453  4846  4846 D WaveformGenerator: File size: 48.4MB
11-03 22:42:32.454  4846  4905 D WaveformGenerator: Generating waveform for: 01. Sielo - Run It (Extended Mix).wav
11-03 22:42:32.454  4846  4905 D WaveformGenerator: Requesting 256 samples for any duration
11-03 22:42:32.469  4846  4846 D WaveformGenerator: ğŸ“º SharedWaveformDisplay - Received waveform: 256 samples
11-03 22:42:32.469  4846  4846 D WaveformGenerator: ğŸ“º SharedWaveformDisplay - Min: 30, Max: 85, Avg: 81
11-03 22:42:32.469  4846  4846 D WaveformGenerator: ğŸ“º SharedWaveformDisplay - First 10: 82, 81, 82, 84, 84, 84, 84, 84, 82, 80
11-03 22:42:33.029  4846  4904 D WaveformGenerator: âœ… Waveform generated: 256 samples
11-03 22:42:33.030  4846  4904 D WaveformGenerator: ğŸ“Š UI State - Min: 30, Max: 85, Avg: 79
11-03 22:42:33.030  4846  4904 D WaveformGenerator: ğŸ“Š UI State - First 10: 85, 85, 85, 82, 80, 82, 85, 85, 85, 85
11-03 22:42:33.031  4846  4846 D WaveformGenerator: ğŸ“Š UI State UPDATED - waveformData is now NOT NULL (256 samples)
11-03 22:42:33.070  4846  4846 D WaveformGenerator: ğŸ“º SharedWaveformDisplay - Received waveform: 256 samples
11-03 22:42:33.070  4846  4846 D WaveformGenerator: ğŸ“º SharedWaveformDisplay - Min: 30, Max: 85, Avg: 79
11-03 22:42:33.070  4846  4846 D WaveformGenerator: ğŸ“º SharedWaveformDisplay - First 10: 85, 85, 85, 82, 80, 82, 85, 85, 85, 85
11-03 22:42:35.772 15635 15703 I ForwardSyncCache: reclaimMemory: Clearing caches
11-03 22:43:40.086 15635 15703 I ForwardSyncCache: reclaimMemory: Clearing caches
11-03 22:44:32.149  4846  4846 D LowMemoryHandler: âš ï¸ TRIM MEMORY REQUEST: UI_HIDDEN (level=20)
11-03 22:44:32.153  4846  4846 D MemoryMonitor: ğŸ“Š Memory: 26MB used / 256MB max (10%) - 229MB free
11-03 22:44:32.370  4846  4846 D App     : âš ï¸ Memory trim requested: level=20
11-03 22:45:11.667  4846  4846 D PerformanceProfiler: ğŸ“Š === PERFORMANCE STATISTICS ===
11-03 22:45:11.674  4846  4846 D PerformanceProfiler:   WaveformGen: 17x, avg=331ms, min=134ms, max=670ms, total=5638ms
11-03 22:45:11.676  4846  4846 D PerformanceProfiler:   AudioManager.generateSpectrogram: 1x, avg=4955ms, min=4955ms, max=4955ms, total=4955ms
11-03 22:46:08.724 15635 15703 I ForwardSyncCache: reclaimMemory: Clearing caches
11-03 22:46:08.726 15635 15691 I ForwardSyncCache: reclaimMemory: Clearing caches
11-03 22:46:17.259  4846  4846 D AudioManager: ğŸ“Š Copied 1.0MB...
11-03 22:46:17.265  4846  4846 D AudioManager: ğŸ“Š Copied 2.0MB...
11-03 22:46:17.270  4846  4846 D AudioManager: ğŸ“Š Copied 3.0MB...
11-03 22:46:17.274  4846  4846 D AudioManager: ğŸ“Š Copied 4.0MB...
11-03 22:46:17.277  4846  4846 D AudioManager: ğŸ“Š Copied 5.0MB...
11-03 22:46:17.281  4846  4846 D AudioManager: ğŸ“Š Copied 6.0MB...
11-03 22:46:17.286  4846  4846 D AudioManager: ğŸ“Š Copied 7.0MB...
11-03 22:46:17.291  4846  4846 D AudioManager: ğŸ“Š Copied 8.0MB...
11-03 22:46:17.293  4846  4846 D AudioManager: ğŸ“Š Copied 9.0MB...
11-03 22:46:17.298  4846  4846 D AudioManager: ğŸ“Š Copied 10.0MB...
11-03 22:46:17.303  4846  4846 D AudioManager: ğŸ“Š Copied 11.0MB...
11-03 22:46:17.310  4846  4846 D AudioManager: ğŸ“Š Copied 12.0MB...
11-03 22:46:17.317  4846  4846 D AudioManager: ğŸ“Š Copied 13.0MB...
11-03 22:46:17.320  4846  4846 D AudioManager: ğŸ“Š Copied 14.0MB...
11-03 22:46:17.322  4846  4846 D AudioManager: ğŸ“Š Copied 15.0MB...
11-03 22:46:17.328  4846  4846 D AudioManager: ğŸ“Š Copied 16.0MB...
11-03 22:46:17.332  4846  4846 D AudioManager: ğŸ“Š Copied 17.0MB...
11-03 22:46:17.339  4846  4846 D AudioManager: ğŸ“Š Copied 18.0MB...
11-03 22:46:17.344  4846  4846 D AudioManager: ğŸ“Š Copied 19.0MB...
11-03 22:46:17.352  4846  4846 D AudioManager: ğŸ“Š Copied 20.0MB...
11-03 22:46:17.355  4846  4846 D AudioManager: ğŸ“Š Copied 21.0MB...
11-03 22:46:17.358  4846  4846 D AudioManager: ğŸ“Š Copied 22.0MB...
11-03 22:46:17.360  4846  4846 D AudioManager: ğŸ“Š Copied 23.0MB...
11-03 22:46:17.362  4846  4846 D AudioManager: ğŸ“Š Copied 24.0MB...
11-03 22:46:17.364  4846  4846 D AudioManager: ğŸ“Š Copied 25.0MB...
11-03 22:46:17.366  4846  4846 D AudioManager: ğŸ“Š Copied 26.0MB...
11-03 22:46:17.368  4846  4846 D AudioManager: ğŸ“Š Copied 27.0MB...
11-03 22:46:17.370  4846  4846 D AudioManager: ğŸ“Š Copied 28.0MB...
11-03 22:46:17.372  4846  4846 D AudioManager: ğŸ“Š Copied 29.0MB...
11-03 22:46:17.374  4846  4846 D AudioManager: ğŸ“Š Copied 30.0MB...
11-03 22:46:17.376  4846  4846 D AudioManager: ğŸ“Š Copied 31.0MB...
11-03 22:46:17.378  4846  4846 D AudioManager: ğŸ“Š Copied 32.0MB...
11-03 22:46:17.380  4846  4846 D AudioManager: ğŸ“Š Copied 33.0MB...
11-03 22:46:17.381  4846  4846 D AudioManager: ğŸ“Š Copied 34.0MB...
11-03 22:46:17.383  4846  4846 D AudioManager: ğŸ“Š Copied 35.0MB...
11-03 22:46:17.385  4846  4846 D AudioManager: ğŸ“Š Copied 36.0MB...
11-03 22:46:17.387  4846  4846 D AudioManager: ğŸ“Š Copied 37.0MB...
11-03 22:46:17.389  4846  4846 D AudioManager: ğŸ“Š Copied 38.0MB...
11-03 22:46:17.391  4846  4846 D AudioManager: ğŸ“Š Copied 39.0MB...
11-03 22:46:17.393  4846  4846 D AudioManager: ğŸ“Š Copied 40.0MB...
11-03 22:46:17.395  4846  4846 D AudioManager: ğŸ“Š Copied 41.0MB...
11-03 22:46:17.397  4846  4846 D AudioManager: ğŸ“Š Copied 42.0MB...
11-03 22:46:17.399  4846  4846 D AudioManager: ğŸ“Š Copied 43.0MB...
11-03 22:46:17.402  4846  4846 D AudioManager: ğŸ“Š Copied 44.0MB...
11-03 22:46:17.404  4846  4846 D AudioManager: ğŸ“Š Copied 45.0MB...
11-03 22:46:17.406  4846  4846 D AudioManager: ğŸ“Š Copied 46.0MB...
11-03 22:46:17.408  4846  4846 D AudioManager: ğŸ“Š Copied 47.0MB...
11-03 22:46:17.410  4846  4846 D AudioManager: ğŸ“Š Copied 48.0MB...
11-03 22:46:17.412  4846  4846 D AudioManager: ğŸ“Š Copied 49.0MB...
11-03 22:46:17.414  4846  4846 D AudioManager: ğŸ“Š Copied 50.0MB...
11-03 22:46:17.417  4846  4846 D AudioManager: ğŸ“Š Copied 51.0MB...
11-03 22:46:17.760  4846  4846 D PerformanceProfiler: ğŸ“Š AudioManager.playFile[01. Cassian, Matt Ryder - A Feeling I Miss (Original Mix).wav] took 773ms
11-03 22:46:17.847  4846  4846 D VlcAudioBackend: ğŸ“Š Buffering: 0.0%
11-03 22:46:17.848  4846  4846 D VlcAudioBackend: ğŸ“Š Buffering: 0.0%
11-03 22:46:17.848  4846  4846 D VlcAudioBackend: ğŸ“Š Buffering: 3.3333335%
11-03 22:46:17.848  4846  4846 D VlcAudioBackend: ğŸ“Š Buffering: 6.666667%
11-03 22:46:17.848  4846  4846 D VlcAudioBackend: ğŸ“Š Buffering: 10.0%
11-03 22:46:17.848  4846  4846 D VlcAudioBackend: ğŸ“Š Buffering: 13.333334%
11-03 22:46:17.848  4846  4846 D VlcAudioBackend: ğŸ“Š Buffering: 16.666668%
11-03 22:46:17.848  4846  4846 D VlcAudioBackend: ğŸ“Š Buffering: 20.0%
11-03 22:46:17.848  4846  4846 D VlcAudioBackend: ğŸ“Š Buffering: 23.333334%
11-03 22:46:17.848  4846  4846 D VlcAudioBackend: ğŸ“Š Buffering: 26.666668%
11-03 22:46:17.848  4846  4846 D VlcAudioBackend: ğŸ“Š Buffering: 30.000002%
11-03 22:46:17.848  4846  4846 D VlcAudioBackend: ğŸ“Š Buffering: 33.333336%
11-03 22:46:17.849  4846  4846 D VlcAudioBackend: ğŸ“Š Buffering: 36.666668%
11-03 22:46:17.849  4846  4846 D VlcAudioBackend: ğŸ“Š Buffering: 40.0%
11-03 22:46:17.849  4846  4846 D VlcAudioBackend: ğŸ“Š Buffering: 43.333332%
11-03 22:46:17.849  4846  4846 D VlcAudioBackend: ğŸ“Š Buffering: 46.666668%
11-03 22:46:17.849  4846  4846 D VlcAudioBackend: ğŸ“Š Buffering: 50.0%
11-03 22:46:17.849  4846  4846 D VlcAudioBackend: ğŸ“Š Buffering: 53.333336%
11-03 22:46:17.849  4846  4846 D VlcAudioBackend: ğŸ“Š Buffering: 56.666668%
11-03 22:46:17.849  4846  4846 D VlcAudioBackend: ğŸ“Š Buffering: 60.000004%
11-03 22:46:17.849  4846  4846 D VlcAudioBackend: ğŸ“Š Buffering: 63.333332%
11-03 22:46:17.849  4846  4846 D VlcAudioBackend: ğŸ“Š Buffering: 66.66667%
11-03 22:46:17.849  4846  4846 D VlcAudioBackend: ğŸ“Š Buffering: 70.0%
11-03 22:46:17.849  4846  4846 D VlcAudioBackend: ğŸ“Š Buffering: 73.333336%
11-03 22:46:17.850  4846  4846 D VlcAudioBackend: ğŸ“Š Buffering: 76.666664%
11-03 22:46:17.850  4846  4846 D VlcAudioBackend: ğŸ“Š Buffering: 80.0%
11-03 22:46:17.850  4846  4846 D VlcAudioBackend: ğŸ“Š Buffering: 83.33333%
11-03 22:46:17.850  4846  4846 D VlcAudioBackend: ğŸ“Š Buffering: 86.666664%
11-03 22:46:17.850  4846  4846 D VlcAudioBackend: ğŸ“Š Buffering: 90.0%
11-03 22:46:17.850  4846  4846 D VlcAudioBackend: ğŸ“Š Buffering: 93.333336%
11-03 22:46:17.850  4846  4846 D VlcAudioBackend: ğŸ“Š Buffering: 96.666664%
11-03 22:46:17.850  4846  4846 D VlcAudioBackend: ğŸ“Š Buffering: 100.0%
11-03 22:46:17.850  4846  4846 D VlcAudioBackend: ğŸ“Š Buffering: 100.0%
11-03 22:46:17.850  4846  4846 D WaveformGenerator: LaunchedEffect triggered for file: 01. Cassian, Matt Ryder - A Feeling I Miss (Original Mix).wav
11-03 22:46:17.928  4846  4846 D WaveformGenerator: Starting waveform generation for: 01. Cassian, Matt Ryder - A Feeling I Miss (Original Mix).wav
11-03 22:46:17.928  4846  4846 D WaveformGenerator: File size: 51.2MB
11-03 22:46:17.929  4846  4904 D WaveformGenerator: Generating waveform for: 01. Cassian, Matt Ryder - A Feeling I Miss (Original Mix).wav
11-03 22:46:17.929  4846  4904 D WaveformGenerator: Requesting 256 samples for any duration
11-03 22:46:17.949  4846  4846 D WaveformGenerator: ğŸ“º SharedWaveformDisplay - Received waveform: 256 samples
11-03 22:46:17.949  4846  4846 D WaveformGenerator: ğŸ“º SharedWaveformDisplay - Min: 30, Max: 85, Avg: 79
11-03 22:46:17.949  4846  4846 D WaveformGenerator: ğŸ“º SharedWaveformDisplay - First 10: 85, 85, 85, 82, 80, 82, 85, 85, 85, 85
11-03 22:46:18.548  4846  4875 D WaveformGenerator: âœ… Waveform generated: 256 samples
11-03 22:46:18.549  4846  4875 D WaveformGenerator: ğŸ“Š UI State - Min: 30, Max: 85, Avg: 80
11-03 22:46:18.549  4846  4875 D WaveformGenerator: ğŸ“Š UI State - First 10: 80, 83, 84, 85, 84, 84, 81, 79, 82, 84
11-03 22:46:18.550  4846  4846 D WaveformGenerator: ğŸ“Š UI State UPDATED - waveformData is now NOT NULL (256 samples)
11-03 22:46:18.576  4846  4846 D WaveformGenerator: ğŸ“º SharedWaveformDisplay - Received waveform: 256 samples
11-03 22:46:18.576  4846  4846 D WaveformGenerator: ğŸ“º SharedWaveformDisplay - Min: 30, Max: 85, Avg: 80
11-03 22:46:18.576  4846  4846 D WaveformGenerator: ğŸ“º SharedWaveformDisplay - First 10: 80, 83, 84, 85, 84, 84, 81, 79, 82, 84
11-03 22:46:34.783 15635 15703 I ForwardSyncCache: reclaimMemory: Clearing caches
11-03 22:46:41.232  4846  4846 D AudioManager: ğŸ“Š Copied 1.0MB...
11-03 22:46:41.237  4846  4846 D AudioManager: ğŸ“Š Copied 2.0MB...
11-03 22:46:41.241  4846  4846 D AudioManager: ğŸ“Š Copied 3.0MB...
11-03 22:46:41.251  4846  4846 D AudioManager: ğŸ“Š Copied 4.0MB...
11-03 22:46:41.256  4846  4846 D AudioManager: ğŸ“Š Copied 5.0MB...
11-03 22:46:41.260  4846  4846 D AudioManager: ğŸ“Š Copied 6.0MB...
11-03 22:46:41.264  4846  4846 D AudioManager: ğŸ“Š Copied 7.0MB...
11-03 22:46:41.268  4846  4846 D AudioManager: ğŸ“Š Copied 8.0MB...
11-03 22:46:41.271  4846  4846 D AudioManager: ğŸ“Š Copied 9.0MB...
11-03 22:46:41.274  4846  4846 D AudioManager: ğŸ“Š Copied 10.0MB...
11-03 22:46:41.277  4846  4846 D AudioManager: ğŸ“Š Copied 11.0MB...
11-03 22:46:41.281  4846  4846 D AudioManager: ğŸ“Š Copied 12.0MB...
11-03 22:46:41.283  4846  4846 D AudioManager: ğŸ“Š Copied 13.0MB...
11-03 22:46:41.287  4846  4846 D AudioManager: ğŸ“Š Copied 14.0MB...
11-03 22:46:41.289  4846  4846 D AudioManager: ğŸ“Š Copied 15.0MB...
11-03 22:46:41.291  4846  4846 D AudioManager: ğŸ“Š Copied 16.0MB...
11-03 22:46:41.293  4846  4846 D AudioManager: ğŸ“Š Copied 17.0MB...
11-03 22:46:41.295  4846  4846 D AudioManager: ğŸ“Š Copied 18.0MB...
11-03 22:46:41.297  4846  4846 D AudioManager: ğŸ“Š Copied 19.0MB...
11-03 22:46:41.298  4846  4846 D AudioManager: ğŸ“Š Copied 20.0MB...
11-03 22:46:41.300  4846  4846 D AudioManager: ğŸ“Š Copied 21.0MB...
11-03 22:46:41.301  4846  4846 D AudioManager: ğŸ“Š Copied 22.0MB...
11-03 22:46:41.303  4846  4846 D AudioManager: ğŸ“Š Copied 23.0MB...
11-03 22:46:41.305  4846  4846 D AudioManager: ğŸ“Š Copied 24.0MB...
11-03 22:46:41.306  4846  4846 D AudioManager: ğŸ“Š Copied 25.0MB...
11-03 22:46:41.308  4846  4846 D AudioManager: ğŸ“Š Copied 26.0MB...
11-03 22:46:41.309  4846  4846 D AudioManager: ğŸ“Š Copied 27.0MB...
11-03 22:46:41.311  4846  4846 D AudioManager: ğŸ“Š Copied 28.0MB...
11-03 22:46:41.313  4846  4846 D AudioManager: ğŸ“Š Copied 29.0MB...
11-03 22:46:41.315  4846  4846 D AudioManager: ğŸ“Š Copied 30.0MB...
11-03 22:46:41.317  4846  4846 D AudioManager: ğŸ“Š Copied 31.0MB...
11-03 22:46:41.319  4846  4846 D AudioManager: ğŸ“Š Copied 32.0MB...
11-03 22:46:41.321  4846  4846 D AudioManager: ğŸ“Š Copied 33.0MB...
11-03 22:46:41.322  4846  4846 D AudioManager: ğŸ“Š Copied 34.0MB...
11-03 22:46:41.324  4846  4846 D AudioManager: ğŸ“Š Copied 35.0MB...
11-03 22:46:41.326  4846  4846 D AudioManager: ğŸ“Š Copied 36.0MB...
11-03 22:46:41.328  4846  4846 D AudioManager: ğŸ“Š Copied 37.0MB...
11-03 22:46:41.330  4846  4846 D AudioManager: ğŸ“Š Copied 38.0MB...
11-03 22:46:41.332  4846  4846 D AudioManager: ğŸ“Š Copied 39.0MB...
11-03 22:46:41.334  4846  4846 D AudioManager: ğŸ“Š Copied 40.0MB...
11-03 22:46:41.336  4846  4846 D AudioManager: ğŸ“Š Copied 41.0MB...
11-03 22:46:41.338  4846  4846 D AudioManager: ğŸ“Š Copied 42.0MB...
11-03 22:46:41.340  4846  4846 D AudioManager: ğŸ“Š Copied 43.0MB...
11-03 22:46:41.343  4846  4846 D AudioManager: ğŸ“Š Copied 44.0MB...
11-03 22:46:41.345  4846  4846 D AudioManager: ğŸ“Š Copied 45.0MB...
11-03 22:46:41.347  4846  4846 D AudioManager: ğŸ“Š Copied 46.0MB...
11-03 22:46:41.349  4846  4846 D AudioManager: ğŸ“Š Copied 47.0MB...
11-03 22:46:41.351  4846  4846 D AudioManager: ğŸ“Š Copied 48.0MB...
11-03 22:46:41.353  4846  4846 D AudioManager: ğŸ“Š Copied 49.0MB...
11-03 22:46:41.355  4846  4846 D AudioManager: ğŸ“Š Copied 50.0MB...
11-03 22:46:41.357  4846  4846 D AudioManager: ğŸ“Š Copied 51.0MB...
11-03 22:46:41.680  4846  4846 D PerformanceProfiler: ğŸ“Š AudioManager.playFile[01. Anna Reusch, Eli Brown - Done Searching (Extended Mix).wav] took 726ms
11-03 22:46:41.772  4846  4846 D VlcAudioBackend: ğŸ“Š Buffering: 0.0%
11-03 22:46:41.774  4846  4846 D VlcAudioBackend: ğŸ“Š Buffering: 0.0%
11-03 22:46:41.774  4846  4846 D VlcAudioBackend: ğŸ“Š Buffering: 3.3333335%
11-03 22:46:41.774  4846  4846 D VlcAudioBackend: ğŸ“Š Buffering: 6.666667%
11-03 22:46:41.774  4846  4846 D VlcAudioBackend: ğŸ“Š Buffering: 10.0%
11-03 22:46:41.774  4846  4846 D VlcAudioBackend: ğŸ“Š Buffering: 13.333334%
11-03 22:46:41.774  4846  4846 D VlcAudioBackend: ğŸ“Š Buffering: 16.666668%
11-03 22:46:41.774  4846  4846 D VlcAudioBackend: ğŸ“Š Buffering: 20.0%
11-03 22:46:41.775  4846  4846 D VlcAudioBackend: ğŸ“Š Buffering: 23.333334%
11-03 22:46:41.775  4846  4846 D VlcAudioBackend: ğŸ“Š Buffering: 26.666668%
11-03 22:46:41.775  4846  4846 D VlcAudioBackend: ğŸ“Š Buffering: 30.000002%
11-03 22:46:41.775  4846  4846 D WaveformGenerator: LaunchedEffect triggered for file: 01. Anna Reusch, Eli Brown - Done Searching (Extended Mix).wav
11-03 22:46:41.860  4846  4846 D WaveformGenerator: Starting waveform generation for: 01. Anna Reusch, Eli Brown - Done Searching (Extended Mix).wav
11-03 22:46:41.861  4846  4846 D WaveformGenerator: File size: 51.4MB
11-03 22:46:41.862  4846  4906 D WaveformGenerator: Generating waveform for: 01. Anna Reusch, Eli Brown - Done Searching (Extended Mix).wav
11-03 22:46:41.862  4846  4906 D WaveformGenerator: Requesting 256 samples for any duration
11-03 22:46:41.874  4846  4846 D WaveformGenerator: ğŸ“º SharedWaveformDisplay - Received waveform: 256 samples
11-03 22:46:41.874  4846  4846 D WaveformGenerator: ğŸ“º SharedWaveformDisplay - Min: 30, Max: 85, Avg: 80
11-03 22:46:41.874  4846  4846 D WaveformGenerator: ğŸ“º SharedWaveformDisplay - First 10: 80, 83, 84, 85, 84, 84, 81, 79, 82, 84
11-03 22:46:41.875  4846  4846 D VlcAudioBackend: ğŸ“Š Buffering: 33.333336%
11-03 22:46:41.889  4846  4846 D VlcAudioBackend: ğŸ“Š Buffering: 36.666668%
11-03 22:46:41.890  4846  4846 D VlcAudioBackend: ğŸ“Š Buffering: 40.0%
11-03 22:46:41.890  4846  4846 D VlcAudioBackend: ğŸ“Š Buffering: 43.333332%
11-03 22:46:41.890  4846  4846 D VlcAudioBackend: ğŸ“Š Buffering: 46.666668%
11-03 22:46:41.890  4846  4846 D VlcAudioBackend: ğŸ“Š Buffering: 50.0%
11-03 22:46:41.890  4846  4846 D VlcAudioBackend: ğŸ“Š Buffering: 53.333336%
11-03 22:46:41.890  4846  4846 D VlcAudioBackend: ğŸ“Š Buffering: 56.666668%
11-03 22:46:41.890  4846  4846 D VlcAudioBackend: ğŸ“Š Buffering: 60.000004%
11-03 22:46:41.890  4846  4846 D VlcAudioBackend: ğŸ“Š Buffering: 63.333332%
11-03 22:46:41.890  4846  4846 D VlcAudioBackend: ğŸ“Š Buffering: 66.66667%
11-03 22:46:41.890  4846  4846 D VlcAudioBackend: ğŸ“Š Buffering: 70.0%
11-03 22:46:41.890  4846  4846 D VlcAudioBackend: ğŸ“Š Buffering: 73.333336%
11-03 22:46:41.890  4846  4846 D VlcAudioBackend: ğŸ“Š Buffering: 76.666664%
11-03 22:46:41.890  4846  4846 D VlcAudioBackend: ğŸ“Š Buffering: 80.0%
11-03 22:46:41.891  4846  4846 D VlcAudioBackend: ğŸ“Š Buffering: 83.33333%
11-03 22:46:41.891  4846  4846 D VlcAudioBackend: ğŸ“Š Buffering: 86.666664%
11-03 22:46:41.891  4846  4846 D VlcAudioBackend: ğŸ“Š Buffering: 90.0%
11-03 22:46:41.891  4846  4846 D VlcAudioBackend: ğŸ“Š Buffering: 93.333336%
11-03 22:46:41.891  4846  4846 D VlcAudioBackend: ğŸ“Š Buffering: 96.666664%
11-03 22:46:41.891  4846  4846 D VlcAudioBackend: ğŸ“Š Buffering: 100.0%
11-03 22:46:41.891  4846  4846 D VlcAudioBackend: ğŸ“Š Buffering: 100.0%
11-03 22:46:42.371  4846  6834 D WaveformGenerator: âœ… Waveform generated: 256 samples
11-03 22:46:42.372  4846  6834 D WaveformGenerator: ğŸ“Š UI State - Min: 30, Max: 85, Avg: 80
11-03 22:46:42.375  4846  6834 D WaveformGenerator: ğŸ“Š UI State - First 10: 85, 85, 83, 81, 83, 84, 83, 84, 84, 72
11-03 22:46:42.376  4846  4846 D WaveformGenerator: ğŸ“Š UI State UPDATED - waveformData is now NOT NULL (256 samples)
11-03 22:46:42.415  4846  4846 D WaveformGenerator: ğŸ“º SharedWaveformDisplay - Received waveform: 256 samples
11-03 22:46:42.415  4846  4846 D WaveformGenerator: ğŸ“º SharedWaveformDisplay - Min: 30, Max: 85, Avg: 80
11-03 22:46:42.415  4846  4846 D WaveformGenerator: ğŸ“º SharedWaveformDisplay - First 10: 85, 85, 83, 81, 83, 84, 83, 84, 84, 72
11-03 22:46:42.632  4846  4846 D VlcAudioBackend: ğŸ“Š Buffering: 0.0%
11-03 22:46:42.641  4846  4846 D VlcAudioBackend: ğŸ“Š Buffering: 0.0%
11-03 22:46:42.641  4846  4846 D VlcAudioBackend: ğŸ“Š Buffering: 3.3333335%
11-03 22:46:42.641  4846  4846 D VlcAudioBackend: ğŸ“Š Buffering: 6.666667%
11-03 22:46:42.642  4846  4846 D VlcAudioBackend: ğŸ“Š Buffering: 10.0%
11-03 22:46:42.642  4846  4846 D VlcAudioBackend: ğŸ“Š Buffering: 13.333334%
11-03 22:46:42.658  4846  4846 D VlcAudioBackend: ğŸ“Š Buffering: 16.666668%
11-03 22:46:42.658  4846  4846 D VlcAudioBackend: ğŸ“Š Buffering: 20.0%
11-03 22:46:42.658  4846  4846 D VlcAudioBackend: ğŸ“Š Buffering: 23.333334%
11-03 22:46:42.658  4846  4846 D VlcAudioBackend: ğŸ“Š Buffering: 26.666668%
11-03 22:46:42.658  4846  4846 D VlcAudioBackend: ğŸ“Š Buffering: 30.000002%
11-03 22:46:42.658  4846  4846 D VlcAudioBackend: ğŸ“Š Buffering: 33.333336%
11-03 22:46:42.659  4846  4846 D VlcAudioBackend: ğŸ“Š Buffering: 36.666668%
11-03 22:46:42.659  4846  4846 D VlcAudioBackend: ğŸ“Š Buffering: 40.0%
11-03 22:46:42.659  4846  4846 D VlcAudioBackend: ğŸ“Š Buffering: 43.333332%
11-03 22:46:42.659  4846  4846 D VlcAudioBackend: ğŸ“Š Buffering: 46.666668%
11-03 22:46:42.659  4846  4846 D VlcAudioBackend: ğŸ“Š Buffering: 50.0%
11-03 22:46:42.659  4846  4846 D VlcAudioBackend: ğŸ“Š Buffering: 53.333336%
11-03 22:46:42.659  4846  4846 D VlcAudioBackend: ğŸ“Š Buffering: 56.666668%
11-03 22:46:42.659  4846  4846 D VlcAudioBackend: ğŸ“Š Buffering: 60.000004%
11-03 22:46:42.659  4846  4846 D VlcAudioBackend: ğŸ“Š Buffering: 63.333332%
11-03 22:46:42.659  4846  4846 D VlcAudioBackend: ğŸ“Š Buffering: 66.66667%
11-03 22:46:42.659  4846  4846 D VlcAudioBackend: ğŸ“Š Buffering: 70.0%
11-03 22:46:42.659  4846  4846 D VlcAudioBackend: ğŸ“Š Buffering: 73.333336%
11-03 22:46:42.659  4846  4846 D VlcAudioBackend: ğŸ“Š Buffering: 76.666664%
11-03 22:46:42.659  4846  4846 D VlcAudioBackend: ğŸ“Š Buffering: 80.0%
11-03 22:46:42.659  4846  4846 D VlcAudioBackend: ğŸ“Š Buffering: 83.33333%
11-03 22:46:42.660  4846  4846 D VlcAudioBackend: ğŸ“Š Buffering: 86.666664%
11-03 22:46:42.660  4846  4846 D VlcAudioBackend: ğŸ“Š Buffering: 90.0%
11-03 22:46:42.660  4846  4846 D VlcAudioBackend: ğŸ“Š Buffering: 93.333336%
11-03 22:46:42.660  4846  4846 D VlcAudioBackend: ğŸ“Š Buffering: 96.666664%
11-03 22:46:42.660  4846  4846 D VlcAudioBackend: ğŸ“Š Buffering: 100.0%
11-03 22:46:42.660  4846  4846 D VlcAudioBackend: ğŸ“Š Buffering: 100.0%
11-03 22:46:45.061  4846  4846 D AudioManager: ğŸ“Š Copied 1.0MB...
11-03 22:46:45.067  4846  4846 D AudioManager: ğŸ“Š Copied 2.0MB...
11-03 22:46:45.072  4846  4846 D AudioManager: ğŸ“Š Copied 3.0MB...
11-03 22:46:45.080  4846  4846 D AudioManager: ğŸ“Š Copied 4.0MB...
11-03 22:46:45.088  4846  4846 D AudioManager: ğŸ“Š Copied 5.0MB...
11-03 22:46:45.093  4846  4846 D AudioManager: ğŸ“Š Copied 6.0MB...
11-03 22:46:45.096  4846  4846 D AudioManager: ğŸ“Š Copied 7.0MB...
11-03 22:46:45.101  4846  4846 D AudioManager: ğŸ“Š Copied 8.0MB...
11-03 22:46:45.105  4846  4846 D AudioManager: ğŸ“Š Copied 9.0MB...
11-03 22:46:45.108  4846  4846 D AudioManager: ğŸ“Š Copied 10.0MB...
11-03 22:46:45.114  4846  4846 D AudioManager: ğŸ“Š Copied 11.0MB...
11-03 22:46:45.118  4846  4846 D AudioManager: ğŸ“Š Copied 12.0MB...
11-03 22:46:45.120  4846  4846 D AudioManager: ğŸ“Š Copied 13.0MB...
11-03 22:46:45.122  4846  4846 D AudioManager: ğŸ“Š Copied 14.0MB...
11-03 22:46:45.125  4846  4846 D AudioManager: ğŸ“Š Copied 15.0MB...
11-03 22:46:45.127  4846  4846 D AudioManager: ğŸ“Š Copied 16.0MB...
11-03 22:46:45.129  4846  4846 D AudioManager: ğŸ“Š Copied 17.0MB...
11-03 22:46:45.131  4846  4846 D AudioManager: ğŸ“Š Copied 18.0MB...
11-03 22:46:45.132  4846  4846 D AudioManager: ğŸ“Š Copied 19.0MB...
11-03 22:46:45.134  4846  4846 D AudioManager: ğŸ“Š Copied 20.0MB...
11-03 22:46:45.136  4846  4846 D AudioManager: ğŸ“Š Copied 21.0MB...
11-03 22:46:45.138  4846  4846 D AudioManager: ğŸ“Š Copied 22.0MB...
11-03 22:46:45.141  4846  4846 D AudioManager: ğŸ“Š Copied 23.0MB...
11-03 22:46:45.144  4846  4846 D AudioManager: ğŸ“Š Copied 24.0MB...
11-03 22:46:45.148  4846  4846 D AudioManager: ğŸ“Š Copied 25.0MB...
11-03 22:46:45.150  4846  4846 D AudioManager: ğŸ“Š Copied 26.0MB...
11-03 22:46:45.152  4846  4846 D AudioManager: ğŸ“Š Copied 27.0MB...
11-03 22:46:45.155  4846  4846 D AudioManager: ğŸ“Š Copied 28.0MB...
11-03 22:46:45.157  4846  4846 D AudioManager: ğŸ“Š Copied 29.0MB...
11-03 22:46:45.160  4846  4846 D AudioManager: ğŸ“Š Copied 30.0MB...
11-03 22:46:45.162  4846  4846 D AudioManager: ğŸ“Š Copied 31.0MB...
11-03 22:46:45.165  4846  4846 D AudioManager: ğŸ“Š Copied 32.0MB...
11-03 22:46:45.166  4846  4846 D AudioManager: ğŸ“Š Copied 33.0MB...
11-03 22:46:45.168  4846  4846 D AudioManager: ğŸ“Š Copied 34.0MB...
11-03 22:46:45.170  4846  4846 D AudioManager: ğŸ“Š Copied 35.0MB...
11-03 22:46:45.172  4846  4846 D AudioManager: ğŸ“Š Copied 36.0MB...
11-03 22:46:45.173  4846  4846 D AudioManager: ğŸ“Š Copied 37.0MB...
11-03 22:46:45.175  4846  4846 D AudioManager: ğŸ“Š Copied 38.0MB...
11-03 22:46:45.177  4846  4846 D AudioManager: ğŸ“Š Copied 39.0MB...
11-03 22:46:45.179  4846  4846 D AudioManager: ğŸ“Š Copied 40.0MB...
11-03 22:46:45.181  4846  4846 D AudioManager: ğŸ“Š Copied 41.0MB...
11-03 22:46:45.182  4846  4846 D AudioManager: ğŸ“Š Copied 42.0MB...
11-03 22:46:45.184  4846  4846 D AudioManager: ğŸ“Š Copied 43.0MB...
11-03 22:46:45.186  4846  4846 D AudioManager: ğŸ“Š Copied 44.0MB...
11-03 22:46:45.188  4846  4846 D AudioManager: ğŸ“Š Copied 45.0MB...
11-03 22:46:45.190  4846  4846 D AudioManager: ğŸ“Š Copied 46.0MB...
11-03 22:46:45.192  4846  4846 D AudioManager: ğŸ“Š Copied 47.0MB...
11-03 22:46:45.194  4846  4846 D AudioManager: ğŸ“Š Copied 48.0MB...
11-03 22:46:45.196  4846  4846 D AudioManager: ğŸ“Š Copied 49.0MB...
11-03 22:46:45.198  4846  4846 D AudioManager: ğŸ“Š Copied 50.0MB...
11-03 22:46:45.200  4846  4846 D AudioManager: ğŸ“Š Copied 51.0MB...
11-03 22:46:45.202  4846  4846 D AudioManager: ğŸ“Š Copied 52.0MB...
11-03 22:46:45.530  4846  4846 D PerformanceProfiler: ğŸ“Š AudioManager.playFile[Guzy, Enis Coban - No Sleep  [KONQ].aiff.aif] took 772ms
11-03 22:46:45.604  4846  4846 D VlcAudioBackend: ğŸ“Š Buffering: 0.0%
11-03 22:46:45.605  4846  4846 D VlcAudioBackend: ğŸ“Š Buffering: 0.0%
11-03 22:46:45.605  4846  4846 D WaveformGenerator: LaunchedEffect triggered for file: Guzy, Enis Coban - No Sleep  [KONQ].aiff.aif
11-03 22:46:45.684  4846  4846 D WaveformGenerator: Starting waveform generation for: Guzy, Enis Coban - No Sleep  [KONQ].aiff.aif
11-03 22:46:45.685  4846  4846 D WaveformGenerator: File size: 52.2MB
11-03 22:46:45.686  4846  6834 D WaveformGenerator: Generating waveform for: Guzy, Enis Coban - No Sleep  [KONQ].aiff.aif
11-03 22:46:45.686  4846  6834 D WaveformGenerator: Requesting 256 samples for any duration
11-03 22:46:45.696  4846  4846 D WaveformGenerator: ğŸ“º SharedWaveformDisplay - Received waveform: 256 samples
11-03 22:46:45.696  4846  4846 D WaveformGenerator: ğŸ“º SharedWaveformDisplay - Min: 30, Max: 85, Avg: 80
11-03 22:46:45.696  4846  4846 D WaveformGenerator: ğŸ“º SharedWaveformDisplay - First 10: 85, 85, 83, 81, 83, 84, 83, 84, 84, 72
11-03 22:46:45.697  4846  4846 D VlcAudioBackend: ğŸ“Š Buffering: 6.666667%
11-03 22:46:45.697  4846  4846 D VlcAudioBackend: ğŸ“Š Buffering: 13.333334%
11-03 22:46:45.697  4846  4846 D VlcAudioBackend: ğŸ“Š Buffering: 20.0%
11-03 22:46:45.697  4846  4846 D VlcAudioBackend: ğŸ“Š Buffering: 26.666668%
11-03 22:46:45.697  4846  4846 D VlcAudioBackend: ğŸ“Š Buffering: 33.333336%
11-03 22:46:45.697  4846  4846 D VlcAudioBackend: ğŸ“Š Buffering: 40.0%
11-03 22:46:45.697  4846  4846 D VlcAudioBackend: ğŸ“Š Buffering: 46.666668%
11-03 22:46:45.697  4846  4846 D VlcAudioBackend: ğŸ“Š Buffering: 53.333336%
11-03 22:46:45.698  4846  4846 D VlcAudioBackend: ğŸ“Š Buffering: 60.000004%
11-03 22:46:45.698  4846  4846 D VlcAudioBackend: ğŸ“Š Buffering: 66.66667%
11-03 22:46:45.698  4846  4846 D VlcAudioBackend: ğŸ“Š Buffering: 73.333336%
11-03 22:46:45.698  4846  4846 D VlcAudioBackend: ğŸ“Š Buffering: 80.0%
11-03 22:46:45.698  4846  4846 D VlcAudioBackend: ğŸ“Š Buffering: 86.666664%
11-03 22:46:45.698  4846  4846 D VlcAudioBackend: ğŸ“Š Buffering: 93.333336%
11-03 22:46:45.698  4846  4846 D VlcAudioBackend: ğŸ“Š Buffering: 100.0%
11-03 22:46:45.698  4846  4846 D VlcAudioBackend: ğŸ“Š Buffering: 100.0%
11-03 22:46:45.826  4846  6834 D WaveformGenerator: âœ… Waveform generated: 256 samples
11-03 22:46:45.826  4846  6834 D WaveformGenerator: ğŸ“Š UI State - Min: 30, Max: 85, Avg: 73
11-03 22:46:45.827  4846  6834 D WaveformGenerator: ğŸ“Š UI State - First 10: 71, 66, 66, 63, 61, 58, 59, 59, 70, 81
11-03 22:46:45.827  4846  4846 D WaveformGenerator: ğŸ“Š UI State UPDATED - waveformData is now NOT NULL (256 samples)
11-03 22:46:45.849  4846  4846 D WaveformGenerator: ğŸ“º SharedWaveformDisplay - Received waveform: 256 samples
11-03 22:46:45.849  4846  4846 D WaveformGenerator: ğŸ“º SharedWaveformDisplay - Min: 30, Max: 85, Avg: 73
11-03 22:46:45.849  4846  4846 D WaveformGenerator: ğŸ“º SharedWaveformDisplay - First 10: 71, 66, 66, 63, 61, 58, 59, 59, 70, 81
11-03 22:47:04.837  4846  4846 D WaveformGenerator: ğŸ“º SharedWaveformDisplay - Received waveform: 256 samples
11-03 22:47:04.838  4846  4846 D WaveformGenerator: ğŸ“º SharedWaveformDisplay - Min: 30, Max: 85, Avg: 73
11-03 22:47:04.838  4846  4846 D WaveformGenerator: ğŸ“º SharedWaveformDisplay - First 10: 71, 66, 66, 63, 61, 58, 59, 59, 70, 81
11-03 22:47:05.957 15635 15703 I ForwardSyncCache: reclaimMemory: Clearing caches
11-03 22:48:09.676  4846  4846 D AudioManager: ğŸ“Š Copied 1.0MB...
11-03 22:48:09.678  4846  4846 D AudioManager: ğŸ“Š Copied 2.0MB...
11-03 22:48:09.680  4846  4846 D AudioManager: ğŸ“Š Copied 3.0MB...
11-03 22:48:09.683  4846  4846 D AudioManager: ğŸ“Š Copied 4.0MB...
11-03 22:48:09.686  4846  4846 D AudioManager: ğŸ“Š Copied 5.0MB...
11-03 22:48:09.688  4846  4846 D AudioManager: ğŸ“Š Copied 6.0MB...
11-03 22:48:09.689  4846  4846 D AudioManager: ğŸ“Š Copied 7.0MB...
11-03 22:48:09.692  4846  4846 D AudioManager: ğŸ“Š Copied 8.0MB...
11-03 22:48:09.694  4846  4846 D AudioManager: ğŸ“Š Copied 9.0MB...
11-03 22:48:09.696  4846  4846 D AudioManager: ğŸ“Š Copied 10.0MB...
11-03 22:48:09.697  4846  4846 D AudioManager: ğŸ“Š Copied 11.0MB...
11-03 22:48:09.699  4846  4846 D AudioManager: ğŸ“Š Copied 12.0MB...
11-03 22:48:09.701  4846  4846 D AudioManager: ğŸ“Š Copied 13.0MB...
11-03 22:48:09.703  4846  4846 D AudioManager: ğŸ“Š Copied 14.0MB...
11-03 22:48:09.704  4846  4846 D AudioManager: ğŸ“Š Copied 15.0MB...
11-03 22:48:09.706  4846  4846 D AudioManager: ğŸ“Š Copied 16.0MB...
11-03 22:48:09.709  4846  4846 D AudioManager: ğŸ“Š Copied 17.0MB...
11-03 22:48:09.711  4846  4846 D AudioManager: ğŸ“Š Copied 18.0MB...
11-03 22:48:09.713  4846  4846 D AudioManager: ğŸ“Š Copied 19.0MB...
11-03 22:48:09.716  4846  4846 D AudioManager: ğŸ“Š Copied 20.0MB...
11-03 22:48:09.718  4846  4846 D AudioManager: ğŸ“Š Copied 21.0MB...
11-03 22:48:09.720  4846  4846 D AudioManager: ğŸ“Š Copied 22.0MB...
11-03 22:48:09.721  4846  4846 D AudioManager: ğŸ“Š Copied 23.0MB...
11-03 22:48:09.723  4846  4846 D AudioManager: ğŸ“Š Copied 24.0MB...
11-03 22:48:09.725  4846  4846 D AudioManager: ğŸ“Š Copied 25.0MB...
11-03 22:48:09.726  4846  4846 D AudioManager: ğŸ“Š Copied 26.0MB...
11-03 22:48:09.728  4846  4846 D AudioManager: ğŸ“Š Copied 27.0MB...
11-03 22:48:09.730  4846  4846 D AudioManager: ğŸ“Š Copied 28.0MB...
11-03 22:48:09.731  4846  4846 D AudioManager: ğŸ“Š Copied 29.0MB...
11-03 22:48:09.733  4846  4846 D AudioManager: ğŸ“Š Copied 30.0MB...
11-03 22:48:09.734  4846  4846 D AudioManager: ğŸ“Š Copied 31.0MB...
11-03 22:48:09.736  4846  4846 D AudioManager: ğŸ“Š Copied 32.0MB...
11-03 22:48:09.738  4846  4846 D AudioManager: ğŸ“Š Copied 33.0MB...
11-03 22:48:09.739  4846  4846 D AudioManager: ğŸ“Š Copied 34.0MB...
11-03 22:48:09.741  4846  4846 D AudioManager: ğŸ“Š Copied 35.0MB...
11-03 22:48:09.743  4846  4846 D AudioManager: ğŸ“Š Copied 36.0MB...
11-03 22:48:09.744  4846  4846 D AudioManager: ğŸ“Š Copied 37.0MB...
11-03 22:48:09.746  4846  4846 D AudioManager: ğŸ“Š Copied 38.0MB...
11-03 22:48:09.747  4846  4846 D AudioManager: ğŸ“Š Copied 39.0MB...
11-03 22:48:09.749  4846  4846 D AudioManager: ğŸ“Š Copied 40.0MB...
11-03 22:48:09.750  4846  4846 D AudioManager: ğŸ“Š Copied 41.0MB...
11-03 22:48:09.752  4846  4846 D AudioManager: ğŸ“Š Copied 42.0MB...
11-03 22:48:09.753  4846  4846 D AudioManager: ğŸ“Š Copied 43.0MB...
11-03 22:48:09.755  4846  4846 D AudioManager: ğŸ“Š Copied 44.0MB...
11-03 22:48:09.756  4846  4846 D AudioManager: ğŸ“Š Copied 45.0MB...
11-03 22:48:09.758  4846  4846 D AudioManager: ğŸ“Š Copied 46.0MB...
11-03 22:48:09.759  4846  4846 D AudioManager: ğŸ“Š Copied 47.0MB...
11-03 22:48:09.761  4846  4846 D AudioManager: ğŸ“Š Copied 48.0MB...
11-03 22:48:09.763  4846  4846 D AudioManager: ğŸ“Š Copied 49.0MB...
11-03 22:48:09.764  4846  4846 D AudioManager: ğŸ“Š Copied 50.0MB...
11-03 22:48:09.766  4846  4846 D AudioManager: ğŸ“Š Copied 51.0MB...
11-03 22:48:09.767  4846  4846 D AudioManager: ğŸ“Š Copied 52.0MB...
11-03 22:48:09.769  4846  4846 D AudioManager: ğŸ“Š Copied 53.0MB...
11-03 22:48:09.770  4846  4846 D AudioManager: ğŸ“Š Copied 54.0MB...
11-03 22:48:09.772  4846  4846 D AudioManager: ğŸ“Š Copied 55.0MB...
11-03 22:48:09.773  4846  4846 D AudioManager: ğŸ“Š Copied 56.0MB...
11-03 22:48:10.094  4846  4846 D PerformanceProfiler: ğŸ“Š AudioManager.playFile[01. DONT BLINK - NATURAL SELECTION (Original Mix).wav] took 600ms
11-03 22:48:10.166  4846  4846 D VlcAudioBackend: ğŸ“Š Buffering: 0.0%
11-03 22:48:10.186  4846  4846 D WaveformGenerator: LaunchedEffect triggered for file: 01. DONT BLINK - NATURAL SELECTION (Original Mix).wav
11-03 22:48:10.275  4846  4846 D WaveformGenerator: Starting waveform generation for: 01. DONT BLINK - NATURAL SELECTION (Original Mix).wav
11-03 22:48:10.275  4846  4846 D WaveformGenerator: File size: 56.1MB
11-03 22:48:10.276  4846  4875 D WaveformGenerator: Generating waveform for: 01. DONT BLINK - NATURAL SELECTION (Original Mix).wav
11-03 22:48:10.277  4846  4875 D WaveformGenerator: Requesting 256 samples for any duration
11-03 22:48:10.278  4846  4846 D WaveformGenerator: ğŸ“º SharedWaveformDisplay - Received waveform: 256 samples
11-03 22:48:10.278  4846  4846 D WaveformGenerator: ğŸ“º SharedWaveformDisplay - Min: 30, Max: 85, Avg: 73
11-03 22:48:10.278  4846  4846 D WaveformGenerator: ğŸ“º SharedWaveformDisplay - First 10: 71, 66, 66, 63, 61, 58, 59, 59, 70, 81
11-03 22:48:10.302  4846  4846 D VlcAudioBackend: ğŸ“Š Buffering: 0.0%
11-03 22:48:10.302  4846  4846 D VlcAudioBackend: ğŸ“Š Buffering: 3.3333335%
11-03 22:48:10.302  4846  4846 D VlcAudioBackend: ğŸ“Š Buffering: 6.666667%
11-03 22:48:10.302  4846  4846 D VlcAudioBackend: ğŸ“Š Buffering: 10.0%
11-03 22:48:10.302  4846  4846 D VlcAudioBackend: ğŸ“Š Buffering: 13.333334%
11-03 22:48:10.302  4846  4846 D VlcAudioBackend: ğŸ“Š Buffering: 16.666668%
11-03 22:48:10.302  4846  4846 D VlcAudioBackend: ğŸ“Š Buffering: 20.0%
11-03 22:48:10.302  4846  4846 D VlcAudioBackend: ğŸ“Š Buffering: 23.333334%
11-03 22:48:10.302  4846  4846 D VlcAudioBackend: ğŸ“Š Buffering: 26.666668%
11-03 22:48:10.303  4846  4846 D VlcAudioBackend: ğŸ“Š Buffering: 30.000002%
11-03 22:48:10.303  4846  4846 D VlcAudioBackend: ğŸ“Š Buffering: 33.333336%
11-03 22:48:10.303  4846  4846 D VlcAudioBackend: ğŸ“Š Buffering: 36.666668%
11-03 22:48:10.303  4846  4846 D VlcAudioBackend: ğŸ“Š Buffering: 40.0%
11-03 22:48:10.303  4846  4846 D VlcAudioBackend: ğŸ“Š Buffering: 43.333332%
11-03 22:48:10.303  4846  4846 D VlcAudioBackend: ğŸ“Š Buffering: 46.666668%
11-03 22:48:10.303  4846  4846 D VlcAudioBackend: ğŸ“Š Buffering: 50.0%
11-03 22:48:10.303  4846  4846 D VlcAudioBackend: ğŸ“Š Buffering: 53.333336%
11-03 22:48:10.303  4846  4846 D VlcAudioBackend: ğŸ“Š Buffering: 56.666668%
11-03 22:48:10.303  4846  4846 D VlcAudioBackend: ğŸ“Š Buffering: 60.000004%
11-03 22:48:10.303  4846  4846 D VlcAudioBackend: ğŸ“Š Buffering: 63.333332%
11-03 22:48:10.303  4846  4846 D VlcAudioBackend: ğŸ“Š Buffering: 66.66667%
11-03 22:48:10.304  4846  4846 D VlcAudioBackend: ğŸ“Š Buffering: 70.0%
11-03 22:48:10.304  4846  4846 D VlcAudioBackend: ğŸ“Š Buffering: 73.333336%
11-03 22:48:10.304  4846  4846 D VlcAudioBackend: ğŸ“Š Buffering: 76.666664%
11-03 22:48:10.304  4846  4846 D VlcAudioBackend: ğŸ“Š Buffering: 80.0%
11-03 22:48:10.305  4846  4846 D VlcAudioBackend: ğŸ“Š Buffering: 83.33333%
11-03 22:48:10.305  4846  4846 D VlcAudioBackend: ğŸ“Š Buffering: 86.666664%
11-03 22:48:10.305  4846  4846 D VlcAudioBackend: ğŸ“Š Buffering: 90.0%
11-03 22:48:10.305  4846  4846 D VlcAudioBackend: ğŸ“Š Buffering: 93.333336%
11-03 22:48:10.305  4846  4846 D VlcAudioBackend: ğŸ“Š Buffering: 96.666664%
11-03 22:48:10.305  4846  4846 D VlcAudioBackend: ğŸ“Š Buffering: 100.0%
11-03 22:48:10.305  4846  4846 D VlcAudioBackend: ğŸ“Š Buffering: 100.0%
11-03 22:48:10.786  4846  4908 D WaveformGenerator: âœ… Waveform generated: 256 samples
11-03 22:48:10.786  4846  4908 D WaveformGenerator: ğŸ“Š UI State - Min: 30, Max: 85, Avg: 82
11-03 22:48:10.787  4846  4908 D WaveformGenerator: ğŸ“Š UI State - First 10: 85, 84, 84, 83, 84, 84, 84, 84, 84, 83
11-03 22:48:10.787  4846  4846 D WaveformGenerator: ğŸ“Š UI State UPDATED - waveformData is now NOT NULL (256 samples)
11-03 22:48:10.816  4846  4846 D WaveformGenerator: ğŸ“º SharedWaveformDisplay - Received waveform: 256 samples
11-03 22:48:10.816  4846  4846 D WaveformGenerator: ğŸ“º SharedWaveformDisplay - Min: 30, Max: 85, Avg: 82
11-03 22:48:10.816  4846  4846 D WaveformGenerator: ğŸ“º SharedWaveformDisplay - First 10: 85, 84, 84, 83, 84, 84, 84, 84, 84, 83
11-03 22:48:10.817  4846  4846 D WaveformGenerator: ğŸ“º SharedWaveformDisplay - Received waveform: 256 samples
11-03 22:48:10.817  4846  4846 D WaveformGenerator: ğŸ“º SharedWaveformDisplay - Min: 30, Max: 85, Avg: 82
11-03 22:48:10.817  4846  4846 D WaveformGenerator: ğŸ“º SharedWaveformDisplay - First 10: 85, 84, 84, 83, 84, 84, 84, 84, 84, 83
11-03 22:48:14.245  4846  4846 D WaveformGenerator: ğŸ“º SharedWaveformDisplay - Received waveform: 256 samples
11-03 22:48:14.246  4846  4846 D WaveformGenerator: ğŸ“º SharedWaveformDisplay - Min: 30, Max: 85, Avg: 82
11-03 22:48:14.246  4846  4846 D WaveformGenerator: ğŸ“º SharedWaveformDisplay - First 10: 85, 84, 84, 83, 84, 84, 84, 84, 84, 83
11-03 22:48:17.262  4846  4846 D AudioManager: ğŸ“Š Copied 1.0MB...
11-03 22:48:17.266  4846  4846 D AudioManager: ğŸ“Š Copied 2.0MB...
11-03 22:48:17.271  4846  4846 D AudioManager: ğŸ“Š Copied 3.0MB...
11-03 22:48:17.275  4846  4846 D AudioManager: ğŸ“Š Copied 4.0MB...
11-03 22:48:17.278  4846  4846 D AudioManager: ğŸ“Š Copied 5.0MB...
11-03 22:48:17.281  4846  4846 D AudioManager: ğŸ“Š Copied 6.0MB...
11-03 22:48:17.284  4846  4846 D AudioManager: ğŸ“Š Copied 7.0MB...
11-03 22:48:17.287  4846  4846 D AudioManager: ğŸ“Š Copied 8.0MB...
11-03 22:48:17.289  4846  4846 D AudioManager: ğŸ“Š Copied 9.0MB...
11-03 22:48:17.291  4846  4846 D AudioManager: ğŸ“Š Copied 10.0MB...
11-03 22:48:17.292  4846  4846 D AudioManager: ğŸ“Š Copied 11.0MB...
11-03 22:48:17.294  4846  4846 D AudioManager: ğŸ“Š Copied 12.0MB...
11-03 22:48:17.296  4846  4846 D AudioManager: ğŸ“Š Copied 13.0MB...
11-03 22:48:17.297  4846  4846 D AudioManager: ğŸ“Š Copied 14.0MB...
11-03 22:48:17.299  4846  4846 D AudioManager: ğŸ“Š Copied 15.0MB...
11-03 22:48:17.301  4846  4846 D AudioManager: ğŸ“Š Copied 16.0MB...
11-03 22:48:17.302  4846  4846 D AudioManager: ğŸ“Š Copied 17.0MB...
11-03 22:48:17.304  4846  4846 D AudioManager: ğŸ“Š Copied 18.0MB...
11-03 22:48:17.306  4846  4846 D AudioManager: ğŸ“Š Copied 19.0MB...
11-03 22:48:17.307  4846  4846 D AudioManager: ğŸ“Š Copied 20.0MB...
11-03 22:48:17.309  4846  4846 D AudioManager: ğŸ“Š Copied 21.0MB...
11-03 22:48:17.310  4846  4846 D AudioManager: ğŸ“Š Copied 22.0MB...
11-03 22:48:17.312  4846  4846 D AudioManager: ğŸ“Š Copied 23.0MB...
11-03 22:48:17.313  4846  4846 D AudioManager: ğŸ“Š Copied 24.0MB...
11-03 22:48:17.316  4846  4846 D AudioManager: ğŸ“Š Copied 25.0MB...
11-03 22:48:17.318  4846  4846 D AudioManager: ğŸ“Š Copied 26.0MB...
11-03 22:48:17.318  4846  4846 D AudioManager: ğŸ“Š Copied 27.0MB...
11-03 22:48:17.319  4846  4846 D AudioManager: ğŸ“Š Copied 28.0MB...
11-03 22:48:17.320  4846  4846 D AudioManager: ğŸ“Š Copied 29.0MB...
11-03 22:48:17.321  4846  4846 D AudioManager: ğŸ“Š Copied 30.0MB...
11-03 22:48:17.322  4846  4846 D AudioManager: ğŸ“Š Copied 31.0MB...
11-03 22:48:17.323  4846  4846 D AudioManager: ğŸ“Š Copied 32.0MB...
11-03 22:48:17.324  4846  4846 D AudioManager: ğŸ“Š Copied 33.0MB...
11-03 22:48:17.326  4846  4846 D AudioManager: ğŸ“Š Copied 34.0MB...
11-03 22:48:17.327  4846  4846 D AudioManager: ğŸ“Š Copied 35.0MB...
11-03 22:48:17.328  4846  4846 D AudioManager: ğŸ“Š Copied 36.0MB...
11-03 22:48:17.329  4846  4846 D AudioManager: ğŸ“Š Copied 37.0MB...
11-03 22:48:17.330  4846  4846 D AudioManager: ğŸ“Š Copied 38.0MB...
11-03 22:48:17.331  4846  4846 D AudioManager: ğŸ“Š Copied 39.0MB...
11-03 22:48:17.332  4846  4846 D AudioManager: ğŸ“Š Copied 40.0MB...
11-03 22:48:17.333  4846  4846 D AudioManager: ğŸ“Š Copied 41.0MB...
11-03 22:48:17.334  4846  4846 D AudioManager: ğŸ“Š Copied 42.0MB...
11-03 22:48:17.335  4846  4846 D AudioManager: ğŸ“Š Copied 43.0MB...
11-03 22:48:17.336  4846  4846 D AudioManager: ğŸ“Š Copied 44.0MB...
11-03 22:48:17.337  4846  4846 D AudioManager: ğŸ“Š Copied 45.0MB...
11-03 22:48:17.338  4846  4846 D AudioManager: ğŸ“Š Copied 46.0MB...
11-03 22:48:17.339  4846  4846 D AudioManager: ğŸ“Š Copied 47.0MB...
11-03 22:48:17.340  4846  4846 D AudioManager: ğŸ“Š Copied 48.0MB...
11-03 22:48:17.341  4846  4846 D AudioManager: ğŸ“Š Copied 49.0MB...
11-03 22:48:17.342  4846  4846 D AudioManager: ğŸ“Š Copied 50.0MB...
11-03 22:48:17.343  4846  4846 D AudioManager: ğŸ“Š Copied 51.0MB...
11-03 22:48:17.344  4846  4846 D AudioManager: ğŸ“Š Copied 52.0MB...
11-03 22:48:17.673  4846  4846 D PerformanceProfiler: ğŸ“Š AudioManager.playFile[Guzy, Enis Coban - No Sleep  [KONQ].aiff.aif] took 712ms
11-03 22:48:17.748  4846  4846 D VlcAudioBackend: ğŸ“Š Buffering: 0.0%
11-03 22:48:17.749  4846  4846 D VlcAudioBackend: ğŸ“Š Buffering: 0.0%
11-03 22:48:17.749  4846  4846 D VlcAudioBackend: ğŸ“Š Buffering: 6.666667%
11-03 22:48:17.749  4846  4846 D VlcAudioBackend: ğŸ“Š Buffering: 13.333334%
11-03 22:48:17.749  4846  4846 D VlcAudioBackend: ğŸ“Š Buffering: 20.0%
11-03 22:48:17.749  4846  4846 D VlcAudioBackend: ğŸ“Š Buffering: 26.666668%
11-03 22:48:17.749  4846  4846 D VlcAudioBackend: ğŸ“Š Buffering: 33.333336%
11-03 22:48:17.749  4846  4846 D VlcAudioBackend: ğŸ“Š Buffering: 40.0%
11-03 22:48:17.749  4846  4846 D VlcAudioBackend: ğŸ“Š Buffering: 46.666668%
11-03 22:48:17.749  4846  4846 D VlcAudioBackend: ğŸ“Š Buffering: 53.333336%
11-03 22:48:17.750  4846  4846 D VlcAudioBackend: ğŸ“Š Buffering: 60.000004%
11-03 22:48:17.750  4846  4846 D VlcAudioBackend: ğŸ“Š Buffering: 66.66667%
11-03 22:48:17.750  4846  4846 D VlcAudioBackend: ğŸ“Š Buffering: 73.333336%
11-03 22:48:17.750  4846  4846 D VlcAudioBackend: ğŸ“Š Buffering: 80.0%
11-03 22:48:17.750  4846  4846 D VlcAudioBackend: ğŸ“Š Buffering: 86.666664%
11-03 22:48:17.750  4846  4846 D VlcAudioBackend: ğŸ“Š Buffering: 93.333336%
11-03 22:48:17.750  4846  4846 D VlcAudioBackend: ğŸ“Š Buffering: 100.0%
11-03 22:48:17.750  4846  4846 D VlcAudioBackend: ğŸ“Š Buffering: 100.0%
11-03 22:48:17.750  4846  4846 D WaveformGenerator: LaunchedEffect triggered for file: Guzy, Enis Coban - No Sleep  [KONQ].aiff.aif
11-03 22:48:17.835  4846  4846 D WaveformGenerator: Starting waveform generation for: Guzy, Enis Coban - No Sleep  [KONQ].aiff.aif
11-03 22:48:17.835  4846  4846 D WaveformGenerator: File size: 52.2MB
11-03 22:48:17.837  4846  6432 D WaveformGenerator: Generating waveform for: Guzy, Enis Coban - No Sleep  [KONQ].aiff.aif
11-03 22:48:17.839  4846  6432 D WaveformGenerator: Requesting 256 samples for any duration
11-03 22:48:17.848  4846  4846 D WaveformGenerator: ğŸ“º SharedWaveformDisplay - Received waveform: 256 samples
11-03 22:48:17.848  4846  4846 D WaveformGenerator: ğŸ“º SharedWaveformDisplay - Min: 30, Max: 85, Avg: 82
11-03 22:48:17.848  4846  4846 D WaveformGenerator: ğŸ“º SharedWaveformDisplay - First 10: 85, 84, 84, 83, 84, 84, 84, 84, 84, 83
11-03 22:48:18.009  4846  6432 D WaveformGenerator: âœ… Waveform generated: 256 samples
11-03 22:48:18.009  4846  6432 D WaveformGenerator: ğŸ“Š UI State - Min: 30, Max: 85, Avg: 73
11-03 22:48:18.009  4846  6432 D WaveformGenerator: ğŸ“Š UI State - First 10: 71, 66, 66, 63, 61, 58, 59, 59, 70, 81
11-03 22:48:18.010  4846  4846 D WaveformGenerator: ğŸ“Š UI State UPDATED - waveformData is now NOT NULL (256 samples)
11-03 22:48:18.040  4846  4846 D WaveformGenerator: ğŸ“º SharedWaveformDisplay - Received waveform: 256 samples
11-03 22:48:18.040  4846  4846 D WaveformGenerator: ğŸ“º SharedWaveformDisplay - Min: 30, Max: 85, Avg: 73
11-03 22:48:18.040  4846  4846 D WaveformGenerator: ğŸ“º SharedWaveformDisplay - First 10: 71, 66, 66, 63, 61, 58, 59, 59, 70, 81
11-03 22:48:18.041  4846  4846 D WaveformGenerator: ğŸ“º SharedWaveformDisplay - Received waveform: 256 samples
11-03 22:48:18.041  4846  4846 D WaveformGenerator: ğŸ“º SharedWaveformDisplay - Min: 30, Max: 85, Avg: 73
11-03 22:48:18.041  4846  4846 D WaveformGenerator: ğŸ“º SharedWaveformDisplay - First 10: 71, 66, 66, 63, 61, 58, 59, 59, 70, 81
11-03 22:48:19.520  4846  4846 D AudioManager: ğŸ“Š Copied 1.0MB...
11-03 22:48:19.524  4846  4846 D AudioManager: ğŸ“Š Copied 2.0MB...
11-03 22:48:19.528  4846  4846 D AudioManager: ğŸ“Š Copied 3.0MB...
11-03 22:48:19.531  4846  4846 D AudioManager: ğŸ“Š Copied 4.0MB...
11-03 22:48:19.534  4846  4846 D AudioManager: ğŸ“Š Copied 5.0MB...
11-03 22:48:19.536  4846  4846 D AudioManager: ğŸ“Š Copied 6.0MB...
11-03 22:48:19.539  4846  4846 D AudioManager: ğŸ“Š Copied 7.0MB...
11-03 22:48:19.541  4846  4846 D AudioManager: ğŸ“Š Copied 8.0MB...
11-03 22:48:19.543  4846  4846 D AudioManager: ğŸ“Š Copied 9.0MB...
11-03 22:48:19.545  4846  4846 D AudioManager: ğŸ“Š Copied 10.0MB...
11-03 22:48:19.547  4846  4846 D AudioManager: ğŸ“Š Copied 11.0MB...
11-03 22:48:19.549  4846  4846 D AudioManager: ğŸ“Š Copied 12.0MB...
11-03 22:48:19.551  4846  4846 D AudioManager: ğŸ“Š Copied 13.0MB...
11-03 22:48:19.552  4846  4846 D AudioManager: ğŸ“Š Copied 14.0MB...
11-03 22:48:19.554  4846  4846 D AudioManager: ğŸ“Š Copied 15.0MB...
11-03 22:48:19.556  4846  4846 D AudioManager: ğŸ“Š Copied 16.0MB...
11-03 22:48:19.557  4846  4846 D AudioManager: ğŸ“Š Copied 17.0MB...
11-03 22:48:19.559  4846  4846 D AudioManager: ğŸ“Š Copied 18.0MB...
11-03 22:48:19.561  4846  4846 D AudioManager: ğŸ“Š Copied 19.0MB...
11-03 22:48:19.562  4846  4846 D AudioManager: ğŸ“Š Copied 20.0MB...
11-03 22:48:19.564  4846  4846 D AudioManager: ğŸ“Š Copied 21.0MB...
11-03 22:48:19.567  4846  4846 D AudioManager: ğŸ“Š Copied 22.0MB...
11-03 22:48:19.568  4846  4846 D AudioManager: ğŸ“Š Copied 23.0MB...
11-03 22:48:19.569  4846  4846 D AudioManager: ğŸ“Š Copied 24.0MB...
11-03 22:48:19.570  4846  4846 D AudioManager: ğŸ“Š Copied 25.0MB...
11-03 22:48:19.571  4846  4846 D AudioManager: ğŸ“Š Copied 26.0MB...
11-03 22:48:19.572  4846  4846 D AudioManager: ğŸ“Š Copied 27.0MB...
11-03 22:48:19.573  4846  4846 D AudioManager: ğŸ“Š Copied 28.0MB...
11-03 22:48:19.574  4846  4846 D AudioManager: ğŸ“Š Copied 29.0MB...
11-03 22:48:19.574  4846  4846 D AudioManager: ğŸ“Š Copied 30.0MB...
11-03 22:48:19.575  4846  4846 D AudioManager: ğŸ“Š Copied 31.0MB...
11-03 22:48:19.576  4846  4846 D AudioManager: ğŸ“Š Copied 32.0MB...
11-03 22:48:19.577  4846  4846 D AudioManager: ğŸ“Š Copied 33.0MB...
11-03 22:48:19.578  4846  4846 D AudioManager: ğŸ“Š Copied 34.0MB...
11-03 22:48:19.579  4846  4846 D AudioManager: ğŸ“Š Copied 35.0MB...
11-03 22:48:19.580  4846  4846 D AudioManager: ğŸ“Š Copied 36.0MB...
11-03 22:48:19.581  4846  4846 D AudioManager: ğŸ“Š Copied 37.0MB...
11-03 22:48:19.581  4846  4846 D AudioManager: ğŸ“Š Copied 38.0MB...
11-03 22:48:19.582  4846  4846 D AudioManager: ğŸ“Š Copied 39.0MB...
11-03 22:48:19.584  4846  4846 D AudioManager: ğŸ“Š Copied 40.0MB...
11-03 22:48:19.585  4846  4846 D AudioManager: ğŸ“Š Copied 41.0MB...
11-03 22:48:19.586  4846  4846 D AudioManager: ğŸ“Š Copied 42.0MB...
11-03 22:48:19.587  4846  4846 D AudioManager: ğŸ“Š Copied 43.0MB...
11-03 22:48:19.588  4846  4846 D AudioManager: ğŸ“Š Copied 44.0MB...
11-03 22:48:19.589  4846  4846 D AudioManager: ğŸ“Š Copied 45.0MB...
11-03 22:48:19.590  4846  4846 D AudioManager: ğŸ“Š Copied 46.0MB...
11-03 22:48:19.591  4846  4846 D AudioManager: ğŸ“Š Copied 47.0MB...
11-03 22:48:19.592  4846  4846 D AudioManager: ğŸ“Š Copied 48.0MB...
11-03 22:48:19.593  4846  4846 D AudioManager: ğŸ“Š Copied 49.0MB...
11-03 22:48:19.594  4846  4846 D AudioManager: ğŸ“Š Copied 50.0MB...
11-03 22:48:19.595  4846  4846 D AudioManager: ğŸ“Š Copied 51.0MB...
11-03 22:48:19.597  4846  4846 D AudioManager: ğŸ“Š Copied 52.0MB...
11-03 22:48:19.598  4846  4846 D AudioManager: ğŸ“Š Copied 53.0MB...
11-03 22:48:19.599  4846  4846 D AudioManager: ğŸ“Š Copied 54.0MB...
11-03 22:48:19.601  4846  4846 D AudioManager: ğŸ“Š Copied 55.0MB...
11-03 22:48:19.602  4846  4846 D AudioManager: ğŸ“Š Copied 56.0MB...
11-03 22:48:19.950  4846  4846 D PerformanceProfiler: ğŸ“Š AudioManager.playFile[01. DONT BLINK - NATURAL SELECTION (Original Mix).wav] took 691ms
11-03 22:48:20.034  4846  4846 D VlcAudioBackend: ğŸ“Š Buffering: 0.0%
11-03 22:48:20.035  4846  4846 D VlcAudioBackend: ğŸ“Š Buffering: 0.0%
11-03 22:48:20.035  4846  4846 D VlcAudioBackend: ğŸ“Š Buffering: 3.3333335%
11-03 22:48:20.035  4846  4846 D VlcAudioBackend: ğŸ“Š Buffering: 6.666667%
11-03 22:48:20.035  4846  4846 D VlcAudioBackend: ğŸ“Š Buffering: 10.0%
11-03 22:48:20.035  4846  4846 D VlcAudioBackend: ğŸ“Š Buffering: 13.333334%
11-03 22:48:20.035  4846  4846 D VlcAudioBackend: ğŸ“Š Buffering: 16.666668%
