10-31 23:12:06.532 29014 29014 D MusicViewModel: 📁 LOAD_CURRENT_FILE() - preloaded next file: Serosai - Cyber Phunk.flac
10-31 23:12:06.532 29014 29014 D MusicViewModel: 📁 LOAD_CURRENT_FILE() - checking memory pressure
10-31 23:12:06.532 29014 29014 D MusicViewModel: 📁 LOAD_CURRENT_FILE() - available memory: 247MB
10-31 23:12:06.532 29014 29014 D MusicViewModel: 📁 LOAD_CURRENT_FILE() - calling audioManager.playFile()
10-31 23:12:06.533 29014 29014 D AudioManager: 📁 File URI: content://com.android.externalstorage.documents/tree/primary%3ATrial%20now%2F04.%20April/document/primary%3ATrial%20now%2F04.%20April%2F2024-04-12%2FSantucci%20-%20Donzel%20de%20Constel.flac
10-31 23:12:06.767 29014 29014 D AudioManager: 📁 Temp file created: /data/user/0/com.example.mobiledigger/cache/aiff_temp_3742971871680527088.aiff
10-31 23:12:07.268 29014 29014 D MusicViewModel: 📁 LOAD_CURRENT_FILE() - playFile result: true
10-31 23:12:07.269 29014 29014 D MusicViewModel: 📁 LOAD_CURRENT_FILE() - playback started successfully for Santucci - Donzel de Constel.flac
10-31 23:12:07.271 29014 29014 D MusicViewModel: 📁 LOAD_CURRENT_FILE() - extracting duration for Santucci - Donzel de Constel.flac
10-31 23:12:07.272 29014 29014 D MusicViewModel: 📁 LOAD_CURRENT_FILE() - updating notification
10-31 23:12:07.278 29014 29014 D MusicViewModel: 📁 LOAD_CURRENT_FILE() - starting preload next song
10-31 23:12:07.372 29014 29014 D VlcAudioBackend: 📁 Media changed
10-31 23:12:07.380 29014 29141 D MusicViewModel: 📁 LOAD_CURRENT_FILE() - extracted duration: 447049ms
10-31 23:12:07.505 29014 29014 D MusicViewModel: 📁 LOAD_CURRENT_FILE() - duration updated
10-31 23:12:11.974 29014 29014 D MusicViewModel: 📁 LOAD_CURRENT_FILE() called
10-31 23:12:11.974 29014 29014 D MusicViewModel: 📁 LOAD_CURRENT_FILE() - getting files for playlist: TODO
10-31 23:12:11.975 29014 29014 D MusicViewModel: 📁 LOAD_CURRENT_FILE() - files count: 315, current index: 6
10-31 23:12:11.975 29014 29014 D MusicViewModel: 📁 LOAD_CURRENT_FILE() - loading file: Serosai - Cyber Phunk.flac
10-31 23:12:11.975 29014 29014 D MusicViewModel: 📁 LOAD_CURRENT_FILE() - stored current file
10-31 23:12:11.976 29014 29014 D MusicViewModel: 📁 LOAD_CURRENT_FILE() - updated current playing file
10-31 23:12:11.976 29014 29014 D MusicViewModel: 📁 LOAD_CURRENT_FILE() - preloaded next file: Shaun Soomro - Forever Smiling [OMNIA02].flac
10-31 23:12:11.976 29014 29014 D MusicViewModel: 📁 LOAD_CURRENT_FILE() - checking memory pressure
10-31 23:12:11.976 29014 29014 D MusicViewModel: 📁 LOAD_CURRENT_FILE() - available memory: 235MB
10-31 23:12:11.977 29014 29014 D MusicViewModel: 📁 LOAD_CURRENT_FILE() - calling audioManager.playFile()
10-31 23:12:11.977 29014 29014 D AudioManager: 📁 File URI: content://com.android.externalstorage.documents/tree/primary%3ATrial%20now%2F04.%20April/document/primary%3ATrial%20now%2F04.%20April%2F2024-04-12%2FSerosai%20-%20Cyber%20Phunk.flac
10-31 23:12:12.179 29014 29014 D AudioManager: 📁 Temp file created: /data/user/0/com.example.mobiledigger/cache/aiff_temp_8322400950686727181.aiff
10-31 23:12:12.549 29014 29014 D MusicViewModel: 📁 LOAD_CURRENT_FILE() - playFile result: true
10-31 23:12:12.549 29014 29014 D MusicViewModel: 📁 LOAD_CURRENT_FILE() - playback started successfully for Serosai - Cyber Phunk.flac
10-31 23:12:12.550 29014 29014 D MusicViewModel: 📁 LOAD_CURRENT_FILE() - extracting duration for Serosai - Cyber Phunk.flac
10-31 23:12:12.551 29014 29014 D MusicViewModel: 📁 LOAD_CURRENT_FILE() - updating notification
10-31 23:12:12.553 29014 29014 D MusicViewModel: 📁 LOAD_CURRENT_FILE() - starting preload next song
10-31 23:12:12.612 29014 29014 D VlcAudioBackend: 📁 Media changed
10-31 23:12:12.619 29014 29149 D MusicViewModel: 📁 LOAD_CURRENT_FILE() - extracted duration: 362033ms
10-31 23:12:12.741 29014 29014 D MusicViewModel: 📁 LOAD_CURRENT_FILE() - duration updated
10-31 23:12:21.088 29014 29014 D MusicViewModel: 📁 LOAD_CURRENT_FILE() called
10-31 23:12:21.089 29014 29014 D MusicViewModel: 📁 LOAD_CURRENT_FILE() - getting files for playlist: TODO
10-31 23:12:21.089 29014 29014 D MusicViewModel: 📁 LOAD_CURRENT_FILE() - files count: 315, current index: 7
10-31 23:12:21.090 29014 29014 D MusicViewModel: 📁 LOAD_CURRENT_FILE() - loading file: Shaun Soomro - Forever Smiling [OMNIA02].flac
10-31 23:12:21.090 29014 29014 D MusicViewModel: 📁 LOAD_CURRENT_FILE() - stored current file
10-31 23:12:21.090 29014 29014 D MusicViewModel: 📁 LOAD_CURRENT_FILE() - updated current playing file
10-31 23:12:21.090 29014 29014 D MusicViewModel: 📁 LOAD_CURRENT_FILE() - preloaded next file: SuBMINIMAL - Flying [AIR008].flac
10-31 23:12:21.091 29014 29014 D MusicViewModel: 📁 LOAD_CURRENT_FILE() - checking memory pressure
10-31 23:12:21.091 29014 29014 D MusicViewModel: 📁 LOAD_CURRENT_FILE() - available memory: 239MB
10-31 23:12:21.091 29014 29014 D MusicViewModel: 📁 LOAD_CURRENT_FILE() - calling audioManager.playFile()
10-31 23:12:21.091 29014 29014 D AudioManager: 📁 File URI: content://com.android.externalstorage.documents/tree/primary%3ATrial%20now%2F04.%20April/document/primary%3ATrial%20now%2F04.%20April%2F2024-04-12%2FShaun%20Soomro%20-%20Forever%20Smiling%20%5BOMNIA02%5D.flac
10-31 23:12:21.282 29014 29014 D AudioManager: 📁 Temp file created: /data/user/0/com.example.mobiledigger/cache/aiff_temp_3055397824552112911.aiff
10-31 23:12:21.708 29014 29014 D MusicViewModel: 📁 LOAD_CURRENT_FILE() - playFile result: true
10-31 23:12:21.708 29014 29014 D MusicViewModel: 📁 LOAD_CURRENT_FILE() - playback started successfully for Shaun Soomro - Forever Smiling [OMNIA02].flac
10-31 23:12:21.710 29014 29014 D MusicViewModel: 📁 LOAD_CURRENT_FILE() - extracting duration for Shaun Soomro - Forever Smiling [OMNIA02].flac
10-31 23:12:21.710 29014 29014 D MusicViewModel: 📁 LOAD_CURRENT_FILE() - updating notification
10-31 23:12:21.717 29014 29014 D MusicViewModel: 📁 LOAD_CURRENT_FILE() - starting preload next song
10-31 23:12:21.775 29014 29358 D MusicViewModel: 📁 LOAD_CURRENT_FILE() - extracted duration: 342048ms
10-31 23:12:21.814 29014 29014 D VlcAudioBackend: 📁 Media changed
10-31 23:12:21.941 29014 29014 D MusicViewModel: 📁 LOAD_CURRENT_FILE() - duration updated
10-31 23:12:24.524 29014 29014 D MusicViewModel: 📁 LOAD_CURRENT_FILE() called
10-31 23:12:24.524 29014 29014 D MusicViewModel: 📁 LOAD_CURRENT_FILE() - getting files for playlist: TODO
10-31 23:12:24.524 29014 29014 D MusicViewModel: 📁 LOAD_CURRENT_FILE() - files count: 315, current index: 8
10-31 23:12:24.524 29014 29014 D MusicViewModel: 📁 LOAD_CURRENT_FILE() - loading file: SuBMINIMAL - Flying [AIR008].flac
10-31 23:12:24.525 29014 29014 D MusicViewModel: 📁 LOAD_CURRENT_FILE() - stored current file
10-31 23:12:24.525 29014 29014 D MusicViewModel: 📁 LOAD_CURRENT_FILE() - updated current playing file
10-31 23:12:24.525 29014 29014 D MusicViewModel: 📁 LOAD_CURRENT_FILE() - preloaded next file: Surrender Discipline - Passing By [CRPT049].flac
10-31 23:12:24.525 29014 29014 D MusicViewModel: 📁 LOAD_CURRENT_FILE() - checking memory pressure
10-31 23:12:24.525 29014 29014 D MusicViewModel: 📁 LOAD_CURRENT_FILE() - available memory: 237MB
10-31 23:12:24.525 29014 29014 D MusicViewModel: 📁 LOAD_CURRENT_FILE() - calling audioManager.playFile()
10-31 23:12:24.526 29014 29014 D AudioManager: 📁 File URI: content://com.android.externalstorage.documents/tree/primary%3ATrial%20now%2F04.%20April/document/primary%3ATrial%20now%2F04.%20April%2F2024-04-12%2FSuBMINIMAL%20-%20Flying%20%5BAIR008%5D.flac
10-31 23:12:24.708 29014 29014 D AudioManager: 📁 Temp file created: /data/user/0/com.example.mobiledigger/cache/aiff_temp_4590367024403753366.aiff
10-31 23:12:25.197 29014 29014 D MusicViewModel: 📁 LOAD_CURRENT_FILE() - playFile result: true
10-31 23:12:25.198 29014 29014 D MusicViewModel: 📁 LOAD_CURRENT_FILE() - playback started successfully for SuBMINIMAL - Flying [AIR008].flac
10-31 23:12:25.199 29014 29014 D MusicViewModel: 📁 LOAD_CURRENT_FILE() - extracting duration for SuBMINIMAL - Flying [AIR008].flac
10-31 23:12:25.200 29014 29014 D MusicViewModel: 📁 LOAD_CURRENT_FILE() - updating notification
10-31 23:12:25.211 29014 29014 D MusicViewModel: 📁 LOAD_CURRENT_FILE() - starting preload next song
10-31 23:12:25.299 29014 29145 D MusicViewModel: 📁 LOAD_CURRENT_FILE() - extracted duration: 415017ms
10-31 23:12:25.303 29014 29014 D VlcAudioBackend: 📁 Media changed
10-31 23:12:25.435 29014 29014 D MusicViewModel: 📁 LOAD_CURRENT_FILE() - duration updated
10-31 23:12:28.543 29014 29014 D MusicViewModel: 📁 LOAD_CURRENT_FILE() called
10-31 23:12:28.544 29014 29014 D MusicViewModel: 📁 LOAD_CURRENT_FILE() - getting files for playlist: TODO
10-31 23:12:28.544 29014 29014 D MusicViewModel: 📁 LOAD_CURRENT_FILE() - files count: 315, current index: 9
10-31 23:12:28.544 29014 29014 D MusicViewModel: 📁 LOAD_CURRENT_FILE() - loading file: Surrender Discipline - Passing By [CRPT049].flac
10-31 23:12:28.544 29014 29014 D MusicViewModel: 📁 LOAD_CURRENT_FILE() - stored current file
10-31 23:12:28.544 29014 29014 D MusicViewModel: 📁 LOAD_CURRENT_FILE() - updated current playing file
10-31 23:12:28.544 29014 29014 D MusicViewModel: 📁 LOAD_CURRENT_FILE() - preloaded next file: Techniq Étage - Shkirpe.flac
10-31 23:12:28.544 29014 29014 D MusicViewModel: 📁 LOAD_CURRENT_FILE() - checking memory pressure
10-31 23:12:28.544 29014 29014 D MusicViewModel: 📁 LOAD_CURRENT_FILE() - available memory: 240MB
10-31 23:12:28.544 29014 29014 D MusicViewModel: 📁 LOAD_CURRENT_FILE() - calling audioManager.playFile()
10-31 23:12:28.545 29014 29014 D AudioManager: 📁 File URI: content://com.android.externalstorage.documents/tree/primary%3ATrial%20now%2F04.%20April/document/primary%3ATrial%20now%2F04.%20April%2F2024-04-12%2FSurrender%20Discipline%20-%20Passing%20By%20%5BCRPT049%5D.flac
10-31 23:12:28.737 29014 29014 D AudioManager: 📁 Temp file created: /data/user/0/com.example.mobiledigger/cache/aiff_temp_9117625382985460565.aiff
10-31 23:12:29.222 29014 29014 D MusicViewModel: 📁 LOAD_CURRENT_FILE() - playFile result: true
10-31 23:12:29.222 29014 29014 D MusicViewModel: 📁 LOAD_CURRENT_FILE() - playback started successfully for Surrender Discipline - Passing By [CRPT049].flac
10-31 23:12:29.223 29014 29014 D MusicViewModel: 📁 LOAD_CURRENT_FILE() - extracting duration for Surrender Discipline - Passing By [CRPT049].flac
10-31 23:12:29.224 29014 29014 D MusicViewModel: 📁 LOAD_CURRENT_FILE() - updating notification
10-31 23:12:29.226 29014 29014 D MusicViewModel: 📁 LOAD_CURRENT_FILE() - starting preload next song
10-31 23:12:29.286 29014 29014 D VlcAudioBackend: 📁 Media changed
10-31 23:12:29.289 29014 29149 D MusicViewModel: 📁 LOAD_CURRENT_FILE() - extracted duration: 461050ms
10-31 23:12:29.411 29014 29014 D MusicViewModel: 📁 LOAD_CURRENT_FILE() - duration updated
10-31 23:12:32.869 29014 29014 D MusicViewModel: 📁 LOAD_CURRENT_FILE() called
10-31 23:12:32.870 29014 29014 D MusicViewModel: 📁 LOAD_CURRENT_FILE() - getting files for playlist: TODO
10-31 23:12:32.870 29014 29014 D MusicViewModel: 📁 LOAD_CURRENT_FILE() - files count: 315, current index: 10
10-31 23:12:32.870 29014 29014 D MusicViewModel: 📁 LOAD_CURRENT_FILE() - loading file: Techniq Étage - Shkirpe.flac
10-31 23:12:32.870 29014 29014 D MusicViewModel: 📁 LOAD_CURRENT_FILE() - stored current file
10-31 23:12:32.870 29014 29014 D MusicViewModel: 📁 LOAD_CURRENT_FILE() - updated current playing file
10-31 23:12:32.871 29014 29014 D MusicViewModel: 📁 LOAD_CURRENT_FILE() - preloaded next file: Tommaso Pizzelli - Ancestor [DAM24].flac
10-31 23:12:32.871 29014 29014 D MusicViewModel: 📁 LOAD_CURRENT_FILE() - checking memory pressure
10-31 23:12:32.871 29014 29014 D MusicViewModel: 📁 LOAD_CURRENT_FILE() - available memory: 232MB
10-31 23:12:32.872 29014 29014 D MusicViewModel: 📁 LOAD_CURRENT_FILE() - calling audioManager.playFile()
10-31 23:12:32.872 29014 29014 D AudioManager: 📁 File URI: content://com.android.externalstorage.documents/tree/primary%3ATrial%20now%2F04.%20April/document/primary%3ATrial%20now%2F04.%20April%2F2024-04-12%2FTechniq%20E%CC%81tage%20-%20Shkirpe.flac
10-31 23:12:33.099 29014 29014 D AudioManager: 📁 Temp file created: /data/user/0/com.example.mobiledigger/cache/aiff_temp_4518093828282366618.aiff
10-31 23:12:33.550 29014 29014 D MusicViewModel: 📁 LOAD_CURRENT_FILE() - playFile result: true
10-31 23:12:33.551 29014 29014 D MusicViewModel: 📁 LOAD_CURRENT_FILE() - playback started successfully for Techniq Étage - Shkirpe.flac
10-31 23:12:33.552 29014 29014 D MusicViewModel: 📁 LOAD_CURRENT_FILE() - extracting duration for Techniq Étage - Shkirpe.flac
10-31 23:12:33.553 29014 29014 D MusicViewModel: 📁 LOAD_CURRENT_FILE() - updating notification
10-31 23:12:33.558 29014 29014 D MusicViewModel: 📁 LOAD_CURRENT_FILE() - starting preload next song
10-31 23:12:33.621 29014 29358 D MusicViewModel: 📁 LOAD_CURRENT_FILE() - extracted duration: 422018ms
10-31 23:12:33.645 29014 29014 D VlcAudioBackend: 📁 Media changed
10-31 23:12:33.782 29014 29014 D MusicViewModel: 📁 LOAD_CURRENT_FILE() - duration updated
10-31 23:12:39.398 29014 29014 D MusicViewModel: 📁 LOAD_CURRENT_FILE() called
10-31 23:12:39.399 29014 29014 D MusicViewModel: 📁 LOAD_CURRENT_FILE() - getting files for playlist: TODO
10-31 23:12:39.400 29014 29014 D MusicViewModel: 📁 LOAD_CURRENT_FILE() - files count: 315, current index: 11
10-31 23:12:39.400 29014 29014 D MusicViewModel: 📁 LOAD_CURRENT_FILE() - loading file: Tommaso Pizzelli - Ancestor [DAM24].flac
10-31 23:12:39.400 29014 29014 D MusicViewModel: 📁 LOAD_CURRENT_FILE() - stored current file
10-31 23:12:39.400 29014 29014 D MusicViewModel: 📁 LOAD_CURRENT_FILE() - updated current playing file
10-31 23:12:39.400 29014 29014 D MusicViewModel: 📁 LOAD_CURRENT_FILE() - preloaded next file: Velvet Velour - Shifting Slabs [RGS011].flac
10-31 23:12:39.400 29014 29014 D MusicViewModel: 📁 LOAD_CURRENT_FILE() - checking memory pressure
10-31 23:12:39.400 29014 29014 D MusicViewModel: 📁 LOAD_CURRENT_FILE() - available memory: 243MB
10-31 23:12:39.401 29014 29014 D MusicViewModel: 📁 LOAD_CURRENT_FILE() - calling audioManager.playFile()
10-31 23:12:39.401 29014 29014 D AudioManager: 📁 File URI: content://com.android.externalstorage.documents/tree/primary%3ATrial%20now%2F04.%20April/document/primary%3ATrial%20now%2F04.%20April%2F2024-04-12%2FTommaso%20Pizzelli%20-%20Ancestor%20%5BDAM24%5D.flac
10-31 23:12:39.635 29014 29014 D AudioManager: 📁 Temp file created: /data/user/0/com.example.mobiledigger/cache/aiff_temp_7182714281895733678.aiff
10-31 23:12:40.287 29014 29014 D MusicViewModel: 📁 LOAD_CURRENT_FILE() - playFile result: true
10-31 23:12:40.287 29014 29014 D MusicViewModel: 📁 LOAD_CURRENT_FILE() - playback started successfully for Tommaso Pizzelli - Ancestor [DAM24].flac
10-31 23:12:40.288 29014 29014 D MusicViewModel: 📁 LOAD_CURRENT_FILE() - extracting duration for Tommaso Pizzelli - Ancestor [DAM24].flac
10-31 23:12:40.289 29014 29014 D MusicViewModel: 📁 LOAD_CURRENT_FILE() - updating notification
10-31 23:12:40.295 29014 29014 D MusicViewModel: 📁 LOAD_CURRENT_FILE() - starting preload next song
10-31 23:12:40.344 29014 29014 D VlcAudioBackend: 📁 Media changed
10-31 23:12:40.421 29014 29139 D MusicViewModel: 📁 LOAD_CURRENT_FILE() - extracted duration: 430539ms
10-31 23:12:40.471 29014 29014 D MusicViewModel: 📁 LOAD_CURRENT_FILE() - duration updated
10-31 23:12:47.061 29014 29014 D MusicViewModel: 📁 LOAD_CURRENT_FILE() called
10-31 23:12:47.061 29014 29014 D MusicViewModel: 📁 LOAD_CURRENT_FILE() - getting files for playlist: TODO
10-31 23:12:47.061 29014 29014 D MusicViewModel: 📁 LOAD_CURRENT_FILE() - files count: 315, current index: 12
10-31 23:12:47.061 29014 29014 D MusicViewModel: 📁 LOAD_CURRENT_FILE() - loading file: Velvet Velour - Shifting Slabs [RGS011].flac
10-31 23:12:47.061 29014 29014 D MusicViewModel: 📁 LOAD_CURRENT_FILE() - stored current file
10-31 23:12:47.062 29014 29014 D MusicViewModel: 📁 LOAD_CURRENT_FILE() - updated current playing file
10-31 23:12:47.062 29014 29014 D MusicViewModel: 📁 LOAD_CURRENT_FILE() - preloaded next file: Vincent Casanova - Mikeys Attic [PRKV05].flac
10-31 23:12:47.062 29014 29014 D MusicViewModel: 📁 LOAD_CURRENT_FILE() - checking memory pressure
10-31 23:12:47.062 29014 29014 D MusicViewModel: 📁 LOAD_CURRENT_FILE() - available memory: 244MB
10-31 23:12:47.062 29014 29014 D MusicViewModel: 📁 LOAD_CURRENT_FILE() - calling audioManager.playFile()
10-31 23:12:47.062 29014 29014 D AudioManager: 📁 File URI: content://com.android.externalstorage.documents/tree/primary%3ATrial%20now%2F04.%20April/document/primary%3ATrial%20now%2F04.%20April%2F2024-04-12%2FVelvet%20Velour%20-%20Shifting%20Slabs%20%5BRGS011%5D.flac
10-31 23:12:47.287 29014 29014 D AudioManager: 📁 Temp file created: /data/user/0/com.example.mobiledigger/cache/aiff_temp_2031937800618868153.aiff
10-31 23:12:47.931 29014 29014 D MusicViewModel: 📁 LOAD_CURRENT_FILE() - playFile result: true
10-31 23:12:47.931 29014 29014 D MusicViewModel: 📁 LOAD_CURRENT_FILE() - playback started successfully for Velvet Velour - Shifting Slabs [RGS011].flac
10-31 23:12:47.934 29014 29014 D MusicViewModel: 📁 LOAD_CURRENT_FILE() - extracting duration for Velvet Velour - Shifting Slabs [RGS011].flac
10-31 23:12:47.936 29014 29014 D MusicViewModel: 📁 LOAD_CURRENT_FILE() - updating notification
10-31 23:12:47.944 29014 29014 D MusicViewModel: 📁 LOAD_CURRENT_FILE() - starting preload next song
10-31 23:12:48.031 29014 29014 D VlcAudioBackend: 📁 Media changed
10-31 23:12:48.031 29014 29149 D MusicViewModel: 📁 LOAD_CURRENT_FILE() - extracted duration: 425013ms
10-31 23:12:48.157 29014 29014 D MusicViewModel: 📁 LOAD_CURRENT_FILE() - duration updated
10-31 23:12:51.406 29014 29014 D MusicViewModel: 📁 LOAD_CURRENT_FILE() called
10-31 23:12:51.406 29014 29014 D MusicViewModel: 📁 LOAD_CURRENT_FILE() - getting files for playlist: TODO
10-31 23:12:51.407 29014 29014 D MusicViewModel: 📁 LOAD_CURRENT_FILE() - files count: 315, current index: 13
10-31 23:12:51.407 29014 29014 D MusicViewModel: 📁 LOAD_CURRENT_FILE() - loading file: Vincent Casanova - Mikeys Attic [PRKV05].flac
10-31 23:12:51.407 29014 29014 D MusicViewModel: 📁 LOAD_CURRENT_FILE() - stored current file
10-31 23:12:51.407 29014 29014 D MusicViewModel: 📁 LOAD_CURRENT_FILE() - updated current playing file
10-31 23:12:51.407 29014 29014 D MusicViewModel: 📁 LOAD_CURRENT_FILE() - preloaded next file: Vray - Falling Ashes.flac
10-31 23:12:51.408 29014 29014 D MusicViewModel: 📁 LOAD_CURRENT_FILE() - checking memory pressure
10-31 23:12:51.408 29014 29014 D MusicViewModel: 📁 LOAD_CURRENT_FILE() - available memory: 241MB
10-31 23:12:51.408 29014 29014 D MusicViewModel: 📁 LOAD_CURRENT_FILE() - calling audioManager.playFile()
10-31 23:12:51.408 29014 29014 D AudioManager: 📁 File URI: content://com.android.externalstorage.documents/tree/primary%3ATrial%20now%2F04.%20April/document/primary%3ATrial%20now%2F04.%20April%2F2024-04-12%2FVincent%20Casanova%20-%20Mikeys%20Attic%20%5BPRKV05%5D.flac
10-31 23:12:51.621 29014 29014 D AudioManager: 📁 Temp file created: /data/user/0/com.example.mobiledigger/cache/aiff_temp_1396828696935977718.aiff
10-31 23:12:52.258 29014 29014 D MusicViewModel: 📁 LOAD_CURRENT_FILE() - playFile result: true
10-31 23:12:52.258 29014 29014 D MusicViewModel: 📁 LOAD_CURRENT_FILE() - playback started successfully for Vincent Casanova - Mikeys Attic [PRKV05].flac
10-31 23:12:52.261 29014 29014 D MusicViewModel: 📁 LOAD_CURRENT_FILE() - extracting duration for Vincent Casanova - Mikeys Attic [PRKV05].flac
10-31 23:12:52.262 29014 29014 D MusicViewModel: 📁 LOAD_CURRENT_FILE() - updating notification
10-31 23:12:52.266 29014 29014 D MusicViewModel: 📁 LOAD_CURRENT_FILE() - starting preload next song
10-31 23:12:52.333 29014 29014 D VlcAudioBackend: 📁 Media changed
10-31 23:12:52.373 29014 29356 D MusicViewModel: 📁 LOAD_CURRENT_FILE() - extracted duration: 400028ms
10-31 23:12:52.461 29014 29014 D MusicViewModel: 📁 LOAD_CURRENT_FILE() - duration updated
10-31 23:12:59.341 29014 29014 D MusicViewModel: 📁 Sorting file: Mtps - Situ Dub [DAM28].flac with action DISLIKE, source: TODO
10-31 23:12:59.423 29014 29149 D FileManager: Subfolder permissions OK: content://com.android.externalstorage.documents/tree/primary%3AResults/document/primary%3AResults%2FRejected
10-31 23:12:59.443 29014 29014 D MusicViewModel: 📁 Sorting file: Nils - Infinity Incorporated [MOVESCD002].flac with action DISLIKE, source: TODO
10-31 23:12:59.545 29014 29014 D MusicViewModel: 📁 Sorting file: Pancratio - h3robraynstud23sep [OTTA8].flac with action DISLIKE, source: TODO
10-31 23:12:59.647 29014 29014 D MusicViewModel: 📁 Sorting file: Pattern Tusk - New Nectar [RCV009].flac with action DISLIKE, source: TODO
10-31 23:12:59.748 29014 29014 D MusicViewModel: 📁 Sorting file: Razhden - Vai Me [MOVESCD002].flac with action DISLIKE, source: TODO
10-31 23:12:59.849 29014 29014 D MusicViewModel: 📁 Sorting file: Santucci - Donzel de Constel.flac with action DISLIKE, source: TODO
10-31 23:12:59.951 29014 29014 D MusicViewModel: 📁 Sorting file: Serosai - Cyber Phunk.flac with action DISLIKE, source: TODO
10-31 23:13:00.051 29014 29014 D MusicViewModel: 📁 Sorting file: Shaun Soomro - Forever Smiling [OMNIA02].flac with action DISLIKE, source: TODO
10-31 23:13:00.154 29014 29014 D MusicViewModel: 📁 Sorting file: SuBMINIMAL - Flying [AIR008].flac with action DISLIKE, source: TODO
10-31 23:13:00.256 29014 29014 D MusicViewModel: 📁 Sorting file: Surrender Discipline - Passing By [CRPT049].flac with action DISLIKE, source: TODO
10-31 23:13:00.357 29014 29014 D MusicViewModel: 📁 Sorting file: Techniq Étage - Shkirpe.flac with action DISLIKE, source: TODO
10-31 23:13:00.458 29014 29014 D MusicViewModel: 📁 Sorting file: Tommaso Pizzelli - Ancestor [DAM24].flac with action DISLIKE, source: TODO
10-31 23:13:00.560 29014 29014 D MusicViewModel: 📁 Sorting file: Velvet Velour - Shifting Slabs [RGS011].flac with action DISLIKE, source: TODO
10-31 23:13:00.853 29014 29014 D MusicViewModel: 📁 FileManager.sortFile result: success=true for Mtps - Situ Dub [DAM28].flac
10-31 23:13:00.914 29014 29149 D FileManager: Subfolder permissions OK: content://com.android.externalstorage.documents/tree/primary%3AResults/document/primary%3AResults%2FRejected
10-31 23:13:01.105 29014 29357 D FileManager: Starting scanForMusicFiles with extensions: [mp3, wav, flac, aac, ogg, m4a, aif, aiff]
10-31 23:13:01.432 29014 29357 D FileManager: Starting scanForMusicFiles with extensions: [mp3, wav, flac, aac, ogg, m4a, aif, aiff]
10-31 23:13:01.442 29014 29357 D FileManager: Starting scanForMusicFiles with extensions: [mp3, wav, flac, aac, ogg, m4a, aif, aiff]
10-31 23:13:01.460 29014 29357 D FileManager: Starting scanForMusicFiles with extensions: [mp3, wav, flac, aac, ogg, m4a, aif, aiff]
10-31 23:13:01.497 29014 29357 D FileManager: 📁 SAF: Found file in 'HiFi Write To CD': Anna Calvi & Perfume Genius - I See A Darkness.aiff
10-31 23:13:01.502 29014 29357 D FileManager: Starting scanForMusicFiles with extensions: [mp3, wav, flac, aac, ogg, m4a, aif, aiff]
10-31 23:13:01.520 29014 29357 D FileManager: Starting scanForMusicFiles with extensions: [mp3, wav, flac, aac, ogg, m4a, aif, aiff]
10-31 23:13:01.534 29014 29357 D FileManager: Starting scanForMusicFiles with extensions: [mp3, wav, flac, aac, ogg, m4a, aif, aiff]
10-31 23:13:01.549 29014 29357 D FileManager: Starting scanForMusicFiles with extensions: [mp3, wav, flac, aac, ogg, m4a, aif, aiff]
10-31 23:13:01.566 29014 29357 D FileManager: Starting scanForMusicFiles with extensions: [mp3, wav, flac, aac, ogg, m4a, aif, aiff]
10-31 23:13:01.580 29014 29357 D FileManager: Starting scanForMusicFiles with extensions: [mp3, wav, flac, aac, ogg, m4a, aif, aiff]
10-31 23:13:01.598 29014 29357 D FileManager: Starting scanForMusicFiles with extensions: [mp3, wav, flac, aac, ogg, m4a, aif, aiff]
10-31 23:13:01.604 29014 29357 D FileManager: Starting scanForMusicFiles with extensions: [mp3, wav, flac, aac, ogg, m4a, aif, aiff]
10-31 23:13:01.614 29014 29357 D FileManager: Starting scanForMusicFiles with extensions: [mp3, wav, flac, aac, ogg, m4a, aif, aiff]
10-31 23:13:01.623 29014 29357 D FileManager: Starting scanForMusicFiles with extensions: [mp3, wav, flac, aac, ogg, m4a, aif, aiff]
10-31 23:13:01.781 29014 29014 D MusicViewModel: 📁 FileManager.sortFile result: success=true for Nils - Infinity Incorporated [MOVESCD002].flac
10-31 23:13:01.807 29014 29357 D FileManager: Starting scanForMusicFiles with extensions: [mp3, wav, flac, aac, ogg, m4a, aif, aiff]
10-31 23:13:01.820 29014 29357 D MusicViewModel: 📁 Subfolder: Electronica - 1 files
10-31 23:13:01.833 29014 29357 D FileManager: Starting scanForMusicFiles with extensions: [mp3, wav, flac, aac, ogg, m4a, aif, aiff]
10-31 23:13:01.840 29014 29149 D FileManager: Subfolder permissions OK: content://com.android.externalstorage.documents/tree/primary%3AResults/document/primary%3AResults%2FRejected
10-31 23:13:01.875 29014 29357 D MusicViewModel: 📁 Subfolder: DUB - 7 files
10-31 23:13:01.886 29014 29357 D FileManager: Starting scanForMusicFiles with extensions: [mp3, wav, flac, aac, ogg, m4a, aif, aiff]
10-31 23:13:02.029 29014 29357 D MusicViewModel: 📁 Subfolder: HiFi Write To CD - 17 files
10-31 23:13:02.068 29014 29357 D FileManager: Starting scanForMusicFiles with extensions: [mp3, wav, flac, aac, ogg, m4a, aif, aiff]
10-31 23:13:02.096 29014 29357 D MusicViewModel: 📁 Subfolder: DeepHouse - 2 files
10-31 23:13:02.457 29014 29357 D FileManager: Starting scanForMusicFiles with extensions: [mp3, wav, flac, aac, ogg, m4a, aif, aiff]
10-31 23:13:02.472 29014 29357 D MusicViewModel: 📁 Subfolder: Disco - 1 files
10-31 23:13:02.493 29014 29357 D FileManager: Starting scanForMusicFiles with extensions: [mp3, wav, flac, aac, ogg, m4a, aif, aiff]
10-31 23:13:02.508 29014 29357 D MusicViewModel: 📁 Subfolder: BRYZ - 1 files
10-31 23:13:02.568 29014 29357 D FileManager: Starting scanForMusicFiles with extensions: [mp3, wav, flac, aac, ogg, m4a, aif, aiff]
10-31 23:13:02.578 29014 29357 D MusicViewModel: 📁 Subfolder: AfroTech - 1 files
10-31 23:13:02.586 29014 29014 D MusicViewModel: 📁 FileManager.sortFile result: success=true for Pancratio - h3robraynstud23sep [OTTA8].flac
10-31 23:13:02.643 29014 29149 D FileManager: Subfolder permissions OK: content://com.android.externalstorage.documents/tree/primary%3AResults/document/primary%3AResults%2FRejected
10-31 23:13:02.667 29014 29357 D FileManager: Starting scanForMusicFiles with extensions: [mp3, wav, flac, aac, ogg, m4a, aif, aiff]
10-31 23:13:02.680 29014 29357 D MusicViewModel: 📁 Subfolder: HiFi - 1 files
10-31 23:13:02.695 29014 29357 D FileManager: Starting scanForMusicFiles with extensions: [mp3, wav, flac, aac, ogg, m4a, aif, aiff]
10-31 23:13:02.730 29014 29357 D MusicViewModel: 📁 Subfolder: FourTet - 5 files
10-31 23:13:02.761 29014 29357 D FileManager: Starting scanForMusicFiles with extensions: [mp3, wav, flac, aac, ogg, m4a, aif, aiff]
10-31 23:13:02.772 29014 29357 D MusicViewModel: 📁 Subfolder: Events - 0 files
10-31 23:13:02.799 29014 29357 D FileManager: Starting scanForMusicFiles with extensions: [mp3, wav, flac, aac, ogg, m4a, aif, aiff]
10-31 23:13:02.825 29014 29357 D MusicViewModel: 📁 Subfolder: Hot Since 82 - 2 files
10-31 23:13:02.866 29014 29357 D FileManager: Starting scanForMusicFiles with extensions: [mp3, wav, flac, aac, ogg, m4a, aif, aiff]
10-31 23:13:02.890 29014 29357 D MusicViewModel: 📁 Subfolder: Organic - 1 files
10-31 23:13:03.018 29014 29357 D FileManager: Starting scanForMusicFiles with extensions: [mp3, wav, flac, aac, ogg, m4a, aif, aiff]
10-31 23:13:03.036 29014 29357 D MusicViewModel: 📁 Subfolder: Kaine - 1 files
10-31 23:13:03.143 29014 29357 D FileManager: Starting scanForMusicFiles with extensions: [mp3, wav, flac, aac, ogg, m4a, aif, aiff]
10-31 23:13:03.227 29014 29357 D FileManager: Starting scanForMusicFiles with extensions: [mp3, wav, flac, aac, ogg, m4a, aif, aiff]
10-31 23:13:03.351 29014 29014 D MusicViewModel: 📁 FileManager.sortFile result: success=true for Pattern Tusk - New Nectar [RCV009].flac
10-31 23:13:03.360 29014 29357 D FileManager: Starting scanForMusicFiles with extensions: [mp3, wav, flac, aac, ogg, m4a, aif, aiff]
10-31 23:13:03.366 29014 29357 D FileManager: Starting scanForMusicFiles with extensions: [mp3, wav, flac, aac, ogg, m4a, aif, aiff]
10-31 23:13:03.374 29014 29357 D FileManager: Starting scanForMusicFiles with extensions: [mp3, wav, flac, aac, ogg, m4a, aif, aiff]
10-31 23:13:03.393 29014 29357 D FileManager: 📁 SAF: Found file in 'HiFi Write To CD': Anna Calvi & Perfume Genius - I See A Darkness.aiff
10-31 23:13:03.395 29014 29357 D FileManager: Starting scanForMusicFiles with extensions: [mp3, wav, flac, aac, ogg, m4a, aif, aiff]
10-31 23:13:03.401 29014 29149 D FileManager: Subfolder permissions OK: content://com.android.externalstorage.documents/tree/primary%3AResults/document/primary%3AResults%2FRejected
10-31 23:13:03.409 29014 29357 D FileManager: Starting scanForMusicFiles with extensions: [mp3, wav, flac, aac, ogg, m4a, aif, aiff]
10-31 23:13:03.415 29014 29357 D FileManager: Starting scanForMusicFiles with extensions: [mp3, wav, flac, aac, ogg, m4a, aif, aiff]
10-31 23:13:03.423 29014 29357 D FileManager: Starting scanForMusicFiles with extensions: [mp3, wav, flac, aac, ogg, m4a, aif, aiff]
10-31 23:13:03.430 29014 29357 D FileManager: Starting scanForMusicFiles with extensions: [mp3, wav, flac, aac, ogg, m4a, aif, aiff]
10-31 23:13:03.437 29014 29357 D FileManager: Starting scanForMusicFiles with extensions: [mp3, wav, flac, aac, ogg, m4a, aif, aiff]
10-31 23:13:03.449 29014 29357 D FileManager: Starting scanForMusicFiles with extensions: [mp3, wav, flac, aac, ogg, m4a, aif, aiff]
10-31 23:13:03.453 29014 29357 D FileManager: Starting scanForMusicFiles with extensions: [mp3, wav, flac, aac, ogg, m4a, aif, aiff]
10-31 23:13:03.463 29014 29357 D FileManager: Starting scanForMusicFiles with extensions: [mp3, wav, flac, aac, ogg, m4a, aif, aiff]
10-31 23:13:03.475 29014 29357 D FileManager: Starting scanForMusicFiles with extensions: [mp3, wav, flac, aac, ogg, m4a, aif, aiff]
10-31 23:13:03.702 29014 29357 D FileManager: Starting scanForMusicFiles with extensions: [mp3, wav, flac, aac, ogg, m4a, aif, aiff]
10-31 23:13:03.723 29014 29357 D MusicViewModel: 📁 Subfolder: Electronica - 1 files
10-31 23:13:03.747 29014 29357 D FileManager: Starting scanForMusicFiles with extensions: [mp3, wav, flac, aac, ogg, m4a, aif, aiff]
10-31 23:13:03.806 29014 29357 D MusicViewModel: 📁 Subfolder: DUB - 7 files
10-31 23:13:03.819 29014 29357 D FileManager: Starting scanForMusicFiles with extensions: [mp3, wav, flac, aac, ogg, m4a, aif, aiff]
10-31 23:13:03.882 29014 29357 D MusicViewModel: 📁 Subfolder: HiFi Write To CD - 17 files
10-31 23:13:03.905 29014 29357 D FileManager: Starting scanForMusicFiles with extensions: [mp3, wav, flac, aac, ogg, m4a, aif, aiff]
10-31 23:13:03.923 29014 29357 D MusicViewModel: 📁 Subfolder: DeepHouse - 2 files
10-31 23:13:04.052 29014 29014 D MusicViewModel: 📁 FileManager.sortFile result: success=true for Razhden - Vai Me [MOVESCD002].flac
10-31 23:13:04.110 29014 29149 D FileManager: Subfolder permissions OK: content://com.android.externalstorage.documents/tree/primary%3AResults/document/primary%3AResults%2FRejected
10-31 23:13:04.123 29014 29357 D FileManager: Starting scanForMusicFiles with extensions: [mp3, wav, flac, aac, ogg, m4a, aif, aiff]
10-31 23:13:04.136 29014 29357 D MusicViewModel: 📁 Subfolder: Disco - 1 files
10-31 23:13:04.156 29014 29357 D FileManager: Starting scanForMusicFiles with extensions: [mp3, wav, flac, aac, ogg, m4a, aif, aiff]
10-31 23:13:04.170 29014 29357 D MusicViewModel: 📁 Subfolder: BRYZ - 1 files
10-31 23:13:04.277 29014 29357 D FileManager: Starting scanForMusicFiles with extensions: [mp3, wav, flac, aac, ogg, m4a, aif, aiff]
10-31 23:13:04.303 29014 29357 D MusicViewModel: 📁 Subfolder: AfroTech - 1 files
10-31 23:13:04.448 29014 29357 D FileManager: Starting scanForMusicFiles with extensions: [mp3, wav, flac, aac, ogg, m4a, aif, aiff]
10-31 23:13:04.463 29014 29357 D MusicViewModel: 📁 Subfolder: HiFi - 1 files
10-31 23:13:04.480 29014 29357 D FileManager: Starting scanForMusicFiles with extensions: [mp3, wav, flac, aac, ogg, m4a, aif, aiff]
10-31 23:13:04.524 29014 29357 D MusicViewModel: 📁 Subfolder: FourTet - 5 files
10-31 23:13:04.555 29014 29357 D FileManager: Starting scanForMusicFiles with extensions: [mp3, wav, flac, aac, ogg, m4a, aif, aiff]
10-31 23:13:04.565 29014 29357 D MusicViewModel: 📁 Subfolder: Events - 0 files
10-31 23:13:04.584 29014 29357 D FileManager: Starting scanForMusicFiles with extensions: [mp3, wav, flac, aac, ogg, m4a, aif, aiff]
10-31 23:13:04.602 29014 29357 D MusicViewModel: 📁 Subfolder: Hot Since 82 - 2 files
10-31 23:13:04.635 29014 29357 D FileManager: Starting scanForMusicFiles with extensions: [mp3, wav, flac, aac, ogg, m4a, aif, aiff]
10-31 23:13:04.650 29014 29357 D MusicViewModel: 📁 Subfolder: Organic - 1 files
10-31 23:13:04.716 29014 29357 D FileManager: Starting scanForMusicFiles with extensions: [mp3, wav, flac, aac, ogg, m4a, aif, aiff]
10-31 23:13:04.727 29014 29357 D MusicViewModel: 📁 Subfolder: Kaine - 1 files
10-31 23:13:04.769 29014 29014 D MusicViewModel: 📁 FileManager.sortFile result: success=true for Santucci - Donzel de Constel.flac
10-31 23:13:04.788 29014 29355 D FileManager: Starting scanForMusicFiles with extensions: [mp3, wav, flac, aac, ogg, m4a, aif, aiff]
10-31 23:13:04.847 29014 29143 D FileManager: Subfolder permissions OK: content://com.android.externalstorage.documents/tree/primary%3AResults/document/primary%3AResults%2FRejected
10-31 23:13:04.868 29014 29149 D FileManager: Starting scanForMusicFiles with extensions: [mp3, wav, flac, aac, ogg, m4a, aif, aiff]
10-31 23:13:05.059 29014 29149 D FileManager: Starting scanForMusicFiles with extensions: [mp3, wav, flac, aac, ogg, m4a, aif, aiff]
10-31 23:13:05.067 29014 29149 D FileManager: Starting scanForMusicFiles with extensions: [mp3, wav, flac, aac, ogg, m4a, aif, aiff]
10-31 23:13:05.082 29014 29149 D FileManager: Starting scanForMusicFiles with extensions: [mp3, wav, flac, aac, ogg, m4a, aif, aiff]
10-31 23:13:05.105 29014 29149 D FileManager: 📁 SAF: Found file in 'HiFi Write To CD': Anna Calvi & Perfume Genius - I See A Darkness.aiff
10-31 23:13:05.109 29014 29149 D FileManager: Starting scanForMusicFiles with extensions: [mp3, wav, flac, aac, ogg, m4a, aif, aiff]
10-31 23:13:05.129 29014 29149 D FileManager: Starting scanForMusicFiles with extensions: [mp3, wav, flac, aac, ogg, m4a, aif, aiff]
10-31 23:13:05.135 29014 29149 D FileManager: Starting scanForMusicFiles with extensions: [mp3, wav, flac, aac, ogg, m4a, aif, aiff]
10-31 23:13:05.142 29014 29149 D FileManager: Starting scanForMusicFiles with extensions: [mp3, wav, flac, aac, ogg, m4a, aif, aiff]
10-31 23:13:05.152 29014 29149 D FileManager: Starting scanForMusicFiles with extensions: [mp3, wav, flac, aac, ogg, m4a, aif, aiff]
10-31 23:13:05.158 29014 29149 D FileManager: Starting scanForMusicFiles with extensions: [mp3, wav, flac, aac, ogg, m4a, aif, aiff]
10-31 23:13:05.174 29014 29149 D FileManager: Starting scanForMusicFiles with extensions: [mp3, wav, flac, aac, ogg, m4a, aif, aiff]
10-31 23:13:05.179 29014 29149 D FileManager: Starting scanForMusicFiles with extensions: [mp3, wav, flac, aac, ogg, m4a, aif, aiff]
10-31 23:13:05.194 29014 29149 D FileManager: Starting scanForMusicFiles with extensions: [mp3, wav, flac, aac, ogg, m4a, aif, aiff]
10-31 23:13:05.205 29014 29149 D FileManager: Starting scanForMusicFiles with extensions: [mp3, wav, flac, aac, ogg, m4a, aif, aiff]
10-31 23:13:05.383 29014 29149 D FileManager: Starting scanForMusicFiles with extensions: [mp3, wav, flac, aac, ogg, m4a, aif, aiff]
10-31 23:13:05.395 29014 29149 D MusicViewModel: 📁 Subfolder: Electronica - 1 files
10-31 23:13:05.406 29014 29149 D FileManager: Starting scanForMusicFiles with extensions: [mp3, wav, flac, aac, ogg, m4a, aif, aiff]
10-31 23:13:05.435 29014 29149 D MusicViewModel: 📁 Subfolder: DUB - 7 files
10-31 23:13:05.445 29014 29149 D FileManager: Starting scanForMusicFiles with extensions: [mp3, wav, flac, aac, ogg, m4a, aif, aiff]
10-31 23:13:05.469 29014 29014 D MusicViewModel: 📁 FileManager.sortFile result: success=true for Serosai - Cyber Phunk.flac
10-31 23:13:05.501 29014 29149 D MusicViewModel: 📁 Subfolder: HiFi Write To CD - 17 files
10-31 23:13:05.520 29014 29149 D FileManager: Starting scanForMusicFiles with extensions: [mp3, wav, flac, aac, ogg, m4a, aif, aiff]
10-31 23:13:05.528 29014 29143 D FileManager: Subfolder permissions OK: content://com.android.externalstorage.documents/tree/primary%3AResults/document/primary%3AResults%2FRejected
10-31 23:13:05.531 29014 29149 D MusicViewModel: 📁 Subfolder: DeepHouse - 2 files
10-31 23:13:05.723 29014 29149 D FileManager: Starting scanForMusicFiles with extensions: [mp3, wav, flac, aac, ogg, m4a, aif, aiff]
10-31 23:13:05.733 29014 29149 D MusicViewModel: 📁 Subfolder: Disco - 1 files
10-31 23:13:05.748 29014 29149 D FileManager: Starting scanForMusicFiles with extensions: [mp3, wav, flac, aac, ogg, m4a, aif, aiff]
10-31 23:13:05.761 29014 29149 D MusicViewModel: 📁 Subfolder: BRYZ - 1 files
10-31 23:13:05.813 29014 29149 D FileManager: Starting scanForMusicFiles with extensions: [mp3, wav, flac, aac, ogg, m4a, aif, aiff]
10-31 23:13:05.825 29014 29149 D MusicViewModel: 📁 Subfolder: AfroTech - 1 files
10-31 23:13:05.915 29014 29149 D FileManager: Starting scanForMusicFiles with extensions: [mp3, wav, flac, aac, ogg, m4a, aif, aiff]
10-31 23:13:05.938 29014 29149 D MusicViewModel: 📁 Subfolder: HiFi - 1 files
10-31 23:13:05.950 29014 29149 D FileManager: Starting scanForMusicFiles with extensions: [mp3, wav, flac, aac, ogg, m4a, aif, aiff]
10-31 23:13:05.979 29014 29149 D MusicViewModel: 📁 Subfolder: FourTet - 5 files
10-31 23:13:06.000 29014 29149 D FileManager: Starting scanForMusicFiles with extensions: [mp3, wav, flac, aac, ogg, m4a, aif, aiff]
10-31 23:13:06.006 29014 29149 D MusicViewModel: 📁 Subfolder: Events - 0 files
10-31 23:13:06.019 29014 29014 D MusicViewModel: 📁 FileManager.sortFile result: success=true for Shaun Soomro - Forever Smiling [OMNIA02].flac
10-31 23:13:06.020 29014 29149 D FileManager: Starting scanForMusicFiles with extensions: [mp3, wav, flac, aac, ogg, m4a, aif, aiff]
10-31 23:13:06.048 29014 29149 D MusicViewModel: 📁 Subfolder: Hot Since 82 - 2 files
10-31 23:13:06.082 29014 29143 D FileManager: Subfolder permissions OK: content://com.android.externalstorage.documents/tree/primary%3AResults/document/primary%3AResults%2FRejected
10-31 23:13:06.088 29014 29149 D FileManager: Starting scanForMusicFiles with extensions: [mp3, wav, flac, aac, ogg, m4a, aif, aiff]
10-31 23:13:06.100 29014 29149 D MusicViewModel: 📁 Subfolder: Organic - 1 files
10-31 23:13:06.187 29014 29149 D FileManager: Starting scanForMusicFiles with extensions: [mp3, wav, flac, aac, ogg, m4a, aif, aiff]
10-31 23:13:06.207 29014 29149 D MusicViewModel: 📁 Subfolder: Kaine - 1 files
10-31 23:13:06.345 29014 29358 D FileManager: Starting scanForMusicFiles with extensions: [mp3, wav, flac, aac, ogg, m4a, aif, aiff]
10-31 23:13:06.481 29014 29358 D FileManager: Starting scanForMusicFiles with extensions: [mp3, wav, flac, aac, ogg, m4a, aif, aiff]
10-31 23:13:06.645 29014 29358 D FileManager: Starting scanForMusicFiles with extensions: [mp3, wav, flac, aac, ogg, m4a, aif, aiff]
10-31 23:13:06.652 29014 29358 D FileManager: Starting scanForMusicFiles with extensions: [mp3, wav, flac, aac, ogg, m4a, aif, aiff]
10-31 23:13:06.671 29014 29358 D FileManager: Starting scanForMusicFiles with extensions: [mp3, wav, flac, aac, ogg, m4a, aif, aiff]
10-31 23:13:06.688 29014 29358 D FileManager: 📁 SAF: Found file in 'HiFi Write To CD': Anna Calvi & Perfume Genius - I See A Darkness.aiff
10-31 23:13:06.690 29014 29358 D FileManager: Starting scanForMusicFiles with extensions: [mp3, wav, flac, aac, ogg, m4a, aif, aiff]
10-31 23:13:06.701 29014 29358 D FileManager: Starting scanForMusicFiles with extensions: [mp3, wav, flac, aac, ogg, m4a, aif, aiff]
10-31 23:13:06.707 29014 29358 D FileManager: Starting scanForMusicFiles with extensions: [mp3, wav, flac, aac, ogg, m4a, aif, aiff]
10-31 23:13:06.713 29014 29358 D FileManager: Starting scanForMusicFiles with extensions: [mp3, wav, flac, aac, ogg, m4a, aif, aiff]
10-31 23:13:06.722 29014 29358 D FileManager: Starting scanForMusicFiles with extensions: [mp3, wav, flac, aac, ogg, m4a, aif, aiff]
10-31 23:13:06.727 29014 29358 D FileManager: Starting scanForMusicFiles with extensions: [mp3, wav, flac, aac, ogg, m4a, aif, aiff]
10-31 23:13:06.734 29014 29358 D FileManager: Starting scanForMusicFiles with extensions: [mp3, wav, flac, aac, ogg, m4a, aif, aiff]
10-31 23:13:06.738 29014 29358 D FileManager: Starting scanForMusicFiles with extensions: [mp3, wav, flac, aac, ogg, m4a, aif, aiff]
10-31 23:13:06.744 29014 29358 D FileManager: Starting scanForMusicFiles with extensions: [mp3, wav, flac, aac, ogg, m4a, aif, aiff]
10-31 23:13:06.750 29014 29358 D FileManager: Starting scanForMusicFiles with extensions: [mp3, wav, flac, aac, ogg, m4a, aif, aiff]
10-31 23:13:06.784 29014 29014 D MusicViewModel: 📁 FileManager.sortFile result: success=true for SuBMINIMAL - Flying [AIR008].flac
10-31 23:13:06.834 29014 29143 D FileManager: Subfolder permissions OK: content://com.android.externalstorage.documents/tree/primary%3AResults/document/primary%3AResults%2FRejected
10-31 23:13:06.943 29014 29358 D FileManager: Starting scanForMusicFiles with extensions: [mp3, wav, flac, aac, ogg, m4a, aif, aiff]
10-31 23:13:06.956 29014 29358 D MusicViewModel: 📁 Subfolder: Electronica - 1 files
10-31 23:13:06.968 29014 29358 D FileManager: Starting scanForMusicFiles with extensions: [mp3, wav, flac, aac, ogg, m4a, aif, aiff]
10-31 23:13:07.006 29014 29358 D MusicViewModel: 📁 Subfolder: DUB - 7 files
10-31 23:13:07.019 29014 29358 D FileManager: Starting scanForMusicFiles with extensions: [mp3, wav, flac, aac, ogg, m4a, aif, aiff]
10-31 23:13:07.113 29014 29358 D MusicViewModel: 📁 Subfolder: HiFi Write To CD - 17 files
10-31 23:13:07.144 29014 29358 D FileManager: Starting scanForMusicFiles with extensions: [mp3, wav, flac, aac, ogg, m4a, aif, aiff]
10-31 23:13:07.164 29014 29358 D MusicViewModel: 📁 Subfolder: DeepHouse - 2 files
10-31 23:13:07.458 29014 29358 D FileManager: Starting scanForMusicFiles with extensions: [mp3, wav, flac, aac, ogg, m4a, aif, aiff]
10-31 23:13:07.474 29014 29358 D MusicViewModel: 📁 Subfolder: Disco - 1 files
10-31 23:13:07.492 29014 29358 D FileManager: Starting scanForMusicFiles with extensions: [mp3, wav, flac, aac, ogg, m4a, aif, aiff]
10-31 23:13:07.503 29014 29358 D MusicViewModel: 📁 Subfolder: BRYZ - 1 files
10-31 23:13:07.530 29014 29014 D MusicViewModel: 📁 FileManager.sortFile result: success=true for Surrender Discipline - Passing By [CRPT049].flac
10-31 23:13:07.555 29014 29358 D FileManager: Starting scanForMusicFiles with extensions: [mp3, wav, flac, aac, ogg, m4a, aif, aiff]
10-31 23:13:07.571 29014 29358 D MusicViewModel: 📁 Subfolder: AfroTech - 1 files
10-31 23:13:07.584 29014 29143 D FileManager: Subfolder permissions OK: content://com.android.externalstorage.documents/tree/primary%3AResults/document/primary%3AResults%2FRejected
10-31 23:13:07.658 29014 29358 D FileManager: Starting scanForMusicFiles with extensions: [mp3, wav, flac, aac, ogg, m4a, aif, aiff]
10-31 23:13:07.670 29014 29358 D MusicViewModel: 📁 Subfolder: HiFi - 1 files
10-31 23:13:07.682 29014 29358 D FileManager: Starting scanForMusicFiles with extensions: [mp3, wav, flac, aac, ogg, m4a, aif, aiff]
10-31 23:13:07.719 29014 29358 D MusicViewModel: 📁 Subfolder: FourTet - 5 files
10-31 23:13:07.760 29014 29358 D FileManager: Starting scanForMusicFiles with extensions: [mp3, wav, flac, aac, ogg, m4a, aif, aiff]
10-31 23:13:07.770 29014 29358 D MusicViewModel: 📁 Subfolder: Events - 0 files
10-31 23:13:07.790 29014 29358 D FileManager: Starting scanForMusicFiles with extensions: [mp3, wav, flac, aac, ogg, m4a, aif, aiff]
10-31 23:13:07.811 29014 29358 D MusicViewModel: 📁 Subfolder: Hot Since 82 - 2 files
10-31 23:13:07.849 29014 29358 D FileManager: Starting scanForMusicFiles with extensions: [mp3, wav, flac, aac, ogg, m4a, aif, aiff]
10-31 23:13:07.870 29014 29358 D MusicViewModel: 📁 Subfolder: Organic - 1 files
10-31 23:13:07.964 29014 29358 D FileManager: Starting scanForMusicFiles with extensions: [mp3, wav, flac, aac, ogg, m4a, aif, aiff]
10-31 23:13:07.982 29014 29358 D MusicViewModel: 📁 Subfolder: Kaine - 1 files
10-31 23:13:08.065 29014 29149 D FileManager: Starting scanForMusicFiles with extensions: [mp3, wav, flac, aac, ogg, m4a, aif, aiff]
10-31 23:13:08.168 29014 29358 D FileManager: Starting scanForMusicFiles with extensions: [mp3, wav, flac, aac, ogg, m4a, aif, aiff]
10-31 23:13:08.215 29014 29014 D MusicViewModel: 📁 FileManager.sortFile result: success=true for Techniq Étage - Shkirpe.flac
10-31 23:13:08.278 29014 29143 D FileManager: Subfolder permissions OK: content://com.android.externalstorage.documents/tree/primary%3AResults/document/primary%3AResults%2FRejected
10-31 23:13:08.315 29014 29358 D FileManager: Starting scanForMusicFiles with extensions: [mp3, wav, flac, aac, ogg, m4a, aif, aiff]
10-31 23:13:08.323 29014 29358 D FileManager: Starting scanForMusicFiles with extensions: [mp3, wav, flac, aac, ogg, m4a, aif, aiff]
10-31 23:13:08.335 29014 29358 D FileManager: Starting scanForMusicFiles with extensions: [mp3, wav, flac, aac, ogg, m4a, aif, aiff]
10-31 23:13:08.357 29014 29358 D FileManager: 📁 SAF: Found file in 'HiFi Write To CD': Anna Calvi & Perfume Genius - I See A Darkness.aiff
10-31 23:13:08.359 29014 29358 D FileManager: Starting scanForMusicFiles with extensions: [mp3, wav, flac, aac, ogg, m4a, aif, aiff]
10-31 23:13:08.370 29014 29358 D FileManager: Starting scanForMusicFiles with extensions: [mp3, wav, flac, aac, ogg, m4a, aif, aiff]
10-31 23:13:08.376 29014 29358 D FileManager: Starting scanForMusicFiles with extensions: [mp3, wav, flac, aac, ogg, m4a, aif, aiff]
10-31 23:13:08.382 29014 29358 D FileManager: Starting scanForMusicFiles with extensions: [mp3, wav, flac, aac, ogg, m4a, aif, aiff]
10-31 23:13:08.389 29014 29358 D FileManager: Starting scanForMusicFiles with extensions: [mp3, wav, flac, aac, ogg, m4a, aif, aiff]
10-31 23:13:08.395 29014 29358 D FileManager: Starting scanForMusicFiles with extensions: [mp3, wav, flac, aac, ogg, m4a, aif, aiff]
10-31 23:13:08.407 29014 29358 D FileManager: Starting scanForMusicFiles with extensions: [mp3, wav, flac, aac, ogg, m4a, aif, aiff]
10-31 23:13:08.411 29014 29358 D FileManager: Starting scanForMusicFiles with extensions: [mp3, wav, flac, aac, ogg, m4a, aif, aiff]
10-31 23:13:08.420 29014 29358 D FileManager: Starting scanForMusicFiles with extensions: [mp3, wav, flac, aac, ogg, m4a, aif, aiff]
10-31 23:13:08.428 29014 29358 D FileManager: Starting scanForMusicFiles with extensions: [mp3, wav, flac, aac, ogg, m4a, aif, aiff]
10-31 23:13:08.623 29014 29358 D FileManager: Starting scanForMusicFiles with extensions: [mp3, wav, flac, aac, ogg, m4a, aif, aiff]
10-31 23:13:08.636 29014 29358 D MusicViewModel: 📁 Subfolder: Electronica - 1 files
10-31 23:13:08.646 29014 29358 D FileManager: Starting scanForMusicFiles with extensions: [mp3, wav, flac, aac, ogg, m4a, aif, aiff]
10-31 23:13:08.680 29014 29358 D MusicViewModel: 📁 Subfolder: DUB - 7 files
10-31 23:13:08.692 29014 29358 D FileManager: Starting scanForMusicFiles with extensions: [mp3, wav, flac, aac, ogg, m4a, aif, aiff]
10-31 23:13:08.775 29014 29358 D MusicViewModel: 📁 Subfolder: HiFi Write To CD - 17 files
10-31 23:13:08.804 29014 29358 D FileManager: Starting scanForMusicFiles with extensions: [mp3, wav, flac, aac, ogg, m4a, aif, aiff]
10-31 23:13:08.817 29014 29358 D MusicViewModel: 📁 Subfolder: DeepHouse - 2 files
10-31 23:13:08.900 29014 29014 D MusicViewModel: 📁 FileManager.sortFile result: success=true for Tommaso Pizzelli - Ancestor [DAM24].flac
10-31 23:13:08.979 29014 29143 D FileManager: Subfolder permissions OK: content://com.android.externalstorage.documents/tree/primary%3AResults/document/primary%3AResults%2FRejected
10-31 23:13:09.045 29014 29358 D FileManager: Starting scanForMusicFiles with extensions: [mp3, wav, flac, aac, ogg, m4a, aif, aiff]
10-31 23:13:09.061 29014 29358 D MusicViewModel: 📁 Subfolder: Disco - 1 files
10-31 23:13:09.087 29014 29358 D FileManager: Starting scanForMusicFiles with extensions: [mp3, wav, flac, aac, ogg, m4a, aif, aiff]
10-31 23:13:09.105 29014 29358 D MusicViewModel: 📁 Subfolder: BRYZ - 1 files
10-31 23:13:09.208 29014 29358 D FileManager: Starting scanForMusicFiles with extensions: [mp3, wav, flac, aac, ogg, m4a, aif, aiff]
10-31 23:13:09.233 29014 29358 D MusicViewModel: 📁 Subfolder: AfroTech - 1 files
10-31 23:13:09.375 29014 29358 D FileManager: Starting scanForMusicFiles with extensions: [mp3, wav, flac, aac, ogg, m4a, aif, aiff]
10-31 23:13:09.391 29014 29358 D MusicViewModel: 📁 Subfolder: HiFi - 1 files
10-31 23:13:09.407 29014 29358 D FileManager: Starting scanForMusicFiles with extensions: [mp3, wav, flac, aac, ogg, m4a, aif, aiff]
10-31 23:13:09.458 29014 29358 D MusicViewModel: 📁 Subfolder: FourTet - 5 files
10-31 23:13:09.483 29014 29358 D FileManager: Starting scanForMusicFiles with extensions: [mp3, wav, flac, aac, ogg, m4a, aif, aiff]
10-31 23:13:09.492 29014 29358 D MusicViewModel: 📁 Subfolder: Events - 0 files
10-31 23:13:09.508 29014 29358 D FileManager: Starting scanForMusicFiles with extensions: [mp3, wav, flac, aac, ogg, m4a, aif, aiff]
10-31 23:13:09.524 29014 29358 D MusicViewModel: 📁 Subfolder: Hot Since 82 - 2 files
10-31 23:13:09.563 29014 29358 D FileManager: Starting scanForMusicFiles with extensions: [mp3, wav, flac, aac, ogg, m4a, aif, aiff]
10-31 23:13:09.578 29014 29358 D MusicViewModel: 📁 Subfolder: Organic - 1 files
