11-10 15:25:28.174  1431  2167 W USF     : USF_API: Drop flicker data, cannot find sampling_id:84682!
11-10 15:25:28.174  1884  4398 D ActivityManager: sync unfroze 2957 com.google.android.apps.wellbeing for 7
11-10 15:25:28.174  1884  1884 I Telecom : InCallController: updateCarModeForConnections: car mode apps: : SSH.oR@0qU
11-10 15:25:28.174  1884  1884 I Telecom : InCallController: update carmode current:UserHandle{0} parent:null: SSH.oR@0qU
11-10 15:25:28.181 14132 14132 D ActivityThread: Package [com.example.mobiledigger] reported as REPLACED, but missing application info. Assuming REMOVED.
11-10 15:25:28.182 19851 19851 D ActivityThread: Package [com.example.mobiledigger] reported as REPLACED, but missing application info. Assuming REMOVED.
11-10 15:25:28.183  1431  2167 W USF     : USF_API: Drop flicker data, cannot find sampling_id:84682!
11-10 15:25:28.184  3130  3130 D CarrierSvcBindHelper: onPackageUpdateFinished: com.example.mobiledigger
11-10 15:25:28.184  1884  2730 D BackgroundInstallControlService: Package event received: 0
11-10 15:25:28.184  1884  2730 D BackgroundInstallControlService: Package event received: 0
11-10 15:25:28.184  1884  2730 D BackgroundInstallControlService: Package event received: 0
11-10 15:25:28.184  1884  2730 D BackgroundInstallControlService: Package event received: 0
11-10 15:25:28.184 14132 14132 D ActivityThread: Package [com.example.mobiledigger] reported as REPLACED, but missing application info. Assuming REMOVED.
11-10 15:25:28.188  3130  3130 D CarrierSvcBindHelper: No carrier app for: 0
11-10 15:25:28.188  3130  3130 D CarrierSvcBindHelper: No carrier app for: 1
11-10 15:25:28.189  3130  3130 D CarrierSvcBindHelper: onPackageModified: com.example.mobiledigger
11-10 15:25:28.189  3130  3130 D CarrierSvcBindHelper: No carrier app for: 0
11-10 15:25:28.189  3130  3130 D CarrierSvcBindHelper: No carrier app for: 1
11-10 15:25:28.189 19851 19851 D ActivityThread: Package [com.example.mobiledigger] reported as REPLACED, but missing application info. Assuming REMOVED.
11-10 15:25:28.189 12933 12955 D PackageUpdatedTask: Package updated: mOp=UPDATE packages=[com.example.mobiledigger], user=UserHandle{0}
11-10 15:25:28.190  1884  1884 D AS.AudioService: received android.intent.action.PACKAGE_ADDED replacing: true archival: false for package com.example.mobiledigger with uid 10658
11-10 15:25:28.192  1488  1488 D NativePermissionController: updatePackagesForUid, UidPackageState{uid: 10658, packageNames: [com.example.mobiledigger]}
11-10 15:25:28.192 24892 30695 I AiAiEcho: (REDACTED) AppIndexer Package:[%s] UserProfile:[%d] Enabled:[%s].
11-10 15:25:28.192 24892 30695 I AiAiEcho: (REDACTED) AppFetcherImplV2 updateApps package:[%s], userId:[%d], reason:[%s].
11-10 15:25:28.194  1431  2167 W USF     : USF_API: Drop flicker data, cannot find sampling_id:84682!
11-10 15:25:28.197  1884  2730 D BackgroundInstallControlService: Package event received: 0
11-10 15:25:28.198  1884  1884 D AppSearchAppsIndexerManagerS: userid in package receiver: 10658
11-10 15:25:28.199  1884  2730 D BackgroundInstallControlService: Package event received: 0
11-10 15:25:28.202  1884  1884 D BackupManagerConstants: getFullBackupIntervalMilliseconds(...) returns 86400000
11-10 15:25:28.202  1884  1884 D BackupManagerConstants: getFullBackupRequiredNetworkType(...) returns 2
11-10 15:25:28.202  1884  1884 D BackupManagerConstants: getFullBackupRequireCharging(...) returns true
11-10 15:25:28.203  1431  2167 W USF     : USF_API: Drop flicker data, cannot find sampling_id:84682!
11-10 15:25:28.206  3130  3130 E SmsApplication: com.google.android.apps.messaging lost android:read_cell_broadcasts:  (fixing)
11-10 15:25:28.206  1884  5670 W AppOpService: Ignored setUidMode call for runtime permission app op: uid = 10140, code = READ_CELL_BROADCASTS, mode = allow, callingUid = 1001, oldMode = allow
11-10 15:25:28.208  1884  3084 W ParceledListSlice: Element #3 is 31716 bytes.
11-10 15:25:28.208  1884  2465 I RoleService: Granting default roles...
11-10 15:25:28.210 31972 31972 I Finsky:background: [2] IQ: onPackageRemoved com.example.mobiledigger, replacing=true, uninstallingFromPlay=false
11-10 15:25:28.211  1884  5670 W AppOpService: Ignored setUidMode call for runtime permission app op: uid = 1001, code = READ_SMS, mode = allow, callingUid = 1001, oldMode = allow
11-10 15:25:28.212  1884  5670 W AppOpService: Ignored setUidMode call for runtime permission app op: uid = 1001, code = RECEIVE_SMS, mode = allow, callingUid = 1001, oldMode = allow
11-10 15:25:28.212  1884  5666 W AppOpService: Ignored setUidMode call for runtime permission app op: uid = 1001, code = RECEIVE_WAP_PUSH, mode = allow, callingUid = 1001, oldMode = allow
11-10 15:25:28.212 29449 29449 I Finsky  : [2] AIM: AppInfoCacheUpdater -> invalidating apps: [com.example.mobiledigger]
11-10 15:25:28.212  1884  1884 D AppSearchAppsIndexerManagerS: userid in package receiver: 10658
11-10 15:25:28.213  3038  3038 D NfcService: renewTagAppPrefList: TagAppPreference changed false
11-10 15:25:28.213  1884  3071 W AppOpService: Ignored setUidMode call for runtime permission app op: uid = 1001, code = SEND_SMS, mode = allow, callingUid = 1001, oldMode = allow
11-10 15:25:28.213  1431  2167 W USF     : USF_API: Drop flicker data, cannot find sampling_id:84682!
11-10 15:25:28.216  1884  3071 W AppOpService: Ignored setUidMode call for runtime permission app op: uid = 1001, code = READ_CELL_BROADCASTS, mode = allow, callingUid = 1001, oldMode = allow
11-10 15:25:28.216  3038  3038 D RegisteredNfcFServicesCache: onReceive: Ignoring package intent due to package being replaced.
11-10 15:25:28.219  3038  3038 I RegisteredComponentCache: generateComponentsList: New Components => 
11-10 15:25:28.219  3038  3038 I RegisteredComponentCache: ComponentInfo: ResolveInfo{738ff5d com.google.android.tag/com.android.apps.tag.TagViewer m=0x108000 userHandle=UserHandle{0}}, techs: android.nfc.tech.Ndef, 
11-10 15:25:28.219  3038  3038 I RegisteredComponentCache: ComponentInfo: ResolveInfo{140d2 com.paypal.android.p2pmobile/com.paypal.android.pdsdk.ui.receive.PayDropReceiveActivity$EntryPoint m=0x108000 userHandle=UserHandle{0}}, techs: android.nfc.tech.IsoDep, 
11-10 15:25:28.219  3038  3038 I RegisteredComponentCache: ComponentInfo: ResolveInfo{6b4c5a3 com.paypal.android.p2pmobile/com.paypal.android.pdsdk.ui.send.PayDropSendingStatusActivity$EntryPoint m=0x108000 userHandle=UserHandle{0}}, techs: android.nfc.tech.IsoDep, 
11-10 15:25:28.219  3038  3038 I RegisteredComponentCache: ComponentInfo: ResolveInfo{e4200a0 com.paypal.android.p2pmobile/com.paypal.android.pdsdk.ui.send.enteramount.PayDropEnterAmountActivity$EntryPoint m=0x108000 userHandle=UserHandle{0}}, techs: android.nfc.tech.IsoDep, 
11-10 15:25:28.219  3038  3038 I RegisteredComponentCache: generateComponentsList: Removed Components => 
11-10 15:25:28.219  3038  3038 I RegisteredComponentCache: ComponentInfo: ResolveInfo{ef96ab1 com.google.android.tag/com.android.apps.tag.TagViewer m=0x108000 userHandle=UserHandle{0}}, techs: android.nfc.tech.Ndef, 
11-10 15:25:28.219  3038  3038 I RegisteredComponentCache: ComponentInfo: ResolveInfo{49a8b96 com.paypal.android.p2pmobile/com.paypal.android.pdsdk.ui.receive.PayDropReceiveActivity$EntryPoint m=0x108000 userHandle=UserHandle{0}}, techs: android.nfc.tech.IsoDep, 
11-10 15:25:28.219  3038  3038 I RegisteredComponentCache: ComponentInfo: ResolveInfo{8595317 com.paypal.android.p2pmobile/com.paypal.android.pdsdk.ui.send.PayDropSendingStatusActivity$EntryPoint m=0x108000 userHandle=UserHandle{0}}, techs: android.nfc.tech.IsoDep, 
11-10 15:25:28.219  3038  3038 I RegisteredComponentCache: ComponentInfo: ResolveInfo{239304 com.paypal.android.p2pmobile/com.paypal.android.pdsdk.ui.send.enteramount.PayDropEnterAmountActivity$EntryPoint m=0x108000 userHandle=UserHandle{0}}, techs: android.nfc.tech.IsoDep, 
11-10 15:25:28.219  1884  2920 E RoleControllerServiceImpl: Default/fallback role holder package doesn't qualify for the role, package: com.google.android.retaildemo, role: android.app.role.RETAIL_DEMO, user: 0
11-10 15:25:28.220  1884  2920 E RoleControllerServiceImpl: Default/fallback role holder package doesn't qualify for the role, package: com.google.android.gms.supervision, role: android.app.role.SYSTEM_SUPERVISION, user: 0
11-10 15:25:28.220 14132 14132 I EuiccGoogle: [2] NetworkFetcher.getFirstActiveEuiccSlotId: isRemovableEsimDefault: false
11-10 15:25:28.223  2957  2957 D ActivityThread: Package [com.example.mobiledigger] reported as REPLACED, but missing application info. Assuming REMOVED.
11-10 15:25:28.223  1431  2167 W USF     : USF_API: Drop flicker data, cannot find sampling_id:84682!
11-10 15:25:28.223 31972 31972 I Finsky:background: [2] agim - Received: android.intent.action.PACKAGE_ADDED, [F8SdPmz-nDnkHAASXyGhRL_JSafYynzTZ1KyLvYja6g]
11-10 15:25:28.225  1884  5666 W ParceledListSlice: Element #3 is 31716 bytes.
11-10 15:25:28.226  3130  3130 E SmsApplication: com.google.android.apps.messaging lost android:read_cell_broadcasts:  (fixing)
11-10 15:25:28.226  1884  3071 W AppOpService: Ignored setUidMode call for runtime permission app op: uid = 10140, code = READ_CELL_BROADCASTS, mode = allow, callingUid = 1001, oldMode = allow
11-10 15:25:28.229  1431  2167 W USF     : USF_API: Drop sample report, cannot find sampling_id:84682
11-10 15:25:28.230  1884  3071 W AppOpService: Ignored setUidMode call for runtime permission app op: uid = 1001, code = READ_SMS, mode = allow, callingUid = 1001, oldMode = allow
11-10 15:25:28.230  1884  1884 D ActivityManager: sync unfroze 21379 com.google.android.odad for 6
11-10 15:25:28.230  1884  3084 W AppOpService: Ignored setUidMode call for runtime permission app op: uid = 1001, code = RECEIVE_SMS, mode = allow, callingUid = 1001, oldMode = allow
11-10 15:25:28.230  1884  3071 W AppOpService: Ignored setUidMode call for runtime permission app op: uid = 1001, code = RECEIVE_WAP_PUSH, mode = allow, callingUid = 1001, oldMode = allow
11-10 15:25:28.232 14132 14132 I EuiccGoogle: [2] EuiccServiceImpl.onCreate: onCreate DSDS mode: simCardState is 11
11-10 15:25:28.233  1431  2167 W USF     : USF_API: Drop flicker data, cannot find sampling_id:84682!
11-10 15:25:28.234  2957  2957 D ActivityThread: Package [com.example.mobiledigger] reported as REPLACED, but missing application info. Assuming REMOVED.
11-10 15:25:28.236  3038  3038 D NfcService: renewTagAppPrefList: TagAppPreference changed false
11-10 15:25:28.238  1884  5670 W AppOpService: Ignored setUidMode call for runtime permission app op: uid = 1001, code = SEND_SMS, mode = allow, callingUid = 1001, oldMode = allow
11-10 15:25:28.238 21379 21379 D ActivityThread: Package [com.example.mobiledigger] reported as REPLACED, but missing application info. Assuming REMOVED.
11-10 15:25:28.239 29449 29449 I Finsky  : [2] AIM: AppInfoManager-Perf > Creating AppInfoManager ...
11-10 15:25:28.239  1884  5670 V ActivityManager: Got obituary of 28767:com.example.mobiledigger:music
11-10 15:25:28.239  1884  4372 I MediaSessionStack: removeSession | record: com.example.mobiledigger/androidx.media3.session.id./1002 (userId=0)
11-10 15:25:28.239  1884  4372 D MediaSessionService: destroySessionLocked: record=com.example.mobiledigger/androidx.media3.session.id./1002 (userId=0)
11-10 15:25:28.240  1884  2721 D MediaSessionService: setFgsIfNoSessionIsLinkedToNotification: record=com.example.mobiledigger/androidx.media3.session.id./1002 (userId=0)
11-10 15:25:28.240  1884  4398 W AppOpService: Ignored setUidMode call for runtime permission app op: uid = 1001, code = READ_CELL_BROADCASTS, mode = allow, callingUid = 1001, oldMode = allow
11-10 15:25:28.241 21379 21379 D ActivityThread: Package [com.example.mobiledigger] reported as REPLACED, but missing application info. Assuming REMOVED.
11-10 15:25:28.241  1884  4372 I MediaSessionStack: removeSession | record: com.example.mobiledigger/MobileDigger/1003 (userId=0)
11-10 15:25:28.241  1884  4372 D MediaSessionService: Media button session is changed to null
11-10 15:25:28.241  1884  4372 D MediaSessionService: destroySessionLocked: record=com.example.mobiledigger/MobileDigger/1003 (userId=0)
11-10 15:25:28.242  1884  2721 D MediaSessionService: setFgsIfNoSessionIsLinkedToNotification: record=com.example.mobiledigger/MobileDigger/1003 (userId=0)
11-10 15:25:28.242  1884  4372 W MediaSessionRecord: Ignoring call to destroyed session
11-10 15:25:28.242  1884  2060 W MediaSessionRecord: Ignoring call to destroyed session
11-10 15:25:28.242  1431  2167 W USF     : USF_API: Drop flicker data, cannot find sampling_id:84682!
11-10 15:25:28.242  1884 30769 V Configuration: Updating configuration, locales updated from [] to [en_US,ro_RO]
11-10 15:25:28.243  1884 30769 V Configuration: Updating configuration, locales updated from [] to [en_US]
11-10 15:25:28.243  1884 30769 V Configuration: Updating configuration, locales updated from [] to [en_US,ro_RO]
11-10 15:25:28.243  1884 30769 V Configuration: Updating configuration, locales updated from [] to [en_US,ro_RO]
11-10 15:25:28.243  1884  2439 W MediaSessionRecord: Ignoring call to destroyed session
11-10 15:25:28.243  1695  1695 I adbd    : Remote process closed the socket (on MSG_PEEK)
11-10 15:25:28.243  1884  4372 W MediaSessionRecord: Ignoring call to destroyed session
11-10 15:25:28.244  1884  3071 W MediaSessionRecord: Ignoring call to destroyed session
11-10 15:25:28.244  1884  4367 W MediaSessionRecord: Ignoring call to destroyed session
11-10 15:25:28.245  1884  2447 W MediaSessionRecord: Ignoring call to destroyed session
11-10 15:25:28.245  1884  2447 W MediaSessionRecord: Ignoring call to destroyed session
11-10 15:25:28.245  1884  4379 W MediaSessionRecord: Ignoring call to destroyed session
11-10 15:25:28.246 12933 12955 D AlphabeticIndexCompat: computeSectionName: cs: MobileDigger sectionName: M
11-10 15:25:28.246  3130  3445 D ImsResolver: maybeAddedImsService, packageName: com.example.mobiledigger
11-10 15:25:28.246  3130  3445 V ImsResolver: searchForImsServices: package=com.example.mobiledigger, users=[UserHandle{0}]
11-10 15:25:28.246  4488  4488 I Dtdi    : (REDACTED) [MediaControllerFilter] packageName=%s resolved=%s
11-10 15:25:28.246 12933 12933 D AllAppsStore: setApps: apps.length=148
11-10 15:25:28.246 12933 12933 D AllAppsStore: notifyUpdate: notifying listeners
11-10 15:25:28.246 12933 12933 D ActivityAllAppsContainerView: onAppsUpdated; number of apps: 148
11-10 15:25:28.246 12933 12933 D ActivityAllAppsContainerView: rebindAdapters: force: false
11-10 15:25:28.246 12933 12933 D ActivityAllAppsContainerView: rebindAdapters: Not needed.
11-10 15:25:28.246 12933 12933 D StatsLog: LAUNCHER_ALLAPPS_COUNT
11-10 15:25:28.246 12933 12933 D AlphabeticalAppsList: Clearing FastScrollerSections.
11-10 15:25:28.246 12933 12933 D AlphabeticalAppsList: Adding apps with sections. HasPrivateApps: false
11-10 15:25:28.246 12933 12933 D AlphabeticalAppsList: addAppsWithSections: adding sectionName:  with appInfoTitle: 1Password
11-10 15:25:28.246 12933 12933 D AlphabeticalAppsList: addAppsWithSections: adding sectionName: A with appInfoTitle: AIMP
11-10 15:25:28.246 12933 12933 D AlphabeticalAppsList: addAppsWithSections: adding sectionName: B with appInfoTitle: Bandcamp
11-10 15:25:28.246 12933 12933 D AlphabeticalAppsList: addAppsWithSections: adding sectionName: C with appInfoTitle: Calculator
11-10 15:25:28.246 12933 12933 D AlphabeticalAppsList: addAppsWithSections: adding sectionName: D with appInfoTitle: Digital Wellbeing
11-10 15:25:28.246 12933 12933 D AlphabeticalAppsList: addAppsWithSections: adding sectionName: E with appInfoTitle: eBay
11-10 15:25:28.246 12933 12933 D AlphabeticalAppsList: addAppsWithSections: adding sectionName: F with appInfoTitle: Facebook
11-10 15:25:28.246 12933 12933 D AlphabeticalAppsList: addAppsWithSections: adding sectionName: G with appInfoTitle: Gemini
11-10 15:25:28.246 12933 12933 D AlphabeticalAppsList: addAppsWithSections: adding sectionName: H with appInfoTitle: Hero Capture
11-10 15:25:28.246 12933 12933 D AlphabeticalAppsList: addAppsWithSections: adding sectionName: I with appInfoTitle: Instagram
11-10 15:25:28.246 12933 12933 D AlphabeticalAppsList: addAppsWithSections: adding sectionName: K with appInfoTitle: Keep Notes
11-10 15:25:28.246 12933 12933 D AlphabeticalAppsList: addAppsWithSections: adding sectionName: L with appInfoTitle: Leboncoin
11-10 15:25:28.246 12933 12933 D AlphabeticalAppsList: addAppsWithSections: adding sectionName: M with appInfoTitle: Maps
11-10 15:25:28.246 12933 12933 D AlphabeticalAppsList: addAppsWithSections: adding sectionName: N with appInfoTitle: Netflix
11-10 15:25:28.246 12933 12933 D AlphabeticalAppsList: addAppsWithSections: adding sectionName: O with appInfoTitle: Okta Verify
11-10 15:25:28.246 12933 12933 D AlphabeticalAppsList: addAppsWithSections: adding sectionName: P with appInfoTitle: Paper.io 2
11-10 15:25:28.246 12933 12933 D AlphabeticalAppsList: addAppsWithSections: adding sectionName: R with appInfoTitle: RAR
11-10 15:25:28.246 12933 12933 D AlphabeticalAppsList: addAppsWithSections: adding sectionName: S with appInfoTitle: Safety
11-10 15:25:28.246 12933 12933 D AlphabeticalAppsList: addAppsWithSections: adding sectionName: T with appInfoTitle: Teams
11-10 15:25:28.246 12933 12933 D AlphabeticalAppsList: addAppsWithSections: adding sectionName: U with appInfoTitle: Uber
11-10 15:25:28.246 12933 12933 D AlphabeticalAppsList: addAppsWithSections: adding sectionName: V with appInfoTitle: Vinted
11-10 15:25:28.246 12933 12933 D AlphabeticalAppsList: addAppsWithSections: adding sectionName: W with appInfoTitle: Wallapop
11-10 15:25:28.246 14132 14132 I EuiccGoogle: [2] Partner.getResourceEntry$ar$ds$ar$class_merging$ar$class_merging$ar$class_merging: Partner app=com.google.android.euiccoverlay, Resource name=esim_supported_countries, type=string, partnerResId = 0
11-10 15:25:28.246 12933 12933 D AlphabeticalAppsList: addAppsWithSections: adding sectionName: X with appInfoTitle: X
11-10 15:25:28.246 12933 12933 D AlphabeticalAppsList: addAppsWithSections: adding sectionName: Y with appInfoTitle: YouTube
11-10 15:25:28.246 12933 12933 D AlphabeticalAppsList: Adding FastScrollSection duplicate to scroll to the bottom.
11-10 15:25:28.247 12933 12933 D AlphabeticalAppsList: Clearing FastScrollerSections.
11-10 15:25:28.247 12933 12933 D AlphabeticalAppsList: Adding FastScrollSection for work edu card.
11-10 15:25:28.247 12933 12933 D AlphabeticalAppsList: Adding apps with sections. HasPrivateApps: false
11-10 15:25:28.247 12933 12933 D AlphabeticalAppsList: addAppsWithSections: adding sectionName:  with appInfoTitle: 1Password
11-10 15:25:28.247 12933 12933 D AlphabeticalAppsList: addAppsWithSections: adding sectionName: A with appInfoTitle: AIMP
11-10 15:25:28.247 12933 12933 D AlphabeticalAppsList: addAppsWithSections: adding sectionName: B with appInfoTitle: Bandcamp
11-10 15:25:28.247 12933 12933 D AlphabeticalAppsList: addAppsWithSections: adding sectionName: C with appInfoTitle: Calculator
11-10 15:25:28.247 12933 12933 D AlphabeticalAppsList: addAppsWithSections: adding sectionName: D with appInfoTitle: Digital Wellbeing
11-10 15:25:28.247 12933 12933 D AlphabeticalAppsList: addAppsWithSections: adding sectionName: E with appInfoTitle: eBay
11-10 15:25:28.247 12933 12933 D AlphabeticalAppsList: addAppsWithSections: adding sectionName: F with appInfoTitle: Facebook
11-10 15:25:28.247 12933 12933 D AlphabeticalAppsList: addAppsWithSections: adding sectionName: G with appInfoTitle: Gemini
11-10 15:25:28.247 12933 12933 D AlphabeticalAppsList: addAppsWithSections: adding sectionName: H with appInfoTitle: Hero Capture
11-10 15:25:28.247 12933 12933 D AlphabeticalAppsList: addAppsWithSections: adding sectionName: I with appInfoTitle: Instagram
11-10 15:25:28.247 12933 12933 D AlphabeticalAppsList: addAppsWithSections: adding sectionName: K with appInfoTitle: Keep Notes
11-10 15:25:28.247 12933 12933 D AlphabeticalAppsList: addAppsWithSections: adding sectionName: L with appInfoTitle: Leboncoin
11-10 15:25:28.247 12933 12933 D AlphabeticalAppsList: addAppsWithSections: adding sectionName: M with appInfoTitle: Maps
11-10 15:25:28.247 12933 12933 D AlphabeticalAppsList: addAppsWithSections: adding sectionName: N with appInfoTitle: Netflix
11-10 15:25:28.247 12933 12933 D AlphabeticalAppsList: addAppsWithSections: adding sectionName: O with appInfoTitle: Okta Verify
11-10 15:25:28.247 12933 12933 D AlphabeticalAppsList: addAppsWithSections: adding sectionName: P with appInfoTitle: Paper.io 2
11-10 15:25:28.247 12933 12933 D AlphabeticalAppsList: addAppsWithSections: adding sectionName: R with appInfoTitle: RAR
11-10 15:25:28.247 12933 12933 D AlphabeticalAppsList: addAppsWithSections: adding sectionName: S with appInfoTitle: Safety
11-10 15:25:28.247 12933 12933 D AlphabeticalAppsList: addAppsWithSections: adding sectionName: T with appInfoTitle: Teams
11-10 15:25:28.247 12933 12933 D AlphabeticalAppsList: addAppsWithSections: adding sectionName: U with appInfoTitle: Uber
11-10 15:25:28.247 12933 12933 D AlphabeticalAppsList: addAppsWithSections: adding sectionName: V with appInfoTitle: Vinted
11-10 15:25:28.247 12933 12933 D AlphabeticalAppsList: addAppsWithSections: adding sectionName: W with appInfoTitle: Wallapop
11-10 15:25:28.247 12933 12933 D AlphabeticalAppsList: addAppsWithSections: adding sectionName: X with appInfoTitle: X
11-10 15:25:28.247 12933 12933 D AlphabeticalAppsList: addAppsWithSections: adding sectionName: Y with appInfoTitle: YouTube
11-10 15:25:28.247 12933 12933 D AlphabeticalAppsList: Adding FastScrollSection duplicate to scroll to the bottom.
11-10 15:25:28.247  1884  4372 W MediaSessionRecord: Ignoring call to destroyed session
11-10 15:25:28.247  3130  3445 V ImsResolver: searchForImsServices: package=com.example.mobiledigger, users=[UserHandle{0}]
11-10 15:25:28.248 14132 14132 I EuiccGoogle: [2] Partner.getResourceEntry$ar$ds$ar$class_merging$ar$class_merging$ar$class_merging: Partner app=com.google.android.euiccoverlay, Resource name=esim_unsupported_countries, type=string, partnerResId = 2131689525
11-10 15:25:28.248  1884  4372 W MediaSessionRecord: Ignoring call to destroyed session
11-10 15:25:28.249  3130  3130 W VvmPkgInstalledRcvr: carrierVvmPkgAdded: carrier vvm packages doesn't contain com.example.mobiledigger
11-10 15:25:28.249 12090 12090 D ActivityThread: Package [com.example.mobiledigger] reported as REPLACED, but missing application info. Assuming REMOVED.
11-10 15:25:28.250 12090 12090 D ActivityThread: Package [com.example.mobiledigger] reported as REPLACED, but missing application info. Assuming REMOVED.
11-10 15:25:28.251  1884  2447 W MediaSessionRecord: Ignoring call to destroyed session
11-10 15:25:28.251  4488  4488 I Dtdi    : (REDACTED) [MediaControllerFilter] packageName=%s resolved=%s
11-10 15:25:28.252 31972 31972 I Finsky:background: [2] agim - Received: android.intent.action.PACKAGE_ADDED, [F8SdPmz-nDnkHAASXyGhRL_JSafYynzTZ1KyLvYja6g]
11-10 15:25:28.253  1884  4379 W MediaSessionRecord: Ignoring call to destroyed session
11-10 15:25:28.253  1431  2167 W USF     : USF_API: Drop flicker data, cannot find sampling_id:84682!
11-10 15:25:28.253  1884  2439 W MediaSessionRecord: Ignoring call to destroyed session
11-10 15:25:28.253  1884  2439 W MediaSessionRecord: Ignoring call to destroyed session
11-10 15:25:28.254 14050 14050 I MediaPlayerList: sendMediaUpdate: Creating a one item queue for a player with no queue
11-10 15:25:28.254 21379 21379 I ContentProtectionServic: CP service created
11-10 15:25:28.255  3130  3130 D SatelliteController: packageStateChanged: package:com.example.mobiledigger DefaultSmsPackageName:com.google.android.apps.messaging
11-10 15:25:28.255  3130  3130 V SatelliteController: Neither SMS or SatelliteGateway package
11-10 15:25:28.256 14050 14050 W MediaControlGattService: Feature MEDIA_STATE support: true
11-10 15:25:28.256 14132 14132 I EuiccGoogle: [2] ViewCompat$Api28Impl.getCarrierInfos: All carrier infos: []
11-10 15:25:28.256  4488  4488 I Dtdi    : (REDACTED) [MediaControllerFilter] packageName=%s resolved=%s
11-10 15:25:28.256  1884  1884 I RemoteContentProtectionService: Connection status for: ComponentInfo{com.google.android.odad/com.google.android.apps.miphone.odad.contentprotection.ContentProtectionService} changed to: connected
11-10 15:25:28.256  1884  2447 W ProcessStats: Tracking association SourceState{1738486 system/1000 ImpFg #1109645} whose proc state 5 is better than process ProcessState{2f1ad12 com.google.android.odad/10154 pkg=com.google.android.odad} proc state 15 (1 skipped)
11-10 15:25:28.257 14050 14050 I BluetoothAdapterProperties: getBondedDevices: length=11
11-10 15:25:28.257 14050 14050 W MediaControlGattService: Feature PLAYER_NAME support: true
11-10 15:25:28.257 14050 14050 W MediaControlGattService: Feature PLAYER_ICON_URL support: false
11-10 15:25:28.257 14050 14050 W MediaControlGattService: Feature PLAYER_ICON_OBJ_ID support: false
11-10 15:25:28.257 14050 14050 W MediaControlGattService: Feature CURRENT_TRACK_SEGMENT_OBJ_ID support: false
11-10 15:25:28.257 14050 14050 W MediaControlGattService: Feature CURRENT_TRACK_OBJ_ID support: false
11-10 15:25:28.257 14050 14050 W MediaControlGattService: Feature NEXT_TRACK_OBJ_ID support: false
11-10 15:25:28.257 14050 14050 W MediaControlGattService: Feature CURRENT_GROUP_OBJ_ID support: false
11-10 15:25:28.257 14050 14050 W MediaControlGattService: Feature PARENT_GROUP_OBJ_ID support: false
11-10 15:25:28.257 14050 14050 W MediaControlGattService: Feature SEARCH_RESULT_OBJ_ID support: false
11-10 15:25:28.257 14050 14050 W MediaControlGattService: Feature TRACK_TITLE support: true
11-10 15:25:28.257 14050 14050 W MediaControlGattService: Feature TRACK_DURATION support: true
11-10 15:25:28.257 14050 14050 W MediaControlGattService: Feature TRACK_POSITION support: true
11-10 15:25:28.257 14050 14050 W MediaControlGattService: Feature TRACK_POSITION_NOTIFY support: true
11-10 15:25:28.257 14050 14050 W MediaControlGattService: Feature MEDIA_STATE support: true
11-10 15:25:28.257  4488  4488 I Dtdi    : (REDACTED) [MediaControllerFilter] packageName=%s resolved=%s
11-10 15:25:28.257 14050 14050 I BluetoothAdapterProperties: getBondedDevices: length=11
11-10 15:25:28.258 14050 14050 W MediaControlGattService: Feature PLAYBACK_SPEED support: true
11-10 15:25:28.258 14050 14050 W MediaControlGattService: Feature PLAYBACK_SPEED support: true
11-10 15:25:28.258 14050 14050 W MediaControlGattService: Feature PLAYBACK_SPEED support: true
11-10 15:25:28.258 14050 14050 W MediaControlGattService: Feature SEEKING_SPEED support: true
11-10 15:25:28.258 14050 14050 W MediaControlGattService: Feature SEEKING_SPEED support: true
11-10 15:25:28.258 14050 14050 W MediaControlGattService: Feature SEEKING_SPEED support: true
11-10 15:25:28.258 14050 14050 W MediaControlGattService: Feature PLAYING_ORDER_SUPPORTED support: true
11-10 15:25:28.258 14050 14050 W MediaControlGattService: Feature PLAYING_ORDER support: true
11-10 15:25:28.258 14050 14050 W MediaControlGattService: Feature MEDIA_CONTROL_POINT_OPCODES_SUPPORTED support: true
11-10 15:25:28.258 14050 14050 W MediaControlGattService: Feature TRACK_POSITION support: true
11-10 15:25:28.258 14050 14050 W MediaControlGattService: Feature TRACK_POSITION_NOTIFY support: true
11-10 15:25:28.258 14050 14050 W MediaControlGattService: Feature MEDIA_STATE support: true
11-10 15:25:28.258  4488  4488 I Dtdi    : (REDACTED) [MediaControllerFilter] packageName=%s resolved=%s
11-10 15:25:28.260  1884  4325 W AppSearchAppsUtil: getDynamicAppFunctionSchemasForPackages: Failed to get schema property for package: com.google.android.apps.wellbeing
11-10 15:25:28.260  1884  4325 W AppSearchAppsUtil: android.content.pm.PackageManager$NameNotFoundException
11-10 15:25:28.260  1884  4325 W AppSearchAppsUtil: 	at android.app.ApplicationPackageManager.getPropertyAsUser(ApplicationPackageManager.java:3965)
11-10 15:25:28.260  1884  4325 W AppSearchAppsUtil: 	at android.app.ApplicationPackageManager.getProperty(ApplicationPackageManager.java:3952)
11-10 15:25:28.260  1884  4325 W AppSearchAppsUtil: 	at com.android.server.appsearch.appsindexer.AppsIndexerImpl.doUpdateIncrementalPut(go/retraceme 7965b89a256ee83d6a37d50af223386e31a1f9c90240702ba162172dbd131206:76)
11-10 15:25:28.260  1884  4325 W AppSearchAppsUtil: 	at com.android.server.appsearch.appsindexer.AppsIndexerUserInstance.doUpdate(go/retraceme 7965b89a256ee83d6a37d50af223386e31a1f9c90240702ba162172dbd131206:75)
11-10 15:25:28.260  1884  4325 W AppSearchAppsUtil: 	at com.android.server.appsearch.appsindexer.AppsIndexerUserInstance$$ExternalSyntheticLambda3.run(go/retraceme 7965b89a256ee83d6a37d50af223386e31a1f9c90240702ba162172dbd131206:11)
11-10 15:25:28.260  1884  4325 W AppSearchAppsUtil: 	at com.android.server.appsearch.appsindexer.AppsIndexerUserInstance$$ExternalSyntheticLambda0.run(go/retraceme 7965b89a256ee83d6a37d50af223386e31a1f9c90240702ba162172dbd131206:10)
11-10 15:25:28.260  1884  4325 W AppSearchAppsUtil: 	at java.util.concurrent.ThreadPoolExecutor.runWorker(ThreadPoolExecutor.java:1156)
11-10 15:25:28.260  1884  4325 W AppSearchAppsUtil: 	at java.util.concurrent.ThreadPoolExecutor$Worker.run(ThreadPoolExecutor.java:651)
11-10 15:25:28.260  1884  4325 W AppSearchAppsUtil: 	at java.lang.Thread.run(Thread.java:1119)
11-10 15:25:28.260  1884  4325 W AppSearchAppsUtil: getDynamicAppFunctionSchemasForPackages: Failed to get schema property for package: com.google.android.apps.wearables.maestro.companion
11-10 15:25:28.260  1884  4325 W AppSearchAppsUtil: android.content.pm.PackageManager$NameNotFoundException
11-10 15:25:28.260  1884  4325 W AppSearchAppsUtil: 	at android.app.ApplicationPackageManager.getPropertyAsUser(ApplicationPackageManager.java:3965)
11-10 15:25:28.260  1884  4325 W AppSearchAppsUtil: 	at android.app.ApplicationPackageManager.getProperty(ApplicationPackageManager.java:3952)
11-10 15:25:28.260  1884  4325 W AppSearchAppsUtil: 	at com.android.server.appsearch.appsindexer.AppsIndexerImpl.doUpdateIncrementalPut(go/retraceme 7965b89a256ee83d6a37d50af223386e31a1f9c90240702ba162172dbd131206:76)
11-10 15:25:28.260  1884  4325 W AppSearchAppsUtil: 	at com.android.server.appsearch.appsindexer.AppsIndexerUserInstance.doUpdate(go/retraceme 7965b89a256ee83d6a37d50af223386e31a1f9c90240702ba162172dbd131206:75)
11-10 15:25:28.260  1884  4325 W AppSearchAppsUtil: 	at com.android.server.appsearch.appsindexer.AppsIndexerUserInstance$$ExternalSyntheticLambda3.run(go/retraceme 7965b89a256ee83d6a37d50af223386e31a1f9c90240702ba162172dbd131206:11)
11-10 15:25:28.260  1884  4325 W AppSearchAppsUtil: 	at com.android.server.appsearch.appsindexer.AppsIndexerUserInstance$$ExternalSyntheticLambda0.run(go/retraceme 7965b89a256ee83d6a37d50af223386e31a1f9c90240702ba162172dbd131206:10)
11-10 15:25:28.260  1884  4325 W AppSearchAppsUtil: 	at java.util.concurrent.ThreadPoolExecutor.runWorker(ThreadPoolExecutor.java:1156)
11-10 15:25:28.260  1884  4325 W AppSearchAppsUtil: 	at java.util.concurrent.ThreadPoolExecutor$Worker.run(ThreadPoolExecutor.java:651)
11-10 15:25:28.260  1884  4325 W AppSearchAppsUtil: 	at java.lang.Thread.run(Thread.java:1119)
11-10 15:25:28.260 21379 21379 I ContentProtectionServic: CP service onConnected
11-10 15:25:28.261 14050 14050 I BluetoothAdapterProperties: getBondedDevices: length=11
11-10 15:25:28.261 14050 14050 W MediaControlGattService: Feature PLAYER_NAME support: true
11-10 15:25:28.261 14050 14050 W MediaControlGattService: Feature PLAYER_NAME support: true
11-10 15:25:28.261 14050 14050 W MediaControlGattService: Feature PLAYER_NAME support: true
11-10 15:25:28.261 14050 14050 W MediaControlGattService: Feature PLAYER_NAME_NOTIFY support: true
11-10 15:25:28.262  1408  1408 I Zygote  : Process 28767 exited due to signal 9 (Killed)
11-10 15:25:28.262  1884  4398 W WindowManager: Cannot find window which accessibility connection is added to
11-10 15:25:28.262  1431  2167 W USF     : USF_API: Drop flicker data, cannot find sampling_id:84682!
11-10 15:25:28.262  1884  1956 W ActivityManager: setHasOverlayUi called on unknown pid: 28709
11-10 15:25:28.263  1695  1695 I adbd    : Remote process closed the socket (on MSG_PEEK)
11-10 15:25:28.263 12933 12933 I NotificationListener: received notification removed event - com.example.mobiledigger#UserHandle{0},category=-1
11-10 15:25:28.263  1884  5473 V ActivityManager: Got obituary of 28709:com.example.mobiledigger:main
11-10 15:25:28.263  1428  4907 I AHAL_EffectImpl: command: line283 return with expr mState == State::IDLE
11-10 15:25:28.264 31972 30708 I Finsky:background: [1177] Wrote row to frosting DB: 134047
11-10 15:25:28.264  1428  4907 I ASvc::Effect: command (0xb400007609b69000): Dynamics Processing Effect receive command STOP
11-10 15:25:28.264  1428  4907 I EHal::OffloadEffect: Stop (Dynamics Processing Effect): stop
11-10 15:25:28.264  1428  4907 W ASvc::Effect: Stop: no start time, skip end time
11-10 15:25:28.264  1428  4907 I ASvc::Effect: command (0xb400007609b69000): Dynamics Processing Effect current state = IDLE
11-10 15:25:28.264  1428  4907 I AHAL_EffectImpl: command: line283 return with expr mState == State::IDLE
11-10 15:25:28.264  1428  4907 I ASvc::Effect: command (0xb400007609b69000): Dynamics Processing Effect receive command STOP
11-10 15:25:28.264  1428  4907 I EHal::OffloadEffect: Stop (Dynamics Processing Effect): stop
11-10 15:25:28.264  1428  4907 W ASvc::Effect: Stop: no start time, skip end time
11-10 15:25:28.264  1428  4907 I ASvc::Effect: command (0xb400007609b69000): Dynamics Processing Effect current state = IDLE
11-10 15:25:28.265  1428  4907 I AHAL_EffectImpl: DynamicsProcessingV3close
11-10 15:25:28.265  1428  4907 I ASvc::Effect: close (0xb400007609b69000): close Dynamics Processing Effect
11-10 15:25:28.265  1884  1998 I libprocessgroup: Removed cgroup /sys/fs/cgroup/apps/uid_10658/pid_28767
11-10 15:25:28.265  1428  5918 E AHAL_EffectImpl: command: line271 return with expr mState == State::INIT
11-10 15:25:28.265  1428  5918 I AHAL_EffectImpl: close: line125 return with expr mState == State::INIT
11-10 15:25:28.265  1428  5918 D AHAL_EffectImpl: destroyEffect DynamicsProcessing instance 0xb400007779b85390 destroyed
11-10 15:25:28.265  1428  2188 I ASvc::OffloadLibrary: DestroyEffect: destroy effect 0xb400007609b69000
11-10 15:25:28.265  1428  2188 I ASvc::Effect: command (0xb400007609b69000): Dynamics Processing Effect receive command RESET
11-10 15:25:28.265  1428  2188 E ASvc::Effect: command (0xb400007609b69000): Dynamics Processing Effect hasn't opened yet
11-10 15:25:28.265  1428  2188 I ASvc::Effect: close (0xb400007609b69000): close Dynamics Processing Effect
11-10 15:25:28.265  1488  1592 E EffectProxy: runWithActiveSubEffect null active sub-effect interface, active Descriptor{common: Common{id: Identity{type: AudioUuid{timeLow: 1918986095, timeMid: 28021, timeHiAndVersion: 29545, clockSeq: 25444, node: [40, 226, 253, 58, 195, 158]}, uuid: AudioUuid{timeLow: -521776229, timeMid: 6017, timeHiAndVersion: 29281, clockSeq: 26479, node: [109, 117, 115, 105, 99, 64]}, proxy: AudioUuid{timeLow: -588245900, timeMid: 35202, timeHiAndVersion: 4588, clockSeq: 43171, node: [2, 66, 172, 18, 0, 2]}}, flags: Flags{type: INSERT, insert: LAST, volume: CTRL, hwAcceleratorMode: NONE, offloadIndication: false, deviceIndication: false, audioModeIndication: false, audioSourceIndication: false, bypass: false, sinkMetadataIndication: false, sourceMetadataIndication: false}, cpuLoad: 0, memoryUsage: 0, name: DynamicsProcessing, implementor: The Android Open Source Project}, capability: Capability{vendorExtension: VendorExtension{extension: AParcelableHolder}, range: Range{dynamicsProcessing: [DynamicsProcessingRange{min: DynamicsPr
11-10 15:25:28.265  1488  1592 W EffectProxy: runWithActiveSubEffectThenOthers active sub-effect return error Status(-4, EX_NULL_POINTER): 'activeSubEffectNull'
11-10 15:25:28.265  1488  1592 W EffectProxy: runWithActiveSubEffectThenOthers null sub-effect interface for AudioUuid{timeLow: 468803255, timeMid: 36681, timeHiAndVersion: 20440, clockSeq: 33664, node: [7, 103, 253, 86, 128, 243]}
11-10 15:25:28.265  1488  1592 W EffectProxy: runWithAllSubEffects null sub-effect interface Descriptor{common: Common{id: Identity{type: AudioUuid{timeLow: 1918986095, timeMid: 28021, timeHiAndVersion: 29545, clockSeq: 25444, node: [40, 226, 253, 58, 195, 158]}, uuid: AudioUuid{timeLow: -521776229, timeMid: 6017, timeHiAndVersion: 29281, clockSeq: 26479, node: [109, 117, 115, 105, 99, 64]}, proxy: AudioUuid{timeLow: -588245900, timeMid: 35202, timeHiAndVersion: 4588, clockSeq: 43171, node: [2, 66, 172, 18, 0, 2]}}, flags: Flags{type: INSERT, insert: LAST, volume: CTRL, hwAcceleratorMode: NONE, offloadIndication: false, deviceIndication: false, audioModeIndication: false, audioSourceIndication: false, bypass: false, sinkMetadataIndication: false, sourceMetadataIndication: false}, cpuLoad: 0, memoryUsage: 0, name: DynamicsProcessing, implementor: The Android Open Source Project}, capability: Capability{vendorExtension: VendorExtension{extension: AParcelableHolder}, range: Range{dynamicsProcessing: [DynamicsProcessingRange{min: DynamicsProcessing{engineAr
11-10 15:25:28.265  1488  1592 W EffectProxy: runWithAllSubEffects null sub-effect interface Descriptor{common: Common{id: Identity{type: AudioUuid{timeLow: 1918986095, timeMid: 28021, timeHiAndVersion: 29545, clockSeq: 25444, node: [40, 226, 253, 58, 195, 158]}, uuid: AudioUuid{timeLow: 468803255, timeMid: 36681, timeHiAndVersion: 20440, clockSeq: 33664, node: [7, 103, 253, 86, 128, 243]}, proxy: AudioUuid{timeLow: -588245900, timeMid: 35202, timeHiAndVersion: 4588, clockSeq: 43171, node: [2, 66, 172, 18, 0, 2]}}, flags: Flags{type: INSERT, insert: LAST, volume: CTRL, hwAcceleratorMode: TUNNEL, offloadIndication: true, deviceIndication: true, audioModeIndication: false, audioSourceIndication: false, bypass: true, sinkMetadataIndication: false, sourceMetadataIndication: false}, cpuLoad: 0, memoryUsage: 0, name: Dynamics Processing Effect, implementor: Google Pixel}, capability: Capability{vendorExtension: VendorExtension{extension: AParcelableHolder}, range: Range{dynamicsProcessing: [DynamicsProcessingRange{min: DynamicsProcessing{engineArchitecture: E
11-10 15:25:28.266  1488  1592 W EffectProxy: runWithAllSubEffects null sub-effect interface Descriptor{common: Common{id: Identity{type: AudioUuid{timeLow: 1918986095, timeMid: 28021, timeHiAndVersion: 29545, clockSeq: 25444, node: [40, 226, 253, 58, 195, 158]}, uuid: AudioUuid{timeLow: -521776229, timeMid: 6017, timeHiAndVersion: 29281, clockSeq: 26479, node: [109, 117, 115, 105, 99, 64]}, proxy: AudioUuid{timeLow: -588245900, timeMid: 35202, timeHiAndVersion: 4588, clockSeq: 43171, node: [2, 66, 172, 18, 0, 2]}}, flags: Flags{type: INSERT, insert: LAST, volume: CTRL, hwAcceleratorMode: NONE, offloadIndication: false, deviceIndication: false, audioModeIndication: false, audioSourceIndication: false, bypass: false, sinkMetadataIndication: false, sourceMetadataIndication: false}, cpuLoad: 0, memoryUsage: 0, name: DynamicsProcessing, implementor: The Android Open Source Project}, capability: Capability{vendorExtension: VendorExtension{extension: AParcelableHolder}, range: Range{dynamicsProcessing: [DynamicsProcessingRange{min: DynamicsProcessing{engineAr
11-10 15:25:28.266  1488  1592 W EffectProxy: runWithAllSubEffects null sub-effect interface Descriptor{common: Common{id: Identity{type: AudioUuid{timeLow: 1918986095, timeMid: 28021, timeHiAndVersion: 29545, clockSeq: 25444, node: [40, 226, 253, 58, 195, 158]}, uuid: AudioUuid{timeLow: 468803255, timeMid: 36681, timeHiAndVersion: 20440, clockSeq: 33664, node: [7, 103, 253, 86, 128, 243]}, proxy: AudioUuid{timeLow: -588245900, timeMid: 35202, timeHiAndVersion: 4588, clockSeq: 43171, node: [2, 66, 172, 18, 0, 2]}}, flags: Flags{type: INSERT, insert: LAST, volume: CTRL, hwAcceleratorMode: TUNNEL, offloadIndication: true, deviceIndication: true, audioModeIndication: false, audioSourceIndication: false, bypass: true, sinkMetadataIndication: false, sourceMetadataIndication: false}, cpuLoad: 0, memoryUsage: 0, name: Dynamics Processing Effect, implementor: Google Pixel}, capability: Capability{vendorExtension: VendorExtension{extension: AParcelableHolder}, range: Range{dynamicsProcessing: [DynamicsProcessingRange{min: DynamicsProcessing{engineArchitecture: E
11-10 15:25:28.266  1428  1576 E AHAL_EffectImpl: command: line271 return with expr mState == State::INIT
11-10 15:25:28.266  1428  1576 I AHAL_EffectImpl: close: line125 return with expr mState == State::INIT
11-10 15:25:28.266  1428 29812 I EHal::AocProcessor: ThreadLoop: sending parameter thread (ap-dynamics-procseeor-effect) exit
11-10 15:25:28.266 21379 21392 I bxw     : Starting to build the allowlist
11-10 15:25:28.269 31972 30716 I Finsky:background: [1179] IQ: handled package removed
11-10 15:25:28.269  2951  4248 D TemperatureStateSource: sequence=43705 actualDelay=10000
11-10 15:25:28.269  2951  4248 D TemperatureStateSource: Reading temperature: sequence=43706
11-10 15:25:28.271 14132 14132 I EuiccGoogle: [2] PhenotypeUpdatedReceiver.setPsimConversionSupportedCarriers: setPsimConversionSupportedCarriers:[1, 3, 16, 576, 1404, 2020, 2021, 2122, 850, 27, 32, 959, 1187, 1480, 1670, 1690, 2119, 2018, 2536, 1895]
11-10 15:25:28.272  1884 30769 V Configuration: Updating configuration, locales updated from [] to [en_US,ro_RO]
11-10 15:25:28.272  2221  2221 I pixel-thermal: VIRTUAL-SKIN:37.4139 raw data: VIRTUAL-SKIN:37413.9 VIRTUAL-SKIN-SUB-0:37153 VIRTUAL-SKIN-SUB-1:35894.9 VIRTUAL-SKIN-SUB-10:36758.1 VIRTUAL-SKIN-SUB-2:35347.6 VIRTUAL-SKIN-SUB-3:35571.4 VIRTUAL-SKIN-SUB-4:36369.4 VIRTUAL-SKIN-SUB-5:36813.8 VIRTUAL-SKIN-SUB-6:34733.2 VIRTUAL-SKIN-SUB-7:36584.8 VIRTUAL-SKIN-SUB-8:37413.9 VIRTUAL-SKIN-SUB-9:37384.4 battery:37900 cam_therm:37114 charge_therm:43449 disp_therm:37582 neutral_therm:40075 north_therm:36870 quiet_therm:37270 soc_therm:41112 usb_pwr_therm:37960 
11-10 15:25:28.272  3130  3339 D EuiccConnector: handleMessage: E msg.what=4
11-10 15:25:28.272  3130  3339 D EuiccConnector: processMsg: DisconnectedState
11-10 15:25:28.272  3130  3339 D EuiccConnector: transitionTo: destState=ConnectedState
11-10 15:25:28.272  3130  3339 D EuiccConnector: handleMessage: new destination call exit/enter
11-10 15:25:28.272  3130  3339 D EuiccConnector: setupTempStateStackWithStatesToEnter: X mTempStateStackCount=1,curStateInfo: state=DisconnectedState,active=true,parent=null
11-10 15:25:28.272  3130  3339 D EuiccConnector: moveTempStackToStateStack: i=0,j=1
11-10 15:25:28.272  2951  4248 D TemperatureStateSource: getDeviceTemperatures: sequence=43706 deviceTemperatureType=3 temperatureSource=0 temperatures=[37.41389]
11-10 15:25:28.272  2951  4248 D BusinessScope: Enqueuing the block
11-10 15:25:28.272  3130  3339 D EuiccConnector: moveTempStackToStateStack: X mStateStackTop=1,startingIndex=1,Top=ConnectedState
11-10 15:25:28.272  3130  3339 D EuiccConnector: invokeEnterMethods: ConnectedState
11-10 15:25:28.272  3130  3339 D EuiccConnector: moveDeferredMessageAtFrontOfQueue; what=103
11-10 15:25:28.272  3130  3339 D EuiccConnector: handleMessage: X
11-10 15:25:28.272  1431  2167 W USF     : USF_API: Drop flicker data, cannot find sampling_id:84682!
11-10 15:25:28.272  3130  3339 D EuiccConnector: handleMessage: E msg.what=103
11-10 15:25:28.272  2951  4248 D TemperatureStateSource: sequence=43706 waitTime=10000
11-10 15:25:28.273  3130  3339 D EuiccConnector: processMsg: ConnectedState
11-10 15:25:28.273  2951  3110 D BusinessScope: Start running the #93938 block
11-10 15:25:28.273  2951  3110 D BusinessScope: Enqueuing the block
11-10 15:25:28.273  2951  3110 D ImpulseStateSource: Notify clients: 46966
11-10 15:25:28.273  2951  3110 D BusinessScope: Finish running the #93938 block
11-10 15:25:28.273  2951  3110 D BusinessScope: Start running the #93939 block
11-10 15:25:28.273  2951  3110 D BusinessScope: Finish running the #93939 block
11-10 15:25:28.274  1408  1408 I Zygote  : Process 28709 exited due to signal 9 (Killed)
11-10 15:25:28.274  3130  3339 D EuiccConnector: handleMessage: X
11-10 15:25:28.275  1884  4398 W MediaSessionRecord: Ignoring call to destroyed session
11-10 15:25:28.275 14050 14050 I BluetoothAdapterProperties: getBondedDevices: length=11
11-10 15:25:28.275  1884 30769 V Configuration: Updating configuration, locales updated from [] to [en_US]
11-10 15:25:28.275 14050 14050 W MediaControlGattService: Feature MEDIA_CONTROL_POINT_OPCODES_SUPPORTED support: true
11-10 15:25:28.275 14050 14050 W MediaControlGattService: Feature PLAYING_ORDER_SUPPORTED support: true
11-10 15:25:28.275 14050 14050 W MediaControlGattService: Feature PLAYING_ORDER support: true
11-10 15:25:28.275  1884 30769 V Configuration: Updating configuration, locales updated from [] to [en_US,ro_RO]
11-10 15:25:28.275 14050 14050 W MediaControlGattService: Feature PLAYER_ICON_OBJ_ID support: false
11-10 15:25:28.275 14050 14050 W MediaControlGattService: Feature PLAYER_ICON_URL support: false
11-10 15:25:28.275 14050 14050 W MediaControlGattService: Feature TRACK_TITLE support: true
11-10 15:25:28.275 14050 14050 W MediaControlGattService: Feature TRACK_TITLE support: true
11-10 15:25:28.275 14050 14050 W MediaControlGattService: Feature TRACK_TITLE_NOTIFY support: true
11-10 15:25:28.278 14050 14050 I BluetoothAdapterProperties: getBondedDevices: length=11
11-10 15:25:28.278 12090 12090 I SafetyLabelChangedBroadcastReceiver: received broadcast packageName: com.example.mobiledigger, current user: UserHandle{0}, packageChangeEvent: UPDATE, intent user: UserHandle{0}
11-10 15:25:28.278 14050 14050 W MediaControlGattService: Feature TRACK_DURATION support: true
11-10 15:25:28.278 14050 14050 W MediaControlGattService: Feature TRACK_DURATION support: true
11-10 15:25:28.278 14050 14050 W MediaControlGattService: Feature TRACK_DURATION_NOTIFY support: true
11-10 15:25:28.278 14132 30723 I EuiccGoogle: [1148] EuiccServiceImpl.onGetEuiccProfileInfoList: onGetEuiccProfileInfoList: slotId = 0
11-10 15:25:28.278 14050 14050 I BluetoothAdapterProperties: getBondedDevices: length=11
11-10 15:25:28.279 14050 14050 W MediaControlGattService: Feature MEDIA_STATE support: true
11-10 15:25:28.279 14050 14050 W MediaControlGattService: Feature MEDIA_STATE support: true
11-10 15:25:28.279  1884 30769 V Configuration: Updating configuration, locales updated from [] to [en_US,ro_RO]
11-10 15:25:28.279  1884 30769 V Configuration: Updating configuration, locales updated from [] to [en_US,ro_RO]
11-10 15:25:28.279  1884 30769 V Configuration: Updating configuration, locales updated from [] to [en_US]
11-10 15:25:28.279  1884 30769 V Configuration: Updating configuration, locales updated from [] to [en_US,ro_RO]
11-10 15:25:28.279  1884 30769 V Configuration: Updating configuration, locales updated from [] to [en_US,ro_RO]
11-10 15:25:28.279  1884 30769 V Configuration: Updating configuration, locales updated from [] to [en_US,ro_RO]
11-10 15:25:28.279  1884 30769 V Configuration: Updating configuration, locales updated from [] to [en_US]
11-10 15:25:28.279  1884 30769 V Configuration: Updating configuration, locales updated from [] to [en_US,ro_RO]
11-10 15:25:28.279  1884 30769 V Configuration: Updating configuration, locales updated from [] to [en_US,ro_RO]
11-10 15:25:28.279  1884 30769 V Configuration: Updating configuration, locales updated from [] to [en_US,ro_RO]
11-10 15:25:28.279  1884 30769 V Configuration: Updating configuration, locales updated from [] to [en_US,ro_RO]
11-10 15:25:28.279  1884 30769 V Configuration: Updating configuration, locales updated from [] to [en_US]
11-10 15:25:28.279  1884 30769 V Configuration: Updating configuration, locales updated from [] to [en_US]
11-10 15:25:28.279  1884 30769 V Configuration: Updating configuration, locales updated from [] to [en_US]
11-10 15:25:28.279  1884 30769 V Configuration: Updating configuration, locales updated from [] to [en_US,ro_RO]
11-10 15:25:28.279  1884 30769 V Configuration: Updating configuration, locales updated from [] to [en_US,ro_RO]
11-10 15:25:28.279  1884 30769 V Configuration: Updating configuration, locales updated from [] to [en_US]
11-10 15:25:28.279  1884 30769 V Configuration: Updating configuration, locales updated from [] to [en_US,ro_RO]
11-10 15:25:28.279  1884 30769 V Configuration: Updating configuration, locales updated from [] to [en_US,ro_RO]
11-10 15:25:28.279  1884 30769 V Configuration: Updating configuration, locales updated from [] to [en_US,ro_RO]
11-10 15:25:28.279  1884  1998 I libprocessgroup: Removed cgroup /sys/fs/cgroup/apps/uid_10658/pid_28709
11-10 15:25:28.280 14050 14050 I BluetoothAdapterProperties: getBondedDevices: length=11
11-10 15:25:28.280 14050 14050 W MediaControlGattService: Feature TRACK_CHANGED support: true
11-10 15:25:28.280 31972 31972 I Finsky:background: [2] agim - Deduping intent android.intent.action.PACKAGE_ADDED
11-10 15:25:28.281 14132 30723 I EuiccGoogle: [1148] EuiccServiceImpl.onGetEuiccProfileInfoList: slotId = 0, isRemovable = false
11-10 15:25:28.281 14132 30723 I EuiccGoogle: [1148] EuiccServiceImpl.onGetEuiccProfileInfoList: onGetEuiccProfileInfoList: isRemovable = false.
11-10 15:25:28.281 14132 30723 I EuiccGoogle: [1148] EuiccServiceImpl.onGetEuiccProfileInfoList: getSimCardState for slotId: 0
11-10 15:25:28.281 14050 14050 I BluetoothAdapterProperties: getBondedDevices: length=11
11-10 15:25:28.281 14050 14050 W MediaControlGattService: Feature PLAYING_ORDER_SUPPORTED support: true
11-10 15:25:28.281 14050 14050 W MediaControlGattService: Feature PLAYING_ORDER support: true
11-10 15:25:28.281 14050 14050 W MediaControlGattService: Feature PLAYING_ORDER_NOTIFY support: true
