11-10 15:25:28.476  1884  4398 D LauncherAppsService: getActivityLaunchIntent callingPackage=com.android.systemui component=ComponentInfo{com.google.android.apps.searchlite/com.google.android.apps.searchlite.ui.SearchActivity} user=UserHandle{0}
11-10 15:25:28.477  1884  4398 D LauncherAppsService: getActivityLaunchIntent callingPackage=com.android.systemui component=ComponentInfo{com.google.android.apps.subscriptions.red/com.google.android.apps.subscriptions.red.LauncherActivity} user=UserHandle{0}
11-10 15:25:28.477  1884  4398 D LauncherAppsService: getActivityLaunchIntent callingPackage=com.android.systemui component=ComponentInfo{com.google.android.apps.translate/com.google.android.apps.translate.TranslateActivity} user=UserHandle{0}
11-10 15:25:28.478  1884  4398 D LauncherAppsService: getActivityLaunchIntent callingPackage=com.android.systemui component=ComponentInfo{com.google.android.keep/com.google.android.keep.activities.BrowseActivity} user=UserHandle{0}
11-10 15:25:28.479  1884  4398 D LauncherAppsService: getActivityLaunchIntent callingPackage=com.android.systemui component=ComponentInfo{com.gtsy.capturing.heroes/com.unity3d.player.UnityPlayerActivity} user=UserHandle{0}
11-10 15:25:28.479  1884  4398 D LauncherAppsService: getActivityLaunchIntent callingPackage=com.android.systemui component=ComponentInfo{com.hb.spider.games.fighting.hero/com.unity3d.player.UnityPlayerActivity} user=UserHandle{0}
11-10 15:25:28.479  1884  2439 D LauncherAppsService: getActivityLaunchIntent callingPackage=com.android.systemui component=ComponentInfo{com.htt.alpha.shooter.fps/com.unity3d.player.UnityPlayerActivity} user=UserHandle{0}
11-10 15:25:28.480  1884  2439 D LauncherAppsService: getActivityLaunchIntent callingPackage=com.android.systemui component=ComponentInfo{com.inotesapp.inotes/com.inotesapp.inotes.MainActivity} user=UserHandle{0}
11-10 15:25:28.480  1884  4398 D LauncherAppsService: getActivityLaunchIntent callingPackage=com.android.systemui component=ComponentInfo{com.instagram.android/com.instagram.android.activity.MainTabActivity} user=UserHandle{0}
11-10 15:25:28.481  1884  2439 D LauncherAppsService: getActivityLaunchIntent callingPackage=com.android.systemui component=ComponentInfo{com.kendamanomics.app/com.kendamanomics.app.MainActivity} user=UserHandle{0}
11-10 15:25:28.481  1884  4398 D LauncherAppsService: getActivityLaunchIntent callingPackage=com.android.systemui component=ComponentInfo{com.libratone/com.libratone.v3.activities.HomeActivity} user=UserHandle{0}
11-10 15:25:28.481  1884  4398 D LauncherAppsService: getActivityLaunchIntent callingPackage=com.android.systemui component=ComponentInfo{com.linkedin.android/com.linkedin.android.authenticator.LaunchActivityDefault} user=UserHandle{0}
11-10 15:25:28.482  1431  2167 W USF     : USF_API: Drop flicker data, cannot find sampling_id:84682!
11-10 15:25:28.482  1884  2439 D LauncherAppsService: getActivityLaunchIntent callingPackage=com.android.systemui component=ComponentInfo{com.mcdonalds.mobileapp/com.mcdonalds.mobileapp.SplashActivity} user=UserHandle{0}
11-10 15:25:28.482  1884  4398 D LauncherAppsService: getActivityLaunchIntent callingPackage=com.android.systemui component=ComponentInfo{com.microsoft.appmanager/com.microsoft.appmanager.StartUpCoreActivity} user=UserHandle{0}
11-10 15:25:28.483  1884  2439 D LauncherAppsService: getActivityLaunchIntent callingPackage=com.android.systemui component=ComponentInfo{com.microsoft.office.excel/com.microsoft.office.apphost.LaunchActivity} user=UserHandle{0}
11-10 15:25:28.483  1884  2439 D LauncherAppsService: getActivityLaunchIntent callingPackage=com.android.systemui component=ComponentInfo{com.microsoft.office.onenote/com.microsoft.office.onenote.ui.ONMSplashActivity} user=UserHandle{0}
11-10 15:25:28.483  1884  4398 D LauncherAppsService: getActivityLaunchIntent callingPackage=com.android.systemui component=ComponentInfo{com.microsoft.office.word/com.microsoft.office.apphost.LaunchActivity} user=UserHandle{0}
11-10 15:25:28.484  1884  2439 D LauncherAppsService: getActivityLaunchIntent callingPackage=com.android.systemui component=ComponentInfo{com.microsoft.rdc.androidx/com.microsoft.windowsapp.ui.HomeActivity} user=UserHandle{0}
11-10 15:25:28.484  1884  4398 D LauncherAppsService: getActivityLaunchIntent callingPackage=com.android.systemui component=ComponentInfo{com.microsoft.teams/com.microsoft.skype.teams.Launcher} user=UserHandle{0}
11-10 15:25:28.485  1884  4398 D LauncherAppsService: getActivityLaunchIntent callingPackage=com.android.systemui component=ComponentInfo{com.microsoft.windowsintune.companyportal/com.microsoft.windowsintune.companyportal.views.SplashActivity} user=UserHandle{0}
11-10 15:25:28.485  1884  2439 D LauncherAppsService: getActivityLaunchIntent callingPackage=com.android.systemui component=ComponentInfo{com.mojang.minecraftpe/com.mojang.minecraftpe.MainActivity} user=UserHandle{0}
11-10 15:25:28.486  1884  4398 D LauncherAppsService: getActivityLaunchIntent callingPackage=com.android.systemui component=ComponentInfo{com.movile.playkids.pkxd/com.movile.playkids.pkxd.base.UnityPlayerActivity} user=UserHandle{0}
11-10 15:25:28.486  1884  2439 D LauncherAppsService: getActivityLaunchIntent callingPackage=com.android.systemui component=ComponentInfo{com.musicpay.app/com.musicpay.app.MainActivity} user=UserHandle{0}
11-10 15:25:28.487  1884  2439 D LauncherAppsService: getActivityLaunchIntent callingPackage=com.android.systemui component=ComponentInfo{com.netflix.mediaclient/com.netflix.mediaclient.ui.launch.UIWebViewActivity} user=UserHandle{0}
11-10 15:25:28.487 14050 14071 I avrcp   : system/profile/avrcp/connection_handler.cc:587 SendMessage: SendMessage to handle=0x1
11-10 15:25:28.487  1884  4398 D LauncherAppsService: getActivityLaunchIntent callingPackage=com.android.systemui component=ComponentInfo{com.nexar.spider.web.shooting.puzzles/com.unity3d.player.UnityPlayerActivity} user=UserHandle{0}
11-10 15:25:28.487  1884  4398 D LauncherAppsService: getActivityLaunchIntent callingPackage=com.android.systemui component=ComponentInfo{com.okta.android.auth/com.okta.android.auth.activity.SplashActivity} user=UserHandle{0}
11-10 15:25:28.488  1884  2439 D LauncherAppsService: getActivityLaunchIntent callingPackage=com.android.systemui component=ComponentInfo{com.onebutton.mrsuper2/com.onebutton.cpp.AppActivity} user=UserHandle{0}
11-10 15:25:28.488  1884  2439 D LauncherAppsService: getActivityLaunchIntent callingPackage=com.android.systemui component=ComponentInfo{com.onepassword.android/com.onepassword.android.app.StartActivity} user=UserHandle{0}
11-10 15:25:28.489  1884  2439 D LauncherAppsService: getActivityLaunchIntent callingPackage=com.android.systemui component=ComponentInfo{com.openai.chatgpt/com.openai.chatgpt.MainActivity} user=UserHandle{0}
11-10 15:25:28.489  1884  2439 D LauncherAppsService: getActivityLaunchIntent callingPackage=com.android.systemui component=ComponentInfo{com.orange.contultauorange/com.orange.contultauorange.presentation.entry.EntryActivity} user=UserHandle{0}
11-10 15:25:28.489 31972 30708 I Finsky:background: [1177] Wrote row to frosting DB: 134051
11-10 15:25:28.489 29449 29449 I Finsky  : [2] AIM: AppInfoManager-Perf > getApps > called for 1 apps
11-10 15:25:28.490  1484  1484 I WifiHAL : index: 0 per_rate_size 32, data_rem_len 1152
11-10 15:25:28.490  1484  1484 I WifiHAL : index: 1 per_rate_size 32, data_rem_len 1120
11-10 15:25:28.490  1484  1484 I WifiHAL : index: 2 per_rate_size 32, data_rem_len 1088
11-10 15:25:28.490  1484  1484 I WifiHAL : index: 3 per_rate_size 32, data_rem_len 1056
11-10 15:25:28.490  1484  1484 I WifiHAL : index: 4 per_rate_size 32, data_rem_len 1024
11-10 15:25:28.490  1484  1484 I WifiHAL : index: 5 per_rate_size 32, data_rem_len 992
11-10 15:25:28.490  1484  1484 I WifiHAL : index: 6 per_rate_size 32, data_rem_len 960
11-10 15:25:28.490  1884  4398 D LauncherAppsService: getActivityLaunchIntent callingPackage=com.android.systemui component=ComponentInfo{com.paurau.SlowMoRun/com.unity3d.player.UnityPlayerActivity} user=UserHandle{0}
11-10 15:25:28.490  1484  1484 I WifiHAL : index: 7 per_rate_size 32, data_rem_len 928
11-10 15:25:28.490  1484  1484 I WifiHAL : index: 8 per_rate_size 32, data_rem_len 896
11-10 15:25:28.490  1484  1484 I WifiHAL : index: 9 per_rate_size 32, data_rem_len 864
11-10 15:25:28.490  1484  1484 I WifiHAL : index: 10 per_rate_size 32, data_rem_len 832
11-10 15:25:28.490  1484  1484 I WifiHAL : index: 11 per_rate_size 32, data_rem_len 800
11-10 15:25:28.490  1484  1484 I WifiHAL : index: 12 per_rate_size 32, data_rem_len 768
11-10 15:25:28.490  1484  1484 I WifiHAL : index: 13 per_rate_size 32, data_rem_len 736
11-10 15:25:28.490  1484  1484 I WifiHAL : index: 14 per_rate_size 32, data_rem_len 704
11-10 15:25:28.490  1484  1484 I WifiHAL : index: 15 per_rate_size 32, data_rem_len 672
11-10 15:25:28.490  1484  1484 I WifiHAL : index: 16 per_rate_size 32, data_rem_len 640
11-10 15:25:28.490  1484  1484 I WifiHAL : index: 17 per_rate_size 32, data_rem_len 608
11-10 15:25:28.490  1484  1484 I WifiHAL : index: 18 per_rate_size 32, data_rem_len 576
11-10 15:25:28.490  1484  1484 I WifiHAL : index: 19 per_rate_size 32, data_rem_len 544
11-10 15:25:28.490  1484  1484 I WifiHAL : index: 20 per_rate_size 32, data_rem_len 512
11-10 15:25:28.490  1484  1484 I WifiHAL : index: 21 per_rate_size 32, data_rem_len 480
11-10 15:25:28.490  1484  1484 I WifiHAL : index: 22 per_rate_size 32, data_rem_len 448
11-10 15:25:28.490  1484  1484 I WifiHAL : index: 23 per_rate_size 32, data_rem_len 416
11-10 15:25:28.490  1484  1484 I WifiHAL : index: 24 per_rate_size 32, data_rem_len 384
11-10 15:25:28.490  1484  1484 I WifiHAL : index: 25 per_rate_size 32, data_rem_len 352
11-10 15:25:28.490  1484  1484 I WifiHAL : index: 26 per_rate_size 32, data_rem_len 320
11-10 15:25:28.490  1484  1484 I WifiHAL : index: 27 per_rate_size 32, data_rem_len 288
11-10 15:25:28.490  1484  1484 I WifiHAL : index: 28 per_rate_size 32, data_rem_len 256
11-10 15:25:28.490  1484  1484 I WifiHAL : index: 29 per_rate_size 32, data_rem_len 224
11-10 15:25:28.490  1484  1484 I WifiHAL : index: 30 per_rate_size 32, data_rem_len 192
11-10 15:25:28.490  1484  1484 I WifiHAL : index: 31 per_rate_size 32, data_rem_len 160
11-10 15:25:28.490  1484  1484 I WifiHAL : index: 32 per_rate_size 32, data_rem_len 128
11-10 15:25:28.490  1484  1484 I WifiHAL : index: 33 per_rate_size 32, data_rem_len 96
11-10 15:25:28.490  1484  1484 I WifiHAL : index: 34 per_rate_size 32, data_rem_len 64
11-10 15:25:28.490  1484  1484 I WifiHAL : index: 35 per_rate_size 32, data_rem_len 32
11-10 15:25:28.490  1484  1484 E libbinder.IPCThreadState: binder thread pool (1 threads) starved for 113 ms
11-10 15:25:28.490  1884  4398 D LauncherAppsService: getActivityLaunchIntent callingPackage=com.android.systemui component=ComponentInfo{com.rarlab.rar/com.rarlab.rar.MainActivity} user=UserHandle{0}
11-10 15:25:28.490  1484  1484 I WifiHAL : Getting cached scan results, iface handle = 0xb400007caea59610
11-10 15:25:28.490  1484  1484 E WifiHAL : Creating message to get cached scan results
11-10 15:25:28.491  1884  2439 D LauncherAppsService: getActivityLaunchIntent callingPackage=com.android.systemui component=ComponentInfo{com.reddit.frontpage/launcher.default} user=UserHandle{0}
11-10 15:25:28.491  1884  2439 D LauncherAppsService: getActivityLaunchIntent callingPackage=com.android.systemui component=ComponentInfo{com.redhands.twoplayergames/com.unity3d.player.UnityPlayerActivity} user=UserHandle{0}
11-10 15:25:28.492  1884  2439 D LauncherAppsService: getActivityLaunchIntent callingPackage=com.android.systemui component=ComponentInfo{com.revolut.revolut/com.revolut.ui.login.pin.LoginActivity} user=UserHandle{0}
11-10 15:25:28.492  1431  2167 W USF     : USF_API: Drop flicker data, cannot find sampling_id:84682!
11-10 15:25:28.492  1884  4398 D LauncherAppsService: getActivityLaunchIntent callingPackage=com.android.systemui component=ComponentInfo{com.rlg.future.robot.transform.car.racing/com.unity3d.player.UnityPlayerActivity} user=UserHandle{0}
11-10 15:25:28.492  1884  2439 D LauncherAppsService: getActivityLaunchIntent callingPackage=com.android.systemui component=ComponentInfo{com.sameday.client.mobile/com.sameday.client.mobile.MainActivity} user=UserHandle{0}
11-10 15:25:28.493  1884  2439 D LauncherAppsService: getActivityLaunchIntent callingPackage=com.android.systemui component=ComponentInfo{com.smmservice.authenticator/com.smmservice.authenticator.presentation.ui.activity.MainActivity} user=UserHandle{0}
11-10 15:25:28.493  1884  2439 D LauncherAppsService: getActivityLaunchIntent callingPackage=com.android.systemui component=ComponentInfo{com.soundcloud.android/com.soundcloud.android.launcher.LauncherActivity} user=UserHandle{0}
11-10 15:25:28.494  1884  4398 D LauncherAppsService: getActivityLaunchIntent callingPackage=com.android.systemui component=ComponentInfo{com.splendapps.decibel/com.splendapps.decibel.MainActivity} user=UserHandle{0}
11-10 15:25:28.494  1884  2439 D LauncherAppsService: getActivityLaunchIntent callingPackage=com.android.systemui component=ComponentInfo{com.starplay.spider.fighter.openworld/com.superlevel.fighting.GameActivity} user=UserHandle{0}
11-10 15:25:28.495  1884  2439 D LauncherAppsService: getActivityLaunchIntent callingPackage=com.android.systemui component=ComponentInfo{com.twitter.android/com.twitter.android.StartActivity} user=UserHandle{0}
11-10 15:25:28.495  1884  2439 D LauncherAppsService: getActivityLaunchIntent callingPackage=com.android.systemui component=ComponentInfo{com.upromania.superup/com.gcd.ro.solde.superup.ui.splash.SuperUpSplashActivity} user=UserHandle{0}
11-10 15:25:28.496  1884  4398 D LauncherAppsService: getActivityLaunchIntent callingPackage=com.android.systemui component=ComponentInfo{com.wallapop/com.wallapop.activities.HomeActivity} user=UserHandle{0}
11-10 15:25:28.496  1884  2439 D LauncherAppsService: getActivityLaunchIntent callingPackage=com.android.systemui component=ComponentInfo{com.waze/com.waze.FreeMapAppActivity} user=UserHandle{0}
11-10 15:25:28.497  1884  2439 D LauncherAppsService: getActivityLaunchIntent callingPackage=com.android.systemui component=ComponentInfo{com.whatsapp/com.whatsapp.Main} user=UserHandle{0}
11-10 15:25:28.498  1484  1484 I WifiHAL : In GetCachedScanResultsCommand::handleResponse
11-10 15:25:28.499  1884  2439 D LauncherAppsService: getActivityLaunchIntent callingPackage=com.android.systemui component=ComponentInfo{com.zhiliaoapp.musically/com.ss.android.ugc.aweme.splash.SplashActivity} user=UserHandle{0}
11-10 15:25:28.500  1884  4398 D LauncherAppsService: getActivityLaunchIntent callingPackage=com.android.systemui component=ComponentInfo{de.mobile.android.app/de.mobile.android.app.splash.Splash} user=UserHandle{0}
11-10 15:25:28.500  1884  2439 D LauncherAppsService: getActivityLaunchIntent callingPackage=com.android.systemui component=ComponentInfo{epson.print/epson.print.WellcomeScreenActivity} user=UserHandle{0}
11-10 15:25:28.501  1884  4398 D LauncherAppsService: getActivityLaunchIntent callingPackage=com.android.systemui component=ComponentInfo{fr.vinted/com.vinted.feature.shell.MDActivity} user=UserHandle{0}
11-10 15:25:28.501  1884  4398 D LauncherAppsService: getActivityLaunchIntent callingPackage=com.android.systemui component=ComponentInfo{io.supercent.linkedcubic/com.unity3d.player.UnityPlayerActivity} user=UserHandle{0}
11-10 15:25:28.501  1884  4398 D LauncherAppsService: getActivityLaunchIntent callingPackage=com.android.systemui component=ComponentInfo{io.voodoo.holeio/com.google.firebase.MessagingUnityPlayerActivity} user=UserHandle{0}
11-10 15:25:28.502  1884  3071 D LauncherAppsService: getActivityLaunchIntent callingPackage=com.android.systemui component=ComponentInfo{io.voodoo.paper2/com.unity3d.player.UnityPlayerActivity} user=UserHandle{0}
11-10 15:25:28.502  1431  2167 W USF     : USF_API: Drop flicker data, cannot find sampling_id:84682!
11-10 15:25:28.502  1884  2439 D LauncherAppsService: getActivityLaunchIntent callingPackage=com.android.systemui component=ComponentInfo{nl.marktplaats.android/com.horizon.android.feature.feeds.homepage.SpringboardActivity} user=UserHandle{0}
11-10 15:25:28.503  1884  2439 D LauncherAppsService: getActivityLaunchIntent callingPackage=com.android.systemui component=ComponentInfo{org.chromium.webapk.a15bc299c036bd0c4_v2/org.chromium.webapk.shell_apk.h2o.H2OOpaqueMainActivity} user=UserHandle{0}
11-10 15:25:28.503  1884  2439 D LauncherAppsService: getActivityLaunchIntent callingPackage=com.android.systemui component=ComponentInfo{org.chromium.webapk.acf6f8d2b6ee0ba22_v2/org.chromium.webapk.shell_apk.h2o.H2OOpaqueMainActivity} user=UserHandle{0}
11-10 15:25:28.504  1884  2439 D LauncherAppsService: getActivityLaunchIntent callingPackage=com.android.systemui component=ComponentInfo{org.devcore.mixingstation/org.devcore.ms.android.MsAndroidLauncher} user=UserHandle{0}
11-10 15:25:28.506  1884  2439 D LauncherAppsService: getActivityLaunchIntent callingPackage=com.android.systemui component=ComponentInfo{org.intoorbit.spectrum/org.intoorbit.spectrum.SpectrumActivity} user=UserHandle{0}
11-10 15:25:28.506  1884  2439 D LauncherAppsService: getActivityLaunchIntent callingPackage=com.android.systemui component=ComponentInfo{org.localsend.localsend_app/org.localsend.localsend_app.MainActivity} user=UserHandle{0}
11-10 15:25:28.507  1884  2439 D LauncherAppsService: getActivityLaunchIntent callingPackage=com.android.systemui component=ComponentInfo{org.telegram.messenger/org.telegram.messenger.DefaultIcon} user=UserHandle{0}
11-10 15:25:28.510  1884  2439 D LauncherAppsService: getActivityLaunchIntent callingPackage=com.android.systemui component=ComponentInfo{org.videolan.vlc/org.videolan.vlc.StartActivity} user=UserHandle{0}
11-10 15:25:28.510  1884  2439 D LauncherAppsService: getActivityLaunchIntent callingPackage=com.android.systemui component=ComponentInfo{ro.mercador/pl.tablica2.app.startup.activity.StartupActivity} user=UserHandle{0}
11-10 15:25:28.511  1884  2439 D LauncherAppsService: getActivityLaunchIntent callingPackage=com.android.systemui component=ComponentInfo{ro.orange.tvlive/app.solocoo.tv.solocoo.login.splash.SplashActivity} user=UserHandle{0}
11-10 15:25:28.511  1884  2439 D LauncherAppsService: getActivityLaunchIntent callingPackage=com.android.systemui component=ComponentInfo{ro.raiffeisen.eToken/ro.raiffeisen.eToken.launcher.LauncherActivity} user=UserHandle{0}
11-10 15:25:28.512  1884  2439 D LauncherAppsService: getActivityLaunchIntent callingPackage=com.android.systemui component=ComponentInfo{ro.raiffeisen.smartmobile/ro.raiffeisen.smartmobile.presentation.main.LauncherActivity} user=UserHandle{0}
11-10 15:25:28.512  1431  2167 W USF     : USF_API: Drop flicker data, cannot find sampling_id:84682!
11-10 15:25:28.516 14132 30729 I EuiccGoogle: [1149] EuiccServiceImpl.onGetEuiccProfileInfoList: onGetEuiccProfileInfoList: Profile nickname = 1GLOBAL.
11-10 15:25:28.516 14132 30729 I EuiccGoogle: [1149] EuiccServiceImpl.onGetEuiccProfileInfoList: onGetEuiccProfileInfoList: Profile info = EuiccProfileInfo (nickname=1GLOBAL, serviceProviderName=1GLOBAL, profileName=1GLOBAL, profileClass=2, state=0, CarrierIdentifier=CarrierIdentifier{mcc=204,mnc=08,spn=null,imsi=null,gid1=547275554B3030656E,gid2=547275554B3030656E,carrierid=-1,specificCarrierId=-1}, policyRules=0, accessRules=[cert: 52F308E2848EBF1FEA098A565D54A17B1CA9747D pkg: com.revolut.revolut access: 1, cert: BB9216C690E2EC5CF9FEF6E4D02E7B40ED159143 pkg: com.revolut.revolut access: 1], iccid=894447861[****]).
11-10 15:25:28.518  3130  3339 D EuiccConnector: handleMessage: E msg.what=6
11-10 15:25:28.518  3130  3339 D EuiccConnector: processMsg: ConnectedState
11-10 15:25:28.518  3130  3339 D EuiccConnector: handleMessage: X
11-10 15:25:28.522  1431  2167 W USF     : USF_API: Drop flicker data, cannot find sampling_id:84682!
11-10 15:25:28.529 29449 29480 I Finsky  : [1119] AIM: AppInfoManager-Perf > OnDeviceAppInfo > cacheHitCount=0, cacheMissCount=1. Missed  in cache (limit 10) : [com.example.mobiledigger]
11-10 15:25:28.531 31972 30708 I Finsky:background: [1177] Wrote row to frosting DB: 134052
11-10 15:25:28.532  1431  2167 W USF     : USF_API: Drop flicker data, cannot find sampling_id:84682!
11-10 15:25:28.541  1884  2681 D ConnectivityService: NetReassign [no changes] [c 1] [a 0] [i 1]
11-10 15:25:28.542  1431  2167 W USF     : USF_API: Drop flicker data, cannot find sampling_id:84682!
11-10 15:25:28.550  1884  3682 D ShortcutService: driveShortcut_4d5b5c80-3541-4fe8-8023-a2649ae5b144 ignored because it isn't pinned by com.android.systemui
11-10 15:25:28.552  1431  2167 W USF     : USF_API: Drop flicker data, cannot find sampling_id:84682!
11-10 15:25:28.561 29449 29480 I Finsky  : [1119] AIM: Got app ownership map. App counts: . Unique apps: 0
11-10 15:25:28.561  1431  2167 W USF     : USF_API: Drop flicker data, cannot find sampling_id:84682!
11-10 15:25:28.563  1884  3071 V Configuration: Updating configuration, locales updated from [] to [en_US,ro_RO]
11-10 15:25:28.563  1884  3071 V Configuration: Updating configuration, locales updated from [] to [en_US]
11-10 15:25:28.563  1884  3071 V Configuration: Updating configuration, locales updated from [] to [en_US,ro_RO]
11-10 15:25:28.563  1884  3071 V Configuration: Updating configuration, locales updated from [] to [en_US,ro_RO]
11-10 15:25:28.563  1884  3071 V Configuration: Updating configuration, locales updated from [] to [en_US,ro_RO]
11-10 15:25:28.563  1884  3071 V Configuration: Updating configuration, locales updated from [] to [en_US]
11-10 15:25:28.563  1884  3071 V Configuration: Updating configuration, locales updated from [] to [en_US,ro_RO]
11-10 15:25:28.563  1884  3071 V Configuration: Updating configuration, locales updated from [] to [en_US,ro_RO]
11-10 15:25:28.563  1884  3071 V Configuration: Updating configuration, locales updated from [] to [en_US,ro_RO]
11-10 15:25:28.563  1884  3071 V Configuration: Updating configuration, locales updated from [] to [en_US]
11-10 15:25:28.563  1884  3071 V Configuration: Updating configuration, locales updated from [] to [en_US,ro_RO]
11-10 15:25:28.563  1884  3071 V Configuration: Updating configuration, locales updated from [] to [en_US,ro_RO]
11-10 15:25:28.563  1884  3071 V Configuration: Updating configuration, locales updated from [] to [en_US,ro_RO]
11-10 15:25:28.563  1884  3071 V Configuration: Updating configuration, locales updated from [] to [en_US]
11-10 15:25:28.563  1884  3071 V Configuration: Updating configuration, locales updated from [] to [en_US,ro_RO]
11-10 15:25:28.563  1884  3071 V Configuration: Updating configuration, locales updated from [] to [en_US,ro_RO]
11-10 15:25:28.563  1884  3071 V Configuration: Updating configuration, locales updated from [] to [en_US,ro_RO]
11-10 15:25:28.563  1884  3071 V Configuration: Updating configuration, locales updated from [] to [en_US,ro_RO]
11-10 15:25:28.563  1884  3071 V Configuration: Updating configuration, locales updated from [] to [en_US]
11-10 15:25:28.563  1884  3071 V Configuration: Updating configuration, locales updated from [] to [en_US]
11-10 15:25:28.563  1884  3071 V Configuration: Updating configuration, locales updated from [] to [en_US]
11-10 15:25:28.563  1884  3071 V Configuration: Updating configuration, locales updated from [] to [en_US,ro_RO]
11-10 15:25:28.563  1884  3071 V Configuration: Updating configuration, locales updated from [] to [en_US,ro_RO]
11-10 15:25:28.563  1884  3071 V Configuration: Updating configuration, locales updated from [] to [en_US]
11-10 15:25:28.563  1884  3071 V Configuration: Updating configuration, locales updated from [] to [en_US,ro_RO]
11-10 15:25:28.563  1884  3071 V Configuration: Updating configuration, locales updated from [] to [en_US,ro_RO]
11-10 15:25:28.563  1884  3071 V Configuration: Updating configuration, locales updated from [] to [en_US,ro_RO]
11-10 15:25:28.563  1884  3071 V Configuration: Updating configuration, locales updated from [] to [en_US,ro_RO]
11-10 15:25:28.564  1884  3071 V Configuration: Updating configuration, locales updated from [] to [en_US,ro_RO]
11-10 15:25:28.564  1884  3071 V Configuration: Updating configuration, locales updated from [] to [en_US,ro_RO]
11-10 15:25:28.564  1884  3071 V Configuration: Updating configuration, locales updated from [] to [en_US]
11-10 15:25:28.564  1884  3071 V Configuration: Updating configuration, locales updated from [] to [en_US,ro_RO]
11-10 15:25:28.564  1884  3071 V Configuration: Updating configuration, locales updated from [] to [en_US]
11-10 15:25:28.564  1884  3071 V Configuration: Updating configuration, locales updated from [] to [en_US,ro_RO]
11-10 15:25:28.564  1884  3071 V Configuration: Updating configuration, locales updated from [] to [en_US,ro_RO]
11-10 15:25:28.564  1884  3071 V Configuration: Updating configuration, locales updated from [] to [en_US,ro_RO]
11-10 15:25:28.564  1884  3071 V Configuration: Updating configuration, locales updated from [] to [en_US]
11-10 15:25:28.564  1884  3071 V Configuration: Updating configuration, locales updated from [] to [en_US,ro_RO]
11-10 15:25:28.564  1884  3071 V Configuration: Updating configuration, locales updated from [] to [en_US]
11-10 15:25:28.564  1884  3071 V Configuration: Updating configuration, locales updated from [] to [en_US,ro_RO]
11-10 15:25:28.564  1884  3071 V Configuration: Updating configuration, locales updated from [] to [en_US,ro_RO]
11-10 15:25:28.564  1884  3071 V Configuration: Updating configuration, locales updated from [] to [en_US,ro_RO]
11-10 15:25:28.564  1884  3071 V Configuration: Updating configuration, locales updated from [] to [en_US,ro_RO]
11-10 15:25:28.564  1884  3071 V Configuration: Updating configuration, locales updated from [] to [en_US,ro_RO]
11-10 15:25:28.564  1884  3071 V Configuration: Updating configuration, locales updated from [] to [en_US,ro_RO]
11-10 15:25:28.564  1884  3071 V Configuration: Updating configuration, locales updated from [] to [ro_RO,en_US]
11-10 15:25:28.564  1884  3071 V Configuration: Updating configuration, locales updated from [] to [en_US,ro_RO]
11-10 15:25:28.564  1884  3071 V Configuration: Updating configuration, locales updated from [] to [en_US,ro_RO]
11-10 15:25:28.564  1884  3071 V Configuration: Updating configuration, locales updated from [] to [en_US,ro_RO]
11-10 15:25:28.564  1884  3071 V Configuration: Updating configuration, locales updated from [] to [en_US,ro_RO]
11-10 15:25:28.564  1884  3071 V Configuration: Updating configuration, locales updated from [] to [en_US,ro_RO]
11-10 15:25:28.564  1884  3071 V Configuration: Updating configuration, locales updated from [] to [en_US,ro_RO]
11-10 15:25:28.564  1884  3071 V Configuration: Updating configuration, locales updated from [] to [en_US,ro_RO]
11-10 15:25:28.564  1884  3071 V Configuration: Updating configuration, locales updated from [] to [en_US,ro_RO]
11-10 15:25:28.564  1884  3071 V Configuration: Updating configuration, locales updated from [] to [en_US,ro_RO]
11-10 15:25:28.564  1884  3071 V Configuration: Updating configuration, locales updated from [] to [en_US,ro_RO]
11-10 15:25:28.564  1884  3071 V Configuration: Updating configuration, locales updated from [] to [en_US,ro_RO]
11-10 15:25:28.564  1884  3071 V Configuration: Updating configuration, locales updated from [] to [en_US,ro_RO]
11-10 15:25:28.564 29449 29480 E Finsky  : [1119] [Counters] attempted to use a non-positive increment for: 4752
11-10 15:25:28.564  1884  3071 V Configuration: Updating configuration, locales updated from [] to [en_US,ro_RO]
11-10 15:25:28.564  1884  3071 V Configuration: Updating configuration, locales updated from [] to [en_US,ro_RO]
11-10 15:25:28.564  1884  3071 V Configuration: Updating configuration, locales updated from [] to [en_US,ro_RO]
11-10 15:25:28.564  1884  3071 V Configuration: Updating configuration, locales updated from [] to [en_US,ro_RO]
11-10 15:25:28.564  1884  3071 V Configuration: Updating configuration, locales updated from [] to [en_US,ro_RO]
11-10 15:25:28.564  1884  3071 V Configuration: Updating configuration, locales updated from [] to [en_US,ro_RO]
11-10 15:25:28.564  1884  3071 V Configuration: Updating configuration, locales updated from [] to [en_US,ro_RO]
11-10 15:25:28.564  1884  3071 V Configuration: Updating configuration, locales updated from [] to [ro_RO,en_US]
11-10 15:25:28.564  1884  3071 V Configuration: Updating configuration, locales updated from [] to [en_US,ro_RO]
11-10 15:25:28.564  1884  3071 V Configuration: Updating configuration, locales updated from [] to [en_US,ro_RO]
11-10 15:25:28.564  1884  3071 V Configuration: Updating configuration, locales updated from [] to [en_US,ro_RO]
11-10 15:25:28.564  1884  3071 V Configuration: Updating configuration, locales updated from [] to [en_US,ro_RO]
11-10 15:25:28.564  1884  3071 V Configuration: Updating configuration, locales updated from [] to [en_US,ro_RO]
11-10 15:25:28.564  1884  3071 V Configuration: Updating configuration, locales updated from [] to [en_US,ro_RO]
11-10 15:25:28.564  1884  3071 V Configuration: Updating configuration, locales updated from [] to [en_US,ro_RO]
11-10 15:25:28.564  1884  3071 V Configuration: Updating configuration, locales updated from [] to [en_US,ro_RO]
11-10 15:25:28.564  1884  3071 V Configuration: Updating configuration, locales updated from [] to [en_US,ro_RO]
11-10 15:25:28.564  1884  3071 V Configuration: Updating configuration, locales updated from [] to [ro_RO,en_US]
11-10 15:25:28.564  1884  3071 V Configuration: Updating configuration, locales updated from [] to [en_US,ro_RO]
11-10 15:25:28.564  1884  3071 V Configuration: Updating configuration, locales updated from [] to [en_US,ro_RO]
11-10 15:25:28.564  1884  3071 V Configuration: Updating configuration, locales updated from [] to [en_US]
11-10 15:25:28.564  1884  3071 V Configuration: Updating configuration, locales updated from [] to [en_US,ro_RO]
11-10 15:25:28.564  1884  3071 V Configuration: Updating configuration, locales updated from [] to [en_US,ro_RO]
11-10 15:25:28.564  1884  3071 V Configuration: Updating configuration, locales updated from [] to [en_US,ro_RO]
11-10 15:25:28.564  1884  3071 V Configuration: Updating configuration, locales updated from [] to [en_US,ro_RO]
11-10 15:25:28.564  1884  3071 V Configuration: Updating configuration, locales updated from [] to [en_US,ro_RO]
11-10 15:25:28.564  1884  3071 V Configuration: Updating configuration, locales updated from [] to [ro_RO,en_US]
11-10 15:25:28.564  1884  3071 V Configuration: Updating configuration, locales updated from [] to [en_US,ro_RO]
11-10 15:25:28.564  1884  3071 V Configuration: Updating configuration, locales updated from [] to [en_US]
11-10 15:25:28.564  1884  3071 V Configuration: Updating configuration, locales updated from [] to [ro_RO]
11-10 15:25:28.565  1884  3071 V Configuration: Updating configuration, locales updated from [] to [en_US,ro_RO]
11-10 15:25:28.565  1884  3071 V Configuration: Updating configuration, locales updated from [] to [en_US,ro_RO]
11-10 15:25:28.565  1884  3071 V Configuration: Updating configuration, locales updated from [] to [en_US,ro_RO]
11-10 15:25:28.565  1884  3071 V Configuration: Updating configuration, locales updated from [] to [en_US,ro_RO]
11-10 15:25:28.565  1884  3071 V Configuration: Updating configuration, locales updated from [] to [en_US,ro_RO]
11-10 15:25:28.565  1884  3071 V Configuration: Updating configuration, locales updated from [] to [ro_RO,en_US]
11-10 15:25:28.565  1884  3071 V Configuration: Updating configuration, locales updated from [] to [en_US]
11-10 15:25:28.565  1884  3071 V Configuration: Updating configuration, locales updated from [] to [en_US,ro_RO]
11-10 15:25:28.565  1884  3071 V Configuration: Updating configuration, locales updated from [] to [ro_RO]
11-10 15:25:28.565  1884  3071 V Configuration: Updating configuration, locales updated from [] to [en_US,ro_RO]
11-10 15:25:28.565  1884  3071 V Configuration: Updating configuration, locales updated from [] to [en_US,ro_RO]
11-10 15:25:28.565  1884  3071 V Configuration: Updating configuration, locales updated from [] to [en_US,ro_RO]
11-10 15:25:28.565  1884  3071 V Configuration: Updating configuration, locales updated from [] to [en_US,ro_RO]
11-10 15:25:28.565  1884  3071 V Configuration: Updating configuration, locales updated from [] to [en_US,ro_RO]
11-10 15:25:28.565  1884  3071 V Configuration: Updating configuration, locales updated from [] to [en_US]
11-10 15:25:28.565  1884  3071 V Configuration: Updating configuration, locales updated from [] to [en_US]
11-10 15:25:28.565  1884  3071 V Configuration: Updating configuration, locales updated from [] to [ro_RO,en_US]
11-10 15:25:28.565  1884  3071 V Configuration: Updating configuration, locales updated from [] to [en_US,ro_RO]
11-10 15:25:28.565  1884  3071 V Configuration: Updating configuration, locales updated from [] to [en_US,ro_RO]
11-10 15:25:28.565  1884  3071 V Configuration: Updating configuration, locales updated from [] to [en_US,ro_RO]
11-10 15:25:28.565  1884  3071 V Configuration: Updating configuration, locales updated from [] to [en_US,ro_RO]
11-10 15:25:28.565  1884  3071 V Configuration: Updating configuration, locales updated from [] to [en_US,ro_RO]
11-10 15:25:28.565  1884  3071 V Configuration: Updating configuration, locales updated from [] to [en_US,ro_RO]
11-10 15:25:28.565  1884  3071 V Configuration: Updating configuration, locales updated from [] to [en_US]
11-10 15:25:28.565  1884  3071 V Configuration: Updating configuration, locales updated from [] to [en_US,ro_RO]
11-10 15:25:28.565  1884  3071 V Configuration: Updating configuration, locales updated from [] to [en_US]
11-10 15:25:28.565  1884  3071 V Configuration: Updating configuration, locales updated from [] to [en_US,ro_RO]
11-10 15:25:28.565  1884  3071 V Configuration: Updating configuration, locales updated from [] to [en_US,ro_RO]
11-10 15:25:28.565  1884  3071 V Configuration: Updating configuration, locales updated from [] to [en_US,ro_RO]
11-10 15:25:28.565  1884  3071 V Configuration: Updating configuration, locales updated from [] to [en_US]
11-10 15:25:28.565  1884  3071 V Configuration: Updating configuration, locales updated from [] to [en_US,ro_RO]
11-10 15:25:28.565  1884  3071 V Configuration: Updating configuration, locales updated from [] to [en_US]
11-10 15:25:28.565  1884  3071 V Configuration: Updating configuration, locales updated from [] to [en_US,ro_RO]
11-10 15:25:28.565  1884  3071 V Configuration: Updating configuration, locales updated from [] to [en_US,ro_RO]
11-10 15:25:28.565  1884  3071 V Configuration: Updating configuration, locales updated from [] to [en_US,ro_RO]
11-10 15:25:28.565  1884  3071 V Configuration: Updating configuration, locales updated from [] to [en_US,ro_RO]
11-10 15:25:28.565  1884  3071 V Configuration: Updating configuration, locales updated from [] to [en_US,ro_RO]
11-10 15:25:28.565  1884  3071 V Configuration: Updating configuration, locales updated from [] to [en_US,ro_RO]
11-10 15:25:28.565  1884  3071 V Configuration: Updating configuration, locales updated from [] to [en_US,ro_RO]
11-10 15:25:28.565  1884  3071 V Configuration: Updating configuration, locales updated from [] to [en_US,ro_RO]
11-10 15:25:28.565  1884  3071 V Configuration: Updating configuration, locales updated from [] to [en_US,ro_RO]
11-10 15:25:28.565  1884  3071 V Configuration: Updating configuration, locales updated from [] to [en_US,ro_RO]
11-10 15:25:28.565  1884  3071 V Configuration: Updating configuration, locales updated from [] to [en_US,ro_RO]
11-10 15:25:28.565  1884  3071 V Configuration: Updating configuration, locales updated from [] to [en_US,ro_RO]
11-10 15:25:28.565  1884  3071 V Configuration: Updating configuration, locales updated from [] to [en_US,ro_RO]
11-10 15:25:28.565  1884  3071 V Configuration: Updating configuration, locales updated from [] to [en_US,ro_RO]
11-10 15:25:28.565  1884  3071 V Configuration: Updating configuration, locales updated from [] to [en_US,ro_RO]
11-10 15:25:28.565  1884  3071 V Configuration: Updating configuration, locales updated from [] to [en_US,ro_RO]
11-10 15:25:28.565  1884  3071 V Configuration: Updating configuration, locales updated from [] to [en_US,ro_RO]
11-10 15:25:28.565  1884  3071 V Configuration: Updating configuration, locales updated from [] to [en_US,ro_RO]
11-10 15:25:28.565  1884  3071 V Configuration: Updating configuration, locales updated from [] to [en_US,ro_RO]
11-10 15:25:28.565  1884  3071 V Configuration: Updating configuration, locales updated from [] to [en_US,ro_RO]
11-10 15:25:28.565  1884  3071 V Configuration: Updating configuration, locales updated from [] to [en_US,ro_RO]
11-10 15:25:28.565  1884  3071 V Configuration: Updating configuration, locales updated from [] to [en_US,ro_RO]
11-10 15:25:28.565  1884  3071 V Configuration: Updating configuration, locales updated from [] to [en_US,ro_RO]
11-10 15:25:28.566  1884  3071 D IntervalStats: Unable to parse usage stats packages: [137, 276, 315, 316, 324, 333, 336, 337, 339, 340, 357, 363, 371, 372, 374, 391, 395, 402, 411, 413, 414, 421, 427, 433, 437, 457, 459, 460, 461, 464, 465, 471, 472, 487, 488, 489, 490, 494, 495, 509, 510, 511, 512, 513, 514, 515, 517, 518, 519, 520, 523, 529, 531, 532, 534, 538, 539, 540, 546, 547, 549, 553, 554, 556, 568, 583, 589, 595, 597, 598, 599, 600, 601, 602, 605, 606, 611, 623, 624, 625, 627, 628, 629, 630, 631, 632, 633, 634, 635, 637, 638, 640, 654, 657, 658, 660, 661, 663, 666, 672, 691, 692, 693, 694, 696, 697, 698, 699, 701, 702, 703, 704, 705, 706, 707, 708, 709, 710, 711, 712, 714, 715, 721]
11-10 15:25:28.570  1884  3682 D LauncherAppsService: getActivityLaunchIntent callingPackage=com.android.systemui component=ComponentInfo{com.android.chrome/com.google.android.apps.chrome.Main} user=UserHandle{0}
11-10 15:25:28.572  1431  2167 W USF     : USF_API: Drop flicker data, cannot find sampling_id:84682!
11-10 15:25:28.573 29449 29480 E Finsky  : [1119] [Counters] attempted to use a non-positive increment for: 4753
11-10 15:25:28.576  1884  3682 D LauncherAppsService: getActivityLaunchIntent callingPackage=com.android.systemui component=ComponentInfo{com.android.settings/com.android.settings.Settings} user=UserHandle{0}
11-10 15:25:28.581  1884  3071 D LauncherAppsService: getActivityLaunchIntent callingPackage=com.android.systemui component=ComponentInfo{com.android.vending/com.android.vending.AssetBrowserActivity} user=UserHandle{0}
11-10 15:25:28.581  1431  2167 W USF     : USF_API: Drop flicker data, cannot find sampling_id:84682!
11-10 15:25:28.583  1884  2439 D LauncherAppsService: getActivityLaunchIntent callingPackage=com.android.systemui component=ComponentInfo{com.google.android.GoogleCamera/com.android.camera.CameraLauncher} user=UserHandle{0}
11-10 15:25:28.588  4276  4276 W MediaProvider: WorkProfileOwnerApps cache is empty
11-10 15:25:28.588  1884  3071 D LauncherAppsService: getActivityLaunchIntent callingPackage=com.android.systemui component=ComponentInfo{com.google.android.apps.docs/com.google.android.apps.docs.app.NewMainProxyActivity} user=UserHandle{0}
11-10 15:25:28.589  4276  4276 D PickerSyncLockManager: Trying to acquire lock com.android.providers.media.photopicker.sync.CloseableReentrantLock@3c14634[Unlocked]. Lock Name = CLOUD_PROVIDER_LOCK. Threads that may be waiting to acquire this lock = []
11-10 15:25:28.589  4276  4276 D CloseableReentrantLock: Successfully acquired lock com.android.providers.media.photopicker.sync.CloseableReentrantLock@3c14634[Locked by thread main]. Lock Name = CLOUD_PROVIDER_LOCK. Threads that may be waiting to acquire this lock = []
11-10 15:25:28.589  4276  4276 D CloseableReentrantLock: Successfully released lock com.android.providers.media.photopicker.sync.CloseableReentrantLock@3c14634[Unlocked]. Lock Name = CLOUD_PROVIDER_LOCK. Threads that may be waiting to acquire this lock = []
11-10 15:25:28.589 24892 24892 W AiAiSmartNotification: ACTION_PACKAGE_ADDED: play_store_category_list.csv is null!
11-10 15:25:28.590  1884  3071 D LauncherAppsService: getActivityLaunchIntent callingPackage=com.android.systemui component=ComponentInfo{com.google.android.apps.maps/com.google.android.maps.MapsActivity} user=UserHandle{0}
11-10 15:25:28.591  1884  3071 D LauncherAppsService: getActivityLaunchIntent callingPackage=com.android.systemui component=ComponentInfo{com.google.android.apps.messaging/com.google.android.apps.messaging.ui.ConversationListActivity} user=UserHandle{0}
11-10 15:25:28.592  1431  2167 W USF     : USF_API: Drop flicker data, cannot find sampling_id:84682!
11-10 15:25:28.592  1884  3071 D LauncherAppsService: getActivityLaunchIntent callingPackage=com.android.systemui component=ComponentInfo{com.google.android.apps.photos/com.google.android.apps.photos.home.HomeActivity} user=UserHandle{0}
11-10 15:25:28.593  1884  3071 D LauncherAppsService: getActivityLaunchIntent callingPackage=com.android.systemui component=ComponentInfo{com.google.android.apps.tachyon/com.google.android.apps.tachyon.MainActivity} user=UserHandle{0}
11-10 15:25:28.593 10605 10690 I ahiy    : (REDACTED) Invalidating %s caches for %s
11-10 15:25:28.594  1884  3071 D LauncherAppsService: getActivityLaunchIntent callingPackage=com.android.systemui component=ComponentInfo{com.google.android.apps.youtube.music/com.google.android.apps.youtube.music.activities.MusicActivity} user=UserHandle{0}
11-10 15:25:28.595  1884  3071 D LauncherAppsService: getActivityLaunchIntent callingPackage=com.android.systemui component=ComponentInfo{com.google.android.calculator/com.android.calculator2.Calculator} user=UserHandle{0}
11-10 15:25:28.596  1884  3071 D LauncherAppsService: getActivityLaunchIntent callingPackage=com.android.systemui component=ComponentInfo{com.google.android.calendar/com.android.calendar.AllInOneActivity} user=UserHandle{0}
11-10 15:25:28.597  1884  3071 D LauncherAppsService: getActivityLaunchIntent callingPackage=com.android.systemui component=ComponentInfo{com.google.android.contacts/com.android.contacts.activities.PeopleActivity} user=UserHandle{0}
11-10 15:25:28.598  1884  3071 D LauncherAppsService: getActivityLaunchIntent callingPackage=com.android.systemui component=ComponentInfo{com.google.android.deskclock/com.android.deskclock.DeskClock} user=UserHandle{0}
11-10 15:25:28.599  1884  3071 D LauncherAppsService: getActivityLaunchIntent callingPackage=com.android.systemui component=ComponentInfo{com.google.android.dialer/com.google.android.dialer.extensions.GoogleDialtactsActivity} user=UserHandle{0}
11-10 15:25:28.600 29449 29449 I Finsky  : [2] Resetting scheduler db
11-10 15:25:28.600  1884  3071 D LauncherAppsService: getActivityLaunchIntent callingPackage=com.android.systemui component=ComponentInfo{com.google.android.gm/com.google.android.gm.ConversationListActivityGmail} user=UserHandle{0}
11-10 15:25:28.602  1884  3071 D LauncherAppsService: getActivityLaunchIntent callingPackage=com.android.systemui component=ComponentInfo{com.google.android.youtube/com.google.android.youtube.app.honeycomb.Shell$HomeActivity} user=UserHandle{0}
11-10 15:25:28.602 10605 10690 I dlwm    : (REDACTED) Invalidation request: %s
11-10 15:25:28.603  1884  3071 D LauncherAppsService: getActivityLaunchIntent callingPackage=com.android.systemui component=ComponentInfo{com.Slack/slack.features.home.HomeActivity} user=UserHandle{0}
11-10 15:25:28.603  1431  2167 W USF     : USF_API: Drop flicker data, cannot find sampling_id:84682!
11-10 15:25:28.606 10605 10699 I ahiy    : (REDACTED) Invalidating %s caches for %s
11-10 15:25:28.606 10605 10699 I dlwm    : (REDACTED) Invalidation request: %s
11-10 15:25:28.611 10605 10689 I duye    : (REDACTED) Invalidated ContextKey: %s for %s.
11-10 15:25:28.612 10605 10689 I duye    : (REDACTED) Invalidated ContextKey: %s for %s.
11-10 15:25:28.612 10605 10691 I duyn    : (REDACTED) Fetching ContextResult for ContextKey: %s. %s
11-10 15:25:28.612 29449 29488 I Finsky  : [1126] AIM: AppInfoManager-Perf > OnDeviceAppInfo > cacheHitCount=1, cacheMissCount=0. Missed  in cache (limit 10) : []
11-10 15:25:28.612 10605 10699 I duyn    : (REDACTED) Fetching context keys %s. %s
11-10 15:25:28.612 29449 29488 I Finsky  : [1126] AIM: Got app ownership map. App counts: . Unique apps: 0
11-10 15:25:28.612 29449 29488 E Finsky  : [1126] [Counters] attempted to use a non-positive increment for: 4752
11-10 15:25:28.612 29449 29488 E Finsky  : [1126] [Counters] attempted to use a non-positive increment for: 4753
11-10 15:25:28.612 10605 10699 I duyn    : (REDACTED) Fetching ContextResult for ContextKey: %s. %s
11-10 15:25:28.613 10605 10691 I dlxp    : (REDACTED) GetContext(%s, %s): %s from synchronized cache (status: %s)
11-10 15:25:28.613  1431  2167 W USF     : USF_API: Drop flicker data, cannot find sampling_id:84682!
11-10 15:25:28.613 10605 10699 I dluy    : (REDACTED) GetContext(%s, %s): Fetching from provider
11-10 15:25:28.614 10605 10695 I duyn    : (REDACTED) Fetching context keys %s. %s
11-10 15:25:28.614 10605 10695 I duyn    : (REDACTED) Fetching ContextResult for ContextKey: %s. %s
11-10 15:25:28.614 10605 10695 I duyn    : (REDACTED) Fetching ContextResult for ContextKey: %s. %s
11-10 15:25:28.615 10605 10695 I dlxp    : (REDACTED) GetContext(%s, %s): %s from synchronized cache (status: %s)
11-10 15:25:28.615 10605 10696 I duyn    : (REDACTED) ContextResult succeeded for ContextKey: %s. %s
11-10 15:25:28.615 10605 10699 I duyn    : (REDACTED) ContextResult succeeded for ContextKey: %s. %s
11-10 15:25:28.615 10605 10696 I duyh    : (REDACTED) Primary Locale: %s and preferred locales: %s, returned from Context API. %s
11-10 15:25:28.615 10605 10699 I duyh    : (REDACTED) Primary Locale: %s and preferred locales: %s, returned from Context API. %s
11-10 15:25:28.616 10605 10695 I dlxp    : (REDACTED) GetContext(%s, %s): %s from synchronized cache (status: %s)
11-10 15:25:28.616 29449 29449 I Finsky  : [2] agiw - Received: android.intent.action.PACKAGE_ADDED, [F8SdPmz-nDnkHAASXyGhRL_JSafYynzTZ1KyLvYja6g]
11-10 15:25:28.620 10605 10674 I dutu    : (REDACTED) getting App Capabilities from InstalledAppsCache %s
11-10 15:25:28.623  1431  2167 W USF     : USF_API: Drop flicker data, cannot find sampling_id:84682!
11-10 15:25:28.624  1884  5473 D LauncherAppsService: getActivityLaunchIntent callingPackage=com.android.systemui component=ComponentInfo{com.aimp.player/com.aimp.player.ui.activities.main.MainActivity} user=UserHandle{0}
11-10 15:25:28.626  1884  4398 D LauncherAppsService: getActivityLaunchIntent callingPackage=com.android.systemui component=ComponentInfo{com.dropbox.android/com.dropbox.android.activity.DropboxBrowser} user=UserHandle{0}
11-10 15:25:28.628  1884  5473 D LauncherAppsService: getActivityLaunchIntent callingPackage=com.android.systemui component=ComponentInfo{com.google.android.apps.docs.editors.docs/com.google.android.apps.docs.app.NewMainProxyActivity} user=UserHandle{0}
11-10 15:25:28.629 29449 29484 I Finsky  : [1123] SCH: Scheduling phonesky job Id: 1-1337, CT: 1762759661710, Constraints: [{ L: 43099200, D: 86299200, C: CHARGING_NONE, I: IDLE_NONE, N: NET_ANY, B: BATTERY_ANY }]
11-10 15:25:28.630  1884  4372 D LauncherAppsService: getActivityLaunchIntent callingPackage=com.android.systemui component=ComponentInfo{com.google.android.apps.docs.editors.sheets/com.google.android.apps.docs.app.NewMainProxyActivity} user=UserHandle{0}
11-10 15:25:28.630 29449 29484 I Finsky  : [1123] SCH: Scheduling phonesky job Id: 26-1414141414, CT: 1762771938062, Constraints: [{ L: 43199999, D: 44099999, C: CHARGING_NONE, I: IDLE_NONE, N: NET_NONE, B: BATTERY_ANY }]
11-10 15:25:28.630 29449 29484 I Finsky  : [1123] SCH: Scheduling phonesky job Id: 34-4878, CT: 1762759667937, Constraints: [{ L: 604800000, D: 2460618341, C: CHARGING_REQUIRED, I: IDLE_REQUIRED, N: NET_UNMETERED, B: BATTERY_ANY }, { L: 604800000, D: 2460618341, C: CHARGING_NONE, I: IDLE_REQUIRED, N: NET_UNMETERED, B: BATTERY_NOT_LOW }]
11-10 15:25:28.633  1431  2167 W USF     : USF_API: Drop flicker data, cannot find sampling_id:84682!
11-10 15:25:28.637  1884  4372 D LauncherAppsService: getActivityLaunchIntent callingPackage=com.android.systemui component=ComponentInfo{com.google.android.apps.docs.editors.slides/com.google.android.apps.docs.app.NewMainProxyActivity} user=UserHandle{0}
11-10 15:25:28.640  1884  3682 D LauncherAppsService: getActivityLaunchIntent callingPackage=com.android.systemui component=ComponentInfo{com.google.android.apps.magazines/com.google.apps.dots.android.app.activity.CurrentsStartActivity} user=UserHandle{0}
11-10 15:25:28.640 29449 29484 I Finsky  : [1123] SCH: Scheduling phonesky job Id: 34-4879, CT: 1762759667937, Constraints: [{ L: 604800000, D: 2460618423, C: CHARGING_REQUIRED, I: IDLE_REQUIRED, N: NET_UNMETERED, B: BATTERY_ANY }, { L: 604800000, D: 2460618423, C: CHARGING_NONE, I: IDLE_REQUIRED, N: NET_UNMETERED, B: BATTERY_NOT_LOW }]
11-10 15:25:28.640 29449 29484 I Finsky  : [1123] SCH: Scheduling phonesky job Id: 34-4880, CT: 1762759667937, Constraints: [{ L: 604800000, D: 2460618423, C: CHARGING_REQUIRED, I: IDLE_REQUIRED, N: NET_UNMETERED, B: BATTERY_ANY }, { L: 604800000, D: 2460618423, C: CHARGING_NONE, I: IDLE_REQUIRED, N: NET_UNMETERED, B: BATTERY_NOT_LOW }]
11-10 15:25:28.640 29449 29484 I Finsky  : [1123] SCH: Scheduling phonesky job Id: 34-4881, CT: 1762759667937, Constraints: [{ L: 604800000, D: 2460621937, C: CHARGING_REQUIRED, I: IDLE_REQUIRED, N: NET_UNMETERED, B: BATTERY_ANY }, { L: 604800000, D: 2460621937, C: CHARGING_NONE, I: IDLE_REQUIRED, N: NET_UNMETERED, B: BATTERY_NOT_LOW }]
11-10 15:25:28.641 29449 29449 I Finsky  : [2] AIM: AppInfoCacheUpdater -> invalidating apps: [com.example.mobiledigger]
