11-03 22:42:11.288  4846  4846 D AudioManager: ğŸ“Š Copied 69.0MB...
11-03 22:42:11.290  4846  4846 D AudioManager: ğŸ“Š Copied 70.0MB...
11-03 22:42:11.292  4846  4846 D AudioManager: ğŸ“Š Copied 71.0MB...
11-03 22:42:11.294  4846  4846 D AudioManager: ğŸ“Š Copied 72.0MB...
11-03 22:42:11.295  4846  4846 D AudioManager: ğŸ“Š Copied 73.0MB...
11-03 22:42:11.297  4846  4846 D AudioManager: ğŸ“Š Copied 74.0MB...
11-03 22:42:11.299  4846  4846 D AudioManager: ğŸ“Š Copied 75.0MB...
11-03 22:42:11.301  4846  4846 D AudioManager: ğŸ“Š Copied 76.0MB...
11-03 22:42:11.303  4846  4846 D AudioManager: ğŸ“Š Copied 77.0MB...
11-03 22:42:11.305  4846  4846 D AudioManager: ğŸ“Š Copied 78.0MB...
11-03 22:42:11.306  4846  4846 D AudioManager: ğŸ“Š Copied 79.0MB...
11-03 22:42:11.308  4846  4846 D AudioManager: ğŸ“Š Copied 80.0MB...
11-03 22:42:11.310  4846  4846 D AudioManager: ğŸ“Š Copied 81.0MB...
11-03 22:42:11.312  4846  4846 D AudioManager: ğŸ“Š Copied 82.0MB...
11-03 22:42:11.313  4846  4846 D AudioManager: ğŸ“Š Copied 83.0MB...
11-03 22:42:11.315  4846  4846 D AudioManager: ğŸ“Š Copied 84.0MB...
11-03 22:42:11.317  4846  4846 D AudioManager: ğŸ“Š Copied 85.0MB...
11-03 22:42:11.319  4846  4846 D AudioManager: ğŸ“Š Copied 86.0MB...
11-03 22:42:11.320  4846  4846 D AudioManager: ğŸ“Š Copied 87.0MB...
11-03 22:42:11.322  4846  4846 D AudioManager: ğŸ“Š Copied 88.0MB...
11-03 22:42:11.324  4846  4846 D AudioManager: ğŸ“Š Copied 89.0MB...
11-03 22:42:11.326  4846  4846 D AudioManager: ğŸ“Š Copied 90.0MB...
11-03 22:42:11.710  4846  4846 D PerformanceProfiler: ğŸ“Š AudioManager.playFile[SSL644 - The Gang - Be The End (Extended Mix).wav] took 764ms
11-03 22:42:11.804  4846  4846 D VlcAudioBackend: ğŸ“Š Buffering: 0.0%
11-03 22:42:11.805  4846  4846 D VlcAudioBackend: ğŸ“Š Buffering: 0.0%
11-03 22:42:11.805  4846  4846 D VlcAudioBackend: ğŸ“Š Buffering: 3.3333335%
11-03 22:42:11.806  4846  4846 D VlcAudioBackend: ğŸ“Š Buffering: 6.666667%
11-03 22:42:11.806  4846  4846 D VlcAudioBackend: ğŸ“Š Buffering: 10.0%
11-03 22:42:11.806  4846  4846 D VlcAudioBackend: ğŸ“Š Buffering: 13.333334%
11-03 22:42:11.806  4846  4846 D VlcAudioBackend: ğŸ“Š Buffering: 16.666668%
11-03 22:42:11.806  4846  4846 D VlcAudioBackend: ğŸ“Š Buffering: 20.0%
11-03 22:42:11.806  4846  4846 D VlcAudioBackend: ğŸ“Š Buffering: 23.333334%
11-03 22:42:11.806  4846  4846 D VlcAudioBackend: ğŸ“Š Buffering: 26.666668%
11-03 22:42:11.806  4846  4846 D VlcAudioBackend: ğŸ“Š Buffering: 30.000002%
11-03 22:42:11.806  4846  4846 D WaveformGenerator: LaunchedEffect triggered for file: SSL644 - The Gang - Be The End (Extended Mix).wav
11-03 22:42:11.906  4846  4846 D WaveformGenerator: Starting waveform generation for: SSL644 - The Gang - Be The End (Extended Mix).wav
11-03 22:42:11.907  4846  4846 D WaveformGenerator: File size: 90.8MB
11-03 22:42:11.908  4846  4908 D WaveformGenerator: Generating waveform for: SSL644 - The Gang - Be The End (Extended Mix).wav
11-03 22:42:11.909  4846  4908 D WaveformGenerator: Requesting 256 samples for any duration
11-03 22:42:11.922  4846  4846 D WaveformGenerator: ğŸ“º SharedWaveformDisplay - Received waveform: 256 samples
11-03 22:42:11.923  4846  4846 D WaveformGenerator: ğŸ“º SharedWaveformDisplay - Min: 30, Max: 85, Avg: 75
11-03 22:42:11.923  4846  4846 D WaveformGenerator: ğŸ“º SharedWaveformDisplay - First 10: 30, 36, 33, 43, 71, 85, 85, 83, 72, 58
11-03 22:42:11.924  4846  4846 D VlcAudioBackend: ğŸ“Š Buffering: 33.333336%
11-03 22:42:11.924  4846  4846 D VlcAudioBackend: ğŸ“Š Buffering: 36.666668%
11-03 22:42:11.924  4846  4846 D VlcAudioBackend: ğŸ“Š Buffering: 40.0%
11-03 22:42:11.924  4846  4846 D VlcAudioBackend: ğŸ“Š Buffering: 43.333332%
11-03 22:42:11.925  4846  4846 D VlcAudioBackend: ğŸ“Š Buffering: 46.666668%
11-03 22:42:11.925  4846  4846 D VlcAudioBackend: ğŸ“Š Buffering: 50.0%
11-03 22:42:11.925  4846  4846 D VlcAudioBackend: ğŸ“Š Buffering: 53.333336%
11-03 22:42:11.925  4846  4846 D VlcAudioBackend: ğŸ“Š Buffering: 56.666668%
11-03 22:42:11.925  4846  4846 D VlcAudioBackend: ğŸ“Š Buffering: 60.000004%
11-03 22:42:11.925  4846  4846 D VlcAudioBackend: ğŸ“Š Buffering: 63.333332%
11-03 22:42:11.925  4846  4846 D VlcAudioBackend: ğŸ“Š Buffering: 66.66667%
11-03 22:42:11.925  4846  4846 D VlcAudioBackend: ğŸ“Š Buffering: 70.0%
11-03 22:42:11.926  4846  4846 D VlcAudioBackend: ğŸ“Š Buffering: 73.333336%
11-03 22:42:11.926  4846  4846 D VlcAudioBackend: ğŸ“Š Buffering: 76.666664%
11-03 22:42:11.926  4846  4846 D VlcAudioBackend: ğŸ“Š Buffering: 80.0%
11-03 22:42:11.926  4846  4846 D VlcAudioBackend: ğŸ“Š Buffering: 83.33333%
11-03 22:42:11.926  4846  4846 D VlcAudioBackend: ğŸ“Š Buffering: 86.666664%
11-03 22:42:11.926  4846  4846 D VlcAudioBackend: ğŸ“Š Buffering: 90.0%
11-03 22:42:11.927  4846  4846 D VlcAudioBackend: ğŸ“Š Buffering: 93.333336%
11-03 22:42:11.927  4846  4846 D VlcAudioBackend: ğŸ“Š Buffering: 96.666664%
11-03 22:42:11.927  4846  4846 D VlcAudioBackend: ğŸ“Š Buffering: 100.0%
11-03 22:42:11.927  4846  4846 D VlcAudioBackend: ğŸ“Š Buffering: 100.0%
11-03 22:42:12.440  4846  4875 D WaveformGenerator: âœ… Waveform generated: 256 samples
11-03 22:42:12.440  4846  4875 D WaveformGenerator: ğŸ“Š UI State - Min: 30, Max: 85, Avg: 80
11-03 22:42:12.441  4846  4875 D WaveformGenerator: ğŸ“Š UI State - First 10: 76, 76, 80, 84, 85, 85, 85, 85, 84, 83
11-03 22:42:12.442  4846  4846 D WaveformGenerator: ğŸ“Š UI State UPDATED - waveformData is now NOT NULL (256 samples)
11-03 22:42:12.474  4846  4846 D WaveformGenerator: ğŸ“º SharedWaveformDisplay - Received waveform: 256 samples
11-03 22:42:12.474  4846  4846 D WaveformGenerator: ğŸ“º SharedWaveformDisplay - Min: 30, Max: 85, Avg: 80
11-03 22:42:12.474  4846  4846 D WaveformGenerator: ğŸ“º SharedWaveformDisplay - First 10: 76, 76, 80, 84, 85, 85, 85, 85, 84, 83
11-03 22:42:12.766  4846  4846 D VlcAudioBackend: ğŸ“Š Buffering: 0.0%
11-03 22:42:12.766  4846  4846 D VlcAudioBackend: ğŸ“Š Buffering: 0.0%
11-03 22:42:12.766  4846  4846 D VlcAudioBackend: ğŸ“Š Buffering: 3.3333335%
11-03 22:42:12.767  4846  4846 D VlcAudioBackend: ğŸ“Š Buffering: 6.666667%
11-03 22:42:12.767  4846  4846 D VlcAudioBackend: ğŸ“Š Buffering: 10.0%
11-03 22:42:12.767  4846  4846 D VlcAudioBackend: ğŸ“Š Buffering: 13.333334%
11-03 22:42:12.768  4846  4846 D VlcAudioBackend: ğŸ“Š Buffering: 16.666668%
11-03 22:42:12.768  4846  4846 D VlcAudioBackend: ğŸ“Š Buffering: 20.0%
11-03 22:42:12.768  4846  4846 D VlcAudioBackend: ğŸ“Š Buffering: 23.333334%
11-03 22:42:12.768  4846  4846 D VlcAudioBackend: ğŸ“Š Buffering: 26.666668%
11-03 22:42:12.769  4846  4846 D VlcAudioBackend: ğŸ“Š Buffering: 30.000002%
11-03 22:42:12.769  4846  4846 D VlcAudioBackend: ğŸ“Š Buffering: 33.333336%
11-03 22:42:12.769  4846  4846 D VlcAudioBackend: ğŸ“Š Buffering: 36.666668%
11-03 22:42:12.769  4846  4846 D VlcAudioBackend: ğŸ“Š Buffering: 40.0%
11-03 22:42:12.769  4846  4846 D VlcAudioBackend: ğŸ“Š Buffering: 43.333332%
11-03 22:42:12.770  4846  4846 D VlcAudioBackend: ğŸ“Š Buffering: 46.666668%
11-03 22:42:12.770  4846  4846 D VlcAudioBackend: ğŸ“Š Buffering: 50.0%
11-03 22:42:12.770  4846  4846 D VlcAudioBackend: ğŸ“Š Buffering: 53.333336%
11-03 22:42:12.770  4846  4846 D VlcAudioBackend: ğŸ“Š Buffering: 56.666668%
11-03 22:42:12.770  4846  4846 D VlcAudioBackend: ğŸ“Š Buffering: 60.000004%
11-03 22:42:12.770  4846  4846 D VlcAudioBackend: ğŸ“Š Buffering: 63.333332%
11-03 22:42:12.771  4846  4846 D VlcAudioBackend: ğŸ“Š Buffering: 66.66667%
11-03 22:42:12.771  4846  4846 D VlcAudioBackend: ğŸ“Š Buffering: 70.0%
11-03 22:42:12.771  4846  4846 D VlcAudioBackend: ğŸ“Š Buffering: 73.333336%
11-03 22:42:12.771  4846  4846 D VlcAudioBackend: ğŸ“Š Buffering: 76.666664%
11-03 22:42:12.771  4846  4846 D VlcAudioBackend: ğŸ“Š Buffering: 80.0%
11-03 22:42:12.771  4846  4846 D VlcAudioBackend: ğŸ“Š Buffering: 83.33333%
11-03 22:42:12.771  4846  4846 D VlcAudioBackend: ğŸ“Š Buffering: 86.666664%
11-03 22:42:12.771  4846  4846 D VlcAudioBackend: ğŸ“Š Buffering: 90.0%
11-03 22:42:12.771  4846  4846 D VlcAudioBackend: ğŸ“Š Buffering: 93.333336%
11-03 22:42:12.772  4846  4846 D VlcAudioBackend: ğŸ“Š Buffering: 96.666664%
11-03 22:42:12.772  4846  4846 D VlcAudioBackend: ğŸ“Š Buffering: 100.0%
11-03 22:42:12.774  4846  4846 D VlcAudioBackend: ğŸ“Š Buffering: 100.0%
11-03 22:42:15.617  4846  4846 D AudioManager: ğŸ“Š Copied 1.0MB...
11-03 22:42:15.623  4846  4846 D AudioManager: ğŸ“Š Copied 2.0MB...
11-03 22:42:15.627  4846  4846 D AudioManager: ğŸ“Š Copied 3.0MB...
11-03 22:42:15.633  4846  4846 D AudioManager: ğŸ“Š Copied 4.0MB...
11-03 22:42:15.638  4846  4846 D AudioManager: ğŸ“Š Copied 5.0MB...
11-03 22:42:15.641  4846  4846 D AudioManager: ğŸ“Š Copied 6.0MB...
11-03 22:42:15.645  4846  4846 D AudioManager: ğŸ“Š Copied 7.0MB...
11-03 22:42:15.650  4846  4846 D AudioManager: ğŸ“Š Copied 8.0MB...
11-03 22:42:15.654  4846  4846 D AudioManager: ğŸ“Š Copied 9.0MB...
11-03 22:42:15.658  4846  4846 D AudioManager: ğŸ“Š Copied 10.0MB...
11-03 22:42:15.662  4846  4846 D AudioManager: ğŸ“Š Copied 11.0MB...
11-03 22:42:15.667  4846  4846 D AudioManager: ğŸ“Š Copied 12.0MB...
11-03 22:42:15.670  4846  4846 D AudioManager: ğŸ“Š Copied 13.0MB...
11-03 22:42:15.674  4846  4846 D AudioManager: ğŸ“Š Copied 14.0MB...
11-03 22:42:15.676  4846  4846 D AudioManager: ğŸ“Š Copied 15.0MB...
11-03 22:42:15.678  4846  4846 D AudioManager: ğŸ“Š Copied 16.0MB...
11-03 22:42:15.680  4846  4846 D AudioManager: ğŸ“Š Copied 17.0MB...
11-03 22:42:15.682  4846  4846 D AudioManager: ğŸ“Š Copied 18.0MB...
11-03 22:42:15.684  4846  4846 D AudioManager: ğŸ“Š Copied 19.0MB...
11-03 22:42:15.686  4846  4846 D AudioManager: ğŸ“Š Copied 20.0MB...
11-03 22:42:15.688  4846  4846 D AudioManager: ğŸ“Š Copied 21.0MB...
11-03 22:42:15.690  4846  4846 D AudioManager: ğŸ“Š Copied 22.0MB...
11-03 22:42:15.692  4846  4846 D AudioManager: ğŸ“Š Copied 23.0MB...
11-03 22:42:15.694  4846  4846 D AudioManager: ğŸ“Š Copied 24.0MB...
11-03 22:42:15.695  4846  4846 D AudioManager: ğŸ“Š Copied 25.0MB...
11-03 22:42:15.697  4846  4846 D AudioManager: ğŸ“Š Copied 26.0MB...
11-03 22:42:15.699  4846  4846 D AudioManager: ğŸ“Š Copied 27.0MB...
11-03 22:42:15.701  4846  4846 D AudioManager: ğŸ“Š Copied 28.0MB...
11-03 22:42:15.703  4846  4846 D AudioManager: ğŸ“Š Copied 29.0MB...
11-03 22:42:15.704  4846  4846 D AudioManager: ğŸ“Š Copied 30.0MB...
11-03 22:42:15.706  4846  4846 D AudioManager: ğŸ“Š Copied 31.0MB...
11-03 22:42:15.708  4846  4846 D AudioManager: ğŸ“Š Copied 32.0MB...
11-03 22:42:15.713  4846  4846 D AudioManager: ğŸ“Š Copied 33.0MB...
11-03 22:42:15.715  4846  4846 D AudioManager: ğŸ“Š Copied 34.0MB...
11-03 22:42:15.717  4846  4846 D AudioManager: ğŸ“Š Copied 35.0MB...
11-03 22:42:15.719  4846  4846 D AudioManager: ğŸ“Š Copied 36.0MB...
11-03 22:42:15.720  4846  4846 D AudioManager: ğŸ“Š Copied 37.0MB...
11-03 22:42:15.722  4846  4846 D AudioManager: ğŸ“Š Copied 38.0MB...
11-03 22:42:15.724  4846  4846 D AudioManager: ğŸ“Š Copied 39.0MB...
11-03 22:42:15.726  4846  4846 D AudioManager: ğŸ“Š Copied 40.0MB...
11-03 22:42:15.728  4846  4846 D AudioManager: ğŸ“Š Copied 41.0MB...
11-03 22:42:15.730  4846  4846 D AudioManager: ğŸ“Š Copied 42.0MB...
11-03 22:42:15.731  4846  4846 D AudioManager: ğŸ“Š Copied 43.0MB...
11-03 22:42:15.733  4846  4846 D AudioManager: ğŸ“Š Copied 44.0MB...
11-03 22:42:15.735  4846  4846 D AudioManager: ğŸ“Š Copied 45.0MB...
11-03 22:42:15.737  4846  4846 D AudioManager: ğŸ“Š Copied 46.0MB...
11-03 22:42:15.739  4846  4846 D AudioManager: ğŸ“Š Copied 47.0MB...
11-03 22:42:15.741  4846  4846 D AudioManager: ğŸ“Š Copied 48.0MB...
11-03 22:42:16.064  4846  4846 D PerformanceProfiler: ğŸ“Š AudioManager.playFile[ZHU, BadWolf - Smoke Up In The Air (Extended Mix).aiff] took 758ms
11-03 22:42:16.158  4846  4846 D VlcAudioBackend: ğŸ“Š Buffering: 0.0%
11-03 22:42:16.159  4846  4846 D WaveformGenerator: LaunchedEffect triggered for file: ZHU, BadWolf - Smoke Up In The Air (Extended Mix).aiff
11-03 22:42:16.239  4846  4846 D WaveformGenerator: Starting waveform generation for: ZHU, BadWolf - Smoke Up In The Air (Extended Mix).aiff
11-03 22:42:16.240  4846  4846 D WaveformGenerator: File size: 48.6MB
11-03 22:42:16.242  4846  4875 D WaveformGenerator: Generating waveform for: ZHU, BadWolf - Smoke Up In The Air (Extended Mix).aiff
11-03 22:42:16.243  4846  4875 D WaveformGenerator: Requesting 256 samples for any duration
11-03 22:42:16.252  4846  4846 D WaveformGenerator: ğŸ“º SharedWaveformDisplay - Received waveform: 256 samples
11-03 22:42:16.252  4846  4846 D WaveformGenerator: ğŸ“º SharedWaveformDisplay - Min: 30, Max: 85, Avg: 80
11-03 22:42:16.252  4846  4846 D WaveformGenerator: ğŸ“º SharedWaveformDisplay - First 10: 76, 76, 80, 84, 85, 85, 85, 85, 84, 83
11-03 22:42:16.268  4846  4846 D VlcAudioBackend: ğŸ“Š Buffering: 0.0%
11-03 22:42:16.268  4846  4846 D VlcAudioBackend: ğŸ“Š Buffering: 6.666667%
11-03 22:42:16.268  4846  4846 D VlcAudioBackend: ğŸ“Š Buffering: 13.333334%
11-03 22:42:16.268  4846  4846 D VlcAudioBackend: ğŸ“Š Buffering: 20.0%
11-03 22:42:16.268  4846  4846 D VlcAudioBackend: ğŸ“Š Buffering: 26.666668%
11-03 22:42:16.268  4846  4846 D VlcAudioBackend: ğŸ“Š Buffering: 33.333336%
11-03 22:42:16.268  4846  4846 D VlcAudioBackend: ğŸ“Š Buffering: 40.0%
11-03 22:42:16.268  4846  4846 D VlcAudioBackend: ğŸ“Š Buffering: 46.666668%
11-03 22:42:16.268  4846  4846 D VlcAudioBackend: ğŸ“Š Buffering: 53.333336%
11-03 22:42:16.268  4846  4846 D VlcAudioBackend: ğŸ“Š Buffering: 60.000004%
11-03 22:42:16.269  4846  4846 D VlcAudioBackend: ğŸ“Š Buffering: 66.66667%
11-03 22:42:16.269  4846  4846 D VlcAudioBackend: ğŸ“Š Buffering: 73.333336%
11-03 22:42:16.269  4846  4846 D VlcAudioBackend: ğŸ“Š Buffering: 80.0%
11-03 22:42:16.269  4846  4846 D VlcAudioBackend: ğŸ“Š Buffering: 86.666664%
11-03 22:42:16.269  4846  4846 D VlcAudioBackend: ğŸ“Š Buffering: 93.333336%
11-03 22:42:16.269  4846  4846 D VlcAudioBackend: ğŸ“Š Buffering: 100.0%
11-03 22:42:16.269  4846  4846 D VlcAudioBackend: ğŸ“Š Buffering: 100.0%
11-03 22:42:16.419  4846  4875 D WaveformGenerator: âœ… Waveform generated: 256 samples
11-03 22:42:16.419  4846  4875 D WaveformGenerator: ğŸ“Š UI State - Min: 30, Max: 85, Avg: 70
11-03 22:42:16.419  4846  4875 D WaveformGenerator: ğŸ“Š UI State - First 10: 79, 60, 51, 59, 62, 68, 60, 51, 60, 63
11-03 22:42:16.420  4846  4846 D WaveformGenerator: ğŸ“Š UI State UPDATED - waveformData is now NOT NULL (256 samples)
11-03 22:42:16.449  4846  4846 D WaveformGenerator: ğŸ“º SharedWaveformDisplay - Received waveform: 256 samples
11-03 22:42:16.449  4846  4846 D WaveformGenerator: ğŸ“º SharedWaveformDisplay - Min: 30, Max: 85, Avg: 70
11-03 22:42:16.449  4846  4846 D WaveformGenerator: ğŸ“º SharedWaveformDisplay - First 10: 79, 60, 51, 59, 62, 68, 60, 51, 60, 63
11-03 22:42:17.085  4846  4846 D VlcAudioBackend: ğŸ“Š Buffering: 0.0%
11-03 22:42:17.089  4846  4846 D VlcAudioBackend: ğŸ“Š Buffering: 0.0%
11-03 22:42:17.090  4846  4846 D VlcAudioBackend: ğŸ“Š Buffering: 6.666667%
11-03 22:42:17.090  4846  4846 D VlcAudioBackend: ğŸ“Š Buffering: 13.333334%
11-03 22:42:17.090  4846  4846 D VlcAudioBackend: ğŸ“Š Buffering: 20.0%
11-03 22:42:17.090  4846  4846 D VlcAudioBackend: ğŸ“Š Buffering: 26.666668%
11-03 22:42:17.092  4846  4846 D VlcAudioBackend: ğŸ“Š Buffering: 33.333336%
11-03 22:42:17.093  4846  4846 D VlcAudioBackend: ğŸ“Š Buffering: 40.0%
11-03 22:42:17.093  4846  4846 D VlcAudioBackend: ğŸ“Š Buffering: 46.666668%
11-03 22:42:17.094  4846  4846 D VlcAudioBackend: ğŸ“Š Buffering: 53.333336%
11-03 22:42:17.094  4846  4846 D VlcAudioBackend: ğŸ“Š Buffering: 60.000004%
11-03 22:42:17.094  4846  4846 D VlcAudioBackend: ğŸ“Š Buffering: 66.66667%
11-03 22:42:17.095  4846  4846 D VlcAudioBackend: ğŸ“Š Buffering: 73.333336%
11-03 22:42:17.095  4846  4846 D VlcAudioBackend: ğŸ“Š Buffering: 80.0%
11-03 22:42:17.096  4846  4846 D VlcAudioBackend: ğŸ“Š Buffering: 86.666664%
11-03 22:42:17.096  4846  4846 D VlcAudioBackend: ğŸ“Š Buffering: 93.333336%
11-03 22:42:17.099  4846  4846 D VlcAudioBackend: ğŸ“Š Buffering: 100.0%
11-03 22:42:17.099  4846  4846 D VlcAudioBackend: ğŸ“Š Buffering: 100.0%
11-03 22:42:17.848  4846  4846 D VlcAudioBackend: ğŸ“Š Buffering: 0.0%
11-03 22:42:17.856  4846  4846 D VlcAudioBackend: ğŸ“Š Buffering: 0.0%
11-03 22:42:17.856  4846  4846 D VlcAudioBackend: ğŸ“Š Buffering: 6.666667%
11-03 22:42:17.856  4846  4846 D VlcAudioBackend: ğŸ“Š Buffering: 13.333334%
11-03 22:42:17.871  4846  4846 D VlcAudioBackend: ğŸ“Š Buffering: 20.0%
11-03 22:42:17.871  4846  4846 D VlcAudioBackend: ğŸ“Š Buffering: 26.666668%
11-03 22:42:17.871  4846  4846 D VlcAudioBackend: ğŸ“Š Buffering: 33.333336%
11-03 22:42:17.871  4846  4846 D VlcAudioBackend: ğŸ“Š Buffering: 40.0%
11-03 22:42:17.871  4846  4846 D VlcAudioBackend: ğŸ“Š Buffering: 46.666668%
11-03 22:42:17.871  4846  4846 D VlcAudioBackend: ğŸ“Š Buffering: 53.333336%
11-03 22:42:17.871  4846  4846 D VlcAudioBackend: ğŸ“Š Buffering: 60.000004%
11-03 22:42:17.871  4846  4846 D VlcAudioBackend: ğŸ“Š Buffering: 66.66667%
11-03 22:42:17.872  4846  4846 D VlcAudioBackend: ğŸ“Š Buffering: 73.333336%
11-03 22:42:17.872  4846  4846 D VlcAudioBackend: ğŸ“Š Buffering: 80.0%
11-03 22:42:17.872  4846  4846 D VlcAudioBackend: ğŸ“Š Buffering: 86.666664%
11-03 22:42:17.875  4846  4846 D VlcAudioBackend: ğŸ“Š Buffering: 93.333336%
11-03 22:42:17.875  4846  4846 D VlcAudioBackend: ğŸ“Š Buffering: 100.0%
11-03 22:42:17.875  4846  4846 D VlcAudioBackend: ğŸ“Š Buffering: 100.0%
11-03 22:42:19.539  4846  4846 D AudioManager: ğŸ“Š Copied 1.0MB...
11-03 22:42:19.544  4846  4846 D AudioManager: ğŸ“Š Copied 2.0MB...
11-03 22:42:19.550  4846  4846 D AudioManager: ğŸ“Š Copied 3.0MB...
11-03 22:42:19.554  4846  4846 D AudioManager: ğŸ“Š Copied 4.0MB...
11-03 22:42:19.561  4846  4846 D AudioManager: ğŸ“Š Copied 5.0MB...
11-03 22:42:19.564  4846  4846 D AudioManager: ğŸ“Š Copied 6.0MB...
11-03 22:42:19.566  4846  4846 D AudioManager: ğŸ“Š Copied 7.0MB...
11-03 22:42:19.570  4846  4846 D AudioManager: ğŸ“Š Copied 8.0MB...
11-03 22:42:19.574  4846  4846 D AudioManager: ğŸ“Š Copied 9.0MB...
11-03 22:42:19.579  4846  4846 D AudioManager: ğŸ“Š Copied 10.0MB...
11-03 22:42:19.587  4846  4846 D AudioManager: ğŸ“Š Copied 11.0MB...
11-03 22:42:19.593  4846  4846 D AudioManager: ğŸ“Š Copied 12.0MB...
11-03 22:42:19.595  4846  4846 D AudioManager: ğŸ“Š Copied 13.0MB...
11-03 22:42:19.597  4846  4846 D AudioManager: ğŸ“Š Copied 14.0MB...
11-03 22:42:19.599  4846  4846 D AudioManager: ğŸ“Š Copied 15.0MB...
11-03 22:42:19.604  4846  4846 D AudioManager: ğŸ“Š Copied 16.0MB...
11-03 22:42:19.606  4846  4846 D AudioManager: ğŸ“Š Copied 17.0MB...
11-03 22:42:19.608  4846  4846 D AudioManager: ğŸ“Š Copied 18.0MB...
11-03 22:42:19.610  4846  4846 D AudioManager: ğŸ“Š Copied 19.0MB...
11-03 22:42:19.612  4846  4846 D AudioManager: ğŸ“Š Copied 20.0MB...
11-03 22:42:19.613  4846  4846 D AudioManager: ğŸ“Š Copied 21.0MB...
11-03 22:42:19.615  4846  4846 D AudioManager: ğŸ“Š Copied 22.0MB...
11-03 22:42:19.616  4846  4846 D AudioManager: ğŸ“Š Copied 23.0MB...
11-03 22:42:19.618  4846  4846 D AudioManager: ğŸ“Š Copied 24.0MB...
11-03 22:42:19.620  4846  4846 D AudioManager: ğŸ“Š Copied 25.0MB...
11-03 22:42:19.622  4846  4846 D AudioManager: ğŸ“Š Copied 26.0MB...
11-03 22:42:19.623  4846  4846 D AudioManager: ğŸ“Š Copied 27.0MB...
11-03 22:42:19.625  4846  4846 D AudioManager: ğŸ“Š Copied 28.0MB...
11-03 22:42:19.627  4846  4846 D AudioManager: ğŸ“Š Copied 29.0MB...
11-03 22:42:19.629  4846  4846 D AudioManager: ğŸ“Š Copied 30.0MB...
11-03 22:42:19.630  4846  4846 D AudioManager: ğŸ“Š Copied 31.0MB...
11-03 22:42:19.632  4846  4846 D AudioManager: ğŸ“Š Copied 32.0MB...
11-03 22:42:19.634  4846  4846 D AudioManager: ğŸ“Š Copied 33.0MB...
11-03 22:42:19.635  4846  4846 D AudioManager: ğŸ“Š Copied 34.0MB...
11-03 22:42:19.637  4846  4846 D AudioManager: ğŸ“Š Copied 35.0MB...
11-03 22:42:19.639  4846  4846 D AudioManager: ğŸ“Š Copied 36.0MB...
11-03 22:42:19.641  4846  4846 D AudioManager: ğŸ“Š Copied 37.0MB...
11-03 22:42:19.642  4846  4846 D AudioManager: ğŸ“Š Copied 38.0MB...
11-03 22:42:19.943  4846  4846 D PerformanceProfiler: ğŸ“Š AudioManager.playFile[Zizzo World - Body Moving [EarthVox].aiff] took 735ms
11-03 22:42:20.060  4846  4846 D VlcAudioBackend: ğŸ“Š Buffering: 0.0%
11-03 22:42:20.062  4846  4846 D WaveformGenerator: LaunchedEffect triggered for file: Zizzo World - Body Moving [EarthVox].aiff
11-03 22:42:20.150  4846  4846 D WaveformGenerator: Starting waveform generation for: Zizzo World - Body Moving [EarthVox].aiff
11-03 22:42:20.150  4846  4846 D WaveformGenerator: File size: 38.9MB
11-03 22:42:20.154  4846  4875 D WaveformGenerator: Generating waveform for: Zizzo World - Body Moving [EarthVox].aiff
11-03 22:42:20.158  4846  4875 D WaveformGenerator: Requesting 256 samples for any duration
11-03 22:42:20.164  4846  4846 D WaveformGenerator: ğŸ“º SharedWaveformDisplay - Received waveform: 256 samples
11-03 22:42:20.164  4846  4846 D WaveformGenerator: ğŸ“º SharedWaveformDisplay - Min: 30, Max: 85, Avg: 70
11-03 22:42:20.164  4846  4846 D WaveformGenerator: ğŸ“º SharedWaveformDisplay - First 10: 79, 60, 51, 59, 62, 68, 60, 51, 60, 63
11-03 22:42:20.166  4846  4846 D VlcAudioBackend: ğŸ“Š Buffering: 0.0%
11-03 22:42:20.166  4846  4846 D VlcAudioBackend: ğŸ“Š Buffering: 6.666667%
11-03 22:42:20.166  4846  4846 D VlcAudioBackend: ğŸ“Š Buffering: 13.333334%
11-03 22:42:20.166  4846  4846 D VlcAudioBackend: ğŸ“Š Buffering: 20.0%
11-03 22:42:20.166  4846  4846 D VlcAudioBackend: ğŸ“Š Buffering: 26.666668%
11-03 22:42:20.166  4846  4846 D VlcAudioBackend: ğŸ“Š Buffering: 33.333336%
11-03 22:42:20.166  4846  4846 D VlcAudioBackend: ğŸ“Š Buffering: 40.0%
11-03 22:42:20.167  4846  4846 D VlcAudioBackend: ğŸ“Š Buffering: 46.666668%
11-03 22:42:20.167  4846  4846 D VlcAudioBackend: ğŸ“Š Buffering: 53.333336%
11-03 22:42:20.167  4846  4846 D VlcAudioBackend: ğŸ“Š Buffering: 60.000004%
11-03 22:42:20.167  4846  4846 D VlcAudioBackend: ğŸ“Š Buffering: 66.66667%
11-03 22:42:20.167  4846  4846 D VlcAudioBackend: ğŸ“Š Buffering: 73.333336%
11-03 22:42:20.167  4846  4846 D VlcAudioBackend: ğŸ“Š Buffering: 80.0%
11-03 22:42:20.167  4846  4846 D VlcAudioBackend: ğŸ“Š Buffering: 86.666664%
11-03 22:42:20.167  4846  4846 D VlcAudioBackend: ğŸ“Š Buffering: 93.333336%
11-03 22:42:20.167  4846  4846 D VlcAudioBackend: ğŸ“Š Buffering: 100.0%
11-03 22:42:20.167  4846  4846 D VlcAudioBackend: ğŸ“Š Buffering: 100.0%
11-03 22:42:20.306  4846  4875 D WaveformGenerator: âœ… Waveform generated: 256 samples
11-03 22:42:20.306  4846  4875 D WaveformGenerator: ğŸ“Š UI State - Min: 30, Max: 85, Avg: 73
11-03 22:42:20.307  4846  4875 D WaveformGenerator: ğŸ“Š UI State - First 10: 71, 37, 30, 63, 84, 85, 85, 85, 63, 42
11-03 22:42:20.307  4846  4846 D WaveformGenerator: ğŸ“Š UI State UPDATED - waveformData is now NOT NULL (256 samples)
11-03 22:42:20.332  4846  4846 D WaveformGenerator: ğŸ“º SharedWaveformDisplay - Received waveform: 256 samples
11-03 22:42:20.332  4846  4846 D WaveformGenerator: ğŸ“º SharedWaveformDisplay - Min: 30, Max: 85, Avg: 73
11-03 22:42:20.332  4846  4846 D WaveformGenerator: ğŸ“º SharedWaveformDisplay - First 10: 71, 37, 30, 63, 84, 85, 85, 85, 63, 42
11-03 22:42:22.085  4846  4846 D VlcAudioBackend: ğŸ“Š Buffering: 0.0%
11-03 22:42:22.085  4846  4846 D VlcAudioBackend: ğŸ“Š Buffering: 0.0%
11-03 22:42:22.098  4846  4846 D VlcAudioBackend: ğŸ“Š Buffering: 6.666667%
11-03 22:42:22.098  4846  4846 D VlcAudioBackend: ğŸ“Š Buffering: 13.333334%
11-03 22:42:22.098  4846  4846 D VlcAudioBackend: ğŸ“Š Buffering: 20.0%
11-03 22:42:22.098  4846  4846 D VlcAudioBackend: ğŸ“Š Buffering: 26.666668%
11-03 22:42:22.099  4846  4846 D VlcAudioBackend: ğŸ“Š Buffering: 33.333336%
11-03 22:42:22.099  4846  4846 D VlcAudioBackend: ğŸ“Š Buffering: 40.0%
11-03 22:42:22.099  4846  4846 D VlcAudioBackend: ğŸ“Š Buffering: 46.666668%
11-03 22:42:22.099  4846  4846 D VlcAudioBackend: ğŸ“Š Buffering: 53.333336%
11-03 22:42:22.107  4846  4846 D VlcAudioBackend: ğŸ“Š Buffering: 60.000004%
11-03 22:42:22.112  4846  4846 D VlcAudioBackend: ğŸ“Š Buffering: 66.66667%
11-03 22:42:22.112  4846  4846 D VlcAudioBackend: ğŸ“Š Buffering: 73.333336%
11-03 22:42:22.113  4846  4846 D VlcAudioBackend: ğŸ“Š Buffering: 80.0%
11-03 22:42:22.113  4846  4846 D VlcAudioBackend: ğŸ“Š Buffering: 86.666664%
11-03 22:42:22.113  4846  4846 D VlcAudioBackend: ğŸ“Š Buffering: 93.333336%
11-03 22:42:22.113  4846  4846 D VlcAudioBackend: ğŸ“Š Buffering: 100.0%
11-03 22:42:22.113  4846  4846 D VlcAudioBackend: ğŸ“Š Buffering: 100.0%
11-03 22:42:23.263  4846  4846 D VlcAudioBackend: ğŸ“Š Buffering: 0.0%
11-03 22:42:23.264  4846  4846 D VlcAudioBackend: ğŸ“Š Buffering: 0.0%
11-03 22:42:23.281  4846  4846 D VlcAudioBackend: ğŸ“Š Buffering: 6.666667%
11-03 22:42:23.281  4846  4846 D VlcAudioBackend: ğŸ“Š Buffering: 13.333334%
11-03 22:42:23.281  4846  4846 D VlcAudioBackend: ğŸ“Š Buffering: 20.0%
11-03 22:42:23.281  4846  4846 D VlcAudioBackend: ğŸ“Š Buffering: 26.666668%
11-03 22:42:23.281  4846  4846 D VlcAudioBackend: ğŸ“Š Buffering: 33.333336%
11-03 22:42:23.284  4846  4846 D VlcAudioBackend: ğŸ“Š Buffering: 40.0%
11-03 22:42:23.284  4846  4846 D VlcAudioBackend: ğŸ“Š Buffering: 46.666668%
11-03 22:42:23.285  4846  4846 D VlcAudioBackend: ğŸ“Š Buffering: 53.333336%
11-03 22:42:23.285  4846  4846 D VlcAudioBackend: ğŸ“Š Buffering: 60.000004%
11-03 22:42:23.285  4846  4846 D VlcAudioBackend: ğŸ“Š Buffering: 66.66667%
11-03 22:42:23.286  4846  4846 D VlcAudioBackend: ğŸ“Š Buffering: 73.333336%
11-03 22:42:23.286  4846  4846 D VlcAudioBackend: ğŸ“Š Buffering: 80.0%
11-03 22:42:23.286  4846  4846 D VlcAudioBackend: ğŸ“Š Buffering: 86.666664%
11-03 22:42:23.286  4846  4846 D VlcAudioBackend: ğŸ“Š Buffering: 93.333336%
11-03 22:42:23.286  4846  4846 D VlcAudioBackend: ğŸ“Š Buffering: 100.0%
11-03 22:42:23.286  4846  4846 D VlcAudioBackend: ğŸ“Š Buffering: 100.0%
11-03 22:42:24.954  4846  4846 D AudioManager: ğŸ“Š Copied 1.0MB...
11-03 22:42:24.960  4846  4846 D AudioManager: ğŸ“Š Copied 2.0MB...
11-03 22:42:24.963  4846  4846 D AudioManager: ğŸ“Š Copied 3.0MB...
11-03 22:42:24.966  4846  4846 D AudioManager: ğŸ“Š Copied 4.0MB...
11-03 22:42:24.970  4846  4846 D AudioManager: ğŸ“Š Copied 5.0MB...
11-03 22:42:24.973  4846  4846 D AudioManager: ğŸ“Š Copied 6.0MB...
11-03 22:42:24.975  4846  4846 D AudioManager: ğŸ“Š Copied 7.0MB...
11-03 22:42:24.977  4846  4846 D AudioManager: ğŸ“Š Copied 8.0MB...
11-03 22:42:24.979  4846  4846 D AudioManager: ğŸ“Š Copied 9.0MB...
11-03 22:42:24.981  4846  4846 D AudioManager: ğŸ“Š Copied 10.0MB...
11-03 22:42:24.983  4846  4846 D AudioManager: ğŸ“Š Copied 11.0MB...
11-03 22:42:24.985  4846  4846 D AudioManager: ğŸ“Š Copied 12.0MB...
11-03 22:42:24.986  4846  4846 D AudioManager: ğŸ“Š Copied 13.0MB...
11-03 22:42:24.988  4846  4846 D AudioManager: ğŸ“Š Copied 14.0MB...
11-03 22:42:24.990  4846  4846 D AudioManager: ğŸ“Š Copied 15.0MB...
11-03 22:42:24.992  4846  4846 D AudioManager: ğŸ“Š Copied 16.0MB...
11-03 22:42:24.993  4846  4846 D AudioManager: ğŸ“Š Copied 17.0MB...
11-03 22:42:24.995  4846  4846 D AudioManager: ğŸ“Š Copied 18.0MB...
11-03 22:42:24.997  4846  4846 D AudioManager: ğŸ“Š Copied 19.0MB...
11-03 22:42:24.999  4846  4846 D AudioManager: ğŸ“Š Copied 20.0MB...
11-03 22:42:25.001  4846  4846 D AudioManager: ğŸ“Š Copied 21.0MB...
11-03 22:42:25.004  4846  4846 D AudioManager: ğŸ“Š Copied 22.0MB...
11-03 22:42:25.006  4846  4846 D AudioManager: ğŸ“Š Copied 23.0MB...
11-03 22:42:25.009  4846  4846 D AudioManager: ğŸ“Š Copied 24.0MB...
11-03 22:42:25.012  4846  4846 D AudioManager: ğŸ“Š Copied 25.0MB...
11-03 22:42:25.016  4846  4846 D AudioManager: ğŸ“Š Copied 26.0MB...
11-03 22:42:25.020  4846  4846 D AudioManager: ğŸ“Š Copied 27.0MB...
11-03 22:42:25.026  4846  4846 D AudioManager: ğŸ“Š Copied 28.0MB...
11-03 22:42:25.030  4846  4846 D AudioManager: ğŸ“Š Copied 29.0MB...
11-03 22:42:25.032  4846  4846 D AudioManager: ğŸ“Š Copied 30.0MB...
11-03 22:42:25.033  4846  4846 D AudioManager: ğŸ“Š Copied 31.0MB...
11-03 22:42:25.035  4846  4846 D AudioManager: ğŸ“Š Copied 32.0MB...
11-03 22:42:25.036  4846  4846 D AudioManager: ğŸ“Š Copied 33.0MB...
11-03 22:42:25.038  4846  4846 D AudioManager: ğŸ“Š Copied 34.0MB...
11-03 22:42:25.039  4846  4846 D AudioManager: ğŸ“Š Copied 35.0MB...
11-03 22:42:25.041  4846  4846 D AudioManager: ğŸ“Š Copied 36.0MB...
11-03 22:42:25.042  4846  4846 D AudioManager: ğŸ“Š Copied 37.0MB...
11-03 22:42:25.044  4846  4846 D AudioManager: ğŸ“Š Copied 38.0MB...
11-03 22:42:25.046  4846  4846 D AudioManager: ğŸ“Š Copied 39.0MB...
11-03 22:42:25.047  4846  4846 D AudioManager: ğŸ“Š Copied 40.0MB...
11-03 22:42:25.049  4846  4846 D AudioManager: ğŸ“Š Copied 41.0MB...
11-03 22:42:25.050  4846  4846 D AudioManager: ğŸ“Š Copied 42.0MB...
11-03 22:42:25.368  4846  4846 D PerformanceProfiler: ğŸ“Š AudioManager.playFile[01. Matt, George Z - Down Low (Extended Mix).wav] took 673ms
11-03 22:42:25.480  4846  4846 D VlcAudioBackend: ğŸ“Š Buffering: 0.0%
11-03 22:42:25.482  4846  4846 D VlcAudioBackend: ğŸ“Š Buffering: 0.0%
11-03 22:42:25.482  4846  4846 D VlcAudioBackend: ğŸ“Š Buffering: 3.3333335%
11-03 22:42:25.482  4846  4846 D VlcAudioBackend: ğŸ“Š Buffering: 6.666667%
11-03 22:42:25.482  4846  4846 D VlcAudioBackend: ğŸ“Š Buffering: 10.0%
11-03 22:42:25.482  4846  4846 D VlcAudioBackend: ğŸ“Š Buffering: 13.333334%
11-03 22:42:25.482  4846  4846 D VlcAudioBackend: ğŸ“Š Buffering: 16.666668%
11-03 22:42:25.482  4846  4846 D VlcAudioBackend: ğŸ“Š Buffering: 20.0%
11-03 22:42:25.482  4846  4846 D VlcAudioBackend: ğŸ“Š Buffering: 23.333334%
11-03 22:42:25.482  4846  4846 D VlcAudioBackend: ğŸ“Š Buffering: 26.666668%
11-03 22:42:25.482  4846  4846 D VlcAudioBackend: ğŸ“Š Buffering: 30.000002%
11-03 22:42:25.482  4846  4846 D VlcAudioBackend: ğŸ“Š Buffering: 33.333336%
11-03 22:42:25.483  4846  4846 D VlcAudioBackend: ğŸ“Š Buffering: 36.666668%
11-03 22:42:25.483  4846  4846 D VlcAudioBackend: ğŸ“Š Buffering: 40.0%
11-03 22:42:25.483  4846  4846 D VlcAudioBackend: ğŸ“Š Buffering: 43.333332%
11-03 22:42:25.483  4846  4846 D VlcAudioBackend: ğŸ“Š Buffering: 46.666668%
11-03 22:42:25.483  4846  4846 D VlcAudioBackend: ğŸ“Š Buffering: 50.0%
11-03 22:42:25.483  4846  4846 D VlcAudioBackend: ğŸ“Š Buffering: 53.333336%
11-03 22:42:25.483  4846  4846 D VlcAudioBackend: ğŸ“Š Buffering: 56.666668%
11-03 22:42:25.483  4846  4846 D VlcAudioBackend: ğŸ“Š Buffering: 60.000004%
11-03 22:42:25.483  4846  4846 D VlcAudioBackend: ğŸ“Š Buffering: 63.333332%
11-03 22:42:25.483  4846  4846 D VlcAudioBackend: ğŸ“Š Buffering: 66.66667%
11-03 22:42:25.484  4846  4846 D VlcAudioBackend: ğŸ“Š Buffering: 70.0%
11-03 22:42:25.484  4846  4846 D VlcAudioBackend: ğŸ“Š Buffering: 73.333336%
11-03 22:42:25.484  4846  4846 D VlcAudioBackend: ğŸ“Š Buffering: 76.666664%
11-03 22:42:25.484  4846  4846 D VlcAudioBackend: ğŸ“Š Buffering: 80.0%
11-03 22:42:25.484  4846  4846 D VlcAudioBackend: ğŸ“Š Buffering: 83.33333%
11-03 22:42:25.484  4846  4846 D VlcAudioBackend: ğŸ“Š Buffering: 86.666664%
11-03 22:42:25.484  4846  4846 D VlcAudioBackend: ğŸ“Š Buffering: 90.0%
11-03 22:42:25.484  4846  4846 D VlcAudioBackend: ğŸ“Š Buffering: 93.333336%
11-03 22:42:25.484  4846  4846 D VlcAudioBackend: ğŸ“Š Buffering: 96.666664%
11-03 22:42:25.484  4846  4846 D VlcAudioBackend: ğŸ“Š Buffering: 100.0%
11-03 22:42:25.485  4846  4846 D VlcAudioBackend: ğŸ“Š Buffering: 100.0%
11-03 22:42:25.485  4846  4846 D WaveformGenerator: LaunchedEffect triggered for file: 01. Matt, George Z - Down Low (Extended Mix).wav
11-03 22:42:25.578  4846  4846 D WaveformGenerator: Starting waveform generation for: 01. Matt, George Z - Down Low (Extended Mix).wav
11-03 22:42:25.578  4846  4846 D WaveformGenerator: File size: 42.3MB
11-03 22:42:25.580  4846  4906 D WaveformGenerator: Generating waveform for: 01. Matt, George Z - Down Low (Extended Mix).wav
11-03 22:42:25.581  4846  4906 D WaveformGenerator: Requesting 256 samples for any duration
11-03 22:42:25.592  4846  4846 D WaveformGenerator: ğŸ“º SharedWaveformDisplay - Received waveform: 256 samples
11-03 22:42:25.593  4846  4846 D WaveformGenerator: ğŸ“º SharedWaveformDisplay - Min: 30, Max: 85, Avg: 73
11-03 22:42:25.593  4846  4846 D WaveformGenerator: ğŸ“º SharedWaveformDisplay - First 10: 71, 37, 30, 63, 84, 85, 85, 85, 63, 42
11-03 22:42:26.202  4846  4906 D WaveformGenerator: âœ… Waveform generated: 256 samples
11-03 22:42:26.203  4846  4906 D WaveformGenerator: ğŸ“Š UI State - Min: 30, Max: 85, Avg: 78
11-03 22:42:26.204  4846  4906 D WaveformGenerator: ğŸ“Š UI State - First 10: 69, 72, 73, 67, 64, 76, 85, 85, 80, 71
11-03 22:42:26.205  4846  4846 D WaveformGenerator: ğŸ“Š UI State UPDATED - waveformData is now NOT NULL (256 samples)
11-03 22:42:26.231  4846  4846 D WaveformGenerator: ğŸ“º SharedWaveformDisplay - Received waveform: 256 samples
11-03 22:42:26.231  4846  4846 D WaveformGenerator: ğŸ“º SharedWaveformDisplay - Min: 30, Max: 85, Avg: 78
11-03 22:42:26.231  4846  4846 D WaveformGenerator: ğŸ“º SharedWaveformDisplay - First 10: 69, 72, 73, 67, 64, 76, 85, 85, 80, 71
11-03 22:42:26.340  4846  4846 D VlcAudioBackend: ğŸ“Š Buffering: 0.0%
11-03 22:42:26.340  4846  4846 D VlcAudioBackend: ğŸ“Š Buffering: 0.0%
11-03 22:42:26.342  4846  4846 D VlcAudioBackend: ğŸ“Š Buffering: 3.3333335%
11-03 22:42:26.343  4846  4846 D VlcAudioBackend: ğŸ“Š Buffering: 6.666667%
11-03 22:42:26.346  4846  4846 D VlcAudioBackend: ğŸ“Š Buffering: 10.0%
11-03 22:42:26.366  4846  4846 D VlcAudioBackend: ğŸ“Š Buffering: 13.333334%
11-03 22:42:26.366  4846  4846 D VlcAudioBackend: ğŸ“Š Buffering: 16.666668%
11-03 22:42:26.366  4846  4846 D VlcAudioBackend: ğŸ“Š Buffering: 20.0%
11-03 22:42:26.367  4846  4846 D VlcAudioBackend: ğŸ“Š Buffering: 23.333334%
11-03 22:42:26.367  4846  4846 D VlcAudioBackend: ğŸ“Š Buffering: 26.666668%
11-03 22:42:26.367  4846  4846 D VlcAudioBackend: ğŸ“Š Buffering: 30.000002%
11-03 22:42:26.367  4846  4846 D VlcAudioBackend: ğŸ“Š Buffering: 33.333336%
11-03 22:42:26.367  4846  4846 D VlcAudioBackend: ğŸ“Š Buffering: 36.666668%
11-03 22:42:26.367  4846  4846 D VlcAudioBackend: ğŸ“Š Buffering: 40.0%
11-03 22:42:26.367  4846  4846 D VlcAudioBackend: ğŸ“Š Buffering: 43.333332%
11-03 22:42:26.367  4846  4846 D VlcAudioBackend: ğŸ“Š Buffering: 46.666668%
11-03 22:42:26.367  4846  4846 D VlcAudioBackend: ğŸ“Š Buffering: 50.0%
11-03 22:42:26.368  4846  4846 D VlcAudioBackend: ğŸ“Š Buffering: 53.333336%
11-03 22:42:26.368  4846  4846 D VlcAudioBackend: ğŸ“Š Buffering: 56.666668%
11-03 22:42:26.368  4846  4846 D VlcAudioBackend: ğŸ“Š Buffering: 60.000004%
11-03 22:42:26.368  4846  4846 D VlcAudioBackend: ğŸ“Š Buffering: 63.333332%
11-03 22:42:26.368  4846  4846 D VlcAudioBackend: ğŸ“Š Buffering: 66.66667%
11-03 22:42:26.368  4846  4846 D VlcAudioBackend: ğŸ“Š Buffering: 70.0%
11-03 22:42:26.368  4846  4846 D VlcAudioBackend: ğŸ“Š Buffering: 73.333336%
11-03 22:42:26.368  4846  4846 D VlcAudioBackend: ğŸ“Š Buffering: 76.666664%
11-03 22:42:26.368  4846  4846 D VlcAudioBackend: ğŸ“Š Buffering: 80.0%
11-03 22:42:26.368  4846  4846 D VlcAudioBackend: ğŸ“Š Buffering: 83.33333%
11-03 22:42:26.368  4846  4846 D VlcAudioBackend: ğŸ“Š Buffering: 86.666664%
11-03 22:42:26.368  4846  4846 D VlcAudioBackend: ğŸ“Š Buffering: 90.0%
11-03 22:42:26.369  4846  4846 D VlcAudioBackend: ğŸ“Š Buffering: 93.333336%
11-03 22:42:26.369  4846  4846 D VlcAudioBackend: ğŸ“Š Buffering: 96.666664%
11-03 22:42:26.369  4846  4846 D VlcAudioBackend: ğŸ“Š Buffering: 100.0%
11-03 22:42:26.369  4846  4846 D VlcAudioBackend: ğŸ“Š Buffering: 100.0%
11-03 22:42:27.475  4846  4846 D AudioManager: ğŸ“Š Copied 1.0MB...
11-03 22:42:27.479  4846  4846 D AudioManager: ğŸ“Š Copied 2.0MB...
11-03 22:42:27.483  4846  4846 D AudioManager: ğŸ“Š Copied 3.0MB...
11-03 22:42:27.489  4846  4846 D AudioManager: ğŸ“Š Copied 4.0MB...
11-03 22:42:27.493  4846  4846 D AudioManager: ğŸ“Š Copied 5.0MB...
11-03 22:42:27.496  4846  4846 D AudioManager: ğŸ“Š Copied 6.0MB...
11-03 22:42:27.499  4846  4846 D AudioManager: ğŸ“Š Copied 7.0MB...
11-03 22:42:27.503  4846  4846 D AudioManager: ğŸ“Š Copied 8.0MB...
11-03 22:42:27.508  4846  4846 D AudioManager: ğŸ“Š Copied 9.0MB...
11-03 22:42:27.510  4846  4846 D AudioManager: ğŸ“Š Copied 10.0MB...
11-03 22:42:27.513  4846  4846 D AudioManager: ğŸ“Š Copied 11.0MB...
11-03 22:42:27.517  4846  4846 D AudioManager: ğŸ“Š Copied 12.0MB...
11-03 22:42:27.520  4846  4846 D AudioManager: ğŸ“Š Copied 13.0MB...
11-03 22:42:27.524  4846  4846 D AudioManager: ğŸ“Š Copied 14.0MB...
11-03 22:42:27.528  4846  4846 D AudioManager: ğŸ“Š Copied 15.0MB...
11-03 22:42:27.531  4846  4846 D AudioManager: ğŸ“Š Copied 16.0MB...
11-03 22:42:27.534  4846  4846 D AudioManager: ğŸ“Š Copied 17.0MB...
11-03 22:42:27.536  4846  4846 D AudioManager: ğŸ“Š Copied 18.0MB...
11-03 22:42:27.541  4846  4846 D AudioManager: ğŸ“Š Copied 19.0MB...
11-03 22:42:27.543  4846  4846 D AudioManager: ğŸ“Š Copied 20.0MB...
11-03 22:42:27.545  4846  4846 D AudioManager: ğŸ“Š Copied 21.0MB...
11-03 22:42:27.547  4846  4846 D AudioManager: ğŸ“Š Copied 22.0MB...
11-03 22:42:27.549  4846  4846 D AudioManager: ğŸ“Š Copied 23.0MB...
11-03 22:42:27.552  4846  4846 D AudioManager: ğŸ“Š Copied 24.0MB...
11-03 22:42:27.554  4846  4846 D AudioManager: ğŸ“Š Copied 25.0MB...
11-03 22:42:27.556  4846  4846 D AudioManager: ğŸ“Š Copied 26.0MB...
11-03 22:42:27.559  4846  4846 D AudioManager: ğŸ“Š Copied 27.0MB...
11-03 22:42:27.562  4846  4846 D AudioManager: ğŸ“Š Copied 28.0MB...
11-03 22:42:27.564  4846  4846 D AudioManager: ğŸ“Š Copied 29.0MB...
11-03 22:42:27.567  4846  4846 D AudioManager: ğŸ“Š Copied 30.0MB...
11-03 22:42:27.569  4846  4846 D AudioManager: ğŸ“Š Copied 31.0MB...
11-03 22:42:27.571  4846  4846 D AudioManager: ğŸ“Š Copied 32.0MB...
11-03 22:42:27.573  4846  4846 D AudioManager: ğŸ“Š Copied 33.0MB...
11-03 22:42:27.576  4846  4846 D AudioManager: ğŸ“Š Copied 34.0MB...
11-03 22:42:27.578  4846  4846 D AudioManager: ğŸ“Š Copied 35.0MB...
11-03 22:42:27.582  4846  4846 D AudioManager: ğŸ“Š Copied 36.0MB...
11-03 22:42:27.584  4846  4846 D AudioManager: ğŸ“Š Copied 37.0MB...
11-03 22:42:27.586  4846  4846 D AudioManager: ğŸ“Š Copied 38.0MB...
11-03 22:42:27.588  4846  4846 D AudioManager: ğŸ“Š Copied 39.0MB...
11-03 22:42:27.590  4846  4846 D AudioManager: ğŸ“Š Copied 40.0MB...
11-03 22:42:27.592  4846  4846 D AudioManager: ğŸ“Š Copied 41.0MB...
11-03 22:42:27.594  4846  4846 D AudioManager: ğŸ“Š Copied 42.0MB...
11-03 22:42:27.596  4846  4846 D AudioManager: ğŸ“Š Copied 43.0MB...
11-03 22:42:27.598  4846  4846 D AudioManager: ğŸ“Š Copied 44.0MB...
11-03 22:42:27.600  4846  4846 D AudioManager: ğŸ“Š Copied 45.0MB...
11-03 22:42:27.892  4846  4846 D PerformanceProfiler: ğŸ“Š AudioManager.playFile[01. Massano - Do It To Me (Extended Mix).wav] took 659ms
11-03 22:42:27.957  4846  4846 D VlcAudioBackend: ğŸ“Š Buffering: 0.0%
11-03 22:42:27.959  4846  4846 D VlcAudioBackend: ğŸ“Š Buffering: 0.0%
11-03 22:42:27.959  4846  4846 D VlcAudioBackend: ğŸ“Š Buffering: 3.3333335%
11-03 22:42:27.959  4846  4846 D VlcAudioBackend: ğŸ“Š Buffering: 6.666667%
11-03 22:42:27.959  4846  4846 D VlcAudioBackend: ğŸ“Š Buffering: 10.0%
11-03 22:42:27.959  4846  4846 D VlcAudioBackend: ğŸ“Š Buffering: 13.333334%
11-03 22:42:27.959  4846  4846 D VlcAudioBackend: ğŸ“Š Buffering: 16.666668%
11-03 22:42:27.959  4846  4846 D VlcAudioBackend: ğŸ“Š Buffering: 20.0%
11-03 22:42:27.959  4846  4846 D VlcAudioBackend: ğŸ“Š Buffering: 23.333334%
11-03 22:42:27.959  4846  4846 D VlcAudioBackend: ğŸ“Š Buffering: 26.666668%
11-03 22:42:27.959  4846  4846 D VlcAudioBackend: ğŸ“Š Buffering: 30.000002%
11-03 22:42:27.959  4846  4846 D VlcAudioBackend: ğŸ“Š Buffering: 33.333336%
11-03 22:42:27.960  4846  4846 D VlcAudioBackend: ğŸ“Š Buffering: 36.666668%
11-03 22:42:27.960  4846  4846 D VlcAudioBackend: ğŸ“Š Buffering: 40.0%
11-03 22:42:27.960  4846  4846 D VlcAudioBackend: ğŸ“Š Buffering: 43.333332%
11-03 22:42:27.960  4846  4846 D VlcAudioBackend: ğŸ“Š Buffering: 46.666668%
11-03 22:42:27.960  4846  4846 D VlcAudioBackend: ğŸ“Š Buffering: 50.0%
11-03 22:42:27.960  4846  4846 D VlcAudioBackend: ğŸ“Š Buffering: 53.333336%
11-03 22:42:27.960  4846  4846 D VlcAudioBackend: ğŸ“Š Buffering: 56.666668%
11-03 22:42:27.960  4846  4846 D VlcAudioBackend: ğŸ“Š Buffering: 60.000004%
11-03 22:42:27.960  4846  4846 D VlcAudioBackend: ğŸ“Š Buffering: 63.333332%
11-03 22:42:27.960  4846  4846 D VlcAudioBackend: ğŸ“Š Buffering: 66.66667%
11-03 22:42:27.960  4846  4846 D VlcAudioBackend: ğŸ“Š Buffering: 70.0%
11-03 22:42:27.961  4846  4846 D VlcAudioBackend: ğŸ“Š Buffering: 73.333336%
11-03 22:42:27.961  4846  4846 D VlcAudioBackend: ğŸ“Š Buffering: 76.666664%
11-03 22:42:27.961  4846  4846 D VlcAudioBackend: ğŸ“Š Buffering: 80.0%
11-03 22:42:27.961  4846  4846 D VlcAudioBackend: ğŸ“Š Buffering: 83.33333%
11-03 22:42:27.961  4846  4846 D VlcAudioBackend: ğŸ“Š Buffering: 86.666664%
11-03 22:42:27.961  4846  4846 D VlcAudioBackend: ğŸ“Š Buffering: 90.0%
11-03 22:42:27.961  4846  4846 D VlcAudioBackend: ğŸ“Š Buffering: 93.333336%
11-03 22:42:27.961  4846  4846 D VlcAudioBackend: ğŸ“Š Buffering: 96.666664%
11-03 22:42:27.961  4846  4846 D VlcAudioBackend: ğŸ“Š Buffering: 100.0%
11-03 22:42:27.962  4846  4846 D VlcAudioBackend: ğŸ“Š Buffering: 100.0%
11-03 22:42:27.962  4846  4846 D WaveformGenerator: LaunchedEffect triggered for file: 01. Massano - Do It To Me (Extended Mix).wav
11-03 22:42:28.039  4846  4846 D WaveformGenerator: Starting waveform generation for: 01. Massano - Do It To Me (Extended Mix).wav
11-03 22:42:28.040  4846  4846 D WaveformGenerator: File size: 45.7MB
11-03 22:42:28.041  4846  4911 D WaveformGenerator: Generating waveform for: 01. Massano - Do It To Me (Extended Mix).wav
11-03 22:42:28.043  4846  4911 D WaveformGenerator: Requesting 256 samples for any duration
11-03 22:42:28.051  4846  4846 D WaveformGenerator: ğŸ“º SharedWaveformDisplay - Received waveform: 256 samples
11-03 22:42:28.051  4846  4846 D WaveformGenerator: ğŸ“º SharedWaveformDisplay - Min: 30, Max: 85, Avg: 78
11-03 22:42:28.051  4846  4846 D WaveformGenerator: ğŸ“º SharedWaveformDisplay - First 10: 69, 72, 73, 67, 64, 76, 85, 85, 80, 71
11-03 22:42:28.499  4846  4904 D WaveformGenerator: âœ… Waveform generated: 256 samples
11-03 22:42:28.500  4846  4904 D WaveformGenerator: ğŸ“Š UI State - Min: 30, Max: 85, Avg: 81
11-03 22:42:28.500  4846  4904 D WaveformGenerator: ğŸ“Š UI State - First 10: 82, 81, 82, 84, 84, 84, 84, 84, 82, 80
11-03 22:42:28.501  4846  4846 D WaveformGenerator: ğŸ“Š UI State UPDATED - waveformData is now NOT NULL (256 samples)
11-03 22:42:28.536  4846  4846 D WaveformGenerator: ğŸ“º SharedWaveformDisplay - Received waveform: 256 samples
11-03 22:42:28.537  4846  4846 D WaveformGenerator: ğŸ“º SharedWaveformDisplay - Min: 30, Max: 85, Avg: 81
11-03 22:42:28.537  4846  4846 D WaveformGenerator: ğŸ“º SharedWaveformDisplay - First 10: 82, 81, 82, 84, 84, 84, 84, 84, 82, 80
11-03 22:42:29.693  4846  4846 D VlcAudioBackend: ğŸ“Š Buffering: 0.0%
11-03 22:42:29.693  4846  4846 D VlcAudioBackend: ğŸ“Š Buffering: 0.0%
11-03 22:42:29.706  4846  4846 D VlcAudioBackend: ğŸ“Š Buffering: 3.3333335%
11-03 22:42:29.706  4846  4846 D VlcAudioBackend: ğŸ“Š Buffering: 6.666667%
11-03 22:42:29.706  4846  4846 D VlcAudioBackend: ğŸ“Š Buffering: 10.0%
11-03 22:42:29.707  4846  4846 D VlcAudioBackend: ğŸ“Š Buffering: 13.333334%
11-03 22:42:29.707  4846  4846 D VlcAudioBackend: ğŸ“Š Buffering: 16.666668%
11-03 22:42:29.707  4846  4846 D VlcAudioBackend: ğŸ“Š Buffering: 20.0%
11-03 22:42:29.707  4846  4846 D VlcAudioBackend: ğŸ“Š Buffering: 23.333334%
11-03 22:42:29.707  4846  4846 D VlcAudioBackend: ğŸ“Š Buffering: 26.666668%
11-03 22:42:29.707  4846  4846 D VlcAudioBackend: ğŸ“Š Buffering: 30.000002%
11-03 22:42:29.710  4846  4846 D VlcAudioBackend: ğŸ“Š Buffering: 33.333336%
11-03 22:42:29.710  4846  4846 D VlcAudioBackend: ğŸ“Š Buffering: 36.666668%
11-03 22:42:29.710  4846  4846 D VlcAudioBackend: ğŸ“Š Buffering: 40.0%
11-03 22:42:29.710  4846  4846 D VlcAudioBackend: ğŸ“Š Buffering: 43.333332%
11-03 22:42:29.710  4846  4846 D VlcAudioBackend: ğŸ“Š Buffering: 46.666668%
11-03 22:42:29.710  4846  4846 D VlcAudioBackend: ğŸ“Š Buffering: 50.0%
11-03 22:42:29.710  4846  4846 D VlcAudioBackend: ğŸ“Š Buffering: 53.333336%
11-03 22:42:29.710  4846  4846 D VlcAudioBackend: ğŸ“Š Buffering: 56.666668%
11-03 22:42:29.710  4846  4846 D VlcAudioBackend: ğŸ“Š Buffering: 60.000004%
11-03 22:42:29.711  4846  4846 D VlcAudioBackend: ğŸ“Š Buffering: 63.333332%
11-03 22:42:29.711  4846  4846 D VlcAudioBackend: ğŸ“Š Buffering: 66.66667%
11-03 22:42:29.711  4846  4846 D VlcAudioBackend: ğŸ“Š Buffering: 70.0%
11-03 22:42:29.711  4846  4846 D VlcAudioBackend: ğŸ“Š Buffering: 73.333336%
11-03 22:42:29.711  4846  4846 D VlcAudioBackend: ğŸ“Š Buffering: 76.666664%
11-03 22:42:29.711  4846  4846 D VlcAudioBackend: ğŸ“Š Buffering: 80.0%
11-03 22:42:29.711  4846  4846 D VlcAudioBackend: ğŸ“Š Buffering: 83.33333%
11-03 22:42:29.711  4846  4846 D VlcAudioBackend: ğŸ“Š Buffering: 86.666664%
11-03 22:42:29.711  4846  4846 D VlcAudioBackend: ğŸ“Š Buffering: 90.0%
11-03 22:42:29.711  4846  4846 D VlcAudioBackend: ğŸ“Š Buffering: 93.333336%
11-03 22:42:29.712  4846  4846 D VlcAudioBackend: ğŸ“Š Buffering: 96.666664%
11-03 22:42:29.712  4846  4846 D VlcAudioBackend: ğŸ“Š Buffering: 100.0%
11-03 22:42:29.712  4846  4846 D VlcAudioBackend: ğŸ“Š Buffering: 100.0%
11-03 22:42:31.852  4846  4846 D AudioManager: ğŸ“Š Copied 1.0MB...
11-03 22:42:31.857  4846  4846 D AudioManager: ğŸ“Š Copied 2.0MB...
11-03 22:42:31.861  4846  4846 D AudioManager: ğŸ“Š Copied 3.0MB...
11-03 22:42:31.866  4846  4846 D AudioManager: ğŸ“Š Copied 4.0MB...
11-03 22:42:31.869  4846  4846 D AudioManager: ğŸ“Š Copied 5.0MB...
11-03 22:42:31.872  4846  4846 D AudioManager: ğŸ“Š Copied 6.0MB...
11-03 22:42:31.875  4846  4846 D AudioManager: ğŸ“Š Copied 7.0MB...
11-03 22:42:31.881  4846  4846 D AudioManager: ğŸ“Š Copied 8.0MB...
11-03 22:42:31.884  4846  4846 D AudioManager: ğŸ“Š Copied 9.0MB...
11-03 22:42:31.887  4846  4846 D AudioManager: ğŸ“Š Copied 10.0MB...
11-03 22:42:31.893  4846  4846 D AudioManager: ğŸ“Š Copied 11.0MB...
11-03 22:42:31.899  4846  4846 D AudioManager: ğŸ“Š Copied 12.0MB...
11-03 22:42:31.903  4846  4846 D AudioManager: ğŸ“Š Copied 13.0MB...
11-03 22:42:31.906  4846  4846 D AudioManager: ğŸ“Š Copied 14.0MB...
11-03 22:42:31.909  4846  4846 D AudioManager: ğŸ“Š Copied 15.0MB...
11-03 22:42:31.912  4846  4846 D AudioManager: ğŸ“Š Copied 16.0MB...
11-03 22:42:31.915  4846  4846 D AudioManager: ğŸ“Š Copied 17.0MB...
11-03 22:42:31.917  4846  4846 D AudioManager: ğŸ“Š Copied 18.0MB...
11-03 22:42:31.919  4846  4846 D AudioManager: ğŸ“Š Copied 19.0MB...
11-03 22:42:31.921  4846  4846 D AudioManager: ğŸ“Š Copied 20.0MB...
11-03 22:42:31.923  4846  4846 D AudioManager: ğŸ“Š Copied 21.0MB...
11-03 22:42:31.924  4846  4846 D AudioManager: ğŸ“Š Copied 22.0MB...
11-03 22:42:31.926  4846  4846 D AudioManager: ğŸ“Š Copied 23.0MB...
11-03 22:42:31.927  4846  4846 D AudioManager: ğŸ“Š Copied 24.0MB...
11-03 22:42:31.929  4846  4846 D AudioManager: ğŸ“Š Copied 25.0MB...
11-03 22:42:31.930  4846  4846 D AudioManager: ğŸ“Š Copied 26.0MB...
11-03 22:42:31.932  4846  4846 D AudioManager: ğŸ“Š Copied 27.0MB...
11-03 22:42:31.934  4846  4846 D AudioManager: ğŸ“Š Copied 28.0MB...
11-03 22:42:31.936  4846  4846 D AudioManager: ğŸ“Š Copied 29.0MB...
11-03 22:42:31.937  4846  4846 D AudioManager: ğŸ“Š Copied 30.0MB...
11-03 22:42:31.938  4846  4846 D AudioManager: ğŸ“Š Copied 31.0MB...
11-03 22:42:31.940  4846  4846 D AudioManager: ğŸ“Š Copied 32.0MB...
11-03 22:42:31.942  4846  4846 D AudioManager: ğŸ“Š Copied 33.0MB...
11-03 22:42:31.943  4846  4846 D AudioManager: ğŸ“Š Copied 34.0MB...
11-03 22:42:31.945  4846  4846 D AudioManager: ğŸ“Š Copied 35.0MB...
11-03 22:42:31.947  4846  4846 D AudioManager: ğŸ“Š Copied 36.0MB...
11-03 22:42:31.948  4846  4846 D AudioManager: ğŸ“Š Copied 37.0MB...
11-03 22:42:31.950  4846  4846 D AudioManager: ğŸ“Š Copied 38.0MB...
11-03 22:42:31.951  4846  4846 D AudioManager: ğŸ“Š Copied 39.0MB...
11-03 22:42:31.953  4846  4846 D AudioManager: ğŸ“Š Copied 40.0MB...
11-03 22:42:31.955  4846  4846 D AudioManager: ğŸ“Š Copied 41.0MB...
11-03 22:42:31.957  4846  4846 D AudioManager: ğŸ“Š Copied 42.0MB...
11-03 22:42:31.959  4846  4846 D AudioManager: ğŸ“Š Copied 43.0MB...
11-03 22:42:31.961  4846  4846 D AudioManager: ğŸ“Š Copied 44.0MB...
11-03 22:42:31.962  4846  4846 D AudioManager: ğŸ“Š Copied 45.0MB...
11-03 22:42:31.964  4846  4846 D AudioManager: ğŸ“Š Copied 46.0MB...
11-03 22:42:31.966  4846  4846 D AudioManager: ğŸ“Š Copied 47.0MB...
11-03 22:42:31.967  4846  4846 D AudioManager: ğŸ“Š Copied 48.0MB...
11-03 22:42:32.287  4846  4846 D PerformanceProfiler: ğŸ“Š AudioManager.playFile[01. Sielo - Run It (Extended Mix).wav] took 704ms
11-03 22:42:32.367  4846  4846 D VlcAudioBackend: ğŸ“Š Buffering: 0.0%
11-03 22:42:32.368  4846  4846 D VlcAudioBackend: ğŸ“Š Buffering: 0.0%
11-03 22:42:32.368  4846  4846 D VlcAudioBackend: ğŸ“Š Buffering: 3.3333335%
11-03 22:42:32.368  4846  4846 D VlcAudioBackend: ğŸ“Š Buffering: 6.666667%
11-03 22:42:32.369  4846  4846 D VlcAudioBackend: ğŸ“Š Buffering: 10.0%
11-03 22:42:32.369  4846  4846 D VlcAudioBackend: ğŸ“Š Buffering: 13.333334%
11-03 22:42:32.369  4846  4846 D VlcAudioBackend: ğŸ“Š Buffering: 16.666668%
11-03 22:42:32.369  4846  4846 D VlcAudioBackend: ğŸ“Š Buffering: 20.0%
11-03 22:42:32.369  4846  4846 D VlcAudioBackend: ğŸ“Š Buffering: 23.333334%
11-03 22:42:32.369  4846  4846 D VlcAudioBackend: ğŸ“Š Buffering: 26.666668%
11-03 22:42:32.369  4846  4846 D VlcAudioBackend: ğŸ“Š Buffering: 30.000002%
11-03 22:42:32.369  4846  4846 D VlcAudioBackend: ğŸ“Š Buffering: 33.333336%
11-03 22:42:32.369  4846  4846 D VlcAudioBackend: ğŸ“Š Buffering: 36.666668%
11-03 22:42:32.369  4846  4846 D VlcAudioBackend: ğŸ“Š Buffering: 40.0%
