11-10 15:48:54.253  1884  5488 D LauncherAppsService: getActivityLaunchIntent callingPackage=com.android.systemui component=ComponentInfo{com.ghisler.android.TotalCommander/com.ghisler.android.TotalCommander.TotalCommander} user=UserHandle{0}
11-10 15:48:54.254  1884  3682 D LauncherAppsService: getActivityLaunchIntent callingPackage=com.android.systemui component=ComponentInfo{com.globalfun.ben10ae.google/com.globalfun.FullActivity} user=UserHandle{0}
11-10 15:48:54.255  1884  5488 D LauncherAppsService: getActivityLaunchIntent callingPackage=com.android.systemui component=ComponentInfo{com.google.android.apps.authenticator2/com.google.android.apps.authenticator2.main.MainActivity} user=UserHandle{0}
11-10 15:48:54.255  1884  4375 V SafetySourceDataValidat: Package: com.android.vending has expected signature
11-10 15:48:54.255  1884  4375 V SafetySourceDataValidat: Package: com.android.vending has expected signature
11-10 15:48:54.256 30907 26445 I Icing   : Indexing com.google.android.gms-apps from com.google.android.gms
11-10 15:48:54.256  1884  4375 D LauncherAppsService: getActivityLaunchIntent callingPackage=com.android.systemui component=ComponentInfo{com.google.android.apps.bard/com.google.android.apps.bard.shellapp.BardEntryPointActivity} user=UserHandle{0}
11-10 15:48:54.257  1884  4375 D LauncherAppsService: getActivityLaunchIntent callingPackage=com.android.systemui component=ComponentInfo{com.google.android.apps.chromecast.app/com.google.android.apps.chromecast.app.DiscoveryActivity} user=UserHandle{0}
11-10 15:48:54.257  1431  2167 W USF     : USF_API: Drop flicker data, cannot find sampling_id:84682!
11-10 15:48:54.258  1884  3682 D LauncherAppsService: getActivityLaunchIntent callingPackage=com.android.systemui component=ComponentInfo{com.google.android.apps.fitness/com.google.android.apps.fitness.welcome.WelcomeActivity} user=UserHandle{0}
11-10 15:48:54.259  1884  4375 D LauncherAppsService: getActivityLaunchIntent callingPackage=com.android.systemui component=ComponentInfo{com.google.android.apps.searchlite/com.google.android.apps.searchlite.ui.SearchActivity} user=UserHandle{0}
11-10 15:48:54.260  1884  5488 D LauncherAppsService: getActivityLaunchIntent callingPackage=com.android.systemui component=ComponentInfo{com.google.android.apps.subscriptions.red/com.google.android.apps.subscriptions.red.LauncherActivity} user=UserHandle{0}
11-10 15:48:54.261  1884  3682 D LauncherAppsService: getActivityLaunchIntent callingPackage=com.android.systemui component=ComponentInfo{com.google.android.apps.translate/com.google.android.apps.translate.TranslateActivity} user=UserHandle{0}
11-10 15:48:54.262  1884  3682 D LauncherAppsService: getActivityLaunchIntent callingPackage=com.android.systemui component=ComponentInfo{com.google.android.keep/com.google.android.keep.activities.BrowseActivity} user=UserHandle{0}
11-10 15:48:54.263  1884  3682 D LauncherAppsService: getActivityLaunchIntent callingPackage=com.android.systemui component=ComponentInfo{com.gtsy.capturing.heroes/com.unity3d.player.UnityPlayerActivity} user=UserHandle{0}
11-10 15:48:54.264  1884  5488 D LauncherAppsService: getActivityLaunchIntent callingPackage=com.android.systemui component=ComponentInfo{com.hb.spider.games.fighting.hero/com.unity3d.player.UnityPlayerActivity} user=UserHandle{0}
11-10 15:48:54.266  1884  4375 D LauncherAppsService: getActivityLaunchIntent callingPackage=com.android.systemui component=ComponentInfo{com.htt.alpha.shooter.fps/com.unity3d.player.UnityPlayerActivity} user=UserHandle{0}
11-10 15:48:54.267  1884  3084 D LauncherAppsService: getActivityLaunchIntent callingPackage=com.android.systemui component=ComponentInfo{com.inotesapp.inotes/com.inotesapp.inotes.MainActivity} user=UserHandle{0}
11-10 15:48:54.267  1431  2167 W USF     : USF_API: Drop flicker data, cannot find sampling_id:84682!
11-10 15:48:54.268  1884  3084 D LauncherAppsService: getActivityLaunchIntent callingPackage=com.android.systemui component=ComponentInfo{com.instagram.android/com.instagram.android.activity.MainTabActivity} user=UserHandle{0}
11-10 15:48:54.275  1884  3682 D LauncherAppsService: getActivityLaunchIntent callingPackage=com.android.systemui component=ComponentInfo{com.kendamanomics.app/com.kendamanomics.app.MainActivity} user=UserHandle{0}
11-10 15:48:54.277  1431  2167 W USF     : USF_API: Drop flicker data, cannot find sampling_id:84682!
11-10 15:48:54.279 30907 26445 I Icing   : Indexing done com.google.android.gms-apps
11-10 15:48:54.280 29449 29489 I Finsky  : [1127] SCH: Scheduling 0 system job(s)
11-10 15:48:54.281 29449 29489 I Finsky  : [1127] [ContentSync] finished, scheduled=true
11-10 15:48:54.283  1884  5488 D LauncherAppsService: getActivityLaunchIntent callingPackage=com.android.systemui component=ComponentInfo{com.libratone/com.libratone.v3.activities.HomeActivity} user=UserHandle{0}
11-10 15:48:54.287  1431  2167 W USF     : USF_API: Drop flicker data, cannot find sampling_id:84682!
11-10 15:48:54.289  1884  4375 D LauncherAppsService: getActivityLaunchIntent callingPackage=com.android.systemui component=ComponentInfo{com.linkedin.android/com.linkedin.android.authenticator.LaunchActivityDefault} user=UserHandle{0}
11-10 15:48:54.292  1884  3084 D LauncherAppsService: getActivityLaunchIntent callingPackage=com.android.systemui component=ComponentInfo{com.mcdonalds.mobileapp/com.mcdonalds.mobileapp.SplashActivity} user=UserHandle{0}
11-10 15:48:54.294  1884  3084 D LauncherAppsService: getActivityLaunchIntent callingPackage=com.android.systemui component=ComponentInfo{com.microsoft.appmanager/com.microsoft.appmanager.StartUpCoreActivity} user=UserHandle{0}
11-10 15:48:54.296  1884  3084 D LauncherAppsService: getActivityLaunchIntent callingPackage=com.android.systemui component=ComponentInfo{com.microsoft.office.excel/com.microsoft.office.apphost.LaunchActivity} user=UserHandle{0}
11-10 15:48:54.297  1431  2167 W USF     : USF_API: Drop flicker data, cannot find sampling_id:84682!
11-10 15:48:54.298  1884  4375 D LauncherAppsService: getActivityLaunchIntent callingPackage=com.android.systemui component=ComponentInfo{com.microsoft.office.onenote/com.microsoft.office.onenote.ui.ONMSplashActivity} user=UserHandle{0}
11-10 15:48:54.300  1884  4375 D LauncherAppsService: getActivityLaunchIntent callingPackage=com.android.systemui component=ComponentInfo{com.microsoft.office.word/com.microsoft.office.apphost.LaunchActivity} user=UserHandle{0}
11-10 15:48:54.302  1884  3084 D LauncherAppsService: getActivityLaunchIntent callingPackage=com.android.systemui component=ComponentInfo{com.microsoft.rdc.androidx/com.microsoft.windowsapp.ui.HomeActivity} user=UserHandle{0}
11-10 15:48:54.305  1884  3084 D LauncherAppsService: getActivityLaunchIntent callingPackage=com.android.systemui component=ComponentInfo{com.microsoft.teams/com.microsoft.skype.teams.Launcher} user=UserHandle{0}
11-10 15:48:54.307  1884  5488 D LauncherAppsService: getActivityLaunchIntent callingPackage=com.android.systemui component=ComponentInfo{com.microsoft.windowsintune.companyportal/com.microsoft.windowsintune.companyportal.views.SplashActivity} user=UserHandle{0}
11-10 15:48:54.307  1431  2167 W USF     : USF_API: Drop flicker data, cannot find sampling_id:84682!
11-10 15:48:54.308  1884  5488 D LauncherAppsService: getActivityLaunchIntent callingPackage=com.android.systemui component=ComponentInfo{com.mojang.minecraftpe/com.mojang.minecraftpe.MainActivity} user=UserHandle{0}
11-10 15:48:54.309  1884  5488 D LauncherAppsService: getActivityLaunchIntent callingPackage=com.android.systemui component=ComponentInfo{com.movile.playkids.pkxd/com.movile.playkids.pkxd.base.UnityPlayerActivity} user=UserHandle{0}
11-10 15:48:54.311  1884  3084 D LauncherAppsService: getActivityLaunchIntent callingPackage=com.android.systemui component=ComponentInfo{com.musicpay.app/com.musicpay.app.MainActivity} user=UserHandle{0}
11-10 15:48:54.314  1884  5488 D LauncherAppsService: getActivityLaunchIntent callingPackage=com.android.systemui component=ComponentInfo{com.netflix.mediaclient/com.netflix.mediaclient.ui.launch.UIWebViewActivity} user=UserHandle{0}
11-10 15:48:54.316  1884  5488 D LauncherAppsService: getActivityLaunchIntent callingPackage=com.android.systemui component=ComponentInfo{com.nexar.spider.web.shooting.puzzles/com.unity3d.player.UnityPlayerActivity} user=UserHandle{0}
11-10 15:48:54.317  1431  2167 W USF     : USF_API: Drop flicker data, cannot find sampling_id:84682!
11-10 15:48:54.318  1884  4375 D LauncherAppsService: getActivityLaunchIntent callingPackage=com.android.systemui component=ComponentInfo{com.okta.android.auth/com.okta.android.auth.activity.SplashActivity} user=UserHandle{0}
11-10 15:48:54.320  1884  4375 D LauncherAppsService: getActivityLaunchIntent callingPackage=com.android.systemui component=ComponentInfo{com.onebutton.mrsuper2/com.onebutton.cpp.AppActivity} user=UserHandle{0}
11-10 15:48:54.322  1884  5488 D LauncherAppsService: getActivityLaunchIntent callingPackage=com.android.systemui component=ComponentInfo{com.onepassword.android/com.onepassword.android.app.StartActivity} user=UserHandle{0}
11-10 15:48:54.325  1884  5488 D LauncherAppsService: getActivityLaunchIntent callingPackage=com.android.systemui component=ComponentInfo{com.openai.chatgpt/com.openai.chatgpt.MainActivity} user=UserHandle{0}
11-10 15:48:54.327  1884  5488 D LauncherAppsService: getActivityLaunchIntent callingPackage=com.android.systemui component=ComponentInfo{com.orange.contultauorange/com.orange.contultauorange.presentation.entry.EntryActivity} user=UserHandle{0}
11-10 15:48:54.327  1431  2167 W USF     : USF_API: Drop flicker data, cannot find sampling_id:84682!
11-10 15:48:54.331  1884  5488 D LauncherAppsService: getActivityLaunchIntent callingPackage=com.android.systemui component=ComponentInfo{com.paurau.SlowMoRun/com.unity3d.player.UnityPlayerActivity} user=UserHandle{0}
11-10 15:48:54.333  1884  5488 D LauncherAppsService: getActivityLaunchIntent callingPackage=com.android.systemui component=ComponentInfo{com.rarlab.rar/com.rarlab.rar.MainActivity} user=UserHandle{0}
11-10 15:48:54.336  1884  4375 D LauncherAppsService: getActivityLaunchIntent callingPackage=com.android.systemui component=ComponentInfo{com.reddit.frontpage/launcher.default} user=UserHandle{0}
11-10 15:48:54.337  1431  2167 W USF     : USF_API: Drop flicker data, cannot find sampling_id:84682!
11-10 15:48:54.339  1884  5488 D LauncherAppsService: getActivityLaunchIntent callingPackage=com.android.systemui component=ComponentInfo{com.redhands.twoplayergames/com.unity3d.player.UnityPlayerActivity} user=UserHandle{0}
11-10 15:48:54.341  1884  4375 D LauncherAppsService: getActivityLaunchIntent callingPackage=com.android.systemui component=ComponentInfo{com.revolut.revolut/com.revolut.ui.login.pin.LoginActivity} user=UserHandle{0}
11-10 15:48:54.342  1884  5488 D LauncherAppsService: getActivityLaunchIntent callingPackage=com.android.systemui component=ComponentInfo{com.rlg.future.robot.transform.car.racing/com.unity3d.player.UnityPlayerActivity} user=UserHandle{0}
11-10 15:48:54.343  1884  5488 D LauncherAppsService: getActivityLaunchIntent callingPackage=com.android.systemui component=ComponentInfo{com.sameday.client.mobile/com.sameday.client.mobile.MainActivity} user=UserHandle{0}
11-10 15:48:54.346  1884  4375 D LauncherAppsService: getActivityLaunchIntent callingPackage=com.android.systemui component=ComponentInfo{com.smmservice.authenticator/com.smmservice.authenticator.presentation.ui.activity.MainActivity} user=UserHandle{0}
11-10 15:48:54.347  1431  2167 W USF     : USF_API: Drop flicker data, cannot find sampling_id:84682!
11-10 15:48:54.348  1884  5488 D LauncherAppsService: getActivityLaunchIntent callingPackage=com.android.systemui component=ComponentInfo{com.soundcloud.android/com.soundcloud.android.launcher.LauncherActivity} user=UserHandle{0}
11-10 15:48:54.350  1884  4375 D LauncherAppsService: getActivityLaunchIntent callingPackage=com.android.systemui component=ComponentInfo{com.splendapps.decibel/com.splendapps.decibel.MainActivity} user=UserHandle{0}
11-10 15:48:54.354  1884  5488 D LauncherAppsService: getActivityLaunchIntent callingPackage=com.android.systemui component=ComponentInfo{com.starplay.spider.fighter.openworld/com.superlevel.fighting.GameActivity} user=UserHandle{0}
11-10 15:48:54.356  1884  4375 D LauncherAppsService: getActivityLaunchIntent callingPackage=com.android.systemui component=ComponentInfo{com.twitter.android/com.twitter.android.StartActivity} user=UserHandle{0}
11-10 15:48:54.357  1431  2167 W USF     : USF_API: Drop flicker data, cannot find sampling_id:84682!
11-10 15:48:54.359  1884  5488 D LauncherAppsService: getActivityLaunchIntent callingPackage=com.android.systemui component=ComponentInfo{com.upromania.superup/com.gcd.ro.solde.superup.ui.splash.SuperUpSplashActivity} user=UserHandle{0}
11-10 15:48:54.361  1884  5488 D LauncherAppsService: getActivityLaunchIntent callingPackage=com.android.systemui component=ComponentInfo{com.wallapop/com.wallapop.activities.HomeActivity} user=UserHandle{0}
11-10 15:48:54.364  1884  5488 D LauncherAppsService: getActivityLaunchIntent callingPackage=com.android.systemui component=ComponentInfo{com.waze/com.waze.FreeMapAppActivity} user=UserHandle{0}
11-10 15:48:54.367  1431  2167 W USF     : USF_API: Drop flicker data, cannot find sampling_id:84682!
11-10 15:48:54.367  1884  4375 D LauncherAppsService: getActivityLaunchIntent callingPackage=com.android.systemui component=ComponentInfo{com.whatsapp/com.whatsapp.Main} user=UserHandle{0}
11-10 15:48:54.370  1884  4375 D LauncherAppsService: getActivityLaunchIntent callingPackage=com.android.systemui component=ComponentInfo{com.zhiliaoapp.musically/com.ss.android.ugc.aweme.splash.SplashActivity} user=UserHandle{0}
11-10 15:48:54.376  1884  5488 D LauncherAppsService: getActivityLaunchIntent callingPackage=com.android.systemui component=ComponentInfo{de.mobile.android.app/de.mobile.android.app.splash.Splash} user=UserHandle{0}
11-10 15:48:54.377  1431  2167 W USF     : USF_API: Drop flicker data, cannot find sampling_id:84682!
11-10 15:48:54.381  1884  5488 D LauncherAppsService: getActivityLaunchIntent callingPackage=com.android.systemui component=ComponentInfo{epson.print/epson.print.WellcomeScreenActivity} user=UserHandle{0}
11-10 15:48:54.385  1884  5488 D LauncherAppsService: getActivityLaunchIntent callingPackage=com.android.systemui component=ComponentInfo{fr.vinted/com.vinted.feature.shell.MDActivity} user=UserHandle{0}
11-10 15:48:54.387  1431  2167 W USF     : USF_API: Drop flicker data, cannot find sampling_id:84682!
11-10 15:48:54.388  1884  4375 D LauncherAppsService: getActivityLaunchIntent callingPackage=com.android.systemui component=ComponentInfo{io.supercent.linkedcubic/com.unity3d.player.UnityPlayerActivity} user=UserHandle{0}
11-10 15:48:54.390  1884  4375 D LauncherAppsService: getActivityLaunchIntent callingPackage=com.android.systemui component=ComponentInfo{io.voodoo.holeio/com.google.firebase.MessagingUnityPlayerActivity} user=UserHandle{0}
11-10 15:48:54.394  1884  4375 D LauncherAppsService: getActivityLaunchIntent callingPackage=com.android.systemui component=ComponentInfo{io.voodoo.paper2/com.unity3d.player.UnityPlayerActivity} user=UserHandle{0}
11-10 15:48:54.396  1884  5488 D LauncherAppsService: getActivityLaunchIntent callingPackage=com.android.systemui component=ComponentInfo{nl.marktplaats.android/com.horizon.android.feature.feeds.homepage.SpringboardActivity} user=UserHandle{0}
11-10 15:48:54.397  1431  2167 W USF     : USF_API: Drop flicker data, cannot find sampling_id:84682!
11-10 15:48:54.401  1884  4375 D LauncherAppsService: getActivityLaunchIntent callingPackage=com.android.systemui component=ComponentInfo{org.chromium.webapk.a15bc299c036bd0c4_v2/org.chromium.webapk.shell_apk.h2o.H2OOpaqueMainActivity} user=UserHandle{0}
11-10 15:48:54.404  1428  2117 D BTAudioSessionAidl: GetSupportedLatencyModes - Supported LatencyMode= FREE
11-10 15:48:54.404  1884  4375 D LauncherAppsService: getActivityLaunchIntent callingPackage=com.android.systemui component=ComponentInfo{org.chromium.webapk.acf6f8d2b6ee0ba22_v2/org.chromium.webapk.shell_apk.h2o.H2OOpaqueMainActivity} user=UserHandle{0}
11-10 15:48:54.406  1884  5488 D LauncherAppsService: getActivityLaunchIntent callingPackage=com.android.systemui component=ComponentInfo{org.devcore.mixingstation/org.devcore.ms.android.MsAndroidLauncher} user=UserHandle{0}
11-10 15:48:54.407  1431  2167 W USF     : USF_API: Drop flicker data, cannot find sampling_id:84682!
11-10 15:48:54.408  1884  4375 D LauncherAppsService: getActivityLaunchIntent callingPackage=com.android.systemui component=ComponentInfo{org.intoorbit.spectrum/org.intoorbit.spectrum.SpectrumActivity} user=UserHandle{0}
11-10 15:48:54.412  1884  3084 D LauncherAppsService: getActivityLaunchIntent callingPackage=com.android.systemui component=ComponentInfo{org.localsend.localsend_app/org.localsend.localsend_app.MainActivity} user=UserHandle{0}
11-10 15:48:54.413  1884  3084 D LauncherAppsService: getActivityLaunchIntent callingPackage=com.android.systemui component=ComponentInfo{org.telegram.messenger/org.telegram.messenger.DefaultIcon} user=UserHandle{0}
11-10 15:48:54.414  1884  4375 D LauncherAppsService: getActivityLaunchIntent callingPackage=com.android.systemui component=ComponentInfo{org.videolan.vlc/org.videolan.vlc.StartActivity} user=UserHandle{0}
11-10 15:48:54.415  1884  4375 D LauncherAppsService: getActivityLaunchIntent callingPackage=com.android.systemui component=ComponentInfo{ro.mercador/pl.tablica2.app.startup.activity.StartupActivity} user=UserHandle{0}
11-10 15:48:54.417  1884  4375 D LauncherAppsService: getActivityLaunchIntent callingPackage=com.android.systemui component=ComponentInfo{ro.orange.tvlive/app.solocoo.tv.solocoo.login.splash.SplashActivity} user=UserHandle{0}
11-10 15:48:54.417  1431  2167 W USF     : USF_API: Drop flicker data, cannot find sampling_id:84682!
11-10 15:48:54.417  1884  4375 D LauncherAppsService: getActivityLaunchIntent callingPackage=com.android.systemui component=ComponentInfo{ro.raiffeisen.eToken/ro.raiffeisen.eToken.launcher.LauncherActivity} user=UserHandle{0}
11-10 15:48:54.418  1430 14081 I bthal.activity: bt_power: AclDataStat: 15:48:53:390 - 15:48:54:418, conn_handle: 11, duration: 1028, acl_data_count: 3, acl_tx_data_count: 2, acl_rx_data_count: 1, total_acl_data_count: 4277
11-10 15:48:54.418  1884  3084 D LauncherAppsService: getActivityLaunchIntent callingPackage=com.android.systemui component=ComponentInfo{ro.raiffeisen.smartmobile/ro.raiffeisen.smartmobile.presentation.main.LauncherActivity} user=UserHandle{0}
11-10 15:48:54.420  2772  2853 W Looper  : Slow dispatch took 1017ms SysUiBg app=com.android.systemui main=false group=RESTRICTED h=android.os.Handler c=com.google.android.systemui.columbus.legacy.actions.LaunchApp$updateAvailableAppsAndShortcutsAsync$1$3@6451f1 m=0
11-10 15:48:54.422  2772  2853 W Looper  : Slow delivery took 1194ms SysUiBg app=com.android.systemui main=false group=RESTRICTED h=android.os.Handler c=com.android.systemui.controls.management.ControlsListingControllerImpl$changeUser$1@d1481d6 m=0
11-10 15:48:54.427  1431  2167 W USF     : USF_API: Drop flicker data, cannot find sampling_id:84682!
11-10 15:48:54.437  1431  2167 W USF     : USF_API: Drop flicker data, cannot find sampling_id:84682!
11-10 15:48:54.447  1431  2167 W USF     : USF_API: Drop flicker data, cannot find sampling_id:84682!
11-10 15:48:54.455  2772  2785 W System  : A resource failed to call release. 
11-10 15:48:54.457  1431  2167 W USF     : USF_API: Drop flicker data, cannot find sampling_id:84682!
11-10 15:48:54.467  1431  2167 W USF     : USF_API: Drop flicker data, cannot find sampling_id:84682!
11-10 15:48:54.468  1884  3084 D ShortcutService: driveShortcut_4d5b5c80-3541-4fe8-8023-a2649ae5b144 ignored because it isn't pinned by com.android.systemui
11-10 15:48:54.475  1884  5488 D LauncherAppsService: getActivityLaunchIntent callingPackage=com.android.systemui component=ComponentInfo{com.android.chrome/com.google.android.apps.chrome.Main} user=UserHandle{0}
11-10 15:48:54.477  1884  5488 D LauncherAppsService: getActivityLaunchIntent callingPackage=com.android.systemui component=ComponentInfo{com.android.settings/com.android.settings.Settings} user=UserHandle{0}
11-10 15:48:54.477  1431  2167 W USF     : USF_API: Drop flicker data, cannot find sampling_id:84682!
11-10 15:48:54.479  1884  4375 D LauncherAppsService: getActivityLaunchIntent callingPackage=com.android.systemui component=ComponentInfo{com.android.vending/com.android.vending.AssetBrowserActivity} user=UserHandle{0}
11-10 15:48:54.480  1884  4373 D LauncherAppsService: getActivityLaunchIntent callingPackage=com.android.systemui component=ComponentInfo{com.google.android.GoogleCamera/com.android.camera.CameraLauncher} user=UserHandle{0}
11-10 15:48:54.481  1884  4373 D LauncherAppsService: getActivityLaunchIntent callingPackage=com.android.systemui component=ComponentInfo{com.google.android.apps.docs/com.google.android.apps.docs.app.NewMainProxyActivity} user=UserHandle{0}
11-10 15:48:54.483  1884  4373 D LauncherAppsService: getActivityLaunchIntent callingPackage=com.android.systemui component=ComponentInfo{com.google.android.apps.maps/com.google.android.maps.MapsActivity} user=UserHandle{0}
11-10 15:48:54.484  1884  4373 D LauncherAppsService: getActivityLaunchIntent callingPackage=com.android.systemui component=ComponentInfo{com.google.android.apps.messaging/com.google.android.apps.messaging.ui.ConversationListActivity} user=UserHandle{0}
11-10 15:48:54.486  1884  4373 D LauncherAppsService: getActivityLaunchIntent callingPackage=com.android.systemui component=ComponentInfo{com.google.android.apps.photos/com.google.android.apps.photos.home.HomeActivity} user=UserHandle{0}
11-10 15:48:54.487  1431  2167 W USF     : USF_API: Drop flicker data, cannot find sampling_id:84682!
11-10 15:48:54.487  1884  5488 D LauncherAppsService: getActivityLaunchIntent callingPackage=com.android.systemui component=ComponentInfo{com.google.android.apps.tachyon/com.google.android.apps.tachyon.MainActivity} user=UserHandle{0}
11-10 15:48:54.488  1884  4373 D LauncherAppsService: getActivityLaunchIntent callingPackage=com.android.systemui component=ComponentInfo{com.google.android.apps.youtube.music/com.google.android.apps.youtube.music.activities.MusicActivity} user=UserHandle{0}
11-10 15:48:54.489  1884  5488 D LauncherAppsService: getActivityLaunchIntent callingPackage=com.android.systemui component=ComponentInfo{com.google.android.calculator/com.android.calculator2.Calculator} user=UserHandle{0}
11-10 15:48:54.490  1884  5488 D LauncherAppsService: getActivityLaunchIntent callingPackage=com.android.systemui component=ComponentInfo{com.google.android.calendar/com.android.calendar.AllInOneActivity} user=UserHandle{0}
11-10 15:48:54.491  1884  5488 D LauncherAppsService: getActivityLaunchIntent callingPackage=com.android.systemui component=ComponentInfo{com.google.android.contacts/com.android.contacts.activities.PeopleActivity} user=UserHandle{0}
11-10 15:48:54.493  1884  4373 D LauncherAppsService: getActivityLaunchIntent callingPackage=com.android.systemui component=ComponentInfo{com.google.android.deskclock/com.android.deskclock.DeskClock} user=UserHandle{0}
11-10 15:48:54.494  1884  4373 D LauncherAppsService: getActivityLaunchIntent callingPackage=com.android.systemui component=ComponentInfo{com.google.android.dialer/com.google.android.dialer.extensions.GoogleDialtactsActivity} user=UserHandle{0}
11-10 15:48:54.494  1884  1956 W AccessibilityWindowsPopulator: The displayInfo of this displayId (0) called back from the surface fligner is null
11-10 15:48:54.495  1884  4373 D LauncherAppsService: getActivityLaunchIntent callingPackage=com.android.systemui component=ComponentInfo{com.google.android.gm/com.google.android.gm.ConversationListActivityGmail} user=UserHandle{0}
11-10 15:48:54.496  1884  4373 D LauncherAppsService: getActivityLaunchIntent callingPackage=com.android.systemui component=ComponentInfo{com.google.android.youtube/com.google.android.youtube.app.honeycomb.Shell$HomeActivity} user=UserHandle{0}
11-10 15:48:54.497  1431  2167 W USF     : USF_API: Drop flicker data, cannot find sampling_id:84682!
11-10 15:48:54.497  1884  5488 D LauncherAppsService: getActivityLaunchIntent callingPackage=com.android.systemui component=ComponentInfo{com.Slack/slack.features.home.HomeActivity} user=UserHandle{0}
11-10 15:48:54.498  1884  5488 D LauncherAppsService: getActivityLaunchIntent callingPackage=com.android.systemui component=ComponentInfo{com.aimp.player/com.aimp.player.ui.activities.main.MainActivity} user=UserHandle{0}
11-10 15:48:54.499  1884  4373 D LauncherAppsService: getActivityLaunchIntent callingPackage=com.android.systemui component=ComponentInfo{com.dropbox.android/com.dropbox.android.activity.DropboxBrowser} user=UserHandle{0}
11-10 15:48:54.500  1884  4373 D LauncherAppsService: getActivityLaunchIntent callingPackage=com.android.systemui component=ComponentInfo{com.google.android.apps.docs.editors.docs/com.google.android.apps.docs.app.NewMainProxyActivity} user=UserHandle{0}
11-10 15:48:54.501  1884  5488 D LauncherAppsService: getActivityLaunchIntent callingPackage=com.android.systemui component=ComponentInfo{com.google.android.apps.docs.editors.sheets/com.google.android.apps.docs.app.NewMainProxyActivity} user=UserHandle{0}
11-10 15:48:54.502  1884  4373 D LauncherAppsService: getActivityLaunchIntent callingPackage=com.android.systemui component=ComponentInfo{com.google.android.apps.docs.editors.slides/com.google.android.apps.docs.app.NewMainProxyActivity} user=UserHandle{0}
11-10 15:48:54.503  1884  5488 D LauncherAppsService: getActivityLaunchIntent callingPackage=com.android.systemui component=ComponentInfo{com.google.android.apps.magazines/com.google.apps.dots.android.app.activity.CurrentsStartActivity} user=UserHandle{0}
11-10 15:48:54.504  1884  5488 D LauncherAppsService: getActivityLaunchIntent callingPackage=com.android.systemui component=ComponentInfo{com.google.android.apps.walletnfcrel/com.google.commerce.tapandpay.android.wallet.WalletActivity} user=UserHandle{0}
11-10 15:48:54.505  1884  5488 D LauncherAppsService: getActivityLaunchIntent callingPackage=com.android.systemui component=ComponentInfo{com.google.android.apps.youtube.creator/com.google.android.apps.youtube.creator.main.MainActivity} user=UserHandle{0}
11-10 15:48:54.506  1884  4373 D LauncherAppsService: getActivityLaunchIntent callingPackage=com.android.systemui component=ComponentInfo{com.google.android.play.games/com.google.android.gms.games.ui.destination.main.MainActivity} user=UserHandle{0}
11-10 15:48:54.507  1431  2167 W USF     : USF_API: Drop flicker data, cannot find sampling_id:84682!
11-10 15:48:54.507  1884  4373 D LauncherAppsService: getActivityLaunchIntent callingPackage=com.android.systemui component=ComponentInfo{com.microsoft.emmx/com.microsoft.ruby.Main} user=UserHandle{0}
11-10 15:48:54.508  1884  4373 D LauncherAppsService: getActivityLaunchIntent callingPackage=com.android.systemui component=ComponentInfo{com.microsoft.office.outlook/com.microsoft.office.outlook.MainActivity} user=UserHandle{0}
11-10 15:48:54.509  1884  5488 D LauncherAppsService: getActivityLaunchIntent callingPackage=com.android.systemui component=ComponentInfo{com.paypal.android.p2pmobile/com.paypal.android.p2pmobile.startup.activities.StartupActivity} user=UserHandle{0}
11-10 15:48:54.511  1884  4373 D LauncherAppsService: getActivityLaunchIntent callingPackage=com.android.systemui component=ComponentInfo{com.roblox.client/com.roblox.client.startup.ActivitySplash} user=UserHandle{0}
11-10 15:48:54.512  1884  4373 D LauncherAppsService: getActivityLaunchIntent callingPackage=com.android.systemui component=ComponentInfo{com.shazam.android/com.shazam.android.activities.SplashActivity} user=UserHandle{0}
11-10 15:48:54.512  1884  5488 D LauncherAppsService: getActivityLaunchIntent callingPackage=com.android.systemui component=ComponentInfo{com.shopify.arrive/com.shopify.arrive.MainActivity} user=UserHandle{0}
11-10 15:48:54.513  1884  4373 D LauncherAppsService: getActivityLaunchIntent callingPackage=com.android.systemui component=ComponentInfo{com.spotify.music/com.spotify.music.MainActivity} user=UserHandle{0}
11-10 15:48:54.515  1884  4373 D LauncherAppsService: getActivityLaunchIntent callingPackage=com.android.systemui component=ComponentInfo{com.ubercab/com.ubercab.presidio.app.core.root.RootActivity} user=UserHandle{0}
11-10 15:48:54.516  1884  5488 D LauncherAppsService: getActivityLaunchIntent callingPackage=com.android.systemui component=ComponentInfo{ee.mtakso.client/ee.mtakso.client.activity.SplashHomeActivity} user=UserHandle{0}
11-10 15:48:54.517  1431  2167 W USF     : USF_API: Drop flicker data, cannot find sampling_id:84682!
11-10 15:48:54.517  1884  5488 D LauncherAppsService: getActivityLaunchIntent callingPackage=com.android.systemui component=ComponentInfo{fr.leboncoin/fr.leboncoin.features.splashscreen.ui.activities.SplashScreenActivity} user=UserHandle{0}
11-10 15:48:54.518  1884  4373 D LauncherAppsService: getActivityLaunchIntent callingPackage=com.android.systemui component=ComponentInfo{ro.emag.android/ro.emag.android.cleancode.app.ActivityStart} user=UserHandle{0}
11-10 15:48:54.519  1884  4373 D LauncherAppsService: getActivityLaunchIntent callingPackage=com.android.systemui component=ComponentInfo{trendyol.com/com.trendyol.common.splash.impl.ui.SplashActivity} user=UserHandle{0}
11-10 15:48:54.520  1884  4373 D LauncherAppsService: getActivityLaunchIntent callingPackage=com.android.systemui component=ComponentInfo{com.android.stk/com.android.stk.StkMain} user=UserHandle{0}
11-10 15:48:54.521  1884  5488 D LauncherAppsService: getActivityLaunchIntent callingPackage=com.android.systemui component=ComponentInfo{com.google.android.apps.nbu.files/com.google.android.apps.nbu.files.home.HomeActivity} user=UserHandle{0}
11-10 15:48:54.521  1884  5488 D LauncherAppsService: getActivityLaunchIntent callingPackage=com.android.systemui component=ComponentInfo{com.google.android.apps.pixel.health/com.google.android.apps.pixel.health.thermometer.ThermometerHomeActivity} user=UserHandle{0}
11-10 15:48:54.522  1884  5488 D LauncherAppsService: getActivityLaunchIntent callingPackage=com.android.systemui component=ComponentInfo{com.google.android.apps.recorder/com.google.android.apps.recorder.ui.recordings.MainActivity} user=UserHandle{0}
11-10 15:48:54.523  1884  5488 D LauncherAppsService: getActivityLaunchIntent callingPackage=com.android.systemui component=ComponentInfo{com.google.android.apps.safetyhub/com.google.android.apps.safetyhub.LauncherActivity} user=UserHandle{0}
11-10 15:48:54.524  1884  5488 D LauncherAppsService: getActivityLaunchIntent callingPackage=com.android.systemui component=ComponentInfo{com.google.android.apps.tips/com.google.android.apps.tips.fortnite.p8} user=UserHandle{0}
11-10 15:48:54.525  1884  5488 D LauncherAppsService: getActivityLaunchIntent callingPackage=com.android.systemui component=ComponentInfo{com.google.android.apps.weather/com.google.android.apps.weather.home.HomeActivity} user=UserHandle{0}
11-10 15:48:54.526  1884  5488 D LauncherAppsService: getActivityLaunchIntent callingPackage=com.android.systemui component=ComponentInfo{com.google.android.apps.wellbeing/com.google.android.apps.wellbeing.settings.LauncherActivity} user=UserHandle{0}
11-10 15:48:54.526  1884  4373 D LauncherAppsService: getActivityLaunchIntent callingPackage=com.android.systemui component=ComponentInfo{com.google.android.googlequicksearchbox/com.google.android.googlequicksearchbox.SearchActivity} user=UserHandle{0}
11-10 15:48:54.527  1431  2167 W USF     : USF_API: Drop flicker data, cannot find sampling_id:84682!
11-10 15:48:54.528  1884  4373 D LauncherAppsService: getActivityLaunchIntent callingPackage=com.android.systemui component=ComponentInfo{at.willhaben/at.willhaben.MainActivity} user=UserHandle{0}
11-10 15:48:54.528  1884  4373 D LauncherAppsService: getActivityLaunchIntent callingPackage=com.android.systemui component=ComponentInfo{battle.iron.suit/com.unity3d.player.UnityPlayerActivity} user=UserHandle{0}
11-10 15:48:54.529  1884  5488 D LauncherAppsService: getActivityLaunchIntent callingPackage=com.android.systemui component=ComponentInfo{com.Garawell.BridgeRace/com.unity3d.player.UnityPlayerActivity} user=UserHandle{0}
11-10 15:48:54.530  1884  5488 D LauncherAppsService: getActivityLaunchIntent callingPackage=com.android.systemui component=ComponentInfo{com.JindoBlu.TwoPlayerGamesChallenge/com.unity3d.player.UnityPlayerActivity} user=UserHandle{0}
11-10 15:48:54.531  1884  5488 D LauncherAppsService: getActivityLaunchIntent callingPackage=com.android.systemui component=ComponentInfo{com.Neurononfire.SupremeDuelist/com.google.firebase.MessagingUnityPlayerActivity} user=UserHandle{0}
11-10 15:48:54.532  1884  5488 D LauncherAppsService: getActivityLaunchIntent callingPackage=com.android.systemui component=ComponentInfo{com.alibaba.aliexpresshd/com.aliexpress.app.FirstActivity} user=UserHandle{0}
11-10 15:48:54.533  1884  5488 D LauncherAppsService: getActivityLaunchIntent callingPackage=com.android.systemui component=ComponentInfo{com.alibaba.intl.android.apps.poseidon/com.alibaba.intl.android.apps.poseidon.app.activity.ActivityMainMaterial} user=UserHandle{0}
11-10 15:48:54.536  1884  4373 D LauncherAppsService: getActivityLaunchIntent callingPackage=com.android.systemui component=ComponentInfo{com.anydesk.anydeskandroid/com.anydesk.anydeskandroid.gui.activity.HubActivity} user=UserHandle{0}
11-10 15:48:54.536  1431  2167 W USF     : USF_API: Drop flicker data, cannot find sampling_id:84682!
11-10 15:48:54.537  1884  5488 D LauncherAppsService: getActivityLaunchIntent callingPackage=com.android.systemui component=ComponentInfo{com.aspiro.tidal/com.aspiro.wamp.LoginFragmentActivity} user=UserHandle{0}
11-10 15:48:54.538  1884  5488 D LauncherAppsService: getActivityLaunchIntent callingPackage=com.android.systemui component=ComponentInfo{com.azure.authenticator/com.azure.authenticator.ui.LaunchActivity} user=UserHandle{0}
11-10 15:48:54.539  1884  5488 D LauncherAppsService: getActivityLaunchIntent callingPackage=com.android.systemui component=ComponentInfo{com.bandcamp.android/com.bandcamp.android.view.SplashActivity} user=UserHandle{0}
11-10 15:48:54.540  1884  5488 D LauncherAppsService: getActivityLaunchIntent callingPackage=com.android.systemui component=ComponentInfo{com.booking/com.booking.startup.HomeActivity} user=UserHandle{0}
11-10 15:48:54.541  1884  4373 D LauncherAppsService: getActivityLaunchIntent callingPackage=com.android.systemui component=ComponentInfo{com.brightstripe.parcels/com.brightstripe.parcels.MainActivity} user=UserHandle{0}
11-10 15:48:54.542  1884  4373 D LauncherAppsService: getActivityLaunchIntent callingPackage=com.android.systemui component=ComponentInfo{com.cargus.cma/com.cargus.cma.MainActivity} user=UserHandle{0}
11-10 15:48:54.543  1884  4373 D LauncherAppsService: getActivityLaunchIntent callingPackage=com.android.systemui component=ComponentInfo{com.catalogViva/com.catalogViva.MainActivity} user=UserHandle{0}
11-10 15:48:54.544  1884  5488 D LauncherAppsService: getActivityLaunchIntent callingPackage=com.android.systemui component=ComponentInfo{com.davidgiga1993.mixingstationpro/org.devcore.mixingstation.android.lib.AndroidLauncher} user=UserHandle{0}
11-10 15:48:54.545  1884  4373 D LauncherAppsService: getActivityLaunchIntent callingPackage=com.android.systemui component=ComponentInfo{com.digitaldreamlabs.retrodrive/com.digitaldreamlabs.retrodrive.OverDriveActivity} user=UserHandle{0}
11-10 15:48:54.545  1884  5488 D LauncherAppsService: getActivityLaunchIntent callingPackage=com.android.systemui component=ComponentInfo{com.discord/com.discord.main.MainDefault} user=UserHandle{0}
11-10 15:48:54.546  1431  2167 W USF     : USF_API: Drop flicker data, cannot find sampling_id:84682!
11-10 15:48:54.546  1884  5488 D LauncherAppsService: getActivityLaunchIntent callingPackage=com.android.systemui component=ComponentInfo{com.disney.disneyplus/com.bamtechmedia.dominguez.main.MainActivity} user=UserHandle{0}
11-10 15:48:54.547  1884  5488 D LauncherAppsService: getActivityLaunchIntent callingPackage=com.android.systemui component=ComponentInfo{com.duosecurity.duomobile/com.duosecurity.duomobile.account_list.AccountListActivity} user=UserHandle{0}
11-10 15:48:54.548  1884  5488 D LauncherAppsService: getActivityLaunchIntent callingPackage=com.android.systemui component=ComponentInfo{com.ebay.kleinanzeigen/ebk.ui.splash.SplashActivity} user=UserHandle{0}
11-10 15:48:54.549  1884  5488 D LauncherAppsService: getActivityLaunchIntent callingPackage=com.android.systemui component=ComponentInfo{com.ebay.mobile/com.ebay.mobile.home.impl.main.MainActivity} user=UserHandle{0}
11-10 15:48:54.550  1884  5488 D LauncherAppsService: getActivityLaunchIntent callingPackage=com.android.systemui component=ComponentInfo{com.einnovation.temu/com.baogong.splash.activity.MainFrameActivity} user=UserHandle{0}
11-10 15:48:54.551  1884  5488 D LauncherAppsService: getActivityLaunchIntent callingPackage=com.android.systemui component=ComponentInfo{com.example.mobiledigger/com.example.mobiledigger.MainActivity} user=UserHandle{0}
11-10 15:48:54.554  1884  4373 D LauncherAppsService: getActivityLaunchIntent callingPackage=com.android.systemui component=ComponentInfo{com.facebook.katana/com.facebook.katana.LoginActivity} user=UserHandle{0}
11-10 15:48:54.555  1884  4373 D LauncherAppsService: getActivityLaunchIntent callingPackage=com.android.systemui component=ComponentInfo{com.facebook.orca/com.facebook.orca.auth.StartScreenActivity} user=UserHandle{0}
11-10 15:48:54.556  1431  2167 W USF     : USF_API: Drop flicker data, cannot find sampling_id:84682!
11-10 15:48:54.558  1884  4373 D LauncherAppsService: getActivityLaunchIntent callingPackage=com.android.systemui component=ComponentInfo{com.fun.mxw/io.dcloud.PandoraEntry} user=UserHandle{0}
11-10 15:48:54.562  1884  4373 D LauncherAppsService: getActivityLaunchIntent callingPackage=com.android.systemui component=ComponentInfo{com.games.webmaster/com.unity3d.player.UnityPlayerActivity} user=UserHandle{0}
11-10 15:48:54.564  1884  5488 D LauncherAppsService: getActivityLaunchIntent callingPackage=com.android.systemui component=ComponentInfo{com.games.whodiesfirst/com.unity3d.player.UnityPlayerActivity} user=UserHandle{0}
11-10 15:48:54.566  1884  4373 D LauncherAppsService: getActivityLaunchIntent callingPackage=com.android.systemui component=ComponentInfo{com.ghisler.android.TotalCommander/com.ghisler.android.TotalCommander.TotalCommander} user=UserHandle{0}
11-10 15:48:54.566  1431  2167 W USF     : USF_API: Drop flicker data, cannot find sampling_id:84682!
11-10 15:48:54.568  1884  5488 D LauncherAppsService: getActivityLaunchIntent callingPackage=com.android.systemui component=ComponentInfo{com.globalfun.ben10ae.google/com.globalfun.FullActivity} user=UserHandle{0}
11-10 15:48:54.570  1884  4373 D LauncherAppsService: getActivityLaunchIntent callingPackage=com.android.systemui component=ComponentInfo{com.google.android.apps.authenticator2/com.google.android.apps.authenticator2.main.MainActivity} user=UserHandle{0}
11-10 15:48:54.572  1884  4373 D LauncherAppsService: getActivityLaunchIntent callingPackage=com.android.systemui component=ComponentInfo{com.google.android.apps.bard/com.google.android.apps.bard.shellapp.BardEntryPointActivity} user=UserHandle{0}
11-10 15:48:54.574  1884  5488 D LauncherAppsService: getActivityLaunchIntent callingPackage=com.android.systemui component=ComponentInfo{com.google.android.apps.chromecast.app/com.google.android.apps.chromecast.app.DiscoveryActivity} user=UserHandle{0}
11-10 15:48:54.576  1884  5488 D LauncherAppsService: getActivityLaunchIntent callingPackage=com.android.systemui component=ComponentInfo{com.google.android.apps.fitness/com.google.android.apps.fitness.welcome.WelcomeActivity} user=UserHandle{0}
11-10 15:48:54.576  1431  2167 W USF     : USF_API: Drop flicker data, cannot find sampling_id:84682!
11-10 15:48:54.579  1884  4373 D LauncherAppsService: getActivityLaunchIntent callingPackage=com.android.systemui component=ComponentInfo{com.google.android.apps.searchlite/com.google.android.apps.searchlite.ui.SearchActivity} user=UserHandle{0}
11-10 15:48:54.580  1884  4373 D LauncherAppsService: getActivityLaunchIntent callingPackage=com.android.systemui component=ComponentInfo{com.google.android.apps.subscriptions.red/com.google.android.apps.subscriptions.red.LauncherActivity} user=UserHandle{0}
11-10 15:48:54.581  1884  4373 D LauncherAppsService: getActivityLaunchIntent callingPackage=com.android.systemui component=ComponentInfo{com.google.android.apps.translate/com.google.android.apps.translate.TranslateActivity} user=UserHandle{0}
11-10 15:48:54.584  1884  5488 D LauncherAppsService: getActivityLaunchIntent callingPackage=com.android.systemui component=ComponentInfo{com.google.android.keep/com.google.android.keep.activities.BrowseActivity} user=UserHandle{0}
11-10 15:48:54.585  1884  5488 D LauncherAppsService: getActivityLaunchIntent callingPackage=com.android.systemui component=ComponentInfo{com.gtsy.capturing.heroes/com.unity3d.player.UnityPlayerActivity} user=UserHandle{0}
11-10 15:48:54.586  1431  2167 W USF     : USF_API: Drop flicker data, cannot find sampling_id:84682!
11-10 15:48:54.587  1884  5488 D LauncherAppsService: getActivityLaunchIntent callingPackage=com.android.systemui component=ComponentInfo{com.hb.spider.games.fighting.hero/com.unity3d.player.UnityPlayerActivity} user=UserHandle{0}
11-10 15:48:54.588  1884  4373 D LauncherAppsService: getActivityLaunchIntent callingPackage=com.android.systemui component=ComponentInfo{com.htt.alpha.shooter.fps/com.unity3d.player.UnityPlayerActivity} user=UserHandle{0}
11-10 15:48:54.589  1884  4373 D LauncherAppsService: getActivityLaunchIntent callingPackage=com.android.systemui component=ComponentInfo{com.inotesapp.inotes/com.inotesapp.inotes.MainActivity} user=UserHandle{0}
11-10 15:48:54.590  1884  4373 D LauncherAppsService: getActivityLaunchIntent callingPackage=com.android.systemui component=ComponentInfo{com.instagram.android/com.instagram.android.activity.MainTabActivity} user=UserHandle{0}
11-10 15:48:54.591  1884  4373 D LauncherAppsService: getActivityLaunchIntent callingPackage=com.android.systemui component=ComponentInfo{com.kendamanomics.app/com.kendamanomics.app.MainActivity} user=UserHandle{0}
11-10 15:48:54.592  1884  4373 D LauncherAppsService: getActivityLaunchIntent callingPackage=com.android.systemui component=ComponentInfo{com.libratone/com.libratone.v3.activities.HomeActivity} user=UserHandle{0}
11-10 15:48:54.593  1884  5488 D LauncherAppsService: getActivityLaunchIntent callingPackage=com.android.systemui component=ComponentInfo{com.linkedin.android/com.linkedin.android.authenticator.LaunchActivityDefault} user=UserHandle{0}
11-10 15:48:54.594  1884  5488 D LauncherAppsService: getActivityLaunchIntent callingPackage=com.android.systemui component=ComponentInfo{com.mcdonalds.mobileapp/com.mcdonalds.mobileapp.SplashActivity} user=UserHandle{0}
11-10 15:48:54.596  1884  4373 D LauncherAppsService: getActivityLaunchIntent callingPackage=com.android.systemui component=ComponentInfo{com.microsoft.appmanager/com.microsoft.appmanager.StartUpCoreActivity} user=UserHandle{0}
11-10 15:48:54.597  1431  2167 W USF     : USF_API: Drop flicker data, cannot find sampling_id:84682!
11-10 15:48:54.597  1884  4373 D LauncherAppsService: getActivityLaunchIntent callingPackage=com.android.systemui component=ComponentInfo{com.microsoft.office.excel/com.microsoft.office.apphost.LaunchActivity} user=UserHandle{0}
11-10 15:48:54.598  1884  4373 D LauncherAppsService: getActivityLaunchIntent callingPackage=com.android.systemui component=ComponentInfo{com.microsoft.office.onenote/com.microsoft.office.onenote.ui.ONMSplashActivity} user=UserHandle{0}
11-10 15:48:54.599  1884  5488 D LauncherAppsService: getActivityLaunchIntent callingPackage=com.android.systemui component=ComponentInfo{com.microsoft.office.word/com.microsoft.office.apphost.LaunchActivity} user=UserHandle{0}
11-10 15:48:54.600  1884  5488 D LauncherAppsService: getActivityLaunchIntent callingPackage=com.android.systemui component=ComponentInfo{com.microsoft.rdc.androidx/com.microsoft.windowsapp.ui.HomeActivity} user=UserHandle{0}
11-10 15:48:54.603  1884  5488 D LauncherAppsService: getActivityLaunchIntent callingPackage=com.android.systemui component=ComponentInfo{com.microsoft.teams/com.microsoft.skype.teams.Launcher} user=UserHandle{0}
11-10 15:48:54.604  1884  4373 D LauncherAppsService: getActivityLaunchIntent callingPackage=com.android.systemui component=ComponentInfo{com.microsoft.windowsintune.companyportal/com.microsoft.windowsintune.companyportal.views.SplashActivity} user=UserHandle{0}
11-10 15:48:54.604  1428  2117 D BTAudioSessionAidl: GetSupportedLatencyModes - Supported LatencyMode= FREE
11-10 15:48:54.605  1884  4373 D LauncherAppsService: getActivityLaunchIntent callingPackage=com.android.systemui component=ComponentInfo{com.mojang.minecraftpe/com.mojang.minecraftpe.MainActivity} user=UserHandle{0}
11-10 15:48:54.606  1884  5488 D LauncherAppsService: getActivityLaunchIntent callingPackage=com.android.systemui component=ComponentInfo{com.movile.playkids.pkxd/com.movile.playkids.pkxd.base.UnityPlayerActivity} user=UserHandle{0}
11-10 15:48:54.606  1431  2167 W USF     : USF_API: Drop flicker data, cannot find sampling_id:84682!
11-10 15:48:54.607  1884  4373 D LauncherAppsService: getActivityLaunchIntent callingPackage=com.android.systemui component=ComponentInfo{com.musicpay.app/com.musicpay.app.MainActivity} user=UserHandle{0}
11-10 15:48:54.608  1884  4373 D LauncherAppsService: getActivityLaunchIntent callingPackage=com.android.systemui component=ComponentInfo{com.netflix.mediaclient/com.netflix.mediaclient.ui.launch.UIWebViewActivity} user=UserHandle{0}
11-10 15:48:54.609  1884  4373 D LauncherAppsService: getActivityLaunchIntent callingPackage=com.android.systemui component=ComponentInfo{com.nexar.spider.web.shooting.puzzles/com.unity3d.player.UnityPlayerActivity} user=UserHandle{0}
11-10 15:48:54.610  1884  5488 D LauncherAppsService: getActivityLaunchIntent callingPackage=com.android.systemui component=ComponentInfo{com.okta.android.auth/com.okta.android.auth.activity.SplashActivity} user=UserHandle{0}
11-10 15:48:54.611  1884  4373 D LauncherAppsService: getActivityLaunchIntent callingPackage=com.android.systemui component=ComponentInfo{com.onebutton.mrsuper2/com.onebutton.cpp.AppActivity} user=UserHandle{0}
11-10 15:48:54.613  1884  4373 D LauncherAppsService: getActivityLaunchIntent callingPackage=com.android.systemui component=ComponentInfo{com.onepassword.android/com.onepassword.android.app.StartActivity} user=UserHandle{0}
11-10 15:48:54.614  1884  5488 D LauncherAppsService: getActivityLaunchIntent callingPackage=com.android.systemui component=ComponentInfo{com.openai.chatgpt/com.openai.chatgpt.MainActivity} user=UserHandle{0}
11-10 15:48:54.615  1884  5488 D LauncherAppsService: getActivityLaunchIntent callingPackage=com.android.systemui component=ComponentInfo{com.orange.contultauorange/com.orange.contultauorange.presentation.entry.EntryActivity} user=UserHandle{0}
11-10 15:48:54.616  1884  4373 D LauncherAppsService: getActivityLaunchIntent callingPackage=com.android.systemui component=ComponentInfo{com.paurau.SlowMoRun/com.unity3d.player.UnityPlayerActivity} user=UserHandle{0}
11-10 15:48:54.616  1431  2167 W USF     : USF_API: Drop flicker data, cannot find sampling_id:84682!
11-10 15:48:54.617  1884  5488 D LauncherAppsService: getActivityLaunchIntent callingPackage=com.android.systemui component=ComponentInfo{com.rarlab.rar/com.rarlab.rar.MainActivity} user=UserHandle{0}
11-10 15:48:54.617  1884  5488 D LauncherAppsService: getActivityLaunchIntent callingPackage=com.android.systemui component=ComponentInfo{com.reddit.frontpage/launcher.default} user=UserHandle{0}
11-10 15:48:54.618  1884  4373 D LauncherAppsService: getActivityLaunchIntent callingPackage=com.android.systemui component=ComponentInfo{com.redhands.twoplayergames/com.unity3d.player.UnityPlayerActivity} user=UserHandle{0}
11-10 15:48:54.619  1884  5488 D LauncherAppsService: getActivityLaunchIntent callingPackage=com.android.systemui component=ComponentInfo{com.revolut.revolut/com.revolut.ui.login.pin.LoginActivity} user=UserHandle{0}
11-10 15:48:54.620  1884  5488 D LauncherAppsService: getActivityLaunchIntent callingPackage=com.android.systemui component=ComponentInfo{com.rlg.future.robot.transform.car.racing/com.unity3d.player.UnityPlayerActivity} user=UserHandle{0}
11-10 15:48:54.621  1884  5488 D LauncherAppsService: getActivityLaunchIntent callingPackage=com.android.systemui component=ComponentInfo{com.sameday.client.mobile/com.sameday.client.mobile.MainActivity} user=UserHandle{0}
11-10 15:48:54.622  1884  4373 D LauncherAppsService: getActivityLaunchIntent callingPackage=com.android.systemui component=ComponentInfo{com.smmservice.authenticator/com.smmservice.authenticator.presentation.ui.activity.MainActivity} user=UserHandle{0}
11-10 15:48:54.623  1884  3682 D LauncherAppsService: getActivityLaunchIntent callingPackage=com.android.systemui component=ComponentInfo{com.soundcloud.android/com.soundcloud.android.launcher.LauncherActivity} user=UserHandle{0}
11-10 15:48:54.624  1884  3682 D LauncherAppsService: getActivityLaunchIntent callingPackage=com.android.systemui component=ComponentInfo{com.splendapps.decibel/com.splendapps.decibel.MainActivity} user=UserHandle{0}
