11-10 14:59:42.179  1428  2117 D BTAudioSessionAidl: GetSupportedLatencyModes - Supported LatencyMode= FREE
11-10 14:59:42.185  1431  2167 W USF     : USF_API: Drop flicker data, cannot find sampling_id:84682!
11-10 14:59:42.192 23969 24908 W Binder  : Caught a RuntimeException from the binder stub implementation.
11-10 14:59:42.192 23969 24908 W Binder  : java.lang.UnsupportedOperationException
11-10 14:59:42.192 23969 24908 W Binder  : 	at uht.a(PG:3)
11-10 14:59:42.192 23969 24908 W Binder  : 	at uht.r(PG:34)
11-10 14:59:42.192 23969 24908 W Binder  : 	at kog.onTransact(PG:21)
11-10 14:59:42.192 23969 24908 W Binder  : 	at android.os.Binder.execTransactInternal(Binder.java:1446)
11-10 14:59:42.192 23969 24908 W Binder  : 	at android.os.Binder.execTransact(Binder.java:1385)
11-10 14:59:42.196  1431  2167 W USF     : USF_API: Drop flicker data, cannot find sampling_id:84682!
11-10 14:59:42.205  1431  2167 W USF     : USF_API: Drop flicker data, cannot find sampling_id:84682!
11-10 14:59:42.208  1432  1491 D CHRE.HAL: Received a nanoapp message from 0x476f6f676c001019 endpoint 0x2: Type 0x1f4 size 12 
11-10 14:59:42.215  1431  2167 W USF     : USF_API: Drop flicker data, cannot find sampling_id:84682!
11-10 14:59:42.225  1431  2167 W USF     : USF_API: Drop flicker data, cannot find sampling_id:84682!
11-10 14:59:42.225  1432  1491 D CHRE.HAL: Received a nanoapp message from 0x476f6f676c001019 endpoint 0x2: Type 0x1f4 size 12 
11-10 14:59:42.229  1431  2167 W USF     : USF_API: Drop sample report, cannot find sampling_id:84682
11-10 14:59:42.235  1431  2167 W USF     : USF_API: Drop flicker data, cannot find sampling_id:84682!
11-10 14:59:42.236 23969 23969 W autf    : Already started: autf@be1da5
11-10 14:59:42.245  1431  2167 W USF     : USF_API: Drop flicker data, cannot find sampling_id:84682!
11-10 14:59:42.246  7174  7210 I Finsky  : [1038] [ContentSync] finished, scheduled=true
11-10 14:59:42.250  7174  7215 I Finsky  : [1043] SCH: Scheduling phonesky job Id: 12-1, CT: 1762779580971, Constraints: [{ L: 15000, D: 86400000, C: CHARGING_NONE, I: IDLE_NONE, N: NET_ANY, B: BATTERY_ANY }]
11-10 14:59:42.255  1431  2167 W USF     : USF_API: Drop flicker data, cannot find sampling_id:84682!
11-10 14:59:42.265  1431  2167 W USF     : USF_API: Drop flicker data, cannot find sampling_id:84682!
11-10 14:59:42.275  1431  2167 W USF     : USF_API: Drop flicker data, cannot find sampling_id:84682!
11-10 14:59:42.285  1431  2167 W USF     : USF_API: Drop flicker data, cannot find sampling_id:84682!
11-10 14:59:42.295  1431  2167 W USF     : USF_API: Drop flicker data, cannot find sampling_id:84682!
11-10 14:59:42.305  1431  2167 W USF     : USF_API: Drop flicker data, cannot find sampling_id:84682!
11-10 14:59:42.315  1431  2167 W USF     : USF_API: Drop flicker data, cannot find sampling_id:84682!
11-10 14:59:42.324  1431  2167 W USF     : USF_API: Drop flicker data, cannot find sampling_id:84682!
11-10 14:59:42.334  1431  2167 W USF     : USF_API: Drop flicker data, cannot find sampling_id:84682!
11-10 14:59:42.344  1431  2167 W USF     : USF_API: Drop flicker data, cannot find sampling_id:84682!
11-10 14:59:42.343  7174  7211 I Finsky  : [1039] SCH: Scheduling 1 system job(s)
11-10 14:59:42.351  7174  7211 I Finsky  : [1039] SCH: Scheduling system job Id: 9700, L: 13624, D: 66378563, C: false, I: false, N: 1
11-10 14:59:42.354  1431  2167 W USF     : USF_API: Drop flicker data, cannot find sampling_id:84682!
11-10 14:59:42.364  1431  2167 W USF     : USF_API: Drop flicker data, cannot find sampling_id:84682!
11-10 14:59:42.374  1431  2167 W USF     : USF_API: Drop flicker data, cannot find sampling_id:84682!
11-10 14:59:42.380  1428  2117 D BTAudioSessionAidl: GetSupportedLatencyModes - Supported LatencyMode= FREE
11-10 14:59:42.384  1431  2167 W USF     : USF_API: Drop flicker data, cannot find sampling_id:84682!
11-10 14:59:42.389 23969 22238 W aqsf    : Job(ItemListsService:stopItemList#0.620) Attempting to unregister unknown list: itemlist-ViewType(45)-12
11-10 14:59:42.393  1431  2167 W USF     : USF_API: Drop flicker data, cannot find sampling_id:84682!
11-10 14:59:42.403  1431  2167 W USF     : USF_API: Drop flicker data, cannot find sampling_id:84682!
11-10 14:59:42.413  1431  2167 W USF     : USF_API: Drop flicker data, cannot find sampling_id:84682!
11-10 14:59:42.423  1431  2167 W USF     : USF_API: Drop flicker data, cannot find sampling_id:84682!
11-10 14:59:42.433  1431  2167 W USF     : USF_API: Drop flicker data, cannot find sampling_id:84682!
11-10 14:59:42.443  1431  2167 W USF     : USF_API: Drop flicker data, cannot find sampling_id:84682!
11-10 14:59:42.453  1431  2167 W USF     : USF_API: Drop flicker data, cannot find sampling_id:84682!
11-10 14:59:42.462  1431  2167 W USF     : USF_API: Drop flicker data, cannot find sampling_id:84682!
11-10 14:59:42.466  7174  7208 I Finsky  : [1036] [ContentSync] finished, scheduled=true
11-10 14:59:42.472  1431  2167 W USF     : USF_API: Drop flicker data, cannot find sampling_id:84682!
11-10 14:59:42.481 23969 24908 W Binder  : Caught a RuntimeException from the binder stub implementation.
11-10 14:59:42.481 23969 24908 W Binder  : java.lang.UnsupportedOperationException
11-10 14:59:42.481 23969 24908 W Binder  : 	at uht.a(PG:3)
11-10 14:59:42.481 23969 24908 W Binder  : 	at uht.r(PG:34)
11-10 14:59:42.481 23969 24908 W Binder  : 	at kog.onTransact(PG:21)
11-10 14:59:42.481 23969 24908 W Binder  : 	at android.os.Binder.execTransactInternal(Binder.java:1446)
11-10 14:59:42.481 23969 24908 W Binder  : 	at android.os.Binder.execTransact(Binder.java:1385)
11-10 14:59:42.482  1431  2167 W USF     : USF_API: Drop flicker data, cannot find sampling_id:84682!
11-10 14:59:42.492  1431  2167 W USF     : USF_API: Drop flicker data, cannot find sampling_id:84682!
11-10 14:59:42.502  1431  2167 W USF     : USF_API: Drop flicker data, cannot find sampling_id:84682!
11-10 14:59:42.512  1431  2167 W USF     : USF_API: Drop flicker data, cannot find sampling_id:84682!
11-10 14:59:42.520 23969 23969 W kgs     : [Gmail] MailSyncAdapterService: MailSyncAdapterService is destroyed! [CONTEXT android_log_tag="MailSyncAdapterService" ]
11-10 14:59:42.521 23969 24908 W Binder  : Caught a RuntimeException from the binder stub implementation.
11-10 14:59:42.521 23969 24908 W Binder  : java.lang.UnsupportedOperationException
11-10 14:59:42.521 23969 24908 W Binder  : 	at uht.a(PG:3)
11-10 14:59:42.521 23969 24908 W Binder  : 	at uht.r(PG:34)
11-10 14:59:42.521 23969 24908 W Binder  : 	at kog.onTransact(PG:21)
11-10 14:59:42.521 23969 24908 W Binder  : 	at android.os.Binder.execTransactInternal(Binder.java:1446)
11-10 14:59:42.521 23969 24908 W Binder  : 	at android.os.Binder.execTransact(Binder.java:1385)
11-10 14:59:42.522  1431  2167 W USF     : USF_API: Drop flicker data, cannot find sampling_id:84682!
11-10 14:59:42.532  1431  2167 W USF     : USF_API: Drop flicker data, cannot find sampling_id:84682!
11-10 14:59:42.536  1884  1884 W JobScheduler: Job didn't exist in JobStore: 2e99276 {SyncManager} #1000/598 @SyncManager@gmail-ls/com.google:android
11-10 14:59:42.542  1431  2167 W USF     : USF_API: Drop flicker data, cannot find sampling_id:84682!
11-10 14:59:42.551  1431  2167 W USF     : USF_API: Drop flicker data, cannot find sampling_id:84682!
11-10 14:59:42.561  1431  2167 W USF     : USF_API: Drop flicker data, cannot find sampling_id:84682!
11-10 14:59:42.572  1431  2167 W USF     : USF_API: Drop flicker data, cannot find sampling_id:84682!
11-10 14:59:42.574 10605 10696 W ahip    : (REDACTED) Slow context fetch for key %s took %s
11-10 14:59:42.575 10605 10689 I dluy    : (REDACTED) GetContext(%s, %s): Fetch from the %s surface finished with status: %s
11-10 14:59:42.576 10605 10689 I duyn    : (REDACTED) ContextResult succeeded for ContextKey: %s. %s
11-10 14:59:42.578 10605 10690 I duyn    : (REDACTED) ContextResult succeeded for ContextKey: %s. %s
11-10 14:59:42.580  1428  2117 D BTAudioSessionAidl: GetSupportedLatencyModes - Supported LatencyMode= FREE
11-10 14:59:42.581 10605 10689 I duyz    : (REDACTED) Updating context input '%s' with dynamic class '%s' containing %s entities. %s
11-10 14:59:42.581  1431  2167 W USF     : USF_API: Drop flicker data, cannot find sampling_id:84682!
11-10 14:59:42.582 10605 10690 I duyz    : (REDACTED) Updating context input '%s' with dynamic class '%s' containing %s entities. %s
11-10 14:59:42.588 10605 10689 I duyz    : (REDACTED) Clearing context input '%s'. %s
11-10 14:59:42.590 10605 10690 I duyz    : (REDACTED) Clearing context input '%s'. %s
11-10 14:59:42.591  1431  2167 W USF     : USF_API: Drop flicker data, cannot find sampling_id:84682!
11-10 14:59:42.592 10605 10689 I duyt    : (REDACTED) Sending speech biasing context update to SODA with locale %s. %s
11-10 14:59:42.593 10605 10699 I efed    : (REDACTED) #getSodaAsrUpdateRequest inserting app domain: %s
11-10 14:59:42.594 10605 10690 I duyt    : (REDACTED) Sending speech biasing context update to SODA with locale %s. %s
11-10 14:59:42.595 10605 10696 I efed    : (REDACTED) #getSodaAsrUpdateRequest inserting app domain: %s
11-10 14:59:42.596 10605 10640 I efwe    : #updateAndGetSnapshot
11-10 14:59:42.598 10605 10692 I efwe    : (REDACTED) Listening for responses for locale %s
11-10 14:59:42.601  1431  2167 W USF     : USF_API: Drop flicker data, cannot find sampling_id:84682!
11-10 14:59:42.608  1884  2730 D BackgroundInstallControlService: Package event received: 0
11-10 14:59:42.611 10605 10696 I efwe    : (REDACTED) >>> [%s] Emitting request locale: %s, secondaryLocales: %s, resources: %s, requestClient: %s
11-10 14:59:42.612  1431  2167 W USF     : USF_API: Drop flicker data, cannot find sampling_id:84682!
11-10 14:59:42.612 13160 13200 I efyz    : SRM: AccountScoped session starting on service-side.
11-10 14:59:42.612 13160 13200 I efwr    : (REDACTED) <<< [%s] Received request for primary locale %s. Secondary locales: '%s'
11-10 14:59:42.612 13160 13200 I efwr    : (REDACTED) <<< [%s] Requested resources IDs: %s. Note that this is a noop because we currently return all resource for each request.
11-10 14:59:42.613 13160 13199 I efvp    : (REDACTED) [%s] #getImmediateResourceStates with locale %s. Secondary locales: %s
11-10 14:59:42.613 13160 13199 I efvp    : (REDACTED) [%s] SRM initial state enabled (for hotword).
11-10 14:59:42.614 13160 13185 I efvp    : (REDACTED) [%s] #getAndUpdateSodaResourceCollection
11-10 14:59:42.614 13160 13200 I DefaultLPManager: #getAvailablePackages
11-10 14:59:42.614 10605 10692 I efwe    : (REDACTED) <<< [%s] Reading SodaResourceManager message with initial resourceIds: '%s.'
11-10 14:59:42.614 13160 13200 I eico    : #getDownloadableLanguagePacks
11-10 14:59:42.618 13160 13185 I DefaultLPManager: #getRequestedPackages
11-10 14:59:42.618 13160 13185 I ZipLPPopulator: #addNewFileGroups
11-10 14:59:42.618 13160 13185 I eico    : #getDownloadableLanguagePacks
11-10 14:59:42.618 13160 13200 I eidh    : (REDACTED) Loaded languagepack (LP) flag value from latest config %s: %s
11-10 14:59:42.618 13160 13200 W SystemLPSourceImpl: #getAvailablePackages: Note there is not reason to call this method, as getInstalledPackages() returns the same LanguagePacks for this impl.
11-10 14:59:42.618 13160 13200 W LegacyLPSourceImpl: #getAvailablePackages: Note there is no reason to call this method, as getInstalledPackages() returns the same LanguagePacks for this impl.
11-10 14:59:42.618 13160 13200 I DefaultLPManager: #getAvailablePackages
11-10 14:59:42.618 13160 13185 I eidh    : (REDACTED) Loaded languagepack (LP) flag value from latest config %s: %s
11-10 14:59:42.619 13160 13185 W SystemLPSourceImpl: #getRequestedPackages: There is not reason to call this method, as the result is always empty.
11-10 14:59:42.619 13160 13185 W LegacyLPSourceImpl: #getRequestedPackages: There is no reason to call this method, as the result is always empty.
11-10 14:59:42.619 13160 13185 I efvp    : Skipping stopword download due to disablement by flag.
11-10 14:59:42.619 13160 13185 I ehyh    : (REDACTED) MDD.getFileGroup(%s)
11-10 14:59:42.619 13160 13197 I efst    : (REDACTED) [%s] #updateResource begin
11-10 14:59:42.619 13160 13197 I efst    : (REDACTED) [%s] #updateResource end
11-10 14:59:42.619 13160 13184 I SystemLPSourceImpl: (REDACTED) Parsed system partition LanguagePack metadata file: %s
11-10 14:59:42.620 13160 13186 I efvp    : (REDACTED) [%s] #getInstalledLanguagePacks
11-10 14:59:42.620 13160 13176 I cqyt    : Getting hotwordModelConfig
11-10 14:59:42.620 10605 10690 I efwe    : (REDACTED) <<< [%s] Reading SodaResourceManager message with updated resourceIds: %s. Total set: %s
11-10 14:59:42.620 13160 13182 I cqyt    : Getting hotwordModelConfig
11-10 14:59:42.620 13160 13176 I cqyt    : MDD.refreshFileGroups(hotwordFileGroupPopulator)
11-10 14:59:42.620 13160 13200 I eico    : #getDownloadableLanguagePacks
11-10 14:59:42.620 13160 13176 I cqyf    : (REDACTED) MDD.addFileGroup(%s)
11-10 14:59:42.621 13160 13183 I cqyt    : MDD.refreshFileGroups(hotwordFileGroupPopulator)
11-10 14:59:42.621 13160 13183 I cqyf    : (REDACTED) MDD.addFileGroup(%s)
11-10 14:59:42.621  1431  2167 W USF     : USF_API: Drop flicker data, cannot find sampling_id:84682!
11-10 14:59:42.622 13160 13200 I eidh    : (REDACTED) Loaded languagepack (LP) flag value from latest config %s: %s
11-10 14:59:42.623 13160 13200 W SystemLPSourceImpl: #getAvailablePackages: Note there is not reason to call this method, as getInstalledPackages() returns the same LanguagePacks for this impl.
11-10 14:59:42.623 13160 13200 W LegacyLPSourceImpl: #getAvailablePackages: Note there is no reason to call this method, as getInstalledPackages() returns the same LanguagePacks for this impl.
11-10 14:59:42.623 13160 13201 E eiay    : (REDACTED) Unrecognized recognizer for [%s, %d]: %d. Ignoring it and its associated features.
11-10 14:59:42.623 13160 13200 I DefaultLPManager: #getInstalledPackages
11-10 14:59:42.623 13160 13200 I eico    : #getInstalledPackages from MDD
11-10 14:59:42.623 13160 13200 I eico    : #GetLanguagePackList
11-10 14:59:42.623 13160 13200 I eico    : MDD.getFileGroupsByFilter(langpack-domain_xx-XX_ver_zipfile)
11-10 14:59:42.623 13160 13199 E eiay    : (REDACTED) Unrecognized recognizer for [%s, %d]: %d. Ignoring it and its associated features.
11-10 14:59:42.624 13160 13176 I SystemLPSourceImpl: (REDACTED) Parsed system partition LanguagePack metadata file: %s
11-10 14:59:42.624 13160 13176 I SystemLPSourceImpl: (REDACTED) Parsed system partition LanguagePack metadata file: %s
11-10 14:59:42.624 13160 13185 E eiay    : (REDACTED) Unrecognized recognizer for [%s, %d]: %d. Ignoring it and its associated features.
11-10 14:59:42.625 13160 13199 E eiay    : (REDACTED) Unrecognized recognizer for [%s, %d]: %d. Ignoring it and its associated features.
11-10 14:59:42.625 13160 13201 E eiay    : (REDACTED) Unrecognized recognizer for [%s, %d]: %d. Ignoring it and its associated features.
11-10 14:59:42.625 13160 13199 E eiay    : (REDACTED) Unrecognized recognizer for [%s, %d]: %d. Ignoring it and its associated features.
11-10 14:59:42.625 13160 13201 E eiay    : (REDACTED) Unrecognized recognizer for [%s, %d]: %d. Ignoring it and its associated features.
11-10 14:59:42.625 13160 13201 E eiay    : (REDACTED) Unrecognized recognizer for [%s, %d]: %d. Ignoring it and its associated features.
11-10 14:59:42.625 13160 13199 E eiay    : (REDACTED) Unrecognized recognizer for [%s, %d]: %d. Ignoring it and its associated features.
11-10 14:59:42.625 13160 13201 E eiay    : (REDACTED) Unrecognized recognizer for [%s, %d]: %d. Ignoring it and its associated features.
11-10 14:59:42.625 13160 13199 E eiay    : (REDACTED) Unrecognized recognizer for [%s, %d]: %d. Ignoring it and its associated features.
11-10 14:59:42.626 13160 13201 I LPRequestState: (REDACTED) [%s] #resolveDesiredLanguagePacks
11-10 14:59:42.626 13160 13201 I LPRequestState: (REDACTED) Assigning language pack %s for request %s
11-10 14:59:42.626 13160 13185 E eiay    : (REDACTED) Unrecognized recognizer for [%s, %d]: %d. Ignoring it and its associated features.
11-10 14:59:42.627 13160 13185 E eiay    : (REDACTED) Unrecognized recognizer for [%s, %d]: %d. Ignoring it and its associated features.
11-10 14:59:42.627 13160 13185 E eiay    : (REDACTED) Unrecognized recognizer for [%s, %d]: %d. Ignoring it and its associated features.
11-10 14:59:42.627 13160 13185 E eiay    : (REDACTED) Unrecognized recognizer for [%s, %d]: %d. Ignoring it and its associated features.
11-10 14:59:42.628 13160 13184 I LegacyLPSourceImpl: (REDACTED) Parsing legacy read-only LanguagePack metadata file: %s
11-10 14:59:42.628 13160 13185 I LPDownloadSettingsState: (REDACTED) Defaulting LP download condition to %s as user has not edited settings.
11-10 14:59:42.628 13160 13182 I LegacyLPSourceImpl: (REDACTED) Parsing legacy read-only LanguagePack metadata file: %s
11-10 14:59:42.629 13160 13183 I LegacyLPSourceImpl: (REDACTED) Parsing legacy read-only LanguagePack metadata file: %s
11-10 14:59:42.630 13160 13185 I ZipLPPopulator: (REDACTED) MDD.addFileGroup: %s
11-10 14:59:42.631  1431  2167 W USF     : USF_API: Drop flicker data, cannot find sampling_id:84682!
11-10 14:59:42.641  1431  2167 W USF     : USF_API: Drop flicker data, cannot find sampling_id:84682!
11-10 14:59:42.645 13160 13459 W Binder  : Caught a RuntimeException from the binder stub implementation.
11-10 14:59:42.645 13160 13459 W Binder  : java.lang.UnsupportedOperationException
11-10 14:59:42.645 13160 13459 W Binder  : 	at cfvo.a(PG:3)
11-10 14:59:42.645 13160 13459 W Binder  : 	at cfvo.dispatchTransaction(PG:33)
11-10 14:59:42.645 13160 13459 W Binder  : 	at pxv.onTransact(PG:13)
11-10 14:59:42.645 13160 13459 W Binder  : 	at android.os.Binder.execTransactInternal(Binder.java:1446)
11-10 14:59:42.645 13160 13459 W Binder  : 	at android.os.Binder.execTransact(Binder.java:1385)
11-10 14:59:42.651  1431  2167 W USF     : USF_API: Drop flicker data, cannot find sampling_id:84682!
11-10 14:59:42.661  1431  2167 W USF     : USF_API: Drop flicker data, cannot find sampling_id:84682!
11-10 14:59:42.671  1431  2167 W USF     : USF_API: Drop flicker data, cannot find sampling_id:84682!
11-10 14:59:42.676 13160 13459 W Binder  : Caught a RuntimeException from the binder stub implementation.
11-10 14:59:42.676 13160 13459 W Binder  : java.lang.UnsupportedOperationException
11-10 14:59:42.676 13160 13459 W Binder  : 	at cfvo.a(PG:3)
11-10 14:59:42.676 13160 13459 W Binder  : 	at cfvo.dispatchTransaction(PG:33)
11-10 14:59:42.676 13160 13459 W Binder  : 	at pxv.onTransact(PG:13)
11-10 14:59:42.676 13160 13459 W Binder  : 	at android.os.Binder.execTransactInternal(Binder.java:1446)
11-10 14:59:42.676 13160 13459 W Binder  : 	at android.os.Binder.execTransact(Binder.java:1385)
11-10 14:59:42.678 13160 13459 W Binder  : Caught a RuntimeException from the binder stub implementation.
11-10 14:59:42.678 13160 13459 W Binder  : java.lang.UnsupportedOperationException
11-10 14:59:42.678 13160 13459 W Binder  : 	at cfvo.a(PG:3)
11-10 14:59:42.678 13160 13459 W Binder  : 	at cfvo.dispatchTransaction(PG:33)
11-10 14:59:42.678 13160 13459 W Binder  : 	at pxv.onTransact(PG:13)
11-10 14:59:42.678 13160 13459 W Binder  : 	at android.os.Binder.execTransactInternal(Binder.java:1446)
11-10 14:59:42.678 13160 13459 W Binder  : 	at android.os.Binder.execTransact(Binder.java:1385)
11-10 14:59:42.679 13160 22396 I cqyf    : (REDACTED) MDD.addFileGroup(%s) returned %b
11-10 14:59:42.679 13160 22396 I cqyt    : MDD refresh completed.
11-10 14:59:42.679 13160 13185 I cqyt    : Trying to get last downloaded model for current locale.
11-10 14:59:42.679 13160 13185 I cqyt    : (REDACTED) MDD.getFileGroup(%s)
11-10 14:59:42.680 13160 22396 I cqyf    : (REDACTED) MDD.addFileGroup(%s) returned %b
11-10 14:59:42.680 13160 22396 I cqyt    : MDD refresh completed.
11-10 14:59:42.680 13160 13185 I cqyt    : Trying to get last downloaded model for current locale.
11-10 14:59:42.680 13160 13185 I cqyt    : (REDACTED) MDD.getFileGroup(%s)
11-10 14:59:42.681  1431  2167 W USF     : USF_API: Drop flicker data, cannot find sampling_id:84682!
11-10 14:59:42.691  1431  2167 W USF     : USF_API: Drop flicker data, cannot find sampling_id:84682!
11-10 14:59:42.697 23969 24908 W Binder  : Caught a RuntimeException from the binder stub implementation.
11-10 14:59:42.697 23969 24908 W Binder  : java.lang.UnsupportedOperationException
11-10 14:59:42.697 23969 24908 W Binder  : 	at uht.a(PG:3)
11-10 14:59:42.697 23969 24908 W Binder  : 	at uht.r(PG:34)
11-10 14:59:42.697 23969 24908 W Binder  : 	at kog.onTransact(PG:21)
11-10 14:59:42.697 23969 24908 W Binder  : 	at android.os.Binder.execTransactInternal(Binder.java:1446)
11-10 14:59:42.697 23969 24908 W Binder  : 	at android.os.Binder.execTransact(Binder.java:1385)
11-10 14:59:42.701  1431  2167 W USF     : USF_API: Drop flicker data, cannot find sampling_id:84682!
11-10 14:59:42.712  1431  2167 W USF     : USF_API: Drop flicker data, cannot find sampling_id:84682!
11-10 14:59:42.722  1431  2167 W USF     : USF_API: Drop flicker data, cannot find sampling_id:84682!
11-10 14:59:42.731  1431  2167 W USF     : USF_API: Drop flicker data, cannot find sampling_id:84682!
11-10 14:59:42.741  1431  2167 W USF     : USF_API: Drop flicker data, cannot find sampling_id:84682!
11-10 14:59:42.751  1431  2167 W USF     : USF_API: Drop flicker data, cannot find sampling_id:84682!
11-10 14:59:42.761  1431  2167 W USF     : USF_API: Drop flicker data, cannot find sampling_id:84682!
11-10 14:59:42.771  1431  2167 W USF     : USF_API: Drop flicker data, cannot find sampling_id:84682!
11-10 14:59:42.781  1428  2117 D BTAudioSessionAidl: GetSupportedLatencyModes - Supported LatencyMode= FREE
11-10 14:59:42.781  1431  2167 W USF     : USF_API: Drop flicker data, cannot find sampling_id:84682!
11-10 14:59:42.791  1431  2167 W USF     : USF_API: Drop flicker data, cannot find sampling_id:84682!
11-10 14:59:42.801  1431  2167 W USF     : USF_API: Drop flicker data, cannot find sampling_id:84682!
11-10 14:59:42.811  1431  2167 W USF     : USF_API: Drop flicker data, cannot find sampling_id:84682!
11-10 14:59:42.821  1431  2167 W USF     : USF_API: Drop flicker data, cannot find sampling_id:84682!
11-10 14:59:42.830  1431  2167 W USF     : USF_API: Drop flicker data, cannot find sampling_id:84682!
11-10 14:59:42.840  1431  2167 W USF     : USF_API: Drop flicker data, cannot find sampling_id:84682!
11-10 14:59:42.851  1431  2167 W USF     : USF_API: Drop flicker data, cannot find sampling_id:84682!
11-10 14:59:42.861  1431  2167 W USF     : USF_API: Drop flicker data, cannot find sampling_id:84682!
11-10 14:59:42.870  1431  2167 W USF     : USF_API: Drop flicker data, cannot find sampling_id:84682!
11-10 14:59:42.880  1431  2167 W USF     : USF_API: Drop flicker data, cannot find sampling_id:84682!
11-10 14:59:42.890  1431  2167 W USF     : USF_API: Drop flicker data, cannot find sampling_id:84682!
11-10 14:59:42.900  1431  2167 W USF     : USF_API: Drop flicker data, cannot find sampling_id:84682!
11-10 14:59:42.910  1431  2167 W USF     : USF_API: Drop flicker data, cannot find sampling_id:84682!
11-10 14:59:42.920  1431  2167 W USF     : USF_API: Drop flicker data, cannot find sampling_id:84682!
11-10 14:59:42.930  1431  2167 W USF     : USF_API: Drop flicker data, cannot find sampling_id:84682!
11-10 14:59:42.940  1431  2167 W USF     : USF_API: Drop flicker data, cannot find sampling_id:84682!
11-10 14:59:42.946  1430  2355 I bthal.activity: bt_power: TxWakeLockStat: 14:59:39:746 - 14:59:42:946, duration: 3200, tx_packet_count: 4, total_tx_packet_count: 94348
11-10 14:59:42.950  1431  2167 W USF     : USF_API: Drop flicker data, cannot find sampling_id:84682!
11-10 14:59:42.960  1431  2167 W USF     : USF_API: Drop flicker data, cannot find sampling_id:84682!
11-10 14:59:42.970  1431  2167 W USF     : USF_API: Drop flicker data, cannot find sampling_id:84682!
11-10 14:59:42.980  1431  2167 W USF     : USF_API: Drop flicker data, cannot find sampling_id:84682!
11-10 14:59:42.982  1428  2117 D BTAudioSessionAidl: GetSupportedLatencyModes - Supported LatencyMode= FREE
11-10 14:59:42.990  1431  2167 W USF     : USF_API: Drop flicker data, cannot find sampling_id:84682!
11-10 14:59:43.001  1431  2167 W USF     : USF_API: Drop flicker data, cannot find sampling_id:84682!
11-10 14:59:43.010  1431  2167 W USF     : USF_API: Drop flicker data, cannot find sampling_id:84682!
11-10 14:59:43.020  1431  2167 W USF     : USF_API: Drop flicker data, cannot find sampling_id:84682!
11-10 14:59:43.030  1431  2167 W USF     : USF_API: Drop flicker data, cannot find sampling_id:84682!
11-10 14:59:43.040  1431  2167 W USF     : USF_API: Drop flicker data, cannot find sampling_id:84682!
11-10 14:59:43.050  1431  2167 W USF     : USF_API: Drop flicker data, cannot find sampling_id:84682!
11-10 14:59:43.060  1431  2167 W USF     : USF_API: Drop flicker data, cannot find sampling_id:84682!
11-10 14:59:43.066 13160 13199 I ZipLPPopulator: (REDACTED) Updated file group for group '%s' from location: %s
11-10 14:59:43.066 13160 13186 I ZipLPPopulator: #addNewFileGroups complete
11-10 14:59:43.067 13160 13186 I eico    : #getPendingPackages from MDD
11-10 14:59:43.067 13160 13186 I eico    : #GetLanguagePackList
11-10 14:59:43.067 13160 13186 I eico    : MDD.getFileGroupsByFilter(langpack-domain_xx-XX_ver_zipfile)
11-10 14:59:43.067 13160 13176 I cqyt    : (REDACTED) MDD get/download %s returned successful.
11-10 14:59:43.068 13160 13176 I cqyt    : (REDACTED) MDD returned hotwordModelSpec %s
11-10 14:59:43.068 13160 13184 I cqyt    : (REDACTED) MDD get/download %s returned successful.
11-10 14:59:43.069 13160 13184 I cqyt    : (REDACTED) MDD returned hotwordModelSpec %s
11-10 14:59:43.070  1431  2167 W USF     : USF_API: Drop flicker data, cannot find sampling_id:84682!
11-10 14:59:43.080  1431  2167 W USF     : USF_API: Drop flicker data, cannot find sampling_id:84682!
11-10 14:59:43.084 13160 13201 I DefaultLPManager: #getPackage
11-10 14:59:43.084 13160 13201 I ZipfileLPSourceImpl: #getPackage
11-10 14:59:43.085 13160 13201 I ZipLPPopulator: #addNewFileGroups
11-10 14:59:43.085 13160 13201 I eico    : #getDownloadableLanguagePacks
11-10 14:59:43.092  1431  2167 W USF     : USF_API: Drop flicker data, cannot find sampling_id:84682!
11-10 14:59:43.094 13160 13201 I eidh    : (REDACTED) Loaded languagepack (LP) flag value from latest config %s: %s
11-10 14:59:43.096 13160 13201 E eiay    : (REDACTED) Unrecognized recognizer for [%s, %d]: %d. Ignoring it and its associated features.
11-10 14:59:43.102  1431  2167 W USF     : USF_API: Drop flicker data, cannot find sampling_id:84682!
11-10 14:59:43.108 13160 13201 E eiay    : (REDACTED) Unrecognized recognizer for [%s, %d]: %d. Ignoring it and its associated features.
11-10 14:59:43.108 13160 13201 E eiay    : (REDACTED) Unrecognized recognizer for [%s, %d]: %d. Ignoring it and its associated features.
11-10 14:59:43.109 13160 13201 E eiay    : (REDACTED) Unrecognized recognizer for [%s, %d]: %d. Ignoring it and its associated features.
11-10 14:59:43.109 13160 13201 E eiay    : (REDACTED) Unrecognized recognizer for [%s, %d]: %d. Ignoring it and its associated features.
11-10 14:59:43.112  1431  2167 W USF     : USF_API: Drop flicker data, cannot find sampling_id:84682!
11-10 14:59:43.113 13160 13201 I LPRequestState: (REDACTED) [%s] #resolveDesiredLanguagePacks
11-10 14:59:43.114 13160 13201 I LPRequestState: (REDACTED) Assigning language pack %s for request %s
11-10 14:59:43.114 13160 13186 I LPDownloadSettingsState: (REDACTED) Defaulting LP download condition to %s as user has not edited settings.
11-10 14:59:43.115 13160 13186 I ZipLPPopulator: (REDACTED) MDD.addFileGroup: %s
11-10 14:59:43.121  1431  2167 W USF     : USF_API: Drop flicker data, cannot find sampling_id:84682!
11-10 14:59:43.127 13160 13186 I cqyt    : (REDACTED) HotwordModel returned with path: %s
11-10 14:59:43.129 13160 13186 I cqyt    : (REDACTED) Scraping model ID for model of size %d
11-10 14:59:43.130 13160 13186 I cqyt    : (REDACTED) Scraped model ID: %s
11-10 14:59:43.130 13160 13176 I egar    : (REDACTED) Returning hotword model with ID: %s
11-10 14:59:43.131  1431  2167 W USF     : USF_API: Drop flicker data, cannot find sampling_id:84682!
11-10 14:59:43.137 13160 13186 I cqyt    : (REDACTED) HotwordModel returned with path: %s
11-10 14:59:43.141  1431  2167 W USF     : USF_API: Drop flicker data, cannot find sampling_id:84682!
11-10 14:59:43.141 13160 13186 I cqyt    : (REDACTED) Scraping model ID for model of size %d
11-10 14:59:43.142 13160 13186 I cqyt    : (REDACTED) Scraped model ID: %s
11-10 14:59:43.147 13160 13176 I egar    : (REDACTED) Returning hotword model with ID: %s
11-10 14:59:43.151  1431  2167 W USF     : USF_API: Drop flicker data, cannot find sampling_id:84682!
11-10 14:59:43.161  1431  2167 W USF     : USF_API: Drop flicker data, cannot find sampling_id:84682!
11-10 14:59:43.170  1431  2167 W USF     : USF_API: Drop flicker data, cannot find sampling_id:84682!
11-10 14:59:43.173 13160 13202 I ZipLPPopulator: (REDACTED) Updated file group for group '%s' from location: %s
11-10 14:59:43.173 13160 13202 I ZipLPPopulator: #addNewFileGroups complete
11-10 14:59:43.173 13160 13202 I ZipLPPopulator: (REDACTED) MDD.getFileGroup(%s)
11-10 14:59:43.174 13160 13182 I ZipfileLPSourceImpl: (REDACTED) MDD.getFileGroup(%s) complete
11-10 14:59:43.176 13160 13182 I ZipfileLPSourceImpl: (REDACTED) Found LanguagePack metadata file with path: %s
11-10 14:59:43.176 13160 13182 I ZipfileLPSourceImpl: (REDACTED) Returning LanguagePack path for locale %s, version %d from MDD with group name '%s': '%s'
11-10 14:59:43.176 13160 13200 I efvp    : (REDACTED) [%s] Installed LanguagePacks: %s
11-10 14:59:43.177 13160 13200 I efvp    : (REDACTED) [%s] Pending pack: %s
11-10 14:59:43.178 13160 13197 I efvp    : (REDACTED) [%s] #getLatestServerTisidVoiceprint: %s
11-10 14:59:43.178 13160 13197 I efvp    : (REDACTED) [%s] Server Tisid voiceprint queries skipped because ServerTisid-specific flag is disabled.
11-10 14:59:43.179 13160 13201 I crba    : #getTdsidModel
11-10 14:59:43.179 13160 13202 I crba    : #getTisidModel
11-10 14:59:43.179 13160 13201 I crba    : #initialize
11-10 14:59:43.180  1431  2167 W USF     : USF_API: Drop flicker data, cannot find sampling_id:84682!
11-10 14:59:43.180 13160 13201 I efvp    : (REDACTED) [%s] SRM initial state for hotword: '%s'
11-10 14:59:43.181 13160 13176 I cqyt    : Getting hotwordModelConfig
11-10 14:59:43.182 10605 10699 I efwe    : (REDACTED) <<< [%s] Reading SodaResourceManager message with initial resourceIds: '%s.'
11-10 14:59:43.183  1428  2117 D BTAudioSessionAidl: GetSupportedLatencyModes - Supported LatencyMode= FREE
11-10 14:59:43.187 13160 13176 I cqyt    : MDD.refreshFileGroups(hotwordFileGroupPopulator)
11-10 14:59:43.189 13160 13176 I cqyf    : (REDACTED) MDD.addFileGroup(%s)
11-10 14:59:43.189 10605 10690 I efwe    : (REDACTED) <<< [%s] Reading SodaResourceManager message with updated resourceIds: %s. Total set: %s
11-10 14:59:43.190  1431  2167 W USF     : USF_API: Drop flicker data, cannot find sampling_id:84682!
11-10 14:59:43.191 13160 22396 I cqyf    : (REDACTED) MDD.addFileGroup(%s) returned %b
11-10 14:59:43.191 13160 22396 I cqyt    : MDD refresh completed.
11-10 14:59:43.191 13160 13197 I cqyt    : (REDACTED) Trying to get latest model with timeout: %dms.
11-10 14:59:43.191 13160 13197 I cqyt    : Trying to get latest model bytes.
11-10 14:59:43.191 13160 13197 I cqyt    : (REDACTED) Trying to get preloaded model for matching URL. (locale=%s)
11-10 14:59:43.192 13160 13197 I cqyt    : Preloaded model not available. Attempting download.
11-10 14:59:43.192 13160 13197 I cqyt    : Trying to get latest MDD Model bytes.
11-10 14:59:43.192 13160 13197 I cqyt    : (REDACTED) MDD.getFileGroup(%s)
11-10 14:59:43.194 10605 10690 I efwe    : (REDACTED) <<< [%s] Reading SodaResourceManager message with updated resourceIds: %s. Total set: %s
11-10 14:59:43.194 10605 10690 I efwe    : (REDACTED) <<< [%s] SodaResourceManager session emitted all requested resources: %s. Ok to terminate.
11-10 14:59:43.195 13160 13197 I cqyt    : (REDACTED) MDD.downloadFileGroup(%s)
11-10 14:59:43.196 13160 13184 I cqyt    : (REDACTED) MDD get/download %s returned successful.
11-10 14:59:43.196 13160 13184 I cqyt    : (REDACTED) MDD returned hotwordModelSpec %s
11-10 14:59:43.200  1431  2167 W USF     : USF_API: Drop flicker data, cannot find sampling_id:84682!
11-10 14:59:43.208 13160 13182 I crba    : Didn't find an initialized EnrollmentManager. Updating config.
11-10 14:59:43.208 13160 13182 I A       : (REDACTED) updateConfig: Hotword present: %b, LP directory: %s
11-10 14:59:43.210  1431  2167 W USF     : USF_API: Drop flicker data, cannot find sampling_id:84682!
11-10 14:59:43.216 13160 13200 I cqyt    : (REDACTED) HotwordModel returned with path: %s
11-10 14:59:43.220  1431  2167 W USF     : USF_API: Drop flicker data, cannot find sampling_id:84682!
11-10 14:59:43.221 13160 13200 I cqyt    : (REDACTED) Scraping model ID for model of size %d
11-10 14:59:43.221 13160 13200 I cqyt    : (REDACTED) Scraped model ID: %s
11-10 14:59:43.221 13160 13184 I egar    : (REDACTED) Returning hotword model with ID: %s
11-10 14:59:43.228 13160 13197 I native  : I0000 00:00:1762779583.228552   13197 enrollment_manager_impl.cc:455] UpdateConfigRequest with timeout: 0
11-10 14:59:43.230  1431  2167 W USF     : USF_API: Drop flicker data, cannot find sampling_id:84682!
11-10 14:59:43.230  1431  2167 W USF     : USF_API: Drop sample report, cannot find sampling_id:84682
11-10 14:59:43.237 13160 13197 I crba    : #getTdsidModel
11-10 14:59:43.240  1431  2167 W USF     : USF_API: Drop flicker data, cannot find sampling_id:84682!
11-10 14:59:43.249  1431  2167 W USF     : USF_API: Drop flicker data, cannot find sampling_id:84682!
11-10 14:59:43.259  1431  2167 W USF     : USF_API: Drop flicker data, cannot find sampling_id:84682!
11-10 14:59:43.270  1431  2167 W USF     : USF_API: Drop flicker data, cannot find sampling_id:84682!
11-10 14:59:43.280  1431  2167 W USF     : USF_API: Drop flicker data, cannot find sampling_id:84682!
11-10 14:59:43.286 13160 13206 E SpeechMicro: Hotword model is single-channel neuralnet.
11-10 14:59:43.289  1431  2167 W USF     : USF_API: Drop flicker data, cannot find sampling_id:84682!
11-10 14:59:43.292 13160 13206 I native  : I0000 00:00:1762779583.292098   13206 enrollment_manager_impl.cc:1324] A valid TD-SID creator already exists. No need to re-create.
11-10 14:59:43.294 13160 13206 I native  : I0000 00:00:1762779583.294770   13206 enrollment_manager_impl_utils.cc:81] Using standalone TI-SID pipeline config:/data/user/0/com.google.android.googlequicksearchbox/files/datadownload/shared/public/datadownloadfile_1702414361173/configs/ONDEVICE_LARGE_VOICE_MATCH.config
11-10 14:59:43.295 13160 13206 I native  : I0000 00:00:1762779583.295767   13206 enrollment_manager_impl.cc:1344] A valid TI-SID creator already exists. No need to re-create.
11-10 14:59:43.299  1431  2167 W USF     : USF_API: Drop flicker data, cannot find sampling_id:84682!
11-10 14:59:43.304 13160 13206 I native  : I0000 00:00:1762779583.304540   13206 enrollment_manager_impl_utils.cc:81] Using standalone TI-SID pipeline config:/data/user/0/com.google.android.googlequicksearchbox/files/datadownload/shared/public/datadownloadfile_1702414361173/configs/ONDEVICE_LARGE_VOICE_MATCH.config
11-10 14:59:43.304 13160 13206 I native  : I0000 00:00:1762779583.304673   13206 enrollment_manager_impl.cc:1067] Attempting to insert stored TD-SID profiles into config.
11-10 14:59:43.304 13160 13206 I native  : I0000 00:00:1762779583.304726   13206 enrollment_manager_impl.cc:1091] Found 0 speakers with existing TDSID models.
11-10 14:59:43.304 13160 13206 W native  : W0000 00:00:1762779583.304855   13206 enrollment_manager_impl.cc:1123] No valid TD-SID models found.
11-10 14:59:43.305 13160 13206 I native  : I0000 00:00:1762779583.304974   13206 enrollment_manager_impl.cc:1429] Retrieved stored TDSID models. Speakers requiring re-training:0
11-10 14:59:43.305 13160 13206 I native  : I0000 00:00:1762779583.305100   13206 enrollment_manager_impl.cc:1140] Attempting to insert stored TI-SID profiles into config.
11-10 14:59:43.305 13160 13206 I native  : I0000 00:00:1762779583.305147   13206 enrollment_manager_impl.cc:1165] Found 0 speakers with existing TI-SID models.
11-10 14:59:43.305 13160 13206 W native  : W0000 00:00:1762779583.305247   13206 enrollment_manager_impl.cc:1197] No valid TI-SID models found.
11-10 14:59:43.305 13160 13206 I native  : I0000 00:00:1762779583.305290   13206 enrollment_manager_impl.cc:1442] Retrieved stored TISID models. Speakers requiring re-training:0
11-10 14:59:43.305 13160 13206 I native  : I0000 00:00:1762779583.305404   13206 enrollment_manager_impl.cc:1452] Retrieved Server TISID models. 
11-10 14:59:43.306 13160 13197 I A       : (REDACTED) handleResponse for  %s user(s)
11-10 14:59:43.306 13160 13197 I A       : (REDACTED) Found SodaVmmmClassicWriter. Preparing to propagate model update for status: %s
11-10 14:59:43.307 13160 13197 I A       : Skipping model update propagation to SodaVmmmClassicWriter since speaker model did not change.
11-10 14:59:43.307 13160 13197 I A       : getHotwordSpeakerIdModels
11-10 14:59:43.307 13160 13197 I crba    : Returning empty SpeakerId model
11-10 14:59:43.308 13160 13185 I crba    : #initialize
11-10 14:59:43.308 13160 13185 I crba    : #getTdsidModel
11-10 14:59:43.309  1431  2167 W USF     : USF_API: Drop flicker data, cannot find sampling_id:84682!
11-10 14:59:43.314 13160 13184 I crba    : Already has an initialized EnrollmentManager.
11-10 14:59:43.316 13160 13185 I A       : getTextIndependentSpeakerIdModels
11-10 14:59:43.317 13160 13185 I crba    : #initialize
11-10 14:59:43.317 13160 13206 I native  : I0000 00:00:1762779583.317233   13206 enrollment_manager_impl.cc:468] Invoking listeners with updated speaker profiles.
11-10 14:59:43.317 13160 13197 I A       : #handleModelUpdate
11-10 14:59:43.318 13160 13197 I A       : (REDACTED) # of TDSID models received: %s
11-10 14:59:43.318 13160 13197 I A       : (REDACTED) Size of TI-SID model bytestring received: %s
11-10 14:59:43.318 13160 13197 I A       : (REDACTED) # of Server TI-SID voiceprints received: %s
11-10 14:59:43.319  1431  2167 W USF     : USF_API: Drop flicker data, cannot find sampling_id:84682!
11-10 14:59:43.312 13160 13160 W com.google.android.googlequicksearchbox:search: type=1400 audit(0.0:206678): avc:  denied  { read } for  comm=424720546872656164202333 name="/" dev="sda10" ino=3 scontext=u:r:priv_app:s0:c512,c768 tcontext=u:object_r:metadata_file:s0 tclass=dir permissive=0 app=com.google.android.googlequicksearchbox
11-10 14:59:43.329  1431  2167 W USF     : USF_API: Drop flicker data, cannot find sampling_id:84682!
11-10 14:59:43.339  1431  2167 W USF     : USF_API: Drop flicker data, cannot find sampling_id:84682!
11-10 14:59:43.349  1431  2167 W USF     : USF_API: Drop flicker data, cannot find sampling_id:84682!
11-10 14:59:43.359  1431  2167 W USF     : USF_API: Drop flicker data, cannot find sampling_id:84682!
11-10 14:59:43.363 13160 13184 I crba    : Didn't find an initialized EnrollmentManager. Updating config.
11-10 14:59:43.363 13160 13184 I A       : (REDACTED) updateConfig: Hotword present: %b, LP directory: %s
11-10 14:59:43.368 10605 10699 I efwe    : (REDACTED) <<< [%s] Reading SodaResourceManager message with updated resourceIds: %s. Total set: %s
11-10 14:59:43.369 10605 10699 I efwe    : (REDACTED) <<< [%s] SodaResourceManager session emitted all requested resources: %s. Ok to terminate.
11-10 14:59:43.369  1431  2167 W USF     : USF_API: Drop flicker data, cannot find sampling_id:84682!
11-10 14:59:43.371 13160 13201 I native  : I0000 00:00:1762779583.371199   13201 enrollment_manager_impl.cc:455] UpdateConfigRequest with timeout: 0
11-10 14:59:43.378 13160 13459 W Binder  : Caught a RuntimeException from the binder stub implementation.
11-10 14:59:43.378 13160 13459 W Binder  : java.lang.UnsupportedOperationException
11-10 14:59:43.378 13160 13459 W Binder  : 	at cfvo.a(PG:3)
11-10 14:59:43.378 13160 13459 W Binder  : 	at cfvo.dispatchTransaction(PG:33)
11-10 14:59:43.378 13160 13459 W Binder  : 	at pxv.onTransact(PG:13)
11-10 14:59:43.378 13160 13459 W Binder  : 	at android.os.Binder.execTransactInternal(Binder.java:1446)
11-10 14:59:43.378 13160 13459 W Binder  : 	at android.os.Binder.execTransact(Binder.java:1385)
11-10 14:59:43.379  1431  2167 W USF     : USF_API: Drop flicker data, cannot find sampling_id:84682!
11-10 14:59:43.382 13160 13459 V ClearcutMetricXmitter: Transmission is done.
11-10 14:59:43.384  1428  2117 D BTAudioSessionAidl: GetSupportedLatencyModes - Supported LatencyMode= FREE
11-10 14:59:43.389  1431  2167 W USF     : USF_API: Drop flicker data, cannot find sampling_id:84682!
11-10 14:59:43.399  1431  2167 W USF     : USF_API: Drop flicker data, cannot find sampling_id:84682!
11-10 14:59:43.408 13160 13206 E SpeechMicro: Hotword model is single-channel neuralnet.
11-10 14:59:43.409  1431  2167 W USF     : USF_API: Drop flicker data, cannot find sampling_id:84682!
11-10 14:59:43.411 13160 13206 I native  : I0000 00:00:1762779583.411824   13206 enrollment_manager_impl.cc:1324] A valid TD-SID creator already exists. No need to re-create.
11-10 14:59:43.412 13160 13206 W native  : W0000 00:00:1762779583.412078   13206 language_pack_utils.cc:222] Neither language pack directory nor config file path is set.
11-10 14:59:43.412 13160 13206 W native  : W0000 00:00:1762779583.412136   13206 enrollment_manager_impl_utils.cc:85] No standalone TI-SID pipeline config found:INVALID_ARGUMENT: Could not determine LP directory.
11-10 14:59:43.412 13160 13206 W native  : === Source Location Trace: ===
11-10 14:59:43.412 13160 13206 W native  : speech/soda/utils/language_pack_utils.cc:391
11-10 14:59:43.412 13160 13206 W native  : W0000 00:00:1762779583.412207   13206 enrollment_manager_impl.cc:1341] Could not determine TI-SID version:INVALID_ARGUMENT: No provided LP directory.
11-10 14:59:43.412 13160 13206 W native  : === Source Location Trace: ===
11-10 14:59:43.412 13160 13206 W native  : speech/soda/utils/language_pack_utils.cc:310
11-10 14:59:43.412 13160 13206 W native  : speech/soda/speaker_id/enrollment/enrollment_manager_impl_utils.cc:98
11-10 14:59:43.412 13160 13206 W native  : W0000 00:00:1762779583.412250   13206 language_pack_utils.cc:222] Neither language pack directory nor config file path is set.
11-10 14:59:43.412 13160 13206 W native  : W0000 00:00:1762779583.412275   13206 enrollment_manager_impl_utils.cc:85] No standalone TI-SID pipeline config found:INVALID_ARGUMENT: Could not determine LP directory.
11-10 14:59:43.412 13160 13206 W native  : === Source Location Trace: ===
11-10 14:59:43.412 13160 13206 W native  : speech/soda/utils/language_pack_utils.cc:391
11-10 14:59:43.412 13160 13206 W native  : W0000 00:00:1762779583.412310   13206 enrollment_manager_impl.cc:1360] Unable to select ASR config path: INVALID_ARGUMENT: No provided LP directory.
11-10 14:59:43.412 13160 13206 W native  : === Source Location Trace: ===
11-10 14:59:43.412 13160 13206 W native  : speech/soda/utils/language_pack_utils.cc:310
11-10 14:59:43.412 13160 13206 I native  : I0000 00:00:1762779583.412357   13206 enrollment_manager_impl.cc:1067] Attempting to insert stored TD-SID profiles into config.
11-10 14:59:43.412 13160 13206 I native  : I0000 00:00:1762779583.412393   13206 enrollment_manager_impl.cc:1091] Found 0 speakers with existing TDSID models.
11-10 14:59:43.412 13160 13206 W native  : W0000 00:00:1762779583.412465   13206 enrollment_manager_impl.cc:1123] No valid TD-SID models found.
11-10 14:59:43.412 13160 13206 I native  : I0000 00:00:1762779583.412497   13206 enrollment_manager_impl.cc:1429] Retrieved stored TDSID models. Speakers requiring re-training:0
11-10 14:59:43.412 13160 13206 I native  : I0000 00:00:1762779583.412531   13206 enrollment_manager_impl.cc:1140] Attempting to insert stored TI-SID profiles into config.
11-10 14:59:43.412 13160 13206 I native  : I0000 00:00:1762779583.412562   13206 enrollment_manager_impl.cc:1165] Found 0 speakers with existing TI-SID models.
11-10 14:59:43.412 13160 13206 W native  : W0000 00:00:1762779583.412596   13206 enrollment_manager_impl.cc:1197] No valid TI-SID models found.
11-10 14:59:43.412 13160 13206 I native  : I0000 00:00:1762779583.412826   13206 enrollment_manager_impl.cc:1442] Retrieved stored TISID models. Speakers requiring re-training:0
11-10 14:59:43.412 13160 13206 I native  : I0000 00:00:1762779583.412872   13206 enrollment_manager_impl.cc:1452] Retrieved Server TISID models. 
11-10 14:59:43.413 13160 13201 I A       : (REDACTED) handleResponse for  %s user(s)
11-10 14:59:43.414 13160 13201 I A       : (REDACTED) Found SodaVmmmClassicWriter. Preparing to propagate model update for status: %s
11-10 14:59:43.414 13160 13201 I A       : Skipping model update propagation to SodaVmmmClassicWriter since speaker model did not change.
11-10 14:59:43.414 13160 13206 I native  : I0000 00:00:1762779583.414656   13206 enrollment_manager_impl.cc:468] Invoking listeners with updated speaker profiles.
11-10 14:59:43.414 13160 13186 I A       : getHotwordSpeakerIdModels
11-10 14:59:43.415 13160 13201 I A       : #handleModelUpdate
11-10 14:59:43.415 13160 13201 I A       : (REDACTED) # of TDSID models received: %s
11-10 14:59:43.415 13160 13186 I crba    : Returning empty SpeakerId model
11-10 14:59:43.415 13160 13201 I A       : (REDACTED) Size of TI-SID model bytestring received: %s
11-10 14:59:43.415 13160 13201 I A       : (REDACTED) # of Server TI-SID voiceprints received: %s
11-10 14:59:43.415 13160 13201 I crba    : #initialize
11-10 14:59:43.415 13160 13186 I efvp    : (REDACTED) [%s] SRM initial state for TD-SID: '%s'
11-10 14:59:43.418 10605 10690 I efwe    : (REDACTED) <<< [%s] Reading SodaResourceManager message with initial resourceIds: '%s.'
11-10 14:59:43.418 10605 10690 I efwe    : (REDACTED) <<< [%s] SodaResourceManager session emitted all requested resources: %s. Ok to terminate.
11-10 14:59:43.419  1431  2167 W USF     : USF_API: Drop flicker data, cannot find sampling_id:84682!
11-10 14:59:43.419 10605 10690 I efwe    : (REDACTED) <<< [%s] Reading SodaResourceManager message with initial resourceIds: '%s.'
11-10 14:59:43.419 10605 10690 I efwe    : (REDACTED) <<< [%s] SodaResourceManager session emitted all requested resources: %s. Ok to terminate.
11-10 14:59:43.419 10605 10690 I efwe    : (REDACTED) <<< [%s] Reading SodaResourceManager message with initial resourceIds: '%s.'
11-10 14:59:43.419 10605 10690 I efwe    : (REDACTED) <<< [%s] SodaResourceManager session emitted all requested resources: %s. Ok to terminate.
11-10 14:59:43.420 10605 10690 I efwe    : (REDACTED) <<< [%s] Reading SodaResourceManager message with initial resourceIds: '%s.'
11-10 14:59:43.420 10605 10690 I efwe    : (REDACTED) <<< [%s] SodaResourceManager session emitted all requested resources: %s. Ok to terminate.
11-10 14:59:43.429  1431  2167 W USF     : USF_API: Drop flicker data, cannot find sampling_id:84682!
11-10 14:59:43.439  1431  2167 W USF     : USF_API: Drop flicker data, cannot find sampling_id:84682!
11-10 14:59:43.442  1653  1653 D AOC     : F1:BT_Tx (5s)MEL: 96.4  93.8  84.5  0.0  0.0
11-10 14:59:43.449  1431  2167 W USF     : USF_API: Drop flicker data, cannot find sampling_id:84682!
11-10 14:59:43.459  1431  2167 W USF     : USF_API: Drop flicker data, cannot find sampling_id:84682!
11-10 14:59:43.469  1431  2167 W USF     : USF_API: Drop flicker data, cannot find sampling_id:84682!
11-10 14:59:43.477 21379 22351 I bsf     : BLL finished for package: com.example.mobiledigger, score: 6.0, verdict: NOT_HARMFUL
11-10 14:59:43.477 21379 22351 I cip     : Finished new classification for package: com.example.mobiledigger, model: bll_1, verdict: NOT_HARMFUL, score: 6.0
11-10 14:59:43.478  1431  2167 W USF     : USF_API: Drop flicker data, cannot find sampling_id:84682!
11-10 14:59:43.482 13160 13182 I crba    : Didn't find an initialized EnrollmentManager. Updating config.
11-10 14:59:43.483 13160 13182 I A       : (REDACTED) updateConfig: Hotword present: %b, LP directory: %s
11-10 14:59:43.489  1431  2167 W USF     : USF_API: Drop flicker data, cannot find sampling_id:84682!
11-10 14:59:43.491 13160 13199 I native  : I0000 00:00:1762779583.491365   13199 enrollment_manager_impl.cc:455] UpdateConfigRequest with timeout: 0
11-10 14:59:43.499  1431  2167 W USF     : USF_API: Drop flicker data, cannot find sampling_id:84682!
11-10 14:59:43.499  1431  2167 W USF     : USF_API: Drop flicker data, cannot find sampling_id:84682!
11-10 14:59:43.509  1431  2167 W USF     : USF_API: Drop flicker data, cannot find sampling_id:84682!
11-10 14:59:43.519  1431  2167 W USF     : USF_API: Drop flicker data, cannot find sampling_id:84682!
11-10 14:59:43.519 21379 22351 I brb     : Work finished, result: Result(successCount=1, failureCount=0), latency: PT2.594S
11-10 14:59:43.525 21379 21428 I brn     : Finished work type: HANDLE_PACKAGES_CHANGED, success: true, latency: PT2.603S
11-10 14:59:43.526 21379 21379 I WorkService: Stopping the work service
11-10 14:59:43.528  1884  3096 W ForegroundServiceTypeLoggerModule: FGS stop call for: 10154 has no types!
11-10 14:59:43.529  1431  2167 W USF     : USF_API: Drop flicker data, cannot find sampling_id:84682!
11-10 14:59:43.531 21379 21379 I WorkService: Work service moved out of the foreground
11-10 14:59:43.532 21379 21379 I WorkService: Work service destroyed
11-10 14:59:43.532 21379 21379 I civ     : Stopping watchdog: work-service, completed in time
11-10 14:59:43.535  1488  2119 D StreamHalAidl: [out|ioHandle:21] standby
