10-31 23:14:14.075 29014 29014 D AudioManager: 📁 File URI: content://com.android.externalstorage.documents/tree/primary%3ATrial%20now%2F04.%20April/document/primary%3ATrial%20now%2F04.%20April%2F2024-04-14%2FB.love%20-%20Video%20Soul.flac
10-31 23:14:14.276 29014 29014 D AudioManager: 📁 Temp file created: /data/user/0/com.example.mobiledigger/cache/aiff_temp_7644861568838021743.aiff
10-31 23:14:14.627 29014 29014 D MusicViewModel: 📁 LOAD_CURRENT_FILE() - playFile result: true
10-31 23:14:14.627 29014 29014 D MusicViewModel: 📁 LOAD_CURRENT_FILE() - playback started successfully for B.love - Video Soul.flac
10-31 23:14:14.628 29014 29014 D MusicViewModel: 📁 LOAD_CURRENT_FILE() - extracting duration for B.love - Video Soul.flac
10-31 23:14:14.628 29014 29014 D MusicViewModel: 📁 LOAD_CURRENT_FILE() - updating notification
10-31 23:14:14.631 29014 29014 D MusicViewModel: 📁 LOAD_CURRENT_FILE() - starting preload next song
10-31 23:14:14.671 29014 29014 D VlcAudioBackend: 📁 Media changed
10-31 23:14:14.694 29014 29143 D MusicViewModel: 📁 LOAD_CURRENT_FILE() - extracted duration: 409734ms
10-31 23:14:14.790 29014 29014 D MusicViewModel: 📁 LOAD_CURRENT_FILE() - duration updated
10-31 23:14:17.072 29014 29014 D MusicViewModel: 📁 Sorting file: Vincent Casanova - Mikeys Attic [PRKV05].flac with action DISLIKE, source: TODO
10-31 23:14:17.144 29014 29138 D FileManager: Subfolder permissions OK: content://com.android.externalstorage.documents/tree/primary%3AResults/document/primary%3AResults%2FRejected
10-31 23:14:17.175 29014 29014 D MusicViewModel: 📁 Sorting file: unknown Artist - B2 untitled [CHIVALRY005].flac with action DISLIKE, source: TODO
10-31 23:14:17.277 29014 29014 D MusicViewModel: 📁 Sorting file: unknown Artist - Feelings and Sensations [NNMS64].flac with action DISLIKE, source: TODO
10-31 23:14:17.380 29014 29014 D MusicViewModel: 📁 Sorting file: unknown Artist - Stanco [TST013].flac with action DISLIKE, source: TODO
10-31 23:14:17.794 29014 29014 D MusicViewModel: 📁 FileManager.sortFile result: success=true for Vincent Casanova - Mikeys Attic [PRKV05].flac
10-31 23:14:17.850 29014 29138 D FileManager: Subfolder permissions OK: content://com.android.externalstorage.documents/tree/primary%3AResults/document/primary%3AResults%2FRejected
10-31 23:14:18.032 29014 29141 D FileManager: Starting scanForMusicFiles with extensions: [mp3, wav, flac, aac, ogg, m4a, aif, aiff]
10-31 23:14:18.218 29014 29355 D FileManager: Starting scanForMusicFiles with extensions: [mp3, wav, flac, aac, ogg, m4a, aif, aiff]
10-31 23:14:18.595 29014 29355 D FileManager: Starting scanForMusicFiles with extensions: [mp3, wav, flac, aac, ogg, m4a, aif, aiff]
10-31 23:14:18.602 29014 29355 D FileManager: Starting scanForMusicFiles with extensions: [mp3, wav, flac, aac, ogg, m4a, aif, aiff]
10-31 23:14:18.611 29014 29355 D FileManager: Starting scanForMusicFiles with extensions: [mp3, wav, flac, aac, ogg, m4a, aif, aiff]
10-31 23:14:18.628 29014 29355 D FileManager: 📁 SAF: Found file in 'HiFi Write To CD': Anna Calvi & Perfume Genius - I See A Darkness.aiff
10-31 23:14:18.632 29014 29014 D MusicViewModel: 📁 FileManager.sortFile result: success=true for unknown Artist - B2 untitled [CHIVALRY005].flac
10-31 23:14:18.634 29014 29355 D FileManager: Starting scanForMusicFiles with extensions: [mp3, wav, flac, aac, ogg, m4a, aif, aiff]
10-31 23:14:18.648 29014 29355 D FileManager: Starting scanForMusicFiles with extensions: [mp3, wav, flac, aac, ogg, m4a, aif, aiff]
10-31 23:14:18.662 29014 29355 D FileManager: Starting scanForMusicFiles with extensions: [mp3, wav, flac, aac, ogg, m4a, aif, aiff]
10-31 23:14:18.670 29014 29355 D FileManager: Starting scanForMusicFiles with extensions: [mp3, wav, flac, aac, ogg, m4a, aif, aiff]
10-31 23:14:18.676 29014 29138 D FileManager: Subfolder permissions OK: content://com.android.externalstorage.documents/tree/primary%3AResults/document/primary%3AResults%2FRejected
10-31 23:14:18.677 29014 29355 D FileManager: Starting scanForMusicFiles with extensions: [mp3, wav, flac, aac, ogg, m4a, aif, aiff]
10-31 23:14:18.682 29014 29355 D FileManager: Starting scanForMusicFiles with extensions: [mp3, wav, flac, aac, ogg, m4a, aif, aiff]
10-31 23:14:18.691 29014 29355 D FileManager: Starting scanForMusicFiles with extensions: [mp3, wav, flac, aac, ogg, m4a, aif, aiff]
10-31 23:14:18.696 29014 29355 D FileManager: Starting scanForMusicFiles with extensions: [mp3, wav, flac, aac, ogg, m4a, aif, aiff]
10-31 23:14:18.704 29014 29355 D FileManager: Starting scanForMusicFiles with extensions: [mp3, wav, flac, aac, ogg, m4a, aif, aiff]
10-31 23:14:18.713 29014 29355 D FileManager: Starting scanForMusicFiles with extensions: [mp3, wav, flac, aac, ogg, m4a, aif, aiff]
10-31 23:14:18.961 29014 29355 D FileManager: Starting scanForMusicFiles with extensions: [mp3, wav, flac, aac, ogg, m4a, aif, aiff]
10-31 23:14:18.986 29014 29355 D MusicViewModel: 📁 Subfolder: Electronica - 1 files
10-31 23:14:19.006 29014 29355 D FileManager: Starting scanForMusicFiles with extensions: [mp3, wav, flac, aac, ogg, m4a, aif, aiff]
10-31 23:14:19.067 29014 29355 D MusicViewModel: 📁 Subfolder: DUB - 7 files
10-31 23:14:19.082 29014 29355 D FileManager: Starting scanForMusicFiles with extensions: [mp3, wav, flac, aac, ogg, m4a, aif, aiff]
10-31 23:14:19.176 29014 29355 D MusicViewModel: 📁 Subfolder: HiFi Write To CD - 17 files
10-31 23:14:19.205 29014 29355 D FileManager: Starting scanForMusicFiles with extensions: [mp3, wav, flac, aac, ogg, m4a, aif, aiff]
10-31 23:14:19.223 29014 29355 D MusicViewModel: 📁 Subfolder: DeepHouse - 2 files
10-31 23:14:19.405 29014 29014 D MusicViewModel: 📁 FileManager.sortFile result: success=true for unknown Artist - Feelings and Sensations [NNMS64].flac
10-31 23:14:19.471 29014 29355 D FileManager: Starting scanForMusicFiles with extensions: [mp3, wav, flac, aac, ogg, m4a, aif, aiff]
10-31 23:14:19.483 29014 29138 D FileManager: Subfolder permissions OK: content://com.android.externalstorage.documents/tree/primary%3AResults/document/primary%3AResults%2FRejected
10-31 23:14:19.489 29014 29355 D MusicViewModel: 📁 Subfolder: Disco - 1 files
10-31 23:14:19.529 29014 29355 D FileManager: Starting scanForMusicFiles with extensions: [mp3, wav, flac, aac, ogg, m4a, aif, aiff]
10-31 23:14:19.555 29014 29355 D MusicViewModel: 📁 Subfolder: BRYZ - 1 files
10-31 23:14:19.673 29014 29355 D FileManager: Starting scanForMusicFiles with extensions: [mp3, wav, flac, aac, ogg, m4a, aif, aiff]
10-31 23:14:19.698 29014 29355 D MusicViewModel: 📁 Subfolder: AfroTech - 1 files
10-31 23:14:19.871 29014 29355 D FileManager: Starting scanForMusicFiles with extensions: [mp3, wav, flac, aac, ogg, m4a, aif, aiff]
10-31 23:14:19.894 29014 29355 D MusicViewModel: 📁 Subfolder: HiFi - 1 files
10-31 23:14:19.920 29014 29355 D FileManager: Starting scanForMusicFiles with extensions: [mp3, wav, flac, aac, ogg, m4a, aif, aiff]
10-31 23:14:19.963 29014 29355 D MusicViewModel: 📁 Subfolder: FourTet - 6 files
10-31 23:14:20.015 29014 29355 D FileManager: Starting scanForMusicFiles with extensions: [mp3, wav, flac, aac, ogg, m4a, aif, aiff]
10-31 23:14:20.038 29014 29355 D MusicViewModel: 📁 Subfolder: Events - 0 files
10-31 23:14:20.081 29014 29355 D FileManager: Starting scanForMusicFiles with extensions: [mp3, wav, flac, aac, ogg, m4a, aif, aiff]
10-31 23:14:20.111 29014 29355 D MusicViewModel: 📁 Subfolder: Hot Since 82 - 2 files
10-31 23:14:20.158 29014 29355 D FileManager: Starting scanForMusicFiles with extensions: [mp3, wav, flac, aac, ogg, m4a, aif, aiff]
10-31 23:14:20.170 29014 29355 D MusicViewModel: 📁 Subfolder: Organic - 1 files
10-31 23:14:20.263 29014 29355 D FileManager: Starting scanForMusicFiles with extensions: [mp3, wav, flac, aac, ogg, m4a, aif, aiff]
10-31 23:14:20.277 29014 29355 D MusicViewModel: 📁 Subfolder: Kaine - 1 files
10-31 23:14:20.350 29014 29355 D FileManager: Starting scanForMusicFiles with extensions: [mp3, wav, flac, aac, ogg, m4a, aif, aiff]
10-31 23:14:20.371 29014 29014 D MusicViewModel: 📁 FileManager.sortFile result: success=true for unknown Artist - Stanco [TST013].flac
10-31 23:14:20.472 29014 29355 D FileManager: Starting scanForMusicFiles with extensions: [mp3, wav, flac, aac, ogg, m4a, aif, aiff]
10-31 23:14:20.480 29014 29355 D FileManager: Starting scanForMusicFiles with extensions: [mp3, wav, flac, aac, ogg, m4a, aif, aiff]
10-31 23:14:20.496 29014 29355 D FileManager: Starting scanForMusicFiles with extensions: [mp3, wav, flac, aac, ogg, m4a, aif, aiff]
10-31 23:14:20.525 29014 29355 D FileManager: 📁 SAF: Found file in 'HiFi Write To CD': Anna Calvi & Perfume Genius - I See A Darkness.aiff
10-31 23:14:20.531 29014 29355 D FileManager: Starting scanForMusicFiles with extensions: [mp3, wav, flac, aac, ogg, m4a, aif, aiff]
10-31 23:14:20.548 29014 29355 D FileManager: Starting scanForMusicFiles with extensions: [mp3, wav, flac, aac, ogg, m4a, aif, aiff]
10-31 23:14:20.556 29014 29355 D FileManager: Starting scanForMusicFiles with extensions: [mp3, wav, flac, aac, ogg, m4a, aif, aiff]
10-31 23:14:20.566 29014 29355 D FileManager: Starting scanForMusicFiles with extensions: [mp3, wav, flac, aac, ogg, m4a, aif, aiff]
10-31 23:14:20.578 29014 29355 D FileManager: Starting scanForMusicFiles with extensions: [mp3, wav, flac, aac, ogg, m4a, aif, aiff]
10-31 23:14:20.587 29014 29355 D FileManager: Starting scanForMusicFiles with extensions: [mp3, wav, flac, aac, ogg, m4a, aif, aiff]
10-31 23:14:20.603 29014 29355 D FileManager: Starting scanForMusicFiles with extensions: [mp3, wav, flac, aac, ogg, m4a, aif, aiff]
10-31 23:14:20.611 29014 29355 D FileManager: Starting scanForMusicFiles with extensions: [mp3, wav, flac, aac, ogg, m4a, aif, aiff]
10-31 23:14:20.626 29014 29355 D FileManager: Starting scanForMusicFiles with extensions: [mp3, wav, flac, aac, ogg, m4a, aif, aiff]
10-31 23:14:20.642 29014 29355 D FileManager: Starting scanForMusicFiles with extensions: [mp3, wav, flac, aac, ogg, m4a, aif, aiff]
10-31 23:14:20.907 29014 29355 D FileManager: Starting scanForMusicFiles with extensions: [mp3, wav, flac, aac, ogg, m4a, aif, aiff]
10-31 23:14:20.926 29014 29355 D MusicViewModel: 📁 Subfolder: Electronica - 1 files
10-31 23:14:20.950 29014 29355 D FileManager: Starting scanForMusicFiles with extensions: [mp3, wav, flac, aac, ogg, m4a, aif, aiff]
10-31 23:14:21.026 29014 29355 D MusicViewModel: 📁 Subfolder: DUB - 7 files
10-31 23:14:21.055 29014 29355 D FileManager: Starting scanForMusicFiles with extensions: [mp3, wav, flac, aac, ogg, m4a, aif, aiff]
10-31 23:14:21.196 29014 29355 D MusicViewModel: 📁 Subfolder: HiFi Write To CD - 17 files
10-31 23:14:21.245 29014 29355 D FileManager: Starting scanForMusicFiles with extensions: [mp3, wav, flac, aac, ogg, m4a, aif, aiff]
10-31 23:14:21.288 29014 29355 D MusicViewModel: 📁 Subfolder: DeepHouse - 2 files
10-31 23:14:21.716 29014 29355 D FileManager: Starting scanForMusicFiles with extensions: [mp3, wav, flac, aac, ogg, m4a, aif, aiff]
10-31 23:14:21.738 29014 29355 D MusicViewModel: 📁 Subfolder: Disco - 1 files
10-31 23:14:21.772 29014 29355 D FileManager: Starting scanForMusicFiles with extensions: [mp3, wav, flac, aac, ogg, m4a, aif, aiff]
10-31 23:14:21.792 29014 29355 D MusicViewModel: 📁 Subfolder: BRYZ - 1 files
10-31 23:14:21.887 29014 29355 D FileManager: Starting scanForMusicFiles with extensions: [mp3, wav, flac, aac, ogg, m4a, aif, aiff]
10-31 23:14:21.905 29014 29355 D MusicViewModel: 📁 Subfolder: AfroTech - 1 files
10-31 23:14:22.033 29014 29355 D FileManager: Starting scanForMusicFiles with extensions: [mp3, wav, flac, aac, ogg, m4a, aif, aiff]
10-31 23:14:22.049 29014 29355 D MusicViewModel: 📁 Subfolder: HiFi - 1 files
10-31 23:14:22.062 29014 29355 D FileManager: Starting scanForMusicFiles with extensions: [mp3, wav, flac, aac, ogg, m4a, aif, aiff]
10-31 23:14:22.104 29014 29355 D MusicViewModel: 📁 Subfolder: FourTet - 6 files
10-31 23:14:22.135 29014 29355 D FileManager: Starting scanForMusicFiles with extensions: [mp3, wav, flac, aac, ogg, m4a, aif, aiff]
10-31 23:14:22.147 29014 29355 D MusicViewModel: 📁 Subfolder: Events - 0 files
10-31 23:14:22.168 29014 29355 D FileManager: Starting scanForMusicFiles with extensions: [mp3, wav, flac, aac, ogg, m4a, aif, aiff]
10-31 23:14:22.194 29014 29355 D MusicViewModel: 📁 Subfolder: Hot Since 82 - 2 files
10-31 23:14:22.243 29014 29355 D FileManager: Starting scanForMusicFiles with extensions: [mp3, wav, flac, aac, ogg, m4a, aif, aiff]
10-31 23:14:22.256 29014 29355 D MusicViewModel: 📁 Subfolder: Organic - 1 files
10-31 23:14:22.334 29014 29355 D FileManager: Starting scanForMusicFiles with extensions: [mp3, wav, flac, aac, ogg, m4a, aif, aiff]
10-31 23:14:22.351 29014 29355 D MusicViewModel: 📁 Subfolder: Kaine - 1 files
10-31 23:14:22.475 29014 29138 D FileManager: Starting scanForMusicFiles with extensions: [mp3, wav, flac, aac, ogg, m4a, aif, aiff]
10-31 23:14:22.606 29014 29358 D FileManager: Starting scanForMusicFiles with extensions: [mp3, wav, flac, aac, ogg, m4a, aif, aiff]
10-31 23:14:22.775 29014 29358 D FileManager: Starting scanForMusicFiles with extensions: [mp3, wav, flac, aac, ogg, m4a, aif, aiff]
10-31 23:14:22.784 29014 29358 D FileManager: Starting scanForMusicFiles with extensions: [mp3, wav, flac, aac, ogg, m4a, aif, aiff]
10-31 23:14:22.802 29014 29358 D FileManager: Starting scanForMusicFiles with extensions: [mp3, wav, flac, aac, ogg, m4a, aif, aiff]
10-31 23:14:22.819 29014 29358 D FileManager: 📁 SAF: Found file in 'HiFi Write To CD': Anna Calvi & Perfume Genius - I See A Darkness.aiff
10-31 23:14:22.821 29014 29358 D FileManager: Starting scanForMusicFiles with extensions: [mp3, wav, flac, aac, ogg, m4a, aif, aiff]
10-31 23:14:22.836 29014 29358 D FileManager: Starting scanForMusicFiles with extensions: [mp3, wav, flac, aac, ogg, m4a, aif, aiff]
10-31 23:14:22.842 29014 29358 D FileManager: Starting scanForMusicFiles with extensions: [mp3, wav, flac, aac, ogg, m4a, aif, aiff]
10-31 23:14:22.850 29014 29358 D FileManager: Starting scanForMusicFiles with extensions: [mp3, wav, flac, aac, ogg, m4a, aif, aiff]
10-31 23:14:22.859 29014 29358 D FileManager: Starting scanForMusicFiles with extensions: [mp3, wav, flac, aac, ogg, m4a, aif, aiff]
10-31 23:14:22.866 29014 29358 D FileManager: Starting scanForMusicFiles with extensions: [mp3, wav, flac, aac, ogg, m4a, aif, aiff]
10-31 23:14:22.879 29014 29358 D FileManager: Starting scanForMusicFiles with extensions: [mp3, wav, flac, aac, ogg, m4a, aif, aiff]
10-31 23:14:22.885 29014 29358 D FileManager: Starting scanForMusicFiles with extensions: [mp3, wav, flac, aac, ogg, m4a, aif, aiff]
10-31 23:14:22.894 29014 29358 D FileManager: Starting scanForMusicFiles with extensions: [mp3, wav, flac, aac, ogg, m4a, aif, aiff]
10-31 23:14:22.905 29014 29358 D FileManager: Starting scanForMusicFiles with extensions: [mp3, wav, flac, aac, ogg, m4a, aif, aiff]
10-31 23:14:23.209 29014 29358 D FileManager: Starting scanForMusicFiles with extensions: [mp3, wav, flac, aac, ogg, m4a, aif, aiff]
10-31 23:14:23.226 29014 29358 D MusicViewModel: 📁 Subfolder: Electronica - 1 files
10-31 23:14:23.241 29014 29358 D FileManager: Starting scanForMusicFiles with extensions: [mp3, wav, flac, aac, ogg, m4a, aif, aiff]
10-31 23:14:23.288 29014 29358 D MusicViewModel: 📁 Subfolder: DUB - 7 files
10-31 23:14:23.299 29014 29358 D FileManager: Starting scanForMusicFiles with extensions: [mp3, wav, flac, aac, ogg, m4a, aif, aiff]
10-31 23:14:23.395 29014 29358 D MusicViewModel: 📁 Subfolder: HiFi Write To CD - 17 files
10-31 23:14:23.429 29014 29358 D FileManager: Starting scanForMusicFiles with extensions: [mp3, wav, flac, aac, ogg, m4a, aif, aiff]
10-31 23:14:23.448 29014 29358 D MusicViewModel: 📁 Subfolder: DeepHouse - 2 files
10-31 23:14:23.786 29014 29358 D FileManager: Starting scanForMusicFiles with extensions: [mp3, wav, flac, aac, ogg, m4a, aif, aiff]
10-31 23:14:23.810 29014 29358 D MusicViewModel: 📁 Subfolder: Disco - 1 files
10-31 23:14:23.845 29014 29358 D FileManager: Starting scanForMusicFiles with extensions: [mp3, wav, flac, aac, ogg, m4a, aif, aiff]
10-31 23:14:23.867 29014 29358 D MusicViewModel: 📁 Subfolder: BRYZ - 1 files
10-31 23:14:23.956 29014 29358 D FileManager: Starting scanForMusicFiles with extensions: [mp3, wav, flac, aac, ogg, m4a, aif, aiff]
10-31 23:14:23.981 29014 29358 D MusicViewModel: 📁 Subfolder: AfroTech - 1 files
10-31 23:14:24.115 29014 29358 D FileManager: Starting scanForMusicFiles with extensions: [mp3, wav, flac, aac, ogg, m4a, aif, aiff]
10-31 23:14:24.132 29014 29358 D MusicViewModel: 📁 Subfolder: HiFi - 1 files
10-31 23:14:24.146 29014 29358 D FileManager: Starting scanForMusicFiles with extensions: [mp3, wav, flac, aac, ogg, m4a, aif, aiff]
10-31 23:14:24.188 29014 29358 D MusicViewModel: 📁 Subfolder: FourTet - 6 files
10-31 23:14:24.215 29014 29358 D FileManager: Starting scanForMusicFiles with extensions: [mp3, wav, flac, aac, ogg, m4a, aif, aiff]
10-31 23:14:24.225 29014 29358 D MusicViewModel: 📁 Subfolder: Events - 0 files
10-31 23:14:24.249 29014 29358 D FileManager: Starting scanForMusicFiles with extensions: [mp3, wav, flac, aac, ogg, m4a, aif, aiff]
10-31 23:14:24.282 29014 29358 D MusicViewModel: 📁 Subfolder: Hot Since 82 - 2 files
10-31 23:14:24.313 29014 29358 D FileManager: Starting scanForMusicFiles with extensions: [mp3, wav, flac, aac, ogg, m4a, aif, aiff]
10-31 23:14:24.326 29014 29358 D MusicViewModel: 📁 Subfolder: Organic - 1 files
10-31 23:14:24.391 29014 29358 D FileManager: Starting scanForMusicFiles with extensions: [mp3, wav, flac, aac, ogg, m4a, aif, aiff]
10-31 23:14:24.404 29014 29358 D MusicViewModel: 📁 Subfolder: Kaine - 1 files
10-31 23:14:24.525 29014 29355 D FileManager: Starting scanForMusicFiles with extensions: [mp3, wav, flac, aac, ogg, m4a, aif, aiff]
10-31 23:14:24.644 29014 29141 D FileManager: Starting scanForMusicFiles with extensions: [mp3, wav, flac, aac, ogg, m4a, aif, aiff]
10-31 23:14:24.820 29014 29141 D FileManager: Starting scanForMusicFiles with extensions: [mp3, wav, flac, aac, ogg, m4a, aif, aiff]
10-31 23:14:24.825 29014 29141 D FileManager: Starting scanForMusicFiles with extensions: [mp3, wav, flac, aac, ogg, m4a, aif, aiff]
10-31 23:14:24.837 29014 29141 D FileManager: Starting scanForMusicFiles with extensions: [mp3, wav, flac, aac, ogg, m4a, aif, aiff]
10-31 23:14:24.856 29014 29141 D FileManager: 📁 SAF: Found file in 'HiFi Write To CD': Anna Calvi & Perfume Genius - I See A Darkness.aiff
10-31 23:14:24.859 29014 29141 D FileManager: Starting scanForMusicFiles with extensions: [mp3, wav, flac, aac, ogg, m4a, aif, aiff]
10-31 23:14:24.884 29014 29141 D FileManager: Starting scanForMusicFiles with extensions: [mp3, wav, flac, aac, ogg, m4a, aif, aiff]
10-31 23:14:24.893 29014 29141 D FileManager: Starting scanForMusicFiles with extensions: [mp3, wav, flac, aac, ogg, m4a, aif, aiff]
10-31 23:14:24.906 29014 29141 D FileManager: Starting scanForMusicFiles with extensions: [mp3, wav, flac, aac, ogg, m4a, aif, aiff]
10-31 23:14:24.925 29014 29141 D FileManager: Starting scanForMusicFiles with extensions: [mp3, wav, flac, aac, ogg, m4a, aif, aiff]
10-31 23:14:24.937 29014 29141 D FileManager: Starting scanForMusicFiles with extensions: [mp3, wav, flac, aac, ogg, m4a, aif, aiff]
10-31 23:14:24.954 29014 29141 D FileManager: Starting scanForMusicFiles with extensions: [mp3, wav, flac, aac, ogg, m4a, aif, aiff]
10-31 23:14:24.961 29014 29141 D FileManager: Starting scanForMusicFiles with extensions: [mp3, wav, flac, aac, ogg, m4a, aif, aiff]
10-31 23:14:24.969 29014 29141 D FileManager: Starting scanForMusicFiles with extensions: [mp3, wav, flac, aac, ogg, m4a, aif, aiff]
10-31 23:14:24.979 29014 29141 D FileManager: Starting scanForMusicFiles with extensions: [mp3, wav, flac, aac, ogg, m4a, aif, aiff]
10-31 23:14:25.165 29014 29141 D FileManager: Starting scanForMusicFiles with extensions: [mp3, wav, flac, aac, ogg, m4a, aif, aiff]
10-31 23:14:25.181 29014 29141 D MusicViewModel: 📁 Subfolder: Electronica - 1 files
10-31 23:14:25.194 29014 29141 D FileManager: Starting scanForMusicFiles with extensions: [mp3, wav, flac, aac, ogg, m4a, aif, aiff]
10-31 23:14:25.245 29014 29141 D MusicViewModel: 📁 Subfolder: DUB - 7 files
10-31 23:14:25.263 29014 29141 D FileManager: Starting scanForMusicFiles with extensions: [mp3, wav, flac, aac, ogg, m4a, aif, aiff]
10-31 23:14:25.400 29014 29141 D MusicViewModel: 📁 Subfolder: HiFi Write To CD - 17 files
10-31 23:14:25.443 29014 29141 D FileManager: Starting scanForMusicFiles with extensions: [mp3, wav, flac, aac, ogg, m4a, aif, aiff]
10-31 23:14:25.471 29014 29141 D MusicViewModel: 📁 Subfolder: DeepHouse - 2 files
10-31 23:14:25.814 29014 29141 D FileManager: Starting scanForMusicFiles with extensions: [mp3, wav, flac, aac, ogg, m4a, aif, aiff]
10-31 23:14:25.825 29014 29141 D MusicViewModel: 📁 Subfolder: Disco - 1 files
10-31 23:14:25.845 29014 29141 D FileManager: Starting scanForMusicFiles with extensions: [mp3, wav, flac, aac, ogg, m4a, aif, aiff]
10-31 23:14:25.859 29014 29141 D MusicViewModel: 📁 Subfolder: BRYZ - 1 files
10-31 23:14:25.935 29014 29141 D FileManager: Starting scanForMusicFiles with extensions: [mp3, wav, flac, aac, ogg, m4a, aif, aiff]
10-31 23:14:25.948 29014 29141 D MusicViewModel: 📁 Subfolder: AfroTech - 1 files
10-31 23:14:26.035 29014 29141 D FileManager: Starting scanForMusicFiles with extensions: [mp3, wav, flac, aac, ogg, m4a, aif, aiff]
10-31 23:14:26.048 29014 29141 D MusicViewModel: 📁 Subfolder: HiFi - 1 files
10-31 23:14:26.058 29014 29141 D FileManager: Starting scanForMusicFiles with extensions: [mp3, wav, flac, aac, ogg, m4a, aif, aiff]
10-31 23:14:26.090 29014 29141 D MusicViewModel: 📁 Subfolder: FourTet - 6 files
10-31 23:14:26.113 29014 29141 D FileManager: Starting scanForMusicFiles with extensions: [mp3, wav, flac, aac, ogg, m4a, aif, aiff]
10-31 23:14:26.121 29014 29141 D MusicViewModel: 📁 Subfolder: Events - 0 files
10-31 23:14:26.137 29014 29141 D FileManager: Starting scanForMusicFiles with extensions: [mp3, wav, flac, aac, ogg, m4a, aif, aiff]
10-31 23:14:26.153 29014 29141 D MusicViewModel: 📁 Subfolder: Hot Since 82 - 2 files
10-31 23:14:26.182 29014 29141 D FileManager: Starting scanForMusicFiles with extensions: [mp3, wav, flac, aac, ogg, m4a, aif, aiff]
10-31 23:14:26.194 29014 29141 D MusicViewModel: 📁 Subfolder: Organic - 1 files
10-31 23:14:26.271 29014 29141 D FileManager: Starting scanForMusicFiles with extensions: [mp3, wav, flac, aac, ogg, m4a, aif, aiff]
10-31 23:14:26.288 29014 29141 D MusicViewModel: 📁 Subfolder: Kaine - 1 files
10-31 23:14:26.403 29014 29138 D FileManager: Starting scanForMusicFiles with extensions: [mp3, wav, flac, aac, ogg, m4a, aif, aiff]
10-31 23:16:58.987 29014 29014 D MusicViewModel: 📁 LOAD_CURRENT_FILE() called
10-31 23:16:58.989 29014 29014 D MusicViewModel: 📁 LOAD_CURRENT_FILE() - getting files for playlist: TODO
10-31 23:16:58.989 29014 29014 D MusicViewModel: 📁 LOAD_CURRENT_FILE() - files count: 297, current index: 2
10-31 23:16:58.989 29014 29014 D MusicViewModel: 📁 LOAD_CURRENT_FILE() - loading file: Coreea - Noisy Emotion (Gift Track).flac
10-31 23:16:58.989 29014 29014 D MusicViewModel: 📁 LOAD_CURRENT_FILE() - stored current file
10-31 23:16:58.990 29014 29014 D MusicViewModel: 📁 LOAD_CURRENT_FILE() - updated current playing file
10-31 23:16:58.990 29014 29014 D MusicViewModel: 📁 LOAD_CURRENT_FILE() - preloaded next file: Etat Cru - Stan Surowy [CTRWAX007].flac
10-31 23:16:58.990 29014 29014 D MusicViewModel: 📁 LOAD_CURRENT_FILE() - checking memory pressure
10-31 23:16:58.990 29014 29014 D MusicViewModel: 📁 LOAD_CURRENT_FILE() - available memory: 177MB
10-31 23:16:58.990 29014 29014 D MusicViewModel: 📁 LOAD_CURRENT_FILE() - calling audioManager.playFile()
10-31 23:16:58.990 29014 29014 D AudioManager: 📁 File URI: content://com.android.externalstorage.documents/tree/primary%3ATrial%20now%2F04.%20April/document/primary%3ATrial%20now%2F04.%20April%2F2024-04-14%2FCoreea%20-%20Noisy%20Emotion%20(Gift%20Track).flac
10-31 23:16:59.216 29014 29014 D AudioManager: 📁 Temp file created: /data/user/0/com.example.mobiledigger/cache/aiff_temp_1484514782575324613.aiff
10-31 23:16:59.802 29014 29014 D MusicViewModel: 📁 LOAD_CURRENT_FILE() - playFile result: true
10-31 23:16:59.803 29014 29014 D MusicViewModel: 📁 LOAD_CURRENT_FILE() - playback started successfully for Coreea - Noisy Emotion (Gift Track).flac
10-31 23:16:59.805 29014 29014 D MusicViewModel: 📁 LOAD_CURRENT_FILE() - extracting duration for Coreea - Noisy Emotion (Gift Track).flac
10-31 23:16:59.807 29014 29014 D MusicViewModel: 📁 LOAD_CURRENT_FILE() - updating notification
10-31 23:16:59.813 29014 29014 D MusicViewModel: 📁 LOAD_CURRENT_FILE() - starting preload next song
10-31 23:16:59.881 29014 29014 D VlcAudioBackend: 📁 Media changed
10-31 23:16:59.912 29014 29141 D MusicViewModel: 📁 LOAD_CURRENT_FILE() - extracted duration: 556182ms
10-31 23:17:00.004 29014 29014 D MusicViewModel: 📁 LOAD_CURRENT_FILE() - duration updated
10-31 23:17:08.204 29014 29014 D MusicViewModel: 📁 LOAD_CURRENT_FILE() called
10-31 23:17:08.205 29014 29014 D MusicViewModel: 📁 LOAD_CURRENT_FILE() - getting files for playlist: TODO
10-31 23:17:08.205 29014 29014 D MusicViewModel: 📁 LOAD_CURRENT_FILE() - files count: 297, current index: 3
10-31 23:17:08.205 29014 29014 D MusicViewModel: 📁 LOAD_CURRENT_FILE() - loading file: Etat Cru - Stan Surowy [CTRWAX007].flac
10-31 23:17:08.205 29014 29014 D MusicViewModel: 📁 LOAD_CURRENT_FILE() - stored current file
10-31 23:17:08.205 29014 29014 D MusicViewModel: 📁 LOAD_CURRENT_FILE() - updated current playing file
10-31 23:17:08.205 29014 29014 D MusicViewModel: 📁 LOAD_CURRENT_FILE() - preloaded next file: Fedo - Placinda [EED011].flac
10-31 23:17:08.205 29014 29014 D MusicViewModel: 📁 LOAD_CURRENT_FILE() - checking memory pressure
10-31 23:17:08.206 29014 29014 D MusicViewModel: 📁 LOAD_CURRENT_FILE() - available memory: 243MB
10-31 23:17:08.206 29014 29014 D MusicViewModel: 📁 LOAD_CURRENT_FILE() - calling audioManager.playFile()
10-31 23:17:08.206 29014 29014 D AudioManager: 📁 File URI: content://com.android.externalstorage.documents/tree/primary%3ATrial%20now%2F04.%20April/document/primary%3ATrial%20now%2F04.%20April%2F2024-04-14%2FEtat%20Cru%20-%20Stan%20Surowy%20%5BCTRWAX007%5D.flac
10-31 23:17:08.391 29014 29014 D AudioManager: 📁 Temp file created: /data/user/0/com.example.mobiledigger/cache/aiff_temp_5689058770217314912.aiff
10-31 23:17:08.803 29014 29014 D MusicViewModel: 📁 LOAD_CURRENT_FILE() - playFile result: true
10-31 23:17:08.804 29014 29014 D MusicViewModel: 📁 LOAD_CURRENT_FILE() - playback started successfully for Etat Cru - Stan Surowy [CTRWAX007].flac
10-31 23:17:08.805 29014 29014 D MusicViewModel: 📁 LOAD_CURRENT_FILE() - extracting duration for Etat Cru - Stan Surowy [CTRWAX007].flac
10-31 23:17:08.806 29014 29014 D MusicViewModel: 📁 LOAD_CURRENT_FILE() - updating notification
10-31 23:17:08.811 29014 29014 D MusicViewModel: 📁 LOAD_CURRENT_FILE() - starting preload next song
10-31 23:17:08.884 29014 29014 D VlcAudioBackend: 📁 Media changed
10-31 23:17:08.928 29014 30877 D MusicViewModel: 📁 LOAD_CURRENT_FILE() - extracted duration: 415017ms
10-31 23:17:09.025 29014 29014 D MusicViewModel: 📁 LOAD_CURRENT_FILE() - duration updated
10-31 23:17:10.899 29014 29014 D MusicViewModel: 📁 LOAD_CURRENT_FILE() called
10-31 23:17:10.899 29014 29014 D MusicViewModel: 📁 LOAD_CURRENT_FILE() - getting files for playlist: TODO
10-31 23:17:10.899 29014 29014 D MusicViewModel: 📁 LOAD_CURRENT_FILE() - files count: 297, current index: 1
10-31 23:17:10.899 29014 29014 D MusicViewModel: 📁 LOAD_CURRENT_FILE() - loading file: Catz n Dogz - Rave History (Maruwa Remix) [PETS171].flac
10-31 23:17:10.900 29014 29014 D MusicViewModel: 📁 LOAD_CURRENT_FILE() - stored current file
10-31 23:17:10.900 29014 29014 D MusicViewModel: 📁 LOAD_CURRENT_FILE() - updated current playing file
10-31 23:17:10.900 29014 29014 D MusicViewModel: 📁 LOAD_CURRENT_FILE() - preloaded next file: Coreea - Noisy Emotion (Gift Track).flac
10-31 23:17:10.900 29014 29014 D MusicViewModel: 📁 LOAD_CURRENT_FILE() - checking memory pressure
10-31 23:17:10.901 29014 29014 D MusicViewModel: 📁 LOAD_CURRENT_FILE() - available memory: 238MB
10-31 23:17:10.901 29014 29014 D MusicViewModel: 📁 LOAD_CURRENT_FILE() - calling audioManager.playFile()
10-31 23:17:10.901 29014 29014 D AudioManager: 📁 File URI: content://com.android.externalstorage.documents/tree/primary%3ATrial%20now%2F04.%20April/document/primary%3ATrial%20now%2F04.%20April%2F2024-04-14%2FCatz%20n%20Dogz%20-%20Rave%20History%20(Maruwa%20Remix)%20%5BPETS171%5D.flac
10-31 23:17:11.087 29014 29014 D AudioManager: 📁 Temp file created: /data/user/0/com.example.mobiledigger/cache/aiff_temp_7108227674603235011.aiff
10-31 23:17:11.536 29014 29014 D MusicViewModel: 📁 LOAD_CURRENT_FILE() - playFile result: true
10-31 23:17:11.536 29014 29014 D MusicViewModel: 📁 LOAD_CURRENT_FILE() - playback started successfully for Catz n Dogz - Rave History (Maruwa Remix) [PETS171].flac
10-31 23:17:11.536 29014 29014 D MusicViewModel: 📁 LOAD_CURRENT_FILE() - extracting duration for Catz n Dogz - Rave History (Maruwa Remix) [PETS171].flac
10-31 23:17:11.536 29014 29014 D MusicViewModel: 📁 LOAD_CURRENT_FILE() - updating notification
10-31 23:17:11.538 29014 29014 D MusicViewModel: 📁 LOAD_CURRENT_FILE() - starting preload next song
10-31 23:17:11.579 29014 29014 D VlcAudioBackend: 📁 Media changed
10-31 23:17:11.607 29014 30874 D MusicViewModel: 📁 LOAD_CURRENT_FILE() - extracted duration: 394321ms
10-31 23:17:11.696 29014 29014 D MusicViewModel: 📁 LOAD_CURRENT_FILE() - duration updated
10-31 23:17:21.834 29014 29014 D MusicViewModel: 📁 LOAD_CURRENT_FILE() called
10-31 23:17:21.834 29014 29014 D MusicViewModel: 📁 LOAD_CURRENT_FILE() - getting files for playlist: TODO
10-31 23:17:21.835 29014 29014 D MusicViewModel: 📁 LOAD_CURRENT_FILE() - files count: 297, current index: 2
10-31 23:17:21.835 29014 29014 D MusicViewModel: 📁 LOAD_CURRENT_FILE() - loading file: Coreea - Noisy Emotion (Gift Track).flac
10-31 23:17:21.835 29014 29014 D MusicViewModel: 📁 LOAD_CURRENT_FILE() - stored current file
10-31 23:17:21.835 29014 29014 D MusicViewModel: 📁 LOAD_CURRENT_FILE() - updated current playing file
10-31 23:17:21.835 29014 29014 D MusicViewModel: 📁 LOAD_CURRENT_FILE() - preloaded next file: Etat Cru - Stan Surowy [CTRWAX007].flac
10-31 23:17:21.835 29014 29014 D MusicViewModel: 📁 LOAD_CURRENT_FILE() - checking memory pressure
10-31 23:17:21.836 29014 29014 D MusicViewModel: 📁 LOAD_CURRENT_FILE() - available memory: 232MB
10-31 23:17:21.836 29014 29014 D MusicViewModel: 📁 LOAD_CURRENT_FILE() - calling audioManager.playFile()
10-31 23:17:21.836 29014 29014 D AudioManager: 📁 File URI: content://com.android.externalstorage.documents/tree/primary%3ATrial%20now%2F04.%20April/document/primary%3ATrial%20now%2F04.%20April%2F2024-04-14%2FCoreea%20-%20Noisy%20Emotion%20(Gift%20Track).flac
10-31 23:17:22.024 29014 29014 D AudioManager: 📁 Temp file created: /data/user/0/com.example.mobiledigger/cache/aiff_temp_1183788269806730479.aiff
10-31 23:17:22.505 29014 29014 D MusicViewModel: 📁 LOAD_CURRENT_FILE() - playFile result: true
10-31 23:17:22.506 29014 29014 D MusicViewModel: 📁 LOAD_CURRENT_FILE() - playback started successfully for Coreea - Noisy Emotion (Gift Track).flac
10-31 23:17:22.508 29014 29014 D MusicViewModel: 📁 LOAD_CURRENT_FILE() - using existing duration: 556182ms
10-31 23:17:22.509 29014 29014 D MusicViewModel: 📁 LOAD_CURRENT_FILE() - updating notification
10-31 23:17:22.519 29014 29014 D MusicViewModel: 📁 LOAD_CURRENT_FILE() - starting preload next song
10-31 23:17:22.579 29014 29014 D VlcAudioBackend: 📁 Media changed
10-31 23:17:23.723 29014 29014 D MusicViewModel: 📁 LOAD_CURRENT_FILE() called
10-31 23:17:23.723 29014 29014 D MusicViewModel: 📁 LOAD_CURRENT_FILE() - getting files for playlist: TODO
10-31 23:17:23.723 29014 29014 D MusicViewModel: 📁 LOAD_CURRENT_FILE() - files count: 297, current index: 3
10-31 23:17:23.724 29014 29014 D MusicViewModel: 📁 LOAD_CURRENT_FILE() - loading file: Etat Cru - Stan Surowy [CTRWAX007].flac
10-31 23:17:23.724 29014 29014 D MusicViewModel: 📁 LOAD_CURRENT_FILE() - stored current file
10-31 23:17:23.724 29014 29014 D MusicViewModel: 📁 LOAD_CURRENT_FILE() - updated current playing file
10-31 23:17:23.724 29014 29014 D MusicViewModel: 📁 LOAD_CURRENT_FILE() - preloaded next file: Fedo - Placinda [EED011].flac
10-31 23:17:23.724 29014 29014 D MusicViewModel: 📁 LOAD_CURRENT_FILE() - checking memory pressure
10-31 23:17:23.724 29014 29014 D MusicViewModel: 📁 LOAD_CURRENT_FILE() - available memory: 246MB
10-31 23:17:23.725 29014 29014 D MusicViewModel: 📁 LOAD_CURRENT_FILE() - calling audioManager.playFile()
10-31 23:17:23.725 29014 29014 D AudioManager: 📁 File URI: content://com.android.externalstorage.documents/tree/primary%3ATrial%20now%2F04.%20April/document/primary%3ATrial%20now%2F04.%20April%2F2024-04-14%2FEtat%20Cru%20-%20Stan%20Surowy%20%5BCTRWAX007%5D.flac
10-31 23:17:23.890 29014 29014 D AudioManager: 📁 Temp file created: /data/user/0/com.example.mobiledigger/cache/aiff_temp_8695190021660735426.aiff
10-31 23:17:24.212 29014 29014 D MusicViewModel: 📁 LOAD_CURRENT_FILE() - playFile result: true
10-31 23:17:24.212 29014 29014 D MusicViewModel: 📁 LOAD_CURRENT_FILE() - playback started successfully for Etat Cru - Stan Surowy [CTRWAX007].flac
10-31 23:17:24.213 29014 29014 D MusicViewModel: 📁 LOAD_CURRENT_FILE() - using existing duration: 415017ms
10-31 23:17:24.213 29014 29014 D MusicViewModel: 📁 LOAD_CURRENT_FILE() - updating notification
10-31 23:17:24.217 29014 29014 D MusicViewModel: 📁 LOAD_CURRENT_FILE() - starting preload next song
10-31 23:17:24.258 29014 29014 D VlcAudioBackend: 📁 Media changed
10-31 23:17:29.239 29014 29014 D MusicViewModel: 📁 LOAD_CURRENT_FILE() called
10-31 23:17:29.240 29014 29014 D MusicViewModel: 📁 LOAD_CURRENT_FILE() - getting files for playlist: TODO
10-31 23:17:29.240 29014 29014 D MusicViewModel: 📁 LOAD_CURRENT_FILE() - files count: 297, current index: 4
10-31 23:17:29.241 29014 29014 D MusicViewModel: 📁 LOAD_CURRENT_FILE() - loading file: Fedo - Placinda [EED011].flac
10-31 23:17:29.241 29014 29014 D MusicViewModel: 📁 LOAD_CURRENT_FILE() - stored current file
10-31 23:17:29.242 29014 29014 D MusicViewModel: 📁 LOAD_CURRENT_FILE() - updated current playing file
10-31 23:17:29.242 29014 29014 D MusicViewModel: 📁 LOAD_CURRENT_FILE() - preloaded next file: Flora - From Region Seven [MOVESCD002].flac
10-31 23:17:29.242 29014 29014 D MusicViewModel: 📁 LOAD_CURRENT_FILE() - checking memory pressure
10-31 23:17:29.242 29014 29014 D MusicViewModel: 📁 LOAD_CURRENT_FILE() - available memory: 230MB
10-31 23:17:29.243 29014 29014 D MusicViewModel: 📁 LOAD_CURRENT_FILE() - calling audioManager.playFile()
10-31 23:17:29.243 29014 29014 D AudioManager: 📁 File URI: content://com.android.externalstorage.documents/tree/primary%3ATrial%20now%2F04.%20April/document/primary%3ATrial%20now%2F04.%20April%2F2024-04-14%2FFedo%20-%20Placinda%20%5BEED011%5D.flac
10-31 23:17:29.423 29014 29014 D AudioManager: 📁 Temp file created: /data/user/0/com.example.mobiledigger/cache/aiff_temp_9082600691264398491.aiff
10-31 23:17:29.873 29014 29014 D MusicViewModel: 📁 LOAD_CURRENT_FILE() - playFile result: true
10-31 23:17:29.874 29014 29014 D MusicViewModel: 📁 LOAD_CURRENT_FILE() - playback started successfully for Fedo - Placinda [EED011].flac
10-31 23:17:29.876 29014 29014 D MusicViewModel: 📁 LOAD_CURRENT_FILE() - extracting duration for Fedo - Placinda [EED011].flac
10-31 23:17:29.877 29014 29014 D MusicViewModel: 📁 LOAD_CURRENT_FILE() - updating notification
10-31 23:17:29.884 29014 29014 D MusicViewModel: 📁 LOAD_CURRENT_FILE() - starting preload next song
10-31 23:17:29.955 29014 29014 D VlcAudioBackend: 📁 Media changed
10-31 23:17:29.998 29014 30877 D MusicViewModel: 📁 LOAD_CURRENT_FILE() - extracted duration: 435009ms
10-31 23:17:30.076 29014 29014 D MusicViewModel: 📁 LOAD_CURRENT_FILE() - duration updated
10-31 23:17:34.918 29014 29014 D MusicViewModel: 📁 LOAD_CURRENT_FILE() called
10-31 23:17:34.918 29014 29014 D MusicViewModel: 📁 LOAD_CURRENT_FILE() - getting files for playlist: TODO
10-31 23:17:34.918 29014 29014 D MusicViewModel: 📁 LOAD_CURRENT_FILE() - files count: 297, current index: 5
10-31 23:17:34.918 29014 29014 D MusicViewModel: 📁 LOAD_CURRENT_FILE() - loading file: Flora - From Region Seven [MOVESCD002].flac
10-31 23:17:34.918 29014 29014 D MusicViewModel: 📁 LOAD_CURRENT_FILE() - stored current file
10-31 23:17:34.919 29014 29014 D MusicViewModel: 📁 LOAD_CURRENT_FILE() - updated current playing file
10-31 23:17:34.919 29014 29014 D MusicViewModel: 📁 LOAD_CURRENT_FILE() - preloaded next file: Ivan Iacobucci and Stella Fiore - Fear and Madness in the Desert [Perlon136].flac
10-31 23:17:34.919 29014 29014 D MusicViewModel: 📁 LOAD_CURRENT_FILE() - checking memory pressure
10-31 23:17:34.919 29014 29014 D MusicViewModel: 📁 LOAD_CURRENT_FILE() - available memory: 229MB
10-31 23:17:34.920 29014 29014 D MusicViewModel: 📁 LOAD_CURRENT_FILE() - calling audioManager.playFile()
10-31 23:17:34.920 29014 29014 D AudioManager: 📁 File URI: content://com.android.externalstorage.documents/tree/primary%3ATrial%20now%2F04.%20April/document/primary%3ATrial%20now%2F04.%20April%2F2024-04-14%2FFlora%20-%20From%20Region%20Seven%20%5BMOVESCD002%5D.flac
10-31 23:17:35.110 29014 29014 D AudioManager: 📁 Temp file created: /data/user/0/com.example.mobiledigger/cache/aiff_temp_3563313932322934033.aiff
10-31 23:17:35.547 29014 29014 D MusicViewModel: 📁 LOAD_CURRENT_FILE() - playFile result: true
10-31 23:17:35.547 29014 29014 D MusicViewModel: 📁 LOAD_CURRENT_FILE() - playback started successfully for Flora - From Region Seven [MOVESCD002].flac
10-31 23:17:35.548 29014 29014 D MusicViewModel: 📁 LOAD_CURRENT_FILE() - extracting duration for Flora - From Region Seven [MOVESCD002].flac
10-31 23:17:35.548 29014 29014 D MusicViewModel: 📁 LOAD_CURRENT_FILE() - updating notification
10-31 23:17:35.551 29014 29014 D MusicViewModel: 📁 LOAD_CURRENT_FILE() - starting preload next song
10-31 23:17:35.591 29014 29014 D VlcAudioBackend: 📁 Media changed
10-31 23:17:35.602 29014 30875 D MusicViewModel: 📁 LOAD_CURRENT_FILE() - extracted duration: 425025ms
10-31 23:17:35.720 29014 29014 D MusicViewModel: 📁 LOAD_CURRENT_FILE() - duration updated
10-31 23:17:40.897 29014 29014 D MusicViewModel: 📁 LOAD_CURRENT_FILE() called
10-31 23:17:40.897 29014 29014 D MusicViewModel: 📁 LOAD_CURRENT_FILE() - getting files for playlist: TODO
10-31 23:17:40.897 29014 29014 D MusicViewModel: 📁 LOAD_CURRENT_FILE() - files count: 297, current index: 6
10-31 23:17:40.897 29014 29014 D MusicViewModel: 📁 LOAD_CURRENT_FILE() - loading file: Ivan Iacobucci and Stella Fiore - Fear and Madness in the Desert [Perlon136].flac
10-31 23:17:40.898 29014 29014 D MusicViewModel: 📁 LOAD_CURRENT_FILE() - stored current file
10-31 23:17:40.898 29014 29014 D MusicViewModel: 📁 LOAD_CURRENT_FILE() - updated current playing file
10-31 23:17:40.898 29014 29014 D MusicViewModel: 📁 LOAD_CURRENT_FILE() - preloaded next file: Jyoel - Save Me [PAN001].flac
10-31 23:17:40.898 29014 29014 D MusicViewModel: 📁 LOAD_CURRENT_FILE() - checking memory pressure
10-31 23:17:40.898 29014 29014 D MusicViewModel: 📁 LOAD_CURRENT_FILE() - available memory: 231MB
10-31 23:17:40.898 29014 29014 D MusicViewModel: 📁 LOAD_CURRENT_FILE() - calling audioManager.playFile()
10-31 23:17:40.899 29014 29014 D AudioManager: 📁 File URI: content://com.android.externalstorage.documents/tree/primary%3ATrial%20now%2F04.%20April/document/primary%3ATrial%20now%2F04.%20April%2F2024-04-14%2FIvan%20Iacobucci%20and%20Stella%20Fiore%20-%20Fear%20and%20Madness%20in%20the%20Desert%20%5BPerlon136%5D.flac
10-31 23:17:41.120 29014 29014 D AudioManager: 📁 Temp file created: /data/user/0/com.example.mobiledigger/cache/aiff_temp_6526758416841227606.aiff
10-31 23:17:41.587 29014 29014 D MusicViewModel: 📁 LOAD_CURRENT_FILE() - playFile result: true
10-31 23:17:41.587 29014 29014 D MusicViewModel: 📁 LOAD_CURRENT_FILE() - playback started successfully for Ivan Iacobucci and Stella Fiore - Fear and Madness in the Desert [Perlon136].flac
10-31 23:17:41.588 29014 29014 D MusicViewModel: 📁 LOAD_CURRENT_FILE() - extracting duration for Ivan Iacobucci and Stella Fiore - Fear and Madness in the Desert [Perlon136].flac
10-31 23:17:41.589 29014 29014 D MusicViewModel: 📁 LOAD_CURRENT_FILE() - updating notification
10-31 23:17:41.601 29014 29014 D MusicViewModel: 📁 LOAD_CURRENT_FILE() - starting preload next song
10-31 23:17:41.649 29014 29014 D VlcAudioBackend: 📁 Media changed
10-31 23:17:41.682 29014 29141 D MusicViewModel: 📁 LOAD_CURRENT_FILE() - extracted duration: 361581ms
10-31 23:17:41.777 29014 29014 D MusicViewModel: 📁 LOAD_CURRENT_FILE() - duration updated
10-31 23:17:43.893 29014 29014 D MusicViewModel: 📁 LOAD_CURRENT_FILE() called
10-31 23:17:43.893 29014 29014 D MusicViewModel: 📁 LOAD_CURRENT_FILE() - getting files for playlist: TODO
10-31 23:17:43.893 29014 29014 D MusicViewModel: 📁 LOAD_CURRENT_FILE() - files count: 297, current index: 7
10-31 23:17:43.893 29014 29014 D MusicViewModel: 📁 LOAD_CURRENT_FILE() - loading file: Jyoel - Save Me [PAN001].flac
10-31 23:17:43.893 29014 29014 D MusicViewModel: 📁 LOAD_CURRENT_FILE() - stored current file
10-31 23:17:43.894 29014 29014 D MusicViewModel: 📁 LOAD_CURRENT_FILE() - updated current playing file
10-31 23:17:43.894 29014 29014 D MusicViewModel: 📁 LOAD_CURRENT_FILE() - preloaded next file: Kawaii Sun - Interplanetary [RGS011].flac
10-31 23:17:43.894 29014 29014 D MusicViewModel: 📁 LOAD_CURRENT_FILE() - checking memory pressure
10-31 23:17:43.894 29014 29014 D MusicViewModel: 📁 LOAD_CURRENT_FILE() - available memory: 222MB
10-31 23:17:43.894 29014 29014 D MusicViewModel: 📁 LOAD_CURRENT_FILE() - calling audioManager.playFile()
10-31 23:17:43.894 29014 29014 D AudioManager: 📁 File URI: content://com.android.externalstorage.documents/tree/primary%3ATrial%20now%2F04.%20April/document/primary%3ATrial%20now%2F04.%20April%2F2024-04-14%2FJyoel%20-%20Save%20Me%20%5BPAN001%5D.flac
10-31 23:17:44.077 29014 29014 D AudioManager: 📁 Temp file created: /data/user/0/com.example.mobiledigger/cache/aiff_temp_1679329828935129880.aiff
10-31 23:17:44.592 29014 29014 D MusicViewModel: 📁 LOAD_CURRENT_FILE() - playFile result: true
10-31 23:17:44.593 29014 29014 D MusicViewModel: 📁 LOAD_CURRENT_FILE() - playback started successfully for Jyoel - Save Me [PAN001].flac
10-31 23:17:44.595 29014 29014 D MusicViewModel: 📁 LOAD_CURRENT_FILE() - extracting duration for Jyoel - Save Me [PAN001].flac
10-31 23:17:44.596 29014 29014 D MusicViewModel: 📁 LOAD_CURRENT_FILE() - updating notification
10-31 23:17:44.601 29014 29014 D MusicViewModel: 📁 LOAD_CURRENT_FILE() - starting preload next song
10-31 23:17:44.674 29014 29014 D VlcAudioBackend: 📁 Media changed
10-31 23:17:44.757 29014 29143 D MusicViewModel: 📁 LOAD_CURRENT_FILE() - extracted duration: 477037ms
10-31 23:17:44.800 29014 29014 D MusicViewModel: 📁 LOAD_CURRENT_FILE() - duration updated
10-31 23:17:47.774 29014 29014 D MusicViewModel: 📁 LOAD_CURRENT_FILE() called
10-31 23:17:47.774 29014 29014 D MusicViewModel: 📁 LOAD_CURRENT_FILE() - getting files for playlist: TODO
10-31 23:17:47.774 29014 29014 D MusicViewModel: 📁 LOAD_CURRENT_FILE() - files count: 297, current index: 8
10-31 23:17:47.775 29014 29014 D MusicViewModel: 📁 LOAD_CURRENT_FILE() - loading file: Kawaii Sun - Interplanetary [RGS011].flac
10-31 23:17:47.775 29014 29014 D MusicViewModel: 📁 LOAD_CURRENT_FILE() - stored current file
10-31 23:17:47.775 29014 29014 D MusicViewModel: 📁 LOAD_CURRENT_FILE() - updated current playing file
10-31 23:17:47.775 29014 29014 D MusicViewModel: 📁 LOAD_CURRENT_FILE() - preloaded next file: Lepaya - GF007 (Dzanin Remix) [LBV002].flac
10-31 23:17:47.775 29014 29014 D MusicViewModel: 📁 LOAD_CURRENT_FILE() - checking memory pressure
10-31 23:17:47.776 29014 29014 D MusicViewModel: 📁 LOAD_CURRENT_FILE() - available memory: 240MB
10-31 23:17:47.776 29014 29014 D MusicViewModel: 📁 LOAD_CURRENT_FILE() - calling audioManager.playFile()
10-31 23:17:47.776 29014 29014 D AudioManager: 📁 File URI: content://com.android.externalstorage.documents/tree/primary%3ATrial%20now%2F04.%20April/document/primary%3ATrial%20now%2F04.%20April%2F2024-04-14%2FKawaii%20Sun%20-%20Interplanetary%20%5BRGS011%5D.flac
10-31 23:17:47.961 29014 29014 D AudioManager: 📁 Temp file created: /data/user/0/com.example.mobiledigger/cache/aiff_temp_2842750839441729898.aiff
10-31 23:17:48.448 29014 29014 D MusicViewModel: 📁 LOAD_CURRENT_FILE() - playFile result: true
10-31 23:17:48.448 29014 29014 D MusicViewModel: 📁 LOAD_CURRENT_FILE() - playback started successfully for Kawaii Sun - Interplanetary [RGS011].flac
10-31 23:17:48.450 29014 29014 D MusicViewModel: 📁 LOAD_CURRENT_FILE() - extracting duration for Kawaii Sun - Interplanetary [RGS011].flac
10-31 23:17:48.451 29014 29014 D MusicViewModel: 📁 LOAD_CURRENT_FILE() - updating notification
10-31 23:17:48.457 29014 29014 D MusicViewModel: 📁 LOAD_CURRENT_FILE() - starting preload next song
10-31 23:17:48.526 29014 29014 D VlcAudioBackend: 📁 Media changed
10-31 23:17:48.565 29014 29143 D MusicViewModel: 📁 LOAD_CURRENT_FILE() - extracted duration: 490017ms
10-31 23:17:48.645 29014 29014 D MusicViewModel: 📁 LOAD_CURRENT_FILE() - duration updated
10-31 23:17:51.691 29014 29014 D MusicViewModel: 📁 Sorting file: B.love - Video Soul.flac with action DISLIKE, source: TODO
10-31 23:17:51.747 29014 30283 D FileManager: Subfolder permissions OK: content://com.android.externalstorage.documents/tree/primary%3AResults/document/primary%3AResults%2FRejected
10-31 23:17:51.794 29014 29014 D MusicViewModel: 📁 Sorting file: Catz n Dogz - Rave History (Maruwa Remix) [PETS171].flac with action DISLIKE, source: TODO
10-31 23:17:51.896 29014 29014 D MusicViewModel: 📁 Sorting file: Coreea - Noisy Emotion (Gift Track).flac with action DISLIKE, source: TODO
10-31 23:17:51.998 29014 29014 D MusicViewModel: 📁 Sorting file: Etat Cru - Stan Surowy [CTRWAX007].flac with action DISLIKE, source: TODO
10-31 23:17:52.100 29014 29014 D MusicViewModel: 📁 Sorting file: Fedo - Placinda [EED011].flac with action DISLIKE, source: TODO
10-31 23:17:52.202 29014 29014 D MusicViewModel: 📁 Sorting file: Flora - From Region Seven [MOVESCD002].flac with action DISLIKE, source: TODO
10-31 23:17:52.303 29014 29014 D MusicViewModel: 📁 Sorting file: Ivan Iacobucci and Stella Fiore - Fear and Madness in the Desert [Perlon136].flac with action DISLIKE, source: TODO
10-31 23:17:52.404 29014 29014 D MusicViewModel: 📁 Sorting file: Jyoel - Save Me [PAN001].flac with action DISLIKE, source: TODO
10-31 23:17:52.439 29014 29014 D MusicViewModel: 📁 FileManager.sortFile result: success=true for B.love - Video Soul.flac
10-31 23:17:52.508 29014 30283 D FileManager: Subfolder permissions OK: content://com.android.externalstorage.documents/tree/primary%3AResults/document/primary%3AResults%2FRejected
10-31 23:17:52.663 29014 29143 D FileManager: Starting scanForMusicFiles with extensions: [mp3, wav, flac, aac, ogg, m4a, aif, aiff]
10-31 23:17:52.786 29014 29143 D FileManager: Starting scanForMusicFiles with extensions: [mp3, wav, flac, aac, ogg, m4a, aif, aiff]
10-31 23:17:52.790 29014 29143 D FileManager: Starting scanForMusicFiles with extensions: [mp3, wav, flac, aac, ogg, m4a, aif, aiff]
10-31 23:17:52.798 29014 29143 D FileManager: Starting scanForMusicFiles with extensions: [mp3, wav, flac, aac, ogg, m4a, aif, aiff]
10-31 23:17:52.813 29014 29143 D FileManager: 📁 SAF: Found file in 'HiFi Write To CD': Anna Calvi & Perfume Genius - I See A Darkness.aiff
10-31 23:17:52.819 29014 29143 D FileManager: Starting scanForMusicFiles with extensions: [mp3, wav, flac, aac, ogg, m4a, aif, aiff]
10-31 23:17:52.830 29014 29143 D FileManager: Starting scanForMusicFiles with extensions: [mp3, wav, flac, aac, ogg, m4a, aif, aiff]
10-31 23:17:52.835 29014 29143 D FileManager: Starting scanForMusicFiles with extensions: [mp3, wav, flac, aac, ogg, m4a, aif, aiff]
10-31 23:17:52.843 29014 29143 D FileManager: Starting scanForMusicFiles with extensions: [mp3, wav, flac, aac, ogg, m4a, aif, aiff]
10-31 23:17:52.858 29014 29143 D FileManager: Starting scanForMusicFiles with extensions: [mp3, wav, flac, aac, ogg, m4a, aif, aiff]
10-31 23:17:52.863 29014 29143 D FileManager: Starting scanForMusicFiles with extensions: [mp3, wav, flac, aac, ogg, m4a, aif, aiff]
10-31 23:17:52.873 29014 29143 D FileManager: Starting scanForMusicFiles with extensions: [mp3, wav, flac, aac, ogg, m4a, aif, aiff]
10-31 23:17:52.877 29014 29143 D FileManager: Starting scanForMusicFiles with extensions: [mp3, wav, flac, aac, ogg, m4a, aif, aiff]
10-31 23:17:52.892 29014 29143 D FileManager: Starting scanForMusicFiles with extensions: [mp3, wav, flac, aac, ogg, m4a, aif, aiff]
10-31 23:17:52.899 29014 29143 D FileManager: Starting scanForMusicFiles with extensions: [mp3, wav, flac, aac, ogg, m4a, aif, aiff]
10-31 23:17:53.026 29014 29014 D MusicViewModel: 📁 FileManager.sortFile result: success=true for Catz n Dogz - Rave History (Maruwa Remix) [PETS171].flac
10-31 23:17:53.040 29014 29143 D FileManager: Starting scanForMusicFiles with extensions: [mp3, wav, flac, aac, ogg, m4a, aif, aiff]
10-31 23:17:53.052 29014 29143 D MusicViewModel: 📁 Subfolder: Electronica - 1 files
10-31 23:17:53.061 29014 29143 D FileManager: Starting scanForMusicFiles with extensions: [mp3, wav, flac, aac, ogg, m4a, aif, aiff]
10-31 23:17:53.072 29014 30283 D FileManager: Subfolder permissions OK: content://com.android.externalstorage.documents/tree/primary%3AResults/document/primary%3AResults%2FRejected
10-31 23:17:53.105 29014 29143 D MusicViewModel: 📁 Subfolder: DUB - 7 files
10-31 23:17:53.116 29014 29143 D FileManager: Starting scanForMusicFiles with extensions: [mp3, wav, flac, aac, ogg, m4a, aif, aiff]
10-31 23:17:53.221 29014 29143 D MusicViewModel: 📁 Subfolder: HiFi Write To CD - 17 files
