10-21 22:17:23.723 D/MediaSessionService( 1795): onSessionPlaybackStateChanged: record=com.soundcloud.android/MediaService::MediaSessionTag/115 (userId=0) playbackState=PlaybackState {state=PLAYING(3), position=4541772, buffered position=0, speed=1.0, updated=91937200, actions=84786, custom actions=[Action:mName='STOP_CAST, mIcon=2131231182, mExtras=null], active item id=-1, error=null}
10-21 22:17:23.743 V/FFmpegMediaPlayer-JNI(30959): getCurrentPosition: 115435 (msec)
10-21 22:17:23.744 V/FFmpegMediaPlayer-JNI(30959): getDuration: 346000 (msec)
10-21 22:17:23.788 V/FFmpegMediaPlayer-JNI(30959): getCurrentPosition: 115435 (msec)
10-21 22:17:23.788 V/FFmpegMediaPlayer-JNI(30959): getDuration: 346000 (msec)
10-21 22:17:23.822 V/FFmpegMediaPlayer-JNI(30959): getCurrentPosition: 115435 (msec)
10-21 22:17:23.822 V/FFmpegMediaPlayer-JNI(30959): getDuration: 346000 (msec)
10-21 22:17:23.857 V/FFmpegMediaPlayer-JNI(30959): getCurrentPosition: 115574 (msec)
10-21 22:17:23.858 V/FFmpegMediaPlayer-JNI(30959): getDuration: 346000 (msec)
10-21 22:17:23.891 V/FFmpegMediaPlayer-JNI(30959): getCurrentPosition: 115574 (msec)
10-21 22:17:23.891 V/FFmpegMediaPlayer-JNI(30959): getDuration: 346000 (msec)
10-21 22:17:23.927 V/FFmpegMediaPlayer-JNI(30959): getCurrentPosition: 115574 (msec)
10-21 22:17:23.927 V/FFmpegMediaPlayer-JNI(30959): getDuration: 346000 (msec)
10-21 22:17:23.963 V/FFmpegMediaPlayer-JNI(30959): getCurrentPosition: 115574 (msec)
10-21 22:17:23.963 V/FFmpegMediaPlayer-JNI(30959): getDuration: 346000 (msec)
10-21 22:17:23.998 V/FFmpegMediaPlayer-JNI(30959): getCurrentPosition: 115714 (msec)
10-21 22:17:23.998 V/FFmpegMediaPlayer-JNI(30959): getDuration: 346000 (msec)
10-21 22:17:24.033 V/FFmpegMediaPlayer-JNI(30959): getCurrentPosition: 115714 (msec)
10-21 22:17:24.034 V/FFmpegMediaPlayer-JNI(30959): getDuration: 346000 (msec)
10-21 22:17:24.070 V/FFmpegMediaPlayer-JNI(30959): getCurrentPosition: 115714 (msec)
10-21 22:17:24.070 V/FFmpegMediaPlayer-JNI(30959): getDuration: 346000 (msec)
10-21 22:17:24.107 V/FFmpegMediaPlayer-JNI(30959): getCurrentPosition: 115714 (msec)
10-21 22:17:24.107 V/FFmpegMediaPlayer-JNI(30959): getDuration: 346000 (msec)
10-21 22:17:24.142 V/FFmpegMediaPlayer-JNI(30959): getCurrentPosition: 115853 (msec)
10-21 22:17:24.143 V/FFmpegMediaPlayer-JNI(30959): getDuration: 346000 (msec)
10-21 22:17:24.179 V/FFmpegMediaPlayer-JNI(30959): getCurrentPosition: 115853 (msec)
10-21 22:17:24.179 V/FFmpegMediaPlayer-JNI(30959): getDuration: 346000 (msec)
10-21 22:17:24.215 V/FFmpegMediaPlayer-JNI(30959): getCurrentPosition: 115853 (msec)
10-21 22:17:24.215 V/FFmpegMediaPlayer-JNI(30959): getDuration: 346000 (msec)
10-21 22:17:24.228 D/MediaSessionService( 1795): onSessionPlaybackStateChanged: record=com.soundcloud.android/MediaService::MediaSessionTag/115 (userId=0) playbackState=PlaybackState {state=PLAYING(3), position=4542274, buffered position=0, speed=1.0, updated=91937703, actions=84786, custom actions=[Action:mName='STOP_CAST, mIcon=2131231182, mExtras=null], active item id=-1, error=null}
10-21 22:17:24.251 V/FFmpegMediaPlayer-JNI(30959): getCurrentPosition: 115853 (msec)
10-21 22:17:24.251 V/FFmpegMediaPlayer-JNI(30959): getDuration: 346000 (msec)
10-21 22:17:24.289 V/FFmpegMediaPlayer-JNI(30959): getCurrentPosition: 115992 (msec)
10-21 22:17:24.289 V/FFmpegMediaPlayer-JNI(30959): getDuration: 346000 (msec)
10-21 22:17:24.324 V/FFmpegMediaPlayer-JNI(30959): getCurrentPosition: 115992 (msec)
10-21 22:17:24.324 V/FFmpegMediaPlayer-JNI(30959): getDuration: 346000 (msec)
10-21 22:17:24.360 V/FFmpegMediaPlayer-JNI(30959): getCurrentPosition: 115992 (msec)
10-21 22:17:24.360 V/FFmpegMediaPlayer-JNI(30959): getDuration: 346000 (msec)
10-21 22:17:24.394 V/FFmpegMediaPlayer-JNI(30959): getCurrentPosition: 115992 (msec)
10-21 22:17:24.394 V/FFmpegMediaPlayer-JNI(30959): getDuration: 346000 (msec)
10-21 22:17:24.431 V/FFmpegMediaPlayer-JNI(30959): getCurrentPosition: 116132 (msec)
10-21 22:17:24.431 V/FFmpegMediaPlayer-JNI(30959): getDuration: 346000 (msec)
10-21 22:17:24.467 V/FFmpegMediaPlayer-JNI(30959): getCurrentPosition: 116132 (msec)
10-21 22:17:24.467 V/FFmpegMediaPlayer-JNI(30959): getDuration: 346000 (msec)
10-21 22:17:24.503 V/FFmpegMediaPlayer-JNI(30959): getCurrentPosition: 116132 (msec)
10-21 22:17:24.503 V/FFmpegMediaPlayer-JNI(30959): getDuration: 346000 (msec)
10-21 22:17:24.564 V/FFmpegMediaPlayer-JNI(30959): getCurrentPosition: 116271 (msec)
10-21 22:17:24.564 V/FFmpegMediaPlayer-JNI(30959): getDuration: 346000 (msec)
10-21 22:17:24.659 V/FFmpegMediaPlayer-JNI(30959): getCurrentPosition: 116271 (msec)
10-21 22:17:24.659 V/FFmpegMediaPlayer-JNI(30959): getDuration: 346000 (msec)
10-21 22:17:24.730 D/MediaSessionService( 1795): onSessionPlaybackStateChanged: record=com.soundcloud.android/MediaService::MediaSessionTag/115 (userId=0) playbackState=PlaybackState {state=PLAYING(3), position=4542779, buffered position=0, speed=1.0, updated=91938207, actions=84786, custom actions=[Action:mName='STOP_CAST, mIcon=2131231182, mExtras=null], active item id=-1, error=null}
10-21 22:17:24.786 V/FFmpegMediaPlayer-JNI(30959): getCurrentPosition: 116434 (msec)
10-21 22:17:24.786 V/FFmpegMediaPlayer-JNI(30959): getDuration: 346000 (msec)
10-21 22:17:24.893 V/FFmpegMediaPlayer-JNI(30959): getCurrentPosition: 116550 (msec)
10-21 22:17:24.893 V/FFmpegMediaPlayer-JNI(30959): getDuration: 346000 (msec)
10-21 22:17:24.998 V/FFmpegMediaPlayer-JNI(30959): getCurrentPosition: 116712 (msec)
10-21 22:17:24.998 V/FFmpegMediaPlayer-JNI(30959): getDuration: 346000 (msec)
10-21 22:17:25.070 V/FFmpegMediaPlayer-JNI(30959): getCurrentPosition: 116712 (msec)
10-21 22:17:25.070 V/FFmpegMediaPlayer-JNI(30959): getDuration: 346000 (msec)
10-21 22:17:25.136 V/FFmpegMediaPlayer-JNI(30959): getCurrentPosition: 116852 (msec)
10-21 22:17:25.136 V/FFmpegMediaPlayer-JNI(30959): getDuration: 346000 (msec)
10-21 22:17:25.212 V/FFmpegMediaPlayer-JNI(30959): getCurrentPosition: 116852 (msec)
10-21 22:17:25.212 V/FFmpegMediaPlayer-JNI(30959): getDuration: 346000 (msec)
10-21 22:17:25.232 D/MediaSessionService( 1795): onSessionPlaybackStateChanged: record=com.soundcloud.android/MediaService::MediaSessionTag/115 (userId=0) playbackState=PlaybackState {state=PLAYING(3), position=4543281, buffered position=0, speed=1.0, updated=91938709, actions=84786, custom actions=[Action:mName='STOP_CAST, mIcon=2131231182, mExtras=null], active item id=-1, error=null}
10-21 22:17:25.311 V/FFmpegMediaPlayer-JNI(30959): getCurrentPosition: 116991 (msec)
10-21 22:17:25.311 V/FFmpegMediaPlayer-JNI(30959): getDuration: 346000 (msec)
10-21 22:17:25.423 V/FFmpegMediaPlayer-JNI(30959): getCurrentPosition: 117130 (msec)
10-21 22:17:25.423 V/FFmpegMediaPlayer-JNI(30959): getDuration: 346000 (msec)
10-21 22:17:25.519 V/FFmpegMediaPlayer-JNI(30959): getCurrentPosition: 117130 (msec)
10-21 22:17:25.519 V/FFmpegMediaPlayer-JNI(30959): getDuration: 346000 (msec)
10-21 22:17:25.605 V/FFmpegMediaPlayer-JNI(30959): getCurrentPosition: 117269 (msec)
10-21 22:17:25.605 V/FFmpegMediaPlayer-JNI(30959): getDuration: 346000 (msec)
10-21 22:17:25.666 V/FFmpegMediaPlayer-JNI(30959): getCurrentPosition: 117409 (msec)
10-21 22:17:25.666 V/FFmpegMediaPlayer-JNI(30959): getDuration: 346000 (msec)
10-21 22:17:25.734 D/MediaSessionService( 1795): onSessionPlaybackStateChanged: record=com.soundcloud.android/MediaService::MediaSessionTag/115 (userId=0) playbackState=PlaybackState {state=PLAYING(3), position=4543782, buffered position=0, speed=1.0, updated=91939210, actions=84786, custom actions=[Action:mName='STOP_CAST, mIcon=2131231182, mExtras=null], active item id=-1, error=null}
10-21 22:17:25.749 V/FFmpegMediaPlayer-JNI(30959): getCurrentPosition: 117409 (msec)
10-21 22:17:25.749 V/FFmpegMediaPlayer-JNI(30959): getDuration: 346000 (msec)
10-21 22:17:25.828 V/FFmpegMediaPlayer-JNI(30959): getCurrentPosition: 117548 (msec)
10-21 22:17:25.828 V/FFmpegMediaPlayer-JNI(30959): getDuration: 346000 (msec)
10-21 22:17:25.870 V/FFmpegMediaPlayer-JNI(30959): getCurrentPosition: 117548 (msec)
10-21 22:17:25.870 V/FFmpegMediaPlayer-JNI(30959): getDuration: 346000 (msec)
10-21 22:17:25.903 V/FFmpegMediaPlayer-JNI(30959): getCurrentPosition: 117548 (msec)
10-21 22:17:25.903 V/FFmpegMediaPlayer-JNI(30959): getDuration: 346000 (msec)
10-21 22:17:25.937 V/FFmpegMediaPlayer-JNI(30959): getCurrentPosition: 117548 (msec)
10-21 22:17:25.937 V/FFmpegMediaPlayer-JNI(30959): getDuration: 346000 (msec)
10-21 22:17:25.969 V/FFmpegMediaPlayer-JNI(30959): getCurrentPosition: 117687 (msec)
10-21 22:17:25.969 V/FFmpegMediaPlayer-JNI(30959): getDuration: 346000 (msec)
10-21 22:17:26.002 V/FFmpegMediaPlayer-JNI(30959): getCurrentPosition: 117687 (msec)
10-21 22:17:26.002 V/FFmpegMediaPlayer-JNI(30959): getDuration: 346000 (msec)
10-21 22:17:26.035 V/FFmpegMediaPlayer-JNI(30959): getCurrentPosition: 117687 (msec)
10-21 22:17:26.035 V/FFmpegMediaPlayer-JNI(30959): getDuration: 346000 (msec)
10-21 22:17:26.069 V/FFmpegMediaPlayer-JNI(30959): getCurrentPosition: 117687 (msec)
10-21 22:17:26.069 V/FFmpegMediaPlayer-JNI(30959): getDuration: 346000 (msec)
10-21 22:17:26.102 V/FFmpegMediaPlayer-JNI(30959): getCurrentPosition: 117687 (msec)
10-21 22:17:26.102 V/FFmpegMediaPlayer-JNI(30959): getDuration: 346000 (msec)
10-21 22:17:26.135 V/FFmpegMediaPlayer-JNI(30959): getCurrentPosition: 117827 (msec)
10-21 22:17:26.135 V/FFmpegMediaPlayer-JNI(30959): getDuration: 346000 (msec)
10-21 22:17:26.168 V/FFmpegMediaPlayer-JNI(30959): getCurrentPosition: 117827 (msec)
10-21 22:17:26.168 V/FFmpegMediaPlayer-JNI(30959): getDuration: 346000 (msec)
10-21 22:17:26.201 V/FFmpegMediaPlayer-JNI(30959): getCurrentPosition: 117827 (msec)
10-21 22:17:26.201 V/FFmpegMediaPlayer-JNI(30959): getDuration: 346000 (msec)
10-21 22:17:26.235 V/FFmpegMediaPlayer-JNI(30959): getCurrentPosition: 117966 (msec)
10-21 22:17:26.235 V/FFmpegMediaPlayer-JNI(30959): getDuration: 346000 (msec)
10-21 22:17:26.238 D/MediaSessionService( 1795): onSessionPlaybackStateChanged: record=com.soundcloud.android/MediaService::MediaSessionTag/115 (userId=0) playbackState=PlaybackState {state=PLAYING(3), position=4544285, buffered position=0, speed=1.0, updated=91939713, actions=84786, custom actions=[Action:mName='STOP_CAST, mIcon=2131231182, mExtras=null], active item id=-1, error=null}
10-21 22:17:26.268 V/FFmpegMediaPlayer-JNI(30959): getCurrentPosition: 117966 (msec)
10-21 22:17:26.268 V/FFmpegMediaPlayer-JNI(30959): getDuration: 346000 (msec)
10-21 22:17:26.302 V/FFmpegMediaPlayer-JNI(30959): getCurrentPosition: 117966 (msec)
10-21 22:17:26.303 V/FFmpegMediaPlayer-JNI(30959): getDuration: 346000 (msec)
10-21 22:17:26.337 V/FFmpegMediaPlayer-JNI(30959): getCurrentPosition: 117966 (msec)
10-21 22:17:26.337 V/FFmpegMediaPlayer-JNI(30959): getDuration: 346000 (msec)
10-21 22:17:26.372 V/FFmpegMediaPlayer-JNI(30959): getCurrentPosition: 117966 (msec)
10-21 22:17:26.372 V/FFmpegMediaPlayer-JNI(30959): getDuration: 346000 (msec)
10-21 22:17:26.406 V/FFmpegMediaPlayer-JNI(30959): getCurrentPosition: 118105 (msec)
10-21 22:17:26.407 V/FFmpegMediaPlayer-JNI(30959): getDuration: 346000 (msec)
10-21 22:17:26.441 V/FFmpegMediaPlayer-JNI(30959): getCurrentPosition: 118105 (msec)
10-21 22:17:26.441 V/FFmpegMediaPlayer-JNI(30959): getDuration: 346000 (msec)
10-21 22:17:26.477 V/FFmpegMediaPlayer-JNI(30959): getCurrentPosition: 118105 (msec)
10-21 22:17:26.477 V/FFmpegMediaPlayer-JNI(30959): getDuration: 346000 (msec)
10-21 22:17:26.515 V/FFmpegMediaPlayer-JNI(30959): getCurrentPosition: 118245 (msec)
10-21 22:17:26.515 V/FFmpegMediaPlayer-JNI(30959): getDuration: 346000 (msec)
10-21 22:17:26.548 V/FFmpegMediaPlayer-JNI(30959): getCurrentPosition: 118245 (msec)
10-21 22:17:26.548 V/FFmpegMediaPlayer-JNI(30959): getDuration: 346000 (msec)
10-21 22:17:26.583 V/FFmpegMediaPlayer-JNI(30959): getCurrentPosition: 118245 (msec)
10-21 22:17:26.583 V/FFmpegMediaPlayer-JNI(30959): getDuration: 346000 (msec)
10-21 22:17:26.620 V/FFmpegMediaPlayer-JNI(30959): getCurrentPosition: 118245 (msec)
10-21 22:17:26.620 V/FFmpegMediaPlayer-JNI(30959): getDuration: 346000 (msec)
10-21 22:17:26.656 V/FFmpegMediaPlayer-JNI(30959): getCurrentPosition: 118245 (msec)
10-21 22:17:26.656 V/FFmpegMediaPlayer-JNI(30959): getDuration: 346000 (msec)
10-21 22:17:26.692 V/FFmpegMediaPlayer-JNI(30959): getCurrentPosition: 118384 (msec)
10-21 22:17:26.693 V/FFmpegMediaPlayer-JNI(30959): getDuration: 346000 (msec)
10-21 22:17:26.730 V/FFmpegMediaPlayer-JNI(30959): getCurrentPosition: 118384 (msec)
10-21 22:17:26.730 V/FFmpegMediaPlayer-JNI(30959): getDuration: 346000 (msec)
10-21 22:17:26.741 D/MediaSessionService( 1795): onSessionPlaybackStateChanged: record=com.soundcloud.android/MediaService::MediaSessionTag/115 (userId=0) playbackState=PlaybackState {state=PLAYING(3), position=4544789, buffered position=0, speed=1.0, updated=91940217, actions=84786, custom actions=[Action:mName='STOP_CAST, mIcon=2131231182, mExtras=null], active item id=-1, error=null}
10-21 22:17:26.766 V/FFmpegMediaPlayer-JNI(30959): getCurrentPosition: 118384 (msec)
10-21 22:17:26.766 V/FFmpegMediaPlayer-JNI(30959): getDuration: 346000 (msec)
10-21 22:17:26.800 V/FFmpegMediaPlayer-JNI(30959): getCurrentPosition: 118523 (msec)
10-21 22:17:26.800 V/FFmpegMediaPlayer-JNI(30959): getDuration: 346000 (msec)
10-21 22:17:26.834 V/FFmpegMediaPlayer-JNI(30959): getCurrentPosition: 118523 (msec)
10-21 22:17:26.834 V/FFmpegMediaPlayer-JNI(30959): getDuration: 346000 (msec)
10-21 22:17:26.870 V/FFmpegMediaPlayer-JNI(30959): getCurrentPosition: 118523 (msec)
10-21 22:17:26.870 V/FFmpegMediaPlayer-JNI(30959): getDuration: 346000 (msec)
10-21 22:17:26.906 V/FFmpegMediaPlayer-JNI(30959): getCurrentPosition: 118523 (msec)
10-21 22:17:26.906 V/FFmpegMediaPlayer-JNI(30959): getDuration: 346000 (msec)
10-21 22:17:26.942 V/FFmpegMediaPlayer-JNI(30959): getCurrentPosition: 118523 (msec)
10-21 22:17:26.942 V/FFmpegMediaPlayer-JNI(30959): getDuration: 346000 (msec)
10-21 22:17:26.978 V/FFmpegMediaPlayer-JNI(30959): getCurrentPosition: 118686 (msec)
10-21 22:17:26.978 V/FFmpegMediaPlayer-JNI(30959): getDuration: 346000 (msec)
10-21 22:17:27.012 V/FFmpegMediaPlayer-JNI(30959): getCurrentPosition: 118686 (msec)
10-21 22:17:27.012 V/FFmpegMediaPlayer-JNI(30959): getDuration: 346000 (msec)
10-21 22:17:27.046 V/FFmpegMediaPlayer-JNI(30959): getCurrentPosition: 118686 (msec)
10-21 22:17:27.046 V/FFmpegMediaPlayer-JNI(30959): getDuration: 346000 (msec)
10-21 22:17:27.081 V/FFmpegMediaPlayer-JNI(30959): getCurrentPosition: 118802 (msec)
10-21 22:17:27.081 V/FFmpegMediaPlayer-JNI(30959): getDuration: 346000 (msec)
10-21 22:17:27.115 V/FFmpegMediaPlayer-JNI(30959): getCurrentPosition: 118802 (msec)
10-21 22:17:27.115 V/FFmpegMediaPlayer-JNI(30959): getDuration: 346000 (msec)
10-21 22:17:27.151 V/FFmpegMediaPlayer-JNI(30959): getCurrentPosition: 118802 (msec)
10-21 22:17:27.151 V/FFmpegMediaPlayer-JNI(30959): getDuration: 346000 (msec)
10-21 22:17:27.185 V/FFmpegMediaPlayer-JNI(30959): getCurrentPosition: 118802 (msec)
10-21 22:17:27.185 V/FFmpegMediaPlayer-JNI(30959): getDuration: 346000 (msec)
10-21 22:17:27.218 V/FFmpegMediaPlayer-JNI(30959): getCurrentPosition: 118802 (msec)
10-21 22:17:27.219 V/FFmpegMediaPlayer-JNI(30959): getDuration: 346000 (msec)
10-21 22:17:27.245 D/MediaSessionService( 1795): onSessionPlaybackStateChanged: record=com.soundcloud.android/MediaService::MediaSessionTag/115 (userId=0) playbackState=PlaybackState {state=PLAYING(3), position=4545292, buffered position=0, speed=1.0, updated=91940721, actions=84786, custom actions=[Action:mName='STOP_CAST, mIcon=2131231182, mExtras=null], active item id=-1, error=null}
10-21 22:17:27.253 V/FFmpegMediaPlayer-JNI(30959): getCurrentPosition: 118965 (msec)
10-21 22:17:27.254 V/FFmpegMediaPlayer-JNI(30959): getDuration: 346000 (msec)
10-21 22:17:27.288 V/FFmpegMediaPlayer-JNI(30959): getCurrentPosition: 118965 (msec)
10-21 22:17:27.288 V/FFmpegMediaPlayer-JNI(30959): getDuration: 346000 (msec)
10-21 22:17:27.325 V/FFmpegMediaPlayer-JNI(30959): getCurrentPosition: 118965 (msec)
10-21 22:17:27.325 V/FFmpegMediaPlayer-JNI(30959): getDuration: 346000 (msec)
10-21 22:17:27.423 V/FFmpegMediaPlayer-JNI(30959): getCurrentPosition: 119081 (msec)
10-21 22:17:27.423 V/FFmpegMediaPlayer-JNI(30959): getDuration: 346000 (msec)
10-21 22:17:27.537 V/FFmpegMediaPlayer-JNI(30959): getCurrentPosition: 119243 (msec)
10-21 22:17:27.538 V/FFmpegMediaPlayer-JNI(30959): getDuration: 346000 (msec)
10-21 22:17:27.674 V/FFmpegMediaPlayer-JNI(30959): getCurrentPosition: 119359 (msec)
10-21 22:17:27.674 V/FFmpegMediaPlayer-JNI(30959): getDuration: 346000 (msec)
10-21 22:17:27.748 D/MediaSessionService( 1795): onSessionPlaybackStateChanged: record=com.soundcloud.android/MediaService::MediaSessionTag/115 (userId=0) playbackState=PlaybackState {state=PLAYING(3), position=4545797, buffered position=0, speed=1.0, updated=91941225, actions=84786, custom actions=[Action:mName='STOP_CAST, mIcon=2131231182, mExtras=null], active item id=-1, error=null}
10-21 22:17:27.762 V/FFmpegMediaPlayer-JNI(30959): getCurrentPosition: 119359 (msec)
10-21 22:17:27.762 V/FFmpegMediaPlayer-JNI(30959): getDuration: 346000 (msec)
10-21 22:17:27.844 V/FFmpegMediaPlayer-JNI(30959): getCurrentPosition: 119522 (msec)
10-21 22:17:27.844 V/FFmpegMediaPlayer-JNI(30959): getDuration: 346000 (msec)
10-21 22:17:27.925 V/FFmpegMediaPlayer-JNI(30959): getCurrentPosition: 119638 (msec)
10-21 22:17:27.925 V/FFmpegMediaPlayer-JNI(30959): getDuration: 346000 (msec)
10-21 22:17:28.034 V/FFmpegMediaPlayer-JNI(30959): getCurrentPosition: 119638 (msec)
10-21 22:17:28.034 V/FFmpegMediaPlayer-JNI(30959): getDuration: 346000 (msec)
10-21 22:17:28.172 V/FFmpegMediaPlayer-JNI(30959): getCurrentPosition: 119800 (msec)
10-21 22:17:28.172 V/FFmpegMediaPlayer-JNI(30959): getDuration: 346000 (msec)
10-21 22:17:28.230 V/FFmpegMediaPlayer-JNI(30959): getCurrentPosition: 119940 (msec)
10-21 22:17:28.230 V/FFmpegMediaPlayer-JNI(30959): getDuration: 346000 (msec)
10-21 22:17:28.250 D/MediaSessionService( 1795): onSessionPlaybackStateChanged: record=com.soundcloud.android/MediaService::MediaSessionTag/115 (userId=0) playbackState=PlaybackState {state=PLAYING(3), position=4546299, buffered position=0, speed=1.0, updated=91941727, actions=84786, custom actions=[Action:mName='STOP_CAST, mIcon=2131231182, mExtras=null], active item id=-1, error=null}
10-21 22:17:28.263 V/FFmpegMediaPlayer-JNI(30959): getCurrentPosition: 119940 (msec)
10-21 22:17:28.263 V/FFmpegMediaPlayer-JNI(30959): getDuration: 346000 (msec)
10-21 22:17:28.305 V/FFmpegMediaPlayer-JNI(30959): getCurrentPosition: 119940 (msec)
10-21 22:17:28.305 V/FFmpegMediaPlayer-JNI(30959): getDuration: 346000 (msec)
10-21 22:17:28.339 V/FFmpegMediaPlayer-JNI(30959): getCurrentPosition: 119940 (msec)
10-21 22:17:28.339 V/FFmpegMediaPlayer-JNI(30959): getDuration: 346000 (msec)
10-21 22:17:28.373 V/FFmpegMediaPlayer-JNI(30959): getCurrentPosition: 120079 (msec)
10-21 22:17:28.373 V/FFmpegMediaPlayer-JNI(30959): getDuration: 346000 (msec)
10-21 22:17:28.430 V/FFmpegMediaPlayer-JNI(30959): getCurrentPosition: 120079 (msec)
10-21 22:17:28.430 V/FFmpegMediaPlayer-JNI(30959): getDuration: 346000 (msec)
10-21 22:17:28.464 V/FFmpegMediaPlayer-JNI(30959): getCurrentPosition: 120079 (msec)
10-21 22:17:28.464 V/FFmpegMediaPlayer-JNI(30959): getDuration: 346000 (msec)
10-21 22:17:28.497 V/FFmpegMediaPlayer-JNI(30959): getCurrentPosition: 120218 (msec)
10-21 22:17:28.497 V/FFmpegMediaPlayer-JNI(30959): getDuration: 346000 (msec)
10-21 22:17:28.531 V/FFmpegMediaPlayer-JNI(30959): getCurrentPosition: 120218 (msec)
10-21 22:17:28.531 V/FFmpegMediaPlayer-JNI(30959): getDuration: 346000 (msec)
10-21 22:17:28.576 V/FFmpegMediaPlayer-JNI(30959): getCurrentPosition: 120218 (msec)
10-21 22:17:28.576 V/FFmpegMediaPlayer-JNI(30959): getDuration: 346000 (msec)
10-21 22:17:28.618 V/FFmpegMediaPlayer-JNI(30959): getCurrentPosition: 120218 (msec)
10-21 22:17:28.619 V/FFmpegMediaPlayer-JNI(30959): getDuration: 346000 (msec)
10-21 22:17:28.651 V/FFmpegMediaPlayer-JNI(30959): getCurrentPosition: 120358 (msec)
10-21 22:17:28.651 V/FFmpegMediaPlayer-JNI(30959): getDuration: 346000 (msec)
10-21 22:17:28.685 V/FFmpegMediaPlayer-JNI(30959): getCurrentPosition: 120358 (msec)
10-21 22:17:28.685 V/FFmpegMediaPlayer-JNI(30959): getDuration: 346000 (msec)
10-21 22:17:28.719 V/FFmpegMediaPlayer-JNI(30959): getCurrentPosition: 120358 (msec)
10-21 22:17:28.719 V/FFmpegMediaPlayer-JNI(30959): getDuration: 346000 (msec)
10-21 22:17:28.753 V/FFmpegMediaPlayer-JNI(30959): getCurrentPosition: 120358 (msec)
10-21 22:17:28.753 V/FFmpegMediaPlayer-JNI(30959): getDuration: 346000 (msec)
10-21 22:17:28.755 D/MediaSessionService( 1795): onSessionPlaybackStateChanged: record=com.soundcloud.android/MediaService::MediaSessionTag/115 (userId=0) playbackState=PlaybackState {state=PLAYING(3), position=4546802, buffered position=0, speed=1.0, updated=91942230, actions=84786, custom actions=[Action:mName='STOP_CAST, mIcon=2131231182, mExtras=null], active item id=-1, error=null}
10-21 22:17:28.788 V/FFmpegMediaPlayer-JNI(30959): getCurrentPosition: 120497 (msec)
10-21 22:17:28.789 V/FFmpegMediaPlayer-JNI(30959): getDuration: 346000 (msec)
10-21 22:17:28.822 V/FFmpegMediaPlayer-JNI(30959): getCurrentPosition: 120497 (msec)
10-21 22:17:28.822 V/FFmpegMediaPlayer-JNI(30959): getDuration: 346000 (msec)
10-21 22:17:28.858 V/FFmpegMediaPlayer-JNI(30959): getCurrentPosition: 120497 (msec)
10-21 22:17:28.858 V/FFmpegMediaPlayer-JNI(30959): getDuration: 346000 (msec)
10-21 22:17:28.894 V/FFmpegMediaPlayer-JNI(30959): getCurrentPosition: 120497 (msec)
10-21 22:17:28.894 V/FFmpegMediaPlayer-JNI(30959): getDuration: 346000 (msec)
10-21 22:17:28.930 V/FFmpegMediaPlayer-JNI(30959): getCurrentPosition: 120636 (msec)
10-21 22:17:28.930 V/FFmpegMediaPlayer-JNI(30959): getDuration: 346000 (msec)
10-21 22:17:28.965 V/FFmpegMediaPlayer-JNI(30959): getCurrentPosition: 120636 (msec)
10-21 22:17:28.965 V/FFmpegMediaPlayer-JNI(30959): getDuration: 346000 (msec)
10-21 22:17:29.001 V/FFmpegMediaPlayer-JNI(30959): getCurrentPosition: 120636 (msec)
10-21 22:17:29.001 V/FFmpegMediaPlayer-JNI(30959): getDuration: 346000 (msec)
10-21 22:17:29.038 V/FFmpegMediaPlayer-JNI(30959): getCurrentPosition: 120636 (msec)
10-21 22:17:29.038 V/FFmpegMediaPlayer-JNI(30959): getDuration: 346000 (msec)
10-21 22:17:29.074 V/FFmpegMediaPlayer-JNI(30959): getCurrentPosition: 120776 (msec)
10-21 22:17:29.075 V/FFmpegMediaPlayer-JNI(30959): getDuration: 346000 (msec)
10-21 22:17:29.108 V/FFmpegMediaPlayer-JNI(30959): getCurrentPosition: 120776 (msec)
10-21 22:17:29.108 V/FFmpegMediaPlayer-JNI(30959): getDuration: 346000 (msec)
10-21 22:17:29.144 V/FFmpegMediaPlayer-JNI(30959): getCurrentPosition: 120776 (msec)
10-21 22:17:29.144 V/FFmpegMediaPlayer-JNI(30959): getDuration: 346000 (msec)
10-21 22:17:29.178 V/FFmpegMediaPlayer-JNI(30959): getCurrentPosition: 120776 (msec)
10-21 22:17:29.178 V/FFmpegMediaPlayer-JNI(30959): getDuration: 346000 (msec)
10-21 22:17:29.211 V/FFmpegMediaPlayer-JNI(30959): getCurrentPosition: 120915 (msec)
10-21 22:17:29.211 V/FFmpegMediaPlayer-JNI(30959): getDuration: 346000 (msec)
10-21 22:17:29.217 D/MusicViewModel(30959): Switching to playlist tab: TODO
10-21 22:17:29.217 D/MusicViewModel(30959): TODO tab - using 494 files
10-21 22:17:29.258 D/MediaSessionService( 1795): onSessionPlaybackStateChanged: record=com.soundcloud.android/MediaService::MediaSessionTag/115 (userId=0) playbackState=PlaybackState {state=PLAYING(3), position=4547307, buffered position=0, speed=1.0, updated=91942735, actions=84786, custom actions=[Action:mName='STOP_CAST, mIcon=2131231182, mExtras=null], active item id=-1, error=null}
10-21 22:17:29.302 V/FFmpegMediaPlayer-JNI(30959): getCurrentPosition: 120915 (msec)
10-21 22:17:29.302 V/FFmpegMediaPlayer-JNI(30959): getDuration: 346000 (msec)
10-21 22:17:29.333 D/MusicViewModel(30959): Loading liked files from destination folder: Results
10-21 22:17:29.336 V/FFmpegMediaPlayer-JNI(30959): getCurrentPosition: 121054 (msec)
10-21 22:17:29.336 V/FFmpegMediaPlayer-JNI(30959): getDuration: 346000 (msec)
10-21 22:17:29.368 V/FFmpegMediaPlayer-JNI(30959): getCurrentPosition: 121054 (msec)
10-21 22:17:29.368 V/FFmpegMediaPlayer-JNI(30959): getDuration: 346000 (msec)
10-21 22:17:29.402 V/FFmpegMediaPlayer-JNI(30959): getCurrentPosition: 121054 (msec)
10-21 22:17:29.402 V/FFmpegMediaPlayer-JNI(30959): getDuration: 346000 (msec)
10-21 22:17:29.435 V/FFmpegMediaPlayer-JNI(30959): getCurrentPosition: 121054 (msec)
10-21 22:17:29.436 V/FFmpegMediaPlayer-JNI(30959): getDuration: 346000 (msec)
10-21 22:17:29.471 V/FFmpegMediaPlayer-JNI(30959): getCurrentPosition: 121217 (msec)
10-21 22:17:29.471 V/FFmpegMediaPlayer-JNI(30959): getDuration: 346000 (msec)
10-21 22:17:29.480 D/FileManager(30959): Found AIFF file: Talking Heads, The Cube Guys - Psycho Killer (The Cube Guys Remix).aiff
10-21 22:17:29.504 V/FFmpegMediaPlayer-JNI(30959): getCurrentPosition: 121217 (msec)
10-21 22:17:29.505 V/FFmpegMediaPlayer-JNI(30959): getDuration: 346000 (msec)
10-21 22:17:29.537 V/FFmpegMediaPlayer-JNI(30959): getCurrentPosition: 121217 (msec)
10-21 22:17:29.538 V/FFmpegMediaPlayer-JNI(30959): getDuration: 346000 (msec)
10-21 22:17:29.570 V/FFmpegMediaPlayer-JNI(30959): getCurrentPosition: 121217 (msec)
10-21 22:17:29.570 V/FFmpegMediaPlayer-JNI(30959): getDuration: 346000 (msec)
10-21 22:17:29.604 V/FFmpegMediaPlayer-JNI(30959): getCurrentPosition: 121356 (msec)
10-21 22:17:29.604 V/FFmpegMediaPlayer-JNI(30959): getDuration: 346000 (msec)
10-21 22:17:29.637 V/FFmpegMediaPlayer-JNI(30959): getCurrentPosition: 121356 (msec)
10-21 22:17:29.637 V/FFmpegMediaPlayer-JNI(30959): getDuration: 346000 (msec)
10-21 22:17:29.671 V/FFmpegMediaPlayer-JNI(30959): getCurrentPosition: 121356 (msec)
10-21 22:17:29.671 V/FFmpegMediaPlayer-JNI(30959): getDuration: 346000 (msec)
10-21 22:17:29.705 V/FFmpegMediaPlayer-JNI(30959): getCurrentPosition: 121356 (msec)
10-21 22:17:29.705 V/FFmpegMediaPlayer-JNI(30959): getDuration: 346000 (msec)
10-21 22:17:29.739 V/FFmpegMediaPlayer-JNI(30959): getCurrentPosition: 121356 (msec)
10-21 22:17:29.739 V/FFmpegMediaPlayer-JNI(30959): getDuration: 346000 (msec)
10-21 22:17:29.762 D/MediaSessionService( 1795): onSessionPlaybackStateChanged: record=com.soundcloud.android/MediaService::MediaSessionTag/115 (userId=0) playbackState=PlaybackState {state=PLAYING(3), position=4547810, buffered position=0, speed=1.0, updated=91943238, actions=84786, custom actions=[Action:mName='STOP_CAST, mIcon=2131231182, mExtras=null], active item id=-1, error=null}
10-21 22:17:29.773 V/FFmpegMediaPlayer-JNI(30959): getCurrentPosition: 121496 (msec)
10-21 22:17:29.773 V/FFmpegMediaPlayer-JNI(30959): getDuration: 346000 (msec)
10-21 22:17:29.807 V/FFmpegMediaPlayer-JNI(30959): getCurrentPosition: 121496 (msec)
10-21 22:17:29.807 V/FFmpegMediaPlayer-JNI(30959): getDuration: 346000 (msec)
10-21 22:17:29.841 V/FFmpegMediaPlayer-JNI(30959): getCurrentPosition: 121496 (msec)
10-21 22:17:29.841 V/FFmpegMediaPlayer-JNI(30959): getDuration: 346000 (msec)
10-21 22:17:29.874 V/FFmpegMediaPlayer-JNI(30959): getCurrentPosition: 121496 (msec)
10-21 22:17:29.875 V/FFmpegMediaPlayer-JNI(30959): getDuration: 346000 (msec)
10-21 22:17:29.907 V/FFmpegMediaPlayer-JNI(30959): getCurrentPosition: 121635 (msec)
10-21 22:17:29.907 V/FFmpegMediaPlayer-JNI(30959): getDuration: 346000 (msec)
10-21 22:17:29.941 V/FFmpegMediaPlayer-JNI(30959): seekTo: 147602(msec)
10-21 22:17:29.942 V/FFmpegMediaPlayer-JNI(30959): getCurrentPosition: 147602 (msec)
10-21 22:17:29.942 V/FFmpegMediaPlayer-JNI(30959): getDuration: 346000 (msec)
10-21 22:17:29.950 V/FFmpegMediaPlayer-JNI(30959): notify: 4
10-21 22:17:29.964 D/MusicViewModel(30959): Found 88 liked files (including subfolders), 75 unique
10-21 22:17:29.966 D/MusicViewModel(30959): Updated liked files StateFlow with 75 files
10-21 22:17:29.975 V/FFmpegMediaPlayer-JNI(30959): getCurrentPosition: 121635 (msec)
10-21 22:17:29.975 V/FFmpegMediaPlayer-JNI(30959): getDuration: 346000 (msec)
10-21 22:17:29.981 D/MusicViewModel(30959): Loading rejected files from URI: content://com.android.externalstorage.documents/tree/primary%3AResults/document/primary%3AResults%2FRejected
10-21 22:17:30.009 V/FFmpegMediaPlayer-JNI(30959): getCurrentPosition: 121635 (msec)
10-21 22:17:30.009 V/FFmpegMediaPlayer-JNI(30959): getDuration: 346000 (msec)
10-21 22:17:30.042 V/FFmpegMediaPlayer-JNI(30959): getCurrentPosition: 147741 (msec)
10-21 22:17:30.043 V/FFmpegMediaPlayer-JNI(30959): getDuration: 346000 (msec)
10-21 22:17:30.076 V/FFmpegMediaPlayer-JNI(30959): getCurrentPosition: 147741 (msec)
10-21 22:17:30.076 V/FFmpegMediaPlayer-JNI(30959): getDuration: 346000 (msec)
10-21 22:17:30.110 V/FFmpegMediaPlayer-JNI(30959): getCurrentPosition: 147741 (msec)
10-21 22:17:30.110 V/FFmpegMediaPlayer-JNI(30959): getDuration: 346000 (msec)
10-21 22:17:30.145 V/FFmpegMediaPlayer-JNI(30959): getCurrentPosition: 147741 (msec)
10-21 22:17:30.145 V/FFmpegMediaPlayer-JNI(30959): getDuration: 346000 (msec)
10-21 22:17:30.178 V/FFmpegMediaPlayer-JNI(30959): getCurrentPosition: 147741 (msec)
10-21 22:17:30.178 V/FFmpegMediaPlayer-JNI(30959): getDuration: 346000 (msec)
10-21 22:17:30.212 V/FFmpegMediaPlayer-JNI(30959): getCurrentPosition: 147880 (msec)
10-21 22:17:30.213 V/FFmpegMediaPlayer-JNI(30959): getDuration: 346000 (msec)
10-21 22:17:30.249 V/FFmpegMediaPlayer-JNI(30959): getCurrentPosition: 147880 (msec)
10-21 22:17:30.249 V/FFmpegMediaPlayer-JNI(30959): getDuration: 346000 (msec)
10-21 22:17:30.265 D/MediaSessionService( 1795): onSessionPlaybackStateChanged: record=com.soundcloud.android/MediaService::MediaSessionTag/115 (userId=0) playbackState=PlaybackState {state=PLAYING(3), position=4548313, buffered position=0, speed=1.0, updated=91943741, actions=84786, custom actions=[Action:mName='STOP_CAST, mIcon=2131231182, mExtras=null], active item id=-1, error=null}
10-21 22:17:30.283 V/FFmpegMediaPlayer-JNI(30959): getCurrentPosition: 147880 (msec)
10-21 22:17:30.283 V/FFmpegMediaPlayer-JNI(30959): getDuration: 346000 (msec)
10-21 22:17:30.318 V/FFmpegMediaPlayer-JNI(30959): getCurrentPosition: 148019 (msec)
10-21 22:17:30.319 V/FFmpegMediaPlayer-JNI(30959): getDuration: 346000 (msec)
10-21 22:17:30.355 V/FFmpegMediaPlayer-JNI(30959): getCurrentPosition: 148019 (msec)
10-21 22:17:30.355 V/FFmpegMediaPlayer-JNI(30959): getDuration: 346000 (msec)
10-21 22:17:30.389 V/FFmpegMediaPlayer-JNI(30959): getCurrentPosition: 148019 (msec)
10-21 22:17:30.389 V/FFmpegMediaPlayer-JNI(30959): getDuration: 346000 (msec)
10-21 22:17:30.404 D/FileManager(30959): Found AIFF file: Akazio - Lie (Extended Mix) [Addictive Sounds].aiff
10-21 22:17:30.410 D/FileManager(30959): Found AIFF file: Phatclap - Check [Calm Coastline Records] (1).aiff
10-21 22:17:30.414 D/FileManager(30959): Found AIFF file: ZEN (SL) - Missing Line [Ferberite Recordings].aiff
10-21 22:17:30.418 D/FileManager(30959): Found AIFF file: Ramin Helvet, DRIZE - Destiny (Angeldust Mix) [Noetic Resonance].aiff
10-21 22:17:30.424 V/FFmpegMediaPlayer-JNI(30959): getCurrentPosition: 148019 (msec)
10-21 22:17:30.424 V/FFmpegMediaPlayer-JNI(30959): getDuration: 346000 (msec)
10-21 22:17:30.430 D/FileManager(30959): Found AIFF file: Baran Ozhan - Thoughts [Polarity Underground].aiff
10-21 22:17:30.435 D/FileManager(30959): Found AIFF file: Diego Galloso, Noam Garcia, Tibetania - La Simetria [Tibetania Rituals].aiff
10-21 22:17:30.443 D/FileManager(30959): Found AIFF file: Loboski, Soldat & streetflicker - BUMP (Original Mix) [Wobbles & Waffles].aiff
10-21 22:17:30.453 D/MusicViewModel(30959): Found 518 rejected files
10-21 22:17:30.460 D/MusicViewModel(30959): Updated rejected files StateFlow with 518 files
10-21 22:17:30.461 V/FFmpegMediaPlayer-JNI(30959): getCurrentPosition: 148019 (msec)
10-21 22:17:30.461 V/FFmpegMediaPlayer-JNI(30959): getDuration: 346000 (msec)
10-21 22:17:30.497 V/FFmpegMediaPlayer-JNI(30959): getCurrentPosition: 148159 (msec)
10-21 22:17:30.497 V/FFmpegMediaPlayer-JNI(30959): getDuration: 346000 (msec)
10-21 22:17:30.533 V/FFmpegMediaPlayer-JNI(30959): getCurrentPosition: 148159 (msec)
10-21 22:17:30.533 V/FFmpegMediaPlayer-JNI(30959): getDuration: 346000 (msec)
10-21 22:17:30.569 V/FFmpegMediaPlayer-JNI(30959): getCurrentPosition: 148159 (msec)
10-21 22:17:30.569 V/FFmpegMediaPlayer-JNI(30959): getDuration: 346000 (msec)
10-21 22:17:30.605 V/FFmpegMediaPlayer-JNI(30959): getCurrentPosition: 148298 (msec)
10-21 22:17:30.605 V/FFmpegMediaPlayer-JNI(30959): getDuration: 346000 (msec)
10-21 22:17:30.638 V/FFmpegMediaPlayer-JNI(30959): getCurrentPosition: 148298 (msec)
10-21 22:17:30.638 V/FFmpegMediaPlayer-JNI(30959): getDuration: 346000 (msec)
10-21 22:17:30.674 V/FFmpegMediaPlayer-JNI(30959): getCurrentPosition: 148298 (msec)
10-21 22:17:30.674 V/FFmpegMediaPlayer-JNI(30959): getDuration: 346000 (msec)
10-21 22:17:30.711 V/FFmpegMediaPlayer-JNI(30959): getCurrentPosition: 148298 (msec)
10-21 22:17:30.711 V/FFmpegMediaPlayer-JNI(30959): getDuration: 346000 (msec)
10-21 22:17:30.747 V/FFmpegMediaPlayer-JNI(30959): getCurrentPosition: 148437 (msec)
10-21 22:17:30.748 V/FFmpegMediaPlayer-JNI(30959): getDuration: 346000 (msec)
10-21 22:17:30.768 D/MediaSessionService( 1795): onSessionPlaybackStateChanged: record=com.soundcloud.android/MediaService::MediaSessionTag/115 (userId=0) playbackState=PlaybackState {state=PLAYING(3), position=4548816, buffered position=0, speed=1.0, updated=91944244, actions=84786, custom actions=[Action:mName='STOP_CAST, mIcon=2131231182, mExtras=null], active item id=-1, error=null}
10-21 22:17:30.783 V/FFmpegMediaPlayer-JNI(30959): getCurrentPosition: 148437 (msec)
10-21 22:17:30.783 V/FFmpegMediaPlayer-JNI(30959): getDuration: 346000 (msec)
10-21 22:17:30.816 V/FFmpegMediaPlayer-JNI(30959): getCurrentPosition: 148437 (msec)
10-21 22:17:30.816 V/FFmpegMediaPlayer-JNI(30959): getDuration: 346000 (msec)
10-21 22:17:30.849 V/FFmpegMediaPlayer-JNI(30959): getCurrentPosition: 148437 (msec)
10-21 22:17:30.849 V/FFmpegMediaPlayer-JNI(30959): getDuration: 346000 (msec)
10-21 22:17:30.859 V/FFmpegMediaPlayer-JNI(30959): seekTo: 156436(msec)
10-21 22:17:30.864 V/FFmpegMediaPlayer-JNI(30959): notify: 4
10-21 22:17:30.882 V/FFmpegMediaPlayer-JNI(30959): getCurrentPosition: 156575 (msec)
10-21 22:17:30.882 V/FFmpegMediaPlayer-JNI(30959): getDuration: 346000 (msec)
10-21 22:17:30.915 V/FFmpegMediaPlayer-JNI(30959): getCurrentPosition: 156575 (msec)
10-21 22:17:30.916 V/FFmpegMediaPlayer-JNI(30959): getDuration: 346000 (msec)
10-21 22:17:30.950 V/FFmpegMediaPlayer-JNI(30959): getCurrentPosition: 156575 (msec)
10-21 22:17:30.950 V/FFmpegMediaPlayer-JNI(30959): getDuration: 346000 (msec)
10-21 22:17:30.985 V/FFmpegMediaPlayer-JNI(30959): getCurrentPosition: 156575 (msec)
10-21 22:17:30.985 V/FFmpegMediaPlayer-JNI(30959): getDuration: 346000 (msec)
10-21 22:17:31.019 V/FFmpegMediaPlayer-JNI(30959): getCurrentPosition: 156575 (msec)
10-21 22:17:31.020 V/FFmpegMediaPlayer-JNI(30959): getDuration: 346000 (msec)
10-21 22:17:31.056 V/FFmpegMediaPlayer-JNI(30959): getCurrentPosition: 156714 (msec)
10-21 22:17:31.057 V/FFmpegMediaPlayer-JNI(30959): getDuration: 346000 (msec)
10-21 22:17:31.091 V/FFmpegMediaPlayer-JNI(30959): getCurrentPosition: 156714 (msec)
10-21 22:17:31.091 V/FFmpegMediaPlayer-JNI(30959): getDuration: 346000 (msec)
10-21 22:17:31.126 V/FFmpegMediaPlayer-JNI(30959): getCurrentPosition: 156714 (msec)
10-21 22:17:31.126 V/FFmpegMediaPlayer-JNI(30959): getDuration: 346000 (msec)
10-21 22:17:31.161 V/FFmpegMediaPlayer-JNI(30959): getCurrentPosition: 156853 (msec)
10-21 22:17:31.162 V/FFmpegMediaPlayer-JNI(30959): getDuration: 346000 (msec)
10-21 22:17:31.195 V/FFmpegMediaPlayer-JNI(30959): getCurrentPosition: 156853 (msec)
10-21 22:17:31.195 V/FFmpegMediaPlayer-JNI(30959): getDuration: 346000 (msec)
10-21 22:17:31.229 V/FFmpegMediaPlayer-JNI(30959): getCurrentPosition: 156853 (msec)
10-21 22:17:31.229 V/FFmpegMediaPlayer-JNI(30959): getDuration: 346000 (msec)
10-21 22:17:31.265 V/FFmpegMediaPlayer-JNI(30959): getCurrentPosition: 156853 (msec)
10-21 22:17:31.266 V/FFmpegMediaPlayer-JNI(30959): getDuration: 346000 (msec)
10-21 22:17:31.273 D/MediaSessionService( 1795): onSessionPlaybackStateChanged: record=com.soundcloud.android/MediaService::MediaSessionTag/115 (userId=0) playbackState=PlaybackState {state=PLAYING(3), position=4549321, buffered position=0, speed=1.0, updated=91944749, actions=84786, custom actions=[Action:mName='STOP_CAST, mIcon=2131231182, mExtras=null], active item id=-1, error=null}
10-21 22:17:31.302 V/FFmpegMediaPlayer-JNI(30959): getCurrentPosition: 156853 (msec)
10-21 22:17:31.302 V/FFmpegMediaPlayer-JNI(30959): getDuration: 346000 (msec)
10-21 22:17:31.338 V/FFmpegMediaPlayer-JNI(30959): getCurrentPosition: 156993 (msec)
10-21 22:17:31.338 V/FFmpegMediaPlayer-JNI(30959): getDuration: 346000 (msec)
10-21 22:17:31.371 V/FFmpegMediaPlayer-JNI(30959): getCurrentPosition: 156993 (msec)
10-21 22:17:31.371 V/FFmpegMediaPlayer-JNI(30959): getDuration: 346000 (msec)
10-21 22:17:31.407 V/FFmpegMediaPlayer-JNI(30959): getCurrentPosition: 156993 (msec)
10-21 22:17:31.407 V/FFmpegMediaPlayer-JNI(30959): getDuration: 346000 (msec)
10-21 22:17:31.443 V/FFmpegMediaPlayer-JNI(30959): getCurrentPosition: 157132 (msec)
10-21 22:17:31.443 V/FFmpegMediaPlayer-JNI(30959): getDuration: 346000 (msec)
10-21 22:17:31.477 V/FFmpegMediaPlayer-JNI(30959): getCurrentPosition: 157132 (msec)
10-21 22:17:31.477 V/FFmpegMediaPlayer-JNI(30959): getDuration: 346000 (msec)
10-21 22:17:31.511 V/FFmpegMediaPlayer-JNI(30959): getCurrentPosition: 157132 (msec)
10-21 22:17:31.511 V/FFmpegMediaPlayer-JNI(30959): getDuration: 346000 (msec)
10-21 22:17:31.547 V/FFmpegMediaPlayer-JNI(30959): getCurrentPosition: 157132 (msec)
10-21 22:17:31.547 V/FFmpegMediaPlayer-JNI(30959): getDuration: 346000 (msec)
10-21 22:17:31.582 V/FFmpegMediaPlayer-JNI(30959): getCurrentPosition: 157132 (msec)
10-21 22:17:31.582 V/FFmpegMediaPlayer-JNI(30959): getDuration: 346000 (msec)
10-21 22:17:31.619 V/FFmpegMediaPlayer-JNI(30959): getCurrentPosition: 157271 (msec)
10-21 22:17:31.619 V/FFmpegMediaPlayer-JNI(30959): getDuration: 346000 (msec)
10-21 22:17:31.653 V/FFmpegMediaPlayer-JNI(30959): getCurrentPosition: 157271 (msec)
10-21 22:17:31.653 V/FFmpegMediaPlayer-JNI(30959): getDuration: 346000 (msec)
10-21 22:17:31.688 V/FFmpegMediaPlayer-JNI(30959): getCurrentPosition: 157271 (msec)
10-21 22:17:31.689 V/FFmpegMediaPlayer-JNI(30959): getDuration: 346000 (msec)
10-21 22:17:31.724 V/FFmpegMediaPlayer-JNI(30959): getCurrentPosition: 157411 (msec)
10-21 22:17:31.724 V/FFmpegMediaPlayer-JNI(30959): getDuration: 346000 (msec)
10-21 22:17:31.757 V/FFmpegMediaPlayer-JNI(30959): getCurrentPosition: 157411 (msec)
10-21 22:17:31.758 V/FFmpegMediaPlayer-JNI(30959): getDuration: 346000 (msec)
10-21 22:17:31.776 D/MediaSessionService( 1795): onSessionPlaybackStateChanged: record=com.soundcloud.android/MediaService::MediaSessionTag/115 (userId=0) playbackState=PlaybackState {state=PLAYING(3), position=4549824, buffered position=0, speed=1.0, updated=91945252, actions=84786, custom actions=[Action:mName='STOP_CAST, mIcon=2131231182, mExtras=null], active item id=-1, error=null}
10-21 22:17:31.791 V/FFmpegMediaPlayer-JNI(30959): getCurrentPosition: 157411 (msec)
10-21 22:17:31.791 V/FFmpegMediaPlayer-JNI(30959): getDuration: 346000 (msec)
10-21 22:17:31.827 V/FFmpegMediaPlayer-JNI(30959): getCurrentPosition: 157411 (msec)
10-21 22:17:31.828 V/FFmpegMediaPlayer-JNI(30959): getDuration: 346000 (msec)
10-21 22:17:31.863 V/FFmpegMediaPlayer-JNI(30959): getCurrentPosition: 157411 (msec)
10-21 22:17:31.863 V/FFmpegMediaPlayer-JNI(30959): getDuration: 346000 (msec)
10-21 22:17:31.900 V/FFmpegMediaPlayer-JNI(30959): getCurrentPosition: 157550 (msec)
10-21 22:17:31.900 V/FFmpegMediaPlayer-JNI(30959): getDuration: 346000 (msec)
10-21 22:17:31.933 V/FFmpegMediaPlayer-JNI(30959): getCurrentPosition: 157550 (msec)
10-21 22:17:31.933 V/FFmpegMediaPlayer-JNI(30959): getDuration: 346000 (msec)
10-21 22:17:31.969 V/FFmpegMediaPlayer-JNI(30959): getCurrentPosition: 157550 (msec)
10-21 22:17:31.969 V/FFmpegMediaPlayer-JNI(30959): getDuration: 346000 (msec)
10-21 22:17:32.006 V/FFmpegMediaPlayer-JNI(30959): getCurrentPosition: 157689 (msec)
10-21 22:17:32.006 V/FFmpegMediaPlayer-JNI(30959): getDuration: 346000 (msec)
10-21 22:17:32.039 V/FFmpegMediaPlayer-JNI(30959): getCurrentPosition: 157689 (msec)
10-21 22:17:32.039 V/FFmpegMediaPlayer-JNI(30959): getDuration: 346000 (msec)
10-21 22:17:32.074 V/FFmpegMediaPlayer-JNI(30959): getCurrentPosition: 157689 (msec)
10-21 22:17:32.074 V/FFmpegMediaPlayer-JNI(30959): getDuration: 346000 (msec)
10-21 22:17:32.110 V/FFmpegMediaPlayer-JNI(30959): getCurrentPosition: 157689 (msec)
10-21 22:17:32.110 V/FFmpegMediaPlayer-JNI(30959): getDuration: 346000 (msec)
10-21 22:17:32.146 V/FFmpegMediaPlayer-JNI(30959): getCurrentPosition: 157852 (msec)
10-21 22:17:32.146 V/FFmpegMediaPlayer-JNI(30959): getDuration: 346000 (msec)
10-21 22:17:32.180 V/FFmpegMediaPlayer-JNI(30959): getCurrentPosition: 157852 (msec)
10-21 22:17:32.180 V/FFmpegMediaPlayer-JNI(30959): getDuration: 346000 (msec)
10-21 22:17:32.216 V/FFmpegMediaPlayer-JNI(30959): getCurrentPosition: 157852 (msec)
10-21 22:17:32.216 V/FFmpegMediaPlayer-JNI(30959): getDuration: 346000 (msec)
10-21 22:17:32.251 V/FFmpegMediaPlayer-JNI(30959): getCurrentPosition: 157852 (msec)
10-21 22:17:32.251 V/FFmpegMediaPlayer-JNI(30959): getDuration: 346000 (msec)
10-21 22:17:32.282 D/MediaSessionService( 1795): onSessionPlaybackStateChanged: record=com.soundcloud.android/MediaService::MediaSessionTag/115 (userId=0) playbackState=PlaybackState {state=PLAYING(3), position=4550329, buffered position=0, speed=1.0, updated=91945757, actions=84786, custom actions=[Action:mName='STOP_CAST, mIcon=2131231182, mExtras=null], active item id=-1, error=null}
10-21 22:17:32.287 V/FFmpegMediaPlayer-JNI(30959): getCurrentPosition: 157968 (msec)
10-21 22:17:32.288 V/FFmpegMediaPlayer-JNI(30959): getDuration: 346000 (msec)
10-21 22:17:32.323 V/FFmpegMediaPlayer-JNI(30959): getCurrentPosition: 157968 (msec)
10-21 22:17:32.323 V/FFmpegMediaPlayer-JNI(30959): getDuration: 346000 (msec)
10-21 22:17:32.359 V/FFmpegMediaPlayer-JNI(30959): getCurrentPosition: 157968 (msec)
10-21 22:17:32.359 V/FFmpegMediaPlayer-JNI(30959): getDuration: 346000 (msec)
10-21 22:17:32.393 V/FFmpegMediaPlayer-JNI(30959): getCurrentPosition: 157968 (msec)
10-21 22:17:32.393 V/FFmpegMediaPlayer-JNI(30959): getDuration: 346000 (msec)
10-21 22:17:32.429 V/FFmpegMediaPlayer-JNI(30959): getCurrentPosition: 158131 (msec)
10-21 22:17:32.430 V/FFmpegMediaPlayer-JNI(30959): getDuration: 346000 (msec)
10-21 22:17:32.464 V/FFmpegMediaPlayer-JNI(30959): getCurrentPosition: 158131 (msec)
10-21 22:17:32.464 V/FFmpegMediaPlayer-JNI(30959): getDuration: 346000 (msec)
10-21 22:17:32.500 V/FFmpegMediaPlayer-JNI(30959): getCurrentPosition: 158131 (msec)
10-21 22:17:32.500 V/FFmpegMediaPlayer-JNI(30959): getDuration: 346000 (msec)
10-21 22:17:32.536 V/FFmpegMediaPlayer-JNI(30959): getCurrentPosition: 158131 (msec)
10-21 22:17:32.537 V/FFmpegMediaPlayer-JNI(30959): getDuration: 346000 (msec)
10-21 22:17:32.575 V/FFmpegMediaPlayer-JNI(30959): getCurrentPosition: 158247 (msec)
10-21 22:17:32.575 V/FFmpegMediaPlayer-JNI(30959): getDuration: 346000 (msec)
10-21 22:17:32.610 V/FFmpegMediaPlayer-JNI(30959): getCurrentPosition: 158247 (msec)
10-21 22:17:32.611 V/FFmpegMediaPlayer-JNI(30959): getDuration: 346000 (msec)
10-21 22:17:32.645 V/FFmpegMediaPlayer-JNI(30959): getCurrentPosition: 158247 (msec)
10-21 22:17:32.645 V/FFmpegMediaPlayer-JNI(30959): getDuration: 346000 (msec)
10-21 22:17:32.681 V/FFmpegMediaPlayer-JNI(30959): getCurrentPosition: 158247 (msec)
10-21 22:17:32.681 V/FFmpegMediaPlayer-JNI(30959): getDuration: 346000 (msec)
10-21 22:17:32.717 V/FFmpegMediaPlayer-JNI(30959): getCurrentPosition: 158409 (msec)
10-21 22:17:32.717 V/FFmpegMediaPlayer-JNI(30959): getDuration: 346000 (msec)
10-21 22:17:32.751 V/FFmpegMediaPlayer-JNI(30959): getCurrentPosition: 158409 (msec)
10-21 22:17:32.751 V/FFmpegMediaPlayer-JNI(30959): getDuration: 346000 (msec)
10-21 22:17:32.787 V/FFmpegMediaPlayer-JNI(30959): getCurrentPosition: 158409 (msec)
10-21 22:17:32.787 V/FFmpegMediaPlayer-JNI(30959): getDuration: 346000 (msec)
10-21 22:17:32.788 D/MediaSessionService( 1795): onSessionPlaybackStateChanged: record=com.soundcloud.android/MediaService::MediaSessionTag/115 (userId=0) playbackState=PlaybackState {state=PLAYING(3), position=4550834, buffered position=0, speed=1.0, updated=91946263, actions=84786, custom actions=[Action:mName='STOP_CAST, mIcon=2131231182, mExtras=null], active item id=-1, error=null}
10-21 22:17:32.823 V/FFmpegMediaPlayer-JNI(30959): getCurrentPosition: 158409 (msec)
10-21 22:17:32.823 V/FFmpegMediaPlayer-JNI(30959): getDuration: 346000 (msec)
10-21 22:17:32.861 V/FFmpegMediaPlayer-JNI(30959): getCurrentPosition: 158525 (msec)
10-21 22:17:32.862 V/FFmpegMediaPlayer-JNI(30959): getDuration: 346000 (msec)
10-21 22:17:32.895 V/FFmpegMediaPlayer-JNI(30959): getCurrentPosition: 158525 (msec)
10-21 22:17:32.895 V/FFmpegMediaPlayer-JNI(30959): getDuration: 346000 (msec)
10-21 22:17:32.931 V/FFmpegMediaPlayer-JNI(30959): getCurrentPosition: 158525 (msec)
10-21 22:17:32.931 V/FFmpegMediaPlayer-JNI(30959): getDuration: 346000 (msec)
10-21 22:17:32.969 V/FFmpegMediaPlayer-JNI(30959): getCurrentPosition: 158525 (msec)
10-21 22:17:32.970 V/FFmpegMediaPlayer-JNI(30959): getDuration: 346000 (msec)
10-21 22:17:33.006 V/FFmpegMediaPlayer-JNI(30959): getCurrentPosition: 158688 (msec)
10-21 22:17:33.006 V/FFmpegMediaPlayer-JNI(30959): getDuration: 346000 (msec)
10-21 22:17:33.039 V/FFmpegMediaPlayer-JNI(30959): getCurrentPosition: 158688 (msec)
10-21 22:17:33.039 V/FFmpegMediaPlayer-JNI(30959): getDuration: 346000 (msec)
10-21 22:17:33.075 V/FFmpegMediaPlayer-JNI(30959): getCurrentPosition: 158688 (msec)
10-21 22:17:33.075 V/FFmpegMediaPlayer-JNI(30959): getDuration: 346000 (msec)
10-21 22:17:33.109 V/FFmpegMediaPlayer-JNI(30959): getCurrentPosition: 158688 (msec)
10-21 22:17:33.109 V/FFmpegMediaPlayer-JNI(30959): getDuration: 346000 (msec)
10-21 22:17:33.143 V/FFmpegMediaPlayer-JNI(30959): getCurrentPosition: 158827 (msec)
10-21 22:17:33.144 V/FFmpegMediaPlayer-JNI(30959): getDuration: 346000 (msec)
10-21 22:17:33.178 V/FFmpegMediaPlayer-JNI(30959): getCurrentPosition: 158827 (msec)
10-21 22:17:33.178 V/FFmpegMediaPlayer-JNI(30959): getDuration: 346000 (msec)
10-21 22:17:33.212 V/FFmpegMediaPlayer-JNI(30959): getCurrentPosition: 158827 (msec)
10-21 22:17:33.212 V/FFmpegMediaPlayer-JNI(30959): getDuration: 346000 (msec)
10-21 22:17:33.246 V/FFmpegMediaPlayer-JNI(30959): getCurrentPosition: 158827 (msec)
10-21 22:17:33.246 V/FFmpegMediaPlayer-JNI(30959): getDuration: 346000 (msec)
10-21 22:17:33.281 V/FFmpegMediaPlayer-JNI(30959): getCurrentPosition: 158943 (msec)
10-21 22:17:33.282 V/FFmpegMediaPlayer-JNI(30959): getDuration: 346000 (msec)
10-21 22:17:33.293 D/MediaSessionService( 1795): onSessionPlaybackStateChanged: record=com.soundcloud.android/MediaService::MediaSessionTag/115 (userId=0) playbackState=PlaybackState {state=PLAYING(3), position=4551340, buffered position=0, speed=1.0, updated=91946768, actions=84786, custom actions=[Action:mName='STOP_CAST, mIcon=2131231182, mExtras=null], active item id=-1, error=null}
10-21 22:17:33.315 V/FFmpegMediaPlayer-JNI(30959): getCurrentPosition: 158943 (msec)
10-21 22:17:33.315 V/FFmpegMediaPlayer-JNI(30959): getDuration: 346000 (msec)
10-21 22:17:33.350 V/FFmpegMediaPlayer-JNI(30959): getCurrentPosition: 158943 (msec)
10-21 22:17:33.350 V/FFmpegMediaPlayer-JNI(30959): getDuration: 346000 (msec)
10-21 22:17:33.386 V/FFmpegMediaPlayer-JNI(30959): getCurrentPosition: 158943 (msec)
10-21 22:17:33.387 V/FFmpegMediaPlayer-JNI(30959): getDuration: 346000 (msec)
10-21 22:17:33.422 V/FFmpegMediaPlayer-JNI(30959): getCurrentPosition: 159106 (msec)
10-21 22:17:33.422 V/FFmpegMediaPlayer-JNI(30959): getDuration: 346000 (msec)
10-21 22:17:33.456 V/FFmpegMediaPlayer-JNI(30959): getCurrentPosition: 159106 (msec)
10-21 22:17:33.456 V/FFmpegMediaPlayer-JNI(30959): getDuration: 346000 (msec)
10-21 22:17:33.494 V/FFmpegMediaPlayer-JNI(30959): getCurrentPosition: 159106 (msec)
10-21 22:17:33.494 V/FFmpegMediaPlayer-JNI(30959): getDuration: 346000 (msec)
10-21 22:17:33.530 V/FFmpegMediaPlayer-JNI(30959): getCurrentPosition: 159106 (msec)
10-21 22:17:33.530 V/FFmpegMediaPlayer-JNI(30959): getDuration: 346000 (msec)
10-21 22:17:33.567 V/FFmpegMediaPlayer-JNI(30959): getCurrentPosition: 159245 (msec)
10-21 22:17:33.567 V/FFmpegMediaPlayer-JNI(30959): getDuration: 346000 (msec)
10-21 22:17:33.600 V/FFmpegMediaPlayer-JNI(30959): getCurrentPosition: 159245 (msec)
10-21 22:17:33.600 V/FFmpegMediaPlayer-JNI(30959): getDuration: 346000 (msec)
10-21 22:17:33.636 V/FFmpegMediaPlayer-JNI(30959): getCurrentPosition: 159245 (msec)
10-21 22:17:33.636 V/FFmpegMediaPlayer-JNI(30959): getDuration: 346000 (msec)
10-21 22:17:33.672 V/FFmpegMediaPlayer-JNI(30959): getCurrentPosition: 159245 (msec)
10-21 22:17:33.673 V/FFmpegMediaPlayer-JNI(30959): getDuration: 346000 (msec)
10-21 22:17:33.707 V/FFmpegMediaPlayer-JNI(30959): getCurrentPosition: 159384 (msec)
10-21 22:17:33.707 V/FFmpegMediaPlayer-JNI(30959): getDuration: 346000 (msec)
10-21 22:17:33.741 V/FFmpegMediaPlayer-JNI(30959): getCurrentPosition: 159384 (msec)
10-21 22:17:33.741 V/FFmpegMediaPlayer-JNI(30959): getDuration: 346000 (msec)
10-21 22:17:33.775 V/FFmpegMediaPlayer-JNI(30959): getCurrentPosition: 159384 (msec)
10-21 22:17:33.775 V/FFmpegMediaPlayer-JNI(30959): getDuration: 346000 (msec)
