11-10 14:59:40.833  1884  4325 W AppSearchAppsUtil: 	at com.android.server.appsearch.appsindexer.AppsIndexerUserInstance$$ExternalSyntheticLambda0.run(go/retraceme 7965b89a256ee83d6a37d50af223386e31a1f9c90240702ba162172dbd131206:10)
11-10 14:59:40.833  1884  4325 W AppSearchAppsUtil: 	at java.util.concurrent.ThreadPoolExecutor.runWorker(ThreadPoolExecutor.java:1156)
11-10 14:59:40.833  1884  4325 W AppSearchAppsUtil: 	at java.util.concurrent.ThreadPoolExecutor$Worker.run(ThreadPoolExecutor.java:651)
11-10 14:59:40.833  1884  4325 W AppSearchAppsUtil: 	at java.lang.Thread.run(Thread.java:1119)
11-10 14:59:40.833  1884 30769 D IntervalStats: Unable to parse usage stats packages: [137, 276, 315, 316, 324, 333, 336, 337, 339, 340, 357, 363, 371, 372, 374, 391, 395, 402, 411, 413, 414, 421, 427, 433, 437, 457, 459, 460, 461, 464, 465, 471, 472, 487, 488, 489, 490, 494, 495, 509, 510, 511, 512, 513, 514, 515, 517, 518, 519, 520, 523, 529, 531, 532, 534, 538, 539, 540, 546, 547, 549, 553, 554, 556, 568, 583, 589, 595, 597, 598, 599, 600, 601, 602, 605, 606, 611, 623, 624, 625, 627, 628, 629, 630, 631, 632, 633, 634, 635, 637, 638, 640, 654, 657, 658, 660, 661, 663, 666, 672, 691, 692, 693, 694, 696, 697, 698, 699, 701, 702, 703, 704, 705, 706, 707, 708, 709, 710, 711, 712, 714, 715, 721]
11-10 14:59:40.838 12933 12933 V BaseDepthController: Applying blur: 0 to Surface(name=com.google.android.apps.nexuslauncher/com.google.android.apps.nexuslauncher.NexusLauncherActivity)/@0x828e58a
11-10 14:59:40.838   759   759 E CompositionEngine: [Home to launcher blur layer#154864] Invalid device requested composition type change: Client (1) --> Device (2)
11-10 14:59:40.841  1431  2167 W USF     : USF_API: Drop flicker data, cannot find sampling_id:84682!
11-10 14:59:40.846 12933 12933 V BaseDepthController: Applying blur: 0 to Surface(name=com.google.android.apps.nexuslauncher/com.google.android.apps.nexuslauncher.NexusLauncherActivity)/@0x828e58a
11-10 14:59:40.846   759   759 E CompositionEngine: [Home to launcher blur layer#154864] Invalid device requested composition type change: Client (1) --> Device (2)
11-10 14:59:40.847  1884  1915 D LauncherAppsService: getActivityLaunchIntent callingPackage=com.android.systemui component=ComponentInfo{com.android.chrome/com.google.android.apps.chrome.Main} user=UserHandle{0}
11-10 14:59:40.851  1431  2167 W USF     : USF_API: Drop flicker data, cannot find sampling_id:84682!
11-10 14:59:40.853  1884  4372 D LauncherAppsService: getActivityLaunchIntent callingPackage=com.android.systemui component=ComponentInfo{com.android.settings/com.android.settings.Settings} user=UserHandle{0}
11-10 14:59:40.853  1884  4325 E AppSearchAppsIndexerImpl: Certificate not found for package: org.chromium.webapk.a15bc299c036bd0c4_v2
11-10 14:59:40.854  1884  4325 E AppSearchAppsIndexerImpl: Certificate not found for package: org.chromium.webapk.acf6f8d2b6ee0ba22_v2
11-10 14:59:40.854 12933 12933 V BaseDepthController: Applying blur: 0 to Surface(name=com.google.android.apps.nexuslauncher/com.google.android.apps.nexuslauncher.NexusLauncherActivity)/@0x828e58a
11-10 14:59:40.855   759   759 E CompositionEngine: [Home to launcher blur layer#154864] Invalid device requested composition type change: Client (1) --> Device (2)
11-10 14:59:40.861  1884  1915 D LauncherAppsService: getActivityLaunchIntent callingPackage=com.android.systemui component=ComponentInfo{com.android.vending/com.android.vending.AssetBrowserActivity} user=UserHandle{0}
11-10 14:59:40.861  1431  2167 W USF     : USF_API: Drop flicker data, cannot find sampling_id:84682!
11-10 14:59:40.863 12933 12933 V BaseDepthController: Applying blur: 0 to Surface(name=com.google.android.apps.nexuslauncher/com.google.android.apps.nexuslauncher.NexusLauncherActivity)/@0x828e58a
11-10 14:59:40.863 31972 22334 I Finsky:background: [1152] Wrote row to frosting DB: 134032
11-10 14:59:40.863   759   759 E CompositionEngine: [Home to launcher blur layer#154864] Invalid device requested composition type change: Client (1) --> Device (2)
11-10 14:59:40.868  7174  7220 I Finsky  : [1048] AIM: AppInfoManager-Perf > OnDeviceAppInfo > cacheHitCount=1, cacheMissCount=0. Missed  in cache (limit 10) : []
11-10 14:59:40.869  7174  7220 I Finsky  : [1048] AIM: Got app ownership map. App counts: . Unique apps: 0
11-10 14:59:40.869  7174  7220 E Finsky  : [1048] [Counters] attempted to use a non-positive increment for: 4752
11-10 14:59:40.869  7174  7174 I Finsky  : [2] AIM: AppInfoCacheUpdater -> invalidating apps: [com.example.mobiledigger]
11-10 14:59:40.871  7174  7218 E Finsky  : [1046] [Counters] attempted to use a non-positive increment for: 4753
11-10 14:59:40.871 12933 12933 V BaseDepthController: Applying blur: 0 to Surface(name=com.google.android.apps.nexuslauncher/com.google.android.apps.nexuslauncher.NexusLauncherActivity)/@0x828e58a
11-10 14:59:40.871  1431  2167 W USF     : USF_API: Drop flicker data, cannot find sampling_id:84682!
11-10 14:59:40.871   759   759 E CompositionEngine: [Home to launcher blur layer#154864] Invalid device requested composition type change: Client (1) --> Device (2)
11-10 14:59:40.872  1884  2920 E ApduServiceInfo: Not adding <aid-group> with empty or invalid AIDs
11-10 14:59:40.872 23969 22241 W aqsf    : Job(ItemListsService:stopItemList#1.236) Attempting to unregister unknown list: itemlist-ViewType(45)-7
11-10 14:59:40.873  1884  4372 D LauncherAppsService: getActivityLaunchIntent callingPackage=com.android.systemui component=ComponentInfo{com.google.android.GoogleCamera/com.android.camera.CameraLauncher} user=UserHandle{0}
11-10 14:59:40.879 12933 12933 V BaseDepthController: Applying blur: 0 to Surface(name=com.google.android.apps.nexuslauncher/com.google.android.apps.nexuslauncher.NexusLauncherActivity)/@0x828e58a
11-10 14:59:40.880   759   759 E CompositionEngine: [Home to launcher blur layer#154864] Invalid device requested composition type change: Client (1) --> Device (2)
11-10 14:59:40.881  1431  2167 W USF     : USF_API: Drop flicker data, cannot find sampling_id:84682!
11-10 14:59:40.886  7174  7174 I Finsky  : [2] AIM: AppInfoManager-Perf > getApps > called for 1 apps
11-10 14:59:40.888 12933 12933 V BaseDepthController: Applying blur: 0 to Surface(name=com.google.android.apps.nexuslauncher/com.google.android.apps.nexuslauncher.NexusLauncherActivity)/@0x828e58a
11-10 14:59:40.889   759   759 E CompositionEngine: [Home to launcher blur layer#154864] Invalid device requested composition type change: Client (1) --> Device (2)
11-10 14:59:40.892  1431  2167 W USF     : USF_API: Drop flicker data, cannot find sampling_id:84682!
11-10 14:59:40.896 12933 12933 V BaseDepthController: Applying blur: 0 to Surface(name=com.google.android.apps.nexuslauncher/com.google.android.apps.nexuslauncher.NexusLauncherActivity)/@0x828e58a
11-10 14:59:40.896  1884  1915 D LauncherAppsService: getActivityLaunchIntent callingPackage=com.android.systemui component=ComponentInfo{com.google.android.apps.docs/com.google.android.apps.docs.app.NewMainProxyActivity} user=UserHandle{0}
11-10 14:59:40.896   759   759 E CompositionEngine: [Home to launcher blur layer#154864] Invalid device requested composition type change: Client (1) --> Device (2)
11-10 14:59:40.898  7174  7215 I Finsky  : [1043] AIM: AppInfoManager-Perf > OnDeviceAppInfo > cacheHitCount=0, cacheMissCount=1. Missed  in cache (limit 10) : [com.example.mobiledigger]
11-10 14:59:40.899 21379 21392 I bxw     : Potential packages: 123, blocklist size: 6070, allowlist size: 45, latency: PT0.045S
11-10 14:59:40.900  1884  3682 V Configuration: Updating configuration, locales updated from [] to [en_US,ro_RO]
11-10 14:59:40.901  1884  3682 V Configuration: Updating configuration, locales updated from [] to [en_US]
11-10 14:59:40.901  1884  3682 V Configuration: Updating configuration, locales updated from [] to [en_US,ro_RO]
11-10 14:59:40.901  1884  3682 V Configuration: Updating configuration, locales updated from [] to [en_US,ro_RO]
11-10 14:59:40.901  1884  3682 V Configuration: Updating configuration, locales updated from [] to [en_US,ro_RO]
11-10 14:59:40.901  1884  3682 V Configuration: Updating configuration, locales updated from [] to [en_US]
11-10 14:59:40.901  1884  3682 V Configuration: Updating configuration, locales updated from [] to [en_US,ro_RO]
11-10 14:59:40.901  1884  3682 V Configuration: Updating configuration, locales updated from [] to [en_US,ro_RO]
11-10 14:59:40.901  1431  2167 W USF     : USF_API: Drop flicker data, cannot find sampling_id:84682!
11-10 14:59:40.901  1884  3682 V Configuration: Updating configuration, locales updated from [] to [en_US,ro_RO]
11-10 14:59:40.901  1884  3682 V Configuration: Updating configuration, locales updated from [] to [en_US]
11-10 14:59:40.901  1884  3682 V Configuration: Updating configuration, locales updated from [] to [en_US,ro_RO]
11-10 14:59:40.901  1884  3682 V Configuration: Updating configuration, locales updated from [] to [en_US,ro_RO]
11-10 14:59:40.901  1884  3682 V Configuration: Updating configuration, locales updated from [] to [en_US,ro_RO]
11-10 14:59:40.902  1884  3682 V Configuration: Updating configuration, locales updated from [] to [en_US]
11-10 14:59:40.902  1884  3682 V Configuration: Updating configuration, locales updated from [] to [en_US,ro_RO]
11-10 14:59:40.902  1884  3682 V Configuration: Updating configuration, locales updated from [] to [en_US,ro_RO]
11-10 14:59:40.902  1884  3682 V Configuration: Updating configuration, locales updated from [] to [en_US,ro_RO]
11-10 14:59:40.902  1884  3682 V Configuration: Updating configuration, locales updated from [] to [en_US,ro_RO]
11-10 14:59:40.902  1884  3682 V Configuration: Updating configuration, locales updated from [] to [en_US]
11-10 14:59:40.902  1884  3682 V Configuration: Updating configuration, locales updated from [] to [en_US]
11-10 14:59:40.902  1884  3682 V Configuration: Updating configuration, locales updated from [] to [en_US]
11-10 14:59:40.902  1884  3682 V Configuration: Updating configuration, locales updated from [] to [en_US,ro_RO]
11-10 14:59:40.902  1884  3682 V Configuration: Updating configuration, locales updated from [] to [en_US,ro_RO]
11-10 14:59:40.902  1884  3682 V Configuration: Updating configuration, locales updated from [] to [en_US]
11-10 14:59:40.902  1884  3682 V Configuration: Updating configuration, locales updated from [] to [en_US,ro_RO]
11-10 14:59:40.902  1884  3682 V Configuration: Updating configuration, locales updated from [] to [en_US,ro_RO]
11-10 14:59:40.903  1884  3682 V Configuration: Updating configuration, locales updated from [] to [en_US,ro_RO]
11-10 14:59:40.903 21379 21379 I brn     : Starting work type: HANDLE_PACKAGES_CHANGED using foreground service, isShort: false
11-10 14:59:40.903  1884  3682 V Configuration: Updating configuration, locales updated from [] to [en_US,ro_RO]
11-10 14:59:40.903  1884  3682 V Configuration: Updating configuration, locales updated from [] to [en_US,ro_RO]
11-10 14:59:40.903  1884  3682 V Configuration: Updating configuration, locales updated from [] to [en_US,ro_RO]
11-10 14:59:40.903  1884  1915 I ActivityManager: Background started FGS: Allowed [callingPackage: com.google.android.odad; callingUid: 10154; uidState: IMPF; uidBFSL: n/a; intent: Intent { xflg=0x4 cmp=com.google.android.odad/com.google.android.apps.miphone.odad.backgroundwork.impl.WorkService (has extras) }; code:BACKGROUND_ACTIVITY_PERMISSION; tempAllowListReason:<null>; allowWiu:58; targetSdkVersion:36; callerTargetSdkVersion:36; startForegroundCount:0; bindFromPackage:null: isBindService:false]
11-10 14:59:40.903  1884  3682 V Configuration: Updating configuration, locales updated from [] to [en_US]
11-10 14:59:40.903  1884  3682 V Configuration: Updating configuration, locales updated from [] to [en_US,ro_RO]
11-10 14:59:40.903  1884  3682 V Configuration: Updating configuration, locales updated from [] to [en_US]
11-10 14:59:40.904  1884  3682 V Configuration: Updating configuration, locales updated from [] to [en_US,ro_RO]
11-10 14:59:40.904  1884  3682 V Configuration: Updating configuration, locales updated from [] to [en_US,ro_RO]
11-10 14:59:40.904  1884  3682 V Configuration: Updating configuration, locales updated from [] to [en_US,ro_RO]
11-10 14:59:40.904  1884  3682 V Configuration: Updating configuration, locales updated from [] to [en_US]
11-10 14:59:40.904  1884  3682 V Configuration: Updating configuration, locales updated from [] to [en_US,ro_RO]
11-10 14:59:40.904  1884  3682 V Configuration: Updating configuration, locales updated from [] to [en_US]
11-10 14:59:40.904  1884  3682 V Configuration: Updating configuration, locales updated from [] to [en_US,ro_RO]
11-10 14:59:40.904  1884  3682 V Configuration: Updating configuration, locales updated from [] to [en_US,ro_RO]
11-10 14:59:40.904  1884  3682 V Configuration: Updating configuration, locales updated from [] to [en_US,ro_RO]
11-10 14:59:40.904  1884  3682 V Configuration: Updating configuration, locales updated from [] to [en_US,ro_RO]
11-10 14:59:40.904 12933 12933 V BaseDepthController: Applying blur: 0 to Surface(name=com.google.android.apps.nexuslauncher/com.google.android.apps.nexuslauncher.NexusLauncherActivity)/@0x828e58a
11-10 14:59:40.904  1884  3682 V Configuration: Updating configuration, locales updated from [] to [en_US,ro_RO]
11-10 14:59:40.904  1884  3682 V Configuration: Updating configuration, locales updated from [] to [en_US,ro_RO]
11-10 14:59:40.905  1884  3682 V Configuration: Updating configuration, locales updated from [] to [ro_RO,en_US]
11-10 14:59:40.905   759   759 E CompositionEngine: [Home to launcher blur layer#154864] Invalid device requested composition type change: Client (1) --> Device (2)
11-10 14:59:40.905  1884  3682 V Configuration: Updating configuration, locales updated from [] to [en_US,ro_RO]
11-10 14:59:40.905  1884  3682 V Configuration: Updating configuration, locales updated from [] to [en_US,ro_RO]
11-10 14:59:40.905  1884  3682 V Configuration: Updating configuration, locales updated from [] to [en_US,ro_RO]
11-10 14:59:40.905  1884  3682 V Configuration: Updating configuration, locales updated from [] to [en_US,ro_RO]
11-10 14:59:40.905  1884  3682 V Configuration: Updating configuration, locales updated from [] to [en_US,ro_RO]
11-10 14:59:40.905  1884  3682 V Configuration: Updating configuration, locales updated from [] to [en_US,ro_RO]
11-10 14:59:40.905  1884  3682 V Configuration: Updating configuration, locales updated from [] to [en_US,ro_RO]
11-10 14:59:40.905  1884  3682 V Configuration: Updating configuration, locales updated from [] to [en_US,ro_RO]
11-10 14:59:40.905  1884  3682 V Configuration: Updating configuration, locales updated from [] to [en_US,ro_RO]
11-10 14:59:40.905  1884  3682 V Configuration: Updating configuration, locales updated from [] to [en_US,ro_RO]
11-10 14:59:40.905  1884  3682 V Configuration: Updating configuration, locales updated from [] to [en_US,ro_RO]
11-10 14:59:40.906  1884  3682 V Configuration: Updating configuration, locales updated from [] to [en_US,ro_RO]
11-10 14:59:40.906  1884  3682 V Configuration: Updating configuration, locales updated from [] to [en_US,ro_RO]
11-10 14:59:40.906  1884  3682 V Configuration: Updating configuration, locales updated from [] to [en_US,ro_RO]
11-10 14:59:40.906  1884  3682 V Configuration: Updating configuration, locales updated from [] to [en_US,ro_RO]
11-10 14:59:40.906  1884  3682 V Configuration: Updating configuration, locales updated from [] to [en_US,ro_RO]
11-10 14:59:40.906  1884  3682 V Configuration: Updating configuration, locales updated from [] to [en_US,ro_RO]
11-10 14:59:40.906  1884  3682 V Configuration: Updating configuration, locales updated from [] to [en_US,ro_RO]
11-10 14:59:40.906  1884  3682 V Configuration: Updating configuration, locales updated from [] to [en_US,ro_RO]
11-10 14:59:40.906  1884  3682 V Configuration: Updating configuration, locales updated from [] to [ro_RO,en_US]
11-10 14:59:40.906  1884  3682 V Configuration: Updating configuration, locales updated from [] to [en_US,ro_RO]
11-10 14:59:40.906  1884  3682 V Configuration: Updating configuration, locales updated from [] to [en_US,ro_RO]
11-10 14:59:40.907  1884  3682 V Configuration: Updating configuration, locales updated from [] to [en_US,ro_RO]
11-10 14:59:40.907  1884  3682 V Configuration: Updating configuration, locales updated from [] to [en_US,ro_RO]
11-10 14:59:40.907  1884  3682 V Configuration: Updating configuration, locales updated from [] to [en_US,ro_RO]
11-10 14:59:40.907  1884  3682 V Configuration: Updating configuration, locales updated from [] to [en_US,ro_RO]
11-10 14:59:40.907  1884  3682 V Configuration: Updating configuration, locales updated from [] to [en_US,ro_RO]
11-10 14:59:40.907  1884  3682 V Configuration: Updating configuration, locales updated from [] to [en_US,ro_RO]
11-10 14:59:40.907  1884  3682 V Configuration: Updating configuration, locales updated from [] to [en_US,ro_RO]
11-10 14:59:40.907  1884  3682 V Configuration: Updating configuration, locales updated from [] to [ro_RO,en_US]
11-10 14:59:40.907  1884  3682 V Configuration: Updating configuration, locales updated from [] to [en_US,ro_RO]
11-10 14:59:40.907  1884  3682 V Configuration: Updating configuration, locales updated from [] to [en_US,ro_RO]
11-10 14:59:40.907  1884  3682 V Configuration: Updating configuration, locales updated from [] to [en_US]
11-10 14:59:40.907  1884  3682 V Configuration: Updating configuration, locales updated from [] to [en_US,ro_RO]
11-10 14:59:40.908  1884  3682 V Configuration: Updating configuration, locales updated from [] to [en_US,ro_RO]
11-10 14:59:40.908 21379 21379 I WorkService: Work service created
11-10 14:59:40.908  1884  3682 V Configuration: Updating configuration, locales updated from [] to [en_US,ro_RO]
11-10 14:59:40.908  1884  3682 V Configuration: Updating configuration, locales updated from [] to [en_US,ro_RO]
11-10 14:59:40.908  1884  3682 V Configuration: Updating configuration, locales updated from [] to [en_US,ro_RO]
11-10 14:59:40.908 21379 21396 I civ     : Started coroutine watchdog: work-service, duration: PT3M
11-10 14:59:40.908  1884  3682 V Configuration: Updating configuration, locales updated from [] to [ro_RO,en_US]
11-10 14:59:40.908  1884  3682 V Configuration: Updating configuration, locales updated from [] to [en_US,ro_RO]
11-10 14:59:40.908  1884  3682 V Configuration: Updating configuration, locales updated from [] to [en_US]
11-10 14:59:40.908  1884  3682 V Configuration: Updating configuration, locales updated from [] to [ro_RO]
11-10 14:59:40.908  1884  3682 V Configuration: Updating configuration, locales updated from [] to [en_US,ro_RO]
11-10 14:59:40.908  1884  3682 V Configuration: Updating configuration, locales updated from [] to [en_US,ro_RO]
11-10 14:59:40.908  1884  3682 V Configuration: Updating configuration, locales updated from [] to [en_US,ro_RO]
11-10 14:59:40.908  1884  3682 V Configuration: Updating configuration, locales updated from [] to [en_US,ro_RO]
11-10 14:59:40.909  1884  3682 V Configuration: Updating configuration, locales updated from [] to [en_US,ro_RO]
11-10 14:59:40.909  1884  3682 V Configuration: Updating configuration, locales updated from [] to [ro_RO,en_US]
11-10 14:59:40.909  1884  3682 V Configuration: Updating configuration, locales updated from [] to [en_US]
11-10 14:59:40.909  1884  3682 V Configuration: Updating configuration, locales updated from [] to [en_US,ro_RO]
11-10 14:59:40.909  1884  3682 V Configuration: Updating configuration, locales updated from [] to [ro_RO]
11-10 14:59:40.909  1884  3682 V Configuration: Updating configuration, locales updated from [] to [en_US,ro_RO]
11-10 14:59:40.909  1884  3682 V Configuration: Updating configuration, locales updated from [] to [en_US,ro_RO]
11-10 14:59:40.909  1884  3682 V Configuration: Updating configuration, locales updated from [] to [en_US,ro_RO]
11-10 14:59:40.909  1884  3682 V Configuration: Updating configuration, locales updated from [] to [en_US,ro_RO]
11-10 14:59:40.909  1884  3682 V Configuration: Updating configuration, locales updated from [] to [en_US,ro_RO]
11-10 14:59:40.909  1884  3682 V Configuration: Updating configuration, locales updated from [] to [en_US]
11-10 14:59:40.909  1884  3682 V Configuration: Updating configuration, locales updated from [] to [en_US]
11-10 14:59:40.910  1884  3682 V Configuration: Updating configuration, locales updated from [] to [ro_RO,en_US]
11-10 14:59:40.910  1884  3682 V Configuration: Updating configuration, locales updated from [] to [en_US,ro_RO]
11-10 14:59:40.910  1884  3682 V Configuration: Updating configuration, locales updated from [] to [en_US,ro_RO]
11-10 14:59:40.910  1884  3682 V Configuration: Updating configuration, locales updated from [] to [en_US,ro_RO]
11-10 14:59:40.910  1884  5665 D LauncherAppsService: getActivityLaunchIntent callingPackage=com.android.systemui component=ComponentInfo{com.google.android.apps.maps/com.google.android.maps.MapsActivity} user=UserHandle{0}
11-10 14:59:40.910  1884  3682 V Configuration: Updating configuration, locales updated from [] to [en_US,ro_RO]
11-10 14:59:40.910  1884  3682 V Configuration: Updating configuration, locales updated from [] to [en_US,ro_RO]
11-10 14:59:40.910  1884  3682 V Configuration: Updating configuration, locales updated from [] to [en_US,ro_RO]
11-10 14:59:40.910  1884  3682 V Configuration: Updating configuration, locales updated from [] to [en_US]
11-10 14:59:40.910  1884  3682 V Configuration: Updating configuration, locales updated from [] to [en_US,ro_RO]
11-10 14:59:40.910  1884  3682 V Configuration: Updating configuration, locales updated from [] to [en_US]
11-10 14:59:40.910  1884  3682 V Configuration: Updating configuration, locales updated from [] to [en_US,ro_RO]
11-10 14:59:40.911  1884  3682 V Configuration: Updating configuration, locales updated from [] to [en_US,ro_RO]
11-10 14:59:40.911  1884  3682 V Configuration: Updating configuration, locales updated from [] to [en_US,ro_RO]
11-10 14:59:40.911  1884  3682 V Configuration: Updating configuration, locales updated from [] to [en_US]
11-10 14:59:40.911  1884  3682 V Configuration: Updating configuration, locales updated from [] to [en_US,ro_RO]
11-10 14:59:40.911  1884  3682 V Configuration: Updating configuration, locales updated from [] to [en_US]
11-10 14:59:40.911  1884  3682 V Configuration: Updating configuration, locales updated from [] to [en_US,ro_RO]
11-10 14:59:40.911  1884  3682 V Configuration: Updating configuration, locales updated from [] to [en_US,ro_RO]
11-10 14:59:40.911  1884  3682 V Configuration: Updating configuration, locales updated from [] to [en_US,ro_RO]
11-10 14:59:40.911  1431  2167 W USF     : USF_API: Drop flicker data, cannot find sampling_id:84682!
11-10 14:59:40.911  1884  3682 V Configuration: Updating configuration, locales updated from [] to [en_US,ro_RO]
11-10 14:59:40.911  1884  3682 V Configuration: Updating configuration, locales updated from [] to [en_US,ro_RO]
11-10 14:59:40.911  1884  3682 V Configuration: Updating configuration, locales updated from [] to [en_US,ro_RO]
11-10 14:59:40.911  1884  3682 V Configuration: Updating configuration, locales updated from [] to [en_US,ro_RO]
11-10 14:59:40.911  1884  3682 V Configuration: Updating configuration, locales updated from [] to [en_US,ro_RO]
11-10 14:59:40.912  1884  5665 D LauncherAppsService: getActivityLaunchIntent callingPackage=com.android.systemui component=ComponentInfo{com.google.android.apps.messaging/com.google.android.apps.messaging.ui.ConversationListActivity} user=UserHandle{0}
11-10 14:59:40.912  1884  3682 V Configuration: Updating configuration, locales updated from [] to [en_US,ro_RO]
11-10 14:59:40.912  1884  3682 V Configuration: Updating configuration, locales updated from [] to [en_US,ro_RO]
11-10 14:59:40.912  1884  3682 V Configuration: Updating configuration, locales updated from [] to [en_US,ro_RO]
11-10 14:59:40.912  1884  3682 V Configuration: Updating configuration, locales updated from [] to [en_US,ro_RO]
11-10 14:59:40.912  1884  3682 V Configuration: Updating configuration, locales updated from [] to [en_US,ro_RO]
11-10 14:59:40.912  1884  3682 V Configuration: Updating configuration, locales updated from [] to [en_US,ro_RO]
11-10 14:59:40.912  1884  3682 V Configuration: Updating configuration, locales updated from [] to [en_US,ro_RO]
11-10 14:59:40.912  1884  3682 V Configuration: Updating configuration, locales updated from [] to [en_US,ro_RO]
11-10 14:59:40.912  1884  3682 V Configuration: Updating configuration, locales updated from [] to [en_US,ro_RO]
11-10 14:59:40.912  1884  3682 V Configuration: Updating configuration, locales updated from [] to [en_US,ro_RO]
11-10 14:59:40.912  1884  3682 V Configuration: Updating configuration, locales updated from [] to [en_US,ro_RO]
11-10 14:59:40.912  1884  3682 V Configuration: Updating configuration, locales updated from [] to [en_US,ro_RO]
11-10 14:59:40.913  1884  3682 V Configuration: Updating configuration, locales updated from [] to [en_US,ro_RO]
11-10 14:59:40.913 12933 12933 V BaseDepthController: Applying blur: 0 to Surface(name=com.google.android.apps.nexuslauncher/com.google.android.apps.nexuslauncher.NexusLauncherActivity)/@0x828e58a
11-10 14:59:40.913  1884  3682 V Configuration: Updating configuration, locales updated from [] to [en_US,ro_RO]
11-10 14:59:40.913  1884  3682 V Configuration: Updating configuration, locales updated from [] to [en_US,ro_RO]
11-10 14:59:40.913 31972 22334 I Finsky:background: [1152] Wrote row to frosting DB: 134033
11-10 14:59:40.913   759   759 E CompositionEngine: [Home to launcher blur layer#154864] Invalid device requested composition type change: Client (1) --> Device (2)
11-10 14:59:40.914  1884  3682 D IntervalStats: Unable to parse usage stats packages: [137, 276, 315, 316, 324, 333, 336, 337, 339, 340, 357, 363, 371, 372, 374, 391, 395, 402, 411, 413, 414, 421, 427, 433, 437, 457, 459, 460, 461, 464, 465, 471, 472, 487, 488, 489, 490, 494, 495, 509, 510, 511, 512, 513, 514, 515, 517, 518, 519, 520, 523, 529, 531, 532, 534, 538, 539, 540, 546, 547, 549, 553, 554, 556, 568, 583, 589, 595, 597, 598, 599, 600, 601, 602, 605, 606, 611, 623, 624, 625, 627, 628, 629, 630, 631, 632, 633, 634, 635, 637, 638, 640, 654, 657, 658, 660, 661, 663, 666, 672, 691, 692, 693, 694, 696, 697, 698, 699, 701, 702, 703, 704, 705, 706, 707, 708, 709, 710, 711, 712, 714, 715, 721]
11-10 14:59:40.915  1884  5670 W ForegroundServiceTypeLoggerModule: Foreground service start for UID: 10154 does not have any types
11-10 14:59:40.917  1884  2730 D BackgroundInstallControlService: Package event received: 0
11-10 14:59:40.917 21379 21379 I WorkService: Moved work service to foreground
11-10 14:59:40.917 21379 21379 I brn     : Starting the handler for work type: HANDLE_PACKAGES_CHANGED
11-10 14:59:40.917 21379 21379 I WorkService: Work service returning from onStartCommand, work count: 1
11-10 14:59:40.920  1884  5670 D LauncherAppsService: getActivityLaunchIntent callingPackage=com.android.systemui component=ComponentInfo{com.google.android.apps.photos/com.google.android.apps.photos.home.HomeActivity} user=UserHandle{0}
11-10 14:59:40.921 12933 12933 V BaseDepthController: Applying blur: 0 to Surface(name=com.google.android.apps.nexuslauncher/com.google.android.apps.nexuslauncher.NexusLauncherActivity)/@0x828e58a
11-10 14:59:40.921  1431  2167 W USF     : USF_API: Drop flicker data, cannot find sampling_id:84682!
11-10 14:59:40.922   759   759 E CompositionEngine: [Home to launcher blur layer#154864] Invalid device requested composition type change: Client (1) --> Device (2)
11-10 14:59:40.925  7174  7215 I Finsky  : [1043] AIM: Got app ownership map. App counts: . Unique apps: 0
11-10 14:59:40.925  7174  7215 E Finsky  : [1043] [Counters] attempted to use a non-positive increment for: 4752
11-10 14:59:40.927  1884  4325 W AppSearchAppsUtil: getDynamicAppFunctionSchemasForPackages: Failed to get schema property for package: com.google.android.apps.wearables.maestro.companion
11-10 14:59:40.927  1884  4325 W AppSearchAppsUtil: android.content.pm.PackageManager$NameNotFoundException
11-10 14:59:40.927  1884  4325 W AppSearchAppsUtil: 	at android.app.ApplicationPackageManager.getPropertyAsUser(ApplicationPackageManager.java:3965)
11-10 14:59:40.927  1884  4325 W AppSearchAppsUtil: 	at android.app.ApplicationPackageManager.getProperty(ApplicationPackageManager.java:3952)
11-10 14:59:40.927  1884  4325 W AppSearchAppsUtil: 	at com.android.server.appsearch.appsindexer.AppsIndexerImpl.doUpdateIncrementalPut(go/retraceme 7965b89a256ee83d6a37d50af223386e31a1f9c90240702ba162172dbd131206:76)
11-10 14:59:40.927  1884  4325 W AppSearchAppsUtil: 	at com.android.server.appsearch.appsindexer.AppsIndexerUserInstance.doUpdate(go/retraceme 7965b89a256ee83d6a37d50af223386e31a1f9c90240702ba162172dbd131206:75)
11-10 14:59:40.927  1884  4325 W AppSearchAppsUtil: 	at com.android.server.appsearch.appsindexer.AppsIndexerUserInstance$$ExternalSyntheticLambda3.run(go/retraceme 7965b89a256ee83d6a37d50af223386e31a1f9c90240702ba162172dbd131206:11)
11-10 14:59:40.927  1884  4325 W AppSearchAppsUtil: 	at com.android.server.appsearch.appsindexer.AppsIndexerUserInstance$$ExternalSyntheticLambda0.run(go/retraceme 7965b89a256ee83d6a37d50af223386e31a1f9c90240702ba162172dbd131206:10)
11-10 14:59:40.927  1884  4325 W AppSearchAppsUtil: 	at java.util.concurrent.ThreadPoolExecutor.runWorker(ThreadPoolExecutor.java:1156)
11-10 14:59:40.927  1884  4325 W AppSearchAppsUtil: 	at java.util.concurrent.ThreadPoolExecutor$Worker.run(ThreadPoolExecutor.java:651)
11-10 14:59:40.927  1884  4325 W AppSearchAppsUtil: 	at java.lang.Thread.run(Thread.java:1119)
11-10 14:59:40.927  1884  4325 W AppSearchAppsUtil: getDynamicAppFunctionSchemasForPackages: Failed to get schema property for package: com.google.android.apps.wellbeing
11-10 14:59:40.927  1884  4325 W AppSearchAppsUtil: android.content.pm.PackageManager$NameNotFoundException
11-10 14:59:40.927  1884  4325 W AppSearchAppsUtil: 	at android.app.ApplicationPackageManager.getPropertyAsUser(ApplicationPackageManager.java:3965)
11-10 14:59:40.927  1884  4325 W AppSearchAppsUtil: 	at android.app.ApplicationPackageManager.getProperty(ApplicationPackageManager.java:3952)
11-10 14:59:40.927  1884  4325 W AppSearchAppsUtil: 	at com.android.server.appsearch.appsindexer.AppsIndexerImpl.doUpdateIncrementalPut(go/retraceme 7965b89a256ee83d6a37d50af223386e31a1f9c90240702ba162172dbd131206:76)
11-10 14:59:40.927  1884  4325 W AppSearchAppsUtil: 	at com.android.server.appsearch.appsindexer.AppsIndexerUserInstance.doUpdate(go/retraceme 7965b89a256ee83d6a37d50af223386e31a1f9c90240702ba162172dbd131206:75)
11-10 14:59:40.927  1884  4325 W AppSearchAppsUtil: 	at com.android.server.appsearch.appsindexer.AppsIndexerUserInstance$$ExternalSyntheticLambda3.run(go/retraceme 7965b89a256ee83d6a37d50af223386e31a1f9c90240702ba162172dbd131206:11)
11-10 14:59:40.927  1884  4325 W AppSearchAppsUtil: 	at com.android.server.appsearch.appsindexer.AppsIndexerUserInstance$$ExternalSyntheticLambda0.run(go/retraceme 7965b89a256ee83d6a37d50af223386e31a1f9c90240702ba162172dbd131206:10)
11-10 14:59:40.927  1884  4325 W AppSearchAppsUtil: 	at java.util.concurrent.ThreadPoolExecutor.runWorker(ThreadPoolExecutor.java:1156)
11-10 14:59:40.927  1884  4325 W AppSearchAppsUtil: 	at java.util.concurrent.ThreadPoolExecutor$Worker.run(ThreadPoolExecutor.java:651)
11-10 14:59:40.927  1884  4325 W AppSearchAppsUtil: 	at java.lang.Thread.run(Thread.java:1119)
11-10 14:59:40.927 21379 22351 I brb     : No reboot detected, boot count: 118
11-10 14:59:40.929 12933 12933 V BaseDepthController: Applying blur: 0 to Surface(name=com.google.android.apps.nexuslauncher/com.google.android.apps.nexuslauncher.NexusLauncherActivity)/@0x828e58a
11-10 14:59:40.930   759   759 E CompositionEngine: [Home to launcher blur layer#154864] Invalid device requested composition type change: Client (1) --> Device (2)
11-10 14:59:40.931  1884  3682 D LauncherAppsService: getActivityLaunchIntent callingPackage=com.android.systemui component=ComponentInfo{com.google.android.apps.tachyon/com.google.android.apps.tachyon.MainActivity} user=UserHandle{0}
11-10 14:59:40.931  1431  2167 W USF     : USF_API: Drop flicker data, cannot find sampling_id:84682!
11-10 14:59:40.933 21379 22351 I brb     : Found: 1 changed packages for sequence number: 2451, new sequence number: 2452
11-10 14:59:40.934  1428  4907 D AHal::UseCase: SetActiveTracks: update deep-buffer-playback active tracks(0)
11-10 14:59:40.934  1428  4907 I AHal::AocSoundDoseBridge: UpdateSoundDoseEnableState: 0
11-10 14:59:40.935  1428  4907 D BTAudioSessionAidl: UpdateSourceMetadata - SessionType=LE_AUDIO_HARDWARE_OFFLOAD_ENCODING_DATAPATH has NO session
11-10 14:59:40.935  1428  4907 D BTAudioSessionAidl: GetSupportedLatencyModes - SessionType=LE_AUDIO_HARDWARE_OFFLOAD_ENCODING_DATAPATH has NO session
11-10 14:59:40.935  1428  4907 D BTAudioSessionAidl: SetLatencyMode - SessionType=LE_AUDIO_HARDWARE_OFFLOAD_ENCODING_DATAPATH has NO session
11-10 14:59:40.935  1428  4907 D BTAudioSessionAidl: GetSupportedLatencyModes - Supported LatencyMode= FREE
11-10 14:59:40.935  1653  1653 D AOC     : F1:MSG: controller.cc, 275: AudioOutCtrl: cmd ID: 0x0125, tag: 0x63 [cntr = 81920]
11-10 14:59:40.935 14050  2567 I bluetooth-a2dp: system/btif/src/btif_av.cc:4061 btif_av_set_low_latency: active_peer=xx:xx:xx:xx:0f:4f is_low_latency=false
11-10 14:59:40.935 14050 14084 I BluetoothAdapterService: getActiveDevices: A2dp device: XX:XX:XX:XX:0F:4F
11-10 14:59:40.935  1653  1653 D AOC     : F1:MSG: audio_hardware_sink_usb.cc, 1881: MelEnable false
11-10 14:59:40.935  1653  1653 D AOC     : F1:MelEnable false
11-10 14:59:40.935 14050 14071 I bluetooth-a2dp: system/btif/src/btif_av.cc:3067 btif_av_handle_event: peer=xx:xx:xx:xx:0f:4f handle=0x0 event=BTIF_AV_SET_LATENCY_REQ_EVT(0x25)
11-10 14:59:40.935 14050 14071 I bluetooth-a2dp: system/btif/src/btif_av.cc:2492 ProcessEvent: state=Started peer=xx:xx:xx:xx:0f:4f event=BTIF_AV_SET_LATENCY_REQ_EVT(0x25) flags=0x0(None) active_peer=true
11-10 14:59:40.935 14050 14071 I bluetooth-a2dp: system/btif/src/btif_av.cc:2671 ProcessEvent: Peer xx:xx:xx:xx:0f:4f : event=BTIF_AV_SET_LATENCY_REQ_EVT(0x25) flags=0x0(None) is_low_latency=false
11-10 14:59:40.935 14050 14071 I bluetooth-a2dp: system/bta/av/bta_av_api.cc:612 BTA_AvSetLatency: Set audio/video stream low latency bta_handle:65, is_low_latency:false
11-10 14:59:40.935 14050 14071 I bt_l2cap: system/stack/l2cap/l2c_api.cc:1040 L2CA_SetAclLatency: BDA: xx:xx:xx:xx:0f:4f, latency: 0
11-10 14:59:40.935 14050 14071 I l2c_utils: system/stack/l2cap/l2c_utils.cc:2538 l2cu_set_acl_latency: Set ACL low latency: 0
11-10 14:59:40.936  1653  1653 D AOC     : F1:MSG: controller.cc, 919: AudioOutCtrl: ipc: audio_output_co, cmd ID: 0x0125, tag: 0x63, rc: 0
11-10 14:59:40.936  1653  1653 D AOC     : F1:onNewMelValues timestamp 25463962547 total data count = 2
11-10 14:59:40.936  1884  3682 D LauncherAppsService: getActivityLaunchIntent callingPackage=com.android.systemui component=ComponentInfo{com.google.android.apps.youtube.music/com.google.android.apps.youtube.music.activities.MusicActivity} user=UserHandle{0}
11-10 14:59:40.936  1488  2052 W AudioFlinger: moveEffectChain_ll: effect chain for session 0 not on source thread 0xb400007963caaff0
11-10 14:59:40.937  1428  2023 I AUtl::WakeLock: Acquire: acquired wake lock for aoc_sound_dose
11-10 14:59:40.937  1428  2023 I AHal::AocSoundDoseBridge: GetMelDataFromAoc ret_size: 502 fd: 18
11-10 14:59:40.937  1428  2023 I AHal::AocSoundDoseBridge: HandlePeriodMelUpdate: 2 records
11-10 14:59:40.937  1428  2023 I AUtl::WakeLock: Release: released wake lock for aoc_sound_dose
11-10 14:59:40.937  1488 17920 I SoundDoseManager: getIdForAudioDevice: bt device AUDIO_DEVICE_OUT_BLUETOOTH_A2DP, @:SUPPRESSED does not support sound dose
11-10 14:59:40.938 12933 12933 V BaseDepthController: Applying blur: 0 to Surface(name=com.google.android.apps.nexuslauncher/com.google.android.apps.nexuslauncher.NexusLauncherActivity)/@0x828e58a
11-10 14:59:40.938  1488 17920 I SoundDoseManager: onNewMelValues: no mapped id for audio device with type 133 and address AudioDeviceAddress{mac: [24, 230, 113, 5, 15, 79]}
11-10 14:59:40.938   759   759 E CompositionEngine: [Home to launcher blur layer#154864] Invalid device requested composition type change: Client (1) --> Device (2)
11-10 14:59:40.941  1431  2167 W USF     : USF_API: Drop flicker data, cannot find sampling_id:84682!
11-10 14:59:40.943 14132 22346 I EuiccGoogle: [1127] EuiccServiceImpl.onGetEuiccProfileInfoList: onGetEuiccProfileInfoList: Profile nickname = 1GLOBAL.
11-10 14:59:40.943 14132 22346 I EuiccGoogle: [1127] EuiccServiceImpl.onGetEuiccProfileInfoList: onGetEuiccProfileInfoList: Profile info = EuiccProfileInfo (nickname=1GLOBAL, serviceProviderName=1GLOBAL, profileName=1GLOBAL, profileClass=2, state=0, CarrierIdentifier=CarrierIdentifier{mcc=204,mnc=08,spn=null,imsi=null,gid1=547275554B3030656E,gid2=547275554B3030656E,carrierid=-1,specificCarrierId=-1}, policyRules=0, accessRules=[cert: 52F308E2848EBF1FEA098A565D54A17B1CA9747D pkg: com.revolut.revolut access: 1, cert: BB9216C690E2EC5CF9FEF6E4D02E7B40ED159143 pkg: com.revolut.revolut access: 1], iccid=894447861[****]).
11-10 14:59:40.944  3130  3339 D EuiccConnector: handleMessage: E msg.what=6
11-10 14:59:40.944  3130  3339 D EuiccConnector: processMsg: ConnectedState
11-10 14:59:40.944  3130  3339 D EuiccConnector: handleMessage: X
11-10 14:59:40.944 31972 22334 I Finsky:background: [1152] Wrote row to frosting DB: 134034
11-10 14:59:40.945  3130  3339 D EuiccConnector: handleMessage: E msg.what=103
11-10 14:59:40.945  3130  3339 D EuiccConnector: processMsg: ConnectedState
11-10 14:59:40.946 12933 12933 V BaseDepthController: Applying blur: 0 to Surface(name=com.google.android.apps.nexuslauncher/com.google.android.apps.nexuslauncher.NexusLauncherActivity)/@0x828e58a
11-10 14:59:40.946  3130  3339 D EuiccConnector: handleMessage: X
11-10 14:59:40.946   759   759 E CompositionEngine: [Home to launcher blur layer#154864] Invalid device requested composition type change: Client (1) --> Device (2)
11-10 14:59:40.950 14132 22353 I EuiccGoogle: [1128] EuiccServiceImpl.onGetEuiccProfileInfoList: onGetEuiccProfileInfoList: slotId = 0
11-10 14:59:40.951  1431  2167 W USF     : USF_API: Drop flicker data, cannot find sampling_id:84682!
11-10 14:59:40.955 12933 12933 V BaseDepthController: Applying blur: 0 to Surface(name=com.google.android.apps.nexuslauncher/com.google.android.apps.nexuslauncher.NexusLauncherActivity)/@0x828e58a
11-10 14:59:40.955   759   759 E CompositionEngine: [Home to launcher blur layer#154864] Invalid device requested composition type change: Client (1) --> Device (2)
11-10 14:59:40.959  7174  7220 E Finsky  : [1048] [Counters] attempted to use a non-positive increment for: 4753
11-10 14:59:40.961  1431  2167 W USF     : USF_API: Drop flicker data, cannot find sampling_id:84682!
11-10 14:59:40.962  7174  7174 I Finsky  : [2] agiw - Received: android.intent.action.PACKAGE_ADDED, [F8SdPmz-nDnkHAASXyGhRL_JSafYynzTZ1KyLvYja6g]
11-10 14:59:40.963 12933 12933 V BaseDepthController: Applying blur: 0 to Surface(name=com.google.android.apps.nexuslauncher/com.google.android.apps.nexuslauncher.NexusLauncherActivity)/@0x828e58a
11-10 14:59:40.963   759   759 E CompositionEngine: [Home to launcher blur layer#154864] Invalid device requested composition type change: Client (1) --> Device (2)
11-10 14:59:40.966 23969 29093 W Binder  : Caught a RuntimeException from the binder stub implementation.
11-10 14:59:40.966 23969 29093 W Binder  : java.lang.UnsupportedOperationException
11-10 14:59:40.966 23969 29093 W Binder  : 	at uht.a(PG:3)
11-10 14:59:40.966 23969 29093 W Binder  : 	at uht.r(PG:34)
11-10 14:59:40.966 23969 29093 W Binder  : 	at kog.onTransact(PG:21)
11-10 14:59:40.966 23969 29093 W Binder  : 	at android.os.Binder.execTransactInternal(Binder.java:1446)
11-10 14:59:40.966 23969 29093 W Binder  : 	at android.os.Binder.execTransact(Binder.java:1385)
11-10 14:59:40.967 14132 22353 I EuiccGoogle: [1128] EuiccServiceImpl.onGetEuiccProfileInfoList: slotId = 0, isRemovable = false
11-10 14:59:40.967 14132 22353 I EuiccGoogle: [1128] EuiccServiceImpl.onGetEuiccProfileInfoList: onGetEuiccProfileInfoList: isRemovable = false.
11-10 14:59:40.967 14132 22353 I EuiccGoogle: [1128] EuiccServiceImpl.onGetEuiccProfileInfoList: getSimCardState for slotId: 0
11-10 14:59:40.969 14132 22353 I EuiccGoogle: [1128] EuiccServiceImpl.onGetEuiccProfileInfoList: GetEuiccProfileInfoListResult: simCardState :11and simCardStateAtTelephony:11 for slot:0
11-10 14:59:40.969 14132 22353 I EuiccGoogle: [1128] EuiccServiceImpl.getProfileInfoList: getProfileInfoList: slotId = 0, includeTestProfiles = false
11-10 14:59:40.969 14132 22353 I EuiccGoogle: [1128] EuiccServiceImpl.getProfileInfoList: getProfileInfoList: slotId = 0, includeTestProfiles = false.
11-10 14:59:40.969 14132 22353 I EuiccGoogle: [1128] EuiccServiceImpl.getEidFromSlotId: getEidFromSlotId: slotId = 0.
11-10 14:59:40.969 14132 22353 I EuiccGoogle: [1128] NetworkFetcher.getEidForSlot: getEidForSlot: 0
11-10 14:59:40.971 14132 22353 I EuiccGoogle: [1128] BlockingEuiccCardManager.requestAllProfiles: requestAllProfiles: cardId = [pDpBLAxytlpqY2-RCg5rLooJ5Yw]
11-10 14:59:40.971 12933 12933 V BaseDepthController: Applying blur: 0 to Surface(name=com.google.android.apps.nexuslauncher/com.google.android.apps.nexuslauncher.NexusLauncherActivity)/@0x828e58a
11-10 14:59:40.971  7174 22352 I Finsky  : [1564] SCH: Received scheduling request: Id: 12-1, Constraints: [{ L: 15000, D: 86400000, C: CHARGING_NONE, I: IDLE_NONE, N: NET_ANY, B: BATTERY_ANY }]
11-10 14:59:40.971  1431  2167 W USF     : USF_API: Drop flicker data, cannot find sampling_id:84682!
11-10 14:59:40.971   759   759 E CompositionEngine: [Home to launcher blur layer#154864] Invalid device requested composition type change: Client (1) --> Device (2)
11-10 14:59:40.975  1884  4325 E AppSearchAppsIndexerImpl: Certificate not found for package: org.chromium.webapk.acf6f8d2b6ee0ba22_v2
11-10 14:59:40.975  1884  4325 E AppSearchAppsIndexerImpl: Certificate not found for package: org.chromium.webapk.a15bc299c036bd0c4_v2
11-10 14:59:40.977  1884  5670 D LauncherAppsService: getActivityLaunchIntent callingPackage=com.android.systemui component=ComponentInfo{com.google.android.calculator/com.android.calculator2.Calculator} user=UserHandle{0}
11-10 14:59:40.977  1428  2117 D BTAudioSessionAidl: GetSupportedLatencyModes - Supported LatencyMode= FREE
11-10 14:59:40.978  1884  4373 D LauncherAppsService: getActivityLaunchIntent callingPackage=com.android.systemui component=ComponentInfo{com.google.android.calendar/com.android.calendar.AllInOneActivity} user=UserHandle{0}
11-10 14:59:40.979  1884  5670 D LauncherAppsService: getActivityLaunchIntent callingPackage=com.android.systemui component=ComponentInfo{com.google.android.contacts/com.android.contacts.activities.PeopleActivity} user=UserHandle{0}
11-10 14:59:40.979  1884  5670 D LauncherAppsService: getActivityLaunchIntent callingPackage=com.android.systemui component=ComponentInfo{com.google.android.deskclock/com.android.deskclock.DeskClock} user=UserHandle{0}
11-10 14:59:40.980  1884  5670 D LauncherAppsService: getActivityLaunchIntent callingPackage=com.android.systemui component=ComponentInfo{com.google.android.dialer/com.google.android.dialer.extensions.GoogleDialtactsActivity} user=UserHandle{0}
11-10 14:59:40.980   759   759 E CompositionEngine: [Home to launcher blur layer#154864] Invalid device requested composition type change: Client (1) --> Device (2)
11-10 14:59:40.980  1884  5670 D LauncherAppsService: getActivityLaunchIntent callingPackage=com.android.systemui component=ComponentInfo{com.google.android.gm/com.google.android.gm.ConversationListActivityGmail} user=UserHandle{0}
11-10 14:59:40.981  1431  2167 W USF     : USF_API: Drop flicker data, cannot find sampling_id:84682!
11-10 14:59:40.981  1884  5670 D LauncherAppsService: getActivityLaunchIntent callingPackage=com.android.systemui component=ComponentInfo{com.google.android.youtube/com.google.android.youtube.app.honeycomb.Shell$HomeActivity} user=UserHandle{0}
11-10 14:59:40.982  1884  5670 D LauncherAppsService: getActivityLaunchIntent callingPackage=com.android.systemui component=ComponentInfo{com.Slack/slack.features.home.HomeActivity} user=UserHandle{0}
11-10 14:59:40.983  7174  7218 I Finsky  : [1046] AIM: AppInfoManager-Perf > ItemModel > CacheSize=190, cacheHitCount=0, cacheMissCount=0, total appsWithNoServerDataCount=4. Missed  in cache (limit 10) : []
11-10 14:59:40.985 23969 26885 W Binder  : Caught a RuntimeException from the binder stub implementation.
11-10 14:59:40.985 23969 26885 W Binder  : java.lang.UnsupportedOperationException
11-10 14:59:40.985 23969 26885 W Binder  : 	at uht.a(PG:3)
11-10 14:59:40.985 23969 26885 W Binder  : 	at uht.r(PG:34)
11-10 14:59:40.985 23969 26885 W Binder  : 	at kog.onTransact(PG:21)
11-10 14:59:40.985 23969 26885 W Binder  : 	at android.os.Binder.execTransactInternal(Binder.java:1446)
11-10 14:59:40.985 23969 26885 W Binder  : 	at android.os.Binder.execTransact(Binder.java:1385)
11-10 14:59:40.986  1884  5670 D LauncherAppsService: getActivityLaunchIntent callingPackage=com.android.systemui component=ComponentInfo{com.aimp.player/com.aimp.player.ui.activities.main.MainActivity} user=UserHandle{0}
11-10 14:59:40.987 23969 31139 W Binder  : Caught a RuntimeException from the binder stub implementation.
11-10 14:59:40.987 23969 31139 W Binder  : java.lang.UnsupportedOperationException
11-10 14:59:40.987 23969 31139 W Binder  : 	at uht.a(PG:3)
11-10 14:59:40.987 23969 31139 W Binder  : 	at uht.r(PG:34)
11-10 14:59:40.987 23969 31139 W Binder  : 	at kog.onTransact(PG:21)
11-10 14:59:40.987 23969 31139 W Binder  : 	at android.os.Binder.execTransactInternal(Binder.java:1446)
11-10 14:59:40.987 23969 31139 W Binder  : 	at android.os.Binder.execTransact(Binder.java:1385)
11-10 14:59:40.988 12933 12933 V BaseDepthController: Applying blur: 0 to Surface(name=com.google.android.apps.nexuslauncher/com.google.android.apps.nexuslauncher.NexusLauncherActivity)/@0x828e58a
11-10 14:59:40.989   759   759 E CompositionEngine: [Home to launcher blur layer#154864] Invalid device requested composition type change: Client (1) --> Device (2)
11-10 14:59:40.991  1431  2167 W USF     : USF_API: Drop flicker data, cannot find sampling_id:84682!
11-10 14:59:40.993  1884  5670 D LauncherAppsService: getActivityLaunchIntent callingPackage=com.android.systemui component=ComponentInfo{com.dropbox.android/com.dropbox.android.activity.DropboxBrowser} user=UserHandle{0}
11-10 14:59:40.996  1884  4372 D LauncherAppsService: getActivityLaunchIntent callingPackage=com.android.systemui component=ComponentInfo{com.google.android.apps.docs.editors.docs/com.google.android.apps.docs.app.NewMainProxyActivity} user=UserHandle{0}
11-10 14:59:40.996 12933 12933 V BaseDepthController: Applying blur: 0 to Surface(name=com.google.android.apps.nexuslauncher/com.google.android.apps.nexuslauncher.NexusLauncherActivity)/@0x828e58a
11-10 14:59:40.996   759   759 E CompositionEngine: [Home to launcher blur layer#154864] Invalid device requested composition type change: Client (1) --> Device (2)
11-10 14:59:41.000  1884  4372 V Configuration: Updating configuration, locales updated from [] to [en_US,ro_RO]
11-10 14:59:41.000  2221  2226 I pixel-thermal: VIRTUAL-USB-UI:1 raw data: USB-MINUS-NEUTRAL:-2760 USB-MINUS-QUIET:1513 USB_QUIET_RFFE:1512.57 VIRTUAL-USB-UI:1 VIRTUAL-USB-UI-SUB0:0 VSYS_PWR_RFFE:0.0710468 neutral_therm:40364 quiet_therm:36091 usb_pwr_therm:37604 
11-10 14:59:41.000  1884  4372 V Configuration: Updating configuration, locales updated from [] to [en_US]
11-10 14:59:41.000  1884  4372 V Configuration: Updating configuration, locales updated from [] to [en_US,ro_RO]
11-10 14:59:41.000  1884  4372 V Configuration: Updating configuration, locales updated from [] to [en_US,ro_RO]
11-10 14:59:41.000  1884  4372 V Configuration: Updating configuration, locales updated from [] to [en_US,ro_RO]
11-10 14:59:41.000  1884  4372 V Configuration: Updating configuration, locales updated from [] to [en_US]
11-10 14:59:41.000  1884  4372 V Configuration: Updating configuration, locales updated from [] to [en_US,ro_RO]
11-10 14:59:41.000  1884  4372 V Configuration: Updating configuration, locales updated from [] to [en_US,ro_RO]
11-10 14:59:41.000  1884  4372 V Configuration: Updating configuration, locales updated from [] to [en_US,ro_RO]
11-10 14:59:41.000  1884  4372 V Configuration: Updating configuration, locales updated from [] to [en_US]
11-10 14:59:41.000  1884  4372 V Configuration: Updating configuration, locales updated from [] to [en_US,ro_RO]
11-10 14:59:41.000  1884  4372 V Configuration: Updating configuration, locales updated from [] to [en_US,ro_RO]
11-10 14:59:41.000  1884  4372 V Configuration: Updating configuration, locales updated from [] to [en_US,ro_RO]
11-10 14:59:41.000  1884  4372 V Configuration: Updating configuration, locales updated from [] to [en_US]
11-10 14:59:41.000  1884  4372 V Configuration: Updating configuration, locales updated from [] to [en_US,ro_RO]
11-10 14:59:41.000  1884  4372 V Configuration: Updating configuration, locales updated from [] to [en_US,ro_RO]
11-10 14:59:41.000  1884  4372 V Configuration: Updating configuration, locales updated from [] to [en_US,ro_RO]
11-10 14:59:41.000  1884  4372 V Configuration: Updating configuration, locales updated from [] to [en_US,ro_RO]
11-10 14:59:41.000  1884  4372 V Configuration: Updating configuration, locales updated from [] to [en_US]
