10-07 07:33:26.405 E/ExoPlayerImplInternal( 7509):       at androidx.media3.datasource.FileDataSource.open(FileDataSource.java:116)
10-07 07:33:26.405 E/ExoPlayerImplInternal( 7509):       at androidx.media3.datasource.DefaultDataSource.open(DefaultDataSource.java:275)
10-07 07:33:26.405 E/ExoPlayerImplInternal( 7509):       at androidx.media3.datasource.StatsDataSource.open(StatsDataSource.java:86)
10-07 07:33:26.405 E/ExoPlayerImplInternal( 7509):       at androidx.media3.exoplayer.source.ProgressiveMediaPeriod$ExtractingLoadable.load(ProgressiveMediaPeriod.java:1029)
10-07 07:33:26.405 E/ExoPlayerImplInternal( 7509):       at androidx.media3.exoplayer.upstream.Loader$LoadTask.run(Loader.java:421)
10-07 07:33:26.405 E/ExoPlayerImplInternal( 7509):       at java.util.concurrent.ThreadPoolExecutor.runWorker(ThreadPoolExecutor.java:1156)
10-07 07:33:26.405 E/ExoPlayerImplInternal( 7509):       at java.util.concurrent.ThreadPoolExecutor$Worker.run(ThreadPoolExecutor.java:651)
10-07 07:33:26.405 E/ExoPlayerImplInternal( 7509):       at java.lang.Thread.run(Thread.java:1119)
10-07 07:33:26.405 E/ExoPlayerImplInternal( 7509):   Caused by: java.io.FileNotFoundException: : open failed: ENOENT (No such file or directory)
10-07 07:33:26.405 E/ExoPlayerImplInternal( 7509):       at libcore.io.IoBridge.open(IoBridge.java:574)
10-07 07:33:26.405 E/ExoPlayerImplInternal( 7509):       at java.io.RandomAccessFile.<init>(RandomAccessFile.java:307)
10-07 07:33:26.405 E/ExoPlayerImplInternal( 7509):       at java.io.RandomAccessFile.<init>(RandomAccessFile.java:237)
10-07 07:33:26.405 E/ExoPlayerImplInternal( 7509):       at java.io.RandomAccessFile.<init>(RandomAccessFile.java:154)
10-07 07:33:26.405 E/ExoPlayerImplInternal( 7509):       at androidx.media3.datasource.FileDataSource.openLocalFile(FileDataSource.java:186)
10-07 07:33:26.405 E/ExoPlayerImplInternal( 7509):       ... 8 more
10-07 07:33:26.405 E/ExoPlayerImplInternal( 7509):   Caused by: android.system.ErrnoException: open failed: ENOENT (No such file or directory)
10-07 07:33:26.405 E/ExoPlayerImplInternal( 7509):       at libcore.io.Linux.open(Native Method)
10-07 07:33:26.405 E/ExoPlayerImplInternal( 7509):       at libcore.io.ForwardingOs.open(ForwardingOs.java:568)
10-07 07:33:26.405 E/ExoPlayerImplInternal( 7509):       at libcore.io.BlockGuardOs.open(BlockGuardOs.java:274)
10-07 07:33:26.405 E/ExoPlayerImplInternal( 7509):       at libcore.io.ForwardingOs.open(ForwardingOs.java:568)
10-07 07:33:26.405 E/ExoPlayerImplInternal( 7509):       at android.app.AndroidForwardingOs.open(AndroidForwardingOs.java:120)
10-07 07:33:26.405 E/ExoPlayerImplInternal( 7509):       at libcore.io.IoBridge.open(IoBridge.java:560)
10-07 07:33:26.405 E/ExoPlayerImplInternal( 7509):       ... 12 more
10-07 07:33:26.416 D/MusicService( 7509): Player (MediaSession) Error: Source error
10-07 07:33:26.416 D/MusicService( 7509): androidx.media3.exoplayer.ExoPlaybackException: Source error
10-07 07:33:26.416 D/MusicService( 7509): 	at androidx.media3.exoplayer.ExoPlayerImplInternal.handleIoException(ExoPlayerImplInternal.java:717)
10-07 07:33:26.416 D/MusicService( 7509): 	at androidx.media3.exoplayer.ExoPlayerImplInternal.handleMessage(ExoPlayerImplInternal.java:689)
10-07 07:33:26.416 D/MusicService( 7509): 	at android.os.Handler.dispatchMessage(Handler.java:106)
10-07 07:33:26.416 D/MusicService( 7509): 	at android.os.Looper.dispatchMessage(Looper.java:315)
10-07 07:33:26.416 D/MusicService( 7509): 	at android.os.Looper.loopOnce(Looper.java:251)
10-07 07:33:26.416 D/MusicService( 7509): 	at android.os.Looper.loop(Looper.java:349)
10-07 07:33:26.416 D/MusicService( 7509): 	at android.os.HandlerThread.run(HandlerThread.java:100)
10-07 07:33:26.416 D/MusicService( 7509): Caused by: androidx.media3.datasource.FileDataSource$FileDataSourceException: java.io.FileNotFoundException: : open failed: ENOENT (No such file or directory)
10-07 07:33:26.416 D/MusicService( 7509): 	at androidx.media3.datasource.FileDataSource.openLocalFile(FileDataSource.java:205)
10-07 07:33:26.416 D/MusicService( 7509): 	at androidx.media3.datasource.FileDataSource.open(FileDataSource.java:116)
10-07 07:33:26.416 D/MusicService( 7509): 	at androidx.media3.datasource.DefaultDataSource.open(DefaultDataSource.java:275)
10-07 07:33:26.416 D/MusicService( 7509): 	at androidx.media3.datasource.StatsDataSource.open(StatsDataSource.java:86)
10-07 07:33:26.416 D/MusicService( 7509): 	at androidx.media3.exoplayer.source.ProgressiveMediaPeriod$ExtractingLoadable.load(ProgressiveMediaPeriod.java:1029)
10-07 07:33:26.416 D/MusicService( 7509): 	at androidx.media3.exoplayer.upstream.Loader$LoadTask.run(Loader.java:421)
10-07 07:33:26.416 D/MusicService( 7509): 	at java.util.concurrent.ThreadPoolExecutor.runWorker(ThreadPoolExecutor.java:1156)
10-07 07:33:26.416 D/MusicService( 7509): 	at java.util.concurrent.ThreadPoolExecutor$Worker.run(ThreadPoolExecutor.java:651)
10-07 07:33:26.416 D/MusicService( 7509): 	at java.lang.Thread.run(Thread.java:1119)
10-07 07:33:26.416 D/MusicService( 7509): Caused by: java.io.FileNotFoundException: : open failed: ENOENT (No such file or directory)
10-07 07:33:26.416 D/MusicService( 7509): 	at libcore.io.IoBridge.open(IoBridge.java:574)
10-07 07:33:26.416 D/MusicService( 7509): 	at java.io.RandomAccessFile.<init>(RandomAccessFile.java:307)
10-07 07:33:26.416 D/MusicService( 7509): 	at java.io.RandomAccessFile.<init>(RandomAccessFile.java:237)
10-07 07:33:26.416 D/MusicService( 7509): 	at java.io.RandomAccessFile.<init>(RandomAccessFile.java:154)
10-07 07:33:26.416 D/MusicService( 7509): 	at androidx.media3.datasource.FileDataSource.openLocalFile(FileDataSource.java:186)
10-07 07:33:26.416 D/MusicService( 7509): 	... 8 more
10-07 07:33:26.416 D/MusicService( 7509): Caused by: android.system.ErrnoException: open failed: ENOENT (No such file or directory)
10-07 07:33:26.416 D/MusicService( 7509): 	at libcore.io.Linux.open(Native Method)
10-07 07:33:26.416 D/MusicService( 7509): 	at libcore.io.ForwardingOs.open(ForwardingOs.java:568)
10-07 07:33:26.416 D/MusicService( 7509): 	at libcore.io.BlockGuardOs.open(BlockGuardOs.java:274)
10-07 07:33:26.416 D/MusicService( 7509): 	at libcore.io.ForwardingOs.open(ForwardingOs.java:568)
10-07 07:33:26.416 D/MusicService( 7509): 	at android.app.AndroidForwardingOs.open(AndroidForwardingOs.java:120)
10-07 07:33:26.416 D/MusicService( 7509): 	at libcore.io.IoBridge.open(IoBridge.java:560)
10-07 07:33:26.416 D/MusicService( 7509): 	... 12 more
10-07 07:33:26.423 D/MediaSessionService( 1579): onSessionPlaybackStateChanged: record=com.example.mobiledigger/androidx.media3.session.id./120 (userId=0) playbackState=PlaybackState {state=ERROR(7), position=0, buffered position=0, speed=0.0, updated=116447886, actions=7339703, custom actions=[], active item id=0, error=Source error}
10-07 07:33:26.427 D/MusicService( 7509): Player (MediaSession) onPlaybackStateChanged: 1, Duration: -9223372036854775807, Position: 0
10-07 07:33:26.438 D/MediaSessionService( 1579): onSessionPlaybackStateChanged: record=com.example.mobiledigger/androidx.media3.session.id./120 (userId=0) playbackState=PlaybackState {state=ERROR(7), position=0, buffered position=0, speed=0.0, updated=116447904, actions=7339703, custom actions=[], active item id=0, error=Source error}
10-07 07:33:27.127 I/WifiHAL ( 1074): In GetCachedScanResultsCommand::handleResponse
10-07 07:33:28.445 D/MusicViewModel(29984): Position updates cancelled
10-07 07:33:28.450 D/MusicViewModel(29984): ViewModel being cleared, cleaning up resources
10-07 07:33:28.450 D/MusicViewModel(29984): Periodic cache clearing cancelled
10-07 07:33:28.467 D/AudioManager(29984): ExoPlayer stopped
10-07 07:33:28.476 D/AudioManager(29984): ExoPlayer cleared
10-07 07:33:28.482 D/MusicViewModel(29984): Notification receiver unregistered
10-07 07:33:28.574 I/ExoPlayerImpl(29984): Release 27ce69d [AndroidXMedia3/1.3.1] [husky, Pixel 8 Pro, Google, 36] [media3.common, media3.exoplayer, media3.decoder, media3.datasource, media3.extractor]
10-07 07:33:30.221 I/WifiHAL ( 1074): In GetCachedScanResultsCommand::handleResponse
10-07 07:33:33.283 I/WifiHAL ( 1074): In GetCachedScanResultsCommand::handleResponse
10-07 07:33:36.415 I/WifiHAL ( 1074): In GetCachedScanResultsCommand::handleResponse
10-07 07:33:39.504 I/WifiHAL ( 1074): In GetCachedScanResultsCommand::handleResponse
10-07 07:33:42.629 I/WifiHAL ( 1074): In GetCachedScanResultsCommand::handleResponse
10-07 07:33:45.722 I/WifiHAL ( 1074): In GetCachedScanResultsCommand::handleResponse
10-07 07:33:48.186 D/MusicViewModel(29984): ViewModel cleanup completed
10-07 07:33:48.193 I/ExoPlayerImpl( 7509): Release 2f39e3 [AndroidXMedia3/1.3.1] [husky, Pixel 8 Pro, Google, 36] [media3.common, media3.exoplayer, media3.decoder, media3.session, media3.datasource]
10-07 07:33:48.197 I/ExoPlayerImpl( 7509): Release c5d1d6a [AndroidXMedia3/1.3.1] [husky, Pixel 8 Pro, Google, 36] [media3.common, media3.exoplayer, media3.decoder, media3.session, media3.datasource]
10-07 07:33:48.217 D/MusicViewModel(29984): === APP STARTED ===
10-07 07:33:48.217 D/MusicViewModel(29984): Session counters reset
10-07 07:33:48.218 I/ExoPlayerImpl(29984): Init a6e0bd5 [AndroidXMedia3/1.3.1] [husky, Pixel 8 Pro, Google, 36]
10-07 07:33:48.221 D/AudioManager(29984): AudioManager initialized with FFmpegMediaPlayer + ExoPlayer fallback
10-07 07:33:48.221 D/MusicViewModel(29984): Loading liked files from destination folder: null
10-07 07:33:48.221 D/MusicViewModel(29984): No destination folder found
10-07 07:33:48.222 D/MusicViewModel(29984): Loaded subfolder history: 2 items
10-07 07:33:48.222 I/ActivityManager( 1579): Background started FGS: Allowed [callingPackage: com.example.mobiledigger; callingUid: 10587; uidState: TOP ; uidBFSL: [BFSL]; intent: Intent { xflg=0x4 cmp=com.example.mobiledigger/.audio.MusicService }; code:PROC_STATE_TOP; tempAllowListReason:<,reasonCode:SYSTEM_ALLOW_LISTED,duration:9223372036854775807,callingUid:-1>; allowWiu:12; targetSdkVersion:36; callerTargetSdkVersion:36; startForegroundCount:0; bindFromPackage:null: isBindService:false]
10-07 07:33:48.224 D/MusicViewModel(29984): MusicService started successfully.
10-07 07:33:48.230 I/ExoPlayerImpl( 7509): Init aac084 [AndroidXMedia3/1.3.1] [husky, Pixel 8 Pro, Google, 36]
10-07 07:33:48.237 D/MusicViewModel(29984): Restored destination folder: /tree/primary:Results/document/primary:Results
10-07 07:33:48.237 D/MusicViewModel(29984): Restored destination folder: /tree/primary:Results/document/primary:Results
10-07 07:33:48.237 D/MusicViewModel(29984): Source folder available: content://com.android.externalstorage.documents/tree/primary%3AAndroid%2Fmedia%2Fcom.whatsapp%2FWhatsApp%2FMedia%2FWhatsApp%20Documents
10-07 07:33:48.237 D/MusicViewModel(29984): Source folder available: content://com.android.externalstorage.documents/tree/primary%3AAndroid%2Fmedia%2Fcom.whatsapp%2FWhatsApp%2FMedia%2FWhatsApp%20Documents
10-07 07:33:48.239 D/MusicViewModel(29984): Source folder restored (use Rescan to load files)
10-07 07:33:48.239 D/MusicViewModel(29984): Initialized successfully
10-07 07:33:48.248 D/AudioManager( 7509): AudioManager initialized with FFmpegMediaPlayer + ExoPlayer fallback
10-07 07:33:48.249 I/ExoPlayerImpl( 7509): Init d1138ee [AndroidXMedia3/1.3.1] [husky, Pixel 8 Pro, Google, 36]
10-07 07:33:48.261 D/MusicService( 7509): Initialized dummy playlist for skip support
10-07 07:33:48.275 D/MusicService( 7509): MediaSession created successfully
10-07 07:33:48.281 D/MusicService( 7509): Started foreground service with notification
10-07 07:33:48.357 D/MusicViewModel(29984): Updated liked files StateFlow with 0 files
10-07 07:33:48.358 D/MusicViewModel(29984): Notification receiver registered successfully
10-07 07:33:48.369 D/MusicViewModel(29984): Loading rejected files from URI: content://com.android.externalstorage.documents/tree/primary%3AResults/document/primary%3AResults%2FRejected
10-07 07:33:48.375 D/MusicViewModel(29984): Found 0 rejected files
10-07 07:33:48.375 D/MusicViewModel(29984): Updated rejected files StateFlow with 0 files
10-07 07:33:48.797 I/WifiHAL ( 1074): In GetCachedScanResultsCommand::handleResponse
10-07 07:33:49.374 D/MusicViewModel(29984): MusicService started successfully.
10-07 07:33:49.382 D/MusicService( 7509): Started foreground service with notification
10-07 07:33:49.393 D/MusicService( 7509): updateNotificationData - Title: MobileDigger, Playing: false, Position: 0, Duration: 0
10-07 07:33:49.411 D/MusicService( 7509): Player (MediaSession) onMediaItemTransition reason: 3
10-07 07:33:49.417 D/MusicService( 7509): MediaSession player updated - URI: , Title: MobileDigger, Duration in Meta: 0
10-07 07:33:49.871 D/MusicViewModel(29984): Rescanning source folder: content://com.android.externalstorage.documents/tree/primary%3AAndroid%2Fmedia%2Fcom.whatsapp%2FWhatsApp%2FMedia%2FWhatsApp%20Documents
10-07 07:33:49.871 D/AudioManager(29984): ExoPlayer cleared
10-07 07:33:49.873 D/AudioManager(29984): ExoPlayer cleared
10-07 07:33:49.873 D/MusicViewModel(29984): Starting folder selection: content://com.android.externalstorage.documents/tree/primary%3AAndroid%2Fmedia%2Fcom.whatsapp%2FWhatsApp%2FMedia%2FWhatsApp%20Documents
10-07 07:33:49.882 D/MusicViewModel(29984): FileManager.setSelectedFolder completed
10-07 07:33:49.882 D/MusicViewModel(29984): Saved source folder URI: content://com.android.externalstorage.documents/tree/primary%3AAndroid%2Fmedia%2Fcom.whatsapp%2FWhatsApp%2FMedia%2FWhatsApp%20Documents
10-07 07:33:49.891 D/FileManager(29984): SAF folder exists: true, canRead: true
10-07 07:33:49.916 D/MusicViewModel(29984): FileManager.loadMusicFiles completed with 0 files
10-07 07:33:49.916 D/MusicViewModel(29984): Updated musicFiles state
10-07 07:33:49.917 D/MusicViewModel(29984): selectFolder completed successfully
10-07 07:33:49.934 D/MusicViewModel(29984): Loading rejected files from URI: content://com.android.externalstorage.documents/tree/primary%3AResults/document/primary%3AResults%2FRejected
10-07 07:33:49.952 D/MusicViewModel(29984): Found 0 rejected files
10-07 07:33:49.982 D/MusicViewModel(29984): Updated rejected files StateFlow with 0 files
10-07 07:33:49.986 D/MusicViewModel(29984): Loading liked files from destination folder: Results
10-07 07:33:50.486 D/MusicViewModel(29984): Loaded 2 subfolders.
10-07 07:33:50.582 D/MusicViewModel(29984): Found 0 liked files (including subfolders), 0 unique
10-07 07:33:50.583 D/MusicViewModel(29984): Updated liked files StateFlow with 0 files
10-07 07:33:51.111 D/MusicViewModel(29984): Rescanning source folder: content://com.android.externalstorage.documents/tree/primary%3AAndroid%2Fmedia%2Fcom.whatsapp%2FWhatsApp%2FMedia%2FWhatsApp%20Documents
10-07 07:33:51.111 D/AudioManager(29984): ExoPlayer cleared
10-07 07:33:51.113 D/AudioManager(29984): ExoPlayer cleared
10-07 07:33:51.114 D/MusicViewModel(29984): Starting folder selection: content://com.android.externalstorage.documents/tree/primary%3AAndroid%2Fmedia%2Fcom.whatsapp%2FWhatsApp%2FMedia%2FWhatsApp%20Documents
10-07 07:33:51.121 D/MusicViewModel(29984): FileManager.setSelectedFolder completed
10-07 07:33:51.121 D/MusicViewModel(29984): Saved source folder URI: content://com.android.externalstorage.documents/tree/primary%3AAndroid%2Fmedia%2Fcom.whatsapp%2FWhatsApp%2FMedia%2FWhatsApp%20Documents
10-07 07:33:51.132 D/FileManager(29984): SAF folder exists: true, canRead: true
10-07 07:33:51.152 D/MusicViewModel(29984): FileManager.loadMusicFiles completed with 0 files
10-07 07:33:51.152 D/MusicViewModel(29984): Updated musicFiles state
10-07 07:33:51.153 D/MusicViewModel(29984): selectFolder completed successfully
10-07 07:33:51.158 D/MusicViewModel(29984): Loading liked files from destination folder: Results
10-07 07:33:51.618 D/MusicViewModel(29984): Loaded 2 subfolders.
10-07 07:33:51.660 D/MusicViewModel(29984): Found 0 liked files (including subfolders), 0 unique
10-07 07:33:51.662 D/MusicViewModel(29984): Updated liked files StateFlow with 0 files
10-07 07:33:51.676 D/MusicViewModel(29984): Loading rejected files from URI: content://com.android.externalstorage.documents/tree/primary%3AResults/document/primary%3AResults%2FRejected
10-07 07:33:51.686 D/MusicViewModel(29984): Found 0 rejected files
10-07 07:33:51.686 D/MusicViewModel(29984): Updated rejected files StateFlow with 0 files
10-07 07:33:51.866 I/WifiHAL ( 1074): In GetCachedScanResultsCommand::handleResponse
10-07 07:33:52.424 E/ExoPlayerImplInternal( 7509): Playback error
10-07 07:33:52.424 E/ExoPlayerImplInternal( 7509):   androidx.media3.exoplayer.ExoPlaybackException: Source error
10-07 07:33:52.424 E/ExoPlayerImplInternal( 7509):       at androidx.media3.exoplayer.ExoPlayerImplInternal.handleIoException(ExoPlayerImplInternal.java:717)
10-07 07:33:52.424 E/ExoPlayerImplInternal( 7509):       at androidx.media3.exoplayer.ExoPlayerImplInternal.handleMessage(ExoPlayerImplInternal.java:689)
10-07 07:33:52.424 E/ExoPlayerImplInternal( 7509):       at android.os.Handler.dispatchMessage(Handler.java:106)
10-07 07:33:52.424 E/ExoPlayerImplInternal( 7509):       at android.os.Looper.dispatchMessage(Looper.java:315)
10-07 07:33:52.424 E/ExoPlayerImplInternal( 7509):       at android.os.Looper.loopOnce(Looper.java:251)
10-07 07:33:52.424 E/ExoPlayerImplInternal( 7509):       at android.os.Looper.loop(Looper.java:349)
10-07 07:33:52.424 E/ExoPlayerImplInternal( 7509):       at android.os.HandlerThread.run(HandlerThread.java:100)
10-07 07:33:52.424 E/ExoPlayerImplInternal( 7509):   Caused by: androidx.media3.datasource.FileDataSource$FileDataSourceException: java.io.FileNotFoundException: : open failed: ENOENT (No such file or directory)
10-07 07:33:52.424 E/ExoPlayerImplInternal( 7509):       at androidx.media3.datasource.FileDataSource.openLocalFile(FileDataSource.java:205)
10-07 07:33:52.424 E/ExoPlayerImplInternal( 7509):       at androidx.media3.datasource.FileDataSource.open(FileDataSource.java:116)
10-07 07:33:52.424 E/ExoPlayerImplInternal( 7509):       at androidx.media3.datasource.DefaultDataSource.open(DefaultDataSource.java:275)
10-07 07:33:52.424 E/ExoPlayerImplInternal( 7509):       at androidx.media3.datasource.StatsDataSource.open(StatsDataSource.java:86)
10-07 07:33:52.424 E/ExoPlayerImplInternal( 7509):       at androidx.media3.exoplayer.source.ProgressiveMediaPeriod$ExtractingLoadable.load(ProgressiveMediaPeriod.java:1029)
10-07 07:33:52.424 E/ExoPlayerImplInternal( 7509):       at androidx.media3.exoplayer.upstream.Loader$LoadTask.run(Loader.java:421)
10-07 07:33:52.424 E/ExoPlayerImplInternal( 7509):       at java.util.concurrent.ThreadPoolExecutor.runWorker(ThreadPoolExecutor.java:1156)
10-07 07:33:52.424 E/ExoPlayerImplInternal( 7509):       at java.util.concurrent.ThreadPoolExecutor$Worker.run(ThreadPoolExecutor.java:651)
10-07 07:33:52.424 E/ExoPlayerImplInternal( 7509):       at java.lang.Thread.run(Thread.java:1119)
10-07 07:33:52.424 E/ExoPlayerImplInternal( 7509):   Caused by: java.io.FileNotFoundException: : open failed: ENOENT (No such file or directory)
10-07 07:33:52.424 E/ExoPlayerImplInternal( 7509):       at libcore.io.IoBridge.open(IoBridge.java:574)
10-07 07:33:52.424 E/ExoPlayerImplInternal( 7509):       at java.io.RandomAccessFile.<init>(RandomAccessFile.java:307)
10-07 07:33:52.424 E/ExoPlayerImplInternal( 7509):       at java.io.RandomAccessFile.<init>(RandomAccessFile.java:237)
10-07 07:33:52.424 E/ExoPlayerImplInternal( 7509):       at java.io.RandomAccessFile.<init>(RandomAccessFile.java:154)
10-07 07:33:52.424 E/ExoPlayerImplInternal( 7509):       at androidx.media3.datasource.FileDataSource.openLocalFile(FileDataSource.java:186)
10-07 07:33:52.424 E/ExoPlayerImplInternal( 7509):       ... 8 more
10-07 07:33:52.424 E/ExoPlayerImplInternal( 7509):   Caused by: android.system.ErrnoException: open failed: ENOENT (No such file or directory)
10-07 07:33:52.424 E/ExoPlayerImplInternal( 7509):       at libcore.io.Linux.open(Native Method)
10-07 07:33:52.424 E/ExoPlayerImplInternal( 7509):       at libcore.io.ForwardingOs.open(ForwardingOs.java:568)
10-07 07:33:52.424 E/ExoPlayerImplInternal( 7509):       at libcore.io.BlockGuardOs.open(BlockGuardOs.java:274)
10-07 07:33:52.424 E/ExoPlayerImplInternal( 7509):       at libcore.io.ForwardingOs.open(ForwardingOs.java:568)
10-07 07:33:52.424 E/ExoPlayerImplInternal( 7509):       at android.app.AndroidForwardingOs.open(AndroidForwardingOs.java:120)
10-07 07:33:52.424 E/ExoPlayerImplInternal( 7509):       at libcore.io.IoBridge.open(IoBridge.java:560)
10-07 07:33:52.424 E/ExoPlayerImplInternal( 7509):       ... 12 more
10-07 07:33:52.438 D/MusicService( 7509): Player (MediaSession) Error: Source error
10-07 07:33:52.438 D/MusicService( 7509): androidx.media3.exoplayer.ExoPlaybackException: Source error
10-07 07:33:52.438 D/MusicService( 7509): 	at androidx.media3.exoplayer.ExoPlayerImplInternal.handleIoException(ExoPlayerImplInternal.java:717)
10-07 07:33:52.438 D/MusicService( 7509): 	at androidx.media3.exoplayer.ExoPlayerImplInternal.handleMessage(ExoPlayerImplInternal.java:689)
10-07 07:33:52.438 D/MusicService( 7509): 	at android.os.Handler.dispatchMessage(Handler.java:106)
10-07 07:33:52.438 D/MusicService( 7509): 	at android.os.Looper.dispatchMessage(Looper.java:315)
10-07 07:33:52.438 D/MusicService( 7509): 	at android.os.Looper.loopOnce(Looper.java:251)
10-07 07:33:52.438 D/MusicService( 7509): 	at android.os.Looper.loop(Looper.java:349)
10-07 07:33:52.438 D/MusicService( 7509): 	at android.os.HandlerThread.run(HandlerThread.java:100)
10-07 07:33:52.438 D/MusicService( 7509): Caused by: androidx.media3.datasource.FileDataSource$FileDataSourceException: java.io.FileNotFoundException: : open failed: ENOENT (No such file or directory)
10-07 07:33:52.438 D/MusicService( 7509): 	at androidx.media3.datasource.FileDataSource.openLocalFile(FileDataSource.java:205)
10-07 07:33:52.438 D/MusicService( 7509): 	at androidx.media3.datasource.FileDataSource.open(FileDataSource.java:116)
10-07 07:33:52.438 D/MusicService( 7509): 	at androidx.media3.datasource.DefaultDataSource.open(DefaultDataSource.java:275)
10-07 07:33:52.438 D/MusicService( 7509): 	at androidx.media3.datasource.StatsDataSource.open(StatsDataSource.java:86)
10-07 07:33:52.438 D/MusicService( 7509): 	at androidx.media3.exoplayer.source.ProgressiveMediaPeriod$ExtractingLoadable.load(ProgressiveMediaPeriod.java:1029)
10-07 07:33:52.438 D/MusicService( 7509): 	at androidx.media3.exoplayer.upstream.Loader$LoadTask.run(Loader.java:421)
10-07 07:33:52.438 D/MusicService( 7509): 	at java.util.concurrent.ThreadPoolExecutor.runWorker(ThreadPoolExecutor.java:1156)
10-07 07:33:52.438 D/MusicService( 7509): 	at java.util.concurrent.ThreadPoolExecutor$Worker.run(ThreadPoolExecutor.java:651)
10-07 07:33:52.438 D/MusicService( 7509): 	at java.lang.Thread.run(Thread.java:1119)
10-07 07:33:52.438 D/MusicService( 7509): Caused by: java.io.FileNotFoundException: : open failed: ENOENT (No such file or directory)
10-07 07:33:52.438 D/MusicService( 7509): 	at libcore.io.IoBridge.open(IoBridge.java:574)
10-07 07:33:52.438 D/MusicService( 7509): 	at java.io.RandomAccessFile.<init>(RandomAccessFile.java:307)
10-07 07:33:52.438 D/MusicService( 7509): 	at java.io.RandomAccessFile.<init>(RandomAccessFile.java:237)
10-07 07:33:52.438 D/MusicService( 7509): 	at java.io.RandomAccessFile.<init>(RandomAccessFile.java:154)
10-07 07:33:52.438 D/MusicService( 7509): 	at androidx.media3.datasource.FileDataSource.openLocalFile(FileDataSource.java:186)
10-07 07:33:52.438 D/MusicService( 7509): 	... 8 more
10-07 07:33:52.438 D/MusicService( 7509): Caused by: android.system.ErrnoException: open failed: ENOENT (No such file or directory)
10-07 07:33:52.438 D/MusicService( 7509): 	at libcore.io.Linux.open(Native Method)
10-07 07:33:52.438 D/MusicService( 7509): 	at libcore.io.ForwardingOs.open(ForwardingOs.java:568)
10-07 07:33:52.438 D/MusicService( 7509): 	at libcore.io.BlockGuardOs.open(BlockGuardOs.java:274)
10-07 07:33:52.438 D/MusicService( 7509): 	at libcore.io.ForwardingOs.open(ForwardingOs.java:568)
10-07 07:33:52.438 D/MusicService( 7509): 	at android.app.AndroidForwardingOs.open(AndroidForwardingOs.java:120)
10-07 07:33:52.438 D/MusicService( 7509): 	at libcore.io.IoBridge.open(IoBridge.java:560)
10-07 07:33:52.438 D/MusicService( 7509): 	... 12 more
10-07 07:33:52.443 D/MediaSessionService( 1579): onSessionPlaybackStateChanged: record=com.example.mobiledigger/androidx.media3.session.id./124 (userId=0) playbackState=PlaybackState {state=ERROR(7), position=0, buffered position=0, speed=0.0, updated=116473908, actions=7339703, custom actions=[], active item id=0, error=Source error}
10-07 07:33:52.448 D/MusicService( 7509): Player (MediaSession) onPlaybackStateChanged: 1, Duration: -9223372036854775807, Position: 0
10-07 07:33:52.472 D/MediaSessionService( 1579): onSessionPlaybackStateChanged: record=com.example.mobiledigger/androidx.media3.session.id./124 (userId=0) playbackState=PlaybackState {state=ERROR(7), position=0, buffered position=0, speed=0.0, updated=116473937, actions=7339703, custom actions=[], active item id=0, error=Source error}
10-07 07:33:54.711 D/MusicViewModel(29984): Rescanning source folder: content://com.android.externalstorage.documents/tree/primary%3AAndroid%2Fmedia%2Fcom.whatsapp%2FWhatsApp%2FMedia%2FWhatsApp%20Documents
10-07 07:33:54.711 D/AudioManager(29984): ExoPlayer cleared
10-07 07:33:54.712 D/AudioManager(29984): ExoPlayer cleared
10-07 07:33:54.713 D/MusicViewModel(29984): Starting folder selection: content://com.android.externalstorage.documents/tree/primary%3AAndroid%2Fmedia%2Fcom.whatsapp%2FWhatsApp%2FMedia%2FWhatsApp%20Documents
10-07 07:33:54.730 D/MusicViewModel(29984): FileManager.setSelectedFolder completed
10-07 07:33:54.730 D/MusicViewModel(29984): Saved source folder URI: content://com.android.externalstorage.documents/tree/primary%3AAndroid%2Fmedia%2Fcom.whatsapp%2FWhatsApp%2FMedia%2FWhatsApp%20Documents
10-07 07:33:54.739 D/FileManager(29984): SAF folder exists: true, canRead: true
10-07 07:33:54.759 D/MusicViewModel(29984): FileManager.loadMusicFiles completed with 0 files
10-07 07:33:54.759 D/MusicViewModel(29984): Updated musicFiles state
10-07 07:33:54.760 D/MusicViewModel(29984): selectFolder completed successfully
10-07 07:33:54.780 D/MusicViewModel(29984): Loading rejected files from URI: content://com.android.externalstorage.documents/tree/primary%3AResults/document/primary%3AResults%2FRejected
10-07 07:33:54.790 D/MusicViewModel(29984): Found 0 rejected files
10-07 07:33:54.822 D/MusicViewModel(29984): Updated rejected files StateFlow with 0 files
10-07 07:33:54.828 D/MusicViewModel(29984): Loading liked files from destination folder: Results
10-07 07:33:54.938 I/WifiHAL ( 1074): In GetCachedScanResultsCommand::handleResponse
10-07 07:33:55.129 D/MusicViewModel(29984): Loaded 2 subfolders.
10-07 07:33:55.219 D/MusicViewModel(29984): Found 0 liked files (including subfolders), 0 unique
10-07 07:33:55.220 D/MusicViewModel(29984): Updated liked files StateFlow with 0 files
10-07 07:33:57.575 D/MusicViewModel(29984): Rescanning source folder: content://com.android.externalstorage.documents/tree/primary%3AAndroid%2Fmedia%2Fcom.whatsapp%2FWhatsApp%2FMedia%2FWhatsApp%20Documents
10-07 07:33:57.576 D/AudioManager(29984): ExoPlayer cleared
10-07 07:33:57.578 D/AudioManager(29984): ExoPlayer cleared
10-07 07:33:57.579 D/MusicViewModel(29984): Starting folder selection: content://com.android.externalstorage.documents/tree/primary%3AAndroid%2Fmedia%2Fcom.whatsapp%2FWhatsApp%2FMedia%2FWhatsApp%20Documents
10-07 07:33:57.588 D/MusicViewModel(29984): FileManager.setSelectedFolder completed
10-07 07:33:57.589 D/MusicViewModel(29984): Saved source folder URI: content://com.android.externalstorage.documents/tree/primary%3AAndroid%2Fmedia%2Fcom.whatsapp%2FWhatsApp%2FMedia%2FWhatsApp%20Documents
10-07 07:33:57.609 D/FileManager(29984): SAF folder exists: true, canRead: true
10-07 07:33:57.624 D/MusicViewModel(29984): FileManager.loadMusicFiles completed with 0 files
10-07 07:33:57.625 D/MusicViewModel(29984): Updated musicFiles state
10-07 07:33:57.626 D/MusicViewModel(29984): selectFolder completed successfully
10-07 07:33:57.630 D/MusicViewModel(29984): Loading liked files from destination folder: Results
10-07 07:33:58.016 I/WifiHAL ( 1074): In GetCachedScanResultsCommand::handleResponse
10-07 07:33:58.085 D/MusicViewModel(29984): Rescanning source folder: content://com.android.externalstorage.documents/tree/primary%3AAndroid%2Fmedia%2Fcom.whatsapp%2FWhatsApp%2FMedia%2FWhatsApp%20Documents
10-07 07:33:58.086 D/AudioManager(29984): ExoPlayer cleared
10-07 07:33:58.087 D/AudioManager(29984): ExoPlayer cleared
10-07 07:33:58.088 D/MusicViewModel(29984): Starting folder selection: content://com.android.externalstorage.documents/tree/primary%3AAndroid%2Fmedia%2Fcom.whatsapp%2FWhatsApp%2FMedia%2FWhatsApp%20Documents
10-07 07:33:58.094 D/MusicViewModel(29984): FileManager.setSelectedFolder completed
10-07 07:33:58.094 D/MusicViewModel(29984): Saved source folder URI: content://com.android.externalstorage.documents/tree/primary%3AAndroid%2Fmedia%2Fcom.whatsapp%2FWhatsApp%2FMedia%2FWhatsApp%20Documents
10-07 07:33:58.112 D/FileManager(29984): SAF folder exists: true, canRead: true
10-07 07:33:58.123 D/MusicViewModel(29984): Loaded 2 subfolders.
10-07 07:33:58.128 D/MusicViewModel(29984): FileManager.loadMusicFiles completed with 0 files
10-07 07:33:58.128 D/MusicViewModel(29984): Updated musicFiles state
10-07 07:33:58.129 D/MusicViewModel(29984): selectFolder completed successfully
10-07 07:33:58.161 D/MusicViewModel(29984): Found 0 liked files (including subfolders), 0 unique
10-07 07:33:58.194 D/MusicViewModel(29984): Updated liked files StateFlow with 0 files
10-07 07:33:58.208 D/MusicViewModel(29984): Loading rejected files from URI: content://com.android.externalstorage.documents/tree/primary%3AResults/document/primary%3AResults%2FRejected
10-07 07:33:58.219 D/MusicViewModel(29984): Found 0 rejected files
10-07 07:33:58.220 D/MusicViewModel(29984): Updated rejected files StateFlow with 0 files
10-07 07:33:58.223 D/MusicViewModel(29984): Loading liked files from destination folder: Results
10-07 07:33:58.517 D/MusicViewModel(29984): Rescanning source folder: content://com.android.externalstorage.documents/tree/primary%3AAndroid%2Fmedia%2Fcom.whatsapp%2FWhatsApp%2FMedia%2FWhatsApp%20Documents
10-07 07:33:58.518 D/AudioManager(29984): ExoPlayer cleared
10-07 07:33:58.519 D/AudioManager(29984): ExoPlayer cleared
10-07 07:33:58.520 D/MusicViewModel(29984): Starting folder selection: content://com.android.externalstorage.documents/tree/primary%3AAndroid%2Fmedia%2Fcom.whatsapp%2FWhatsApp%2FMedia%2FWhatsApp%20Documents
10-07 07:33:58.524 D/MusicViewModel(29984): FileManager.setSelectedFolder completed
10-07 07:33:58.524 D/MusicViewModel(29984): Saved source folder URI: content://com.android.externalstorage.documents/tree/primary%3AAndroid%2Fmedia%2Fcom.whatsapp%2FWhatsApp%2FMedia%2FWhatsApp%20Documents
10-07 07:33:58.533 D/FileManager(29984): SAF folder exists: true, canRead: true
10-07 07:33:58.559 D/MusicViewModel(29984): Loaded 2 subfolders.
10-07 07:33:58.559 D/MusicViewModel(29984): FileManager.loadMusicFiles completed with 0 files
10-07 07:33:58.559 D/MusicViewModel(29984): Updated musicFiles state
10-07 07:33:58.564 D/MusicViewModel(29984): selectFolder completed successfully
10-07 07:33:58.711 D/MusicViewModel(29984): Found 0 liked files (including subfolders), 0 unique
10-07 07:33:58.712 D/MusicViewModel(29984): Updated liked files StateFlow with 0 files
10-07 07:33:58.726 D/MusicViewModel(29984): Loading rejected files from URI: content://com.android.externalstorage.documents/tree/primary%3AResults/document/primary%3AResults%2FRejected
10-07 07:33:58.737 D/MusicViewModel(29984): Found 0 rejected files
10-07 07:33:58.738 D/MusicViewModel(29984): Updated rejected files StateFlow with 0 files
10-07 07:33:58.757 D/MusicViewModel(29984): Loading rejected files from URI: content://com.android.externalstorage.documents/tree/primary%3AResults/document/primary%3AResults%2FRejected
10-07 07:33:58.767 D/MusicViewModel(29984): Found 0 rejected files
10-07 07:33:58.768 D/MusicViewModel(29984): Updated rejected files StateFlow with 0 files
10-07 07:33:58.772 D/MusicViewModel(29984): Loading liked files from destination folder: Results
10-07 07:33:58.978 D/MusicViewModel(29984): Loaded 2 subfolders.
10-07 07:33:59.236 D/MusicViewModel(29984): Found 0 liked files (including subfolders), 0 unique
10-07 07:33:59.236 D/MusicViewModel(29984): Updated liked files StateFlow with 0 files
10-07 07:34:01.113 I/WifiHAL ( 1074): In GetCachedScanResultsCommand::handleResponse
10-07 07:34:03.196 D/MusicViewModel(29984): Rescanning source folder: content://com.android.externalstorage.documents/tree/primary%3ATrial%20now%2FSAAND%20Collection%2FA%20Tribe%20Called%20Kotori%20%5BFLAC%5D
10-07 07:34:03.196 D/AudioManager(29984): ExoPlayer cleared
10-07 07:34:03.198 D/AudioManager(29984): ExoPlayer cleared
10-07 07:34:03.198 D/MusicViewModel(29984): Starting folder selection: content://com.android.externalstorage.documents/tree/primary%3ATrial%20now%2FSAAND%20Collection%2FA%20Tribe%20Called%20Kotori%20%5BFLAC%5D
10-07 07:34:03.212 D/MusicViewModel(29984): FileManager.setSelectedFolder completed
10-07 07:34:03.212 D/MusicViewModel(29984): Saved source folder URI: content://com.android.externalstorage.documents/tree/primary%3ATrial%20now%2FSAAND%20Collection%2FA%20Tribe%20Called%20Kotori%20%5BFLAC%5D
10-07 07:34:03.225 D/FileManager(29984): SAF folder exists: true, canRead: true
10-07 07:34:03.245 D/MusicViewModel(29984): FileManager.loadMusicFiles completed with 0 files
10-07 07:34:03.245 D/MusicViewModel(29984): Updated musicFiles state
10-07 07:34:03.246 D/MusicViewModel(29984): selectFolder completed successfully
10-07 07:34:03.250 D/MusicViewModel(29984): Loading liked files from destination folder: Results
10-07 07:34:03.653 D/MusicViewModel(29984): Loaded 37 subfolders.
10-07 07:34:03.755 D/MusicViewModel(29984): Found 0 liked files (including subfolders), 0 unique
10-07 07:34:03.757 D/MusicViewModel(29984): Updated liked files StateFlow with 0 files
10-07 07:34:03.782 D/MusicViewModel(29984): Loading rejected files from URI: content://com.android.externalstorage.documents/tree/primary%3AResults/document/primary%3AResults%2FRejected
10-07 07:34:03.795 D/MusicViewModel(29984): Found 0 rejected files
10-07 07:34:03.796 D/MusicViewModel(29984): Updated rejected files StateFlow with 0 files
10-07 07:34:03.936 D/MusicViewModel(29984): Rescanning source folder: content://com.android.externalstorage.documents/tree/primary%3ATrial%20now%2FSAAND%20Collection%2FA%20Tribe%20Called%20Kotori%20%5BFLAC%5D
10-07 07:34:03.937 D/AudioManager(29984): ExoPlayer cleared
10-07 07:34:03.940 D/AudioManager(29984): ExoPlayer cleared
10-07 07:34:03.941 D/MusicViewModel(29984): Starting folder selection: content://com.android.externalstorage.documents/tree/primary%3ATrial%20now%2FSAAND%20Collection%2FA%20Tribe%20Called%20Kotori%20%5BFLAC%5D
10-07 07:34:03.951 D/MusicViewModel(29984): FileManager.setSelectedFolder completed
10-07 07:34:03.951 D/MusicViewModel(29984): Saved source folder URI: content://com.android.externalstorage.documents/tree/primary%3ATrial%20now%2FSAAND%20Collection%2FA%20Tribe%20Called%20Kotori%20%5BFLAC%5D
10-07 07:34:03.959 D/FileManager(29984): SAF folder exists: true, canRead: true
10-07 07:34:03.976 D/MusicViewModel(29984): FileManager.loadMusicFiles completed with 0 files
10-07 07:34:03.976 D/MusicViewModel(29984): Updated musicFiles state
10-07 07:34:03.976 D/MusicViewModel(29984): selectFolder completed successfully
10-07 07:34:03.984 D/MusicViewModel(29984): Loading liked files from destination folder: Results
10-07 07:34:04.200 I/WifiHAL ( 1074): In GetCachedScanResultsCommand::handleResponse
10-07 07:34:04.403 D/MusicViewModel(29984): Loaded 37 subfolders.
10-07 07:34:04.880 D/MusicViewModel(29984): Found 97 liked files (including subfolders), 84 unique
10-07 07:34:04.881 D/MusicViewModel(29984): Updated liked files StateFlow with 84 files
10-07 07:34:04.896 D/MusicViewModel(29984): Loading rejected files from URI: content://com.android.externalstorage.documents/tree/primary%3AResults/document/primary%3AResults%2FRejected
10-07 07:34:05.244 D/MusicViewModel(29984): Found 271 rejected files
10-07 07:34:05.245 D/MusicViewModel(29984): Updated rejected files StateFlow with 271 files
10-07 07:34:06.464 D/MusicViewModel(29984): Rescanning source folder: content://com.android.externalstorage.documents/tree/primary%3AAndroid%2Fmedia%2Fcom.whatsapp%2FWhatsApp%2FMedia%2FWhatsApp%20Documents
10-07 07:34:06.464 D/AudioManager(29984): ExoPlayer cleared
10-07 07:34:06.465 D/AudioManager(29984): ExoPlayer cleared
10-07 07:34:06.465 D/MusicViewModel(29984): Starting folder selection: content://com.android.externalstorage.documents/tree/primary%3AAndroid%2Fmedia%2Fcom.whatsapp%2FWhatsApp%2FMedia%2FWhatsApp%20Documents
10-07 07:34:06.472 D/MusicViewModel(29984): FileManager.setSelectedFolder completed
10-07 07:34:06.472 D/MusicViewModel(29984): Saved source folder URI: content://com.android.externalstorage.documents/tree/primary%3AAndroid%2Fmedia%2Fcom.whatsapp%2FWhatsApp%2FMedia%2FWhatsApp%20Documents
10-07 07:34:06.478 D/FileManager(29984): SAF folder exists: true, canRead: true
10-07 07:34:07.252 D/MusicViewModel(29984): FileManager.loadMusicFiles completed with 385 files
10-07 07:34:07.254 D/MusicViewModel(29984): Updated musicFiles state
10-07 07:34:07.256 D/AudioManager(29984): ExoPlayer cleared
10-07 07:34:07.256 D/AudioManager(29984): ExoPlayer attempting to play URI: content://com.android.externalstorage.documents/tree/primary%3AAndroid%2Fmedia%2Fcom.whatsapp%2FWhatsApp%2FMedia%2FWhatsApp%20Documents/document/primary%3AAndroid%2Fmedia%2Fcom.whatsapp%2FWhatsApp%2FMedia%2FWhatsApp%20Documents%2FPrivate%2FTHE%20SWEET%20ESCAPE%20(EXTENDED).wav
10-07 07:34:07.258 D/MusicViewModel(29984): Loading liked files from destination folder: Results
10-07 07:34:07.259 D/AudioManager(29984): ExoPlayer started successfully
10-07 07:34:07.259 D/AudioManager(29984): ExoPlayer playback successful for: THE SWEET ESCAPE (EXTENDED).wav
10-07 07:34:07.260 D/MusicViewModel(29984): Playback started successfully for THE SWEET ESCAPE (EXTENDED).wav
10-07 07:34:07.262 D/MusicViewModel(29984): MusicService started successfully.
10-07 07:34:07.265 D/MusicViewModel(29984): selectFolder completed successfully
10-07 07:34:07.266 D/MusicViewModel(29984): Preloaded next song: Moeaike - Nativee.wav
10-07 07:34:07.269 D/MusicService( 7509): Started foreground service with notification
10-07 07:34:07.270 D/MusicService( 7509): updateNotificationData - Title: THE SWEET ESCAPE (EXTENDED).wav, Playing: true, Position: 0, Duration: 0
10-07 07:34:07.278 D/MediaSessionService( 1579): onSessionPlaybackStateChanged: record=com.example.mobiledigger/androidx.media3.session.id./124 (userId=0) playbackState=PlaybackState {state=ERROR(7), position=0, buffered position=0, speed=0.0, updated=116488744, actions=7339703, custom actions=[], active item id=0, error=Source error}
10-07 07:34:07.278 D/MusicService( 7509): Player (MediaSession) onMediaItemTransition reason: 3
10-07 07:34:07.279 D/MediaSessionService( 1579): onSessionPlaybackStateChanged: record=com.example.mobiledigger/androidx.media3.session.id./124 (userId=0) playbackState=PlaybackState {state=ERROR(7), position=0, buffered position=0, speed=0.0, updated=116488746, actions=7339703, custom actions=[], active item id=0, error=Source error}
10-07 07:34:07.280 D/MusicService( 7509): Player (MediaSession) onPlaybackStateChanged: 2, Duration: -9223372036854775807, Position: 0
10-07 07:34:07.289 I/WifiHAL ( 1074): In GetCachedScanResultsCommand::handleResponse
10-07 07:34:07.291 D/MusicService( 7509): Player (MediaSession) onPlayWhenReadyChanged: true
10-07 07:34:07.296 D/MusicService( 7509): MediaSession player updated - URI: , Title: THE SWEET ESCAPE (EXTENDED).wav, Duration in Meta: 0
10-07 07:34:07.394 I/WifiHAL ( 1074): In GetCachedScanResultsCommand::handleResponse
10-07 07:34:07.662 D/MusicViewModel(29984): Loaded 2 subfolders.
10-07 07:34:07.978 D/MusicViewModel(29984): Found 97 liked files (including subfolders), 84 unique
10-07 07:34:07.980 D/MusicViewModel(29984): Updated liked files StateFlow with 84 files
10-07 07:34:07.996 D/MusicViewModel(29984): Loading rejected files from URI: content://com.android.externalstorage.documents/tree/primary%3AResults/document/primary%3AResults%2FRejected
10-07 07:34:08.238 D/MusicViewModel(29984): Found 271 rejected files
10-07 07:34:08.243 D/MusicViewModel(29984): Updated rejected files StateFlow with 271 files
10-07 07:34:10.300 E/ExoPlayerImplInternal( 7509): Playback error
10-07 07:34:10.300 E/ExoPlayerImplInternal( 7509):   androidx.media3.exoplayer.ExoPlaybackException: Source error
10-07 07:34:10.300 E/ExoPlayerImplInternal( 7509):       at androidx.media3.exoplayer.ExoPlayerImplInternal.handleIoException(ExoPlayerImplInternal.java:717)
10-07 07:34:10.300 E/ExoPlayerImplInternal( 7509):       at androidx.media3.exoplayer.ExoPlayerImplInternal.handleMessage(ExoPlayerImplInternal.java:689)
10-07 07:34:10.300 E/ExoPlayerImplInternal( 7509):       at android.os.Handler.dispatchMessage(Handler.java:106)
10-07 07:34:10.300 E/ExoPlayerImplInternal( 7509):       at android.os.Looper.dispatchMessage(Looper.java:315)
10-07 07:34:10.300 E/ExoPlayerImplInternal( 7509):       at android.os.Looper.loopOnce(Looper.java:251)
10-07 07:34:10.300 E/ExoPlayerImplInternal( 7509):       at android.os.Looper.loop(Looper.java:349)
10-07 07:34:10.300 E/ExoPlayerImplInternal( 7509):       at android.os.HandlerThread.run(HandlerThread.java:100)
10-07 07:34:10.300 E/ExoPlayerImplInternal( 7509):   Caused by: androidx.media3.datasource.FileDataSource$FileDataSourceException: java.io.FileNotFoundException: : open failed: ENOENT (No such file or directory)
10-07 07:34:10.300 E/ExoPlayerImplInternal( 7509):       at androidx.media3.datasource.FileDataSource.openLocalFile(FileDataSource.java:205)
10-07 07:34:10.300 E/ExoPlayerImplInternal( 7509):       at androidx.media3.datasource.FileDataSource.open(FileDataSource.java:116)
10-07 07:34:10.300 E/ExoPlayerImplInternal( 7509):       at androidx.media3.datasource.DefaultDataSource.open(DefaultDataSource.java:275)
10-07 07:34:10.300 E/ExoPlayerImplInternal( 7509):       at androidx.media3.datasource.StatsDataSource.open(StatsDataSource.java:86)
10-07 07:34:10.300 E/ExoPlayerImplInternal( 7509):       at androidx.media3.exoplayer.source.ProgressiveMediaPeriod$ExtractingLoadable.load(ProgressiveMediaPeriod.java:1029)
10-07 07:34:10.300 E/ExoPlayerImplInternal( 7509):       at androidx.media3.exoplayer.upstream.Loader$LoadTask.run(Loader.java:421)
10-07 07:34:10.300 E/ExoPlayerImplInternal( 7509):       at java.util.concurrent.ThreadPoolExecutor.runWorker(ThreadPoolExecutor.java:1156)
10-07 07:34:10.300 E/ExoPlayerImplInternal( 7509):       at java.util.concurrent.ThreadPoolExecutor$Worker.run(ThreadPoolExecutor.java:651)
10-07 07:34:10.300 E/ExoPlayerImplInternal( 7509):       at java.lang.Thread.run(Thread.java:1119)
10-07 07:34:10.300 E/ExoPlayerImplInternal( 7509):   Caused by: java.io.FileNotFoundException: : open failed: ENOENT (No such file or directory)
10-07 07:34:10.300 E/ExoPlayerImplInternal( 7509):       at libcore.io.IoBridge.open(IoBridge.java:574)
10-07 07:34:10.300 E/ExoPlayerImplInternal( 7509):       at java.io.RandomAccessFile.<init>(RandomAccessFile.java:307)
10-07 07:34:10.300 E/ExoPlayerImplInternal( 7509):       at java.io.RandomAccessFile.<init>(RandomAccessFile.java:237)
10-07 07:34:10.300 E/ExoPlayerImplInternal( 7509):       at java.io.RandomAccessFile.<init>(RandomAccessFile.java:154)
10-07 07:34:10.300 E/ExoPlayerImplInternal( 7509):       at androidx.media3.datasource.FileDataSource.openLocalFile(FileDataSource.java:186)
10-07 07:34:10.300 E/ExoPlayerImplInternal( 7509):       ... 8 more
10-07 07:34:10.300 E/ExoPlayerImplInternal( 7509):   Caused by: android.system.ErrnoException: open failed: ENOENT (No such file or directory)
10-07 07:34:10.300 E/ExoPlayerImplInternal( 7509):       at libcore.io.Linux.open(Native Method)
10-07 07:34:10.300 E/ExoPlayerImplInternal( 7509):       at libcore.io.ForwardingOs.open(ForwardingOs.java:568)
10-07 07:34:10.300 E/ExoPlayerImplInternal( 7509):       at libcore.io.BlockGuardOs.open(BlockGuardOs.java:274)
10-07 07:34:10.300 E/ExoPlayerImplInternal( 7509):       at libcore.io.ForwardingOs.open(ForwardingOs.java:568)
10-07 07:34:10.300 E/ExoPlayerImplInternal( 7509):       at android.app.AndroidForwardingOs.open(AndroidForwardingOs.java:120)
10-07 07:34:10.300 E/ExoPlayerImplInternal( 7509):       at libcore.io.IoBridge.open(IoBridge.java:560)
10-07 07:34:10.300 E/ExoPlayerImplInternal( 7509):       ... 12 more
10-07 07:34:10.317 D/MusicService( 7509): Player (MediaSession) Error: Source error
10-07 07:34:10.317 D/MusicService( 7509): androidx.media3.exoplayer.ExoPlaybackException: Source error
10-07 07:34:10.317 D/MusicService( 7509): 	at androidx.media3.exoplayer.ExoPlayerImplInternal.handleIoException(ExoPlayerImplInternal.java:717)
10-07 07:34:10.317 D/MusicService( 7509): 	at androidx.media3.exoplayer.ExoPlayerImplInternal.handleMessage(ExoPlayerImplInternal.java:689)
10-07 07:34:10.317 D/MusicService( 7509): 	at android.os.Handler.dispatchMessage(Handler.java:106)
10-07 07:34:10.317 D/MusicService( 7509): 	at android.os.Looper.dispatchMessage(Looper.java:315)
10-07 07:34:10.317 D/MusicService( 7509): 	at android.os.Looper.loopOnce(Looper.java:251)
10-07 07:34:10.317 D/MusicService( 7509): 	at android.os.Looper.loop(Looper.java:349)
10-07 07:34:10.317 D/MusicService( 7509): 	at android.os.HandlerThread.run(HandlerThread.java:100)
10-07 07:34:10.317 D/MusicService( 7509): Caused by: androidx.media3.datasource.FileDataSource$FileDataSourceException: java.io.FileNotFoundException: : open failed: ENOENT (No such file or directory)
10-07 07:34:10.317 D/MusicService( 7509): 	at androidx.media3.datasource.FileDataSource.openLocalFile(FileDataSource.java:205)
10-07 07:34:10.317 D/MusicService( 7509): 	at androidx.media3.datasource.FileDataSource.open(FileDataSource.java:116)
10-07 07:34:10.317 D/MusicService( 7509): 	at androidx.media3.datasource.DefaultDataSource.open(DefaultDataSource.java:275)
10-07 07:34:10.317 D/MusicService( 7509): 	at androidx.media3.datasource.StatsDataSource.open(StatsDataSource.java:86)
10-07 07:34:10.317 D/MusicService( 7509): 	at androidx.media3.exoplayer.source.ProgressiveMediaPeriod$ExtractingLoadable.load(ProgressiveMediaPeriod.java:1029)
10-07 07:34:10.317 D/MusicService( 7509): 	at androidx.media3.exoplayer.upstream.Loader$LoadTask.run(Loader.java:421)
10-07 07:34:10.317 D/MusicService( 7509): 	at java.util.concurrent.ThreadPoolExecutor.runWorker(ThreadPoolExecutor.java:1156)
10-07 07:34:10.317 D/MusicService( 7509): 	at java.util.concurrent.ThreadPoolExecutor$Worker.run(ThreadPoolExecutor.java:651)
10-07 07:34:10.317 D/MusicService( 7509): 	at java.lang.Thread.run(Thread.java:1119)
10-07 07:34:10.317 D/MusicService( 7509): Caused by: java.io.FileNotFoundException: : open failed: ENOENT (No such file or directory)
10-07 07:34:10.317 D/MusicService( 7509): 	at libcore.io.IoBridge.open(IoBridge.java:574)
10-07 07:34:10.317 D/MusicService( 7509): 	at java.io.RandomAccessFile.<init>(RandomAccessFile.java:307)
10-07 07:34:10.317 D/MusicService( 7509): 	at java.io.RandomAccessFile.<init>(RandomAccessFile.java:237)
10-07 07:34:10.317 D/MusicService( 7509): 	at java.io.RandomAccessFile.<init>(RandomAccessFile.java:154)
10-07 07:34:10.317 D/MusicService( 7509): 	at androidx.media3.datasource.FileDataSource.openLocalFile(FileDataSource.java:186)
10-07 07:34:10.317 D/MusicService( 7509): 	... 8 more
10-07 07:34:10.317 D/MusicService( 7509): Caused by: android.system.ErrnoException: open failed: ENOENT (No such file or directory)
10-07 07:34:10.317 D/MusicService( 7509): 	at libcore.io.Linux.open(Native Method)
10-07 07:34:10.317 D/MusicService( 7509): 	at libcore.io.ForwardingOs.open(ForwardingOs.java:568)
10-07 07:34:10.317 D/MusicService( 7509): 	at libcore.io.BlockGuardOs.open(BlockGuardOs.java:274)
10-07 07:34:10.317 D/MusicService( 7509): 	at libcore.io.ForwardingOs.open(ForwardingOs.java:568)
10-07 07:34:10.317 D/MusicService( 7509): 	at android.app.AndroidForwardingOs.open(AndroidForwardingOs.java:120)
10-07 07:34:10.317 D/MusicService( 7509): 	at libcore.io.IoBridge.open(IoBridge.java:560)
10-07 07:34:10.317 D/MusicService( 7509): 	... 12 more
10-07 07:34:10.322 D/MediaSessionService( 1579): onSessionPlaybackStateChanged: record=com.example.mobiledigger/androidx.media3.session.id./124 (userId=0) playbackState=PlaybackState {state=ERROR(7), position=0, buffered position=0, speed=0.0, updated=116491787, actions=7339703, custom actions=[], active item id=0, error=Source error}
10-07 07:34:10.326 D/MusicService( 7509): Player (MediaSession) onPlaybackStateChanged: 1, Duration: -9223372036854775807, Position: 0
10-07 07:34:10.338 D/MediaSessionService( 1579): onSessionPlaybackStateChanged: record=com.example.mobiledigger/androidx.media3.session.id./124 (userId=0) playbackState=PlaybackState {state=ERROR(7), position=0, buffered position=0, speed=0.0, updated=116491804, actions=7339703, custom actions=[], active item id=0, error=Source error}
10-07 07:34:10.359 I/WifiHAL ( 1074): In GetCachedScanResultsCommand::handleResponse
10-07 07:34:13.435 I/WifiHAL ( 1074): In GetCachedScanResultsCommand::handleResponse
10-07 07:34:16.515 I/WifiHAL ( 1074): In GetCachedScanResultsCommand::handleResponse
10-07 07:34:19.594 I/WifiHAL ( 1074): In GetCachedScanResultsCommand::handleResponse
10-07 07:34:22.685 I/WifiHAL ( 1074): In GetCachedScanResultsCommand::handleResponse
