10-07 09:14:24.698 D/AudioManager(18846): FFmpegMediaPlayer playback successful for AIFF: Lavelle Dupree - Sound of House (Extended Mix).aif
10-07 09:14:24.719 D/MusicViewModel(18846): MusicService started successfully.
10-07 09:14:24.749 D/MusicService( 6122): Started foreground service with notification
10-07 09:14:24.751 D/MusicService( 6122): updateNotificationData - Title: Lavelle Dupree - Sound of House (Extended Mix).aif, Playing: true, Position: 0, Duration: 0
10-07 09:14:24.752 D/MusicService( 6122): Skipping setMediaItem due to invalid/dummy URI for title: Lavelle Dupree - Sound of House (Extended Mix).aif
10-07 09:14:24.788 D/AudioManager(18846): FFmpegMediaPlayer info: what=802, extra=0
10-07 09:14:24.788 D/AudioManager(18846): FFmpegMediaPlayer prepared successfully
10-07 09:14:26.662 I/WifiHAL ( 1074): In GetCachedScanResultsCommand::handleResponse
10-07 09:14:27.570 D/FileManager(18846): Source file found: Lavelle Dupree - Sound of House (Extended Mix).aif, exists: true, canRead: true
10-07 09:14:29.611 D/AudioManager(18846): Stopping all playback before starting new file
10-07 09:14:29.619 D/AudioManager(18846): FFmpegMediaPlayer stopped
10-07 09:14:29.620 D/AudioManager(18846): FFmpegMediaPlayer reset
10-07 09:14:29.620 D/AudioManager(18846): ExoPlayer cleared
10-07 09:14:29.620 D/AudioManager(18846): All playback stopped successfully
10-07 09:14:29.620 D/AudioManager(18846): Preloaded player released.
10-07 09:14:29.668 D/AudioManager(18846): Attempting to play file: Lavelle Dupree - Baso (Extended Mix).aif
10-07 09:14:29.668 D/AudioManager(18846): File URI: content://com.android.externalstorage.documents/tree/primary%3AAndroid%2Fmedia%2Fcom.whatsapp%2FWhatsApp%2FMedia%2FWhatsApp%20Documents/document/primary%3AAndroid%2Fmedia%2Fcom.whatsapp%2FWhatsApp%2FMedia%2FWhatsApp%20Documents%2FPrivate%2FLavelle%20Dupree%20-%20Baso%20(Extended%20Mix).aif
10-07 09:14:29.668 D/AudioManager(18846): Stopping all playback before starting new file
10-07 09:14:29.668 D/AudioManager(18846): FFmpegMediaPlayer reset
10-07 09:14:29.668 D/AudioManager(18846): ExoPlayer cleared
10-07 09:14:29.668 D/AudioManager(18846): All playback stopped successfully
10-07 09:14:29.668 D/AudioManager(18846): AIFF file detected: Lavelle Dupree - Baso (Extended Mix).aif
10-07 09:14:29.669 D/AudioManager(18846): Trying FFmpegMediaPlayer for AIFF (ExoPlayer doesn't support AIFF)
10-07 09:14:29.669 D/AudioManager(18846): FFmpegMediaPlayer is available, attempting playback
10-07 09:14:29.731 I/WifiHAL ( 1074): In GetCachedScanResultsCommand::handleResponse
10-07 09:14:29.803 D/AudioManager(18846): Successfully copied URI to temp file: /data/user/0/com.example.mobiledigger/cache/aiff_temp_591390648702493041.aiff (48.28MB in 87ms, 554.98MB/s)
10-07 09:14:29.803 D/AudioManager(18846): Created temp file for FFmpeg: /data/user/0/com.example.mobiledigger/cache/aiff_temp_591390648702493041.aiff
10-07 09:14:29.803 D/AudioManager(18846): Setting FFmpegMediaPlayer data source: /data/user/0/com.example.mobiledigger/cache/aiff_temp_591390648702493041.aiff
10-07 09:14:29.804 D/AudioManager(18846): FFmpegMediaPlayer setDataSource successful
10-07 09:14:30.807 D/AudioManager(18846): FFmpegMediaPlayer prepare (sync) completed
10-07 09:14:30.808 D/AudioManager(18846): FFmpegMediaPlayer audio stream type set to STREAM_MUSIC
10-07 09:14:30.808 D/AudioManager(18846): FFmpegMediaPlayer volume set to maximum
10-07 09:14:30.875 D/AudioManager(18846): FFmpegMediaPlayer started after proper preparation
10-07 09:14:30.875 D/AudioManager(18846): FFmpegMediaPlayer playback successful for AIFF: Lavelle Dupree - Baso (Extended Mix).aif
10-07 09:14:30.880 D/MusicViewModel(18846): MusicService started successfully.
10-07 09:14:30.897 D/MusicService( 6122): Started foreground service with notification
10-07 09:14:30.898 D/MusicService( 6122): updateNotificationData - Title: Lavelle Dupree - Baso (Extended Mix).aif, Playing: true, Position: 0, Duration: 0
10-07 09:14:30.898 D/MusicService( 6122): Skipping setMediaItem due to invalid/dummy URI for title: Lavelle Dupree - Baso (Extended Mix).aif
10-07 09:14:30.928 D/AudioManager(18846): FFmpegMediaPlayer prepared successfully
10-07 09:14:30.928 D/AudioManager(18846): FFmpegMediaPlayer info: what=802, extra=0
10-07 09:14:32.807 I/WifiHAL ( 1074): In GetCachedScanResultsCommand::handleResponse
10-07 09:14:35.912 I/WifiHAL ( 1074): In GetCachedScanResultsCommand::handleResponse
10-07 09:14:36.343 D/AudioManager(18846): Cleaned up temp file during cache clear: /data/user/0/com.example.mobiledigger/cache/aiff_temp_6536434901472111873.aiff
10-07 09:14:36.358 D/AudioManager(18846): Cleaned up temp file during cache clear: /data/user/0/com.example.mobiledigger/cache/aiff_temp_818320681360555945.aiff
10-07 09:14:36.358 D/AudioManager(18846): Cleaned up temp file during cache clear: /data/user/0/com.example.mobiledigger/cache/aiff_temp_591390648702493041.aiff
10-07 09:14:36.358 D/AudioManager(18846): All caches cleared
10-07 09:14:37.638 D/FileManager(18846): Source file found: Lavelle Dupree - Baso (Extended Mix).aif, exists: true, canRead: true
10-07 09:14:38.995 I/WifiHAL ( 1074): In GetCachedScanResultsCommand::handleResponse
10-07 09:14:39.872 D/AudioManager(18846): Stopping all playback before starting new file
10-07 09:14:39.898 D/AudioManager(18846): FFmpegMediaPlayer stopped
10-07 09:14:39.899 D/AudioManager(18846): FFmpegMediaPlayer reset
10-07 09:14:39.899 D/AudioManager(18846): ExoPlayer cleared
10-07 09:14:39.899 D/AudioManager(18846): All playback stopped successfully
10-07 09:14:39.900 D/AudioManager(18846): Preloaded player released.
10-07 09:14:39.901 D/AudioManager(18846): Attempting to play file: Erick Diaz, Freshcobar & Lavelle Dupree - Want This To End (Extended Mix).aif
10-07 09:14:39.901 D/AudioManager(18846): File URI: content://com.android.externalstorage.documents/tree/primary%3AAndroid%2Fmedia%2Fcom.whatsapp%2FWhatsApp%2FMedia%2FWhatsApp%20Documents/document/primary%3AAndroid%2Fmedia%2Fcom.whatsapp%2FWhatsApp%2FMedia%2FWhatsApp%20Documents%2FPrivate%2FErick%20Diaz%2C%20Freshcobar%20%26%20Lavelle%20Dupree%20-%20Want%20This%20To%20End%20(Extended%20Mix).aif
10-07 09:14:39.901 D/AudioManager(18846): Stopping all playback before starting new file
10-07 09:14:39.901 D/AudioManager(18846): FFmpegMediaPlayer reset
10-07 09:14:39.902 D/AudioManager(18846): ExoPlayer cleared
10-07 09:14:39.902 D/AudioManager(18846): All playback stopped successfully
10-07 09:14:39.902 D/AudioManager(18846): AIFF file detected: Erick Diaz, Freshcobar & Lavelle Dupree - Want This To End (Extended Mix).aif
10-07 09:14:39.902 D/AudioManager(18846): Trying FFmpegMediaPlayer for AIFF (ExoPlayer doesn't support AIFF)
10-07 09:14:39.902 D/AudioManager(18846): FFmpegMediaPlayer is available, attempting playback
10-07 09:14:40.061 D/AudioManager(18846): Successfully copied URI to temp file: /data/user/0/com.example.mobiledigger/cache/aiff_temp_5084228720157277948.aiff (50.92MB in 118ms, 431.54MB/s)
10-07 09:14:40.061 D/AudioManager(18846): Created temp file for FFmpeg: /data/user/0/com.example.mobiledigger/cache/aiff_temp_5084228720157277948.aiff
10-07 09:14:40.061 D/AudioManager(18846): Setting FFmpegMediaPlayer data source: /data/user/0/com.example.mobiledigger/cache/aiff_temp_5084228720157277948.aiff
10-07 09:14:40.062 D/AudioManager(18846): FFmpegMediaPlayer setDataSource successful
10-07 09:14:41.067 D/AudioManager(18846): FFmpegMediaPlayer prepare (sync) completed
10-07 09:14:41.068 D/AudioManager(18846): FFmpegMediaPlayer audio stream type set to STREAM_MUSIC
10-07 09:14:41.069 D/AudioManager(18846): FFmpegMediaPlayer volume set to maximum
10-07 09:14:41.152 D/AudioManager(18846): FFmpegMediaPlayer started after proper preparation
10-07 09:14:41.153 D/AudioManager(18846): FFmpegMediaPlayer playback successful for AIFF: Erick Diaz, Freshcobar & Lavelle Dupree - Want This To End (Extended Mix).aif
10-07 09:14:41.162 D/MusicViewModel(18846): MusicService started successfully.
10-07 09:14:41.182 D/MusicService( 6122): Started foreground service with notification
10-07 09:14:41.183 D/MusicService( 6122): updateNotificationData - Title: Erick Diaz, Freshcobar & Lavelle Dupree - Want This To End (Extended Mix).aif, Playing: true, Position: 0, Duration: 0
10-07 09:14:41.184 D/MusicService( 6122): Skipping setMediaItem due to invalid/dummy URI for title: Erick Diaz, Freshcobar & Lavelle Dupree - Want This To End (Extended Mix).aif
10-07 09:14:41.218 D/AudioManager(18846): FFmpegMediaPlayer info: what=802, extra=0
10-07 09:14:41.218 D/AudioManager(18846): FFmpegMediaPlayer prepared successfully
10-07 09:14:42.076 I/WifiHAL ( 1074): In GetCachedScanResultsCommand::handleResponse
10-07 09:14:45.157 I/WifiHAL ( 1074): In GetCachedScanResultsCommand::handleResponse
10-07 09:14:47.357 D/FileManager(18846): Source file found: Erick Diaz, Freshcobar & Lavelle Dupree - Want This To End (Extended Mix).aif, exists: true, canRead: true
10-07 09:14:48.236 I/WifiHAL ( 1074): In GetCachedScanResultsCommand::handleResponse
10-07 09:14:49.460 D/AudioManager(18846): Stopping all playback before starting new file
10-07 09:14:49.471 D/AudioManager(18846): FFmpegMediaPlayer stopped
10-07 09:14:49.471 D/AudioManager(18846): FFmpegMediaPlayer reset
10-07 09:14:49.471 D/AudioManager(18846): ExoPlayer cleared
10-07 09:14:49.472 D/AudioManager(18846): All playback stopped successfully
10-07 09:14:49.473 D/AudioManager(18846): Preloaded player released.
10-07 09:14:49.484 D/AudioManager(18846): Cleaned up temp file during cache clear: /data/user/0/com.example.mobiledigger/cache/aiff_temp_5084228720157277948.aiff
10-07 09:14:49.485 D/AudioManager(18846): All caches cleared
10-07 09:14:49.555 D/AudioManager(18846): Attempting to play file: Antss - Wave Of Changes (Extended Mix) [Kaluki Musik].aiff
10-07 09:14:49.555 D/AudioManager(18846): File URI: content://com.android.externalstorage.documents/tree/primary%3AAndroid%2Fmedia%2Fcom.whatsapp%2FWhatsApp%2FMedia%2FWhatsApp%20Documents/document/primary%3AAndroid%2Fmedia%2Fcom.whatsapp%2FWhatsApp%2FMedia%2FWhatsApp%20Documents%2FPrivate%2FAntss%20-%20Wave%20Of%20Changes%20(Extended%20Mix)%20%5BKaluki%20Musik%5D.aiff
10-07 09:14:49.555 D/AudioManager(18846): Stopping all playback before starting new file
10-07 09:14:49.555 D/AudioManager(18846): FFmpegMediaPlayer reset
10-07 09:14:49.555 D/AudioManager(18846): ExoPlayer cleared
10-07 09:14:49.555 D/AudioManager(18846): All playback stopped successfully
10-07 09:14:49.555 D/AudioManager(18846): AIFF file detected: Antss - Wave Of Changes (Extended Mix) [Kaluki Musik].aiff
10-07 09:14:49.555 D/AudioManager(18846): Trying FFmpegMediaPlayer for AIFF (ExoPlayer doesn't support AIFF)
10-07 09:14:49.555 D/AudioManager(18846): FFmpegMediaPlayer is available, attempting playback
10-07 09:14:49.694 D/AudioManager(18846): Successfully copied URI to temp file: /data/user/0/com.example.mobiledigger/cache/aiff_temp_4895770183317007329.aiff (51.96MB in 92ms, 564.74MB/s)
10-07 09:14:49.694 D/AudioManager(18846): Created temp file for FFmpeg: /data/user/0/com.example.mobiledigger/cache/aiff_temp_4895770183317007329.aiff
10-07 09:14:49.694 D/AudioManager(18846): Setting FFmpegMediaPlayer data source: /data/user/0/com.example.mobiledigger/cache/aiff_temp_4895770183317007329.aiff
10-07 09:14:49.694 D/AudioManager(18846): FFmpegMediaPlayer setDataSource successful
10-07 09:14:50.698 D/AudioManager(18846): FFmpegMediaPlayer prepare (sync) completed
10-07 09:14:50.699 D/AudioManager(18846): FFmpegMediaPlayer audio stream type set to STREAM_MUSIC
10-07 09:14:50.699 D/AudioManager(18846): FFmpegMediaPlayer volume set to maximum
10-07 09:14:50.779 D/AudioManager(18846): FFmpegMediaPlayer started after proper preparation
10-07 09:14:50.779 D/AudioManager(18846): FFmpegMediaPlayer playback successful for AIFF: Antss - Wave Of Changes (Extended Mix) [Kaluki Musik].aiff
10-07 09:14:50.785 D/MusicViewModel(18846): MusicService started successfully.
10-07 09:14:50.802 D/MusicService( 6122): Started foreground service with notification
10-07 09:14:50.824 D/MusicService( 6122): updateNotificationData - Title: Antss - Wave Of Changes (Extended Mix) [Kaluki Musik].aiff, Playing: true, Position: 0, Duration: 0
10-07 09:14:50.825 D/MusicService( 6122): Skipping setMediaItem due to invalid/dummy URI for title: Antss - Wave Of Changes (Extended Mix) [Kaluki Musik].aiff
10-07 09:14:50.834 D/AudioManager(18846): FFmpegMediaPlayer info: what=802, extra=0
10-07 09:14:50.834 D/AudioManager(18846): FFmpegMediaPlayer prepared successfully
10-07 09:14:51.302 I/WifiHAL ( 1074): In GetCachedScanResultsCommand::handleResponse
10-07 09:14:52.448 I/WifiHAL ( 1074): In GetCachedScanResultsCommand::handleResponse
10-07 09:14:54.373 I/WifiHAL ( 1074): In GetCachedScanResultsCommand::handleResponse
10-07 09:14:56.387 D/FileManager(18846): Source file found: Antss - Wave Of Changes (Extended Mix) [Kaluki Musik].aiff, exists: true, canRead: true
10-07 09:14:57.447 I/WifiHAL ( 1074): In GetCachedScanResultsCommand::handleResponse
10-07 09:15:00.512 I/WifiHAL ( 1074): In GetCachedScanResultsCommand::handleResponse
10-07 09:15:01.423 D/AudioManager(26264): Broadcast receiver registered successfully
10-07 09:15:01.424 D/AudioManager(26264): Attempting to create FFmpegMediaPlayer...
10-07 09:15:01.449 D/AudioManager(26264): FFmpegMediaPlayer created successfully
10-07 09:15:01.450 D/AudioManager(26264): FFmpegMediaPlayer listeners set successfully
10-07 09:15:01.463 I/ExoPlayerImpl(26264): Init d5780e0 [AndroidXMedia3/1.3.1] [husky, Pixel 8 Pro, Google, 36]
10-07 09:15:01.485 I/biledigger:main(26264): hiddenapi: Accessing hidden method Landroid/media/AudioTrack;->getLatency()I (runtime_flags=0, domain=platform, api=unsupported) from Landroidx/media3/exoplayer/audio/AudioTrackPositionTracker; (domain=app) using reflection: allowed
10-07 09:15:01.510 D/AudioManager(26264): AudioManager initialized with FFmpegMediaPlayer + ExoPlayer fallback
10-07 09:15:01.517 I/ActivityManager( 1579): Background started FGS: Allowed [callingPackage: com.example.mobiledigger; callingUid: 10587; uidState: TOP ; uidBFSL: [BFSL]; intent: Intent { xflg=0x4 cmp=com.example.mobiledigger/.audio.MusicService }; code:PROC_STATE_TOP; tempAllowListReason:<,reasonCode:SYSTEM_ALLOW_LISTED,duration:9223372036854775807,callingUid:-1>; allowWiu:12; targetSdkVersion:36; callerTargetSdkVersion:36; startForegroundCount:0; bindFromPackage:null: isBindService:false]
10-07 09:15:01.519 D/MusicViewModel(26264): MusicService started successfully.
10-07 09:15:01.534 I/ActivityManager( 1579): Start proc 26319:com.example.mobiledigger:music/u0a587 for service {com.example.mobiledigger/com.example.mobiledigger.audio.MusicService}
10-07 09:15:01.856 D/AudioManager(26319): Broadcast receiver registered successfully
10-07 09:15:01.857 D/AudioManager(26319): Attempting to create FFmpegMediaPlayer...
10-07 09:15:01.894 D/AudioManager(26319): FFmpegMediaPlayer created successfully
10-07 09:15:01.894 D/AudioManager(26319): FFmpegMediaPlayer listeners set successfully
10-07 09:15:01.914 I/ExoPlayerImpl(26319): Init e9c1dc7 [AndroidXMedia3/1.3.1] [husky, Pixel 8 Pro, Google, 36]
10-07 09:15:01.939 I/iledigger:music(26319): hiddenapi: Accessing hidden method Landroid/media/AudioTrack;->getLatency()I (runtime_flags=0, domain=platform, api=unsupported) from Landroidx/media3/exoplayer/audio/AudioTrackPositionTracker; (domain=app) using reflection: allowed
10-07 09:15:01.970 D/AudioManager(26319): AudioManager initialized with FFmpegMediaPlayer + ExoPlayer fallback
10-07 09:15:01.970 I/ExoPlayerImpl(26319): Init b88ed8d [AndroidXMedia3/1.3.1] [husky, Pixel 8 Pro, Google, 36]
10-07 09:15:01.984 D/MusicService(26319): Initialized dummy playlist for skip support
10-07 09:15:02.038 D/MusicService(26319): MediaSession created successfully
10-07 09:15:02.052 D/MusicService(26319): Started foreground service with notification
10-07 09:15:02.956 D/MusicViewModel(26264): MusicService started successfully.
10-07 09:15:02.971 D/MusicService(26319): Started foreground service with notification
10-07 09:15:02.973 D/MusicService(26319): updateNotificationData - Title: MobileDigger, Playing: false, Position: 0, Duration: 0
10-07 09:15:02.974 D/MusicService(26319): Skipping setMediaItem due to invalid/dummy URI for title: MobileDigger
10-07 09:15:03.610 I/WifiHAL ( 1074): In GetCachedScanResultsCommand::handleResponse
10-07 09:15:05.068 E/ExoPlayerImplInternal(26319): Playback error
10-07 09:15:05.068 E/ExoPlayerImplInternal(26319):   androidx.media3.exoplayer.ExoPlaybackException: Source error
10-07 09:15:05.068 E/ExoPlayerImplInternal(26319):       at androidx.media3.exoplayer.ExoPlayerImplInternal.handleIoException(ExoPlayerImplInternal.java:717)
10-07 09:15:05.068 E/ExoPlayerImplInternal(26319):       at androidx.media3.exoplayer.ExoPlayerImplInternal.handleMessage(ExoPlayerImplInternal.java:689)
10-07 09:15:05.068 E/ExoPlayerImplInternal(26319):       at android.os.Handler.dispatchMessage(Handler.java:106)
10-07 09:15:05.068 E/ExoPlayerImplInternal(26319):       at android.os.Looper.dispatchMessage(Looper.java:315)
10-07 09:15:05.068 E/ExoPlayerImplInternal(26319):       at android.os.Looper.loopOnce(Looper.java:251)
10-07 09:15:05.068 E/ExoPlayerImplInternal(26319):       at android.os.Looper.loop(Looper.java:349)
10-07 09:15:05.068 E/ExoPlayerImplInternal(26319):       at android.os.HandlerThread.run(HandlerThread.java:100)
10-07 09:15:05.068 E/ExoPlayerImplInternal(26319):   Caused by: androidx.media3.datasource.ContentDataSource$ContentDataSourceException: java.io.FileNotFoundException: No content provider: content://dummy/1
10-07 09:15:05.068 E/ExoPlayerImplInternal(26319):       at androidx.media3.datasource.ContentDataSource.open(ContentDataSource.java:157)
10-07 09:15:05.068 E/ExoPlayerImplInternal(26319):       at androidx.media3.datasource.DefaultDataSource.open(DefaultDataSource.java:275)
10-07 09:15:05.068 E/ExoPlayerImplInternal(26319):       at androidx.media3.datasource.StatsDataSource.open(StatsDataSource.java:86)
10-07 09:15:05.068 E/ExoPlayerImplInternal(26319):       at androidx.media3.exoplayer.source.ProgressiveMediaPeriod$ExtractingLoadable.load(ProgressiveMediaPeriod.java:1029)
10-07 09:15:05.068 E/ExoPlayerImplInternal(26319):       at androidx.media3.exoplayer.upstream.Loader$LoadTask.run(Loader.java:421)
10-07 09:15:05.068 E/ExoPlayerImplInternal(26319):       at java.util.concurrent.ThreadPoolExecutor.runWorker(ThreadPoolExecutor.java:1156)
10-07 09:15:05.068 E/ExoPlayerImplInternal(26319):       at java.util.concurrent.ThreadPoolExecutor$Worker.run(ThreadPoolExecutor.java:651)
10-07 09:15:05.068 E/ExoPlayerImplInternal(26319):       at java.lang.Thread.run(Thread.java:1119)
10-07 09:15:05.068 E/ExoPlayerImplInternal(26319):   Caused by: java.io.FileNotFoundException: No content provider: content://dummy/1
10-07 09:15:05.068 E/ExoPlayerImplInternal(26319):       at android.content.ContentResolver.openTypedAssetFileDescriptor(ContentResolver.java:2031)
10-07 09:15:05.068 E/ExoPlayerImplInternal(26319):       at android.content.ContentResolver.openTypedAssetFileDescriptor(ContentResolver.java:1983)
10-07 09:15:05.068 E/ExoPlayerImplInternal(26319):       at androidx.media3.datasource.ContentDataSource.open(ContentDataSource.java:89)
10-07 09:15:05.068 E/ExoPlayerImplInternal(26319):       ... 7 more
10-07 09:15:05.097 D/MusicService(26319): Player (MediaSession) Error: Source error
10-07 09:15:05.097 D/MusicService(26319): androidx.media3.exoplayer.ExoPlaybackException: Source error
10-07 09:15:05.097 D/MusicService(26319): 	at androidx.media3.exoplayer.ExoPlayerImplInternal.handleIoException(ExoPlayerImplInternal.java:717)
10-07 09:15:05.097 D/MusicService(26319): 	at androidx.media3.exoplayer.ExoPlayerImplInternal.handleMessage(ExoPlayerImplInternal.java:689)
10-07 09:15:05.097 D/MusicService(26319): 	at android.os.Handler.dispatchMessage(Handler.java:106)
10-07 09:15:05.097 D/MusicService(26319): 	at android.os.Looper.dispatchMessage(Looper.java:315)
10-07 09:15:05.097 D/MusicService(26319): 	at android.os.Looper.loopOnce(Looper.java:251)
10-07 09:15:05.097 D/MusicService(26319): 	at android.os.Looper.loop(Looper.java:349)
10-07 09:15:05.097 D/MusicService(26319): 	at android.os.HandlerThread.run(HandlerThread.java:100)
10-07 09:15:05.097 D/MusicService(26319): Caused by: androidx.media3.datasource.ContentDataSource$ContentDataSourceException: java.io.FileNotFoundException: No content provider: content://dummy/1
10-07 09:15:05.097 D/MusicService(26319): 	at androidx.media3.datasource.ContentDataSource.open(ContentDataSource.java:157)
10-07 09:15:05.097 D/MusicService(26319): 	at androidx.media3.datasource.DefaultDataSource.open(DefaultDataSource.java:275)
10-07 09:15:05.097 D/MusicService(26319): 	at androidx.media3.datasource.StatsDataSource.open(StatsDataSource.java:86)
10-07 09:15:05.097 D/MusicService(26319): 	at androidx.media3.exoplayer.source.ProgressiveMediaPeriod$ExtractingLoadable.load(ProgressiveMediaPeriod.java:1029)
10-07 09:15:05.097 D/MusicService(26319): 	at androidx.media3.exoplayer.upstream.Loader$LoadTask.run(Loader.java:421)
10-07 09:15:05.097 D/MusicService(26319): 	at java.util.concurrent.ThreadPoolExecutor.runWorker(ThreadPoolExecutor.java:1156)
10-07 09:15:05.097 D/MusicService(26319): 	at java.util.concurrent.ThreadPoolExecutor$Worker.run(ThreadPoolExecutor.java:651)
10-07 09:15:05.097 D/MusicService(26319): 	at java.lang.Thread.run(Thread.java:1119)
10-07 09:15:05.097 D/MusicService(26319): Caused by: java.io.FileNotFoundException: No content provider: content://dummy/1
10-07 09:15:05.097 D/MusicService(26319): 	at android.content.ContentResolver.openTypedAssetFileDescriptor(ContentResolver.java:2031)
10-07 09:15:05.097 D/MusicService(26319): 	at android.content.ContentResolver.openTypedAssetFileDescriptor(ContentResolver.java:1983)
10-07 09:15:05.097 D/MusicService(26319): 	at androidx.media3.datasource.ContentDataSource.open(ContentDataSource.java:89)
10-07 09:15:05.097 D/MusicService(26319): 	... 7 more
10-07 09:15:05.107 D/MusicService(26319): Player (MediaSession) onPlaybackStateChanged: 1, Duration: -9223372036854775807, Position: 0
10-07 09:15:05.168 D/AudioManager(26264): Stopping all playback before starting new file
10-07 09:15:05.168 D/AudioManager(26264): FFmpegMediaPlayer reset
10-07 09:15:05.168 D/AudioManager(26264): ExoPlayer cleared
10-07 09:15:05.168 D/AudioManager(26264): All playback stopped successfully
10-07 09:15:05.170 D/AudioManager(26264): Preloaded player released.
10-07 09:15:05.171 D/AudioManager(26264): Stopping all playback before starting new file
10-07 09:15:05.171 D/AudioManager(26264): FFmpegMediaPlayer reset
10-07 09:15:05.171 D/AudioManager(26264): ExoPlayer cleared
10-07 09:15:05.172 D/AudioManager(26264): All playback stopped successfully
10-07 09:15:05.172 D/AudioManager(26264): Preloaded player released.
10-07 09:15:05.188 D/FileManager(26264): SAF folder exists: true, canRead: true
10-07 09:15:05.782 D/AudioManager(26264): Attempting to play file: Antss - Wave Of Changes (Extended Mix) [Kaluki Musik].aiff
10-07 09:15:05.782 D/AudioManager(26264): File URI: content://com.android.externalstorage.documents/tree/primary%3AAndroid%2Fmedia%2Fcom.whatsapp%2FWhatsApp%2FMedia%2FWhatsApp%20Documents/document/primary%3AAndroid%2Fmedia%2Fcom.whatsapp%2FWhatsApp%2FMedia%2FWhatsApp%20Documents%2FPrivate%2FAntss%20-%20Wave%20Of%20Changes%20(Extended%20Mix)%20%5BKaluki%20Musik%5D.aiff
10-07 09:15:05.786 I/MediaFocusControl( 1579): requestAudioFocus() from uid/pid 10587/26264 AA=USAGE_MEDIA/CONTENT_TYPE_MUSIC clientId=android.media.AudioManager@3710a85com.example.mobiledigger.audio.AudioManager$$ExternalSyntheticLambda4@3430da callingPack=com.example.mobiledigger req=1 flags=0x1 sdk=36
10-07 09:15:05.787 D/AudioManager(26264): Stopping all playback before starting new file
10-07 09:15:05.787 D/AudioManager(26264): FFmpegMediaPlayer reset
10-07 09:15:05.788 D/AudioManager(26264): ExoPlayer cleared
10-07 09:15:05.789 D/AudioManager(26264): All playback stopped successfully
10-07 09:15:05.789 D/AudioManager(26264): AIFF file detected: Antss - Wave Of Changes (Extended Mix) [Kaluki Musik].aiff
10-07 09:15:05.789 D/AudioManager(26264): Trying FFmpegMediaPlayer for AIFF (ExoPlayer doesn't support AIFF)
10-07 09:15:05.789 D/AudioManager(26264): FFmpegMediaPlayer is available, attempting playback
10-07 09:15:05.869 D/AudioManager(26264): Successfully copied URI to temp file: /data/user/0/com.example.mobiledigger/cache/aiff_temp_1492046755469240716.aiff (51.96MB in 48ms, 1082.42MB/s)
10-07 09:15:05.869 D/AudioManager(26264): Created temp file for FFmpeg: /data/user/0/com.example.mobiledigger/cache/aiff_temp_1492046755469240716.aiff
10-07 09:15:05.869 D/AudioManager(26264): Setting FFmpegMediaPlayer data source: /data/user/0/com.example.mobiledigger/cache/aiff_temp_1492046755469240716.aiff
10-07 09:15:05.870 D/AudioManager(26264): FFmpegMediaPlayer setDataSource successful
10-07 09:15:06.713 I/WifiHAL ( 1074): In GetCachedScanResultsCommand::handleResponse
10-07 09:15:06.874 D/AudioManager(26264): FFmpegMediaPlayer prepare (sync) completed
10-07 09:15:06.874 D/AudioManager(26264): FFmpegMediaPlayer audio stream type set to STREAM_MUSIC
10-07 09:15:06.874 D/AudioManager(26264): FFmpegMediaPlayer volume set to maximum
10-07 09:15:06.941 D/AudioManager(26264): FFmpegMediaPlayer started after proper preparation
10-07 09:15:06.942 D/AudioManager(26264): FFmpegMediaPlayer playback successful for AIFF: Antss - Wave Of Changes (Extended Mix) [Kaluki Musik].aiff
10-07 09:15:06.957 D/MusicViewModel(26264): MusicService started successfully.
10-07 09:15:06.974 D/MusicService(26319): Started foreground service with notification
10-07 09:15:06.979 D/MusicService(26319): updateNotificationData - Title: Antss - Wave Of Changes (Extended Mix) [Kaluki Musik].aiff, Playing: true, Position: 0, Duration: 0
10-07 09:15:06.980 D/MusicService(26319): Skipping setMediaItem due to invalid/dummy URI for title: Antss - Wave Of Changes (Extended Mix) [Kaluki Musik].aiff
10-07 09:15:07.188 D/AudioManager(26264): FFmpegMediaPlayer prepared successfully
10-07 09:15:07.188 D/AudioManager(26264): FFmpegMediaPlayer info: what=802, extra=0
10-07 09:15:09.788 I/WifiHAL ( 1074): In GetCachedScanResultsCommand::handleResponse
10-07 09:15:12.865 I/WifiHAL ( 1074): In GetCachedScanResultsCommand::handleResponse
10-07 09:15:15.959 I/WifiHAL ( 1074): In GetCachedScanResultsCommand::handleResponse
10-07 09:15:19.043 I/WifiHAL ( 1074): In GetCachedScanResultsCommand::handleResponse
10-07 09:15:22.121 I/WifiHAL ( 1074): In GetCachedScanResultsCommand::handleResponse
10-07 09:15:24.060 W/lacrima (26395): Start AnrAppDeathDetector... X.1za
10-07 09:15:24.148 I/WifiHAL ( 1074): In GetCachedScanResultsCommand::handleResponse
10-07 09:15:24.228 W/lacrima (26395): Start AnrDetector... com.facebook.acra.anr.multisignal.MultiSignalANRDetector
10-07 09:15:24.228 W/MultiSignalANRDetectorLacrima(26395): Starting
10-07 09:15:24.228 W/ProcessAnrErrorMonitor(26395): startMonitoring with delay: 0
10-07 09:15:24.234 W/ProcessAnrErrorMonitor(26395): Starting process monitor checks for process 'com.instagram.android'
10-07 09:15:24.234 W/MultiSignalANRDetectorLacrima(26395): Started monitoring
10-07 09:15:24.399 W/SessionScopedProviderInitializer(26395): Initialize com.instagram.audio.AudioFocusUserSessionStart start
10-07 09:15:24.399 W/SessionScopedProviderInitializer(26395): Initialize com.instagram.audio.AudioFocusUserSessionStart end
10-07 09:15:24.890 W/lacrima (26723): Start AnrAppDeathDetector... X.1za
10-07 09:15:25.218 I/WifiHAL ( 1074): In GetCachedScanResultsCommand::handleResponse
10-07 09:15:26.252 W/MultiSignalANRDetectorLacrima(26395): Pausing error state checks
10-07 09:15:28.283 I/WifiHAL ( 1074): In GetCachedScanResultsCommand::handleResponse
10-07 09:15:28.851 D/FileManager(26264): Source file found: Antss - Wave Of Changes (Extended Mix) [Kaluki Musik].aiff, exists: true, canRead: true
10-07 09:15:30.794 D/AudioManager(26264): Stopping all playback before starting new file
10-07 09:15:30.803 D/AudioManager(26264): FFmpegMediaPlayer stopped
10-07 09:15:30.803 D/AudioManager(26264): FFmpegMediaPlayer reset
10-07 09:15:30.803 D/AudioManager(26264): ExoPlayer cleared
10-07 09:15:30.803 D/AudioManager(26264): All playback stopped successfully
10-07 09:15:30.804 D/AudioManager(26264): Preloaded player released.
10-07 09:15:30.805 I/MediaFocusControl( 1579): abandonAudioFocus() from uid/pid 10587/26264 clientId=android.media.AudioManager@3710a85com.example.mobiledigger.audio.AudioManager$$ExternalSyntheticLambda4@3430da callingPack=com.example.mobiledigger
10-07 09:15:30.806 D/AudioManager(26264): Attempting to play file: Gino Da Koda, Nick García (NL) - Bruk Wine (Original Mix) [NoZzo Music].aiff
10-07 09:15:30.807 D/AudioManager(26264): File URI: content://com.android.externalstorage.documents/tree/primary%3AAndroid%2Fmedia%2Fcom.whatsapp%2FWhatsApp%2FMedia%2FWhatsApp%20Documents/document/primary%3AAndroid%2Fmedia%2Fcom.whatsapp%2FWhatsApp%2FMedia%2FWhatsApp%20Documents%2FPrivate%2FGino%20Da%20Koda%2C%20Nick%20Garc%C3%ADa%20(NL)%20-%20Bruk%20Wine%20(Original%20Mix)%20%5BNoZzo%20Music%5D.aiff
10-07 09:15:30.807 I/MediaFocusControl( 1579): requestAudioFocus() from uid/pid 10587/26264 AA=USAGE_MEDIA/CONTENT_TYPE_MUSIC clientId=android.media.AudioManager@3710a85com.example.mobiledigger.audio.AudioManager$$ExternalSyntheticLambda4@3430da callingPack=com.example.mobiledigger req=1 flags=0x1 sdk=36
10-07 09:15:30.808 D/AudioManager(26264): Stopping all playback before starting new file
10-07 09:15:30.808 D/AudioManager(26264): FFmpegMediaPlayer reset
10-07 09:15:30.809 D/AudioManager(26264): ExoPlayer cleared
10-07 09:15:30.809 D/AudioManager(26264): All playback stopped successfully
10-07 09:15:30.809 D/AudioManager(26264): AIFF file detected: Gino Da Koda, Nick García (NL) - Bruk Wine (Original Mix) [NoZzo Music].aiff
10-07 09:15:30.809 D/AudioManager(26264): Trying FFmpegMediaPlayer for AIFF (ExoPlayer doesn't support AIFF)
10-07 09:15:30.810 D/AudioManager(26264): FFmpegMediaPlayer is available, attempting playback
10-07 09:15:30.965 D/AudioManager(26264): Successfully copied URI to temp file: /data/user/0/com.example.mobiledigger/cache/aiff_temp_2061963626174792197.aiff (61.41MB in 110ms, 558.31MB/s)
10-07 09:15:30.966 D/AudioManager(26264): Created temp file for FFmpeg: /data/user/0/com.example.mobiledigger/cache/aiff_temp_2061963626174792197.aiff
10-07 09:15:30.966 D/AudioManager(26264): Setting FFmpegMediaPlayer data source: /data/user/0/com.example.mobiledigger/cache/aiff_temp_2061963626174792197.aiff
10-07 09:15:30.966 D/AudioManager(26264): FFmpegMediaPlayer setDataSource successful
10-07 09:15:31.354 I/WifiHAL ( 1074): In GetCachedScanResultsCommand::handleResponse
10-07 09:15:31.969 D/AudioManager(26264): FFmpegMediaPlayer prepare (sync) completed
10-07 09:15:31.970 D/AudioManager(26264): FFmpegMediaPlayer audio stream type set to STREAM_MUSIC
10-07 09:15:31.971 D/AudioManager(26264): FFmpegMediaPlayer volume set to maximum
10-07 09:15:32.032 D/AudioManager(26264): FFmpegMediaPlayer started after proper preparation
10-07 09:15:32.033 D/AudioManager(26264): FFmpegMediaPlayer playback successful for AIFF: Gino Da Koda, Nick García (NL) - Bruk Wine (Original Mix) [NoZzo Music].aiff
10-07 09:15:32.040 D/MusicViewModel(26264): MusicService started successfully.
10-07 09:15:32.065 D/MusicService(26319): Started foreground service with notification
10-07 09:15:32.070 D/MusicService(26319): updateNotificationData - Title: Gino Da Koda, Nick García (NL) - Bruk Wine (Original Mix) [NoZzo Music].aiff, Playing: true, Position: 0, Duration: 0
10-07 09:15:32.070 D/MusicService(26319): Skipping setMediaItem due to invalid/dummy URI for title: Gino Da Koda, Nick García (NL) - Bruk Wine (Original Mix) [NoZzo Music].aiff
10-07 09:15:32.144 D/AudioManager(26264): FFmpegMediaPlayer info: what=802, extra=0
10-07 09:15:32.144 D/AudioManager(26264): FFmpegMediaPlayer prepared successfully
10-07 09:15:33.315 D/RingtonePlayer( 2288): requesting AudioFocus
10-07 09:15:33.316 I/MediaFocusControl( 1579): requestAudioFocus() from uid/pid 10223/2288 AA=USAGE_NOTIFICATION/CONTENT_TYPE_SONIFICATION clientId=android.media.AudioManager@5beb233 callingPack=com.android.systemui req=3 flags=0x0 sdk=36
10-07 09:15:33.854 D/RingtonePlayer( 2288): in STOP: abandonning AudioFocus
10-07 09:15:33.854 I/MediaFocusControl( 1579): abandonAudioFocus() from uid/pid 10223/2288 clientId=android.media.AudioManager@5beb233 callingPack=com.android.systemui
10-07 09:15:34.436 I/WifiHAL ( 1074): In GetCachedScanResultsCommand::handleResponse
10-07 09:15:37.499 I/WifiHAL ( 1074): In GetCachedScanResultsCommand::handleResponse
10-07 09:15:40.561 I/WifiHAL ( 1074): In GetCachedScanResultsCommand::handleResponse
10-07 09:15:43.633 I/WifiHAL ( 1074): In GetCachedScanResultsCommand::handleResponse
10-07 09:15:46.701 I/WifiHAL ( 1074): In GetCachedScanResultsCommand::handleResponse
10-07 09:15:49.789 I/WifiHAL ( 1074): In GetCachedScanResultsCommand::handleResponse
10-07 09:15:52.873 I/WifiHAL ( 1074): In GetCachedScanResultsCommand::handleResponse
10-07 09:15:55.941 I/WifiHAL ( 1074): In GetCachedScanResultsCommand::handleResponse
10-07 09:15:59.058 I/WifiHAL ( 1074): In GetCachedScanResultsCommand::handleResponse
10-07 09:16:02.136 I/WifiHAL ( 1074): In GetCachedScanResultsCommand::handleResponse
10-07 09:16:03.812 I/AppExitInfoManager(27571): getExitInfo() exitType: ANR
10-07 09:16:05.200 I/WifiHAL ( 1074): In GetCachedScanResultsCommand::handleResponse
10-07 09:16:08.274 I/WifiHAL ( 1074): In GetCachedScanResultsCommand::handleResponse
10-07 09:16:11.364 I/WifiHAL ( 1074): In GetCachedScanResultsCommand::handleResponse
10-07 09:16:12.574 D/AudioManager(26264): Stopping all playback before starting new file
10-07 09:16:12.608 D/AudioManager(26264): FFmpegMediaPlayer stopped
10-07 09:16:12.613 D/AudioManager(26264): FFmpegMediaPlayer reset
10-07 09:16:12.615 D/AudioManager(26264): ExoPlayer cleared
10-07 09:16:12.616 D/AudioManager(26264): All playback stopped successfully
10-07 09:16:12.619 D/AudioManager(26264): Preloaded player released.
10-07 09:16:12.620 I/MediaFocusControl( 1579): abandonAudioFocus() from uid/pid 10587/26264 clientId=android.media.AudioManager@3710a85com.example.mobiledigger.audio.AudioManager$$ExternalSyntheticLambda4@3430da callingPack=com.example.mobiledigger
10-07 09:16:12.645 D/AudioManager(26264): Cleaned up temp file during cache clear: /data/user/0/com.example.mobiledigger/cache/aiff_temp_1492046755469240716.aiff
10-07 09:16:12.690 D/AudioManager(26264): Cleaned up temp file during cache clear: /data/user/0/com.example.mobiledigger/cache/aiff_temp_2061963626174792197.aiff
10-07 09:16:12.691 D/AudioManager(26264): All caches cleared
10-07 09:16:12.695 D/AudioManager(26264): Broadcast receiver unregistered successfully
10-07 09:16:12.699 I/ExoPlayerImpl(26264): Release d5780e0 [AndroidXMedia3/1.3.1] [husky, Pixel 8 Pro, Google, 36] [media3.common, media3.exoplayer, media3.decoder]
10-07 09:16:12.705 D/AudioManager(26264): AudioManager released
10-07 09:16:12.948 D/AudioManager(26319): Broadcast receiver unregistered successfully
10-07 09:16:12.951 I/ExoPlayerImpl(26319): Release e9c1dc7 [AndroidXMedia3/1.3.1] [husky, Pixel 8 Pro, Google, 36] [media3.common, media3.exoplayer, media3.decoder, media3.session, media3.datasource]
10-07 09:16:12.957 D/AudioManager(26319): AudioManager released
10-07 09:16:12.957 I/ExoPlayerImpl(26319): Release b88ed8d [AndroidXMedia3/1.3.1] [husky, Pixel 8 Pro, Google, 36] [media3.common, media3.exoplayer, media3.decoder, media3.session, media3.datasource]
10-07 09:16:14.427 I/WifiHAL ( 1074): In GetCachedScanResultsCommand::handleResponse
