11-10 15:48:53.555 14132  6722 I EuiccGoogle: [1173] EuiccServiceImpl.onGetEuiccProfileInfoList: onGetEuiccProfileInfoList: Profile info = EuiccProfileInfo (nickname=1GLOBAL, serviceProviderName=1GLOBAL, profileName=1GLOBAL, profileClass=2, state=0, CarrierIdentifier=CarrierIdentifier{mcc=204,mnc=08,spn=null,imsi=null,gid1=547275554B3030656E,gid2=547275554B3030656E,carrierid=-1,specificCarrierId=-1}, policyRules=0, accessRules=[cert: 52F308E2848EBF1FEA098A565D54A17B1CA9747D pkg: com.revolut.revolut access: 1, cert: BB9216C690E2EC5CF9FEF6E4D02E7B40ED159143 pkg: com.revolut.revolut access: 1], iccid=894447861[****]).
11-10 15:48:53.556  3130  3339 D EuiccConnector: handleMessage: E msg.what=6
11-10 15:48:53.556  3130  3339 D EuiccConnector: processMsg: ConnectedState
11-10 15:48:53.556  3130  3339 D EuiccConnector: handleMessage: X
11-10 15:48:53.559  1431  2167 W USF     : USF_API: Drop flicker data, cannot find sampling_id:84682!
11-10 15:48:53.560 21379 21379 I brn     : Starting work type: HANDLE_PACKAGES_CHANGED using foreground service, isShort: false
11-10 15:48:53.563  1884  1956 W AccessibilityWindowsPopulator: The displayInfo of this displayId (0) called back from the surface fligner is null
11-10 15:48:53.569  1884  2440 I ActivityManager: Background started FGS: Allowed [callingPackage: com.google.android.odad; callingUid: 10154; uidState: IMPF; uidBFSL: n/a; intent: Intent { xflg=0x4 cmp=com.google.android.odad/com.google.android.apps.miphone.odad.backgroundwork.impl.WorkService (has extras) }; code:BACKGROUND_ACTIVITY_PERMISSION; tempAllowListReason:<null>; allowWiu:58; targetSdkVersion:36; callerTargetSdkVersion:36; startForegroundCount:0; bindFromPackage:null: isBindService:false]
11-10 15:48:53.569  1431  2167 W USF     : USF_API: Drop flicker data, cannot find sampling_id:84682!
11-10 15:48:53.557 29449 29484 I Finsky  : [1123] AIM: AppInfoManager-Perf > ItemModel > CacheSize=190, cacheHitCount=0, cacheMissCount=0, total appsWithNoServerDataCount=4. Missed  in cache (limit 10) : []
11-10 15:48:53.577 12933 12941 W System  : A resource failed to call release. 
11-10 15:48:53.577 12933 12941 W System  : A resource failed to call release. 
11-10 15:48:53.577 12933 12941 W System  : A resource failed to call release. 
11-10 15:48:53.579  1431  2167 W USF     : USF_API: Drop flicker data, cannot find sampling_id:84682!
11-10 15:48:53.581 21379 21379 I WorkService: Work service created
11-10 15:48:53.581 21379 21396 I civ     : Started coroutine watchdog: work-service, duration: PT3M
11-10 15:48:53.586  1884  5488 W ForegroundServiceTypeLoggerModule: Foreground service start for UID: 10154 does not have any types
11-10 15:48:53.587  1884  2730 D BackgroundInstallControlService: Package event received: 0
11-10 15:48:53.589  1431  2167 W USF     : USF_API: Drop flicker data, cannot find sampling_id:84682!
11-10 15:48:53.593 21379 21379 I WorkService: Moved work service to foreground
11-10 15:48:53.593 21379 21379 I brn     : Starting the handler for work type: HANDLE_PACKAGES_CHANGED
11-10 15:48:53.594 21379 21379 I WorkService: Work service returning from onStartCommand, work count: 1
11-10 15:48:53.596 21379  6723 I brb     : No reboot detected, boot count: 118
11-10 15:48:53.598 21379  6723 I brb     : Found: 1 changed packages for sequence number: 2460, new sequence number: 2461
11-10 15:48:53.599  1431  2167 W USF     : USF_API: Drop flicker data, cannot find sampling_id:84682!
11-10 15:48:53.603  1428  2117 D BTAudioSessionAidl: GetSupportedLatencyModes - Supported LatencyMode= FREE
11-10 15:48:53.603  1884  4367 D ShortcutService: driveShortcut_4d5b5c80-3541-4fe8-8023-a2649ae5b144 ignored because it isn't pinned by com.android.systemui
11-10 15:48:53.609  1431  2167 W USF     : USF_API: Drop flicker data, cannot find sampling_id:84682!
11-10 15:48:53.609  1431  2167 W USF     : USF_API: Drop flicker data, cannot find sampling_id:84682!
11-10 15:48:53.619  1431  2167 W USF     : USF_API: Drop flicker data, cannot find sampling_id:84682!
11-10 15:48:53.629  1431  2167 W USF     : USF_API: Drop flicker data, cannot find sampling_id:84682!
11-10 15:48:53.630  1884  2681 D InetDiagMessage: Destroyed 0 sockets, proto=IPPROTO_TCP, family=AF_INET, states=14
11-10 15:48:53.631  1884  2681 D InetDiagMessage: Destroyed 0 sockets, proto=IPPROTO_TCP, family=AF_INET6, states=14
11-10 15:48:53.631  1884  2681 D InetDiagMessage: Destroyed live tcp sockets for uids={10172} in 1ms
11-10 15:48:53.632  1884  2681 D InetDiagMessage: Destroyed 0 sockets, proto=IPPROTO_TCP, family=AF_INET, states=14
11-10 15:48:53.632  1884  2681 D InetDiagMessage: Destroyed 0 sockets, proto=IPPROTO_TCP, family=AF_INET6, states=14
11-10 15:48:53.632  1884  2681 D InetDiagMessage: Destroyed live tcp sockets for uids={20172} in 1ms
11-10 15:48:53.637  2221  2226 I pixel-thermal: cellular-emergency:37.9661 raw data: VIRTUAL-SKIN:37966.1 VIRTUAL-SKIN-SUB-0:37616.1 VIRTUAL-SKIN-SUB-1:36392 VIRTUAL-SKIN-SUB-10:37091.7 VIRTUAL-SKIN-SUB-2:35416.5 VIRTUAL-SKIN-SUB-3:36180.2 VIRTUAL-SKIN-SUB-4:36376.1 VIRTUAL-SKIN-SUB-5:37513.9 VIRTUAL-SKIN-SUB-6:34833.3 VIRTUAL-SKIN-SUB-7:36675.4 VIRTUAL-SKIN-SUB-8:37801.7 VIRTUAL-SKIN-SUB-9:37966.1 battery:37900 cam_therm:37114 cellular-emergency:37966.1 charge_therm:44342 disp_therm:37582 neutral_therm:40409 north_therm:36758 quiet_therm:37270 soc_therm:43197 usb_pwr_therm:38049 
11-10 15:48:53.639  1431  2167 W USF     : USF_API: Drop flicker data, cannot find sampling_id:84682!
11-10 15:48:53.644  1884  4379 D LauncherAppsService: getActivityLaunchIntent callingPackage=com.android.systemui component=ComponentInfo{com.android.chrome/com.google.android.apps.chrome.Main} user=UserHandle{0}
11-10 15:48:53.649  1431  2167 W USF     : USF_API: Drop flicker data, cannot find sampling_id:84682!
11-10 15:48:53.650  2221  2226 I pixel-thermal: VIRTUAL-SKIN-HINT:37.9661 raw data: VIRTUAL-SKIN:37966.1 VIRTUAL-SKIN-HINT:37966.1 
11-10 15:48:53.650  2221  2226 I pixel-thermal: VIRTUAL-SKIN-CPU-LIGHT-ODPM:37.9661 raw data: VIRTUAL-SKIN:37966.1 VIRTUAL-SKIN-CPU-LIGHT-ODPM:37966.1 
11-10 15:48:53.650  2221  2226 I pixel-thermal: VIRTUAL-SKIN-CPU-LIGHT-ODPM power_budget=1514.07 err=1.03386 s_power=800 time_elapsed_ms=7019 p=413.544 i=300.524 d=-0 dt_per_min=nan compensation=0 budget transient=0 control target=2 excluded power budget=0
11-10 15:48:53.650  2221  2226 I pixel-thermal: VIRTUAL-SKIN-CPU-LIGHT-ODPM binded power rails: (S4M_VDD_CPUCL0: 451.26 mW)(S2M_VDD_CPUCL2: 2.56 mW)(S3M_VDD_CPUCL1: 114.66 mW)
11-10 15:48:53.650  2221  2226 I pixel-thermal: VIRTUAL-SKIN-CPU-MID:37.9661 raw data: VIRTUAL-SKIN:37966.1 VIRTUAL-SKIN-CPU-MID:37966.1 
11-10 15:48:53.650  2221  2226 I pixel-thermal: VIRTUAL-SKIN-CPU-HIGH:37.9661 raw data: VIRTUAL-SKIN:37966.1 VIRTUAL-SKIN-CPU-HIGH:37966.1 
11-10 15:48:53.650  2221  2226 I pixel-thermal: VIRTUAL-SKIN-SOC:37.9661 raw data: VIRTUAL-SKIN:37966.1 VIRTUAL-SKIN-SOC:37966.1 
11-10 15:48:53.650  2221  2226 I pixel-thermal: VIRTUAL-SKIN-SOC power_budget=3811.12 err=7.03386 s_power=800 time_elapsed_ms=7019 p=2110.16 i=900.965 d=-0 dt_per_min=nan compensation=0 budget transient=0 control target=3 excluded power budget=0
11-10 15:48:53.650  2221  2226 I pixel-thermal: VIRTUAL-SKIN-SOC binded power rails: (S4M_VDD_CPUCL0: 451.26 mW)(S2M_VDD_CPUCL2: 2.56 mW)(S3M_VDD_CPUCL1: 114.66 mW)(S2S_VDD_G3D: 0.52 mW)(S7M_VDD_TPU: 0.00 mW)
11-10 15:48:53.650  2221  2226 I pixel-thermal: VIRTUAL-SKIN-GPU:37.9661 raw data: VIRTUAL-SKIN:37966.1 VIRTUAL-SKIN-GPU:37966.1 
11-10 15:48:53.650  2221  2226 I pixel-thermal: VIRTUAL-SKIN-SPEAKER:33.7238 raw data: VIRTUAL-SKIN-SPEAKER:33723.8 VIRTUAL-SKIN-SPEAKER-SUB-0:32894.9 VIRTUAL-SKIN-SPEAKER-SUB-1:33433.9 VIRTUAL-SKIN-SPEAKER-SUB-2:33723.8 battery:37900 cam_therm:37114 charge_therm:44342 disp_therm:37582 neutral_therm:40409 north_therm:36758 quiet_therm:37270 soc_therm:43197 usb_pwr_therm:38049 
11-10 15:48:53.650  2221  2226 I pixel-thermal: VIRTUAL-SKIN-CHARGE-WIRED:37.8017 raw data: NO_WLC:1 VIRTUAL-SKIN-CHARGE:37801.7 VIRTUAL-SKIN-CHARGE-SUB-0:37628.5 VIRTUAL-SKIN-CHARGE-SUB-1:36138.8 VIRTUAL-SKIN-CHARGE-SUB-2:36773.4 VIRTUAL-SKIN-CHARGE-SUB-3:37801.7 VIRTUAL-SKIN-CHARGE-WIRED:37801.7 WLC_CHECK:1 battery:37900 cam_therm:37114 charge_therm:44342 disp_therm:37582 neutral_therm:40409 north_therm:36758 quiet_therm:37270 soc_therm:43197 thb_hda:54 usb_pwr_therm:38049 
11-10 15:48:53.650  2221  2226 I pixel-thermal: VIRTUAL-SKIN-CHARGE-WIRED power_budget=1626.08 err=0.198292 s_power=2527 time_elapsed_ms=7019 p=23.5967 i=-850.443 d=-0 dt_per_min=nan compensation=0 budget transient=0 control target=2 excluded power budget=74.0728 (PARTIAL_SYSTEM_POWER: 1234.55 mW, cdev_weight: 0.060000)
11-10 15:48:53.650  2221  2226 I pixel-thermal: VIRTUAL-SKIN:37.9661 raw data: VIRTUAL-SKIN:37966.1 
11-10 15:48:53.650  2221  2226 I pixel-thermal: VIRTUAL-SKIN-CHARGE-PERSIST:37.8017 raw data: VIRTUAL-SKIN-CHARGE:37801.7 VIRTUAL-SKIN-CHARGE-PERSIST:37801.7 
11-10 15:48:53.650  2221  2226 I pixel-thermal: VIRTUAL-SKIN-CHARGE-PERSIST power_budget=4187.98 err=3.19829 s_power=2383 time_elapsed_ms=7019 p=681.236 i=1383 d=-0 dt_per_min=nan compensation=0 budget transient=0 control target=2 excluded power budget=259.255 (PARTIAL_SYSTEM_POWER: 1234.55 mW, cdev_weight: 0.210000)
11-10 15:48:53.653  4276  4276 W MediaProvider: WorkProfileOwnerApps cache is empty
11-10 15:48:53.653  4276  4276 D PickerSyncLockManager: Trying to acquire lock com.android.providers.media.photopicker.sync.CloseableReentrantLock@3c14634[Unlocked]. Lock Name = CLOUD_PROVIDER_LOCK. Threads that may be waiting to acquire this lock = []
11-10 15:48:53.653  4276  4276 D CloseableReentrantLock: Successfully acquired lock com.android.providers.media.photopicker.sync.CloseableReentrantLock@3c14634[Locked by thread main]. Lock Name = CLOUD_PROVIDER_LOCK. Threads that may be waiting to acquire this lock = []
11-10 15:48:53.653  4276  4276 D CloseableReentrantLock: Successfully released lock com.android.providers.media.photopicker.sync.CloseableReentrantLock@3c14634[Unlocked]. Lock Name = CLOUD_PROVIDER_LOCK. Threads that may be waiting to acquire this lock = []
11-10 15:48:53.654  1884  1911 I system_server: Background concurrent mark compact GC freed 69MB AllocSpace bytes, 102(4128KB) LOS objects, 47% free, 105MB/201MB, paused 2.341ms,10.814ms total 486.720ms
11-10 15:48:53.654  1884  4367 D LauncherAppsService: getActivityLaunchIntent callingPackage=com.android.systemui component=ComponentInfo{com.android.settings/com.android.settings.Settings} user=UserHandle{0}
11-10 15:48:53.655 12933 13026 D WellbeingModel: Changes in apps: intent = [Intent { act=android.intent.action.PACKAGE_REMOVED dat=package: flg=0x4000010 (has extras) }]
11-10 15:48:53.656  1884  1912 I libbinder.BpBinder: onLastStrongRef automatically unlinking death recipients: 
11-10 15:48:53.656 12933 13026 D WellbeingModel: Changes in apps: intent = [Intent { act=android.intent.action.PACKAGE_ADDED dat=package: flg=0x4000010 (has extras) }]
11-10 15:48:53.656 12933 13026 I WellbeingModel: updateActionsWithRetry(); retryCount: 0, package: com.example.mobiledigger
11-10 15:48:53.656 12933 13026 D WellbeingModel: retrieveActions() called with: packageNames = [com.example.mobiledigger]
11-10 15:48:53.658  1884  5488 D ActivityManager: sync unfroze 2957 com.google.android.apps.wellbeing for 7
11-10 15:48:53.659 24892 24892 W AiAiSmartNotification: ACTION_PACKAGE_ADDED: play_store_category_list.csv is null!
11-10 15:48:53.659  1431  2167 W USF     : USF_API: Drop flicker data, cannot find sampling_id:84682!
11-10 15:48:53.659  1884  2730 D BackgroundInstallControlService: Package event received: 0
11-10 15:48:53.659 29449 29454 W android.vending: Suspending all threads took: 5.300ms
11-10 15:48:53.660  1884  1912 I libbinder.BpBinder: onLastStrongRef automatically unlinking death recipients: 
11-10 15:48:53.662  2957  2957 D ActivityThread: Package [com.example.mobiledigger] reported as REPLACED, but missing application info. Assuming REMOVED.
11-10 15:48:53.663  2957  2957 D ActivityThread: Package [com.example.mobiledigger] reported as REPLACED, but missing application info. Assuming REMOVED.
11-10 15:48:53.669  1431  2167 W USF     : USF_API: Drop flicker data, cannot find sampling_id:84682!
11-10 15:48:53.678 10605 10624 W hbox:interactor: Suspending all threads took: 8.024ms
11-10 15:48:53.679  1431  2167 W USF     : USF_API: Drop flicker data, cannot find sampling_id:84682!
11-10 15:48:53.689  1431  2167 W USF     : USF_API: Drop flicker data, cannot find sampling_id:84682!
11-10 15:48:53.699 10605 10692 I ahiy    : (REDACTED) Invalidating %s caches for %s
11-10 15:48:53.699  1431  2167 W USF     : USF_API: Drop flicker data, cannot find sampling_id:84682!
11-10 15:48:53.700  4488  6731 I ProximityAuth: [RecentAppsMediator] Package added: (user=UserHandle{0}) com.example.mobiledigger
11-10 15:48:53.702  1653  1653 D AOC     : F1:BT_Tx (5s)MEL: 89.1  88.6  89.3  89.2  87.4
11-10 15:48:53.704  4488  6728 I Fitness : (REDACTED) FitCleanupIntentOperation received Intent %s
11-10 15:48:53.704  1653  1653 D AOC     : A3:MSG: vsc_controller.cc, 602: VSC: [Lift to Wake Sensor] stopSensorEvents: sensor 0x10001
11-10 15:48:53.705  4488  6728 I FontLog : (REDACTED) Package %s has no metadata
11-10 15:48:53.705  1653  1653 D AOC     : A3:MSG: vsc_controller.cc, 602: VSC: [Lift to Wake Sensor] stopSensorEvents: sensor 0x10004
11-10 15:48:53.706  1653  1653 D AOC     : A3:MSG: vsc_controller.cc, 584: VSC: [Lift to Wake Sensor] requestSensorEvents: sensor 0x20002, period=18446744073709 
11-10 15:48:53.709  1653  1653 D AOC     : A3:MSG: icm456xy_device.cc, 414: USF: Icm456xyDevice: Sensor 4, period 0 ns, latency 9223372036854775807 ns.
11-10 15:48:53.709  1431  2167 W USF     : USF_API: Drop flicker data, cannot find sampling_id:84682!
11-10 15:48:53.709  1653  1653 D AOC     : A3:MSG: icm456xy_device.cc, 1369: USF: Icm456xyDevice: FIFO enabled: 1, ODR: 200, WM: 1, Intr: 200.
11-10 15:48:53.710 10605 10691 I ahiy    : (REDACTED) Invalidating %s caches for %s
11-10 15:48:53.710  1653  1653 D AOC     : A3:MSG: usf_sensor.cc, 1792: USF: Received stop sampling request for ICM45631 Stationary Detect (active:-1).
11-10 15:48:53.710  1653  1653 D AOC     : A3:MSG: usf_sensor.cc, 2354: USF: Sampling configuration 94094 not found.
11-10 15:48:53.711  1653  1653 D AOC     : A3:MSG: usf_sensor_client.cc, 173: USF: Received kErrNotFound when disabling one shot sensor.
11-10 15:48:53.711  1653  1653 D AOC     : A3:MSG: usf_sensor.cc, 1784: USF: Received start sampling request for ICM45631 Motion Detect (active:1).
11-10 15:48:53.712  1653  1653 D AOC     : A3:MSG: icm456xy_device.cc, 414: USF: Icm456xyDevice: Sensor 3, period 640000000 ns, latency 0 ns.
11-10 15:48:53.712  1653  1653 D AOC     : A3:MSG: icm456xy_device.cc, 1369: USF: Icm456xyDevice: FIFO enabled: 1, ODR: 200, WM: 1, Intr: 200.
11-10 15:48:53.714  1653  1653 D AOC     : A3:MSG: motion_state_sensor.cc, 328: USF: MoSt: MotionDetect sampling started with sampling ID 94098.
11-10 15:48:53.715  1653  1653 D AOC     : A3:MSG: usf_sensor.cc, 1784: USF: Received start sampling request for ICM45631 Motion Detect (active:2).
11-10 15:48:53.717  1653  1653 D AOC     : A3:MSG: vsc_controller.cc, 602: VSC: [Lift to Wake Sensor] stopSensorEvents: sensor 0x20003
11-10 15:48:53.719  1431  2167 W USF     : USF_API: Drop flicker data, cannot find sampling_id:84682!
11-10 15:48:53.720  1653  1653 D AOC     : A3:MSG: usf_sensor.cc, 1784: USF: Received start sampling request for ICM45631 Motion Detect (active:3).
11-10 15:48:53.721  1653  1653 D AOC     : A3:MSG: usf_sensor.cc, 1792: USF: Received stop sampling request for ICM45631 FreeFall Detect (active:0).
11-10 15:48:53.721  1653  1653 D AOC     : A3:MSG: icm456xy_device.cc, 414: USF: Icm456xyDevice: Sensor 5, period 0 ns, latency 9223372036854775807 ns.
11-10 15:48:53.722  1653  1653 D AOC     : A3:MSG: icm456xy_device.cc, 1369: USF: Icm456xyDevice: FIFO enabled: 1, ODR: 200, WM: 1, Intr: 200.
11-10 15:48:53.722 10605 10691 I dlwm    : (REDACTED) Invalidation request: %s
11-10 15:48:53.723  1884  1913 W System  : A resource failed to call HardwareBuffer.close. 
11-10 15:48:53.723 10605 10692 I dlwm    : (REDACTED) Invalidation request: %s
11-10 15:48:53.724  1884  5668 D LauncherAppsService: getActivityLaunchIntent callingPackage=com.android.systemui component=ComponentInfo{com.android.vending/com.android.vending.AssetBrowserActivity} user=UserHandle{0}
11-10 15:48:53.724  1884  1913 W System  : A resource failed to call close. 
11-10 15:48:53.726  1432  1491 I CHRE    : @ 551801.030: Received a sampling status update for one shot sensor ICM45631 Motion Detect
11-10 15:48:53.729  1431  2167 W USF     : USF_API: Drop flicker data, cannot find sampling_id:84682!
11-10 15:48:53.733  1884  3682 D LauncherAppsService: getActivityLaunchIntent callingPackage=com.android.systemui component=ComponentInfo{com.google.android.GoogleCamera/com.android.camera.CameraLauncher} user=UserHandle{0}
11-10 15:48:53.739  1431  2167 W USF     : USF_API: Drop flicker data, cannot find sampling_id:84682!
11-10 15:48:53.740  1884  5668 D LauncherAppsService: getActivityLaunchIntent callingPackage=com.android.systemui component=ComponentInfo{com.google.android.apps.docs/com.google.android.apps.docs.app.NewMainProxyActivity} user=UserHandle{0}
11-10 15:48:53.749  1431  2167 W USF     : USF_API: Drop flicker data, cannot find sampling_id:84682!
11-10 15:48:53.752  1884  3682 D LauncherAppsService: getActivityLaunchIntent callingPackage=com.android.systemui component=ComponentInfo{com.google.android.apps.maps/com.google.android.maps.MapsActivity} user=UserHandle{0}
11-10 15:48:53.759  1431  2167 W USF     : USF_API: Drop flicker data, cannot find sampling_id:84682!
11-10 15:48:53.765  1428  4907 D AHal::UseCase: SetActiveTracks: update deep-buffer-playback active tracks(0)
11-10 15:48:53.765  1428  4907 I AHal::AocSoundDoseBridge: UpdateSoundDoseEnableState: 0
11-10 15:48:53.766  1428  4907 D BTAudioSessionAidl: UpdateSourceMetadata - SessionType=LE_AUDIO_HARDWARE_OFFLOAD_ENCODING_DATAPATH has NO session
11-10 15:48:53.766  1428  4907 D BTAudioSessionAidl: GetSupportedLatencyModes - SessionType=LE_AUDIO_HARDWARE_OFFLOAD_ENCODING_DATAPATH has NO session
11-10 15:48:53.766  1428  4907 D BTAudioSessionAidl: SetLatencyMode - SessionType=LE_AUDIO_HARDWARE_OFFLOAD_ENCODING_DATAPATH has NO session
11-10 15:48:53.766  1428  4907 D BTAudioSessionAidl: GetSupportedLatencyModes - Supported LatencyMode= FREE
11-10 15:48:53.766 14050 22581 I bluetooth-a2dp: system/btif/src/btif_av.cc:4061 btif_av_set_low_latency: active_peer=xx:xx:xx:xx:0f:4f is_low_latency=false
11-10 15:48:53.766 14050 14071 I bluetooth-a2dp: system/btif/src/btif_av.cc:3067 btif_av_handle_event: peer=xx:xx:xx:xx:0f:4f handle=0x0 event=BTIF_AV_SET_LATENCY_REQ_EVT(0x25)
11-10 15:48:53.766 14050 14071 I bluetooth-a2dp: system/btif/src/btif_av.cc:2492 ProcessEvent: state=Started peer=xx:xx:xx:xx:0f:4f event=BTIF_AV_SET_LATENCY_REQ_EVT(0x25) flags=0x0(None) active_peer=true
11-10 15:48:53.766 14050 14071 I bluetooth-a2dp: system/btif/src/btif_av.cc:2671 ProcessEvent: Peer xx:xx:xx:xx:0f:4f : event=BTIF_AV_SET_LATENCY_REQ_EVT(0x25) flags=0x0(None) is_low_latency=false
11-10 15:48:53.766 14050 14071 I bluetooth-a2dp: system/bta/av/bta_av_api.cc:612 BTA_AvSetLatency: Set audio/video stream low latency bta_handle:65, is_low_latency:false
11-10 15:48:53.766 14050 14071 I bt_l2cap: system/stack/l2cap/l2c_api.cc:1040 L2CA_SetAclLatency: BDA: xx:xx:xx:xx:0f:4f, latency: 0
11-10 15:48:53.766 14050 14071 I l2c_utils: system/stack/l2cap/l2c_utils.cc:2538 l2cu_set_acl_latency: Set ACL low latency: 0
11-10 15:48:53.767  1488  2052 W AudioFlinger: moveEffectChain_ll: effect chain for session 0 not on source thread 0xb400007963caaff0
11-10 15:48:53.767 14050 14084 I BluetoothAdapterService: getActiveDevices: A2dp device: XX:XX:XX:XX:0F:4F
11-10 15:48:53.767  1653  1653 D AOC     : F1:MSG: controller.cc, 275: AudioOutCtrl: cmd ID: 0x0125, tag: 0x35 [cntr = 82456]
11-10 15:48:53.767  1653  1653 D AOC     : F1:MSG: audio_hardware_sink_usb.cc, 1881: MelEnable false
11-10 15:48:53.767  1653  1653 D AOC     : F1:MelEnable false
11-10 15:48:53.767  1428  2023 I AUtl::WakeLock: Acquire: acquired wake lock for aoc_sound_dose
11-10 15:48:53.767  1653  1653 D AOC     : F1:MSG: controller.cc, 919: AudioOutCtrl: ipc: audio_output_co, cmd ID: 0x0125, tag: 0x35, rc: 0
11-10 15:48:53.767  1428  2023 I AHal::AocSoundDoseBridge: GetMelDataFromAoc ret_size: 502 fd: 18
11-10 15:48:53.767  1428  2023 I AHal::AocSoundDoseBridge: HandlePeriodMelUpdate: 2 records
11-10 15:48:53.767  1653  1653 D AOC     : F1:onNewMelValues timestamp 25463962547 total data count = 2
11-10 15:48:53.768  1488  1592 I SoundDoseManager: getIdForAudioDevice: bt device AUDIO_DEVICE_OUT_BLUETOOTH_A2DP, @:SUPPRESSED does not support sound dose
11-10 15:48:53.768  1488  1592 I SoundDoseManager: onNewMelValues: no mapped id for audio device with type 133 and address AudioDeviceAddress{mac: [24, 230, 113, 5, 15, 79]}
11-10 15:48:53.768  1428  2023 I AUtl::WakeLock: Release: released wake lock for aoc_sound_dose
11-10 15:48:53.769  1431  2167 W USF     : USF_API: Drop flicker data, cannot find sampling_id:84682!
11-10 15:48:53.772  1884  3682 D LauncherAppsService: getActivityLaunchIntent callingPackage=com.android.systemui component=ComponentInfo{com.google.android.apps.messaging/com.google.android.apps.messaging.ui.ConversationListActivity} user=UserHandle{0}
11-10 15:48:53.773  1884  3682 D LauncherAppsService: getActivityLaunchIntent callingPackage=com.android.systemui component=ComponentInfo{com.google.android.apps.photos/com.google.android.apps.photos.home.HomeActivity} user=UserHandle{0}
11-10 15:48:53.775  1884  2439 D LauncherAppsService: getActivityLaunchIntent callingPackage=com.android.systemui component=ComponentInfo{com.google.android.apps.tachyon/com.google.android.apps.tachyon.MainActivity} user=UserHandle{0}
11-10 15:48:53.779  1431  2167 W USF     : USF_API: Drop flicker data, cannot find sampling_id:84682!
11-10 15:48:53.789  1431  2167 W USF     : USF_API: Drop flicker data, cannot find sampling_id:84682!
11-10 15:48:53.789  1884  5668 D LauncherAppsService: getActivityLaunchIntent callingPackage=com.android.systemui component=ComponentInfo{com.google.android.apps.youtube.music/com.google.android.apps.youtube.music.activities.MusicActivity} user=UserHandle{0}
11-10 15:48:53.790  1884  5488 D LauncherAppsService: getActivityLaunchIntent callingPackage=com.android.systemui component=ComponentInfo{com.google.android.calculator/com.android.calculator2.Calculator} user=UserHandle{0}
11-10 15:48:53.791  1884  5488 D LauncherAppsService: getActivityLaunchIntent callingPackage=com.android.systemui component=ComponentInfo{com.google.android.calendar/com.android.calendar.AllInOneActivity} user=UserHandle{0}
11-10 15:48:53.792  1884  5488 D LauncherAppsService: getActivityLaunchIntent callingPackage=com.android.systemui component=ComponentInfo{com.google.android.contacts/com.android.contacts.activities.PeopleActivity} user=UserHandle{0}
11-10 15:48:53.793  1884  5488 D LauncherAppsService: getActivityLaunchIntent callingPackage=com.android.systemui component=ComponentInfo{com.google.android.deskclock/com.android.deskclock.DeskClock} user=UserHandle{0}
11-10 15:48:53.794  1884  5488 D LauncherAppsService: getActivityLaunchIntent callingPackage=com.android.systemui component=ComponentInfo{com.google.android.dialer/com.google.android.dialer.extensions.GoogleDialtactsActivity} user=UserHandle{0}
11-10 15:48:53.794  1884  5488 D LauncherAppsService: getActivityLaunchIntent callingPackage=com.android.systemui component=ComponentInfo{com.google.android.gm/com.google.android.gm.ConversationListActivityGmail} user=UserHandle{0}
11-10 15:48:53.796  1884  2439 D LauncherAppsService: getActivityLaunchIntent callingPackage=com.android.systemui component=ComponentInfo{com.google.android.youtube/com.google.android.youtube.app.honeycomb.Shell$HomeActivity} user=UserHandle{0}
11-10 15:48:53.796  1884  2439 D LauncherAppsService: getActivityLaunchIntent callingPackage=com.android.systemui component=ComponentInfo{com.Slack/slack.features.home.HomeActivity} user=UserHandle{0}
11-10 15:48:53.797 10605 10691 I duye    : (REDACTED) Invalidated ContextKey: %s for %s.
11-10 15:48:53.797  1884  2439 D LauncherAppsService: getActivityLaunchIntent callingPackage=com.android.systemui component=ComponentInfo{com.aimp.player/com.aimp.player.ui.activities.main.MainActivity} user=UserHandle{0}
11-10 15:48:53.798  1884  5488 D LauncherAppsService: getActivityLaunchIntent callingPackage=com.android.systemui component=ComponentInfo{com.dropbox.android/com.dropbox.android.activity.DropboxBrowser} user=UserHandle{0}
11-10 15:48:53.799  1431  2167 W USF     : USF_API: Drop flicker data, cannot find sampling_id:84682!
11-10 15:48:53.799  1884  5668 D LauncherAppsService: getActivityLaunchIntent callingPackage=com.android.systemui component=ComponentInfo{com.google.android.apps.docs.editors.docs/com.google.android.apps.docs.app.NewMainProxyActivity} user=UserHandle{0}
11-10 15:48:53.800  1884  5668 D LauncherAppsService: getActivityLaunchIntent callingPackage=com.android.systemui component=ComponentInfo{com.google.android.apps.docs.editors.sheets/com.google.android.apps.docs.app.NewMainProxyActivity} user=UserHandle{0}
11-10 15:48:53.801  1884  5488 D LauncherAppsService: getActivityLaunchIntent callingPackage=com.android.systemui component=ComponentInfo{com.google.android.apps.docs.editors.slides/com.google.android.apps.docs.app.NewMainProxyActivity} user=UserHandle{0}
11-10 15:48:53.803  1428  2117 D BTAudioSessionAidl: GetSupportedLatencyModes - Supported LatencyMode= FREE
11-10 15:48:53.809  1431  2167 W USF     : USF_API: Drop flicker data, cannot find sampling_id:84682!
11-10 15:48:53.809 10605 10691 I duye    : (REDACTED) Invalidated ContextKey: %s for %s.
11-10 15:48:53.811 30907  6736 I Auth    : (REDACTED) [SupervisedAccountIntentOperation] onHandleIntent: %s
11-10 15:48:53.813 29449 29473 I Finsky  : [1114] WM::SCH: Logging work initialize for 12-1
11-10 15:48:53.813  1884  5668 D LauncherAppsService: getActivityLaunchIntent callingPackage=com.android.systemui component=ComponentInfo{com.google.android.apps.magazines/com.google.apps.dots.android.app.activity.CurrentsStartActivity} user=UserHandle{0}
11-10 15:48:53.813 10605 10692 I duyn    : (REDACTED) Fetching context keys %s. %s
11-10 15:48:53.813 10605 10691 I duyn    : (REDACTED) Fetching ContextResult for ContextKey: %s. %s
11-10 15:48:53.813 10605 10691 I duyn    : (REDACTED) Fetching ContextResult for ContextKey: %s. %s
11-10 15:48:53.814 10605 10692 I duyn    : (REDACTED) Fetching ContextResult for ContextKey: %s. %s
11-10 15:48:53.815 10605 10689 I duyn    : (REDACTED) Fetching context keys %s. %s
11-10 15:48:53.815 10605 10689 I duyn    : (REDACTED) Fetching ContextResult for ContextKey: %s. %s
11-10 15:48:53.816 30907 30907 D BoundBrokerSvc: onBind: Intent { act=com.google.android.gms.common.BIND_SHARED_PREFS xflg=0x4 pkg=com.google.android.gms }
11-10 15:48:53.816 30907 30907 D BoundBrokerSvc: Loading bound service for intent: Intent { act=com.google.android.gms.common.BIND_SHARED_PREFS xflg=0x4 pkg=com.google.android.gms }
11-10 15:48:53.819  1431  2167 W USF     : USF_API: Drop flicker data, cannot find sampling_id:84682!
11-10 15:48:53.824 30907  6735 I NearbyDiscovery: (REDACTED) processGrantSlicePermission: %s
11-10 15:48:53.829  1431  2167 W USF     : USF_API: Drop flicker data, cannot find sampling_id:84682!
11-10 15:48:53.838  1431  2167 W USF     : USF_API: Drop flicker data, cannot find sampling_id:84682!
11-10 15:48:53.849  1431  2167 W USF     : USF_API: Drop flicker data, cannot find sampling_id:84682!
11-10 15:48:53.852 10605 10696 I dlxp    : (REDACTED) GetContext(%s, %s): %s from synchronized cache (status: %s)
11-10 15:48:53.853 10605 10692 I dlxp    : (REDACTED) GetContext(%s, %s): %s from synchronized cache (status: %s)
11-10 15:48:53.853 10605 10692 I duyn    : (REDACTED) ContextResult succeeded for ContextKey: %s. %s
11-10 15:48:53.854 10605 10692 I duyh    : (REDACTED) Primary Locale: %s and preferred locales: %s, returned from Context API. %s
11-10 15:48:53.856 10605 10690 I dluy    : (REDACTED) GetContext(%s, %s): Fetching from provider
11-10 15:48:53.858 10605 10695 I dlxp    : (REDACTED) GetContext(%s, %s): %s from synchronized cache (status: %s)
11-10 15:48:53.859  1431  2167 W USF     : USF_API: Drop flicker data, cannot find sampling_id:84682!
11-10 15:48:53.859 10605 10691 I duyn    : (REDACTED) ContextResult succeeded for ContextKey: %s. %s
11-10 15:48:53.859 10605 10691 I duyh    : (REDACTED) Primary Locale: %s and preferred locales: %s, returned from Context API. %s
11-10 15:48:53.861 10605 10670 I dutu    : (REDACTED) getting App Capabilities from InstalledAppsCache %s
11-10 15:48:53.867 29449 29473 I Finsky  : [1114] WM::SCH: Logging work initialize for 12-1
11-10 15:48:53.868  1431  2167 W USF     : USF_API: Drop flicker data, cannot find sampling_id:84682!
11-10 15:48:53.876  1884  2439 D LauncherAppsService: getActivityLaunchIntent callingPackage=com.android.systemui component=ComponentInfo{com.google.android.apps.walletnfcrel/com.google.commerce.tapandpay.android.wallet.WalletActivity} user=UserHandle{0}
11-10 15:48:53.878  1431  2167 W USF     : USF_API: Drop flicker data, cannot find sampling_id:84682!
11-10 15:48:53.888  1431  2167 W USF     : USF_API: Drop flicker data, cannot find sampling_id:84682!
11-10 15:48:53.898  1431  2167 W USF     : USF_API: Drop flicker data, cannot find sampling_id:84682!
11-10 15:48:53.906  1884  5668 D LauncherAppsService: getActivityLaunchIntent callingPackage=com.android.systemui component=ComponentInfo{com.google.android.apps.youtube.creator/com.google.android.apps.youtube.creator.main.MainActivity} user=UserHandle{0}
11-10 15:48:53.908  1431  2167 W USF     : USF_API: Drop flicker data, cannot find sampling_id:84682!
11-10 15:48:53.918  1431  2167 W USF     : USF_API: Drop flicker data, cannot find sampling_id:84682!
11-10 15:48:53.928  1431  2167 W USF     : USF_API: Drop flicker data, cannot find sampling_id:84682!
11-10 15:48:53.938  1431  2167 W USF     : USF_API: Drop flicker data, cannot find sampling_id:84682!
11-10 15:48:53.948  1431  2167 W USF     : USF_API: Drop flicker data, cannot find sampling_id:84682!
11-10 15:48:53.955  1884  2439 D LauncherAppsService: getActivityLaunchIntent callingPackage=com.android.systemui component=ComponentInfo{com.google.android.play.games/com.google.android.gms.games.ui.destination.main.MainActivity} user=UserHandle{0}
11-10 15:48:53.958  1431  2167 W USF     : USF_API: Drop flicker data, cannot find sampling_id:84682!
11-10 15:48:53.965  1884  5668 D LauncherAppsService: getActivityLaunchIntent callingPackage=com.android.systemui component=ComponentInfo{com.microsoft.emmx/com.microsoft.ruby.Main} user=UserHandle{0}
11-10 15:48:53.968  1431  2167 W USF     : USF_API: Drop flicker data, cannot find sampling_id:84682!
11-10 15:48:53.975 30907  6729 W SQLiteLog: (28) double-quoted string literal: "com.example.mobiledigger"
11-10 15:48:53.976 21379  6723 I brb     : Handling installed or updated package: com.example.mobiledigger
11-10 15:48:53.976 21379  6723 I cip     : Attempting to classify package: com.example.mobiledigger using model: bll_1
11-10 15:48:53.977  1884  2439 D LauncherAppsService: getActivityLaunchIntent callingPackage=com.android.systemui component=ComponentInfo{com.microsoft.office.outlook/com.microsoft.office.outlook.MainActivity} user=UserHandle{0}
11-10 15:48:53.978  1431  2167 W USF     : USF_API: Drop flicker data, cannot find sampling_id:84682!
11-10 15:48:53.982  1884  2439 D LauncherAppsService: getActivityLaunchIntent callingPackage=com.android.systemui component=ComponentInfo{com.paypal.android.p2pmobile/com.paypal.android.p2pmobile.startup.activities.StartupActivity} user=UserHandle{0}
11-10 15:48:53.988  1431  2167 W USF     : USF_API: Drop flicker data, cannot find sampling_id:84682!
11-10 15:48:53.989  1884  5488 D LauncherAppsService: getActivityLaunchIntent callingPackage=com.android.systemui component=ComponentInfo{com.roblox.client/com.roblox.client.startup.ActivitySplash} user=UserHandle{0}
11-10 15:48:53.990  1884  2439 W ParceledListSlice: Element #76 is 22420 bytes.
11-10 15:48:53.990  1884  2439 W ParceledListSlice: Element #77 is 23404 bytes.
11-10 15:48:53.990  1884  2439 W ParceledListSlice: Element #87 is 30688 bytes.
11-10 15:48:53.991  1884  2439 W ParceledListSlice: Element #88 is 22076 bytes.
11-10 15:48:53.995 30907 30911 W gle.android.gms: Suspending all threads took: 6.732ms
11-10 15:48:53.997  1884  2439 D LauncherAppsService: getActivityLaunchIntent callingPackage=com.android.systemui component=ComponentInfo{com.shazam.android/com.shazam.android.activities.SplashActivity} user=UserHandle{0}
11-10 15:48:53.998  1431  2167 W USF     : USF_API: Drop flicker data, cannot find sampling_id:84682!
11-10 15:48:54.003  1428  2117 D BTAudioSessionAidl: GetSupportedLatencyModes - Supported LatencyMode= FREE
11-10 15:48:54.007  1884  2439 D LauncherAppsService: getActivityLaunchIntent callingPackage=com.android.systemui component=ComponentInfo{com.shopify.arrive/com.shopify.arrive.MainActivity} user=UserHandle{0}
11-10 15:48:54.008  1431  2167 W USF     : USF_API: Drop flicker data, cannot find sampling_id:84682!
11-10 15:48:54.018  1431  2167 W USF     : USF_API: Drop flicker data, cannot find sampling_id:84682!
11-10 15:48:54.024 30907 30921 I gle.android.gms: Waiting for a blocking GC ProfileSaver
11-10 15:48:54.028  1884  2439 D LauncherAppsService: getActivityLaunchIntent callingPackage=com.android.systemui component=ComponentInfo{com.spotify.music/com.spotify.music.MainActivity} user=UserHandle{0}
11-10 15:48:54.028  1431  2167 W USF     : USF_API: Drop flicker data, cannot find sampling_id:84682!
11-10 15:48:54.036  2957  3019 W .apps.wellbeing: Suspending all threads took: 8.297ms
11-10 15:48:54.038  1431  2167 W USF     : USF_API: Drop flicker data, cannot find sampling_id:84682!
11-10 15:48:54.042  1884  2439 D LauncherAppsService: getActivityLaunchIntent callingPackage=com.android.systemui component=ComponentInfo{com.ubercab/com.ubercab.presidio.app.core.root.RootActivity} user=UserHandle{0}
11-10 15:48:54.044 21379  6723 I bsf     : BLL finished for package: com.example.mobiledigger, score: 6.0, verdict: NOT_HARMFUL
11-10 15:48:54.044 21379  6723 I cip     : Finished new classification for package: com.example.mobiledigger, model: bll_1, verdict: NOT_HARMFUL, score: 6.0
11-10 15:48:54.045  1884  5668 D LauncherAppsService: getActivityLaunchIntent callingPackage=com.android.systemui component=ComponentInfo{ee.mtakso.client/ee.mtakso.client.activity.SplashHomeActivity} user=UserHandle{0}
11-10 15:48:54.048  1431  2167 W USF     : USF_API: Drop flicker data, cannot find sampling_id:84682!
11-10 15:48:54.049  1884  2439 D LauncherAppsService: getActivityLaunchIntent callingPackage=com.android.systemui component=ComponentInfo{fr.leboncoin/fr.leboncoin.features.splashscreen.ui.activities.SplashScreenActivity} user=UserHandle{0}
11-10 15:48:54.057 21379  6723 I brb     : Work finished, result: Result(successCount=1, failureCount=0), latency: PT0.458S
11-10 15:48:54.058  1884  3104 D LauncherAppsService: getActivityLaunchIntent callingPackage=com.android.systemui component=ComponentInfo{ro.emag.android/ro.emag.android.cleancode.app.ActivityStart} user=UserHandle{0}
11-10 15:48:54.058  1431  2167 W USF     : USF_API: Drop flicker data, cannot find sampling_id:84682!
11-10 15:48:54.059 21379 21428 I brn     : Finished work type: HANDLE_PACKAGES_CHANGED, success: true, latency: PT0.464S
11-10 15:48:54.060 21379 21379 I WorkService: Stopping the work service
11-10 15:48:54.060  1884  5473 W ForegroundServiceTypeLoggerModule: FGS stop call for: 10154 has no types!
11-10 15:48:54.061 21379 21379 I WorkService: Work service moved out of the foreground
11-10 15:48:54.067 21379 21379 I WorkService: Work service destroyed
11-10 15:48:54.068  1884  2730 D BackgroundInstallControlService: Package event received: 0
11-10 15:48:54.068 21379 21379 I civ     : Stopping watchdog: work-service, completed in time
11-10 15:48:54.068  1431  2167 W USF     : USF_API: Drop flicker data, cannot find sampling_id:84682!
11-10 15:48:54.068  1884  2730 D BackgroundInstallControlService: Package event received: 0
11-10 15:48:54.075  1884  5488 D LauncherAppsService: getActivityLaunchIntent callingPackage=com.android.systemui component=ComponentInfo{trendyol.com/com.trendyol.common.splash.impl.ui.SplashActivity} user=UserHandle{0}
11-10 15:48:54.077 30907 14696 I Icing   : IndexChimeraService.getServiceInterface callingPackage=com.google.android.gms componentName=AppsCorpus serviceId=36
11-10 15:48:54.078  1431  2167 W USF     : USF_API: Drop flicker data, cannot find sampling_id:84682!
11-10 15:48:54.088  1431  2167 W USF     : USF_API: Drop flicker data, cannot find sampling_id:84682!
11-10 15:48:54.098  1431  2167 W USF     : USF_API: Drop flicker data, cannot find sampling_id:84682!
11-10 15:48:54.105  1884  4398 D LauncherAppsService: getActivityLaunchIntent callingPackage=com.android.systemui component=ComponentInfo{com.android.stk/com.android.stk.StkMain} user=UserHandle{0}
11-10 15:48:54.108  1431  2167 W USF     : USF_API: Drop flicker data, cannot find sampling_id:84682!
11-10 15:48:54.116  1884  4398 D LauncherAppsService: getActivityLaunchIntent callingPackage=com.android.systemui component=ComponentInfo{com.google.android.apps.nbu.files/com.google.android.apps.nbu.files.home.HomeActivity} user=UserHandle{0}
11-10 15:48:54.118  1431  2167 W USF     : USF_API: Drop flicker data, cannot find sampling_id:84682!
11-10 15:48:54.128  1431  2167 W USF     : USF_API: Drop flicker data, cannot find sampling_id:84682!
11-10 15:48:54.130  1884  3104 D LauncherAppsService: getActivityLaunchIntent callingPackage=com.android.systemui component=ComponentInfo{com.google.android.apps.pixel.health/com.google.android.apps.pixel.health.thermometer.ThermometerHomeActivity} user=UserHandle{0}
11-10 15:48:54.137  1884  4373 D LauncherAppsService: getActivityLaunchIntent callingPackage=com.android.systemui component=ComponentInfo{com.google.android.apps.recorder/com.google.android.apps.recorder.ui.recordings.MainActivity} user=UserHandle{0}
11-10 15:48:54.138  1431  2167 W USF     : USF_API: Drop flicker data, cannot find sampling_id:84682!
11-10 15:48:54.144  1884  4373 D LauncherAppsService: getActivityLaunchIntent callingPackage=com.android.systemui component=ComponentInfo{com.google.android.apps.safetyhub/com.google.android.apps.safetyhub.LauncherActivity} user=UserHandle{0}
11-10 15:48:54.148  1431  2167 W USF     : USF_API: Drop flicker data, cannot find sampling_id:84682!
11-10 15:48:54.151  1884  4373 D LauncherAppsService: getActivityLaunchIntent callingPackage=com.android.systemui component=ComponentInfo{com.google.android.apps.tips/com.google.android.apps.tips.fortnite.p8} user=UserHandle{0}
11-10 15:48:54.157  1884  2112 D LauncherAppsService: getActivityLaunchIntent callingPackage=com.android.systemui component=ComponentInfo{com.google.android.apps.weather/com.google.android.apps.weather.home.HomeActivity} user=UserHandle{0}
11-10 15:48:54.158  1431  2167 W USF     : USF_API: Drop flicker data, cannot find sampling_id:84682!
11-10 15:48:54.165  1884  4373 D LauncherAppsService: getActivityLaunchIntent callingPackage=com.android.systemui component=ComponentInfo{com.google.android.apps.wellbeing/com.google.android.apps.wellbeing.settings.LauncherActivity} user=UserHandle{0}
11-10 15:48:54.168  1431  2167 W USF     : USF_API: Drop flicker data, cannot find sampling_id:84682!
11-10 15:48:54.175  1884  3682 D LauncherAppsService: getActivityLaunchIntent callingPackage=com.android.systemui component=ComponentInfo{com.google.android.googlequicksearchbox/com.google.android.googlequicksearchbox.SearchActivity} user=UserHandle{0}
11-10 15:48:54.178  1431  2167 W USF     : USF_API: Drop flicker data, cannot find sampling_id:84682!
11-10 15:48:54.180  1884  3084 D LauncherAppsService: getActivityLaunchIntent callingPackage=com.android.systemui component=ComponentInfo{at.willhaben/at.willhaben.MainActivity} user=UserHandle{0}
11-10 15:48:54.187  1884  3104 D LauncherAppsService: getActivityLaunchIntent callingPackage=com.android.systemui component=ComponentInfo{battle.iron.suit/com.unity3d.player.UnityPlayerActivity} user=UserHandle{0}
11-10 15:48:54.188  1431  2167 W USF     : USF_API: Drop flicker data, cannot find sampling_id:84682!
11-10 15:48:54.194  1884  3104 D LauncherAppsService: getActivityLaunchIntent callingPackage=com.android.systemui component=ComponentInfo{com.Garawell.BridgeRace/com.unity3d.player.UnityPlayerActivity} user=UserHandle{0}
11-10 15:48:54.197  1884  3682 D LauncherAppsService: getActivityLaunchIntent callingPackage=com.android.systemui component=ComponentInfo{com.JindoBlu.TwoPlayerGamesChallenge/com.unity3d.player.UnityPlayerActivity} user=UserHandle{0}
11-10 15:48:54.198  1431  2167 W USF     : USF_API: Drop flicker data, cannot find sampling_id:84682!
11-10 15:48:54.204  1428  2117 D BTAudioSessionAidl: GetSupportedLatencyModes - Supported LatencyMode= FREE
11-10 15:48:54.207 29449 29489 I Finsky  : [1127] SCH: Scheduling phonesky job Id: 12-1, CT: 1762782533367, Constraints: [{ L: 15000, D: 86400000, C: CHARGING_NONE, I: IDLE_NONE, N: NET_ANY, B: BATTERY_ANY }]
11-10 15:48:54.208  1431  2167 W USF     : USF_API: Drop flicker data, cannot find sampling_id:84682!
11-10 15:48:54.209 29449 29489 I Finsky  : [1127] AIM: AppInfoManager-Perf > ItemModel > CacheSize=190, cacheHitCount=0, cacheMissCount=0, total appsWithNoServerDataCount=4. Missed  in cache (limit 10) : []
11-10 15:48:54.209 29449 29484 I Finsky  : [1123] AIM: AppInfoManager-Perf > getApps > data collection finished
11-10 15:48:54.209 29449 29484 I Finsky  : [1123] AIM: AppInfoManager-Perf > maybeDestroyAppInfoManager is called. actives = 1
11-10 15:48:54.210  1884  5488 D LauncherAppsService: getActivityLaunchIntent callingPackage=com.android.systemui component=ComponentInfo{com.Neurononfire.SupremeDuelist/com.google.firebase.MessagingUnityPlayerActivity} user=UserHandle{0}
11-10 15:48:54.211  1884  4373 E AppOps  : attributionTag VCN not declared in manifest of android
11-10 15:48:54.215 30907 14696 I Icing   : IndexChimeraService.getServiceInterface callingPackage=com.google.android.gms componentName=null serviceId=30
11-10 15:48:54.217  1884  4373 D LauncherAppsService: getActivityLaunchIntent callingPackage=com.android.systemui component=ComponentInfo{com.alibaba.aliexpresshd/com.aliexpress.app.FirstActivity} user=UserHandle{0}
11-10 15:48:54.217 29449 29488 I Finsky  : [1126] AIM: AppInfoManager-Perf > ItemModel > CacheSize=190, cacheHitCount=0, cacheMissCount=0, total appsWithNoServerDataCount=4. Missed  in cache (limit 10) : []
11-10 15:48:54.217 29449 29488 I Finsky  : [1126] SCH: Scheduling 1 system job(s)
11-10 15:48:54.217  1431  2167 W USF     : USF_API: Drop flicker data, cannot find sampling_id:84682!
11-10 15:48:54.218 29449 29488 I Finsky  : [1126] SCH: Scheduling system job Id: 9771, L: 14150, D: 63426693, C: false, I: false, N: 1
11-10 15:48:54.224  1884  3084 D LauncherAppsService: getActivityLaunchIntent callingPackage=com.android.systemui component=ComponentInfo{com.alibaba.intl.android.apps.poseidon/com.alibaba.intl.android.apps.poseidon.app.activity.ActivityMainMaterial} user=UserHandle{0}
11-10 15:48:54.225 30907 30921 I gle.android.gms: WaitForGcToComplete blocked ProfileSaver on Background for 200.944ms
11-10 15:48:54.227  1884  4373 D LauncherAppsService: getActivityLaunchIntent callingPackage=com.android.systemui component=ComponentInfo{com.anydesk.anydeskandroid/com.anydesk.anydeskandroid.gui.activity.HubActivity} user=UserHandle{0}
11-10 15:48:54.227  1431  2167 W USF     : USF_API: Drop flicker data, cannot find sampling_id:84682!
11-10 15:48:54.229  1884  5666 D LauncherAppsService: getActivityLaunchIntent callingPackage=com.android.systemui component=ComponentInfo{com.aspiro.tidal/com.aspiro.wamp.LoginFragmentActivity} user=UserHandle{0}
11-10 15:48:54.229  1431  2167 W USF     : USF_API: Drop sample report, cannot find sampling_id:84682
11-10 15:48:54.230  1884  5488 D LauncherAppsService: getActivityLaunchIntent callingPackage=com.android.systemui component=ComponentInfo{com.azure.authenticator/com.azure.authenticator.ui.LaunchActivity} user=UserHandle{0}
11-10 15:48:54.232  1884  5666 D LauncherAppsService: getActivityLaunchIntent callingPackage=com.android.systemui component=ComponentInfo{com.bandcamp.android/com.bandcamp.android.view.SplashActivity} user=UserHandle{0}
11-10 15:48:54.232 30907 26445 I Icing   : Usage reports ok 1, Failed Usage reports 0, indexed 0, rejected 0
11-10 15:48:54.233  1884  4375 D LauncherAppsService: getActivityLaunchIntent callingPackage=com.android.systemui component=ComponentInfo{com.booking/com.booking.startup.HomeActivity} user=UserHandle{0}
11-10 15:48:54.234  1884  3084 D LauncherAppsService: getActivityLaunchIntent callingPackage=com.android.systemui component=ComponentInfo{com.brightstripe.parcels/com.brightstripe.parcels.MainActivity} user=UserHandle{0}
11-10 15:48:54.235  1884  5488 D LauncherAppsService: getActivityLaunchIntent callingPackage=com.android.systemui component=ComponentInfo{com.cargus.cma/com.cargus.cma.MainActivity} user=UserHandle{0}
11-10 15:48:54.237  1884  3682 D LauncherAppsService: getActivityLaunchIntent callingPackage=com.android.systemui component=ComponentInfo{com.catalogViva/com.catalogViva.MainActivity} user=UserHandle{0}
11-10 15:48:54.237  1431  2167 W USF     : USF_API: Drop flicker data, cannot find sampling_id:84682!
11-10 15:48:54.238  1884  3682 D LauncherAppsService: getActivityLaunchIntent callingPackage=com.android.systemui component=ComponentInfo{com.davidgiga1993.mixingstationpro/org.devcore.mixingstation.android.lib.AndroidLauncher} user=UserHandle{0}
11-10 15:48:54.239  1884  5488 D LauncherAppsService: getActivityLaunchIntent callingPackage=com.android.systemui component=ComponentInfo{com.digitaldreamlabs.retrodrive/com.digitaldreamlabs.retrodrive.OverDriveActivity} user=UserHandle{0}
11-10 15:48:54.240  1884  5488 D LauncherAppsService: getActivityLaunchIntent callingPackage=com.android.systemui component=ComponentInfo{com.discord/com.discord.main.MainDefault} user=UserHandle{0}
11-10 15:48:54.241  1884  5488 D LauncherAppsService: getActivityLaunchIntent callingPackage=com.android.systemui component=ComponentInfo{com.disney.disneyplus/com.bamtechmedia.dominguez.main.MainActivity} user=UserHandle{0}
11-10 15:48:54.242  1884  5488 D LauncherAppsService: getActivityLaunchIntent callingPackage=com.android.systemui component=ComponentInfo{com.duosecurity.duomobile/com.duosecurity.duomobile.account_list.AccountListActivity} user=UserHandle{0}
11-10 15:48:54.243  1884  5488 D LauncherAppsService: getActivityLaunchIntent callingPackage=com.android.systemui component=ComponentInfo{com.ebay.kleinanzeigen/ebk.ui.splash.SplashActivity} user=UserHandle{0}
11-10 15:48:54.244 29449 29484 I Finsky  : [1123] AIM: AppInfoManager-Perf > getApps > data collection finished
11-10 15:48:54.244 29449 29484 I Finsky  : [1123] AIM: AppInfoManager-Perf > maybeDestroyAppInfoManager is called. actives = 0
11-10 15:48:54.244  1884  5488 D LauncherAppsService: getActivityLaunchIntent callingPackage=com.android.systemui component=ComponentInfo{com.ebay.mobile/com.ebay.mobile.home.impl.main.MainActivity} user=UserHandle{0}
11-10 15:48:54.245  1884  5488 D LauncherAppsService: getActivityLaunchIntent callingPackage=com.android.systemui component=ComponentInfo{com.einnovation.temu/com.baogong.splash.activity.MainFrameActivity} user=UserHandle{0}
11-10 15:48:54.246 29449 29475 I Finsky  : [1116] [ContentSync] finished, scheduled=true
11-10 15:48:54.246  1884  5488 D LauncherAppsService: getActivityLaunchIntent callingPackage=com.android.systemui component=ComponentInfo{com.example.mobiledigger/com.example.mobiledigger.MainActivity} user=UserHandle{0}
11-10 15:48:54.247  1884  5488 D LauncherAppsService: getActivityLaunchIntent callingPackage=com.android.systemui component=ComponentInfo{com.facebook.katana/com.facebook.katana.LoginActivity} user=UserHandle{0}
11-10 15:48:54.247  1431  2167 W USF     : USF_API: Drop flicker data, cannot find sampling_id:84682!
11-10 15:48:54.249  1884  3682 D LauncherAppsService: getActivityLaunchIntent callingPackage=com.android.systemui component=ComponentInfo{com.facebook.orca/com.facebook.orca.auth.StartScreenActivity} user=UserHandle{0}
11-10 15:48:54.250 30907 26445 I Icing   : Usage reports ok 0, Failed Usage reports 0, indexed 0, rejected 0
11-10 15:48:54.250  1884  3084 D LauncherAppsService: getActivityLaunchIntent callingPackage=com.android.systemui component=ComponentInfo{com.fun.mxw/io.dcloud.PandoraEntry} user=UserHandle{0}
11-10 15:48:54.251  1884  3084 D LauncherAppsService: getActivityLaunchIntent callingPackage=com.android.systemui component=ComponentInfo{com.games.webmaster/com.unity3d.player.UnityPlayerActivity} user=UserHandle{0}
11-10 15:48:54.252  1884  3084 D LauncherAppsService: getActivityLaunchIntent callingPackage=com.android.systemui component=ComponentInfo{com.games.whodiesfirst/com.unity3d.player.UnityPlayerActivity} user=UserHandle{0}
11-10 15:48:54.253 29449 29489 I Finsky  : [1127] SCH: Scheduling phonesky job Id: 12-1, CT: 1762782533428, Constraints: [{ L: 15000, D: 86400000, C: CHARGING_NONE, I: IDLE_NONE, N: NET_ANY, B: BATTERY_ANY }]
