11-10 15:53:30.191  3130  3339 D EuiccConnector: processMsg: ConnectedState
11-10 15:53:30.191  3130  3339 D EuiccConnector: processMsg: DisconnectedState
11-10 15:53:30.192  1431  2167 W USF     : USF_API: Drop flicker data, cannot find sampling_id:84682!
11-10 15:53:30.192  3130  3130 D CarrierSvcBindHelper: No carrier app for: 0
11-10 15:53:30.192  3130  3130 D CarrierSvcBindHelper: No carrier app for: 1
11-10 15:53:30.194  2951  2951 D ServerContainer: uid 10311 is not cached.
11-10 15:53:30.194 24892  7865 I AiAiEcho: (REDACTED) AppIndexer Package:[%s] UserProfile:[%d] Enabled:[%s].
11-10 15:53:30.194 24892  7865 I AiAiEcho: (REDACTED) AppFetcherImplV2 updateApps package:[%s], userId:[%d], reason:[%s].
11-10 15:53:30.196  7880  8022 I OneAuthLog: [OneAuth:0002:Info::00000000] [Common] [2025-11-10 13:53:30 - thread_id: 1225, correlation_id: UNSET - Android 36] Received successful result from Broker Content Provider.   
11-10 15:53:30.199  3130  3339 D EuiccConnector: handleMessage: X
11-10 15:53:30.201  3038  3038 I RegisteredComponentCache: generateComponentsList: New Components => 
11-10 15:53:30.201  3038  3038 I RegisteredComponentCache: ComponentInfo: ResolveInfo{20b3246 com.google.android.tag/com.android.apps.tag.TagViewer m=0x108000 userHandle=UserHandle{0}}, techs: android.nfc.tech.Ndef, 
11-10 15:53:30.201  3038  3038 I RegisteredComponentCache: ComponentInfo: ResolveInfo{39ec07 com.paypal.android.p2pmobile/com.paypal.android.pdsdk.ui.receive.PayDropReceiveActivity$EntryPoint m=0x108000 userHandle=UserHandle{0}}, techs: android.nfc.tech.IsoDep, 
11-10 15:53:30.201  3038  3038 I RegisteredComponentCache: ComponentInfo: ResolveInfo{2fdd134 com.paypal.android.p2pmobile/com.paypal.android.pdsdk.ui.send.PayDropSendingStatusActivity$EntryPoint m=0x108000 userHandle=UserHandle{0}}, techs: android.nfc.tech.IsoDep, 
11-10 15:53:30.201  3038  3038 I RegisteredComponentCache: ComponentInfo: ResolveInfo{e081b5d com.paypal.android.p2pmobile/com.paypal.android.pdsdk.ui.send.enteramount.PayDropEnterAmountActivity$EntryPoint m=0x108000 userHandle=UserHandle{0}}, techs: android.nfc.tech.IsoDep, 
11-10 15:53:30.201  3038  3038 I RegisteredComponentCache: generateComponentsList: Removed Components => 
11-10 15:53:30.201  3038  3038 I RegisteredComponentCache: ComponentInfo: ResolveInfo{50a8ebe com.google.android.tag/com.android.apps.tag.TagViewer m=0x108000 userHandle=UserHandle{0}}, techs: android.nfc.tech.Ndef, 
11-10 15:53:30.201  3038  3038 I RegisteredComponentCache: ComponentInfo: ResolveInfo{1f0db1f com.paypal.android.p2pmobile/com.paypal.android.pdsdk.ui.receive.PayDropReceiveActivity$EntryPoint m=0x108000 userHandle=UserHandle{0}}, techs: android.nfc.tech.IsoDep, 
11-10 15:53:30.201  3038  3038 I RegisteredComponentCache: ComponentInfo: ResolveInfo{f4aee6c com.paypal.android.p2pmobile/com.paypal.android.pdsdk.ui.send.PayDropSendingStatusActivity$EntryPoint m=0x108000 userHandle=UserHandle{0}}, techs: android.nfc.tech.IsoDep, 
11-10 15:53:30.201  3038  3038 I RegisteredComponentCache: ComponentInfo: ResolveInfo{b149c35 com.paypal.android.p2pmobile/com.paypal.android.pdsdk.ui.send.enteramount.PayDropEnterAmountActivity$EntryPoint m=0x108000 userHandle=UserHandle{0}}, techs: android.nfc.tech.IsoDep, 
11-10 15:53:30.202  1431  2167 W USF     : USF_API: Drop flicker data, cannot find sampling_id:84682!
11-10 15:53:30.206 12090 21322 I PermissionControllerServiceImpl: Updating user sensitive for uid 10311
11-10 15:53:30.211 12933 12955 D PackageUpdatedTask: Package updated: mOp=UPDATE packages=[com.microsoft.teams], user=UserHandle{0}
11-10 15:53:30.212  1431  2167 W USF     : USF_API: Drop flicker data, cannot find sampling_id:84682!
11-10 15:53:30.212  3130  3130 E SmsApplication: com.google.android.apps.messaging lost android:read_cell_broadcasts:  (fixing)
11-10 15:53:30.213  1884  2439 W AppOpService: Ignored setUidMode call for runtime permission app op: uid = 10140, code = READ_CELL_BROADCASTS, mode = allow, callingUid = 1001, oldMode = allow
11-10 15:53:30.214  1884  2488 V AccessibilityUserState: updateShortcutTargets: type:accessibility_shortcut_target_service, current:{com.google.android.marvin.talkback/com.google.android.marvin.talkback.TalkBackService}, new:{com.google.android.marvin.talkback/com.google.android.marvin.talkback.TalkBackService}
11-10 15:53:30.215  1884  2488 V AccessibilityUserState: updateShortcutTargets: type:accessibility_qs_targets, current:{com.android.server.accessibility/ReduceBrightColors}, new:{com.android.server.accessibility/ReduceBrightColors}
11-10 15:53:30.215  1884  2488 V AccessibilityUserState: updateShortcutTargets: type:accessibility_button_targets, current:{}, new:{}
11-10 15:53:30.215  1884  2488 V AccessibilityUserState: updateShortcutTargets: type:accessibility_gesture_targets, current:{}, new:{}
11-10 15:53:30.215  1884  2488 V AccessibilityUserState: updateShortcutTargets: type:accessibility_key_gesture_targets, current:{}, new:{}
11-10 15:53:30.215  7880  8022 I OneAuthLog: [OneAuth:0002:Info::00000000] [Common] [2025-11-10 13:53:30 - thread_id: 1225, correlation_id: UNSET - Android 36] Removing cache key   
11-10 15:53:30.215  7880  8022 I OneAuthLog: [OneAuth:0002:Info::00000000] [Common] [2025-11-10 13:53:30 - thread_id: 1225, correlation_id: UNSET - Android 36] Executing with IIpcStrategy: ContentProviderStrategy   
11-10 15:53:30.215  7880  8022 I OneAuthLog: [OneAuth:0002:Info::00000000] [Common] [2025-11-10 13:53:30 - thread_id: 1225, correlation_id: UNSET - Android 36] Requested Active Broker Data   
11-10 15:53:30.215  7880  8022 I OneAuthLog: [OneAuth:0002:Info::00000000] [Common] [2025-11-10 13:53:30 - thread_id: 1225, correlation_id: UNSET - Android 36] Broker operation name: MSAL_GET_PREFERRED_AUTH_METHOD brokerPackage: com.microsoft.windowsintune.companyportal   
11-10 15:53:30.216  7880  8022 I OneAuthLog: [OneAuth:0002:Info::00000000] [Common] [2025-11-10 13:53:30 - thread_id: 1225, correlation_id: UNSET - Android 36] Request to BrokerContentProvider for uri path /getPreferredAuthMethod   
11-10 15:53:30.216  1884  2488 V AccessibilityManagerService: onUserStateChangedLocked for userId: 0, forceUpdate: false
11-10 15:53:30.217  1884  2488 V AccessibilityUserState: updateShortcutTargets: type:accessibility_shortcut_target_service, current:{com.google.android.marvin.talkback/com.google.android.marvin.talkback.TalkBackService}, new:{com.google.android.marvin.talkback/com.google.android.marvin.talkback.TalkBackService}
11-10 15:53:30.217  1884  2488 V AccessibilityUserState: updateShortcutTargets: type:accessibility_button_targets, current:{}, new:{}
11-10 15:53:30.217  1884  2488 V AccessibilityUserState: updateShortcutTargets: type:accessibility_gesture_targets, current:{}, new:{}
11-10 15:53:30.217  1884  2488 V AccessibilityUserState: updateShortcutTargets: type:accessibility_qs_targets, current:{com.android.server.accessibility/ReduceBrightColors}, new:{com.android.server.accessibility/ReduceBrightColors}
11-10 15:53:30.217  1884  2488 V AccessibilityUserState: updateShortcutTargets: type:accessibility_key_gesture_targets, current:{}, new:{}
11-10 15:53:30.217  1884  2488 W MagnificationConnectionManager: requestConnection duplicated request: connect=false, mConnectionState=DISCONNECTED
11-10 15:53:30.220  1428  2117 D BTAudioSessionAidl: GetSupportedLatencyModes - Supported LatencyMode= FREE
11-10 15:53:30.221  7880  8022 I OneAuthLog: [OneAuth:0002:Info::00000000] [Common] [2025-11-10 13:53:30 - thread_id: 1227, correlation_id: UNSET - Android 36] prodCompanyPortal is the active AccountManager broker.   
11-10 15:53:30.221  1431  2167 W USF     : USF_API: Drop flicker data, cannot find sampling_id:84682!
11-10 15:53:30.224  1884  5659 W AppOpService: Ignored setUidMode call for runtime permission app op: uid = 1001, code = READ_SMS, mode = allow, callingUid = 1001, oldMode = allow
11-10 15:53:30.225  1884  3682 W AppOpService: Ignored setUidMode call for runtime permission app op: uid = 1001, code = RECEIVE_SMS, mode = allow, callingUid = 1001, oldMode = allow
11-10 15:53:30.225  1884  3682 W AppOpService: Ignored setUidMode call for runtime permission app op: uid = 1001, code = RECEIVE_WAP_PUSH, mode = allow, callingUid = 1001, oldMode = allow
11-10 15:53:30.227  1884  4404 W AppOpService: Ignored setUidMode call for runtime permission app op: uid = 1001, code = SEND_SMS, mode = allow, callingUid = 1001, oldMode = allow
11-10 15:53:30.227  1884  5666 W AppOpService: Ignored setUidMode call for runtime permission app op: uid = 1001, code = READ_CELL_BROADCASTS, mode = allow, callingUid = 1001, oldMode = allow
11-10 15:53:30.229  1431  2167 W USF     : USF_API: Drop sample report, cannot find sampling_id:84682
11-10 15:53:30.231  1431  2167 W USF     : USF_API: Drop flicker data, cannot find sampling_id:84682!
11-10 15:53:30.234  3130  3445 D ImsResolver: maybeAddedImsService, packageName: com.microsoft.teams
11-10 15:53:30.234  3130  3445 V ImsResolver: searchForImsServices: package=com.microsoft.teams, users=[UserHandle{0}]
11-10 15:53:30.234  3130  3445 V ImsResolver: searchForImsServices: package=com.microsoft.teams, users=[UserHandle{0}]
11-10 15:53:30.236  7880  8022 I OneAuthLog: [OneAuth:0002:Info::00000000] [Common] [2025-11-10 13:53:30 - thread_id: 1186, correlation_id: UNSET - Android 36] Received successful result from Broker Content Provider.   
11-10 15:53:30.237  7880  8022 I OneAuthLog: [OneAuth:0002:Info::00000000] [Common] [2025-11-10 13:53:30 - thread_id: 1227, correlation_id: UNSET - Android 36] Broker Strategies added : ContentProviderStrategy, BoundServiceStrategy, AccountManagerStrategy.   
11-10 15:53:30.237  4488  7945 I AlarmManager: setExactAndAllowWhileIdle [name: GCM_HB_ALARM type: 2 triggerAtMillis: 553506827]
11-10 15:53:30.238  3130  3130 D SatelliteController: packageStateChanged: package:com.microsoft.teams DefaultSmsPackageName:com.google.android.apps.messaging
11-10 15:53:30.238  3130  3130 V SatelliteController: Neither SMS or SatelliteGateway package
11-10 15:53:30.241  1431  2167 W USF     : USF_API: Drop flicker data, cannot find sampling_id:84682!
11-10 15:53:30.245  7880  8022 I OneAuthLog: [OneAuth:0002:Info::00000000] [Common] [2025-11-10 13:53:30 - thread_id: 1186, correlation_id: UNSET - Android 36] Removing cache key   
11-10 15:53:30.246  7880  8022 I OneAuthLog: [OneAuth:0002:Info::00000000] [Common] [2025-11-10 13:53:30 - thread_id: 1186, correlation_id: UNSET - Android 36] Executing with IIpcStrategy: ContentProviderStrategy   
11-10 15:53:30.246  7880  8022 I OneAuthLog: [OneAuth:0002:Info::00000000] [Common] [2025-11-10 13:53:30 - thread_id: 1186, correlation_id: UNSET - Android 36] Requested Active Broker Data   
11-10 15:53:30.246  7880  8022 I OneAuthLog: [OneAuth:0002:Info::00000000] [Common] [2025-11-10 13:53:30 - thread_id: 1186, correlation_id: UNSET - Android 36] Broker operation name: MSAL_GET_PREFERRED_AUTH_METHOD brokerPackage: com.microsoft.windowsintune.companyportal   
11-10 15:53:30.246  4488  7802 I AlarmManager: setExactAndAllowWhileIdle [name: FcmRetry type: 2 triggerAtMillis: 552186834]
11-10 15:53:30.246  7880  8022 I OneAuthLog: [OneAuth:0002:Info::00000000] [Common] [2025-11-10 13:53:30 - thread_id: 1186, correlation_id: UNSET - Android 36] Request to BrokerContentProvider for uri path /getPreferredAuthMethod   
11-10 15:53:30.246 12933 12955 D AlphabeticIndexCompat: computeSectionName: cs: Teams sectionName: T
11-10 15:53:30.247 12933 12933 D AllAppsStore: setApps: apps.length=148
11-10 15:53:30.247 12933 12933 D AllAppsStore: notifyUpdate: notifying listeners
11-10 15:53:30.247 12933 12933 D ActivityAllAppsContainerView: onAppsUpdated; number of apps: 148
11-10 15:53:30.247 12933 12933 D ActivityAllAppsContainerView: rebindAdapters: force: false
11-10 15:53:30.247 12933 12933 D ActivityAllAppsContainerView: rebindAdapters: Not needed.
11-10 15:53:30.247 12933 12933 D StatsLog: LAUNCHER_ALLAPPS_COUNT
11-10 15:53:30.249 12933 12933 D AlphabeticalAppsList: Clearing FastScrollerSections.
11-10 15:53:30.249 12933 12933 D AlphabeticalAppsList: Adding apps with sections. HasPrivateApps: false
11-10 15:53:30.249  7880  8022 I OneAuthLog: [OneAuth:0002:Info::00000000] [Common] [2025-11-10 13:53:30 - thread_id: 1227, correlation_id: UNSET - Android 36] prodCompanyPortal is the active AccountManager broker.   
11-10 15:53:30.249 12933 12933 D AlphabeticalAppsList: addAppsWithSections: adding sectionName:  with appInfoTitle: 1Password
11-10 15:53:30.249 12933 12933 D AlphabeticalAppsList: addAppsWithSections: adding sectionName: A with appInfoTitle: AIMP
11-10 15:53:30.249 12933 12933 D AlphabeticalAppsList: addAppsWithSections: adding sectionName: B with appInfoTitle: Bandcamp
11-10 15:53:30.249 12933 12933 D AlphabeticalAppsList: addAppsWithSections: adding sectionName: C with appInfoTitle: Calculator
11-10 15:53:30.249 12933 12933 D AlphabeticalAppsList: addAppsWithSections: adding sectionName: D with appInfoTitle: Digital Wellbeing
11-10 15:53:30.249 12933 12933 D AlphabeticalAppsList: addAppsWithSections: adding sectionName: E with appInfoTitle: eBay
11-10 15:53:30.249 12933 12933 D AlphabeticalAppsList: addAppsWithSections: adding sectionName: F with appInfoTitle: Facebook
11-10 15:53:30.249 12933 12933 D AlphabeticalAppsList: addAppsWithSections: adding sectionName: G with appInfoTitle: Gemini
11-10 15:53:30.249 12933 12933 D AlphabeticalAppsList: addAppsWithSections: adding sectionName: H with appInfoTitle: Hero Capture
11-10 15:53:30.249 12933 12933 D AlphabeticalAppsList: addAppsWithSections: adding sectionName: I with appInfoTitle: Instagram
11-10 15:53:30.249 12933 12933 D AlphabeticalAppsList: addAppsWithSections: adding sectionName: K with appInfoTitle: Keep Notes
11-10 15:53:30.249 12933 12933 D AlphabeticalAppsList: addAppsWithSections: adding sectionName: L with appInfoTitle: Leboncoin
11-10 15:53:30.249 12933 12933 D AlphabeticalAppsList: addAppsWithSections: adding sectionName: M with appInfoTitle: Maps
11-10 15:53:30.249 12933 12933 D AlphabeticalAppsList: addAppsWithSections: adding sectionName: N with appInfoTitle: Netflix
11-10 15:53:30.249 12933 12933 D AlphabeticalAppsList: addAppsWithSections: adding sectionName: O with appInfoTitle: Okta Verify
11-10 15:53:30.249 12933 12933 D AlphabeticalAppsList: addAppsWithSections: adding sectionName: P with appInfoTitle: Paper.io 2
11-10 15:53:30.249 12933 12933 D AlphabeticalAppsList: addAppsWithSections: adding sectionName: R with appInfoTitle: RAR
11-10 15:53:30.249 12933 12933 D AlphabeticalAppsList: addAppsWithSections: adding sectionName: S with appInfoTitle: Safety
11-10 15:53:30.249 12933 12933 D AlphabeticalAppsList: addAppsWithSections: adding sectionName: T with appInfoTitle: Teams
11-10 15:53:30.249 12933 12933 D AlphabeticalAppsList: addAppsWithSections: adding sectionName: U with appInfoTitle: Uber
11-10 15:53:30.249 12933 12933 D AlphabeticalAppsList: addAppsWithSections: adding sectionName: V with appInfoTitle: Vinted
11-10 15:53:30.249 12933 12933 D AlphabeticalAppsList: addAppsWithSections: adding sectionName: W with appInfoTitle: Wallapop
11-10 15:53:30.249 12933 12933 D AlphabeticalAppsList: addAppsWithSections: adding sectionName: X with appInfoTitle: X
11-10 15:53:30.249 12933 12933 D AlphabeticalAppsList: addAppsWithSections: adding sectionName: Y with appInfoTitle: YouTube
11-10 15:53:30.249 12933 12933 D AlphabeticalAppsList: Adding FastScrollSection duplicate to scroll to the bottom.
11-10 15:53:30.250  1884  1994 D ActivityManager: sync unfroze 32743 com.whatsapp for 3
11-10 15:53:30.251  1431  2167 W USF     : USF_API: Drop flicker data, cannot find sampling_id:84682!
11-10 15:53:30.251 12933 12933 D AlphabeticalAppsList: Clearing FastScrollerSections.
11-10 15:53:30.251 12933 12933 D AlphabeticalAppsList: Adding FastScrollSection for work edu card.
11-10 15:53:30.251 12933 12933 D AlphabeticalAppsList: Adding apps with sections. HasPrivateApps: false
11-10 15:53:30.251 12933 12933 D AlphabeticalAppsList: addAppsWithSections: adding sectionName:  with appInfoTitle: 1Password
11-10 15:53:30.251 12933 12933 D AlphabeticalAppsList: addAppsWithSections: adding sectionName: A with appInfoTitle: AIMP
11-10 15:53:30.251 12933 12933 D AlphabeticalAppsList: addAppsWithSections: adding sectionName: B with appInfoTitle: Bandcamp
11-10 15:53:30.251 12933 12933 D AlphabeticalAppsList: addAppsWithSections: adding sectionName: C with appInfoTitle: Calculator
11-10 15:53:30.251 12933 12933 D AlphabeticalAppsList: addAppsWithSections: adding sectionName: D with appInfoTitle: Digital Wellbeing
11-10 15:53:30.251 12933 12933 D AlphabeticalAppsList: addAppsWithSections: adding sectionName: E with appInfoTitle: eBay
11-10 15:53:30.251 12933 12933 D AlphabeticalAppsList: addAppsWithSections: adding sectionName: F with appInfoTitle: Facebook
11-10 15:53:30.251 12933 12933 D AlphabeticalAppsList: addAppsWithSections: adding sectionName: G with appInfoTitle: Gemini
11-10 15:53:30.251 12933 12933 D AlphabeticalAppsList: addAppsWithSections: adding sectionName: H with appInfoTitle: Hero Capture
11-10 15:53:30.251 12933 12933 D AlphabeticalAppsList: addAppsWithSections: adding sectionName: I with appInfoTitle: Instagram
11-10 15:53:30.251 12933 12933 D AlphabeticalAppsList: addAppsWithSections: adding sectionName: K with appInfoTitle: Keep Notes
11-10 15:53:30.251 12933 12933 D AlphabeticalAppsList: addAppsWithSections: adding sectionName: L with appInfoTitle: Leboncoin
11-10 15:53:30.251 12933 12933 D AlphabeticalAppsList: addAppsWithSections: adding sectionName: M with appInfoTitle: Maps
11-10 15:53:30.251 12933 12933 D AlphabeticalAppsList: addAppsWithSections: adding sectionName: N with appInfoTitle: Netflix
11-10 15:53:30.251 12933 12933 D AlphabeticalAppsList: addAppsWithSections: adding sectionName: O with appInfoTitle: Okta Verify
11-10 15:53:30.252 12933 12933 D AlphabeticalAppsList: addAppsWithSections: adding sectionName: P with appInfoTitle: Paper.io 2
11-10 15:53:30.252 12933 12933 D AlphabeticalAppsList: addAppsWithSections: adding sectionName: R with appInfoTitle: RAR
11-10 15:53:30.252 12933 12933 D AlphabeticalAppsList: addAppsWithSections: adding sectionName: S with appInfoTitle: Safety
11-10 15:53:30.252 12933 12933 D AlphabeticalAppsList: addAppsWithSections: adding sectionName: T with appInfoTitle: Teams
11-10 15:53:30.252 12933 12933 D AlphabeticalAppsList: addAppsWithSections: adding sectionName: U with appInfoTitle: Uber
11-10 15:53:30.252 12933 12933 D AlphabeticalAppsList: addAppsWithSections: adding sectionName: V with appInfoTitle: Vinted
11-10 15:53:30.252 12933 12933 D AlphabeticalAppsList: addAppsWithSections: adding sectionName: W with appInfoTitle: Wallapop
11-10 15:53:30.252 12933 12933 D AlphabeticalAppsList: addAppsWithSections: adding sectionName: X with appInfoTitle: X
11-10 15:53:30.252 12933 12933 D AlphabeticalAppsList: addAppsWithSections: adding sectionName: Y with appInfoTitle: YouTube
11-10 15:53:30.252 12933 12933 D AlphabeticalAppsList: Adding FastScrollSection duplicate to scroll to the bottom.
11-10 15:53:30.256  7880  8022 I OneAuthLog: [OneAuth:0002:Info::00000000] [Common] [2025-11-10 13:53:30 - thread_id: 1227, correlation_id: UNSET - Android 36] Broker Strategies added : ContentProviderStrategy, BoundServiceStrategy, AccountManagerStrategy.   
11-10 15:53:30.256  7880  8022 I OneAuthLog: [OneAuth:0002:Info::00000000] [Common] [2025-11-10 13:53:30 - thread_id: 1227, correlation_id: UNSET - Android 36] Executing with IIpcStrategy: ContentProviderStrategy   
11-10 15:53:30.256  7880  8022 I OneAuthLog: [OneAuth:0002:Info::00000000] [Common] [2025-11-10 13:53:30 - thread_id: 1227, correlation_id: UNSET - Android 36] Requested Active Broker Data   
11-10 15:53:30.256  7880  8022 I OneAuthLog: [OneAuth:0002:Info::00000000] [Common] [2025-11-10 13:53:30 - thread_id: 1227, correlation_id: UNSET - Android 36] Broker operation name: MSAL_GET_DEVICE_MODE brokerPackage: com.microsoft.windowsintune.companyportal   
11-10 15:53:30.256  7880  8022 I OneAuthLog: [OneAuth:0002:Info::00000000] [Common] [2025-11-10 13:53:30 - thread_id: 1227, correlation_id: UNSET - Android 36] Request to BrokerContentProvider for uri path /getDeviceMode   
11-10 15:53:30.257 32743 32743 D ActivityThread: Package [com.example.mobiledigger] reported as REPLACED, but missing application info. Assuming REMOVED.
11-10 15:53:30.258 10605 11299 I efhm    : (REDACTED) appOpsListener %s %s
11-10 15:53:30.258 10605 11299 I efhm    : (REDACTED) Ignoring irrelevant audio permission changes for package %s
11-10 15:53:30.260  1431  2167 W USF     : USF_API: Drop flicker data, cannot find sampling_id:84682!
11-10 15:53:30.262 32743 32743 D ActivityThread: Package [com.example.mobiledigger] reported as REPLACED, but missing application info. Assuming REMOVED.
11-10 15:53:30.263  3130  3455 E SmsApplication: com.google.android.apps.messaging lost android:read_cell_broadcasts:  (fixing)
11-10 15:53:30.263  1884  4398 W AppOpService: Ignored setUidMode call for runtime permission app op: uid = 10140, code = READ_CELL_BROADCASTS, mode = allow, callingUid = 1001, oldMode = allow
11-10 15:53:30.265  1884  2439 W AppOpService: Ignored setUidMode call for runtime permission app op: uid = 1001, code = READ_SMS, mode = allow, callingUid = 1001, oldMode = allow
11-10 15:53:30.265  1884  4367 W AppOpService: Ignored setUidMode call for runtime permission app op: uid = 1001, code = RECEIVE_SMS, mode = allow, callingUid = 1001, oldMode = allow
11-10 15:53:30.266  1884  4367 W AppOpService: Ignored setUidMode call for runtime permission app op: uid = 1001, code = RECEIVE_WAP_PUSH, mode = allow, callingUid = 1001, oldMode = allow
11-10 15:53:30.266  1884  4367 W AppOpService: Ignored setUidMode call for runtime permission app op: uid = 1001, code = SEND_SMS, mode = allow, callingUid = 1001, oldMode = allow
11-10 15:53:30.266  1884  3096 W AppOpService: Ignored setUidMode call for runtime permission app op: uid = 1001, code = READ_CELL_BROADCASTS, mode = allow, callingUid = 1001, oldMode = allow
11-10 15:53:30.266  3130  3455 D SatelliteAccessController: Current default SMS app:ComponentInfo{com.google.android.apps.messaging/com.google.android.apps.messaging.shared.receiver.SmsDeliverReceiver}
11-10 15:53:30.266  3130  3455 D SatelliteController: getSelectedSatelliteSubId: subId=-1
11-10 15:53:30.267  3130  3455 D SatelliteAccessController: supportedMsgApps:com.google.android.apps.messaging
11-10 15:53:30.267  4488  7802 W LogErrorOperation: onLogError callback failed.
11-10 15:53:30.269  4488  7802 W LogErrorOperation: onLogError callback failed.
11-10 15:53:30.270  1431  2167 W USF     : USF_API: Drop flicker data, cannot find sampling_id:84682!
11-10 15:53:30.273  1884  5666 D ShortcutService: driveShortcut_4d5b5c80-3541-4fe8-8023-a2649ae5b144 ignored because it isn't pinned by com.android.systemui
11-10 15:53:30.277  1884  4367 D LauncherAppsService: getActivityLaunchIntent callingPackage=com.android.systemui component=ComponentInfo{com.android.chrome/com.google.android.apps.chrome.Main} user=UserHandle{0}
11-10 15:53:30.277  1884  4367 D LauncherAppsService: getActivityLaunchIntent callingPackage=com.android.systemui component=ComponentInfo{com.android.settings/com.android.settings.Settings} user=UserHandle{0}
11-10 15:53:30.278  1884  4367 D LauncherAppsService: getActivityLaunchIntent callingPackage=com.android.systemui component=ComponentInfo{com.android.vending/com.android.vending.AssetBrowserActivity} user=UserHandle{0}
11-10 15:53:30.279  1884  5666 D LauncherAppsService: getActivityLaunchIntent callingPackage=com.android.systemui component=ComponentInfo{com.google.android.GoogleCamera/com.android.camera.CameraLauncher} user=UserHandle{0}
11-10 15:53:30.280  1431  2167 W USF     : USF_API: Drop flicker data, cannot find sampling_id:84682!
11-10 15:53:30.280  1884  5666 D LauncherAppsService: getActivityLaunchIntent callingPackage=com.android.systemui component=ComponentInfo{com.google.android.apps.docs/com.google.android.apps.docs.app.NewMainProxyActivity} user=UserHandle{0}
11-10 15:53:30.281  1884  4367 D LauncherAppsService: getActivityLaunchIntent callingPackage=com.android.systemui component=ComponentInfo{com.google.android.apps.maps/com.google.android.maps.MapsActivity} user=UserHandle{0}
11-10 15:53:30.282  1884  4367 D LauncherAppsService: getActivityLaunchIntent callingPackage=com.android.systemui component=ComponentInfo{com.google.android.apps.messaging/com.google.android.apps.messaging.ui.ConversationListActivity} user=UserHandle{0}
11-10 15:53:30.282  1884  4398 D LauncherAppsService: getActivityLaunchIntent callingPackage=com.android.systemui component=ComponentInfo{com.google.android.apps.photos/com.google.android.apps.photos.home.HomeActivity} user=UserHandle{0}
11-10 15:53:30.283  1884  4398 D LauncherAppsService: getActivityLaunchIntent callingPackage=com.android.systemui component=ComponentInfo{com.google.android.apps.tachyon/com.google.android.apps.tachyon.MainActivity} user=UserHandle{0}
11-10 15:53:30.284  1884  4367 D LauncherAppsService: getActivityLaunchIntent callingPackage=com.android.systemui component=ComponentInfo{com.google.android.apps.youtube.music/com.google.android.apps.youtube.music.activities.MusicActivity} user=UserHandle{0}
11-10 15:53:30.285  7880  8022 I OneAuthLog: [OneAuth:0002:Info::00000000] [Common] [2025-11-10 13:53:30 - thread_id: 1226, correlation_id: UNSET - Android 36] Received successful result from Broker Content Provider.   
11-10 15:53:30.285  1884  4367 D LauncherAppsService: getActivityLaunchIntent callingPackage=com.android.systemui component=ComponentInfo{com.google.android.calculator/com.android.calculator2.Calculator} user=UserHandle{0}
11-10 15:53:30.285  7880  8022 I OneAuthLog: [OneAuth:0002:Info::00000000] [Common] [2025-11-10 13:53:30 - thread_id: 1202, correlation_id: UNSET - Android 36] Received successful result from Broker Content Provider.   
11-10 15:53:30.285  1884  2730 D BackgroundInstallControlService: Package event received: 0
11-10 15:53:30.285  7880  8022 I OneAuthLog: [OneAuth:0002:Info::00000000] [Common] [2025-11-10 13:53:30 - thread_id: 1185, correlation_id: UNSET - Android 36] Received successful result from Broker Content Provider.   
11-10 15:53:30.286  1884  5666 D LauncherAppsService: getActivityLaunchIntent callingPackage=com.android.systemui component=ComponentInfo{com.google.android.calendar/com.android.calendar.AllInOneActivity} user=UserHandle{0}
11-10 15:53:30.287  1884  4398 D LauncherAppsService: getActivityLaunchIntent callingPackage=com.android.systemui component=ComponentInfo{com.google.android.contacts/com.android.contacts.activities.PeopleActivity} user=UserHandle{0}
11-10 15:53:30.288  1884  4367 D LauncherAppsService: getActivityLaunchIntent callingPackage=com.android.systemui component=ComponentInfo{com.google.android.deskclock/com.android.deskclock.DeskClock} user=UserHandle{0}
11-10 15:53:30.289  1884  4398 D LauncherAppsService: getActivityLaunchIntent callingPackage=com.android.systemui component=ComponentInfo{com.google.android.dialer/com.google.android.dialer.extensions.GoogleDialtactsActivity} user=UserHandle{0}
11-10 15:53:30.290  1884  4398 D LauncherAppsService: getActivityLaunchIntent callingPackage=com.android.systemui component=ComponentInfo{com.google.android.gm/com.google.android.gm.ConversationListActivityGmail} user=UserHandle{0}
11-10 15:53:30.290  1431  2167 W USF     : USF_API: Drop flicker data, cannot find sampling_id:84682!
11-10 15:53:30.290  1884  4367 D LauncherAppsService: getActivityLaunchIntent callingPackage=com.android.systemui component=ComponentInfo{com.google.android.youtube/com.google.android.youtube.app.honeycomb.Shell$HomeActivity} user=UserHandle{0}
11-10 15:53:30.291  1884  4367 D LauncherAppsService: getActivityLaunchIntent callingPackage=com.android.systemui component=ComponentInfo{com.Slack/slack.features.home.HomeActivity} user=UserHandle{0}
11-10 15:53:30.292  1884  4367 D LauncherAppsService: getActivityLaunchIntent callingPackage=com.android.systemui component=ComponentInfo{com.aimp.player/com.aimp.player.ui.activities.main.MainActivity} user=UserHandle{0}
11-10 15:53:30.293  1884  4367 D LauncherAppsService: getActivityLaunchIntent callingPackage=com.android.systemui component=ComponentInfo{com.dropbox.android/com.dropbox.android.activity.DropboxBrowser} user=UserHandle{0}
11-10 15:53:30.293  1884  4367 D LauncherAppsService: getActivityLaunchIntent callingPackage=com.android.systemui component=ComponentInfo{com.google.android.apps.docs.editors.docs/com.google.android.apps.docs.app.NewMainProxyActivity} user=UserHandle{0}
11-10 15:53:30.294  7880  8022 I OneAuthLog: [OneAuth:0002:Info::00000000] [Common] [2025-11-10 13:53:30 - thread_id: 1226, correlation_id: UNSET - Android 36] Removing cache key   
11-10 15:53:30.294  1884  4398 D LauncherAppsService: getActivityLaunchIntent callingPackage=com.android.systemui component=ComponentInfo{com.google.android.apps.docs.editors.sheets/com.google.android.apps.docs.app.NewMainProxyActivity} user=UserHandle{0}
11-10 15:53:30.294  7880  8022 I OneAuthLog: [OneAuth:0002:Info::00000000] [Common] [2025-11-10 13:53:30 - thread_id: 1226, correlation_id: UNSET - Android 36] Executing with IIpcStrategy: ContentProviderStrategy   
11-10 15:53:30.294  7880  8022 I OneAuthLog: [OneAuth:0002:Info::00000000] [Common] [2025-11-10 13:53:30 - thread_id: 1226, correlation_id: UNSET - Android 36] Requested Active Broker Data   
11-10 15:53:30.294  7880  8022 I OneAuthLog: [OneAuth:0002:Info::00000000] [Common] [2025-11-10 13:53:30 - thread_id: 1226, correlation_id: UNSET - Android 36] Broker operation name: MSAL_GET_PREFERRED_AUTH_METHOD brokerPackage: com.microsoft.windowsintune.companyportal   
11-10 15:53:30.294  7880  8022 I OneAuthLog: [OneAuth:0002:Info::00000000] [Common] [2025-11-10 13:53:30 - thread_id: 1226, correlation_id: UNSET - Android 36] Request to BrokerContentProvider for uri path /getPreferredAuthMethod   
11-10 15:53:30.294  7880  8022 I OneAuthLog: [OneAuth:0002:Info::00000000] [Common] [2025-11-10 13:53:30 - thread_id: 1202, correlation_id: UNSET - Android 36] Removing cache key   
11-10 15:53:30.294  7880  8022 I OneAuthLog: [OneAuth:0002:Info::00000000] [Common] [2025-11-10 13:53:30 - thread_id: 1202, correlation_id: UNSET - Android 36] Executing with IIpcStrategy: ContentProviderStrategy   
11-10 15:53:30.295  1884  4398 D LauncherAppsService: getActivityLaunchIntent callingPackage=com.android.systemui component=ComponentInfo{com.google.android.apps.docs.editors.slides/com.google.android.apps.docs.app.NewMainProxyActivity} user=UserHandle{0}
11-10 15:53:30.295  7880  8022 I OneAuthLog: [OneAuth:0002:Info::00000000] [Common] [2025-11-10 13:53:30 - thread_id: 1202, correlation_id: UNSET - Android 36] Requested Active Broker Data   
11-10 15:53:30.295  7880  8022 I OneAuthLog: [OneAuth:0002:Info::00000000] [Common] [2025-11-10 13:53:30 - thread_id: 1202, correlation_id: UNSET - Android 36] Broker operation name: MSAL_GET_PREFERRED_AUTH_METHOD brokerPackage: com.microsoft.windowsintune.companyportal   
11-10 15:53:30.295  7880  8022 I OneAuthLog: [OneAuth:0002:Info::00000000] [Common] [2025-11-10 13:53:30 - thread_id: 1202, correlation_id: UNSET - Android 36] Request to BrokerContentProvider for uri path /getPreferredAuthMethod   
11-10 15:53:30.295  7880  8022 I OneAuthLog: [OneAuth:0002:Info::00000000] [Common] [2025-11-10 13:53:30 - thread_id: 1185, correlation_id: UNSET - Android 36] Removing cache key   
11-10 15:53:30.295  7880  8022 I OneAuthLog: [OneAuth:0002:Info::00000000] [Common] [2025-11-10 13:53:30 - thread_id: 1185, correlation_id: UNSET - Android 36] Executing with IIpcStrategy: ContentProviderStrategy   
11-10 15:53:30.295  7880  8022 I OneAuthLog: [OneAuth:0002:Info::00000000] [Common] [2025-11-10 13:53:30 - thread_id: 1185, correlation_id: UNSET - Android 36] Requested Active Broker Data   
11-10 15:53:30.295  7880  8022 I OneAuthLog: [OneAuth:0002:Info::00000000] [Common] [2025-11-10 13:53:30 - thread_id: 1185, correlation_id: UNSET - Android 36] Broker operation name: MSAL_GET_PREFERRED_AUTH_METHOD brokerPackage: com.microsoft.windowsintune.companyportal   
11-10 15:53:30.295  1884  4398 D LauncherAppsService: getActivityLaunchIntent callingPackage=com.android.systemui component=ComponentInfo{com.google.android.apps.magazines/com.google.apps.dots.android.app.activity.CurrentsStartActivity} user=UserHandle{0}
11-10 15:53:30.296  1884  4398 D LauncherAppsService: getActivityLaunchIntent callingPackage=com.android.systemui component=ComponentInfo{com.google.android.apps.walletnfcrel/com.google.commerce.tapandpay.android.wallet.WalletActivity} user=UserHandle{0}
11-10 15:53:30.296  1884  4398 D LauncherAppsService: getActivityLaunchIntent callingPackage=com.android.systemui component=ComponentInfo{com.google.android.apps.youtube.creator/com.google.android.apps.youtube.creator.main.MainActivity} user=UserHandle{0}
11-10 15:53:30.297  1884  4398 D LauncherAppsService: getActivityLaunchIntent callingPackage=com.android.systemui component=ComponentInfo{com.google.android.play.games/com.google.android.gms.games.ui.destination.main.MainActivity} user=UserHandle{0}
11-10 15:53:30.298  1884  4398 D LauncherAppsService: getActivityLaunchIntent callingPackage=com.android.systemui component=ComponentInfo{com.microsoft.emmx/com.microsoft.ruby.Main} user=UserHandle{0}
11-10 15:53:30.298  1884  4398 D LauncherAppsService: getActivityLaunchIntent callingPackage=com.android.systemui component=ComponentInfo{com.microsoft.office.outlook/com.microsoft.office.outlook.MainActivity} user=UserHandle{0}
11-10 15:53:30.299  1884  4398 D LauncherAppsService: getActivityLaunchIntent callingPackage=com.android.systemui component=ComponentInfo{com.paypal.android.p2pmobile/com.paypal.android.p2pmobile.startup.activities.StartupActivity} user=UserHandle{0}
11-10 15:53:30.300  1431  2167 W USF     : USF_API: Drop flicker data, cannot find sampling_id:84682!
11-10 15:53:30.300  1884  4367 D LauncherAppsService: getActivityLaunchIntent callingPackage=com.android.systemui component=ComponentInfo{com.roblox.client/com.roblox.client.startup.ActivitySplash} user=UserHandle{0}
11-10 15:53:30.301  1884  4398 D LauncherAppsService: getActivityLaunchIntent callingPackage=com.android.systemui component=ComponentInfo{com.shazam.android/com.shazam.android.activities.SplashActivity} user=UserHandle{0}
11-10 15:53:30.301  1884  4398 D LauncherAppsService: getActivityLaunchIntent callingPackage=com.android.systemui component=ComponentInfo{com.shopify.arrive/com.shopify.arrive.MainActivity} user=UserHandle{0}
11-10 15:53:30.302  1884  4398 D LauncherAppsService: getActivityLaunchIntent callingPackage=com.android.systemui component=ComponentInfo{com.spotify.music/com.spotify.music.MainActivity} user=UserHandle{0}
11-10 15:53:30.303  1884  4398 D LauncherAppsService: getActivityLaunchIntent callingPackage=com.android.systemui component=ComponentInfo{com.ubercab/com.ubercab.presidio.app.core.root.RootActivity} user=UserHandle{0}
11-10 15:53:30.303  1884  4398 D LauncherAppsService: getActivityLaunchIntent callingPackage=com.android.systemui component=ComponentInfo{ee.mtakso.client/ee.mtakso.client.activity.SplashHomeActivity} user=UserHandle{0}
11-10 15:53:30.297  7880  8022 I OneAuthLog: [OneAuth:0002:Info::00000000] [Common] [2025-11-10 13:53:30 - thread_id: 1185, correlation_id: UNSET - Android 36] Request to BrokerContentProvider for uri path /getPreferredAuthMethod   
11-10 15:53:30.304  1884  4398 D LauncherAppsService: getActivityLaunchIntent callingPackage=com.android.systemui component=ComponentInfo{fr.leboncoin/fr.leboncoin.features.splashscreen.ui.activities.SplashScreenActivity} user=UserHandle{0}
11-10 15:53:30.305  1884  5666 D LauncherAppsService: getActivityLaunchIntent callingPackage=com.android.systemui component=ComponentInfo{ro.emag.android/ro.emag.android.cleancode.app.ActivityStart} user=UserHandle{0}
11-10 15:53:30.306  1884  4398 D LauncherAppsService: getActivityLaunchIntent callingPackage=com.android.systemui component=ComponentInfo{trendyol.com/com.trendyol.common.splash.impl.ui.SplashActivity} user=UserHandle{0}
11-10 15:53:30.306  1884  4398 D LauncherAppsService: getActivityLaunchIntent callingPackage=com.android.systemui component=ComponentInfo{com.android.stk/com.android.stk.StkMain} user=UserHandle{0}
11-10 15:53:30.307  1884  4398 D LauncherAppsService: getActivityLaunchIntent callingPackage=com.android.systemui component=ComponentInfo{com.google.android.apps.nbu.files/com.google.android.apps.nbu.files.home.HomeActivity} user=UserHandle{0}
11-10 15:53:30.307  1884  4398 D LauncherAppsService: getActivityLaunchIntent callingPackage=com.android.systemui component=ComponentInfo{com.google.android.apps.pixel.health/com.google.android.apps.pixel.health.thermometer.ThermometerHomeActivity} user=UserHandle{0}
11-10 15:53:30.308  1884  4398 D LauncherAppsService: getActivityLaunchIntent callingPackage=com.android.systemui component=ComponentInfo{com.google.android.apps.recorder/com.google.android.apps.recorder.ui.recordings.MainActivity} user=UserHandle{0}
11-10 15:53:30.309  1884  4398 D LauncherAppsService: getActivityLaunchIntent callingPackage=com.android.systemui component=ComponentInfo{com.google.android.apps.safetyhub/com.google.android.apps.safetyhub.LauncherActivity} user=UserHandle{0}
11-10 15:53:30.309  1884  4398 D LauncherAppsService: getActivityLaunchIntent callingPackage=com.android.systemui component=ComponentInfo{com.google.android.apps.tips/com.google.android.apps.tips.fortnite.p8} user=UserHandle{0}
11-10 15:53:30.310  1431  2167 W USF     : USF_API: Drop flicker data, cannot find sampling_id:84682!
11-10 15:53:30.310  1884  5666 D LauncherAppsService: getActivityLaunchIntent callingPackage=com.android.systemui component=ComponentInfo{com.google.android.apps.weather/com.google.android.apps.weather.home.HomeActivity} user=UserHandle{0}
11-10 15:53:30.311  1884  4398 D LauncherAppsService: getActivityLaunchIntent callingPackage=com.android.systemui component=ComponentInfo{com.google.android.apps.wellbeing/com.google.android.apps.wellbeing.settings.LauncherActivity} user=UserHandle{0}
11-10 15:53:30.311  1884  4398 D LauncherAppsService: getActivityLaunchIntent callingPackage=com.android.systemui component=ComponentInfo{com.google.android.googlequicksearchbox/com.google.android.googlequicksearchbox.SearchActivity} user=UserHandle{0}
11-10 15:53:30.312  1884  4398 D LauncherAppsService: getActivityLaunchIntent callingPackage=com.android.systemui component=ComponentInfo{at.willhaben/at.willhaben.MainActivity} user=UserHandle{0}
11-10 15:53:30.312  1884  4398 D LauncherAppsService: getActivityLaunchIntent callingPackage=com.android.systemui component=ComponentInfo{battle.iron.suit/com.unity3d.player.UnityPlayerActivity} user=UserHandle{0}
11-10 15:53:30.313  1884  5666 D LauncherAppsService: getActivityLaunchIntent callingPackage=com.android.systemui component=ComponentInfo{com.Garawell.BridgeRace/com.unity3d.player.UnityPlayerActivity} user=UserHandle{0}
11-10 15:53:30.314  1884  4398 D LauncherAppsService: getActivityLaunchIntent callingPackage=com.android.systemui component=ComponentInfo{com.JindoBlu.TwoPlayerGamesChallenge/com.unity3d.player.UnityPlayerActivity} user=UserHandle{0}
11-10 15:53:30.314  1884  5666 D LauncherAppsService: getActivityLaunchIntent callingPackage=com.android.systemui component=ComponentInfo{com.Neurononfire.SupremeDuelist/com.google.firebase.MessagingUnityPlayerActivity} user=UserHandle{0}
11-10 15:53:30.315  1884  5666 D LauncherAppsService: getActivityLaunchIntent callingPackage=com.android.systemui component=ComponentInfo{com.alibaba.aliexpresshd/com.aliexpress.app.FirstActivity} user=UserHandle{0}
11-10 15:53:30.316  1884  5666 D LauncherAppsService: getActivityLaunchIntent callingPackage=com.android.systemui component=ComponentInfo{com.alibaba.intl.android.apps.poseidon/com.alibaba.intl.android.apps.poseidon.app.activity.ActivityMainMaterial} user=UserHandle{0}
11-10 15:53:30.316  1884  4398 D LauncherAppsService: getActivityLaunchIntent callingPackage=com.android.systemui component=ComponentInfo{com.anydesk.anydeskandroid/com.anydesk.anydeskandroid.gui.activity.HubActivity} user=UserHandle{0}
11-10 15:53:30.317  1884  4398 D LauncherAppsService: getActivityLaunchIntent callingPackage=com.android.systemui component=ComponentInfo{com.aspiro.tidal/com.aspiro.wamp.LoginFragmentActivity} user=UserHandle{0}
11-10 15:53:30.317  1884  4398 D LauncherAppsService: getActivityLaunchIntent callingPackage=com.android.systemui component=ComponentInfo{com.azure.authenticator/com.azure.authenticator.ui.LaunchActivity} user=UserHandle{0}
11-10 15:53:30.318  1884  4398 D LauncherAppsService: getActivityLaunchIntent callingPackage=com.android.systemui component=ComponentInfo{com.bandcamp.android/com.bandcamp.android.view.SplashActivity} user=UserHandle{0}
11-10 15:53:30.319  1884  5666 D LauncherAppsService: getActivityLaunchIntent callingPackage=com.android.systemui component=ComponentInfo{com.booking/com.booking.startup.HomeActivity} user=UserHandle{0}
11-10 15:53:30.319  1884  4398 D LauncherAppsService: getActivityLaunchIntent callingPackage=com.android.systemui component=ComponentInfo{com.brightstripe.parcels/com.brightstripe.parcels.MainActivity} user=UserHandle{0}
11-10 15:53:30.320  1884  4398 D LauncherAppsService: getActivityLaunchIntent callingPackage=com.android.systemui component=ComponentInfo{com.cargus.cma/com.cargus.cma.MainActivity} user=UserHandle{0}
11-10 15:53:30.320  1431  2167 W USF     : USF_API: Drop flicker data, cannot find sampling_id:84682!
11-10 15:53:30.320  1884  4398 D LauncherAppsService: getActivityLaunchIntent callingPackage=com.android.systemui component=ComponentInfo{com.catalogViva/com.catalogViva.MainActivity} user=UserHandle{0}
11-10 15:53:30.321  1884  4367 D LauncherAppsService: getActivityLaunchIntent callingPackage=com.android.systemui component=ComponentInfo{com.davidgiga1993.mixingstationpro/org.devcore.mixingstation.android.lib.AndroidLauncher} user=UserHandle{0}
11-10 15:53:30.322  1884  4398 D LauncherAppsService: getActivityLaunchIntent callingPackage=com.android.systemui component=ComponentInfo{com.digitaldreamlabs.retrodrive/com.digitaldreamlabs.retrodrive.OverDriveActivity} user=UserHandle{0}
11-10 15:53:30.322  1884  4398 D LauncherAppsService: getActivityLaunchIntent callingPackage=com.android.systemui component=ComponentInfo{com.discord/com.discord.main.MainDefault} user=UserHandle{0}
11-10 15:53:30.322  1884  4367 D ConnectivityService: Returning UNBLOCKED NetworkInfo to uid=10273
11-10 15:53:30.323  1884  4398 D LauncherAppsService: getActivityLaunchIntent callingPackage=com.android.systemui component=ComponentInfo{com.disney.disneyplus/com.bamtechmedia.dominguez.main.MainActivity} user=UserHandle{0}
11-10 15:53:30.323  1884  4367 D LauncherAppsService: getActivityLaunchIntent callingPackage=com.android.systemui component=ComponentInfo{com.duosecurity.duomobile/com.duosecurity.duomobile.account_list.AccountListActivity} user=UserHandle{0}
11-10 15:53:30.324  1884  4398 D LauncherAppsService: getActivityLaunchIntent callingPackage=com.android.systemui component=ComponentInfo{com.ebay.kleinanzeigen/ebk.ui.splash.SplashActivity} user=UserHandle{0}
11-10 15:53:30.324  1884  4367 W ActivityManager: Background start not allowed: service Intent { act=com.whatsapp.messageservice.messaging.MessageService.START xflg=0x4 cmp=com.whatsapp/.messageservice.messaging.MessageService } to com.whatsapp/.messageservice.messaging.MessageService from pid=32743 uid=10273 pkg=com.whatsapp startFg?=false
11-10 15:53:30.325  1884  4367 D LauncherAppsService: getActivityLaunchIntent callingPackage=com.android.systemui component=ComponentInfo{com.ebay.mobile/com.ebay.mobile.home.impl.main.MainActivity} user=UserHandle{0}
11-10 15:53:30.325  4488  7802 W LogErrorOperation: onLogError callback failed.
11-10 15:53:30.325  1884  4367 D LauncherAppsService: getActivityLaunchIntent callingPackage=com.android.systemui component=ComponentInfo{com.einnovation.temu/com.baogong.splash.activity.MainFrameActivity} user=UserHandle{0}
11-10 15:53:30.326  1884  4367 D LauncherAppsService: getActivityLaunchIntent callingPackage=com.android.systemui component=ComponentInfo{com.example.mobiledigger/com.example.mobiledigger.MainActivity} user=UserHandle{0}
11-10 15:53:30.326  1884  4398 D LauncherAppsService: getActivityLaunchIntent callingPackage=com.android.systemui component=ComponentInfo{com.facebook.katana/com.facebook.katana.LoginActivity} user=UserHandle{0}
11-10 15:53:30.327  1884  4367 D LauncherAppsService: getActivityLaunchIntent callingPackage=com.android.systemui component=ComponentInfo{com.facebook.orca/com.facebook.orca.auth.StartScreenActivity} user=UserHandle{0}
11-10 15:53:30.327  7880  8022 I OneAuthLog: [OneAuth:0002:Info::00000000] [Common] [2025-11-10 13:53:30 - thread_id: 1220, correlation_id: UNSET - Android 36] Received successful result from Broker Content Provider.   
11-10 15:53:30.328  1884  4398 D LauncherAppsService: getActivityLaunchIntent callingPackage=com.android.systemui component=ComponentInfo{com.fun.mxw/io.dcloud.PandoraEntry} user=UserHandle{0}
11-10 15:53:30.328  1884  5666 D LauncherAppsService: getActivityLaunchIntent callingPackage=com.android.systemui component=ComponentInfo{com.games.webmaster/com.unity3d.player.UnityPlayerActivity} user=UserHandle{0}
11-10 15:53:30.329  1884  4398 D LauncherAppsService: getActivityLaunchIntent callingPackage=com.android.systemui component=ComponentInfo{com.games.whodiesfirst/com.unity3d.player.UnityPlayerActivity} user=UserHandle{0}
11-10 15:53:30.330  1884  5666 D LauncherAppsService: getActivityLaunchIntent callingPackage=com.android.systemui component=ComponentInfo{com.ghisler.android.TotalCommander/com.ghisler.android.TotalCommander.TotalCommander} user=UserHandle{0}
11-10 15:53:30.330  1431  2167 W USF     : USF_API: Drop flicker data, cannot find sampling_id:84682!
11-10 15:53:30.330  1884  5666 D LauncherAppsService: getActivityLaunchIntent callingPackage=com.android.systemui component=ComponentInfo{com.globalfun.ben10ae.google/com.globalfun.FullActivity} user=UserHandle{0}
11-10 15:53:30.331  1884  5666 D LauncherAppsService: getActivityLaunchIntent callingPackage=com.android.systemui component=ComponentInfo{com.google.android.apps.authenticator2/com.google.android.apps.authenticator2.main.MainActivity} user=UserHandle{0}
11-10 15:53:30.331  1884  4398 D LauncherAppsService: getActivityLaunchIntent callingPackage=com.android.systemui component=ComponentInfo{com.google.android.apps.bard/com.google.android.apps.bard.shellapp.BardEntryPointActivity} user=UserHandle{0}
11-10 15:53:30.332  1884  4398 D LauncherAppsService: getActivityLaunchIntent callingPackage=com.android.systemui component=ComponentInfo{com.google.android.apps.chromecast.app/com.google.android.apps.chromecast.app.DiscoveryActivity} user=UserHandle{0}
11-10 15:53:30.332  1884  4398 D LauncherAppsService: getActivityLaunchIntent callingPackage=com.android.systemui component=ComponentInfo{com.google.android.apps.fitness/com.google.android.apps.fitness.welcome.WelcomeActivity} user=UserHandle{0}
11-10 15:53:30.333  1884  4398 D LauncherAppsService: getActivityLaunchIntent callingPackage=com.android.systemui component=ComponentInfo{com.google.android.apps.searchlite/com.google.android.apps.searchlite.ui.SearchActivity} user=UserHandle{0}
11-10 15:53:30.333  7880  8071 I OneAuthLog: [MSAL:0004]	INFO   	LogTelemetryData:456	Printing Telemetry for Correlation ID: 3af04ab5-0771-41af-bcfd-101982d9ada4
11-10 15:53:30.333  7880  8071 I OneAuthLog: [MSAL:0004]	INFO   	LogTelemetryData:464	Key: stop_time, Value: 2025-11-10T13:53:30.000Z
11-10 15:53:30.333  7880  8071 I OneAuthLog: [MSAL:0004]	INFO   	LogTelemetryData:464	Key: was_request_throttled, Value: false
11-10 15:53:30.333  7880  8071 I OneAuthLog: [MSAL:0004]	INFO   	LogTelemetryData:464	Key: authority_type, Value: Unknown
11-10 15:53:30.333  7880  8071 I OneAuthLog: [MSAL:0004]	INFO   	LogTelemetryData:464	Key: broker_app_used, Value: false
11-10 15:53:30.333  7880  8071 I OneAuthLog: [MSAL:0004]	INFO   	LogTelemetryData:464	Key: msal_version, Value: 1.1.0+012a7425
11-10 15:53:30.333  7880  8071 I OneAuthLog: [MSAL:0004]	INFO   	LogTelemetryData:464	Key: start_time, Value: 2025-11-10T13:53:29.000Z
11-10 15:53:30.333  7880  8071 I OneAuthLog: [MSAL:0004]	INFO   	LogTelemetryData:464	Key: client_id, Value: undefined
11-10 15:53:30.333  1884  4398 D LauncherAppsService: getActivityLaunchIntent callingPackage=com.android.systemui component=ComponentInfo{com.google.android.apps.subscriptions.red/com.google.android.apps.subscriptions.red.LauncherActivity} user=UserHandle{0}
11-10 15:53:30.333  7880  8071 I OneAuthLog: [MSAL:0004]	INFO   	LogTelemetryData:464	Key: request_duration, Value: 684
11-10 15:53:30.333  7880  8071 I OneAuthLog: [MSAL:0004]	INFO   	LogTelemetryData:464	Key: api_name, Value: ReadDeviceInfo
11-10 15:53:30.333  7880  8071 I OneAuthLog: [MSAL:0004]	INFO   	LogTelemetryData:464	Key: correlation_id, Value: 3af04ab5-0771-41af-bcfd-101982d9ada4
11-10 15:53:30.333  7880  8071 I OneAuthLog: [MSAL:0004]	INFO   	LogTelemetryData:469	Printing Execution Flow:
11-10 15:53:30.334  7880  8071 I OneAuthLog: [MSAL:0004]	INFO   	LogTelemetryData:477	{"t":"6smet","tid":4,"ts":0,"l":2},{"t":"6posn","tid":4,"ts":615,"l":2}
11-10 15:53:30.334  7880  8071 I SharedDeviceManager: ProcessId: 7880, Thread: Thread-60, DeviceMode : EXCLUSIVE
11-10 15:53:30.334  1884  4398 D LauncherAppsService: getActivityLaunchIntent callingPackage=com.android.systemui component=ComponentInfo{com.google.android.apps.translate/com.google.android.apps.translate.TranslateActivity} user=UserHandle{0}
