10-07 09:12:04.877 I/WifiHAL ( 1074): In GetCachedScanResultsCommand::handleResponse
10-07 09:12:07.990 I/WifiHAL ( 1074): In GetCachedScanResultsCommand::handleResponse
10-07 09:12:11.077 I/WifiHAL ( 1074): In GetCachedScanResultsCommand::handleResponse
10-07 09:12:14.211 I/WifiHAL ( 1074): In GetCachedScanResultsCommand::handleResponse
10-07 09:12:15.122 D/FileManager(18846): Source file found: Tiga - Mind Dimension (Adam Sellouk Remix).aiff, exists: true, canRead: true
10-07 09:12:16.958 D/AudioManager(18846): Stopping all playback before starting new file
10-07 09:12:17.019 D/AudioManager(18846): FFmpegMediaPlayer stopped
10-07 09:12:17.020 D/AudioManager(18846): FFmpegMediaPlayer reset
10-07 09:12:17.020 D/AudioManager(18846): ExoPlayer cleared
10-07 09:12:17.021 D/AudioManager(18846): All playback stopped successfully
10-07 09:12:17.022 D/AudioManager(18846): Preloaded player released.
10-07 09:12:17.047 D/AudioManager(18846): Cleaned up temp file during cache clear: /data/user/0/com.example.mobiledigger/cache/aiff_temp_5863507855810595034.aiff
10-07 09:12:17.057 D/AudioManager(18846): Cleaned up temp file during cache clear: /data/user/0/com.example.mobiledigger/cache/aiff_temp_5265772700400922557.aiff
10-07 09:12:17.057 D/AudioManager(18846): All caches cleared
10-07 09:12:17.120 D/AudioManager(18846): Attempting to play file: 19-26 - Resurge.mp3
10-07 09:12:17.120 D/AudioManager(18846): File URI: content://com.android.externalstorage.documents/tree/primary%3AAndroid%2Fmedia%2Fcom.whatsapp%2FWhatsApp%2FMedia%2FWhatsApp%20Documents/document/primary%3AAndroid%2Fmedia%2Fcom.whatsapp%2FWhatsApp%2FMedia%2FWhatsApp%20Documents%2FPrivate%2F19-26%20-%20Resurge.mp3
10-07 09:12:17.120 D/AudioManager(18846): Stopping all playback before starting new file
10-07 09:12:17.120 D/AudioManager(18846): FFmpegMediaPlayer reset
10-07 09:12:17.120 D/AudioManager(18846): ExoPlayer cleared
10-07 09:12:17.120 D/AudioManager(18846): All playback stopped successfully
10-07 09:12:17.120 D/AudioManager(18846): ExoPlayer attempting to play URI: content://com.android.externalstorage.documents/tree/primary%3AAndroid%2Fmedia%2Fcom.whatsapp%2FWhatsApp%2FMedia%2FWhatsApp%20Documents/document/primary%3AAndroid%2Fmedia%2Fcom.whatsapp%2FWhatsApp%2FMedia%2FWhatsApp%20Documents%2FPrivate%2F19-26%20-%20Resurge.mp3
10-07 09:12:17.122 D/AudioManager(18846): ExoPlayer started successfully
10-07 09:12:17.122 D/AudioManager(18846): ExoPlayer playback successful for: 19-26 - Resurge.mp3
10-07 09:12:17.126 D/MusicViewModel(18846): MusicService started successfully.
10-07 09:12:17.130 D/MusicService( 6122): Started foreground service with notification
10-07 09:12:17.130 D/MusicService( 6122): updateNotificationData - Title: 19-26 - Resurge.mp3, Playing: true, Position: 0, Duration: 0
10-07 09:12:17.130 D/MusicService( 6122): Skipping setMediaItem due to invalid/dummy URI for title: 19-26 - Resurge.mp3
10-07 09:12:17.284 I/WifiHAL ( 1074): In GetCachedScanResultsCommand::handleResponse
10-07 09:12:18.693 D/FileManager(18846): Source file found: 19-26 - Resurge.mp3, exists: true, canRead: true
10-07 09:12:20.383 I/WifiHAL ( 1074): In GetCachedScanResultsCommand::handleResponse
10-07 09:12:20.515 D/AudioManager(18846): Stopping all playback before starting new file
10-07 09:12:20.515 D/AudioManager(18846): FFmpegMediaPlayer reset
10-07 09:12:20.515 D/AudioManager(18846): ExoPlayer stopped
10-07 09:12:20.515 D/AudioManager(18846): ExoPlayer cleared
10-07 09:12:20.516 D/AudioManager(18846): All playback stopped successfully
10-07 09:12:20.516 D/AudioManager(18846): Preloaded player released.
10-07 09:12:20.516 D/AudioManager(18846): Attempting to play file: SIAMESE060 01 Andrea Oliva - Another Life.wav
10-07 09:12:20.516 D/AudioManager(18846): File URI: content://com.android.externalstorage.documents/tree/primary%3AAndroid%2Fmedia%2Fcom.whatsapp%2FWhatsApp%2FMedia%2FWhatsApp%20Documents/document/primary%3AAndroid%2Fmedia%2Fcom.whatsapp%2FWhatsApp%2FMedia%2FWhatsApp%20Documents%2FPrivate%2FSIAMESE060%2001%20Andrea%20Oliva%20-%20Another%20Life.wav
10-07 09:12:20.516 D/AudioManager(18846): Stopping all playback before starting new file
10-07 09:12:20.516 D/AudioManager(18846): FFmpegMediaPlayer reset
10-07 09:12:20.516 D/AudioManager(18846): ExoPlayer cleared
10-07 09:12:20.516 D/AudioManager(18846): All playback stopped successfully
10-07 09:12:20.516 D/AudioManager(18846): ExoPlayer attempting to play URI: content://com.android.externalstorage.documents/tree/primary%3AAndroid%2Fmedia%2Fcom.whatsapp%2FWhatsApp%2FMedia%2FWhatsApp%20Documents/document/primary%3AAndroid%2Fmedia%2Fcom.whatsapp%2FWhatsApp%2FMedia%2FWhatsApp%20Documents%2FPrivate%2FSIAMESE060%2001%20Andrea%20Oliva%20-%20Another%20Life.wav
10-07 09:12:20.517 D/AudioManager(18846): ExoPlayer started successfully
10-07 09:12:20.517 D/AudioManager(18846): ExoPlayer playback successful for: SIAMESE060 01 Andrea Oliva - Another Life.wav
10-07 09:12:20.519 D/MusicViewModel(18846): MusicService started successfully.
10-07 09:12:20.527 D/MusicService( 6122): Started foreground service with notification
10-07 09:12:20.530 D/MusicService( 6122): updateNotificationData - Title: SIAMESE060 01 Andrea Oliva - Another Life.wav, Playing: true, Position: 0, Duration: 0
10-07 09:12:20.530 D/MusicService( 6122): Skipping setMediaItem due to invalid/dummy URI for title: SIAMESE060 01 Andrea Oliva - Another Life.wav
10-07 09:12:23.467 I/WifiHAL ( 1074): In GetCachedScanResultsCommand::handleResponse
10-07 09:12:25.410 D/FileManager(18846): Source file found: SIAMESE060 01 Andrea Oliva - Another Life.wav, exists: true, canRead: true
10-07 09:12:26.549 I/WifiHAL ( 1074): In GetCachedScanResultsCommand::handleResponse
10-07 09:12:27.257 D/AudioManager(18846): Stopping all playback before starting new file
10-07 09:12:27.258 D/AudioManager(18846): FFmpegMediaPlayer reset
10-07 09:12:27.258 D/AudioManager(18846): ExoPlayer stopped
10-07 09:12:27.259 D/AudioManager(18846): ExoPlayer cleared
10-07 09:12:27.259 D/AudioManager(18846): All playback stopped successfully
10-07 09:12:27.260 D/AudioManager(18846): Preloaded player released.
10-07 09:12:27.310 D/AudioManager(18846): Attempting to play file: TOYZZ - BACKSPIN EXTENDED (TOYZZ MASTER) [22.1kHz].wav
10-07 09:12:27.310 D/AudioManager(18846): File URI: content://com.android.externalstorage.documents/tree/primary%3AAndroid%2Fmedia%2Fcom.whatsapp%2FWhatsApp%2FMedia%2FWhatsApp%20Documents/document/primary%3AAndroid%2Fmedia%2Fcom.whatsapp%2FWhatsApp%2FMedia%2FWhatsApp%20Documents%2FPrivate%2FTOYZZ%20-%20BACKSPIN%20EXTENDED%20(TOYZZ%20MASTER)%20%5B22.1kHz%5D.wav
10-07 09:12:27.310 D/AudioManager(18846): Stopping all playback before starting new file
10-07 09:12:27.310 D/AudioManager(18846): FFmpegMediaPlayer reset
10-07 09:12:27.310 D/AudioManager(18846): ExoPlayer cleared
10-07 09:12:27.310 D/AudioManager(18846): All playback stopped successfully
10-07 09:12:27.310 D/AudioManager(18846): ExoPlayer attempting to play URI: content://com.android.externalstorage.documents/tree/primary%3AAndroid%2Fmedia%2Fcom.whatsapp%2FWhatsApp%2FMedia%2FWhatsApp%20Documents/document/primary%3AAndroid%2Fmedia%2Fcom.whatsapp%2FWhatsApp%2FMedia%2FWhatsApp%20Documents%2FPrivate%2FTOYZZ%20-%20BACKSPIN%20EXTENDED%20(TOYZZ%20MASTER)%20%5B22.1kHz%5D.wav
10-07 09:12:27.311 D/AudioManager(18846): ExoPlayer started successfully
10-07 09:12:27.311 D/AudioManager(18846): ExoPlayer playback successful for: TOYZZ - BACKSPIN EXTENDED (TOYZZ MASTER) [22.1kHz].wav
10-07 09:12:27.313 D/MusicViewModel(18846): MusicService started successfully.
10-07 09:12:27.322 D/MusicService( 6122): Started foreground service with notification
10-07 09:12:27.324 D/MusicService( 6122): updateNotificationData - Title: TOYZZ - BACKSPIN EXTENDED (TOYZZ MASTER) [22.1kHz].wav, Playing: true, Position: 0, Duration: 0
10-07 09:12:27.324 D/MusicService( 6122): Skipping setMediaItem due to invalid/dummy URI for title: TOYZZ - BACKSPIN EXTENDED (TOYZZ MASTER) [22.1kHz].wav
10-07 09:12:29.619 I/WifiHAL ( 1074): In GetCachedScanResultsCommand::handleResponse
10-07 09:12:31.674 D/FileManager(18846): Source file found: TOYZZ - BACKSPIN EXTENDED (TOYZZ MASTER) [22.1kHz].wav, exists: true, canRead: true
10-07 09:12:32.689 I/WifiHAL ( 1074): In GetCachedScanResultsCommand::handleResponse
10-07 09:12:33.500 D/AudioManager(18846): Stopping all playback before starting new file
10-07 09:12:33.501 D/AudioManager(18846): FFmpegMediaPlayer reset
10-07 09:12:33.501 D/AudioManager(18846): ExoPlayer stopped
10-07 09:12:33.502 D/AudioManager(18846): ExoPlayer cleared
10-07 09:12:33.502 D/AudioManager(18846): All playback stopped successfully
10-07 09:12:33.502 D/AudioManager(18846): Preloaded player released.
10-07 09:12:33.551 D/AudioManager(18846): Attempting to play file: Erik Bruce, Moonface - Astral Drift (Moonface Remix) [PROGNOSIS].aif
10-07 09:12:33.551 D/AudioManager(18846): File URI: content://com.android.externalstorage.documents/tree/primary%3AAndroid%2Fmedia%2Fcom.whatsapp%2FWhatsApp%2FMedia%2FWhatsApp%20Documents/document/primary%3AAndroid%2Fmedia%2Fcom.whatsapp%2FWhatsApp%2FMedia%2FWhatsApp%20Documents%2FPrivate%2FErik%20Bruce%2C%20Moonface%20-%20Astral%20Drift%20(Moonface%20Remix)%20%5BPROGNOSIS%5D.aif
10-07 09:12:33.551 D/AudioManager(18846): Stopping all playback before starting new file
10-07 09:12:33.552 D/AudioManager(18846): FFmpegMediaPlayer reset
10-07 09:12:33.552 D/AudioManager(18846): ExoPlayer cleared
10-07 09:12:33.552 D/AudioManager(18846): All playback stopped successfully
10-07 09:12:33.552 D/AudioManager(18846): AIFF file detected: Erik Bruce, Moonface - Astral Drift (Moonface Remix) [PROGNOSIS].aif
10-07 09:12:33.552 D/AudioManager(18846): Trying FFmpegMediaPlayer for AIFF (ExoPlayer doesn't support AIFF)
10-07 09:12:33.552 D/AudioManager(18846): FFmpegMediaPlayer is available, attempting playback
10-07 09:12:33.706 D/AudioManager(18846): Successfully copied URI to temp file: /data/user/0/com.example.mobiledigger/cache/aiff_temp_4386716006584116337.aiff (82.13MB in 121ms, 678.76MB/s)
10-07 09:12:33.706 D/AudioManager(18846): Created temp file for FFmpeg: /data/user/0/com.example.mobiledigger/cache/aiff_temp_4386716006584116337.aiff
10-07 09:12:33.706 D/AudioManager(18846): Setting FFmpegMediaPlayer data source: /data/user/0/com.example.mobiledigger/cache/aiff_temp_4386716006584116337.aiff
10-07 09:12:33.706 D/AudioManager(18846): FFmpegMediaPlayer setDataSource successful
10-07 09:12:34.711 D/AudioManager(18846): FFmpegMediaPlayer prepare (sync) completed
10-07 09:12:34.712 D/AudioManager(18846): FFmpegMediaPlayer audio stream type set to STREAM_MUSIC
10-07 09:12:34.712 D/AudioManager(18846): FFmpegMediaPlayer volume set to maximum
10-07 09:12:34.789 D/AudioManager(18846): FFmpegMediaPlayer started after proper preparation
10-07 09:12:34.790 D/AudioManager(18846): FFmpegMediaPlayer playback successful for AIFF: Erik Bruce, Moonface - Astral Drift (Moonface Remix) [PROGNOSIS].aif
10-07 09:12:34.797 D/MusicViewModel(18846): MusicService started successfully.
10-07 09:12:34.809 D/MusicService( 6122): Started foreground service with notification
10-07 09:12:34.837 D/MusicService( 6122): updateNotificationData - Title: Erik Bruce, Moonface - Astral Drift (Moonface Remix) [PROGNOSIS].aif, Playing: true, Position: 0, Duration: 0
10-07 09:12:34.838 D/MusicService( 6122): Skipping setMediaItem due to invalid/dummy URI for title: Erik Bruce, Moonface - Astral Drift (Moonface Remix) [PROGNOSIS].aif
10-07 09:12:34.852 D/AudioManager(18846): FFmpegMediaPlayer info: what=802, extra=0
10-07 09:12:34.853 D/AudioManager(18846): FFmpegMediaPlayer prepared successfully
10-07 09:12:35.772 I/WifiHAL ( 1074): In GetCachedScanResultsCommand::handleResponse
10-07 09:12:37.581 D/FileManager(18846): Source file found: Erik Bruce, Moonface - Astral Drift (Moonface Remix) [PROGNOSIS].aif, exists: true, canRead: true
10-07 09:12:38.851 I/WifiHAL ( 1074): In GetCachedScanResultsCommand::handleResponse
10-07 09:12:40.352 D/AudioManager(18846): Stopping all playback before starting new file
10-07 09:12:40.360 D/AudioManager(18846): FFmpegMediaPlayer stopped
10-07 09:12:40.360 D/AudioManager(18846): FFmpegMediaPlayer reset
10-07 09:12:40.361 D/AudioManager(18846): ExoPlayer cleared
10-07 09:12:40.361 D/AudioManager(18846): All playback stopped successfully
10-07 09:12:40.362 D/AudioManager(18846): Preloaded player released.
10-07 09:12:40.385 D/AudioManager(18846): Cleaned up temp file during cache clear: /data/user/0/com.example.mobiledigger/cache/aiff_temp_4386716006584116337.aiff
10-07 09:12:40.386 D/AudioManager(18846): All caches cleared
10-07 09:12:40.472 D/AudioManager(18846): Attempting to play file: Joe Bermudez & Dana McKeon - Daydream Therapy (Extended Mix) [617 Records].aif
10-07 09:12:40.472 D/AudioManager(18846): File URI: content://com.android.externalstorage.documents/tree/primary%3AAndroid%2Fmedia%2Fcom.whatsapp%2FWhatsApp%2FMedia%2FWhatsApp%20Documents/document/primary%3AAndroid%2Fmedia%2Fcom.whatsapp%2FWhatsApp%2FMedia%2FWhatsApp%20Documents%2FPrivate%2FJoe%20Bermudez%20%26%20Dana%20McKeon%20-%20Daydream%20Therapy%20(Extended%20Mix)%20%5B617%20Records%5D.aif
10-07 09:12:40.472 D/AudioManager(18846): Stopping all playback before starting new file
10-07 09:12:40.472 D/AudioManager(18846): FFmpegMediaPlayer reset
10-07 09:12:40.472 D/AudioManager(18846): ExoPlayer cleared
10-07 09:12:40.472 D/AudioManager(18846): All playback stopped successfully
10-07 09:12:40.473 D/AudioManager(18846): AIFF file detected: Joe Bermudez & Dana McKeon - Daydream Therapy (Extended Mix) [617 Records].aif
10-07 09:12:40.473 D/AudioManager(18846): Trying FFmpegMediaPlayer for AIFF (ExoPlayer doesn't support AIFF)
10-07 09:12:40.473 D/AudioManager(18846): FFmpegMediaPlayer is available, attempting playback
10-07 09:12:40.580 D/AudioManager(18846): Successfully copied URI to temp file: /data/user/0/com.example.mobiledigger/cache/aiff_temp_4453957566341860352.aiff (35.28MB in 64ms, 551.23MB/s)
10-07 09:12:40.581 D/AudioManager(18846): Created temp file for FFmpeg: /data/user/0/com.example.mobiledigger/cache/aiff_temp_4453957566341860352.aiff
10-07 09:12:40.581 D/AudioManager(18846): Setting FFmpegMediaPlayer data source: /data/user/0/com.example.mobiledigger/cache/aiff_temp_4453957566341860352.aiff
10-07 09:12:40.581 D/AudioManager(18846): FFmpegMediaPlayer setDataSource successful
10-07 09:12:41.586 D/AudioManager(18846): FFmpegMediaPlayer prepare (sync) completed
10-07 09:12:41.587 D/AudioManager(18846): FFmpegMediaPlayer audio stream type set to STREAM_MUSIC
10-07 09:12:41.587 D/AudioManager(18846): FFmpegMediaPlayer volume set to maximum
10-07 09:12:41.663 D/AudioManager(18846): FFmpegMediaPlayer started after proper preparation
10-07 09:12:41.664 D/AudioManager(18846): FFmpegMediaPlayer playback successful for AIFF: Joe Bermudez & Dana McKeon - Daydream Therapy (Extended Mix) [617 Records].aif
10-07 09:12:41.677 D/MusicViewModel(18846): MusicService started successfully.
10-07 09:12:41.696 D/MusicService( 6122): Started foreground service with notification
10-07 09:12:41.709 D/MusicService( 6122): updateNotificationData - Title: Joe Bermudez & Dana McKeon - Daydream Therapy (Extended Mix) [617 Records].aif, Playing: true, Position: 0, Duration: 0
10-07 09:12:41.710 D/MusicService( 6122): Skipping setMediaItem due to invalid/dummy URI for title: Joe Bermudez & Dana McKeon - Daydream Therapy (Extended Mix) [617 Records].aif
10-07 09:12:41.792 D/AudioManager(18846): FFmpegMediaPlayer prepared successfully
10-07 09:12:41.792 D/AudioManager(18846): FFmpegMediaPlayer info: what=802, extra=0
10-07 09:12:41.926 I/WifiHAL ( 1074): In GetCachedScanResultsCommand::handleResponse
10-07 09:12:45.009 I/WifiHAL ( 1074): In GetCachedScanResultsCommand::handleResponse
10-07 09:12:48.091 I/WifiHAL ( 1074): In GetCachedScanResultsCommand::handleResponse
10-07 09:12:50.833 I/WifiHAL ( 1074): In GetCachedScanResultsCommand::handleResponse
10-07 09:12:51.155 I/WifiHAL ( 1074): In GetCachedScanResultsCommand::handleResponse
10-07 09:12:54.230 I/WifiHAL ( 1074): In GetCachedScanResultsCommand::handleResponse
10-07 09:12:57.300 I/WifiHAL ( 1074): In GetCachedScanResultsCommand::handleResponse
10-07 09:13:00.368 I/WifiHAL ( 1074): In GetCachedScanResultsCommand::handleResponse
10-07 09:13:01.586 D/FileManager(18846): Source file found: Joe Bermudez & Dana McKeon - Daydream Therapy (Extended Mix) [617 Records].aif, exists: true, canRead: true
10-07 09:13:03.443 I/WifiHAL ( 1074): In GetCachedScanResultsCommand::handleResponse
10-07 09:13:03.537 D/AudioManager(18846): Stopping all playback before starting new file
10-07 09:13:03.545 D/AudioManager(18846): FFmpegMediaPlayer stopped
10-07 09:13:03.545 D/AudioManager(18846): FFmpegMediaPlayer reset
10-07 09:13:03.545 D/AudioManager(18846): ExoPlayer cleared
10-07 09:13:03.545 D/AudioManager(18846): All playback stopped successfully
10-07 09:13:03.546 D/AudioManager(18846): Preloaded player released.
10-07 09:13:03.547 D/AudioManager(18846): Attempting to play file: Missed Call - Wanna Make You Happy.aif
10-07 09:13:03.547 D/AudioManager(18846): File URI: content://com.android.externalstorage.documents/tree/primary%3AAndroid%2Fmedia%2Fcom.whatsapp%2FWhatsApp%2FMedia%2FWhatsApp%20Documents/document/primary%3AAndroid%2Fmedia%2Fcom.whatsapp%2FWhatsApp%2FMedia%2FWhatsApp%20Documents%2FPrivate%2FMissed%20Call%20-%20Wanna%20Make%20You%20Happy.aif
10-07 09:13:03.547 D/AudioManager(18846): Stopping all playback before starting new file
10-07 09:13:03.547 D/AudioManager(18846): FFmpegMediaPlayer reset
10-07 09:13:03.547 D/AudioManager(18846): ExoPlayer cleared
10-07 09:13:03.547 D/AudioManager(18846): All playback stopped successfully
10-07 09:13:03.547 D/AudioManager(18846): AIFF file detected: Missed Call - Wanna Make You Happy.aif
10-07 09:13:03.547 D/AudioManager(18846): Trying FFmpegMediaPlayer for AIFF (ExoPlayer doesn't support AIFF)
10-07 09:13:03.547 D/AudioManager(18846): FFmpegMediaPlayer is available, attempting playback
10-07 09:13:03.840 D/AudioManager(18846): Successfully copied URI to temp file: /data/user/0/com.example.mobiledigger/cache/aiff_temp_5360251126812224697.aiff (45.92MB in 245ms, 187.43MB/s)
10-07 09:13:03.840 D/AudioManager(18846): Created temp file for FFmpeg: /data/user/0/com.example.mobiledigger/cache/aiff_temp_5360251126812224697.aiff
10-07 09:13:03.840 D/AudioManager(18846): Setting FFmpegMediaPlayer data source: /data/user/0/com.example.mobiledigger/cache/aiff_temp_5360251126812224697.aiff
10-07 09:13:03.840 D/AudioManager(18846): FFmpegMediaPlayer setDataSource successful
10-07 09:13:04.843 D/AudioManager(18846): FFmpegMediaPlayer prepare (sync) completed
10-07 09:13:04.845 D/AudioManager(18846): FFmpegMediaPlayer audio stream type set to STREAM_MUSIC
10-07 09:13:04.846 D/AudioManager(18846): FFmpegMediaPlayer volume set to maximum
10-07 09:13:04.919 D/AudioManager(18846): FFmpegMediaPlayer started after proper preparation
10-07 09:13:04.919 D/AudioManager(18846): FFmpegMediaPlayer playback successful for AIFF: Missed Call - Wanna Make You Happy.aif
10-07 09:13:04.930 D/MusicViewModel(18846): MusicService started successfully.
10-07 09:13:04.954 D/MusicService( 6122): Started foreground service with notification
10-07 09:13:04.955 D/MusicService( 6122): updateNotificationData - Title: Missed Call - Wanna Make You Happy.aif, Playing: true, Position: 0, Duration: 0
10-07 09:13:04.956 D/MusicService( 6122): Skipping setMediaItem due to invalid/dummy URI for title: Missed Call - Wanna Make You Happy.aif
10-07 09:13:04.977 D/AudioManager(18846): FFmpegMediaPlayer info: what=802, extra=0
10-07 09:13:04.978 D/AudioManager(18846): FFmpegMediaPlayer prepared successfully
10-07 09:13:06.513 I/WifiHAL ( 1074): In GetCachedScanResultsCommand::handleResponse
10-07 09:13:07.262 D/FileManager(18846): Source file found: Missed Call - Wanna Make You Happy.aif, exists: true, canRead: true
10-07 09:13:09.226 D/AudioManager(18846): Stopping all playback before starting new file
10-07 09:13:09.233 D/AudioManager(18846): FFmpegMediaPlayer stopped
10-07 09:13:09.233 D/AudioManager(18846): FFmpegMediaPlayer reset
10-07 09:13:09.233 D/AudioManager(18846): ExoPlayer cleared
10-07 09:13:09.233 D/AudioManager(18846): All playback stopped successfully
10-07 09:13:09.234 D/AudioManager(18846): Preloaded player released.
10-07 09:13:09.234 D/AudioManager(18846): Attempting to play file: Nick Castle 'White River'  [Labyrinth Records].aif
10-07 09:13:09.234 D/AudioManager(18846): File URI: content://com.android.externalstorage.documents/tree/primary%3AAndroid%2Fmedia%2Fcom.whatsapp%2FWhatsApp%2FMedia%2FWhatsApp%20Documents/document/primary%3AAndroid%2Fmedia%2Fcom.whatsapp%2FWhatsApp%2FMedia%2FWhatsApp%20Documents%2FPrivate%2FNick%20Castle%20'White%20River'%20%20%5BLabyrinth%20Records%5D.aif
10-07 09:13:09.234 D/AudioManager(18846): Stopping all playback before starting new file
10-07 09:13:09.234 D/AudioManager(18846): FFmpegMediaPlayer reset
10-07 09:13:09.234 D/AudioManager(18846): ExoPlayer cleared
10-07 09:13:09.234 D/AudioManager(18846): All playback stopped successfully
10-07 09:13:09.234 D/AudioManager(18846): AIFF file detected: Nick Castle 'White River'  [Labyrinth Records].aif
10-07 09:13:09.234 D/AudioManager(18846): Trying FFmpegMediaPlayer for AIFF (ExoPlayer doesn't support AIFF)
10-07 09:13:09.234 D/AudioManager(18846): FFmpegMediaPlayer is available, attempting playback
10-07 09:13:09.510 D/AudioManager(18846): Successfully copied URI to temp file: /data/user/0/com.example.mobiledigger/cache/aiff_temp_7386784420264462120.aiff (49.71MB in 224ms, 221.91MB/s)
10-07 09:13:09.510 D/AudioManager(18846): Created temp file for FFmpeg: /data/user/0/com.example.mobiledigger/cache/aiff_temp_7386784420264462120.aiff
10-07 09:13:09.511 D/AudioManager(18846): Setting FFmpegMediaPlayer data source: /data/user/0/com.example.mobiledigger/cache/aiff_temp_7386784420264462120.aiff
10-07 09:13:09.511 D/AudioManager(18846): FFmpegMediaPlayer setDataSource successful
10-07 09:13:09.594 I/WifiHAL ( 1074): In GetCachedScanResultsCommand::handleResponse
10-07 09:13:10.516 D/AudioManager(18846): FFmpegMediaPlayer prepare (sync) completed
10-07 09:13:10.518 D/AudioManager(18846): FFmpegMediaPlayer audio stream type set to STREAM_MUSIC
10-07 09:13:10.518 D/AudioManager(18846): FFmpegMediaPlayer volume set to maximum
10-07 09:13:10.597 D/AudioManager(18846): FFmpegMediaPlayer started after proper preparation
10-07 09:13:10.598 D/AudioManager(18846): FFmpegMediaPlayer playback successful for AIFF: Nick Castle 'White River'  [Labyrinth Records].aif
10-07 09:13:10.607 D/MusicViewModel(18846): MusicService started successfully.
10-07 09:13:10.647 D/MusicService( 6122): Started foreground service with notification
10-07 09:13:10.649 D/MusicService( 6122): updateNotificationData - Title: Nick Castle 'White River'  [Labyrinth Records].aif, Playing: true, Position: 0, Duration: 0
10-07 09:13:10.649 D/MusicService( 6122): Skipping setMediaItem due to invalid/dummy URI for title: Nick Castle 'White River'  [Labyrinth Records].aif
10-07 09:13:10.679 D/AudioManager(18846): FFmpegMediaPlayer info: what=802, extra=0
10-07 09:13:10.679 D/AudioManager(18846): FFmpegMediaPlayer prepared successfully
10-07 09:13:12.694 I/WifiHAL ( 1074): In GetCachedScanResultsCommand::handleResponse
10-07 09:13:15.785 I/WifiHAL ( 1074): In GetCachedScanResultsCommand::handleResponse
10-07 09:13:18.891 I/WifiHAL ( 1074): In GetCachedScanResultsCommand::handleResponse
10-07 09:13:21.978 I/WifiHAL ( 1074): In GetCachedScanResultsCommand::handleResponse
10-07 09:13:24.784 D/FileManager(18846): Source file found: Nick Castle 'White River'  [Labyrinth Records].aif, exists: true, canRead: true
10-07 09:13:25.052 I/WifiHAL ( 1074): In GetCachedScanResultsCommand::handleResponse
10-07 09:13:26.773 D/AudioManager(18846): Stopping all playback before starting new file
10-07 09:13:26.786 D/AudioManager(18846): FFmpegMediaPlayer stopped
10-07 09:13:26.786 D/AudioManager(18846): FFmpegMediaPlayer reset
10-07 09:13:26.786 D/AudioManager(18846): ExoPlayer cleared
10-07 09:13:26.786 D/AudioManager(18846): All playback stopped successfully
10-07 09:13:26.787 D/AudioManager(18846): Preloaded player released.
10-07 09:13:26.847 D/AudioManager(18846): Attempting to play file: Oskido feat. Candy - Tsa Ma Ndebele (Manoo Remix Extended) [Legend Live].aif
10-07 09:13:26.847 D/AudioManager(18846): File URI: content://com.android.externalstorage.documents/tree/primary%3AAndroid%2Fmedia%2Fcom.whatsapp%2FWhatsApp%2FMedia%2FWhatsApp%20Documents/document/primary%3AAndroid%2Fmedia%2Fcom.whatsapp%2FWhatsApp%2FMedia%2FWhatsApp%20Documents%2FPrivate%2FOskido%20feat.%20Candy%20-%20Tsa%20Ma%20Ndebele%20(Manoo%20Remix%20Extended)%20%5BLegend%20Live%5D.aif
10-07 09:13:26.847 D/AudioManager(18846): Stopping all playback before starting new file
10-07 09:13:26.848 D/AudioManager(18846): FFmpegMediaPlayer reset
10-07 09:13:26.848 D/AudioManager(18846): ExoPlayer cleared
10-07 09:13:26.848 D/AudioManager(18846): All playback stopped successfully
10-07 09:13:26.848 D/AudioManager(18846): AIFF file detected: Oskido feat. Candy - Tsa Ma Ndebele (Manoo Remix Extended) [Legend Live].aif
10-07 09:13:26.848 D/AudioManager(18846): Trying FFmpegMediaPlayer for AIFF (ExoPlayer doesn't support AIFF)
10-07 09:13:26.848 D/AudioManager(18846): FFmpegMediaPlayer is available, attempting playback
10-07 09:13:27.032 D/AudioManager(18846): Successfully copied URI to temp file: /data/user/0/com.example.mobiledigger/cache/aiff_temp_8461828723930891386.aiff (85.33MB in 134ms, 636.82MB/s)
10-07 09:13:27.032 D/AudioManager(18846): Created temp file for FFmpeg: /data/user/0/com.example.mobiledigger/cache/aiff_temp_8461828723930891386.aiff
10-07 09:13:27.033 D/AudioManager(18846): Setting FFmpegMediaPlayer data source: /data/user/0/com.example.mobiledigger/cache/aiff_temp_8461828723930891386.aiff
10-07 09:13:27.033 D/AudioManager(18846): FFmpegMediaPlayer setDataSource successful
10-07 09:13:28.040 D/AudioManager(18846): FFmpegMediaPlayer prepare (sync) completed
10-07 09:13:28.041 D/AudioManager(18846): FFmpegMediaPlayer audio stream type set to STREAM_MUSIC
10-07 09:13:28.042 D/AudioManager(18846): FFmpegMediaPlayer volume set to maximum
10-07 09:13:28.118 D/AudioManager(18846): FFmpegMediaPlayer started after proper preparation
10-07 09:13:28.118 D/AudioManager(18846): FFmpegMediaPlayer playback successful for AIFF: Oskido feat. Candy - Tsa Ma Ndebele (Manoo Remix Extended) [Legend Live].aif
10-07 09:13:28.125 D/MusicViewModel(18846): MusicService started successfully.
10-07 09:13:28.131 I/WifiHAL ( 1074): In GetCachedScanResultsCommand::handleResponse
10-07 09:13:28.148 D/MusicService( 6122): Started foreground service with notification
10-07 09:13:28.152 D/MusicService( 6122): updateNotificationData - Title: Oskido feat. Candy - Tsa Ma Ndebele (Manoo Remix Extended) [Legend Live].aif, Playing: true, Position: 0, Duration: 0
10-07 09:13:28.153 D/MusicService( 6122): Skipping setMediaItem due to invalid/dummy URI for title: Oskido feat. Candy - Tsa Ma Ndebele (Manoo Remix Extended) [Legend Live].aif
10-07 09:13:28.176 D/AudioManager(18846): FFmpegMediaPlayer prepared successfully
10-07 09:13:28.176 D/AudioManager(18846): FFmpegMediaPlayer info: what=802, extra=0
10-07 09:13:31.208 I/WifiHAL ( 1074): In GetCachedScanResultsCommand::handleResponse
10-07 09:13:34.299 I/WifiHAL ( 1074): In GetCachedScanResultsCommand::handleResponse
10-07 09:13:36.506 D/FileManager(18846): Source file found: Oskido feat. Candy - Tsa Ma Ndebele (Manoo Remix Extended) [Legend Live].aif, exists: true, canRead: true
10-07 09:13:37.369 I/WifiHAL ( 1074): In GetCachedScanResultsCommand::handleResponse
10-07 09:13:38.378 D/AudioManager(18846): Stopping all playback before starting new file
10-07 09:13:38.394 D/AudioManager(18846): FFmpegMediaPlayer stopped
10-07 09:13:38.394 D/AudioManager(18846): FFmpegMediaPlayer reset
10-07 09:13:38.394 D/AudioManager(18846): ExoPlayer cleared
10-07 09:13:38.394 D/AudioManager(18846): All playback stopped successfully
10-07 09:13:38.396 D/AudioManager(18846): Preloaded player released.
10-07 09:13:38.455 D/AudioManager(18846): Attempting to play file: Tennant - I Saw You (Extended).aif
10-07 09:13:38.455 D/AudioManager(18846): File URI: content://com.android.externalstorage.documents/tree/primary%3AAndroid%2Fmedia%2Fcom.whatsapp%2FWhatsApp%2FMedia%2FWhatsApp%20Documents/document/primary%3AAndroid%2Fmedia%2Fcom.whatsapp%2FWhatsApp%2FMedia%2FWhatsApp%20Documents%2FPrivate%2FTennant%20-%20I%20Saw%20You%20(Extended).aif
10-07 09:13:38.455 D/AudioManager(18846): Stopping all playback before starting new file
10-07 09:13:38.455 D/AudioManager(18846): FFmpegMediaPlayer reset
10-07 09:13:38.456 D/AudioManager(18846): ExoPlayer cleared
10-07 09:13:38.456 D/AudioManager(18846): All playback stopped successfully
10-07 09:13:38.456 D/AudioManager(18846): AIFF file detected: Tennant - I Saw You (Extended).aif
10-07 09:13:38.456 D/AudioManager(18846): Trying FFmpegMediaPlayer for AIFF (ExoPlayer doesn't support AIFF)
10-07 09:13:38.456 D/AudioManager(18846): FFmpegMediaPlayer is available, attempting playback
10-07 09:13:38.549 D/AudioManager(18846): Successfully copied URI to temp file: /data/user/0/com.example.mobiledigger/cache/aiff_temp_7648884185716681158.aiff (38.34MB in 65ms, 589.86MB/s)
10-07 09:13:38.549 D/AudioManager(18846): Created temp file for FFmpeg: /data/user/0/com.example.mobiledigger/cache/aiff_temp_7648884185716681158.aiff
10-07 09:13:38.549 D/AudioManager(18846): Setting FFmpegMediaPlayer data source: /data/user/0/com.example.mobiledigger/cache/aiff_temp_7648884185716681158.aiff
10-07 09:13:38.550 D/AudioManager(18846): FFmpegMediaPlayer setDataSource successful
10-07 09:13:39.551 D/AudioManager(18846): FFmpegMediaPlayer prepare (sync) completed
10-07 09:13:39.552 D/AudioManager(18846): FFmpegMediaPlayer audio stream type set to STREAM_MUSIC
10-07 09:13:39.553 D/AudioManager(18846): FFmpegMediaPlayer volume set to maximum
10-07 09:13:39.649 D/AudioManager(18846): FFmpegMediaPlayer started after proper preparation
10-07 09:13:39.651 D/AudioManager(18846): FFmpegMediaPlayer playback successful for AIFF: Tennant - I Saw You (Extended).aif
10-07 09:13:39.668 D/MusicViewModel(18846): MusicService started successfully.
10-07 09:13:39.678 D/MusicService( 6122): Started foreground service with notification
10-07 09:13:39.804 D/AudioManager(18846): FFmpegMediaPlayer info: what=802, extra=0
10-07 09:13:39.804 D/AudioManager(18846): FFmpegMediaPlayer prepared successfully
10-07 09:13:40.171 D/MusicService( 6122): updateNotificationData - Title: Tennant - I Saw You (Extended).aif, Playing: true, Position: 0, Duration: 0
10-07 09:13:40.171 D/MusicService( 6122): Skipping setMediaItem due to invalid/dummy URI for title: Tennant - I Saw You (Extended).aif
10-07 09:13:40.428 I/WifiHAL ( 1074): In GetCachedScanResultsCommand::handleResponse
10-07 09:13:43.497 I/WifiHAL ( 1074): In GetCachedScanResultsCommand::handleResponse
10-07 09:13:46.590 I/WifiHAL ( 1074): In GetCachedScanResultsCommand::handleResponse
10-07 09:13:49.671 I/WifiHAL ( 1074): In GetCachedScanResultsCommand::handleResponse
10-07 09:13:50.935 I/WifiHAL ( 1074): In GetCachedScanResultsCommand::handleResponse
10-07 09:13:52.433 D/FileManager(18846): Source file found: Tennant - I Saw You (Extended).aif, exists: true, canRead: true
10-07 09:13:52.742 I/WifiHAL ( 1074): In GetCachedScanResultsCommand::handleResponse
10-07 09:13:54.558 D/AudioManager(18846): Stopping all playback before starting new file
10-07 09:13:54.571 D/AudioManager(18846): FFmpegMediaPlayer stopped
10-07 09:13:54.572 D/AudioManager(18846): FFmpegMediaPlayer reset
10-07 09:13:54.572 D/AudioManager(18846): ExoPlayer cleared
10-07 09:13:54.573 D/AudioManager(18846): All playback stopped successfully
10-07 09:13:54.574 D/AudioManager(18846): Preloaded player released.
10-07 09:13:54.583 D/AudioManager(18846): Cleaned up temp file during cache clear: /data/user/0/com.example.mobiledigger/cache/aiff_temp_4453957566341860352.aiff
10-07 09:13:54.592 D/AudioManager(18846): Cleaned up temp file during cache clear: /data/user/0/com.example.mobiledigger/cache/aiff_temp_5360251126812224697.aiff
10-07 09:13:54.603 D/AudioManager(18846): Cleaned up temp file during cache clear: /data/user/0/com.example.mobiledigger/cache/aiff_temp_7386784420264462120.aiff
10-07 09:13:54.618 D/AudioManager(18846): Cleaned up temp file during cache clear: /data/user/0/com.example.mobiledigger/cache/aiff_temp_8461828723930891386.aiff
10-07 09:13:54.623 D/AudioManager(18846): Cleaned up temp file during cache clear: /data/user/0/com.example.mobiledigger/cache/aiff_temp_7648884185716681158.aiff
10-07 09:13:54.623 D/AudioManager(18846): All caches cleared
10-07 09:13:54.671 D/AudioManager(18846): Attempting to play file: Tujamo x RELOVA - Jump Into The Bag (Extended Mix) [HEXAGON].aif
10-07 09:13:54.671 D/AudioManager(18846): File URI: content://com.android.externalstorage.documents/tree/primary%3AAndroid%2Fmedia%2Fcom.whatsapp%2FWhatsApp%2FMedia%2FWhatsApp%20Documents/document/primary%3AAndroid%2Fmedia%2Fcom.whatsapp%2FWhatsApp%2FMedia%2FWhatsApp%20Documents%2FPrivate%2FTujamo%20x%20RELOVA%20-%20Jump%20Into%20The%20Bag%20(Extended%20Mix)%20%5BHEXAGON%5D.aif
10-07 09:13:54.671 D/AudioManager(18846): Stopping all playback before starting new file
10-07 09:13:54.671 D/AudioManager(18846): FFmpegMediaPlayer reset
10-07 09:13:54.671 D/AudioManager(18846): ExoPlayer cleared
10-07 09:13:54.671 D/AudioManager(18846): All playback stopped successfully
10-07 09:13:54.671 D/AudioManager(18846): AIFF file detected: Tujamo x RELOVA - Jump Into The Bag (Extended Mix) [HEXAGON].aif
10-07 09:13:54.671 D/AudioManager(18846): Trying FFmpegMediaPlayer for AIFF (ExoPlayer doesn't support AIFF)
10-07 09:13:54.671 D/AudioManager(18846): FFmpegMediaPlayer is available, attempting playback
10-07 09:13:54.796 D/AudioManager(18846): Successfully copied URI to temp file: /data/user/0/com.example.mobiledigger/cache/aiff_temp_3511446661024570817.aiff (46.03MB in 72ms, 639.37MB/s)
10-07 09:13:54.796 D/AudioManager(18846): Created temp file for FFmpeg: /data/user/0/com.example.mobiledigger/cache/aiff_temp_3511446661024570817.aiff
10-07 09:13:54.796 D/AudioManager(18846): Setting FFmpegMediaPlayer data source: /data/user/0/com.example.mobiledigger/cache/aiff_temp_3511446661024570817.aiff
10-07 09:13:54.797 D/AudioManager(18846): FFmpegMediaPlayer setDataSource successful
10-07 09:13:55.801 D/AudioManager(18846): FFmpegMediaPlayer prepare (sync) completed
10-07 09:13:55.802 D/AudioManager(18846): FFmpegMediaPlayer audio stream type set to STREAM_MUSIC
10-07 09:13:55.802 D/AudioManager(18846): FFmpegMediaPlayer volume set to maximum
10-07 09:13:55.850 I/WifiHAL ( 1074): In GetCachedScanResultsCommand::handleResponse
10-07 09:13:55.882 D/AudioManager(18846): FFmpegMediaPlayer started after proper preparation
10-07 09:13:55.882 D/AudioManager(18846): FFmpegMediaPlayer playback successful for AIFF: Tujamo x RELOVA - Jump Into The Bag (Extended Mix) [HEXAGON].aif
10-07 09:13:55.888 D/MusicViewModel(18846): MusicService started successfully.
10-07 09:13:55.904 D/MusicService( 6122): Started foreground service with notification
10-07 09:13:55.906 D/MusicService( 6122): updateNotificationData - Title: Tujamo x RELOVA - Jump Into The Bag (Extended Mix) [HEXAGON].aif, Playing: true, Position: 0, Duration: 0
10-07 09:13:55.907 D/MusicService( 6122): Skipping setMediaItem due to invalid/dummy URI for title: Tujamo x RELOVA - Jump Into The Bag (Extended Mix) [HEXAGON].aif
10-07 09:13:55.935 D/AudioManager(18846): FFmpegMediaPlayer info: what=802, extra=0
10-07 09:13:55.935 D/AudioManager(18846): FFmpegMediaPlayer prepared successfully
10-07 09:13:58.964 I/WifiHAL ( 1074): In GetCachedScanResultsCommand::handleResponse
10-07 09:14:02.057 I/WifiHAL ( 1074): In GetCachedScanResultsCommand::handleResponse
10-07 09:14:04.594 D/FileManager(18846): Source file found: Tujamo x RELOVA - Jump Into The Bag (Extended Mix) [HEXAGON].aif, exists: true, canRead: true
10-07 09:14:05.124 I/WifiHAL ( 1074): In GetCachedScanResultsCommand::handleResponse
10-07 09:14:06.747 D/AudioManager(18846): Stopping all playback before starting new file
10-07 09:14:06.760 D/AudioManager(18846): FFmpegMediaPlayer stopped
10-07 09:14:06.760 D/AudioManager(18846): FFmpegMediaPlayer reset
10-07 09:14:06.761 D/AudioManager(18846): ExoPlayer cleared
10-07 09:14:06.761 D/AudioManager(18846): All playback stopped successfully
10-07 09:14:06.762 D/AudioManager(18846): Preloaded player released.
10-07 09:14:06.773 D/AudioManager(18846): Cleaned up temp file during cache clear: /data/user/0/com.example.mobiledigger/cache/aiff_temp_3511446661024570817.aiff
10-07 09:14:06.773 D/AudioManager(18846): All caches cleared
10-07 09:14:06.826 D/AudioManager(18846): Attempting to play file: The Echols Brothers and Santonio Echols - Work (Mannywya Dub Mix) [N.C.M label Detroit].aif
10-07 09:14:06.826 D/AudioManager(18846): File URI: content://com.android.externalstorage.documents/tree/primary%3AAndroid%2Fmedia%2Fcom.whatsapp%2FWhatsApp%2FMedia%2FWhatsApp%20Documents/document/primary%3AAndroid%2Fmedia%2Fcom.whatsapp%2FWhatsApp%2FMedia%2FWhatsApp%20Documents%2FPrivate%2FThe%20Echols%20Brothers%20and%20Santonio%20Echols%20-%20Work%20(Mannywya%20Dub%20Mix)%20%5BN.C.M%20label%20Detroit%5D.aif
10-07 09:14:06.826 D/AudioManager(18846): Stopping all playback before starting new file
10-07 09:14:06.826 D/AudioManager(18846): FFmpegMediaPlayer reset
10-07 09:14:06.826 D/AudioManager(18846): ExoPlayer cleared
10-07 09:14:06.826 D/AudioManager(18846): All playback stopped successfully
10-07 09:14:06.826 D/AudioManager(18846): AIFF file detected: The Echols Brothers and Santonio Echols - Work (Mannywya Dub Mix) [N.C.M label Detroit].aif
10-07 09:14:06.826 D/AudioManager(18846): Trying FFmpegMediaPlayer for AIFF (ExoPlayer doesn't support AIFF)
10-07 09:14:06.826 D/AudioManager(18846): FFmpegMediaPlayer is available, attempting playback
10-07 09:14:06.942 D/AudioManager(18846): Successfully copied URI to temp file: /data/user/0/com.example.mobiledigger/cache/aiff_temp_4568624204000045439.aiff (47.46MB in 77ms, 616.36MB/s)
10-07 09:14:06.942 D/AudioManager(18846): Created temp file for FFmpeg: /data/user/0/com.example.mobiledigger/cache/aiff_temp_4568624204000045439.aiff
10-07 09:14:06.943 D/AudioManager(18846): Setting FFmpegMediaPlayer data source: /data/user/0/com.example.mobiledigger/cache/aiff_temp_4568624204000045439.aiff
10-07 09:14:06.943 D/AudioManager(18846): FFmpegMediaPlayer setDataSource successful
10-07 09:14:07.947 D/AudioManager(18846): FFmpegMediaPlayer prepare (sync) completed
10-07 09:14:07.949 D/AudioManager(18846): FFmpegMediaPlayer audio stream type set to STREAM_MUSIC
10-07 09:14:07.950 D/AudioManager(18846): FFmpegMediaPlayer volume set to maximum
10-07 09:14:08.026 D/AudioManager(18846): FFmpegMediaPlayer started after proper preparation
10-07 09:14:08.026 D/AudioManager(18846): FFmpegMediaPlayer playback successful for AIFF: The Echols Brothers and Santonio Echols - Work (Mannywya Dub Mix) [N.C.M label Detroit].aif
10-07 09:14:08.033 D/MusicViewModel(18846): MusicService started successfully.
10-07 09:14:08.063 D/MusicService( 6122): Started foreground service with notification
10-07 09:14:08.069 D/MusicService( 6122): updateNotificationData - Title: The Echols Brothers and Santonio Echols - Work (Mannywya Dub Mix) [N.C.M label Detroit].aif, Playing: true, Position: 0, Duration: 0
10-07 09:14:08.070 D/MusicService( 6122): Skipping setMediaItem due to invalid/dummy URI for title: The Echols Brothers and Santonio Echols - Work (Mannywya Dub Mix) [N.C.M label Detroit].aif
10-07 09:14:08.081 D/AudioManager(18846): FFmpegMediaPlayer info: what=802, extra=0
10-07 09:14:08.081 D/AudioManager(18846): FFmpegMediaPlayer prepared successfully
10-07 09:14:08.189 I/WifiHAL ( 1074): In GetCachedScanResultsCommand::handleResponse
10-07 09:14:10.159 D/RingtonePlayer( 2288): requesting AudioFocus
10-07 09:14:10.161 I/MediaFocusControl( 1579): requestAudioFocus() from uid/pid 10223/2288 AA=USAGE_NOTIFICATION/CONTENT_TYPE_SONIFICATION clientId=android.media.AudioManager@387ba33 callingPack=com.android.systemui req=3 flags=0x0 sdk=36
10-07 09:14:11.075 D/FileManager(18846): Source file found: The Echols Brothers and Santonio Echols - Work (Mannywya Dub Mix) [N.C.M label Detroit].aif, exists: true, canRead: true
10-07 09:14:11.255 I/WifiHAL ( 1074): In GetCachedScanResultsCommand::handleResponse
10-07 09:14:12.003 D/RingtonePlayer( 2288): onCompletion() abandoning AudioFocus
10-07 09:14:12.009 I/MediaFocusControl( 1579): abandonAudioFocus() from uid/pid 10223/2288 clientId=android.media.AudioManager@387ba33 callingPack=com.android.systemui
10-07 09:14:13.178 D/AudioManager(18846): Stopping all playback before starting new file
10-07 09:14:13.184 D/AudioManager(18846): FFmpegMediaPlayer stopped
10-07 09:14:13.184 D/AudioManager(18846): FFmpegMediaPlayer reset
10-07 09:14:13.184 D/AudioManager(18846): ExoPlayer cleared
10-07 09:14:13.184 D/AudioManager(18846): All playback stopped successfully
10-07 09:14:13.185 D/AudioManager(18846): Preloaded player released.
10-07 09:14:13.195 D/AudioManager(18846): Cleaned up temp file during cache clear: /data/user/0/com.example.mobiledigger/cache/aiff_temp_4568624204000045439.aiff
10-07 09:14:13.196 D/AudioManager(18846): All caches cleared
10-07 09:14:13.240 D/AudioManager(18846): Attempting to play file: The Echols Brothers and Santonio Echols - Work (Stacy Kidd House 4 Life Remix) [N.C.M label De.aif
10-07 09:14:13.241 D/AudioManager(18846): File URI: content://com.android.externalstorage.documents/tree/primary%3AAndroid%2Fmedia%2Fcom.whatsapp%2FWhatsApp%2FMedia%2FWhatsApp%20Documents/document/primary%3AAndroid%2Fmedia%2Fcom.whatsapp%2FWhatsApp%2FMedia%2FWhatsApp%20Documents%2FPrivate%2FThe%20Echols%20Brothers%20and%20Santonio%20Echols%20-%20Work%20(Stacy%20Kidd%20House%204%20Life%20Remix)%20%5BN.C.M%20label%20De.aif
10-07 09:14:13.241 D/AudioManager(18846): Stopping all playback before starting new file
10-07 09:14:13.241 D/AudioManager(18846): FFmpegMediaPlayer reset
10-07 09:14:13.241 D/AudioManager(18846): ExoPlayer cleared
10-07 09:14:13.241 D/AudioManager(18846): All playback stopped successfully
10-07 09:14:13.241 D/AudioManager(18846): AIFF file detected: The Echols Brothers and Santonio Echols - Work (Stacy Kidd House 4 Life Remix) [N.C.M label De.aif
10-07 09:14:13.241 D/AudioManager(18846): Trying FFmpegMediaPlayer for AIFF (ExoPlayer doesn't support AIFF)
10-07 09:14:13.241 D/AudioManager(18846): FFmpegMediaPlayer is available, attempting playback
10-07 09:14:13.390 D/AudioManager(18846): Successfully copied URI to temp file: /data/user/0/com.example.mobiledigger/cache/aiff_temp_6536434901472111873.aiff (71.56MB in 121ms, 591.41MB/s)
10-07 09:14:13.390 D/AudioManager(18846): Created temp file for FFmpeg: /data/user/0/com.example.mobiledigger/cache/aiff_temp_6536434901472111873.aiff
10-07 09:14:13.390 D/AudioManager(18846): Setting FFmpegMediaPlayer data source: /data/user/0/com.example.mobiledigger/cache/aiff_temp_6536434901472111873.aiff
10-07 09:14:13.390 D/AudioManager(18846): FFmpegMediaPlayer setDataSource successful
10-07 09:14:14.343 I/WifiHAL ( 1074): In GetCachedScanResultsCommand::handleResponse
10-07 09:14:14.394 D/AudioManager(18846): FFmpegMediaPlayer prepare (sync) completed
10-07 09:14:14.395 D/AudioManager(18846): FFmpegMediaPlayer audio stream type set to STREAM_MUSIC
10-07 09:14:14.395 D/AudioManager(18846): FFmpegMediaPlayer volume set to maximum
10-07 09:14:14.470 D/AudioManager(18846): FFmpegMediaPlayer started after proper preparation
10-07 09:14:14.470 D/AudioManager(18846): FFmpegMediaPlayer playback successful for AIFF: The Echols Brothers and Santonio Echols - Work (Stacy Kidd House 4 Life Remix) [N.C.M label De.aif
10-07 09:14:14.477 D/MusicViewModel(18846): MusicService started successfully.
10-07 09:14:14.496 D/MusicService( 6122): Started foreground service with notification
10-07 09:14:14.497 D/MusicService( 6122): updateNotificationData - Title: The Echols Brothers and Santonio Echols - Work (Stacy Kidd House 4 Life Remix) [N.C.M label De.aif, Playing: true, Position: 0, Duration: 0
10-07 09:14:14.497 D/MusicService( 6122): Skipping setMediaItem due to invalid/dummy URI for title: The Echols Brothers and Santonio Echols - Work (Stacy Kidd House 4 Life Remix) [N.C.M label De.aif
10-07 09:14:14.531 D/AudioManager(18846): FFmpegMediaPlayer info: what=802, extra=0
10-07 09:14:14.532 D/AudioManager(18846): FFmpegMediaPlayer prepared successfully
10-07 09:14:17.424 I/WifiHAL ( 1074): In GetCachedScanResultsCommand::handleResponse
10-07 09:14:17.537 D/FileManager(18846): Source file found: The Echols Brothers and Santonio Echols - Work (Stacy Kidd House 4 Life Remix) [N.C.M label De.aif, exists: true, canRead: true
10-07 09:14:19.668 D/AudioManager(18846): Stopping all playback before starting new file
10-07 09:14:19.674 D/AudioManager(18846): FFmpegMediaPlayer stopped
10-07 09:14:19.674 D/AudioManager(18846): FFmpegMediaPlayer reset
10-07 09:14:19.674 D/AudioManager(18846): ExoPlayer cleared
10-07 09:14:19.674 D/AudioManager(18846): All playback stopped successfully
10-07 09:14:19.674 D/AudioManager(18846): Preloaded player released.
10-07 09:14:19.675 D/AudioManager(18846): Attempting to play file: AL Gee - Memories (Original Mix).wav
10-07 09:14:19.675 D/AudioManager(18846): File URI: content://com.android.externalstorage.documents/tree/primary%3AAndroid%2Fmedia%2Fcom.whatsapp%2FWhatsApp%2FMedia%2FWhatsApp%20Documents/document/primary%3AAndroid%2Fmedia%2Fcom.whatsapp%2FWhatsApp%2FMedia%2FWhatsApp%20Documents%2FPrivate%2FAL%20Gee%20-%20Memories%20(Original%20Mix).wav
10-07 09:14:19.675 D/AudioManager(18846): Stopping all playback before starting new file
10-07 09:14:19.675 D/AudioManager(18846): FFmpegMediaPlayer reset
10-07 09:14:19.675 D/AudioManager(18846): ExoPlayer cleared
10-07 09:14:19.675 D/AudioManager(18846): All playback stopped successfully
10-07 09:14:19.675 D/AudioManager(18846): ExoPlayer attempting to play URI: content://com.android.externalstorage.documents/tree/primary%3AAndroid%2Fmedia%2Fcom.whatsapp%2FWhatsApp%2FMedia%2FWhatsApp%20Documents/document/primary%3AAndroid%2Fmedia%2Fcom.whatsapp%2FWhatsApp%2FMedia%2FWhatsApp%20Documents%2FPrivate%2FAL%20Gee%20-%20Memories%20(Original%20Mix).wav
10-07 09:14:19.676 D/AudioManager(18846): ExoPlayer started successfully
10-07 09:14:19.677 D/AudioManager(18846): ExoPlayer playback successful for: AL Gee - Memories (Original Mix).wav
10-07 09:14:19.682 D/MusicViewModel(18846): MusicService started successfully.
10-07 09:14:19.692 D/MusicService( 6122): Started foreground service with notification
10-07 09:14:19.693 D/MusicService( 6122): updateNotificationData - Title: AL Gee - Memories (Original Mix).wav, Playing: true, Position: 0, Duration: 0
10-07 09:14:19.693 D/MusicService( 6122): Skipping setMediaItem due to invalid/dummy URI for title: AL Gee - Memories (Original Mix).wav
10-07 09:14:20.504 I/WifiHAL ( 1074): In GetCachedScanResultsCommand::handleResponse
10-07 09:14:21.642 D/FileManager(18846): Source file found: AL Gee - Memories (Original Mix).wav, exists: true, canRead: true
10-07 09:14:23.453 D/AudioManager(18846): Stopping all playback before starting new file
10-07 09:14:23.453 D/AudioManager(18846): FFmpegMediaPlayer reset
10-07 09:14:23.454 D/AudioManager(18846): ExoPlayer stopped
10-07 09:14:23.455 D/AudioManager(18846): ExoPlayer cleared
10-07 09:14:23.455 D/AudioManager(18846): All playback stopped successfully
10-07 09:14:23.456 D/AudioManager(18846): Preloaded player released.
10-07 09:14:23.456 D/AudioManager(18846): Attempting to play file: Lavelle Dupree - Sound of House (Extended Mix).aif
10-07 09:14:23.456 D/AudioManager(18846): File URI: content://com.android.externalstorage.documents/tree/primary%3AAndroid%2Fmedia%2Fcom.whatsapp%2FWhatsApp%2FMedia%2FWhatsApp%20Documents/document/primary%3AAndroid%2Fmedia%2Fcom.whatsapp%2FWhatsApp%2FMedia%2FWhatsApp%20Documents%2FPrivate%2FLavelle%20Dupree%20-%20Sound%20of%20House%20(Extended%20Mix).aif
10-07 09:14:23.456 D/AudioManager(18846): Stopping all playback before starting new file
10-07 09:14:23.456 D/AudioManager(18846): FFmpegMediaPlayer reset
10-07 09:14:23.457 D/AudioManager(18846): ExoPlayer cleared
10-07 09:14:23.457 D/AudioManager(18846): All playback stopped successfully
10-07 09:14:23.457 D/AudioManager(18846): AIFF file detected: Lavelle Dupree - Sound of House (Extended Mix).aif
10-07 09:14:23.457 D/AudioManager(18846): Trying FFmpegMediaPlayer for AIFF (ExoPlayer doesn't support AIFF)
10-07 09:14:23.457 D/AudioManager(18846): FFmpegMediaPlayer is available, attempting playback
10-07 09:14:23.568 I/WifiHAL ( 1074): In GetCachedScanResultsCommand::handleResponse
10-07 09:14:23.618 D/AudioManager(18846): Successfully copied URI to temp file: /data/user/0/com.example.mobiledigger/cache/aiff_temp_818320681360555945.aiff (51.18MB in 99ms, 516.93MB/s)
10-07 09:14:23.618 D/AudioManager(18846): Created temp file for FFmpeg: /data/user/0/com.example.mobiledigger/cache/aiff_temp_818320681360555945.aiff
10-07 09:14:23.618 D/AudioManager(18846): Setting FFmpegMediaPlayer data source: /data/user/0/com.example.mobiledigger/cache/aiff_temp_818320681360555945.aiff
10-07 09:14:23.619 D/AudioManager(18846): FFmpegMediaPlayer setDataSource successful
10-07 09:14:24.623 D/AudioManager(18846): FFmpegMediaPlayer prepare (sync) completed
10-07 09:14:24.625 D/AudioManager(18846): FFmpegMediaPlayer audio stream type set to STREAM_MUSIC
10-07 09:14:24.625 D/AudioManager(18846): FFmpegMediaPlayer volume set to maximum
10-07 09:14:24.697 D/AudioManager(18846): FFmpegMediaPlayer started after proper preparation
