11-10 15:40:45.663  8413 16357 I PowerSavingModeHandler: maybeSwitchCodecForLeavingLowPower, no configured device
11-10 15:40:45.663  8413 16357 I PowerSavingModeHandler: maybeSwitchCodec completed
11-10 15:40:45.663 30907 26445 I PlayGamesServices[GamesSyncAdapter]: Sync duration for dd846cc9: 1
11-10 15:40:45.666 30907   984 W PlayGamesServices[DataBroker]: No player ID found when refreshing
11-10 15:40:45.667 30907   984 W PlayGamesServices[DataBroker]: No player ID found when refreshing
11-10 15:40:45.668 30907   984 W PlayGamesServices[DataBroker]: No player ID found when refreshing
11-10 15:40:45.669 30907 26445 W PlayGamesServices[DataBroker]: No player ID found when refreshing
11-10 15:40:45.669  1431  2167 W USF     : USF_API: Drop flicker data, cannot find sampling_id:84682!
11-10 15:40:45.672 30907 26445 W PlayGamesServices[DataBroker]: No player ID found when refreshing
11-10 15:40:45.673 30907 26445 W PlayGamesServices[DataBroker]: No player ID found when refreshing
11-10 15:40:45.673 30907 26445 W PlayGamesServices[DataBroker]: No player ID found when refreshing
11-10 15:40:45.674  4488  4782 I NetworkScheduler.Stats: (REDACTED) Task %s/%s finished executing. cause:%s result: %s elapsed_millis: %s uptime_millis: %s exec_start_elapsed_seconds: %s
11-10 15:40:45.679  1431  2167 W USF     : USF_API: Drop flicker data, cannot find sampling_id:84682!
11-10 15:40:45.689  4488  4782 I NetworkScheduler.Stats: (REDACTED) Task %s/%s finished executing. cause:%s result: %s elapsed_millis: %s uptime_millis: %s exec_start_elapsed_seconds: %s
11-10 15:40:45.689  1431  2167 W USF     : USF_API: Drop flicker data, cannot find sampling_id:84682!
11-10 15:40:45.689 30907 30943 W Binder  : Caught a RuntimeException from the binder stub implementation.
11-10 15:40:45.689 30907 30943 W Binder  : java.lang.UnsupportedOperationException
11-10 15:40:45.689 30907 30943 W Binder  : 	at m26.dep.d(:com.google.android.gms.optional_games@254334017@25.43.34 (100000-0):3)
11-10 15:40:45.689 30907 30943 W Binder  : 	at m26.dep.dX(:com.google.android.gms.optional_games@254334017@25.43.34 (100000-0):34)
11-10 15:40:45.689 30907 30943 W Binder  : 	at m26.cqk.onTransact(:com.google.android.gms.optional_games@254334017@25.43.34 (100000-0):75)
11-10 15:40:45.689 30907 30943 W Binder  : 	at android.os.Binder.execTransactInternal(Binder.java:1446)
11-10 15:40:45.689 30907 30943 W Binder  : 	at android.os.Binder.execTransact(Binder.java:1385)
11-10 15:40:45.696 30907 31141 W Binder  : Caught a RuntimeException from the binder stub implementation.
11-10 15:40:45.696 30907 31141 W Binder  : java.lang.UnsupportedOperationException
11-10 15:40:45.696 30907 31141 W Binder  : 	at m26.dep.d(:com.google.android.gms.optional_games@254334017@25.43.34 (100000-0):3)
11-10 15:40:45.696 30907 31141 W Binder  : 	at m26.dep.dX(:com.google.android.gms.optional_games@254334017@25.43.34 (100000-0):34)
11-10 15:40:45.696 30907 31141 W Binder  : 	at m26.cqk.onTransact(:com.google.android.gms.optional_games@254334017@25.43.34 (100000-0):75)
11-10 15:40:45.696 30907 31141 W Binder  : 	at android.os.Binder.execTransactInternal(Binder.java:1446)
11-10 15:40:45.696 30907 31141 W Binder  : 	at android.os.Binder.execTransact(Binder.java:1385)
11-10 15:40:45.699  1431  2167 W USF     : USF_API: Drop flicker data, cannot find sampling_id:84682!
11-10 15:40:45.709  1431  2167 W USF     : USF_API: Drop flicker data, cannot find sampling_id:84682!
11-10 15:40:45.719  1431  2167 W USF     : USF_API: Drop flicker data, cannot find sampling_id:84682!
11-10 15:40:45.720  4488  4236 I NetworkScheduler.Stats: (REDACTED) Task %s/%s started execution. cause:%s exec_start_elapsed_seconds: %s
11-10 15:40:45.725 30907   984 I PlayGamesServices[GamesSyncAdapter]: Starting sync for e8803828
11-10 15:40:45.727 30907   984 I PlayGamesServices[GamesSyncAdapter]: Sync duration for e8803828: 1
11-10 15:40:45.729  1431  2167 W USF     : USF_API: Drop flicker data, cannot find sampling_id:84682!
11-10 15:40:45.733  4488  4645 I NetworkScheduler.Stats: (REDACTED) Task %s/%s started execution. cause:%s exec_start_elapsed_seconds: %s
11-10 15:40:45.734 30907 26445 I PlayGamesServices[GamesSyncAdapter]: Starting sync for 936ca4d5
11-10 15:40:45.735 30907   984 W PlayGamesServices[DataBroker]: No player ID found when refreshing
11-10 15:40:45.737 30907 26445 I PlayGamesServices[GamesSyncAdapter]: Sync duration for 936ca4d5: 3
11-10 15:40:45.739  1431  2167 W USF     : USF_API: Drop flicker data, cannot find sampling_id:84682!
11-10 15:40:45.742 30907   984 W PlayGamesServices[DataBroker]: No player ID found when refreshing
11-10 15:40:45.742 30907   984 W PlayGamesServices[DataBroker]: No player ID found when refreshing
11-10 15:40:45.742 30907   984 W PlayGamesServices[DataBroker]: No player ID found when refreshing
11-10 15:40:45.746  4488  4782 I NetworkScheduler.Stats: (REDACTED) Task %s/%s finished executing. cause:%s result: %s elapsed_millis: %s uptime_millis: %s exec_start_elapsed_seconds: %s
11-10 15:40:45.746 30907 26445 W PlayGamesServices[DataBroker]: No player ID found when refreshing
11-10 15:40:45.749  1431  2167 W USF     : USF_API: Drop flicker data, cannot find sampling_id:84682!
11-10 15:40:45.749 30907 31141 W Binder  : Caught a RuntimeException from the binder stub implementation.
11-10 15:40:45.749 30907 31141 W Binder  : java.lang.UnsupportedOperationException
11-10 15:40:45.749 30907 31141 W Binder  : 	at m26.dep.d(:com.google.android.gms.optional_games@254334017@25.43.34 (100000-0):3)
11-10 15:40:45.749 30907 31141 W Binder  : 	at m26.dep.dX(:com.google.android.gms.optional_games@254334017@25.43.34 (100000-0):34)
11-10 15:40:45.749 30907 31141 W Binder  : 	at m26.cqk.onTransact(:com.google.android.gms.optional_games@254334017@25.43.34 (100000-0):75)
11-10 15:40:45.749 30907 31141 W Binder  : 	at android.os.Binder.execTransactInternal(Binder.java:1446)
11-10 15:40:45.749 30907 31141 W Binder  : 	at android.os.Binder.execTransact(Binder.java:1385)
11-10 15:40:45.752 30907 26445 W PlayGamesServices[DataBroker]: No player ID found when refreshing
11-10 15:40:45.753 30907 26445 W PlayGamesServices[DataBroker]: No player ID found when refreshing
11-10 15:40:45.754 30907 26445 W PlayGamesServices[DataBroker]: No player ID found when refreshing
11-10 15:40:45.758  4488  4782 I NetworkScheduler.Stats: (REDACTED) Task %s/%s finished executing. cause:%s result: %s elapsed_millis: %s uptime_millis: %s exec_start_elapsed_seconds: %s
11-10 15:40:45.758 30907 30943 W Binder  : Caught a RuntimeException from the binder stub implementation.
11-10 15:40:45.758 30907 30943 W Binder  : java.lang.UnsupportedOperationException
11-10 15:40:45.758 30907 30943 W Binder  : 	at m26.dep.d(:com.google.android.gms.optional_games@254334017@25.43.34 (100000-0):3)
11-10 15:40:45.758 30907 30943 W Binder  : 	at m26.dep.dX(:com.google.android.gms.optional_games@254334017@25.43.34 (100000-0):34)
11-10 15:40:45.758 30907 30943 W Binder  : 	at m26.cqk.onTransact(:com.google.android.gms.optional_games@254334017@25.43.34 (100000-0):75)
11-10 15:40:45.758 30907 30943 W Binder  : 	at android.os.Binder.execTransactInternal(Binder.java:1446)
11-10 15:40:45.758 30907 30943 W Binder  : 	at android.os.Binder.execTransact(Binder.java:1385)
11-10 15:40:45.759  1431  2167 W USF     : USF_API: Drop flicker data, cannot find sampling_id:84682!
11-10 15:40:45.769  1431  2167 W USF     : USF_API: Drop flicker data, cannot find sampling_id:84682!
11-10 15:40:45.779  1431  2167 W USF     : USF_API: Drop flicker data, cannot find sampling_id:84682!
11-10 15:40:45.789  1431  2167 W USF     : USF_API: Drop flicker data, cannot find sampling_id:84682!
11-10 15:40:45.799  1431  2167 W USF     : USF_API: Drop flicker data, cannot find sampling_id:84682!
11-10 15:40:45.804  1428  2117 D BTAudioSessionAidl: GetSupportedLatencyModes - Supported LatencyMode= FREE
11-10 15:40:45.809  1431  2167 W USF     : USF_API: Drop flicker data, cannot find sampling_id:84682!
11-10 15:40:45.819  1431  2167 W USF     : USF_API: Drop flicker data, cannot find sampling_id:84682!
11-10 15:40:45.829  1431  2167 W USF     : USF_API: Drop flicker data, cannot find sampling_id:84682!
11-10 15:40:45.839  1431  2167 W USF     : USF_API: Drop flicker data, cannot find sampling_id:84682!
11-10 15:40:45.849  1431  2167 W USF     : USF_API: Drop flicker data, cannot find sampling_id:84682!
11-10 15:40:45.859  1431  2167 W USF     : USF_API: Drop flicker data, cannot find sampling_id:84682!
11-10 15:40:45.869  1431  2167 W USF     : USF_API: Drop flicker data, cannot find sampling_id:84682!
11-10 15:40:45.880  1431  2167 W USF     : USF_API: Drop flicker data, cannot find sampling_id:84682!
11-10 15:40:45.890  1431  2167 W USF     : USF_API: Drop flicker data, cannot find sampling_id:84682!
11-10 15:40:45.899  1431  2167 W USF     : USF_API: Drop flicker data, cannot find sampling_id:84682!
11-10 15:40:45.909  1431  2167 W USF     : USF_API: Drop flicker data, cannot find sampling_id:84682!
11-10 15:40:45.919  1431  2167 W USF     : USF_API: Drop flicker data, cannot find sampling_id:84682!
11-10 15:40:45.929  1431  2167 W USF     : USF_API: Drop flicker data, cannot find sampling_id:84682!
11-10 15:40:45.939  1431  2167 W USF     : USF_API: Drop flicker data, cannot find sampling_id:84682!
11-10 15:40:45.948  1431  2167 W USF     : USF_API: Drop flicker data, cannot find sampling_id:84682!
11-10 15:40:45.958  1431  2167 W USF     : USF_API: Drop flicker data, cannot find sampling_id:84682!
11-10 15:40:45.968  1431  2167 W USF     : USF_API: Drop flicker data, cannot find sampling_id:84682!
11-10 15:40:45.978  1431  2167 W USF     : USF_API: Drop flicker data, cannot find sampling_id:84682!
11-10 15:40:45.988  1431  2167 W USF     : USF_API: Drop flicker data, cannot find sampling_id:84682!
11-10 15:40:45.998  1431  2167 W USF     : USF_API: Drop flicker data, cannot find sampling_id:84682!
11-10 15:40:46.008  1431  2167 W USF     : USF_API: Drop flicker data, cannot find sampling_id:84682!
11-10 15:40:46.018  1431  2167 W USF     : USF_API: Drop flicker data, cannot find sampling_id:84682!
11-10 15:40:46.028  1431  2167 W USF     : USF_API: Drop flicker data, cannot find sampling_id:84682!
11-10 15:40:46.038  1431  2167 W USF     : USF_API: Drop flicker data, cannot find sampling_id:84682!
11-10 15:40:46.044  1428  2117 D BTAudioSessionAidl: GetSupportedLatencyModes - Supported LatencyMode= FREE
11-10 15:40:46.048  1431  2167 W USF     : USF_API: Drop flicker data, cannot find sampling_id:84682!
11-10 15:40:46.058  1431  2167 W USF     : USF_API: Drop flicker data, cannot find sampling_id:84682!
11-10 15:40:46.068  1431  2167 W USF     : USF_API: Drop flicker data, cannot find sampling_id:84682!
11-10 15:40:46.078  1431  2167 W USF     : USF_API: Drop flicker data, cannot find sampling_id:84682!
11-10 15:40:46.088  1431  2167 W USF     : USF_API: Drop flicker data, cannot find sampling_id:84682!
11-10 15:40:46.098  1431  2167 W USF     : USF_API: Drop flicker data, cannot find sampling_id:84682!
11-10 15:40:46.108  1431  2167 W USF     : USF_API: Drop flicker data, cannot find sampling_id:84682!
11-10 15:40:46.120  1431  2167 W USF     : USF_API: Drop flicker data, cannot find sampling_id:84682!
11-10 15:40:46.125 31972 31972 I Finsky:background: [2] Memory trim requested to level 40
11-10 15:40:46.129  1431  2167 W USF     : USF_API: Drop flicker data, cannot find sampling_id:84682!
11-10 15:40:46.130 29449 29449 I Finsky  : [2] Memory trim requested to level 40
11-10 15:40:46.130 29449 29449 I Finsky  : [2] Flushing in-memory image cache
11-10 15:40:46.139  1431  2167 W USF     : USF_API: Drop flicker data, cannot find sampling_id:84682!
11-10 15:40:46.148  1431  2167 W USF     : USF_API: Drop flicker data, cannot find sampling_id:84682!
11-10 15:40:46.158  1431  2167 W USF     : USF_API: Drop flicker data, cannot find sampling_id:84682!
11-10 15:40:46.158  3767  3773 W pixelstats-vendor: Thread Pool max thread count is 0. Cannot cache binder as linkToDeath cannot be implemented. serviceName: android.frameworks.stats.IStats/default
11-10 15:40:46.168  1431  2167 W USF     : USF_API: Drop flicker data, cannot find sampling_id:84682!
11-10 15:40:46.178  1431  2167 W USF     : USF_API: Drop flicker data, cannot find sampling_id:84682!
11-10 15:40:46.188  1431  2167 W USF     : USF_API: Drop flicker data, cannot find sampling_id:84682!
11-10 15:40:46.198  1431  2167 W USF     : USF_API: Drop flicker data, cannot find sampling_id:84682!
11-10 15:40:46.208  1431  2167 W USF     : USF_API: Drop flicker data, cannot find sampling_id:84682!
11-10 15:40:46.218  1431  2167 W USF     : USF_API: Drop flicker data, cannot find sampling_id:84682!
11-10 15:40:46.227  1431  2167 W USF     : USF_API: Drop flicker data, cannot find sampling_id:84682!
11-10 15:40:46.229  1431  2167 W USF     : USF_API: Drop sample report, cannot find sampling_id:84682
11-10 15:40:46.237  1431  2167 W USF     : USF_API: Drop flicker data, cannot find sampling_id:84682!
11-10 15:40:46.244  1428  2117 D BTAudioSessionAidl: GetSupportedLatencyModes - Supported LatencyMode= FREE
11-10 15:40:46.247  1431  2167 W USF     : USF_API: Drop flicker data, cannot find sampling_id:84682!
11-10 15:40:46.259  1431  2167 W USF     : USF_API: Drop flicker data, cannot find sampling_id:84682!
11-10 15:40:46.269  1431  2167 W USF     : USF_API: Drop flicker data, cannot find sampling_id:84682!
11-10 15:40:46.279  1431  2167 W USF     : USF_API: Drop flicker data, cannot find sampling_id:84682!
11-10 15:40:46.289  1431  2167 W USF     : USF_API: Drop flicker data, cannot find sampling_id:84682!
11-10 15:40:46.299  1431  2167 W USF     : USF_API: Drop flicker data, cannot find sampling_id:84682!
11-10 15:40:46.309  1431  2167 W USF     : USF_API: Drop flicker data, cannot find sampling_id:84682!
11-10 15:40:46.319  1431  2167 W USF     : USF_API: Drop flicker data, cannot find sampling_id:84682!
11-10 15:40:46.329  1431  2167 W USF     : USF_API: Drop flicker data, cannot find sampling_id:84682!
11-10 15:40:46.339  1431  2167 W USF     : USF_API: Drop flicker data, cannot find sampling_id:84682!
11-10 15:40:46.349  1431  2167 W USF     : USF_API: Drop flicker data, cannot find sampling_id:84682!
11-10 15:40:46.359  1431  2167 W USF     : USF_API: Drop flicker data, cannot find sampling_id:84682!
11-10 15:40:46.369  1431  2167 W USF     : USF_API: Drop flicker data, cannot find sampling_id:84682!
11-10 15:40:46.379  1431  2167 W USF     : USF_API: Drop flicker data, cannot find sampling_id:84682!
11-10 15:40:46.389  1431  2167 W USF     : USF_API: Drop flicker data, cannot find sampling_id:84682!
11-10 15:40:46.398  1431  2167 W USF     : USF_API: Drop flicker data, cannot find sampling_id:84682!
11-10 15:40:46.408  1431  2167 W USF     : USF_API: Drop flicker data, cannot find sampling_id:84682!
11-10 15:40:46.413  1653  1653 D AOC     : A3:MSG: vsc_controller.cc, 602: VSC: [Significant Motion] stopSensorEvents: sensor 0x20002
11-10 15:40:46.414  1653  1653 D AOC     : A3:MSG: icm456xy_device.cc, 414: USF: Icm456xyDevice: Sensor 3, period 0 ns, latency 9223372036854775807 ns.
11-10 15:40:46.414  1653  1653 D AOC     : A3:MSG: vsc_controller.cc, 584: VSC: [Significant Motion] requestSensorEvents: sensor 0x10001, period=20 latency=3200m
11-10 15:40:46.416  1653  1653 D AOC     : A3:MSG: icm456xy_device.cc, 1369: USF: Icm456xyDevice: FIFO enabled: 1, ODR: 200, WM: 1, Intr: 200.
11-10 15:40:46.419  1653  1653 D AOC     : A3:MSG: usf_sensor.cc, 1792: USF: Received stop sampling request for ICM45631 Motion Detect (active:-1).
11-10 15:40:46.419  1653  1653 D AOC     : A3:MSG: usf_sensor.cc, 2354: USF: Sampling configuration 94004 not found.
11-10 15:40:46.420  1653  1653 D AOC     : A3:MSG: usf_sensor_client.cc, 173: USF: Received kErrNotFound when disabling one shot sensor.
11-10 15:40:46.420  1653  1653 D AOC     : A3:MSG: usf_sensor.cc, 1784: USF: Received start sampling request for ICM45631 Stationary Detect (active:1).
11-10 15:40:46.421  1431  2167 W USF     : USF_API: Drop flicker data, cannot find sampling_id:84682!
11-10 15:40:46.421  1653  1653 D AOC     : A3:MSG: icm456xy_device.cc, 414: USF: Icm456xyDevice: Sensor 4, period 640000000 ns, latency 0 ns.
11-10 15:40:46.422  1653  1653 D AOC     : A3:MSG: icm456xy_device.cc, 1369: USF: Icm456xyDevice: FIFO enabled: 1, ODR: 200, WM: 1, Intr: 200.
11-10 15:40:46.425  1653  1653 D AOC     : A3:MSG: motion_state_sensor.cc, 328: USF: MoSt: StationaryDetect sampling started with sampling ID 94006.
11-10 15:40:46.425  1653  1653 D AOC     : A3:MSG: usf_sensor.cc, 1784: USF: Received start sampling request for ICM45631 Accelerometer (active:5).
11-10 15:40:46.426  1653  1653 D AOC     : A3:MSG: vsc_controller.cc, 602: VSC: [Step Counter] stopSensorEvents: sensor 0x20002
11-10 15:40:46.427  1653  1653 D AOC     : A3:MSG: vsc_controller.cc, 584: VSC: [Step Counter] requestSensorEvents: sensor 0x10001, period=20 latency=1000ms.
11-10 15:40:46.428  1431  2167 W USF     : USF_API: Drop flicker data, cannot find sampling_id:84682!
11-10 15:40:46.433  1653  1653 D AOC     : A3:MSG: vsc_controller.cc, 602: VSC: [Tilt Sensor] stopSensorEvents: sensor 0x20002
11-10 15:40:46.433  1653  1653 D AOC     : A3:MSG: vsc_controller.cc, 584: VSC: [Tilt Sensor] requestSensorEvents: sensor 0x10001, period=20 latency=250ms.
11-10 15:40:46.437  1432  1491 I CHRE    : @ 551313.728: [AR] IDLE => ON
11-10 15:40:46.438  1431  2167 W USF     : USF_API: Drop flicker data, cannot find sampling_id:84682!
11-10 15:40:46.443  1653  1653 D AOC     : A3:MSG: usf_sensor.cc, 1784: USF: Received start sampling request for ICM45631 Accelerometer (active:5).
11-10 15:40:46.445  1653  1653 D AOC     : A3:MSG: usf_sensor.cc, 1784: USF: Received start sampling request for ICM45631 Stationary Detect (active:2).
11-10 15:40:46.445  1428  2117 D BTAudioSessionAidl: GetSupportedLatencyModes - Supported LatencyMode= FREE
11-10 15:40:46.446  1432  1491 D CHRE    : @ 551313.753: Parsed nanoapp message from host: app ID 0x476f6f676c00103b endpoint 0x8005 msgType 1 payload size 8
11-10 15:40:46.447  1653  1653 D AOC     : A3:MSG: usf_sensor.cc, 1784: USF: Received start sampling request for ICM45631 Accelerometer (active:6).
11-10 15:40:46.448  1431  2167 W USF     : USF_API: Drop flicker data, cannot find sampling_id:84682!
11-10 15:40:46.451  1653  1653 D AOC     : A3:MSG: icm456xy_device.cc, 414: USF: Icm456xyDevice: Sensor 0, period 2500000 ns, latency 5000000 ns.
11-10 15:40:46.451  1653  1653 D AOC     : A3:MSG: icm456xy_device.cc, 1369: USF: Icm456xyDevice: FIFO enabled: 1, ODR: 200, WM: 1, Intr: 200.
11-10 15:40:46.452  1432  1491 I CHRE    : @ 551313.756: Received a sampling status update for one shot sensor ICM45631 Stationary Detect
11-10 15:40:46.452  1653  1653 D AOC     : A3:MSG: usf_sensor.cc, 1784: USF: Received start sampling request for ICM45631 Gyroscope (active:3).
11-10 15:40:46.455  1653  1653 D AOC     : A3:MSG: icm456xy_device.cc, 414: USF: Icm456xyDevice: Sensor 1, period 2500000 ns, latency 5000000 ns.
11-10 15:40:46.455  1653  1653 D AOC     : A3:MSG: icm456xy_device.cc, 1369: USF: Icm456xyDevice: FIFO enabled: 1, ODR: 400, WM: 2, Intr: 200.
11-10 15:40:46.455  2765  2767 I deeptouch: I0000 00:00:1762782046.454905    2767 tf_lite_classifier.cc:413] Event stream classified as kNone
11-10 15:40:46.458  1431  2167 W USF     : USF_API: Drop flicker data, cannot find sampling_id:84682!
11-10 15:40:46.459  1653  1653 D AOC     : A3:MSG: usf_sensor.cc, 1784: USF: Received start sampling request for ICM45631 FreeFall Detect (active:1).
11-10 15:40:46.459  1653  1653 D AOC     : A3:MSG: icm456xy_device.cc, 414: USF: Icm456xyDevice: Sensor 5, period 640000000 ns, latency 0 ns.
11-10 15:40:46.460  1653  1653 D AOC     : A3:MSG: icm456xy_device.cc, 1369: USF: Icm456xyDevice: FIFO enabled: 1, ODR: 400, WM: 2, Intr: 200.
11-10 15:40:46.464  4821  4821 D Debug   : ðŸŽ¯ Seek calculation: progress=0.29893616, duration=396894, seekPosition=118645
11-10 15:40:46.465  4821  4964 D VLC     : [b40000705be71a60/1364] libvlc input: control type=3
11-10 15:40:46.465  4821  4821 D Debug   : ðŸŽ¯ Shared waveform tap seek to: 29%
11-10 15:40:46.465  1432  1491 D CHRE    : @ 551313.767: Parsed nanoapp message from host: app ID 0x476f6f676c00103b endpoint 0x8005 msgType 1 payload size 6
11-10 15:40:46.467  1884  2447 E AppOps  : attributionTag  not declared in manifest of com.example.mobiledigger
11-10 15:40:46.467  1431  2167 W USF     : USF_API: Drop flicker data, cannot find sampling_id:84682!
11-10 15:40:46.467  1432  1491 I CHRE    : @ 551313.774: Received a sampling status update for one shot sensor ICM45631 FreeFall Detect
11-10 15:40:46.467  1884  5666 E AppOps  : attributionTag  not declared in manifest of com.example.mobiledigger
11-10 15:40:46.470  1884  1884 D MediaSessionService: Media button session is changed to com.example.mobiledigger/androidx.media3.session.id./1011 (userId=0)
11-10 15:40:46.470  1884  2447 E AppOps  : attributionTag  not declared in manifest of com.example.mobiledigger
11-10 15:40:46.472  1884  2447 E AppOps  : attributionTag  not declared in manifest of com.example.mobiledigger
11-10 15:40:46.472 14050 14050 I MediaPlayerList: onMediaKeyEventSessionChanged: token=com.example.mobiledigger
11-10 15:40:46.472 14050 14050 W MediaPlayerList: com.example.mobiledigger is already the active player
11-10 15:40:46.473 14050 14050 I MediaPlayerList: onMediaKeyEventSessionChanged: token=com.example.mobiledigger
11-10 15:40:46.473 14050 14050 W MediaPlayerList: com.example.mobiledigger is already the active player
11-10 15:40:46.474  4821  4964 D VLC     : [b40000705be71a60/1364] libvlc input: Buffering 0%
11-10 15:40:46.474  4821  4964 D VLC     : [b40000705be71a60/1364] libvlc input: Buffering 6%
11-10 15:40:46.474  4821  4964 D VLC     : [b40000705be71a60/1364] libvlc input: Buffering 12%
11-10 15:40:46.474  4821  4964 D VLC     : [b40000705be71a60/1364] libvlc input: Buffering 18%
11-10 15:40:46.475  4821  4964 D VLC     : [b40000705be71a60/1364] libvlc input: Buffering 24%
11-10 15:40:46.475  4821  4964 D VLC     : [b40000705be71a60/1364] libvlc input: Buffering 30%
11-10 15:40:46.475  4821  4964 D VLC     : [b40000705be71a60/1364] libvlc input: Buffering 37%
11-10 15:40:46.475  4821  4964 D VLC     : [b40000705be71a60/1364] libvlc input: Buffering 43%
11-10 15:40:46.475  4821  4964 D VLC     : [b40000705be71a60/1364] libvlc input: Buffering 49%
11-10 15:40:46.475 14050 14050 I MediaPlayerList: sendMediaUpdate: Creating a one item queue for a player with no queue
11-10 15:40:46.475  4821  4964 D VLC     : [b40000705be71a60/1364] libvlc input: Buffering 55%
11-10 15:40:46.475  4821  4964 D VLC     : [b40000705be71a60/1364] libvlc input: Buffering 61%
11-10 15:40:46.475 14050 14050 W MediaControlGattService: Feature PLAYBACK_SPEED support: true
11-10 15:40:46.475 14050 14050 W MediaControlGattService: Feature PLAYBACK_SPEED support: true
11-10 15:40:46.475 14050 14050 W MediaControlGattService: Feature PLAYBACK_SPEED support: true
11-10 15:40:46.475  4821  4964 D VLC     : [b40000705be71a60/1364] libvlc input: Buffering 68%
11-10 15:40:46.475 14050 14050 W MediaControlGattService: Feature TRACK_POSITION support: true
11-10 15:40:46.475 14050 14050 W MediaControlGattService: Feature TRACK_POSITION_NOTIFY support: true
11-10 15:40:46.475 14050 14050 W MediaControlGattService: Feature MEDIA_STATE support: true
11-10 15:40:46.475 14050 14050 W MediaControlGattService: Feature MEDIA_STATE support: true
11-10 15:40:46.475  4821  4964 D VLC     : [b40000705be71a60/1364] libvlc input: Buffering 74%
11-10 15:40:46.476  4821  4964 D VLC     : [b40000705be71a60/1364] libvlc input: Buffering 80%
11-10 15:40:46.476  4821  4964 D VLC     : [b40000705be71a60/1364] libvlc input: Buffering 86%
11-10 15:40:46.476  4821  4964 D VLC     : [b40000705be71a60/1364] libvlc input: Buffering 92%
11-10 15:40:46.476  4821  4964 D VLC     : [b40000705be71a60/1364] libvlc input: Buffering 99%
11-10 15:40:46.476 14050 14050 I BluetoothAdapterProperties: getBondedDevices: length=11
11-10 15:40:46.476  4821  4964 D VLC     : [b40000705be71a60/1364] libvlc input: Stream buffering done (1578 ms in 2 ms)
11-10 15:40:46.476  4821  4964 D VLC     : [b40000705be71a60/1364] libvlc input: Decoder wait done in 0 ms
11-10 15:40:46.476 14050 14050 W MediaControlGattService: Feature PLAYER_NAME support: true
11-10 15:40:46.476 14050 14050 W MediaControlGattService: Feature PLAYER_NAME support: true
11-10 15:40:46.477 14050 14050 W MediaControlGattService: Feature MEDIA_CONTROL_POINT_OPCODES_SUPPORTED support: true
11-10 15:40:46.477 14050 14050 W MediaControlGattService: Feature MEDIA_STATE support: true
11-10 15:40:46.477 14050 14050 W MediaControlGattService: Feature MEDIA_STATE support: true
11-10 15:40:46.477 14050 14050 W MediaControlGattService: Feature SEEKING_SPEED support: true
11-10 15:40:46.477 14050 14050 W MediaControlGattService: Feature SEEKING_SPEED support: true
11-10 15:40:46.477 14050 14050 W MediaControlGattService: Feature SEEKING_SPEED support: true
11-10 15:40:46.477  1431  2167 W USF     : USF_API: Drop flicker data, cannot find sampling_id:84682!
11-10 15:40:46.485  1884  1884 D MediaSessionService: Media button session is changed to com.example.mobiledigger/MobileDigger/1012 (userId=0)
11-10 15:40:46.487  1431  2167 W USF     : USF_API: Drop flicker data, cannot find sampling_id:84682!
11-10 15:40:46.489  1432  1491 D CHRE.HAL: Received a nanoapp message from 0x476f6f676c001016 endpoint 0x5: Type 0x8003 size 1 
11-10 15:40:46.489  4488  4488 I Dtdi    : (REDACTED) [MediaControllerFilter] packageName=%s resolved=%s
11-10 15:40:46.490  4488  4488 I Dtdi    : (REDACTED) [MediaControllerFilter] packageName=%s resolved=%s
11-10 15:40:46.490  1432  1491 D CHRE.HAL: Received a nanoapp message from 0x476f6f676c001019 endpoint 0x2: Type 0x1f4 size 12 
11-10 15:40:46.491  1432  1491 D CHRE.HAL: Received a nanoapp message from 0x476f6f676c001019 endpoint 0x2: Type 0x1f4 size 12 
11-10 15:40:46.491 14050 14050 I MediaPlayerList: sendMediaUpdate: Creating a one item queue for a player with no queue
11-10 15:40:46.492 14050 14050 I bluetooth: system/btif/avrcp/avrcp_service.cc:532 SendMediaUpdate: track_changed=false :  play_state=true :  queue=false
11-10 15:40:46.492  4488  4488 I Dtdi    : (REDACTED) [MediaControllerFilter] packageName=%s resolved=%s
11-10 15:40:46.492 14050 14071 W avrcp   : system/profile/avrcp/device.cc:1742 HandlePlayPosUpdate: Device is not registered for play position updates
11-10 15:40:46.492  4488  4488 I Dtdi    : (REDACTED) [MediaControllerFilter] packageName=%s resolved=%s
11-10 15:40:46.495 14050 14050 I MediaPlayerList: onMediaKeyEventSessionChanged: token=com.example.mobiledigger
11-10 15:40:46.495 14050 14050 W MediaPlayerList: com.example.mobiledigger is already the active player
11-10 15:40:46.495  4488  4488 I Dtdi    : (REDACTED) [MediaControllerFilter] packageName=%s resolved=%s
11-10 15:40:46.495  4488  4488 I Dtdi    : (REDACTED) [MediaControllerFilter] packageName=%s resolved=%s
11-10 15:40:46.495 14050 14050 I MediaPlayerList: onMediaKeyEventSessionChanged: token=com.example.mobiledigger
11-10 15:40:46.495 14050 14050 W MediaPlayerList: com.example.mobiledigger is already the active player
11-10 15:40:46.496  4488  4488 I Dtdi    : (REDACTED) [MediaControllerFilter] packageName=%s resolved=%s
11-10 15:40:46.496  4488  4488 I Dtdi    : (REDACTED) [MediaControllerFilter] packageName=%s resolved=%s
11-10 15:40:46.497  1431  2167 W USF     : USF_API: Drop flicker data, cannot find sampling_id:84682!
11-10 15:40:46.499 14050 14050 I MediaPlayerList: sendMediaUpdate: Creating a one item queue for a player with no queue
11-10 15:40:46.499 14050 14050 W MediaControlGattService: Feature PLAYER_NAME support: true
11-10 15:40:46.499 14050 14050 W MediaControlGattService: Feature PLAYER_NAME support: true
11-10 15:40:46.499 14050 14050 W MediaControlGattService: Feature MEDIA_STATE support: true
11-10 15:40:46.501 14050 14050 I MediaPlayerList: sendMediaUpdate: Creating a one item queue for a player with no queue
11-10 15:40:46.501 14050 14050 I bluetooth: system/btif/avrcp/avrcp_service.cc:532 SendMediaUpdate: track_changed=false :  play_state=false :  queue=false
11-10 15:40:46.506  1484  1579 I vendor.google.wifi_ext-service-vendor: Wifi: Setting SAR Scenario to 5
11-10 15:40:46.506  1484  1579 E WifiHAL : wifi_select_tx_power_scenario
11-10 15:40:46.506  1431  2167 W USF     : USF_API: Drop flicker data, cannot find sampling_id:84682!
11-10 15:40:46.516  1431  2167 W USF     : USF_API: Drop flicker data, cannot find sampling_id:84682!
11-10 15:40:46.526  1431  2167 W USF     : USF_API: Drop flicker data, cannot find sampling_id:84682!
11-10 15:40:46.536  1431  2167 W USF     : USF_API: Drop flicker data, cannot find sampling_id:84682!
11-10 15:40:46.546  1431  2167 W USF     : USF_API: Drop flicker data, cannot find sampling_id:84682!
11-10 15:40:46.556  1431  2167 W USF     : USF_API: Drop flicker data, cannot find sampling_id:84682!
11-10 15:40:46.563  2978  2978 D GRIL-S  : [26042]> UPDATE_DEVICE_STATE DeviceState: Usb:1, Wifi: 1, Wifi AP: 0, Earpiece: 0, Bluetooth: 1, Wireless charging: 0, Screen: 1, Camera: 0, 0, -, -, Motion: 1, Bluetooth tethering: 0, Voice: 0, Wifi 2.4G: 0, Radio: 1, Bluetooth connected: 1, Bluetooth media: 1, Wifi Band: 2, Wifi AP Band: 0, Wifi call: 0, mmWave: 0, mCellBackhaul: 0, mHallSensor: 0, mDozeStatus: 1, mAppClassInfo: 0, mWifiCapSensorStatus: 0, mCellCapSensorStatus: 0, mBesideHeadHandStatus: 0, mSpeakerStatus: 0, mProtectiveCaseStatus: 0, mWifiSettingStatus: 0, mGpsStatus: 0
11-10 15:40:46.563  1484  1484 I WifiHAL : Creating message to get link statistics; iface = 47
11-10 15:40:46.566  1431  2167 W USF     : USF_API: Drop flicker data, cannot find sampling_id:84682!
11-10 15:40:46.575  1431  2167 W USF     : USF_API: Drop flicker data, cannot find sampling_id:84682!
11-10 15:40:46.585  1431  2167 W USF     : USF_API: Drop flicker data, cannot find sampling_id:84682!
11-10 15:40:46.595  1431  2167 W USF     : USF_API: Drop flicker data, cannot find sampling_id:84682!
11-10 15:40:46.605  1431  2167 W USF     : USF_API: Drop flicker data, cannot find sampling_id:84682!
11-10 15:40:46.611  2978  3589 D GRIL-S  : [26042]< UPDATE_DEVICE_STATE 
11-10 15:40:46.615  1431  2167 W USF     : USF_API: Drop flicker data, cannot find sampling_id:84682!
11-10 15:40:46.616  2978  2978 D GRIL-BluetoothSar: setBluetoothModeBasedTxPowerCap invoked with parameters: chain0Cap:[70, 68, 38, 64] chain1Cap:[68, 68, 34, 64] beamformingCap:[58, 58, 22, 50, 58, 58, 22, 50]
11-10 15:40:46.617  1430  1430 I bthal.aidl.sar: setBluetoothModeBasedTxPowerCapPlusHR: 0 Chain 0 Power Cap:<br=70, edr=68, ble=38, hr=64>, Chain 1 Power Cap:<br=68, edr=68, ble=34, hr=64>, Beamforming Power Cap Chain 0: <br=58, edr=58, ble=22, hr=50>, Chain 1:<br=58, edr=58, ble=22, hr=50>
11-10 15:40:46.625  1431  2167 W USF     : USF_API: Drop flicker data, cannot find sampling_id:84682!
11-10 15:40:46.632  1430  2253 I bthal.aidl.sar: OnEventReceive: (1) Recv Success VSE <[8]{14, 6, 1, 105, 254, 0, 8, 1}>
11-10 15:40:46.632  1430  2253 I bthal.flowcontrol: HciEventPreProcess: HCI Event 0xe Opcode 0xfe69 Length 8 handled by bthal.aidl.sar
11-10 15:40:46.635  1431  2167 W USF     : USF_API: Drop flicker data, cannot find sampling_id:84682!
11-10 15:40:46.642  1484  1484 I WifiHAL : index: 0 per_rate_size 32, data_rem_len 1152
11-10 15:40:46.642  1484  1484 I WifiHAL : index: 1 per_rate_size 32, data_rem_len 1120
11-10 15:40:46.642  1484  1484 I WifiHAL : index: 2 per_rate_size 32, data_rem_len 1088
11-10 15:40:46.642  1484  1484 I WifiHAL : index: 3 per_rate_size 32, data_rem_len 1056
11-10 15:40:46.642  1484  1484 I WifiHAL : index: 4 per_rate_size 32, data_rem_len 1024
11-10 15:40:46.642  1484  1484 I WifiHAL : index: 5 per_rate_size 32, data_rem_len 992
11-10 15:40:46.642  1484  1484 I WifiHAL : index: 6 per_rate_size 32, data_rem_len 960
11-10 15:40:46.642  1484  1484 I WifiHAL : index: 7 per_rate_size 32, data_rem_len 928
11-10 15:40:46.642  1484  1484 I WifiHAL : index: 8 per_rate_size 32, data_rem_len 896
11-10 15:40:46.642  1484  1484 I WifiHAL : index: 9 per_rate_size 32, data_rem_len 864
11-10 15:40:46.642  1484  1484 I WifiHAL : index: 10 per_rate_size 32, data_rem_len 832
11-10 15:40:46.642  1484  1484 I WifiHAL : index: 11 per_rate_size 32, data_rem_len 800
11-10 15:40:46.642  1484  1484 I WifiHAL : index: 12 per_rate_size 32, data_rem_len 768
11-10 15:40:46.642  1484  1484 I WifiHAL : index: 13 per_rate_size 32, data_rem_len 736
11-10 15:40:46.642  1484  1484 I WifiHAL : index: 14 per_rate_size 32, data_rem_len 704
11-10 15:40:46.642  1484  1484 I WifiHAL : index: 15 per_rate_size 32, data_rem_len 672
11-10 15:40:46.642  1484  1484 I WifiHAL : index: 16 per_rate_size 32, data_rem_len 640
11-10 15:40:46.642  1484  1484 I WifiHAL : index: 17 per_rate_size 32, data_rem_len 608
11-10 15:40:46.642  1484  1484 I WifiHAL : index: 18 per_rate_size 32, data_rem_len 576
11-10 15:40:46.642  1484  1484 I WifiHAL : index: 19 per_rate_size 32, data_rem_len 544
11-10 15:40:46.642  1484  1484 I WifiHAL : index: 20 per_rate_size 32, data_rem_len 512
11-10 15:40:46.642  1484  1484 I WifiHAL : index: 21 per_rate_size 32, data_rem_len 480
11-10 15:40:46.642  1484  1484 I WifiHAL : index: 22 per_rate_size 32, data_rem_len 448
11-10 15:40:46.642  1484  1484 I WifiHAL : index: 23 per_rate_size 32, data_rem_len 416
11-10 15:40:46.642  1484  1484 I WifiHAL : index: 24 per_rate_size 32, data_rem_len 384
11-10 15:40:46.642  1484  1484 I WifiHAL : index: 25 per_rate_size 32, data_rem_len 352
11-10 15:40:46.642  1484  1484 I WifiHAL : index: 26 per_rate_size 32, data_rem_len 320
11-10 15:40:46.642  1484  1484 I WifiHAL : index: 27 per_rate_size 32, data_rem_len 288
11-10 15:40:46.642  1484  1484 I WifiHAL : index: 28 per_rate_size 32, data_rem_len 256
11-10 15:40:46.642  1484  1484 I WifiHAL : index: 29 per_rate_size 32, data_rem_len 224
11-10 15:40:46.643  1484  1484 I WifiHAL : index: 30 per_rate_size 32, data_rem_len 192
11-10 15:40:46.643  1484  1484 I WifiHAL : index: 31 per_rate_size 32, data_rem_len 160
11-10 15:40:46.644  1431  2167 W USF     : USF_API: Drop flicker data, cannot find sampling_id:84682!
11-10 15:40:46.643  1484  1484 I WifiHAL : index: 32 per_rate_size 32, data_rem_len 128
11-10 15:40:46.647  1484  1484 I WifiHAL : index: 33 per_rate_size 32, data_rem_len 96
11-10 15:40:46.647  1484  1484 I WifiHAL : index: 34 per_rate_size 32, data_rem_len 64
11-10 15:40:46.647  1484  1484 I WifiHAL : index: 35 per_rate_size 32, data_rem_len 32
11-10 15:40:46.649  1484  1484 E libbinder.IPCThreadState: binder thread pool (1 threads) starved for 142 ms
11-10 15:40:46.652  1432  1491 D CHRE.HAL: Received a nanoapp message from 0x476f6f676c001019 endpoint 0x2: Type 0x1f4 size 12 
11-10 15:40:46.653  1484  1484 I WifiHAL : Getting cached scan results, iface handle = 0xb400007caea59610
11-10 15:40:46.654  1484  1484 E WifiHAL : Creating message to get cached scan results
11-10 15:40:46.655  1431  2167 W USF     : USF_API: Drop flicker data, cannot find sampling_id:84682!
11-10 15:40:46.655  4821  4966 W VLC     : [b400006f8be7c5e0/1366] libvlc audio output: playback too early (-43945): down-sampling
11-10 15:40:46.665  1431  2167 W USF     : USF_API: Drop flicker data, cannot find sampling_id:84682!
11-10 15:40:46.668  1432  1491 D CHRE.HAL: Received a nanoapp message from 0x476f6f676c001019 endpoint 0x2: Type 0x1f4 size 12 
11-10 15:40:46.668  1484  1484 I WifiHAL : In GetCachedScanResultsCommand::handleResponse
11-10 15:40:46.674  1431  2167 W USF     : USF_API: Drop flicker data, cannot find sampling_id:84682!
11-10 15:40:46.684  1431  2167 W USF     : USF_API: Drop flicker data, cannot find sampling_id:84682!
11-10 15:40:46.685  1428  2117 D BTAudioSessionAidl: GetSupportedLatencyModes - Supported LatencyMode= FREE
11-10 15:40:46.694  1431  2167 W USF     : USF_API: Drop flicker data, cannot find sampling_id:84682!
11-10 15:40:46.704  1431  2167 W USF     : USF_API: Drop flicker data, cannot find sampling_id:84682!
11-10 15:40:46.714  1431  2167 W USF     : USF_API: Drop flicker data, cannot find sampling_id:84682!
11-10 15:40:46.724  1431  2167 W USF     : USF_API: Drop flicker data, cannot find sampling_id:84682!
11-10 15:40:46.734  1431  2167 W USF     : USF_API: Drop flicker data, cannot find sampling_id:84682!
11-10 15:40:46.744  1431  2167 W USF     : USF_API: Drop flicker data, cannot find sampling_id:84682!
11-10 15:40:46.751  1884  2681 D ConnectivityService: NetReassign [no changes] [c 7] [a 5] [i 9]
11-10 15:40:46.754  1431  2167 W USF     : USF_API: Drop flicker data, cannot find sampling_id:84682!
11-10 15:40:46.763  1431  2167 W USF     : USF_API: Drop flicker data, cannot find sampling_id:84682!
11-10 15:40:46.773  1431  2167 W USF     : USF_API: Drop flicker data, cannot find sampling_id:84682!
11-10 15:40:46.784  1431  2167 W USF     : USF_API: Drop flicker data, cannot find sampling_id:84682!
11-10 15:40:46.792  1884  2681 D InetDiagMessage: Destroyed 0 sockets, proto=IPPROTO_TCP, family=AF_INET, states=14
11-10 15:40:46.793  1431  2167 W USF     : USF_API: Drop flicker data, cannot find sampling_id:84682!
11-10 15:40:46.796  1884  2681 D InetDiagMessage: Destroyed 0 sockets, proto=IPPROTO_TCP, family=AF_INET6, states=14
11-10 15:40:46.796  1884  2681 D InetDiagMessage: Destroyed live tcp sockets for uids={10148} in 9ms
11-10 15:40:46.799  1884  2681 D InetDiagMessage: Destroyed 0 sockets, proto=IPPROTO_TCP, family=AF_INET, states=14
11-10 15:40:46.803  1431  2167 W USF     : USF_API: Drop flicker data, cannot find sampling_id:84682!
11-10 15:40:46.807  1884  2681 D InetDiagMessage: Destroyed 0 sockets, proto=IPPROTO_TCP, family=AF_INET6, states=14
11-10 15:40:46.807  1884  2681 D InetDiagMessage: Destroyed live tcp sockets for uids={20148} in 10ms
11-10 15:40:46.813  1431  2167 W USF     : USF_API: Drop flicker data, cannot find sampling_id:84682!
11-10 15:40:46.823  1431  2167 W USF     : USF_API: Drop flicker data, cannot find sampling_id:84682!
11-10 15:40:46.833  1431  2167 W USF     : USF_API: Drop flicker data, cannot find sampling_id:84682!
11-10 15:40:46.843  1431  2167 W USF     : USF_API: Drop flicker data, cannot find sampling_id:84682!
11-10 15:40:46.853  1431  2167 W USF     : USF_API: Drop flicker data, cannot find sampling_id:84682!
11-10 15:40:46.863  1431  2167 W USF     : USF_API: Drop flicker data, cannot find sampling_id:84682!
11-10 15:40:46.873  1431  2167 W USF     : USF_API: Drop flicker data, cannot find sampling_id:84682!
11-10 15:40:46.883  1431  2167 W USF     : USF_API: Drop flicker data, cannot find sampling_id:84682!
11-10 15:40:46.894  1431  2167 W USF     : USF_API: Drop flicker data, cannot find sampling_id:84682!
11-10 15:40:46.904  1431  2167 W USF     : USF_API: Drop flicker data, cannot find sampling_id:84682!
11-10 15:40:46.914  1431  2167 W USF     : USF_API: Drop flicker data, cannot find sampling_id:84682!
11-10 15:40:46.924  1431  2167 W USF     : USF_API: Drop flicker data, cannot find sampling_id:84682!
11-10 15:40:46.924  1428  2117 D BTAudioSessionAidl: GetSupportedLatencyModes - Supported LatencyMode= FREE
11-10 15:40:46.934  1431  2167 W USF     : USF_API: Drop flicker data, cannot find sampling_id:84682!
11-10 15:40:46.943  1431  2167 W USF     : USF_API: Drop flicker data, cannot find sampling_id:84682!
11-10 15:40:46.953  1431  2167 W USF     : USF_API: Drop flicker data, cannot find sampling_id:84682!
11-10 15:40:46.963  1431  2167 W USF     : USF_API: Drop flicker data, cannot find sampling_id:84682!
11-10 15:40:46.973  1431  2167 W USF     : USF_API: Drop flicker data, cannot find sampling_id:84682!
11-10 15:40:46.978  1642  2367 D AidlBufferPoolAcc: evictor expired: 1, evicted: 0
11-10 15:40:46.984  1431  2167 W USF     : USF_API: Drop flicker data, cannot find sampling_id:84682!
11-10 15:40:46.990  4821  4958 D AidlBufferPoolAcc: evictor expired: 1, evicted: 0
11-10 15:40:46.993  1431  2167 W USF     : USF_API: Drop flicker data, cannot find sampling_id:84682!
11-10 15:40:47.003  1431  2167 W USF     : USF_API: Drop flicker data, cannot find sampling_id:84682!
11-10 15:40:47.013  1431  2167 W USF     : USF_API: Drop flicker data, cannot find sampling_id:84682!
11-10 15:40:47.023  1431  2167 W USF     : USF_API: Drop flicker data, cannot find sampling_id:84682!
11-10 15:40:47.033  1431  2167 W USF     : USF_API: Drop flicker data, cannot find sampling_id:84682!
11-10 15:40:47.043  1431  2167 W USF     : USF_API: Drop flicker data, cannot find sampling_id:84682!
11-10 15:40:47.053  1431  2167 W USF     : USF_API: Drop flicker data, cannot find sampling_id:84682!
11-10 15:40:47.063  1431  2167 W USF     : USF_API: Drop flicker data, cannot find sampling_id:84682!
11-10 15:40:47.072  1431  2167 W USF     : USF_API: Drop flicker data, cannot find sampling_id:84682!
11-10 15:40:47.083  1431  2167 W USF     : USF_API: Drop flicker data, cannot find sampling_id:84682!
11-10 15:40:47.093  1431  2167 W USF     : USF_API: Drop flicker data, cannot find sampling_id:84682!
11-10 15:40:47.103  1431  2167 W USF     : USF_API: Drop flicker data, cannot find sampling_id:84682!
11-10 15:40:47.112  1431  2167 W USF     : USF_API: Drop flicker data, cannot find sampling_id:84682!
11-10 15:40:47.122  1431  2167 W USF     : USF_API: Drop flicker data, cannot find sampling_id:84682!
11-10 15:40:47.132  1431  2167 W USF     : USF_API: Drop flicker data, cannot find sampling_id:84682!
11-10 15:40:47.142  1431  2167 W USF     : USF_API: Drop flicker data, cannot find sampling_id:84682!
11-10 15:40:47.152  1431  2167 W USF     : USF_API: Drop flicker data, cannot find sampling_id:84682!
11-10 15:40:47.162  1431  2167 W USF     : USF_API: Drop flicker data, cannot find sampling_id:84682!
11-10 15:40:47.164  1428  2117 D BTAudioSessionAidl: GetSupportedLatencyModes - Supported LatencyMode= FREE
11-10 15:40:47.172  1431  2167 W USF     : USF_API: Drop flicker data, cannot find sampling_id:84682!
11-10 15:40:47.183  1431  2167 W USF     : USF_API: Drop flicker data, cannot find sampling_id:84682!
11-10 15:40:47.193  1431  2167 W USF     : USF_API: Drop flicker data, cannot find sampling_id:84682!
11-10 15:40:47.202  1431  2167 W USF     : USF_API: Drop flicker data, cannot find sampling_id:84682!
11-10 15:40:47.212  1431  2167 W USF     : USF_API: Drop flicker data, cannot find sampling_id:84682!
11-10 15:40:47.222  1431  2167 W USF     : USF_API: Drop flicker data, cannot find sampling_id:84682!
11-10 15:40:47.229  1431  2167 W USF     : USF_API: Drop sample report, cannot find sampling_id:84682
11-10 15:40:47.232  1431  2167 W USF     : USF_API: Drop flicker data, cannot find sampling_id:84682!
11-10 15:40:47.242  1431  2167 W USF     : USF_API: Drop flicker data, cannot find sampling_id:84682!
11-10 15:40:47.252  1431  2167 W USF     : USF_API: Drop flicker data, cannot find sampling_id:84682!
11-10 15:40:47.262  1431  2167 W USF     : USF_API: Drop flicker data, cannot find sampling_id:84682!
11-10 15:40:47.274  1431  2167 W USF     : USF_API: Drop flicker data, cannot find sampling_id:84682!
11-10 15:40:47.284  1431  2167 W USF     : USF_API: Drop flicker data, cannot find sampling_id:84682!
11-10 15:40:47.294  1431  2167 W USF     : USF_API: Drop flicker data, cannot find sampling_id:84682!
11-10 15:40:47.304  1431  2167 W USF     : USF_API: Drop flicker data, cannot find sampling_id:84682!
11-10 15:40:47.313  1431  2167 W USF     : USF_API: Drop flicker data, cannot find sampling_id:84682!
11-10 15:40:47.324  1431  2167 W USF     : USF_API: Drop flicker data, cannot find sampling_id:84682!
11-10 15:40:47.333  1431  2167 W USF     : USF_API: Drop flicker data, cannot find sampling_id:84682!
11-10 15:40:47.343  1431  2167 W USF     : USF_API: Drop flicker data, cannot find sampling_id:84682!
11-10 15:40:47.353  1431  2167 W USF     : USF_API: Drop flicker data, cannot find sampling_id:84682!
11-10 15:40:47.362  1431  2167 W USF     : USF_API: Drop flicker data, cannot find sampling_id:84682!
11-10 15:40:47.363  1653  1653 D AOC     : F1:BT_Tx (5s)MEL: 84.9  88.4  87.1  87.7  87.5
11-10 15:40:47.372  1431  2167 W USF     : USF_API: Drop flicker data, cannot find sampling_id:84682!
11-10 15:40:47.382  1431  2167 W USF     : USF_API: Drop flicker data, cannot find sampling_id:84682!
11-10 15:40:47.392  1431  2167 W USF     : USF_API: Drop flicker data, cannot find sampling_id:84682!
11-10 15:40:47.402  1431  2167 W USF     : USF_API: Drop flicker data, cannot find sampling_id:84682!
11-10 15:40:47.404  1428  2117 D BTAudioSessionAidl: GetSupportedLatencyModes - Supported LatencyMode= FREE
11-10 15:40:47.412  1431  2167 W USF     : USF_API: Drop flicker data, cannot find sampling_id:84682!
11-10 15:40:47.422  1431  2167 W USF     : USF_API: Drop flicker data, cannot find sampling_id:84682!
11-10 15:40:47.432  1431  2167 W USF     : USF_API: Drop flicker data, cannot find sampling_id:84682!
11-10 15:40:47.442  1431  2167 W USF     : USF_API: Drop flicker data, cannot find sampling_id:84682!
11-10 15:40:47.452  1431  2167 W USF     : USF_API: Drop flicker data, cannot find sampling_id:84682!
11-10 15:40:47.461  1431  2167 W USF     : USF_API: Drop flicker data, cannot find sampling_id:84682!
11-10 15:40:47.472  1431  2167 W USF     : USF_API: Drop flicker data, cannot find sampling_id:84682!
11-10 15:40:47.482  1431  2167 W USF     : USF_API: Drop flicker data, cannot find sampling_id:84682!
11-10 15:40:47.492  1431  2167 W USF     : USF_API: Drop flicker data, cannot find sampling_id:84682!
11-10 15:40:47.502  1431  2167 W USF     : USF_API: Drop flicker data, cannot find sampling_id:84682!
11-10 15:40:47.511  1431  2167 W USF     : USF_API: Drop flicker data, cannot find sampling_id:84682!
11-10 15:40:47.521  1431  2167 W USF     : USF_API: Drop flicker data, cannot find sampling_id:84682!
11-10 15:40:47.531  1431  2167 W USF     : USF_API: Drop flicker data, cannot find sampling_id:84682!
11-10 15:40:47.541  1431  2167 W USF     : USF_API: Drop flicker data, cannot find sampling_id:84682!
11-10 15:40:47.551  1431  2167 W USF     : USF_API: Drop flicker data, cannot find sampling_id:84682!
11-10 15:40:47.561  1431  2167 W USF     : USF_API: Drop flicker data, cannot find sampling_id:84682!
11-10 15:40:47.571  1431  2167 W USF     : USF_API: Drop flicker data, cannot find sampling_id:84682!
11-10 15:40:47.581  1431  2167 W USF     : USF_API: Drop flicker data, cannot find sampling_id:84682!
11-10 15:40:47.591  1431  2167 W USF     : USF_API: Drop flicker data, cannot find sampling_id:84682!
11-10 15:40:47.601  1431  2167 W USF     : USF_API: Drop flicker data, cannot find sampling_id:84682!
11-10 15:40:47.611  1431  2167 W USF     : USF_API: Drop flicker data, cannot find sampling_id:84682!
11-10 15:40:47.619  1884  2484 I ImeTracker: system_server:dcbf52d: setFinished at PHASE_WM_GET_CONTROL_WITH_LEASH with STATUS_TIMEOUT
11-10 15:40:47.621  1431  2167 W USF     : USF_API: Drop flicker data, cannot find sampling_id:84682!
11-10 15:40:47.631  1431  2167 W USF     : USF_API: Drop flicker data, cannot find sampling_id:84682!
11-10 15:40:47.641  1431  2167 W USF     : USF_API: Drop flicker data, cannot find sampling_id:84682!
11-10 15:40:47.644  1428  2117 D BTAudioSessionAidl: GetSupportedLatencyModes - Supported LatencyMode= FREE
11-10 15:40:47.651  1431  2167 W USF     : USF_API: Drop flicker data, cannot find sampling_id:84682!
11-10 15:40:47.661  1431  2167 W USF     : USF_API: Drop flicker data, cannot find sampling_id:84682!
11-10 15:40:47.671  1431  2167 W USF     : USF_API: Drop flicker data, cannot find sampling_id:84682!
11-10 15:40:47.681  1431  2167 W USF     : USF_API: Drop flicker data, cannot find sampling_id:84682!
11-10 15:40:47.691  1431  2167 W USF     : USF_API: Drop flicker data, cannot find sampling_id:84682!
11-10 15:40:47.701  1431  2167 W USF     : USF_API: Drop flicker data, cannot find sampling_id:84682!
11-10 15:40:47.711  1431  2167 W USF     : USF_API: Drop flicker data, cannot find sampling_id:84682!
11-10 15:40:47.721  1431  2167 W USF     : USF_API: Drop flicker data, cannot find sampling_id:84682!
11-10 15:40:47.731  1431  2167 W USF     : USF_API: Drop flicker data, cannot find sampling_id:84682!
11-10 15:40:47.741  1431  2167 W USF     : USF_API: Drop flicker data, cannot find sampling_id:84682!
11-10 15:40:47.751  1431  2167 W USF     : USF_API: Drop flicker data, cannot find sampling_id:84682!
11-10 15:40:47.761  1431  2167 W USF     : USF_API: Drop flicker data, cannot find sampling_id:84682!
11-10 15:40:47.765  1884  2463 D ActivityManager: freezing 21379 com.google.android.odad
11-10 15:40:47.771  1431  2167 W USF     : USF_API: Drop flicker data, cannot find sampling_id:84682!
11-10 15:40:47.776  1884  2681 D InetDiagMessage: Destroyed 0 sockets, proto=IPPROTO_TCP, family=AF_INET, states=14
11-10 15:40:47.781  1884  2681 D InetDiagMessage: Destroyed 0 sockets, proto=IPPROTO_TCP, family=AF_INET6, states=14
11-10 15:40:47.781  1884  2681 D InetDiagMessage: Destroyed live tcp sockets for uids={10154} in 10ms
11-10 15:40:47.783  1431  2167 W USF     : USF_API: Drop flicker data, cannot find sampling_id:84682!
11-10 15:40:47.783  1431  2167 W USF     : USF_API: Drop flicker data, cannot find sampling_id:84682!
11-10 15:40:47.793  1431  2167 W USF     : USF_API: Drop flicker data, cannot find sampling_id:84682!
11-10 15:40:47.803  1431  2167 W USF     : USF_API: Drop flicker data, cannot find sampling_id:84682!
11-10 15:40:47.813  1431  2167 W USF     : USF_API: Drop flicker data, cannot find sampling_id:84682!
11-10 15:40:47.823  1431  2167 W USF     : USF_API: Drop flicker data, cannot find sampling_id:84682!
11-10 15:40:47.832  1431  2167 W USF     : USF_API: Drop flicker data, cannot find sampling_id:84682!
