11-03 22:48:20.035  4846  4846 D VlcAudioBackend: ğŸ“Š Buffering: 20.0%
11-03 22:48:20.035  4846  4846 D VlcAudioBackend: ğŸ“Š Buffering: 23.333334%
11-03 22:48:20.035  4846  4846 D VlcAudioBackend: ğŸ“Š Buffering: 26.666668%
11-03 22:48:20.035  4846  4846 D VlcAudioBackend: ğŸ“Š Buffering: 30.000002%
11-03 22:48:20.035  4846  4846 D VlcAudioBackend: ğŸ“Š Buffering: 33.333336%
11-03 22:48:20.036  4846  4846 D VlcAudioBackend: ğŸ“Š Buffering: 36.666668%
11-03 22:48:20.036  4846  4846 D VlcAudioBackend: ğŸ“Š Buffering: 40.0%
11-03 22:48:20.036  4846  4846 D VlcAudioBackend: ğŸ“Š Buffering: 43.333332%
11-03 22:48:20.036  4846  4846 D VlcAudioBackend: ğŸ“Š Buffering: 46.666668%
11-03 22:48:20.036  4846  4846 D VlcAudioBackend: ğŸ“Š Buffering: 50.0%
11-03 22:48:20.036  4846  4846 D VlcAudioBackend: ğŸ“Š Buffering: 53.333336%
11-03 22:48:20.036  4846  4846 D VlcAudioBackend: ğŸ“Š Buffering: 56.666668%
11-03 22:48:20.036  4846  4846 D VlcAudioBackend: ğŸ“Š Buffering: 60.000004%
11-03 22:48:20.036  4846  4846 D VlcAudioBackend: ğŸ“Š Buffering: 63.333332%
11-03 22:48:20.036  4846  4846 D VlcAudioBackend: ğŸ“Š Buffering: 66.66667%
11-03 22:48:20.037  4846  4846 D VlcAudioBackend: ğŸ“Š Buffering: 70.0%
11-03 22:48:20.037  4846  4846 D VlcAudioBackend: ğŸ“Š Buffering: 73.333336%
11-03 22:48:20.037  4846  4846 D VlcAudioBackend: ğŸ“Š Buffering: 76.666664%
11-03 22:48:20.037  4846  4846 D VlcAudioBackend: ğŸ“Š Buffering: 80.0%
11-03 22:48:20.037  4846  4846 D VlcAudioBackend: ğŸ“Š Buffering: 83.33333%
11-03 22:48:20.037  4846  4846 D VlcAudioBackend: ğŸ“Š Buffering: 86.666664%
11-03 22:48:20.037  4846  4846 D VlcAudioBackend: ğŸ“Š Buffering: 90.0%
11-03 22:48:20.037  4846  4846 D VlcAudioBackend: ğŸ“Š Buffering: 93.333336%
11-03 22:48:20.037  4846  4846 D VlcAudioBackend: ğŸ“Š Buffering: 96.666664%
11-03 22:48:20.037  4846  4846 D VlcAudioBackend: ğŸ“Š Buffering: 100.0%
11-03 22:48:20.037  4846  4846 D VlcAudioBackend: ğŸ“Š Buffering: 100.0%
11-03 22:48:20.038  4846  4846 D WaveformGenerator: LaunchedEffect triggered for file: 01. DONT BLINK - NATURAL SELECTION (Original Mix).wav
11-03 22:48:20.121  4846  4846 D WaveformGenerator: Starting waveform generation for: 01. DONT BLINK - NATURAL SELECTION (Original Mix).wav
11-03 22:48:20.122  4846  4846 D WaveformGenerator: File size: 56.1MB
11-03 22:48:20.129  4846  4911 D WaveformGenerator: Generating waveform for: 01. DONT BLINK - NATURAL SELECTION (Original Mix).wav
11-03 22:48:20.131  4846  4911 D WaveformGenerator: Requesting 256 samples for any duration
11-03 22:48:20.142  4846  4846 D WaveformGenerator: ğŸ“º SharedWaveformDisplay - Received waveform: 256 samples
11-03 22:48:20.142  4846  4846 D WaveformGenerator: ğŸ“º SharedWaveformDisplay - Min: 30, Max: 85, Avg: 73
11-03 22:48:20.142  4846  4846 D WaveformGenerator: ğŸ“º SharedWaveformDisplay - First 10: 71, 66, 66, 63, 61, 58, 59, 59, 70, 81
11-03 22:48:20.678  4846  6834 D WaveformGenerator: âœ… Waveform generated: 256 samples
11-03 22:48:20.679  4846  6834 D WaveformGenerator: ğŸ“Š UI State - Min: 30, Max: 85, Avg: 82
11-03 22:48:20.679  4846  6834 D WaveformGenerator: ğŸ“Š UI State - First 10: 85, 84, 84, 83, 84, 84, 84, 84, 84, 83
11-03 22:48:20.679  4846  4846 D WaveformGenerator: ğŸ“Š UI State UPDATED - waveformData is now NOT NULL (256 samples)
11-03 22:48:20.713  4846  4846 D WaveformGenerator: ğŸ“º SharedWaveformDisplay - Received waveform: 256 samples
11-03 22:48:20.713  4846  4846 D WaveformGenerator: ğŸ“º SharedWaveformDisplay - Min: 30, Max: 85, Avg: 82
11-03 22:48:20.713  4846  4846 D WaveformGenerator: ğŸ“º SharedWaveformDisplay - First 10: 85, 84, 84, 83, 84, 84, 84, 84, 84, 83
11-03 22:48:20.714  4846  4846 D WaveformGenerator: ğŸ“º SharedWaveformDisplay - Received waveform: 256 samples
11-03 22:48:20.714  4846  4846 D WaveformGenerator: ğŸ“º SharedWaveformDisplay - Min: 30, Max: 85, Avg: 82
11-03 22:48:20.714  4846  4846 D WaveformGenerator: ğŸ“º SharedWaveformDisplay - First 10: 85, 84, 84, 83, 84, 84, 84, 84, 84, 83
11-03 22:48:20.953  4846  4846 D AudioManager: ğŸ“Š Copied 1.0MB...
11-03 22:48:20.957  4846  4846 D AudioManager: ğŸ“Š Copied 2.0MB...
11-03 22:48:20.961  4846  4846 D AudioManager: ğŸ“Š Copied 3.0MB...
11-03 22:48:20.965  4846  4846 D AudioManager: ğŸ“Š Copied 4.0MB...
11-03 22:48:20.967  4846  4846 D AudioManager: ğŸ“Š Copied 5.0MB...
11-03 22:48:20.970  4846  4846 D AudioManager: ğŸ“Š Copied 6.0MB...
11-03 22:48:20.973  4846  4846 D AudioManager: ğŸ“Š Copied 7.0MB...
11-03 22:48:20.977  4846  4846 D AudioManager: ğŸ“Š Copied 8.0MB...
11-03 22:48:20.979  4846  4846 D AudioManager: ğŸ“Š Copied 9.0MB...
11-03 22:48:20.980  4846  4846 D AudioManager: ğŸ“Š Copied 10.0MB...
11-03 22:48:20.982  4846  4846 D AudioManager: ğŸ“Š Copied 11.0MB...
11-03 22:48:20.984  4846  4846 D AudioManager: ğŸ“Š Copied 12.0MB...
11-03 22:48:20.986  4846  4846 D AudioManager: ğŸ“Š Copied 13.0MB...
11-03 22:48:20.988  4846  4846 D AudioManager: ğŸ“Š Copied 14.0MB...
11-03 22:48:20.990  4846  4846 D AudioManager: ğŸ“Š Copied 15.0MB...
11-03 22:48:20.993  4846  4846 D AudioManager: ğŸ“Š Copied 16.0MB...
11-03 22:48:20.995  4846  4846 D AudioManager: ğŸ“Š Copied 17.0MB...
11-03 22:48:20.997  4846  4846 D AudioManager: ğŸ“Š Copied 18.0MB...
11-03 22:48:20.998  4846  4846 D AudioManager: ğŸ“Š Copied 19.0MB...
11-03 22:48:21.001  4846  4846 D AudioManager: ğŸ“Š Copied 20.0MB...
11-03 22:48:21.003  4846  4846 D AudioManager: ğŸ“Š Copied 21.0MB...
11-03 22:48:21.004  4846  4846 D AudioManager: ğŸ“Š Copied 22.0MB...
11-03 22:48:21.006  4846  4846 D AudioManager: ğŸ“Š Copied 23.0MB...
11-03 22:48:21.008  4846  4846 D AudioManager: ğŸ“Š Copied 24.0MB...
11-03 22:48:21.010  4846  4846 D AudioManager: ğŸ“Š Copied 25.0MB...
11-03 22:48:21.011  4846  4846 D AudioManager: ğŸ“Š Copied 26.0MB...
11-03 22:48:21.013  4846  4846 D AudioManager: ğŸ“Š Copied 27.0MB...
11-03 22:48:21.014  4846  4846 D AudioManager: ğŸ“Š Copied 28.0MB...
11-03 22:48:21.016  4846  4846 D AudioManager: ğŸ“Š Copied 29.0MB...
11-03 22:48:21.017  4846  4846 D AudioManager: ğŸ“Š Copied 30.0MB...
11-03 22:48:21.019  4846  4846 D AudioManager: ğŸ“Š Copied 31.0MB...
11-03 22:48:21.021  4846  4846 D AudioManager: ğŸ“Š Copied 32.0MB...
11-03 22:48:21.022  4846  4846 D AudioManager: ğŸ“Š Copied 33.0MB...
11-03 22:48:21.024  4846  4846 D AudioManager: ğŸ“Š Copied 34.0MB...
11-03 22:48:21.025  4846  4846 D AudioManager: ğŸ“Š Copied 35.0MB...
11-03 22:48:21.027  4846  4846 D AudioManager: ğŸ“Š Copied 36.0MB...
11-03 22:48:21.029  4846  4846 D AudioManager: ğŸ“Š Copied 37.0MB...
11-03 22:48:21.031  4846  4846 D AudioManager: ğŸ“Š Copied 38.0MB...
11-03 22:48:21.032  4846  4846 D AudioManager: ğŸ“Š Copied 39.0MB...
11-03 22:48:21.036  4846  4846 D AudioManager: ğŸ“Š Copied 40.0MB...
11-03 22:48:21.038  4846  4846 D AudioManager: ğŸ“Š Copied 41.0MB...
11-03 22:48:21.039  4846  4846 D AudioManager: ğŸ“Š Copied 42.0MB...
11-03 22:48:21.040  4846  4846 D AudioManager: ğŸ“Š Copied 43.0MB...
11-03 22:48:21.042  4846  4846 D AudioManager: ğŸ“Š Copied 44.0MB...
11-03 22:48:21.044  4846  4846 D AudioManager: ğŸ“Š Copied 45.0MB...
11-03 22:48:21.045  4846  4846 D AudioManager: ğŸ“Š Copied 46.0MB...
11-03 22:48:21.047  4846  4846 D AudioManager: ğŸ“Š Copied 47.0MB...
11-03 22:48:21.049  4846  4846 D AudioManager: ğŸ“Š Copied 48.0MB...
11-03 22:48:21.051  4846  4846 D AudioManager: ğŸ“Š Copied 49.0MB...
11-03 22:48:21.052  4846  4846 D AudioManager: ğŸ“Š Copied 50.0MB...
11-03 22:48:21.054  4846  4846 D AudioManager: ğŸ“Š Copied 51.0MB...
11-03 22:48:21.056  4846  4846 D AudioManager: ğŸ“Š Copied 52.0MB...
11-03 22:48:21.058  4846  4846 D AudioManager: ğŸ“Š Copied 53.0MB...
11-03 22:48:21.059  4846  4846 D AudioManager: ğŸ“Š Copied 54.0MB...
11-03 22:48:21.061  4846  4846 D AudioManager: ğŸ“Š Copied 55.0MB...
11-03 22:48:21.063  4846  4846 D AudioManager: ğŸ“Š Copied 56.0MB...
11-03 22:48:21.065  4846  4846 D AudioManager: ğŸ“Š Copied 57.0MB...
11-03 22:48:21.066  4846  4846 D AudioManager: ğŸ“Š Copied 58.0MB...
11-03 22:48:21.068  4846  4846 D AudioManager: ğŸ“Š Copied 59.0MB...
11-03 22:48:21.069  4846  4846 D AudioManager: ğŸ“Š Copied 60.0MB...
11-03 22:48:21.071  4846  4846 D AudioManager: ğŸ“Š Copied 61.0MB...
11-03 22:48:21.072  4846  4846 D AudioManager: ğŸ“Š Copied 62.0MB...
11-03 22:48:21.379  4846  4846 D PerformanceProfiler: ğŸ“Š AudioManager.playFile[Roddy Lima - DIAMONDS (Original Mix).aif] took 647ms
11-03 22:48:21.453  4846  4846 D VlcAudioBackend: ğŸ“Š Buffering: 0.0%
11-03 22:48:21.454  4846  4846 D VlcAudioBackend: ğŸ“Š Buffering: 0.0%
11-03 22:48:21.454  4846  4846 D VlcAudioBackend: ğŸ“Š Buffering: 6.666667%
11-03 22:48:21.454  4846  4846 D VlcAudioBackend: ğŸ“Š Buffering: 13.333334%
11-03 22:48:21.454  4846  4846 D VlcAudioBackend: ğŸ“Š Buffering: 20.0%
11-03 22:48:21.455  4846  4846 D VlcAudioBackend: ğŸ“Š Buffering: 26.666668%
11-03 22:48:21.455  4846  4846 D VlcAudioBackend: ğŸ“Š Buffering: 33.333336%
11-03 22:48:21.455  4846  4846 D VlcAudioBackend: ğŸ“Š Buffering: 40.0%
11-03 22:48:21.455  4846  4846 D VlcAudioBackend: ğŸ“Š Buffering: 46.666668%
11-03 22:48:21.455  4846  4846 D VlcAudioBackend: ğŸ“Š Buffering: 53.333336%
11-03 22:48:21.455  4846  4846 D VlcAudioBackend: ğŸ“Š Buffering: 60.000004%
11-03 22:48:21.455  4846  4846 D VlcAudioBackend: ğŸ“Š Buffering: 66.66667%
11-03 22:48:21.455  4846  4846 D VlcAudioBackend: ğŸ“Š Buffering: 73.333336%
11-03 22:48:21.455  4846  4846 D VlcAudioBackend: ğŸ“Š Buffering: 80.0%
11-03 22:48:21.455  4846  4846 D VlcAudioBackend: ğŸ“Š Buffering: 86.666664%
11-03 22:48:21.455  4846  4846 D VlcAudioBackend: ğŸ“Š Buffering: 93.333336%
11-03 22:48:21.455  4846  4846 D VlcAudioBackend: ğŸ“Š Buffering: 100.0%
11-03 22:48:21.455  4846  4846 D VlcAudioBackend: ğŸ“Š Buffering: 100.0%
11-03 22:48:21.480  4846  4846 D WaveformGenerator: LaunchedEffect triggered for file: Roddy Lima - DIAMONDS (Original Mix).aif
11-03 22:48:21.560  4846  4846 D WaveformGenerator: Starting waveform generation for: Roddy Lima - DIAMONDS (Original Mix).aif
11-03 22:48:21.560  4846  4846 D WaveformGenerator: File size: 62.3MB
11-03 22:48:21.561  4846  4906 D WaveformGenerator: Generating waveform for: Roddy Lima - DIAMONDS (Original Mix).aif
11-03 22:48:21.561  4846  4906 D WaveformGenerator: Requesting 256 samples for any duration
11-03 22:48:21.561  4846  4846 D WaveformGenerator: ğŸ“º SharedWaveformDisplay - Received waveform: 256 samples
11-03 22:48:21.562  4846  4846 D WaveformGenerator: ğŸ“º SharedWaveformDisplay - Min: 30, Max: 85, Avg: 82
11-03 22:48:21.562  4846  4846 D WaveformGenerator: ğŸ“º SharedWaveformDisplay - First 10: 85, 84, 84, 83, 84, 84, 84, 84, 84, 83
11-03 22:48:21.732  4846  4906 D WaveformGenerator: âœ… Waveform generated: 256 samples
11-03 22:48:21.733  4846  4906 D WaveformGenerator: ğŸ“Š UI State - Min: 30, Max: 85, Avg: 72
11-03 22:48:21.733  4846  4906 D WaveformGenerator: ğŸ“Š UI State - First 10: 30, 53, 57, 53, 48, 49, 49, 48, 48, 53
11-03 22:48:21.733  4846  4846 D WaveformGenerator: ğŸ“Š UI State UPDATED - waveformData is now NOT NULL (256 samples)
11-03 22:48:21.756  4846  4846 D WaveformGenerator: ğŸ“º SharedWaveformDisplay - Received waveform: 256 samples
11-03 22:48:21.756  4846  4846 D WaveformGenerator: ğŸ“º SharedWaveformDisplay - Min: 30, Max: 85, Avg: 72
11-03 22:48:21.756  4846  4846 D WaveformGenerator: ğŸ“º SharedWaveformDisplay - First 10: 30, 53, 57, 53, 48, 49, 49, 48, 48, 53
11-03 22:48:21.757  4846  4846 D WaveformGenerator: ğŸ“º SharedWaveformDisplay - Received waveform: 256 samples
11-03 22:48:21.757  4846  4846 D WaveformGenerator: ğŸ“º SharedWaveformDisplay - Min: 30, Max: 85, Avg: 72
11-03 22:48:21.757  4846  4846 D WaveformGenerator: ğŸ“º SharedWaveformDisplay - First 10: 30, 53, 57, 53, 48, 49, 49, 48, 48, 53
11-03 22:48:28.515  4846  4846 D VlcAudioBackend: ğŸ“Š Buffering: 0.0%
11-03 22:48:28.515  4846  4846 D VlcAudioBackend: ğŸ“Š Buffering: 0.0%
11-03 22:48:28.516  4846  4846 D VlcAudioBackend: ğŸ“Š Buffering: 6.666667%
11-03 22:48:28.516  4846  4846 D VlcAudioBackend: ğŸ“Š Buffering: 13.333334%
11-03 22:48:28.516  4846  4846 D VlcAudioBackend: ğŸ“Š Buffering: 20.0%
11-03 22:48:28.516  4846  4846 D VlcAudioBackend: ğŸ“Š Buffering: 26.666668%
11-03 22:48:28.517  4846  4846 D VlcAudioBackend: ğŸ“Š Buffering: 33.333336%
11-03 22:48:28.517  4846  4846 D VlcAudioBackend: ğŸ“Š Buffering: 40.0%
11-03 22:48:28.517  4846  4846 D VlcAudioBackend: ğŸ“Š Buffering: 46.666668%
11-03 22:48:28.517  4846  4846 D VlcAudioBackend: ğŸ“Š Buffering: 53.333336%
11-03 22:48:28.517  4846  4846 D VlcAudioBackend: ğŸ“Š Buffering: 60.000004%
11-03 22:48:28.518  4846  4846 D VlcAudioBackend: ğŸ“Š Buffering: 66.66667%
11-03 22:48:28.518  4846  4846 D VlcAudioBackend: ğŸ“Š Buffering: 73.333336%
11-03 22:48:28.518  4846  4846 D VlcAudioBackend: ğŸ“Š Buffering: 80.0%
11-03 22:48:28.518  4846  4846 D VlcAudioBackend: ğŸ“Š Buffering: 86.666664%
11-03 22:48:28.519  4846  4846 D VlcAudioBackend: ğŸ“Š Buffering: 93.333336%
11-03 22:48:28.519  4846  4846 D VlcAudioBackend: ğŸ“Š Buffering: 100.0%
11-03 22:48:28.519  4846  4846 D VlcAudioBackend: ğŸ“Š Buffering: 100.0%
11-03 22:50:11.680  4846  4846 D PerformanceProfiler: ğŸ“Š === PERFORMANCE STATISTICS ===
11-03 22:50:11.682  4846  4846 D PerformanceProfiler:   WaveformGen: 24x, avg=345ms, min=134ms, max=670ms, total=8299ms
11-03 22:50:11.682  4846  4846 D PerformanceProfiler:   AudioManager.generateSpectrogram: 1x, avg=4955ms, min=4955ms, max=4955ms, total=4955ms
11-03 22:50:29.141  4846  4846 D LowMemoryHandler: âš ï¸ TRIM MEMORY REQUEST: UI_HIDDEN (level=20)
11-03 22:50:29.144  4846  4846 D MemoryMonitor: ğŸ“Š Memory: 15MB used / 256MB max (6%) - 240MB free
11-03 22:50:29.388  4846  4846 D App     : âš ï¸ Memory trim requested: level=20
11-03 22:52:42.193  4846  4846 D AudioManager: ğŸ“Š Copied 1.0MB...
11-03 22:52:42.204  4846  4846 D AudioManager: ğŸ“Š Copied 2.0MB...
11-03 22:52:42.215  4846  4846 D AudioManager: ğŸ“Š Copied 3.0MB...
11-03 22:52:42.228  4846  4846 D AudioManager: ğŸ“Š Copied 4.0MB...
11-03 22:52:42.239  4846  4846 D AudioManager: ğŸ“Š Copied 5.0MB...
11-03 22:52:42.250  4846  4846 D AudioManager: ğŸ“Š Copied 6.0MB...
11-03 22:52:42.261  4846  4846 D AudioManager: ğŸ“Š Copied 7.0MB...
11-03 22:52:42.274  4846  4846 D AudioManager: ğŸ“Š Copied 8.0MB...
11-03 22:52:42.286  4846  4846 D AudioManager: ğŸ“Š Copied 9.0MB...
11-03 22:52:42.298  4846  4846 D AudioManager: ğŸ“Š Copied 10.0MB...
11-03 22:52:42.309  4846  4846 D AudioManager: ğŸ“Š Copied 11.0MB...
11-03 22:52:42.323  4846  4846 D AudioManager: ğŸ“Š Copied 12.0MB...
11-03 22:52:42.333  4846  4846 D AudioManager: ğŸ“Š Copied 13.0MB...
11-03 22:52:42.343  4846  4846 D AudioManager: ğŸ“Š Copied 14.0MB...
11-03 22:52:42.351  4846  4846 D AudioManager: ğŸ“Š Copied 15.0MB...
11-03 22:52:42.361  4846  4846 D AudioManager: ğŸ“Š Copied 16.0MB...
11-03 22:52:42.371  4846  4846 D AudioManager: ğŸ“Š Copied 17.0MB...
11-03 22:52:42.383  4846  4846 D AudioManager: ğŸ“Š Copied 18.0MB...
11-03 22:52:42.395  4846  4846 D AudioManager: ğŸ“Š Copied 19.0MB...
11-03 22:52:42.407  4846  4846 D AudioManager: ğŸ“Š Copied 20.0MB...
11-03 22:52:42.416  4846  4846 D AudioManager: ğŸ“Š Copied 21.0MB...
11-03 22:52:42.427  4846  4846 D AudioManager: ğŸ“Š Copied 22.0MB...
11-03 22:52:42.436  4846  4846 D AudioManager: ğŸ“Š Copied 23.0MB...
11-03 22:52:42.449  4846  4846 D AudioManager: ğŸ“Š Copied 24.0MB...
11-03 22:52:42.459  4846  4846 D AudioManager: ğŸ“Š Copied 25.0MB...
11-03 22:52:42.469  4846  4846 D AudioManager: ğŸ“Š Copied 26.0MB...
11-03 22:52:42.479  4846  4846 D AudioManager: ğŸ“Š Copied 27.0MB...
11-03 22:52:42.489  4846  4846 D AudioManager: ğŸ“Š Copied 28.0MB...
11-03 22:52:42.498  4846  4846 D AudioManager: ğŸ“Š Copied 29.0MB...
11-03 22:52:42.507  4846  4846 D AudioManager: ğŸ“Š Copied 30.0MB...
11-03 22:52:42.515  4846  4846 D AudioManager: ğŸ“Š Copied 31.0MB...
11-03 22:52:42.525  4846  4846 D AudioManager: ğŸ“Š Copied 32.0MB...
11-03 22:52:42.534  4846  4846 D AudioManager: ğŸ“Š Copied 33.0MB...
11-03 22:52:42.544  4846  4846 D AudioManager: ğŸ“Š Copied 34.0MB...
11-03 22:52:42.553  4846  4846 D AudioManager: ğŸ“Š Copied 35.0MB...
11-03 22:52:42.562  4846  4846 D AudioManager: ğŸ“Š Copied 36.0MB...
11-03 22:52:42.572  4846  4846 D AudioManager: ğŸ“Š Copied 37.0MB...
11-03 22:52:42.581  4846  4846 D AudioManager: ğŸ“Š Copied 38.0MB...
11-03 22:52:42.590  4846  4846 D AudioManager: ğŸ“Š Copied 39.0MB...
11-03 22:52:42.598  4846  4846 D AudioManager: ğŸ“Š Copied 40.0MB...
11-03 22:52:42.607  4846  4846 D AudioManager: ğŸ“Š Copied 41.0MB...
11-03 22:52:42.616  4846  4846 D AudioManager: ğŸ“Š Copied 42.0MB...
11-03 22:52:42.626  4846  4846 D AudioManager: ğŸ“Š Copied 43.0MB...
11-03 22:52:42.634  4846  4846 D AudioManager: ğŸ“Š Copied 44.0MB...
11-03 22:52:42.666  4846  4846 D AudioManager: ğŸ“Š Copied 45.0MB...
11-03 22:52:42.676  4846  4846 D AudioManager: ğŸ“Š Copied 46.0MB...
11-03 22:52:42.686  4846  4846 D AudioManager: ğŸ“Š Copied 47.0MB...
11-03 22:52:42.694  4846  4846 D AudioManager: ğŸ“Š Copied 48.0MB...
11-03 22:52:42.703  4846  4846 D AudioManager: ğŸ“Š Copied 49.0MB...
11-03 22:52:42.712  4846  4846 D AudioManager: ğŸ“Š Copied 50.0MB...
11-03 22:52:42.722  4846  4846 D AudioManager: ğŸ“Š Copied 51.0MB...
11-03 22:52:42.730  4846  4846 D AudioManager: ğŸ“Š Copied 52.0MB...
11-03 22:52:42.739  4846  4846 D AudioManager: ğŸ“Š Copied 53.0MB...
11-03 22:52:42.748  4846  4846 D AudioManager: ğŸ“Š Copied 54.0MB...
11-03 22:52:42.758  4846  4846 D AudioManager: ğŸ“Š Copied 55.0MB...
11-03 22:52:43.411  4846  4846 D PerformanceProfiler: âš ï¸ SLOW OPERATION: AudioManager.playFile[Hot Natured Feat Anabel Englund - Reverse Skydiving (STEZ Bootleg).aiff] took 1606ms
11-03 22:52:43.413  4846  4846 D MemoryMonitor: ğŸ“Š Memory: 9MB used / 256MB max (3%) - 246MB free
11-03 22:52:43.826  4846  4846 D VlcAudioBackend: ğŸ“Š Buffering: 0.0%
11-03 22:52:43.838  4846  4846 D VlcAudioBackend: ğŸ“Š Buffering: 0.0%
11-03 22:52:43.839  4846  4846 D VlcAudioBackend: ğŸ“Š Buffering: 6.666667%
11-03 22:52:43.839  4846  4846 D VlcAudioBackend: ğŸ“Š Buffering: 13.333334%
11-03 22:52:43.840  4846  4846 D VlcAudioBackend: ğŸ“Š Buffering: 20.0%
11-03 22:52:43.841  4846  4846 D VlcAudioBackend: ğŸ“Š Buffering: 26.666668%
11-03 22:52:43.842  4846  4846 D VlcAudioBackend: ğŸ“Š Buffering: 33.333336%
11-03 22:52:43.843  4846  4846 D VlcAudioBackend: ğŸ“Š Buffering: 40.0%
11-03 22:52:43.846  4846  4846 D VlcAudioBackend: ğŸ“Š Buffering: 46.666668%
11-03 22:52:43.847  4846  4846 D VlcAudioBackend: ğŸ“Š Buffering: 53.333336%
11-03 22:52:43.850  4846  4846 D VlcAudioBackend: ğŸ“Š Buffering: 60.000004%
11-03 22:52:43.851  4846  4846 D VlcAudioBackend: ğŸ“Š Buffering: 66.66667%
11-03 22:52:43.852  4846  4846 D VlcAudioBackend: ğŸ“Š Buffering: 73.333336%
11-03 22:52:43.853  4846  4846 D VlcAudioBackend: ğŸ“Š Buffering: 80.0%
11-03 22:52:43.856  4846  4846 D VlcAudioBackend: ğŸ“Š Buffering: 86.666664%
11-03 22:52:43.857  4846  4846 D VlcAudioBackend: ğŸ“Š Buffering: 93.333336%
11-03 22:52:43.858  4846  4846 D VlcAudioBackend: ğŸ“Š Buffering: 100.0%
11-03 22:52:43.858  4846  4846 D VlcAudioBackend: ğŸ“Š Buffering: 100.0%
11-03 22:52:44.084  4846  4846 D WaveformGenerator: LaunchedEffect triggered for file: Hot Natured Feat Anabel Englund - Reverse Skydiving (STEZ Bootleg).aiff
11-03 22:52:44.310  4846  4846 D WaveformGenerator: Starting waveform generation for: Hot Natured Feat Anabel Englund - Reverse Skydiving (STEZ Bootleg).aiff
11-03 22:52:44.312  4846  4846 D WaveformGenerator: File size: 55.9MB
11-03 22:52:44.314  4846  6834 D WaveformGenerator: Generating waveform for: Hot Natured Feat Anabel Englund - Reverse Skydiving (STEZ Bootleg).aiff
11-03 22:52:44.316  4846  6834 D WaveformGenerator: Requesting 256 samples for any duration
11-03 22:52:44.318  4846  4846 D WaveformGenerator: ğŸ“º SharedWaveformDisplay - Received waveform: 256 samples
11-03 22:52:44.318  4846  4846 D WaveformGenerator: ğŸ“º SharedWaveformDisplay - Min: 30, Max: 85, Avg: 72
11-03 22:52:44.320  4846  4846 D WaveformGenerator: ğŸ“º SharedWaveformDisplay - First 10: 30, 53, 57, 53, 48, 49, 49, 48, 48, 53
11-03 22:52:45.635  4846  6834 D WaveformGenerator: âš ï¸ SLOW waveform generation: 1316ms for Hot Natured Feat Anabel Englund - Reverse Skydiving (STEZ Bootleg).aiff
11-03 22:52:45.643  4846  6834 D WaveformGenerator: âœ… Waveform generated: 256 samples
11-03 22:52:45.646  4846  6834 D WaveformGenerator: ğŸ“Š UI State - Min: 30, Max: 85, Avg: 74
11-03 22:52:45.648  4846  6834 D WaveformGenerator: ğŸ“Š UI State - First 10: 50, 48, 54, 53, 55, 55, 57, 60, 60, 59
11-03 22:52:45.761  4846  4846 D WaveformGenerator: ğŸ“Š UI State UPDATED - waveformData is now NOT NULL (256 samples)
11-03 22:52:45.908  4846  4846 D WaveformGenerator: ğŸ“º SharedWaveformDisplay - Received waveform: 256 samples
11-03 22:52:45.909  4846  4846 D WaveformGenerator: ğŸ“º SharedWaveformDisplay - Min: 30, Max: 85, Avg: 74
11-03 22:52:45.911  4846  4846 D WaveformGenerator: ğŸ“º SharedWaveformDisplay - First 10: 50, 48, 54, 53, 55, 55, 57, 60, 60, 59
11-03 22:55:11.690  4846  4846 D PerformanceProfiler: ğŸ“Š === PERFORMANCE STATISTICS ===
11-03 22:55:11.696  4846  4846 D PerformanceProfiler:   WaveformGen: 25x, avg=384ms, min=134ms, max=1316ms, total=9615ms
11-03 22:55:11.703  4846  4846 D PerformanceProfiler:   AudioManager.generateSpectrogram: 1x, avg=4955ms, min=4955ms, max=4955ms, total=4955ms
11-03 22:58:14.712  4846  4846 D AudioManager: ğŸ“Š Copied 1.0MB...
11-03 22:58:14.727  4846  4846 D AudioManager: ğŸ“Š Copied 2.0MB...
11-03 22:58:14.740  4846  4846 D AudioManager: ğŸ“Š Copied 3.0MB...
11-03 22:58:14.750  4846  4846 D AudioManager: ğŸ“Š Copied 4.0MB...
11-03 22:58:14.761  4846  4846 D AudioManager: ğŸ“Š Copied 5.0MB...
11-03 22:58:14.773  4846  4846 D AudioManager: ğŸ“Š Copied 6.0MB...
11-03 22:58:14.784  4846  4846 D AudioManager: ğŸ“Š Copied 7.0MB...
11-03 22:58:14.796  4846  4846 D AudioManager: ğŸ“Š Copied 8.0MB...
11-03 22:58:14.807  4846  4846 D AudioManager: ğŸ“Š Copied 9.0MB...
11-03 22:58:14.818  4846  4846 D AudioManager: ğŸ“Š Copied 10.0MB...
11-03 22:58:14.829  4846  4846 D AudioManager: ğŸ“Š Copied 11.0MB...
11-03 22:58:14.843  4846  4846 D AudioManager: ğŸ“Š Copied 12.0MB...
11-03 22:58:14.854  4846  4846 D AudioManager: ğŸ“Š Copied 13.0MB...
11-03 22:58:14.865  4846  4846 D AudioManager: ğŸ“Š Copied 14.0MB...
11-03 22:58:14.876  4846  4846 D AudioManager: ğŸ“Š Copied 15.0MB...
11-03 22:58:14.888  4846  4846 D AudioManager: ğŸ“Š Copied 16.0MB...
11-03 22:58:14.899  4846  4846 D AudioManager: ğŸ“Š Copied 17.0MB...
11-03 22:58:14.911  4846  4846 D AudioManager: ğŸ“Š Copied 18.0MB...
11-03 22:58:14.924  4846  4846 D AudioManager: ğŸ“Š Copied 19.0MB...
11-03 22:58:14.935  4846  4846 D AudioManager: ğŸ“Š Copied 20.0MB...
11-03 22:58:14.949  4846  4846 D AudioManager: ğŸ“Š Copied 21.0MB...
11-03 22:58:14.960  4846  4846 D AudioManager: ğŸ“Š Copied 22.0MB...
11-03 22:58:14.973  4846  4846 D AudioManager: ğŸ“Š Copied 23.0MB...
11-03 22:58:14.985  4846  4846 D AudioManager: ğŸ“Š Copied 24.0MB...
11-03 22:58:14.998  4846  4846 D AudioManager: ğŸ“Š Copied 25.0MB...
11-03 22:58:15.010  4846  4846 D AudioManager: ğŸ“Š Copied 26.0MB...
11-03 22:58:15.023  4846  4846 D AudioManager: ğŸ“Š Copied 27.0MB...
11-03 22:58:15.034  4846  4846 D AudioManager: ğŸ“Š Copied 28.0MB...
11-03 22:58:15.043  4846  4846 D AudioManager: ğŸ“Š Copied 29.0MB...
11-03 22:58:15.054  4846  4846 D AudioManager: ğŸ“Š Copied 30.0MB...
11-03 22:58:15.064  4846  4846 D AudioManager: ğŸ“Š Copied 31.0MB...
11-03 22:58:15.080  4846  4846 D AudioManager: ğŸ“Š Copied 32.0MB...
11-03 22:58:15.094  4846  4846 D AudioManager: ğŸ“Š Copied 33.0MB...
11-03 22:58:15.688  4846  4846 D PerformanceProfiler: âš ï¸ SLOW OPERATION: AudioManager.playFile[Trace 'Dance Boo' ft. MoRuf (Original Mix) [Funkshway].wav] took 1296ms
11-03 22:58:15.690  4846  4846 D MemoryMonitor: ğŸ“Š Memory: 10MB used / 256MB max (3%) - 245MB free
11-03 22:58:16.065  4846  4846 D VlcAudioBackend: ğŸ“Š Buffering: 0.0%
11-03 22:58:16.105  4846  4846 D VlcAudioBackend: ğŸ“Š Buffering: 0.0%
11-03 22:58:16.108  4846  4846 D VlcAudioBackend: ğŸ“Š Buffering: 3.3333335%
11-03 22:58:16.110  4846  4846 D VlcAudioBackend: ğŸ“Š Buffering: 6.666667%
11-03 22:58:16.111  4846  4846 D VlcAudioBackend: ğŸ“Š Buffering: 10.0%
11-03 22:58:16.113  4846  4846 D VlcAudioBackend: ğŸ“Š Buffering: 13.333334%
11-03 22:58:16.114  4846  4846 D VlcAudioBackend: ğŸ“Š Buffering: 16.666668%
11-03 22:58:16.115  4846  4846 D VlcAudioBackend: ğŸ“Š Buffering: 20.0%
11-03 22:58:16.118  4846  4846 D VlcAudioBackend: ğŸ“Š Buffering: 23.333334%
11-03 22:58:16.119  4846  4846 D VlcAudioBackend: ğŸ“Š Buffering: 26.666668%
11-03 22:58:16.121  4846  4846 D VlcAudioBackend: ğŸ“Š Buffering: 30.000002%
11-03 22:58:16.122  4846  4846 D VlcAudioBackend: ğŸ“Š Buffering: 33.333336%
11-03 22:58:16.123  4846  4846 D VlcAudioBackend: ğŸ“Š Buffering: 36.666668%
11-03 22:58:16.124  4846  4846 D VlcAudioBackend: ğŸ“Š Buffering: 40.0%
11-03 22:58:16.126  4846  4846 D VlcAudioBackend: ğŸ“Š Buffering: 43.333332%
11-03 22:58:16.127  4846  4846 D VlcAudioBackend: ğŸ“Š Buffering: 46.666668%
11-03 22:58:16.128  4846  4846 D VlcAudioBackend: ğŸ“Š Buffering: 50.0%
11-03 22:58:16.130  4846  4846 D VlcAudioBackend: ğŸ“Š Buffering: 53.333336%
11-03 22:58:16.132  4846  4846 D VlcAudioBackend: ğŸ“Š Buffering: 56.666668%
11-03 22:58:16.133  4846  4846 D VlcAudioBackend: ğŸ“Š Buffering: 60.000004%
11-03 22:58:16.134  4846  4846 D VlcAudioBackend: ğŸ“Š Buffering: 63.333332%
11-03 22:58:16.135  4846  4846 D VlcAudioBackend: ğŸ“Š Buffering: 66.66667%
11-03 22:58:16.136  4846  4846 D VlcAudioBackend: ğŸ“Š Buffering: 70.0%
11-03 22:58:16.138  4846  4846 D VlcAudioBackend: ğŸ“Š Buffering: 73.333336%
11-03 22:58:16.139  4846  4846 D VlcAudioBackend: ğŸ“Š Buffering: 76.666664%
11-03 22:58:16.140  4846  4846 D VlcAudioBackend: ğŸ“Š Buffering: 80.0%
11-03 22:58:16.141  4846  4846 D VlcAudioBackend: ğŸ“Š Buffering: 83.33333%
11-03 22:58:16.145  4846  4846 D VlcAudioBackend: ğŸ“Š Buffering: 86.666664%
11-03 22:58:16.146  4846  4846 D VlcAudioBackend: ğŸ“Š Buffering: 90.0%
11-03 22:58:16.147  4846  4846 D VlcAudioBackend: ğŸ“Š Buffering: 93.333336%
11-03 22:58:16.149  4846  4846 D VlcAudioBackend: ğŸ“Š Buffering: 96.666664%
11-03 22:58:16.150  4846  4846 D VlcAudioBackend: ğŸ“Š Buffering: 100.0%
11-03 22:58:16.151  4846  4846 D VlcAudioBackend: ğŸ“Š Buffering: 100.0%
11-03 22:58:16.412  4846  4846 D WaveformGenerator: LaunchedEffect triggered for file: Trace 'Dance Boo' ft. MoRuf (Original Mix) [Funkshway].wav
11-03 22:58:16.697  4846  4846 D WaveformGenerator: Starting waveform generation for: Trace 'Dance Boo' ft. MoRuf (Original Mix) [Funkshway].wav
11-03 22:58:16.700  4846  4846 D WaveformGenerator: File size: 33.1MB
11-03 22:58:16.704  4846  6834 D WaveformGenerator: Generating waveform for: Trace 'Dance Boo' ft. MoRuf (Original Mix) [Funkshway].wav
11-03 22:58:16.706  4846  6834 D WaveformGenerator: Requesting 256 samples for any duration
11-03 22:58:16.707  4846  4846 D WaveformGenerator: ğŸ“º SharedWaveformDisplay - Received waveform: 256 samples
11-03 22:58:16.708  4846  4846 D WaveformGenerator: ğŸ“º SharedWaveformDisplay - Min: 30, Max: 85, Avg: 74
11-03 22:58:16.709  4846  4846 D WaveformGenerator: ğŸ“º SharedWaveformDisplay - First 10: 50, 48, 54, 53, 55, 55, 57, 60, 60, 59
11-03 22:58:18.430  4846  8155 D WaveformGenerator: âš ï¸ SLOW waveform generation: 1720ms for Trace 'Dance Boo' ft. MoRuf (Original Mix) [Funkshway].wav
11-03 22:58:18.434  4846  8155 D WaveformGenerator: âœ… Waveform generated: 256 samples
11-03 22:58:18.437  4846  8155 D WaveformGenerator: ğŸ“Š UI State - Min: 30, Max: 85, Avg: 79
11-03 22:58:18.439  4846  8155 D WaveformGenerator: ğŸ“Š UI State - First 10: 46, 54, 70, 76, 78, 82, 75, 62, 65, 74
11-03 22:58:18.443  4846  4846 D WaveformGenerator: ğŸ“Š UI State UPDATED - waveformData is now NOT NULL (256 samples)
11-03 22:58:18.579  4846  4846 D WaveformGenerator: ğŸ“º SharedWaveformDisplay - Received waveform: 256 samples
11-03 22:58:18.582  4846  4846 D WaveformGenerator: ğŸ“º SharedWaveformDisplay - Min: 30, Max: 85, Avg: 79
11-03 22:58:18.583  4846  4846 D WaveformGenerator: ğŸ“º SharedWaveformDisplay - First 10: 46, 54, 70, 76, 78, 82, 75, 62, 65, 74
11-03 22:58:20.339 15635 15703 I ForwardSyncCache: reclaimMemory: Clearing caches
11-03 22:58:46.343 15635 15712 I ForwardSyncCache: reclaimMemory: Clearing caches
11-03 23:00:11.711  4846  4846 D PerformanceProfiler: ğŸ“Š === PERFORMANCE STATISTICS ===
11-03 23:00:11.719  4846  4846 D PerformanceProfiler:   WaveformGen: 26x, avg=435ms, min=134ms, max=1720ms, total=11335ms
11-03 23:00:11.721  4846  4846 D PerformanceProfiler:   AudioManager.generateSpectrogram: 1x, avg=4955ms, min=4955ms, max=4955ms, total=4955ms
11-03 23:01:33.112  4846  4846 D AudioManager: ğŸ“Š Copied 1.0MB...
11-03 23:01:33.127  4846  4846 D AudioManager: ğŸ“Š Copied 2.0MB...
11-03 23:01:33.139  4846  4846 D AudioManager: ğŸ“Š Copied 3.0MB...
11-03 23:01:33.152  4846  4846 D AudioManager: ğŸ“Š Copied 4.0MB...
11-03 23:01:33.164  4846  4846 D AudioManager: ğŸ“Š Copied 5.0MB...
11-03 23:01:33.174  4846  4846 D AudioManager: ğŸ“Š Copied 6.0MB...
11-03 23:01:33.185  4846  4846 D AudioManager: ğŸ“Š Copied 7.0MB...
11-03 23:01:33.195  4846  4846 D AudioManager: ğŸ“Š Copied 8.0MB...
11-03 23:01:33.205  4846  4846 D AudioManager: ğŸ“Š Copied 9.0MB...
11-03 23:01:33.215  4846  4846 D AudioManager: ğŸ“Š Copied 10.0MB...
11-03 23:01:33.224  4846  4846 D AudioManager: ğŸ“Š Copied 11.0MB...
11-03 23:01:33.237  4846  4846 D AudioManager: ğŸ“Š Copied 12.0MB...
11-03 23:01:33.248  4846  4846 D AudioManager: ğŸ“Š Copied 13.0MB...
11-03 23:01:33.257  4846  4846 D AudioManager: ğŸ“Š Copied 14.0MB...
11-03 23:01:33.268  4846  4846 D AudioManager: ğŸ“Š Copied 15.0MB...
11-03 23:01:33.279  4846  4846 D AudioManager: ğŸ“Š Copied 16.0MB...
11-03 23:01:33.290  4846  4846 D AudioManager: ğŸ“Š Copied 17.0MB...
11-03 23:01:33.300  4846  4846 D AudioManager: ğŸ“Š Copied 18.0MB...
11-03 23:01:33.310  4846  4846 D AudioManager: ğŸ“Š Copied 19.0MB...
11-03 23:01:33.318  4846  4846 D AudioManager: ğŸ“Š Copied 20.0MB...
11-03 23:01:33.328  4846  4846 D AudioManager: ğŸ“Š Copied 21.0MB...
11-03 23:01:33.338  4846  4846 D AudioManager: ğŸ“Š Copied 22.0MB...
11-03 23:01:33.386  4846  4846 D AudioManager: ğŸ“Š Copied 23.0MB...
11-03 23:01:33.404  4846  4846 D AudioManager: ğŸ“Š Copied 24.0MB...
11-03 23:01:33.433  4846  4846 D AudioManager: ğŸ“Š Copied 25.0MB...
11-03 23:01:33.463  4846  4846 D AudioManager: ğŸ“Š Copied 26.0MB...
11-03 23:01:33.473  4846  4846 D AudioManager: ğŸ“Š Copied 27.0MB...
11-03 23:01:33.482  4846  4846 D AudioManager: ğŸ“Š Copied 28.0MB...
11-03 23:01:33.490  4846  4846 D AudioManager: ğŸ“Š Copied 29.0MB...
11-03 23:01:33.499  4846  4846 D AudioManager: ğŸ“Š Copied 30.0MB...
11-03 23:01:33.507  4846  4846 D AudioManager: ğŸ“Š Copied 31.0MB...
11-03 23:01:33.517  4846  4846 D AudioManager: ğŸ“Š Copied 32.0MB...
11-03 23:01:33.526  4846  4846 D AudioManager: ğŸ“Š Copied 33.0MB...
11-03 23:01:33.535  4846  4846 D AudioManager: ğŸ“Š Copied 34.0MB...
11-03 23:01:33.545  4846  4846 D AudioManager: ğŸ“Š Copied 35.0MB...
11-03 23:01:33.556  4846  4846 D AudioManager: ğŸ“Š Copied 36.0MB...
11-03 23:01:34.259  4846  4846 D PerformanceProfiler: âš ï¸ SLOW OPERATION: AudioManager.playFile[ROBINS & RODA - Memories (Extended Mix) [Forever Young Recordings].aiff] took 1521ms
11-03 23:01:34.260  4846  4846 D MemoryMonitor: ğŸ“Š Memory: 10MB used / 256MB max (3%) - 245MB free
11-03 23:01:34.784  4846  4846 D VlcAudioBackend: ğŸ“Š Buffering: 0.0%
11-03 23:01:34.804  4846  4846 D VlcAudioBackend: ğŸ“Š Buffering: 0.0%
11-03 23:01:34.805  4846  4846 D VlcAudioBackend: ğŸ“Š Buffering: 6.666667%
11-03 23:01:34.807  4846  4846 D VlcAudioBackend: ğŸ“Š Buffering: 13.333334%
11-03 23:01:34.808  4846  4846 D VlcAudioBackend: ğŸ“Š Buffering: 20.0%
11-03 23:01:34.809  4846  4846 D VlcAudioBackend: ğŸ“Š Buffering: 26.666668%
11-03 23:01:34.810  4846  4846 D VlcAudioBackend: ğŸ“Š Buffering: 33.333336%
11-03 23:01:34.812  4846  4846 D VlcAudioBackend: ğŸ“Š Buffering: 40.0%
11-03 23:01:34.813  4846  4846 D VlcAudioBackend: ğŸ“Š Buffering: 46.666668%
11-03 23:01:34.814  4846  4846 D VlcAudioBackend: ğŸ“Š Buffering: 53.333336%
11-03 23:01:34.816  4846  4846 D VlcAudioBackend: ğŸ“Š Buffering: 60.000004%
11-03 23:01:34.818  4846  4846 D VlcAudioBackend: ğŸ“Š Buffering: 66.66667%
11-03 23:01:34.819  4846  4846 D VlcAudioBackend: ğŸ“Š Buffering: 73.333336%
11-03 23:01:34.820  4846  4846 D VlcAudioBackend: ğŸ“Š Buffering: 80.0%
11-03 23:01:34.821  4846  4846 D VlcAudioBackend: ğŸ“Š Buffering: 86.666664%
11-03 23:01:34.826  4846  4846 D VlcAudioBackend: ğŸ“Š Buffering: 93.333336%
11-03 23:01:34.827  4846  4846 D VlcAudioBackend: ğŸ“Š Buffering: 100.0%
11-03 23:01:34.828  4846  4846 D VlcAudioBackend: ğŸ“Š Buffering: 100.0%
11-03 23:01:34.832  4846  4846 D WaveformGenerator: LaunchedEffect triggered for file: ROBINS & RODA - Memories (Extended Mix) [Forever Young Recordings].aiff
11-03 23:01:35.117  4846  4846 D WaveformGenerator: Starting waveform generation for: ROBINS & RODA - Memories (Extended Mix) [Forever Young Recordings].aiff
11-03 23:01:35.130  4846  4846 D WaveformGenerator: File size: 36.2MB
11-03 23:01:35.136  4846  4906 D WaveformGenerator: Generating waveform for: ROBINS & RODA - Memories (Extended Mix) [Forever Young Recordings].aiff
11-03 23:01:35.140  4846  4906 D WaveformGenerator: Requesting 256 samples for any duration
11-03 23:01:35.144  4846  4846 D WaveformGenerator: ğŸ“º SharedWaveformDisplay - Received waveform: 256 samples
11-03 23:01:35.145  4846  4846 D WaveformGenerator: ğŸ“º SharedWaveformDisplay - Min: 30, Max: 85, Avg: 79
11-03 23:01:35.147  4846  4846 D WaveformGenerator: ğŸ“º SharedWaveformDisplay - First 10: 46, 54, 70, 76, 78, 82, 75, 62, 65, 74
11-03 23:01:35.930  4846  4906 D WaveformGenerator: âœ… Waveform generated: 256 samples
11-03 23:01:35.932  4846  4906 D WaveformGenerator: ğŸ“Š UI State - Min: 30, Max: 85, Avg: 72
11-03 23:01:35.934  4846  4906 D WaveformGenerator: ğŸ“Š UI State - First 10: 85, 74, 62, 74, 75, 65, 75, 76, 67, 76
11-03 23:01:35.936  4846  4846 D WaveformGenerator: ğŸ“Š UI State UPDATED - waveformData is now NOT NULL (256 samples)
11-03 23:01:36.059  4846  4846 D WaveformGenerator: ğŸ“º SharedWaveformDisplay - Received waveform: 256 samples
11-03 23:01:36.061  4846  4846 D WaveformGenerator: ğŸ“º SharedWaveformDisplay - Min: 30, Max: 85, Avg: 72
11-03 23:01:36.062  4846  4846 D WaveformGenerator: ğŸ“º SharedWaveformDisplay - First 10: 85, 74, 62, 74, 75, 65, 75, 76, 67, 76
11-03 23:03:22.811 15635 15691 I ForwardSyncCache: reclaimMemory: Clearing caches
11-03 23:05:07.030  4846  4846 D AudioManager: ğŸ“Š Copied 1.0MB...
11-03 23:05:07.043  4846  4846 D AudioManager: ğŸ“Š Copied 2.0MB...
11-03 23:05:07.054  4846  4846 D AudioManager: ğŸ“Š Copied 3.0MB...
11-03 23:05:07.069  4846  4846 D AudioManager: ğŸ“Š Copied 4.0MB...
11-03 23:05:07.085  4846  4846 D AudioManager: ğŸ“Š Copied 5.0MB...
11-03 23:05:07.098  4846  4846 D AudioManager: ğŸ“Š Copied 6.0MB...
11-03 23:05:07.110  4846  4846 D AudioManager: ğŸ“Š Copied 7.0MB...
11-03 23:05:07.125  4846  4846 D AudioManager: ğŸ“Š Copied 8.0MB...
11-03 23:05:07.138  4846  4846 D AudioManager: ğŸ“Š Copied 9.0MB...
11-03 23:05:07.150  4846  4846 D AudioManager: ğŸ“Š Copied 10.0MB...
11-03 23:05:07.161  4846  4846 D AudioManager: ğŸ“Š Copied 11.0MB...
11-03 23:05:07.173  4846  4846 D AudioManager: ğŸ“Š Copied 12.0MB...
11-03 23:05:07.185  4846  4846 D AudioManager: ğŸ“Š Copied 13.0MB...
11-03 23:05:07.196  4846  4846 D AudioManager: ğŸ“Š Copied 14.0MB...
11-03 23:05:07.208  4846  4846 D AudioManager: ğŸ“Š Copied 15.0MB...
11-03 23:05:07.219  4846  4846 D AudioManager: ğŸ“Š Copied 16.0MB...
11-03 23:05:07.231  4846  4846 D AudioManager: ğŸ“Š Copied 17.0MB...
11-03 23:05:07.243  4846  4846 D AudioManager: ğŸ“Š Copied 18.0MB...
11-03 23:05:07.256  4846  4846 D AudioManager: ğŸ“Š Copied 19.0MB...
11-03 23:05:07.272  4846  4846 D AudioManager: ğŸ“Š Copied 20.0MB...
11-03 23:05:07.286  4846  4846 D AudioManager: ğŸ“Š Copied 21.0MB...
11-03 23:05:07.297  4846  4846 D AudioManager: ğŸ“Š Copied 22.0MB...
11-03 23:05:07.308  4846  4846 D AudioManager: ğŸ“Š Copied 23.0MB...
11-03 23:05:07.319  4846  4846 D AudioManager: ğŸ“Š Copied 24.0MB...
11-03 23:05:07.331  4846  4846 D AudioManager: ğŸ“Š Copied 25.0MB...
11-03 23:05:07.341  4846  4846 D AudioManager: ğŸ“Š Copied 26.0MB...
11-03 23:05:07.352  4846  4846 D AudioManager: ğŸ“Š Copied 27.0MB...
11-03 23:05:07.366  4846  4846 D AudioManager: ğŸ“Š Copied 28.0MB...
11-03 23:05:07.380  4846  4846 D AudioManager: ğŸ“Š Copied 29.0MB...
11-03 23:05:07.394  4846  4846 D AudioManager: ğŸ“Š Copied 30.0MB...
11-03 23:05:07.406  4846  4846 D AudioManager: ğŸ“Š Copied 31.0MB...
11-03 23:05:07.420  4846  4846 D AudioManager: ğŸ“Š Copied 32.0MB...
11-03 23:05:07.432  4846  4846 D AudioManager: ğŸ“Š Copied 33.0MB...
11-03 23:05:07.444  4846  4846 D AudioManager: ğŸ“Š Copied 34.0MB...
11-03 23:05:07.455  4846  4846 D AudioManager: ğŸ“Š Copied 35.0MB...
11-03 23:05:07.468  4846  4846 D AudioManager: ğŸ“Š Copied 36.0MB...
11-03 23:05:07.480  4846  4846 D AudioManager: ğŸ“Š Copied 37.0MB...
11-03 23:05:07.491  4846  4846 D AudioManager: ğŸ“Š Copied 38.0MB...
11-03 23:05:07.502  4846  4846 D AudioManager: ğŸ“Š Copied 39.0MB...
11-03 23:05:07.516  4846  4846 D AudioManager: ğŸ“Š Copied 40.0MB...
11-03 23:05:07.532  4846  4846 D AudioManager: ğŸ“Š Copied 41.0MB...
11-03 23:05:07.545  4846  4846 D AudioManager: ğŸ“Š Copied 42.0MB...
11-03 23:05:07.555  4846  4846 D AudioManager: ğŸ“Š Copied 43.0MB...
11-03 23:05:07.571  4846  4846 D AudioManager: ğŸ“Š Copied 44.0MB...
11-03 23:05:07.585  4846  4846 D AudioManager: ğŸ“Š Copied 45.0MB...
11-03 23:05:07.596  4846  4846 D AudioManager: ğŸ“Š Copied 46.0MB...
11-03 23:05:07.609  4846  4846 D AudioManager: ğŸ“Š Copied 47.0MB...
11-03 23:05:07.621  4846  4846 D AudioManager: ğŸ“Š Copied 48.0MB...
11-03 23:05:07.632  4846  4846 D AudioManager: ğŸ“Š Copied 49.0MB...
11-03 23:05:07.644  4846  4846 D AudioManager: ğŸ“Š Copied 50.0MB...
11-03 23:05:07.655  4846  4846 D AudioManager: ğŸ“Š Copied 51.0MB...
11-03 23:05:07.667  4846  4846 D AudioManager: ğŸ“Š Copied 52.0MB...
11-03 23:05:07.678  4846  4846 D AudioManager: ğŸ“Š Copied 53.0MB...
11-03 23:05:07.689  4846  4846 D AudioManager: ğŸ“Š Copied 54.0MB...
11-03 23:05:07.700  4846  4846 D AudioManager: ğŸ“Š Copied 55.0MB...
11-03 23:05:07.711  4846  4846 D AudioManager: ğŸ“Š Copied 56.0MB...
11-03 23:05:07.724  4846  4846 D AudioManager: ğŸ“Š Copied 57.0MB...
11-03 23:05:08.514  4846  4846 D PerformanceProfiler: âš ï¸ SLOW OPERATION: AudioManager.playFile[Andrea Lane - You Can't Stop (Extended Mix) [Wh0 Plays].aiff] took 1858ms
11-03 23:05:08.516  4846  4846 D MemoryMonitor: ğŸ“Š Memory: 10MB used / 256MB max (4%) - 245MB free
11-03 23:05:08.817  4846  4846 D VlcAudioBackend: ğŸ“Š Buffering: 0.0%
11-03 23:05:08.829  4846  4846 D VlcAudioBackend: ğŸ“Š Buffering: 0.0%
11-03 23:05:08.830  4846  4846 D VlcAudioBackend: ğŸ“Š Buffering: 6.666667%
11-03 23:05:08.831  4846  4846 D VlcAudioBackend: ğŸ“Š Buffering: 13.333334%
11-03 23:05:08.832  4846  4846 D VlcAudioBackend: ğŸ“Š Buffering: 20.0%
11-03 23:05:08.833  4846  4846 D VlcAudioBackend: ğŸ“Š Buffering: 26.666668%
11-03 23:05:08.834  4846  4846 D VlcAudioBackend: ğŸ“Š Buffering: 33.333336%
11-03 23:05:08.835  4846  4846 D VlcAudioBackend: ğŸ“Š Buffering: 40.0%
11-03 23:05:08.836  4846  4846 D VlcAudioBackend: ğŸ“Š Buffering: 46.666668%
11-03 23:05:08.837  4846  4846 D VlcAudioBackend: ğŸ“Š Buffering: 53.333336%
11-03 23:05:08.838  4846  4846 D VlcAudioBackend: ğŸ“Š Buffering: 60.000004%
11-03 23:05:08.839  4846  4846 D VlcAudioBackend: ğŸ“Š Buffering: 66.66667%
11-03 23:05:08.839  4846  4846 D VlcAudioBackend: ğŸ“Š Buffering: 73.333336%
11-03 23:05:08.841  4846  4846 D VlcAudioBackend: ğŸ“Š Buffering: 80.0%
11-03 23:05:08.843  4846  4846 D VlcAudioBackend: ğŸ“Š Buffering: 86.666664%
11-03 23:05:08.844  4846  4846 D VlcAudioBackend: ğŸ“Š Buffering: 93.333336%
11-03 23:05:08.844  4846  4846 D VlcAudioBackend: ğŸ“Š Buffering: 100.0%
11-03 23:05:08.846  4846  4846 D VlcAudioBackend: ğŸ“Š Buffering: 100.0%
11-03 23:05:08.849  4846  4846 D WaveformGenerator: LaunchedEffect triggered for file: Andrea Lane - You Can't Stop (Extended Mix) [Wh0 Plays].aiff
11-03 23:05:09.126  4846  4846 D WaveformGenerator: Starting waveform generation for: Andrea Lane - You Can't Stop (Extended Mix) [Wh0 Plays].aiff
11-03 23:05:09.129  4846  4846 D WaveformGenerator: File size: 57.5MB
11-03 23:05:09.134  4846  6432 D WaveformGenerator: Generating waveform for: Andrea Lane - You Can't Stop (Extended Mix) [Wh0 Plays].aiff
11-03 23:05:09.135  4846  6432 D WaveformGenerator: Requesting 256 samples for any duration
11-03 23:05:09.365  4846  4846 D WaveformGenerator: ğŸ“º SharedWaveformDisplay - Received waveform: 256 samples
11-03 23:05:09.366  4846  4846 D WaveformGenerator: ğŸ“º SharedWaveformDisplay - Min: 30, Max: 85, Avg: 72
11-03 23:05:09.368  4846  4846 D WaveformGenerator: ğŸ“º SharedWaveformDisplay - First 10: 85, 74, 62, 74, 75, 65, 75, 76, 67, 76
11-03 23:05:10.383  4846  6432 D WaveformGenerator: âš ï¸ SLOW waveform generation: 1243ms for Andrea Lane - You Can't Stop (Extended Mix) [Wh0 Plays].aiff
11-03 23:05:10.386  4846  6432 D WaveformGenerator: âœ… Waveform generated: 256 samples
11-03 23:05:10.388  4846  6432 D WaveformGenerator: ğŸ“Š UI State - Min: 30, Max: 85, Avg: 73
11-03 23:05:10.390  4846  6432 D WaveformGenerator: ğŸ“Š UI State - First 10: 85, 83, 83, 83, 83, 72, 60, 73, 85, 70
11-03 23:05:10.393  4846  4846 D WaveformGenerator: ğŸ“Š UI State UPDATED - waveformData is now NOT NULL (256 samples)
11-03 23:05:10.523  4846  4846 D WaveformGenerator: ğŸ“º SharedWaveformDisplay - Received waveform: 256 samples
11-03 23:05:10.525  4846  4846 D WaveformGenerator: ğŸ“º SharedWaveformDisplay - Min: 30, Max: 85, Avg: 73
11-03 23:05:10.527  4846  4846 D WaveformGenerator: ğŸ“º SharedWaveformDisplay - First 10: 85, 83, 83, 83, 83, 72, 60, 73, 85, 70
11-03 23:05:11.726  4846  4846 D PerformanceProfiler: ğŸ“Š === PERFORMANCE STATISTICS ===
11-03 23:05:11.731  4846  4846 D PerformanceProfiler:   WaveformGen: 28x, avg=477ms, min=134ms, max=1720ms, total=13364ms
11-03 23:05:11.734  4846  4846 D PerformanceProfiler:   AudioManager.generateSpectrogram: 1x, avg=4955ms, min=4955ms, max=4955ms, total=4955ms
11-03 23:10:11.743  4846  4846 D PerformanceProfiler: ğŸ“Š === PERFORMANCE STATISTICS ===
11-03 23:10:11.749  4846  4846 D PerformanceProfiler:   WaveformGen: 28x, avg=477ms, min=134ms, max=1720ms, total=13364ms
11-03 23:10:11.751  4846  4846 D PerformanceProfiler:   AudioManager.generateSpectrogram: 1x, avg=4955ms, min=4955ms, max=4955ms, total=4955ms
11-03 23:10:48.295  4846  4846 D AudioManager: ğŸ“Š Copied 1.0MB...
11-03 23:10:48.311  4846  4846 D AudioManager: ğŸ“Š Copied 2.0MB...
11-03 23:10:48.323  4846  4846 D AudioManager: ğŸ“Š Copied 3.0MB...
11-03 23:10:48.334  4846  4846 D AudioManager: ğŸ“Š Copied 4.0MB...
11-03 23:10:48.345  4846  4846 D AudioManager: ğŸ“Š Copied 5.0MB...
11-03 23:10:48.377  4846  4846 D AudioManager: ğŸ“Š Copied 6.0MB...
11-03 23:10:48.412  4846  4846 D AudioManager: ğŸ“Š Copied 7.0MB...
11-03 23:10:48.423  4846  4846 D AudioManager: ğŸ“Š Copied 8.0MB...
11-03 23:10:48.434  4846  4846 D AudioManager: ğŸ“Š Copied 9.0MB...
11-03 23:10:48.444  4846  4846 D AudioManager: ğŸ“Š Copied 10.0MB...
11-03 23:10:48.454  4846  4846 D AudioManager: ğŸ“Š Copied 11.0MB...
11-03 23:10:48.463  4846  4846 D AudioManager: ğŸ“Š Copied 12.0MB...
11-03 23:10:48.490  4846  4846 D AudioManager: ğŸ“Š Copied 13.0MB...
11-03 23:10:48.527  4846  4846 D AudioManager: ğŸ“Š Copied 14.0MB...
11-03 23:10:48.538  4846  4846 D AudioManager: ğŸ“Š Copied 15.0MB...
11-03 23:10:48.550  4846  4846 D AudioManager: ğŸ“Š Copied 16.0MB...
11-03 23:10:48.563  4846  4846 D AudioManager: ğŸ“Š Copied 17.0MB...
11-03 23:10:48.574  4846  4846 D AudioManager: ğŸ“Š Copied 18.0MB...
11-03 23:10:48.586  4846  4846 D AudioManager: ğŸ“Š Copied 19.0MB...
11-03 23:10:48.599  4846  4846 D AudioManager: ğŸ“Š Copied 20.0MB...
11-03 23:10:48.611  4846  4846 D AudioManager: ğŸ“Š Copied 21.0MB...
11-03 23:10:48.622  4846  4846 D AudioManager: ğŸ“Š Copied 22.0MB...
11-03 23:10:48.634  4846  4846 D AudioManager: ğŸ“Š Copied 23.0MB...
11-03 23:10:48.646  4846  4846 D AudioManager: ğŸ“Š Copied 24.0MB...
11-03 23:10:48.656  4846  4846 D AudioManager: ğŸ“Š Copied 25.0MB...
11-03 23:10:48.668  4846  4846 D AudioManager: ğŸ“Š Copied 26.0MB...
11-03 23:10:48.679  4846  4846 D AudioManager: ğŸ“Š Copied 27.0MB...
11-03 23:10:48.693  4846  4846 D AudioManager: ğŸ“Š Copied 28.0MB...
11-03 23:10:48.704  4846  4846 D AudioManager: ğŸ“Š Copied 29.0MB...
11-03 23:10:48.716  4846  4846 D AudioManager: ğŸ“Š Copied 30.0MB...
11-03 23:10:48.728  4846  4846 D AudioManager: ğŸ“Š Copied 31.0MB...
11-03 23:10:48.741  4846  4846 D AudioManager: ğŸ“Š Copied 32.0MB...
11-03 23:10:48.753  4846  4846 D AudioManager: ğŸ“Š Copied 33.0MB...
11-03 23:10:48.765  4846  4846 D AudioManager: ğŸ“Š Copied 34.0MB...
11-03 23:10:48.776  4846  4846 D AudioManager: ğŸ“Š Copied 35.0MB...
11-03 23:10:48.789  4846  4846 D AudioManager: ğŸ“Š Copied 36.0MB...
11-03 23:10:48.801  4846  4846 D AudioManager: ğŸ“Š Copied 37.0MB...
11-03 23:10:48.813  4846  4846 D AudioManager: ğŸ“Š Copied 38.0MB...
11-03 23:10:48.824  4846  4846 D AudioManager: ğŸ“Š Copied 39.0MB...
11-03 23:10:48.836  4846  4846 D AudioManager: ğŸ“Š Copied 40.0MB...
11-03 23:10:48.849  4846  4846 D AudioManager: ğŸ“Š Copied 41.0MB...
11-03 23:10:48.861  4846  4846 D AudioManager: ğŸ“Š Copied 42.0MB...
11-03 23:10:48.872  4846  4846 D AudioManager: ğŸ“Š Copied 43.0MB...
11-03 23:10:48.885  4846  4846 D AudioManager: ğŸ“Š Copied 44.0MB...
11-03 23:10:48.898  4846  4846 D AudioManager: ğŸ“Š Copied 45.0MB...
11-03 23:10:48.910  4846  4846 D AudioManager: ğŸ“Š Copied 46.0MB...
11-03 23:10:48.922  4846  4846 D AudioManager: ğŸ“Š Copied 47.0MB...
11-03 23:10:48.933  4846  4846 D AudioManager: ğŸ“Š Copied 48.0MB...
11-03 23:10:48.945  4846  4846 D AudioManager: ğŸ“Š Copied 49.0MB...
11-03 23:10:48.957  4846  4846 D AudioManager: ğŸ“Š Copied 50.0MB...
11-03 23:10:48.969  4846  4846 D AudioManager: ğŸ“Š Copied 51.0MB...
11-03 23:10:48.982  4846  4846 D AudioManager: ğŸ“Š Copied 52.0MB...
11-03 23:10:48.994  4846  4846 D AudioManager: ğŸ“Š Copied 53.0MB...
11-03 23:10:49.006  4846  4846 D AudioManager: ğŸ“Š Copied 54.0MB...
11-03 23:10:49.018  4846  4846 D AudioManager: ğŸ“Š Copied 55.0MB...
11-03 23:10:49.029  4846  4846 D AudioManager: ğŸ“Š Copied 56.0MB...
11-03 23:10:49.041  4846  4846 D AudioManager: ğŸ“Š Copied 57.0MB...
11-03 23:10:49.052  4846  4846 D AudioManager: ğŸ“Š Copied 58.0MB...
11-03 23:10:49.066  4846  4846 D AudioManager: ğŸ“Š Copied 59.0MB...
11-03 23:10:49.078  4846  4846 D AudioManager: ğŸ“Š Copied 60.0MB...
11-03 23:10:49.090  4846  4846 D AudioManager: ğŸ“Š Copied 61.0MB...
11-03 23:10:49.885  4846  4846 D PerformanceProfiler: âš ï¸ SLOW OPERATION: AudioManager.playFile[Adam Stacks '2Face Boogie' (Original Mix) [Beans and Bacon].aiff] took 1988ms
11-03 23:10:49.889  4846  4846 D MemoryMonitor: ğŸ“Š Memory: 10MB used / 256MB max (4%) - 245MB free
11-03 23:10:50.336  4846  4846 D VlcAudioBackend: ğŸ“Š Buffering: 0.0%
11-03 23:10:50.352  4846  4846 D VlcAudioBackend: ğŸ“Š Buffering: 0.0%
11-03 23:10:50.355  4846  4846 D VlcAudioBackend: ğŸ“Š Buffering: 6.666667%
11-03 23:10:50.356  4846  4846 D VlcAudioBackend: ğŸ“Š Buffering: 13.333334%
11-03 23:10:50.357  4846  4846 D VlcAudioBackend: ğŸ“Š Buffering: 20.0%
11-03 23:10:50.358  4846  4846 D VlcAudioBackend: ğŸ“Š Buffering: 26.666668%
11-03 23:10:50.359  4846  4846 D VlcAudioBackend: ğŸ“Š Buffering: 33.333336%
11-03 23:10:50.361  4846  4846 D VlcAudioBackend: ğŸ“Š Buffering: 40.0%
11-03 23:10:50.362  4846  4846 D VlcAudioBackend: ğŸ“Š Buffering: 46.666668%
11-03 23:10:50.363  4846  4846 D VlcAudioBackend: ğŸ“Š Buffering: 53.333336%
11-03 23:10:50.364  4846  4846 D VlcAudioBackend: ğŸ“Š Buffering: 60.000004%
11-03 23:10:50.366  4846  4846 D VlcAudioBackend: ğŸ“Š Buffering: 66.66667%
11-03 23:10:50.367  4846  4846 D VlcAudioBackend: ğŸ“Š Buffering: 73.333336%
11-03 23:10:50.369  4846  4846 D VlcAudioBackend: ğŸ“Š Buffering: 80.0%
11-03 23:10:50.370  4846  4846 D VlcAudioBackend: ğŸ“Š Buffering: 86.666664%
11-03 23:10:50.371  4846  4846 D VlcAudioBackend: ğŸ“Š Buffering: 93.333336%
11-03 23:10:50.372  4846  4846 D VlcAudioBackend: ğŸ“Š Buffering: 100.0%
11-03 23:10:50.373  4846  4846 D VlcAudioBackend: ğŸ“Š Buffering: 100.0%
11-03 23:10:50.691  4846  4846 D WaveformGenerator: LaunchedEffect triggered for file: Adam Stacks '2Face Boogie' (Original Mix) [Beans and Bacon].aiff
11-03 23:10:50.936  4846  4846 D WaveformGenerator: Starting waveform generation for: Adam Stacks '2Face Boogie' (Original Mix) [Beans and Bacon].aiff
11-03 23:10:50.938  4846  4846 D WaveformGenerator: File size: 61.6MB
11-03 23:10:50.940  4846  8155 D WaveformGenerator: Generating waveform for: Adam Stacks '2Face Boogie' (Original Mix) [Beans and Bacon].aiff
11-03 23:10:50.940  4846  8155 D WaveformGenerator: Requesting 256 samples for any duration
11-03 23:10:50.943  4846  4846 D WaveformGenerator: ğŸ“º SharedWaveformDisplay - Received waveform: 256 samples
11-03 23:10:50.945  4846  4846 D WaveformGenerator: ğŸ“º SharedWaveformDisplay - Min: 30, Max: 85, Avg: 73
11-03 23:10:50.946  4846  4846 D WaveformGenerator: ğŸ“º SharedWaveformDisplay - First 10: 85, 83, 83, 83, 83, 72, 60, 73, 85, 70
11-03 23:10:52.068  4846  8155 D WaveformGenerator: âš ï¸ SLOW waveform generation: 1125ms for Adam Stacks '2Face Boogie' (Original Mix) [Beans and Bacon].aiff
11-03 23:10:52.072  4846  8155 D WaveformGenerator: âœ… Waveform generated: 256 samples
11-03 23:10:52.074  4846  8155 D WaveformGenerator: ğŸ“Š UI State - Min: 30, Max: 85, Avg: 69
