11-10 14:53:37.571  1884  5666 D LauncherAppsService: getActivityLaunchIntent callingPackage=com.android.systemui component=ComponentInfo{com.google.android.apps.magazines/com.google.apps.dots.android.app.activity.CurrentsStartActivity} user=UserHandle{0}
11-10 14:53:37.571  1431  2167 W USF     : USF_API: Drop flicker data, cannot find sampling_id:84682!
11-10 14:53:37.573  1884  2819 D LauncherAppsService: getActivityLaunchIntent callingPackage=com.android.systemui component=ComponentInfo{com.google.android.apps.walletnfcrel/com.google.commerce.tapandpay.android.wallet.WalletActivity} user=UserHandle{0}
11-10 14:53:37.574  1884  2819 D LauncherAppsService: getActivityLaunchIntent callingPackage=com.android.systemui component=ComponentInfo{com.google.android.apps.youtube.creator/com.google.android.apps.youtube.creator.main.MainActivity} user=UserHandle{0}
11-10 14:53:37.575  1884  5666 D LauncherAppsService: getActivityLaunchIntent callingPackage=com.android.systemui component=ComponentInfo{com.google.android.play.games/com.google.android.gms.games.ui.destination.main.MainActivity} user=UserHandle{0}
11-10 14:53:37.575  1884  5666 D LauncherAppsService: getActivityLaunchIntent callingPackage=com.android.systemui component=ComponentInfo{com.microsoft.emmx/com.microsoft.ruby.Main} user=UserHandle{0}
11-10 14:53:37.575 12933 12933 V BaseDepthController: Applying blur: 0 to Surface(name=com.google.android.apps.nexuslauncher/com.google.android.apps.nexuslauncher.NexusLauncherActivity)/@0x828e58a
11-10 14:53:37.576  1884  3104 D LauncherAppsService: getActivityLaunchIntent callingPackage=com.android.systemui component=ComponentInfo{com.microsoft.office.outlook/com.microsoft.office.outlook.MainActivity} user=UserHandle{0}
11-10 14:53:37.576   759   759 E CompositionEngine: [Home to launcher blur layer#154819] Invalid device requested composition type change: Client (1) --> Device (2)
11-10 14:53:37.578  1884  2819 D LauncherAppsService: getActivityLaunchIntent callingPackage=com.android.systemui component=ComponentInfo{com.paypal.android.p2pmobile/com.paypal.android.p2pmobile.startup.activities.StartupActivity} user=UserHandle{0}
11-10 14:53:37.579  1884  5670 D LauncherAppsService: getActivityLaunchIntent callingPackage=com.android.systemui component=ComponentInfo{com.roblox.client/com.roblox.client.startup.ActivitySplash} user=UserHandle{0}
11-10 14:53:37.580  1884  5670 D LauncherAppsService: getActivityLaunchIntent callingPackage=com.android.systemui component=ComponentInfo{com.shazam.android/com.shazam.android.activities.SplashActivity} user=UserHandle{0}
11-10 14:53:37.580  1884  2819 D LauncherAppsService: getActivityLaunchIntent callingPackage=com.android.systemui component=ComponentInfo{com.shopify.arrive/com.shopify.arrive.MainActivity} user=UserHandle{0}
11-10 14:53:37.581  1884  5670 D LauncherAppsService: getActivityLaunchIntent callingPackage=com.android.systemui component=ComponentInfo{com.spotify.music/com.spotify.music.MainActivity} user=UserHandle{0}
11-10 14:53:37.581  1431  2167 W USF     : USF_API: Drop flicker data, cannot find sampling_id:84682!
11-10 14:53:37.581  1884  5670 D LauncherAppsService: getActivityLaunchIntent callingPackage=com.android.systemui component=ComponentInfo{com.ubercab/com.ubercab.presidio.app.core.root.RootActivity} user=UserHandle{0}
11-10 14:53:37.582  1884  3104 D LauncherAppsService: getActivityLaunchIntent callingPackage=com.android.systemui component=ComponentInfo{ee.mtakso.client/ee.mtakso.client.activity.SplashHomeActivity} user=UserHandle{0}
11-10 14:53:37.582  1884  5670 D LauncherAppsService: getActivityLaunchIntent callingPackage=com.android.systemui component=ComponentInfo{fr.leboncoin/fr.leboncoin.features.splashscreen.ui.activities.SplashScreenActivity} user=UserHandle{0}
11-10 14:53:37.583  1884  2819 D LauncherAppsService: getActivityLaunchIntent callingPackage=com.android.systemui component=ComponentInfo{ro.emag.android/ro.emag.android.cleancode.app.ActivityStart} user=UserHandle{0}
11-10 14:53:37.583  1884  2819 D LauncherAppsService: getActivityLaunchIntent callingPackage=com.android.systemui component=ComponentInfo{trendyol.com/com.trendyol.common.splash.impl.ui.SplashActivity} user=UserHandle{0}
11-10 14:53:37.584  1884  2819 D LauncherAppsService: getActivityLaunchIntent callingPackage=com.android.systemui component=ComponentInfo{com.android.stk/com.android.stk.StkMain} user=UserHandle{0}
11-10 14:53:37.584 12933 12933 V BaseDepthController: Applying blur: 0 to Surface(name=com.google.android.apps.nexuslauncher/com.google.android.apps.nexuslauncher.NexusLauncherActivity)/@0x828e58a
11-10 14:53:37.584  1884  2819 D LauncherAppsService: getActivityLaunchIntent callingPackage=com.android.systemui component=ComponentInfo{com.google.android.apps.nbu.files/com.google.android.apps.nbu.files.home.HomeActivity} user=UserHandle{0}
11-10 14:53:37.584   759   759 E CompositionEngine: [Home to launcher blur layer#154819] Invalid device requested composition type change: Client (1) --> Device (2)
11-10 14:53:37.586  1884  3104 D LauncherAppsService: getActivityLaunchIntent callingPackage=com.android.systemui component=ComponentInfo{com.google.android.apps.pixel.health/com.google.android.apps.pixel.health.thermometer.ThermometerHomeActivity} user=UserHandle{0}
11-10 14:53:37.586  1884  5670 D LauncherAppsService: getActivityLaunchIntent callingPackage=com.android.systemui component=ComponentInfo{com.google.android.apps.recorder/com.google.android.apps.recorder.ui.recordings.MainActivity} user=UserHandle{0}
11-10 14:53:37.587  1884  5670 D LauncherAppsService: getActivityLaunchIntent callingPackage=com.android.systemui component=ComponentInfo{com.google.android.apps.safetyhub/com.google.android.apps.safetyhub.LauncherActivity} user=UserHandle{0}
11-10 14:53:37.588  1884  2819 D LauncherAppsService: getActivityLaunchIntent callingPackage=com.android.systemui component=ComponentInfo{com.google.android.apps.tips/com.google.android.apps.tips.fortnite.p8} user=UserHandle{0}
11-10 14:53:37.588  1884  3104 D LauncherAppsService: getActivityLaunchIntent callingPackage=com.android.systemui component=ComponentInfo{com.google.android.apps.weather/com.google.android.apps.weather.home.HomeActivity} user=UserHandle{0}
11-10 14:53:37.589  1884  2819 D LauncherAppsService: getActivityLaunchIntent callingPackage=com.android.systemui component=ComponentInfo{com.google.android.apps.wellbeing/com.google.android.apps.wellbeing.settings.LauncherActivity} user=UserHandle{0}
11-10 14:53:37.589  1884  2819 D LauncherAppsService: getActivityLaunchIntent callingPackage=com.android.systemui component=ComponentInfo{com.google.android.googlequicksearchbox/com.google.android.googlequicksearchbox.SearchActivity} user=UserHandle{0}
11-10 14:53:37.590  1884  3104 D LauncherAppsService: getActivityLaunchIntent callingPackage=com.android.systemui component=ComponentInfo{at.willhaben/at.willhaben.MainActivity} user=UserHandle{0}
11-10 14:53:37.591  1884  3104 D LauncherAppsService: getActivityLaunchIntent callingPackage=com.android.systemui component=ComponentInfo{battle.iron.suit/com.unity3d.player.UnityPlayerActivity} user=UserHandle{0}
11-10 14:53:37.591  1431  2167 W USF     : USF_API: Drop flicker data, cannot find sampling_id:84682!
11-10 14:53:37.592 12933 12933 V BaseDepthController: Applying blur: 0 to Surface(name=com.google.android.apps.nexuslauncher/com.google.android.apps.nexuslauncher.NexusLauncherActivity)/@0x828e58a
11-10 14:53:37.592  1884  2819 D LauncherAppsService: getActivityLaunchIntent callingPackage=com.android.systemui component=ComponentInfo{com.Garawell.BridgeRace/com.unity3d.player.UnityPlayerActivity} user=UserHandle{0}
11-10 14:53:37.593   759   759 E CompositionEngine: [Home to launcher blur layer#154819] Invalid device requested composition type change: Client (1) --> Device (2)
11-10 14:53:37.594  1884  5670 D LauncherAppsService: getActivityLaunchIntent callingPackage=com.android.systemui component=ComponentInfo{com.JindoBlu.TwoPlayerGamesChallenge/com.unity3d.player.UnityPlayerActivity} user=UserHandle{0}
11-10 14:53:37.595  1884  3104 D LauncherAppsService: getActivityLaunchIntent callingPackage=com.android.systemui component=ComponentInfo{com.Neurononfire.SupremeDuelist/com.google.firebase.MessagingUnityPlayerActivity} user=UserHandle{0}
11-10 14:53:37.595  1884  2819 D LauncherAppsService: getActivityLaunchIntent callingPackage=com.android.systemui component=ComponentInfo{com.alibaba.aliexpresshd/com.aliexpress.app.FirstActivity} user=UserHandle{0}
11-10 14:53:37.596  1884  1915 D LauncherAppsService: getActivityLaunchIntent callingPackage=com.android.systemui component=ComponentInfo{com.alibaba.intl.android.apps.poseidon/com.alibaba.intl.android.apps.poseidon.app.activity.ActivityMainMaterial} user=UserHandle{0}
11-10 14:53:37.597  1884  2819 D LauncherAppsService: getActivityLaunchIntent callingPackage=com.android.systemui component=ComponentInfo{com.anydesk.anydeskandroid/com.anydesk.anydeskandroid.gui.activity.HubActivity} user=UserHandle{0}
11-10 14:53:37.597  1884  5666 D LauncherAppsService: getActivityLaunchIntent callingPackage=com.android.systemui component=ComponentInfo{com.aspiro.tidal/com.aspiro.wamp.LoginFragmentActivity} user=UserHandle{0}
11-10 14:53:37.598  1884  2819 D LauncherAppsService: getActivityLaunchIntent callingPackage=com.android.systemui component=ComponentInfo{com.azure.authenticator/com.azure.authenticator.ui.LaunchActivity} user=UserHandle{0}
11-10 14:53:37.598  1884  5666 D LauncherAppsService: getActivityLaunchIntent callingPackage=com.android.systemui component=ComponentInfo{com.bandcamp.android/com.bandcamp.android.view.SplashActivity} user=UserHandle{0}
11-10 14:53:37.598 31972 31972 I Finsky:background: [2] agim - Received: android.intent.action.PACKAGE_ADDED, [F8SdPmz-nDnkHAASXyGhRL_JSafYynzTZ1KyLvYja6g]
11-10 14:53:37.599  1884  2819 D LauncherAppsService: getActivityLaunchIntent callingPackage=com.android.systemui component=ComponentInfo{com.booking/com.booking.startup.HomeActivity} user=UserHandle{0}
11-10 14:53:37.599  1884  1915 D LauncherAppsService: getActivityLaunchIntent callingPackage=com.android.systemui component=ComponentInfo{com.brightstripe.parcels/com.brightstripe.parcels.MainActivity} user=UserHandle{0}
11-10 14:53:37.600  1884  1915 D LauncherAppsService: getActivityLaunchIntent callingPackage=com.android.systemui component=ComponentInfo{com.cargus.cma/com.cargus.cma.MainActivity} user=UserHandle{0}
11-10 14:53:37.600  1884  1915 D LauncherAppsService: getActivityLaunchIntent callingPackage=com.android.systemui component=ComponentInfo{com.catalogViva/com.catalogViva.MainActivity} user=UserHandle{0}
11-10 14:53:37.601 12933 12933 V BaseDepthController: Applying blur: 0 to Surface(name=com.google.android.apps.nexuslauncher/com.google.android.apps.nexuslauncher.NexusLauncherActivity)/@0x828e58a
11-10 14:53:37.601  1431  2167 W USF     : USF_API: Drop flicker data, cannot find sampling_id:84682!
11-10 14:53:37.601  1884  5666 D LauncherAppsService: getActivityLaunchIntent callingPackage=com.android.systemui component=ComponentInfo{com.davidgiga1993.mixingstationpro/org.devcore.mixingstation.android.lib.AndroidLauncher} user=UserHandle{0}
11-10 14:53:37.601   759   759 E CompositionEngine: [Home to launcher blur layer#154819] Invalid device requested composition type change: Client (1) --> Device (2)
11-10 14:53:37.601  1884  2819 D LauncherAppsService: getActivityLaunchIntent callingPackage=com.android.systemui component=ComponentInfo{com.digitaldreamlabs.retrodrive/com.digitaldreamlabs.retrodrive.OverDriveActivity} user=UserHandle{0}
11-10 14:53:37.602  1884  5670 D LauncherAppsService: getActivityLaunchIntent callingPackage=com.android.systemui component=ComponentInfo{com.discord/com.discord.main.MainDefault} user=UserHandle{0}
11-10 14:53:37.602  1884  3104 D LauncherAppsService: getActivityLaunchIntent callingPackage=com.android.systemui component=ComponentInfo{com.disney.disneyplus/com.bamtechmedia.dominguez.main.MainActivity} user=UserHandle{0}
11-10 14:53:37.603  1884  5670 D LauncherAppsService: getActivityLaunchIntent callingPackage=com.android.systemui component=ComponentInfo{com.duosecurity.duomobile/com.duosecurity.duomobile.account_list.AccountListActivity} user=UserHandle{0}
11-10 14:53:37.603  1884  3104 D LauncherAppsService: getActivityLaunchIntent callingPackage=com.android.systemui component=ComponentInfo{com.ebay.kleinanzeigen/ebk.ui.splash.SplashActivity} user=UserHandle{0}
11-10 14:53:37.604  1884  3104 D LauncherAppsService: getActivityLaunchIntent callingPackage=com.android.systemui component=ComponentInfo{com.ebay.mobile/com.ebay.mobile.home.impl.main.MainActivity} user=UserHandle{0}
11-10 14:53:37.604  1884  3104 D LauncherAppsService: getActivityLaunchIntent callingPackage=com.android.systemui component=ComponentInfo{com.einnovation.temu/com.baogong.splash.activity.MainFrameActivity} user=UserHandle{0}
11-10 14:53:37.605  1884  3104 D LauncherAppsService: getActivityLaunchIntent callingPackage=com.android.systemui component=ComponentInfo{com.example.mobiledigger/com.example.mobiledigger.MainActivity} user=UserHandle{0}
11-10 14:53:37.605  1884  5670 D LauncherAppsService: getActivityLaunchIntent callingPackage=com.android.systemui component=ComponentInfo{com.facebook.katana/com.facebook.katana.LoginActivity} user=UserHandle{0}
11-10 14:53:37.606  1884  3104 D LauncherAppsService: getActivityLaunchIntent callingPackage=com.android.systemui component=ComponentInfo{com.facebook.orca/com.facebook.orca.auth.StartScreenActivity} user=UserHandle{0}
11-10 14:53:37.606  1884  3104 D LauncherAppsService: getActivityLaunchIntent callingPackage=com.android.systemui component=ComponentInfo{com.fun.mxw/io.dcloud.PandoraEntry} user=UserHandle{0}
11-10 14:53:37.607  1884  3104 D LauncherAppsService: getActivityLaunchIntent callingPackage=com.android.systemui component=ComponentInfo{com.games.webmaster/com.unity3d.player.UnityPlayerActivity} user=UserHandle{0}
11-10 14:53:37.607  1884  5670 D LauncherAppsService: getActivityLaunchIntent callingPackage=com.android.systemui component=ComponentInfo{com.games.whodiesfirst/com.unity3d.player.UnityPlayerActivity} user=UserHandle{0}
11-10 14:53:37.609   759   759 E CompositionEngine: [Home to launcher blur layer#154819] Invalid device requested composition type change: Client (1) --> Device (2)
11-10 14:53:37.610  1884  5670 D LauncherAppsService: getActivityLaunchIntent callingPackage=com.android.systemui component=ComponentInfo{com.ghisler.android.TotalCommander/com.ghisler.android.TotalCommander.TotalCommander} user=UserHandle{0}
11-10 14:53:37.610  1431  2167 W USF     : USF_API: Drop flicker data, cannot find sampling_id:84682!
11-10 14:53:37.610  1884  3104 D LauncherAppsService: getActivityLaunchIntent callingPackage=com.android.systemui component=ComponentInfo{com.globalfun.ben10ae.google/com.globalfun.FullActivity} user=UserHandle{0}
11-10 14:53:37.611  1884  3104 D LauncherAppsService: getActivityLaunchIntent callingPackage=com.android.systemui component=ComponentInfo{com.google.android.apps.authenticator2/com.google.android.apps.authenticator2.main.MainActivity} user=UserHandle{0}
11-10 14:53:37.611  7174  7174 I Finsky  : [2] AIM: AppInfoCacheUpdater -> invalidating apps: [com.example.mobiledigger]
11-10 14:53:37.611  1884  3104 D LauncherAppsService: getActivityLaunchIntent callingPackage=com.android.systemui component=ComponentInfo{com.google.android.apps.bard/com.google.android.apps.bard.shellapp.BardEntryPointActivity} user=UserHandle{0}
11-10 14:53:37.612  1884  1915 D LauncherAppsService: getActivityLaunchIntent callingPackage=com.android.systemui component=ComponentInfo{com.google.android.apps.chromecast.app/com.google.android.apps.chromecast.app.DiscoveryActivity} user=UserHandle{0}
11-10 14:53:37.612  1884  1915 D LauncherAppsService: getActivityLaunchIntent callingPackage=com.android.systemui component=ComponentInfo{com.google.android.apps.fitness/com.google.android.apps.fitness.welcome.WelcomeActivity} user=UserHandle{0}
11-10 14:53:37.613  1884  3104 D LauncherAppsService: getActivityLaunchIntent callingPackage=com.android.systemui component=ComponentInfo{com.google.android.apps.searchlite/com.google.android.apps.searchlite.ui.SearchActivity} user=UserHandle{0}
11-10 14:53:37.613 31972 21343 I Finsky:background: [1145] Wrote row to frosting DB: 134023
11-10 14:53:37.613  1884  1915 D LauncherAppsService: getActivityLaunchIntent callingPackage=com.android.systemui component=ComponentInfo{com.google.android.apps.subscriptions.red/com.google.android.apps.subscriptions.red.LauncherActivity} user=UserHandle{0}
11-10 14:53:37.614  7174  7215 I Finsky  : [1043] AIM: AppInfoManager-Perf > OnDeviceAppInfo > cacheHitCount=1, cacheMissCount=0. Missed  in cache (limit 10) : []
11-10 14:53:37.614  1884  1915 D LauncherAppsService: getActivityLaunchIntent callingPackage=com.android.systemui component=ComponentInfo{com.google.android.apps.translate/com.google.android.apps.translate.TranslateActivity} user=UserHandle{0}
11-10 14:53:37.614  1884  1915 D LauncherAppsService: getActivityLaunchIntent callingPackage=com.android.systemui component=ComponentInfo{com.google.android.keep/com.google.android.keep.activities.BrowseActivity} user=UserHandle{0}
11-10 14:53:37.615  1884  3104 D LauncherAppsService: getActivityLaunchIntent callingPackage=com.android.systemui component=ComponentInfo{com.gtsy.capturing.heroes/com.unity3d.player.UnityPlayerActivity} user=UserHandle{0}
11-10 14:53:37.615  1884  3104 D LauncherAppsService: getActivityLaunchIntent callingPackage=com.android.systemui component=ComponentInfo{com.hb.spider.games.fighting.hero/com.unity3d.player.UnityPlayerActivity} user=UserHandle{0}
11-10 14:53:37.615  7174  7174 I Finsky  : [2] AIM: AppInfoManager-Perf > getApps > called for 1 apps
11-10 14:53:37.616  1884  3104 D LauncherAppsService: getActivityLaunchIntent callingPackage=com.android.systemui component=ComponentInfo{com.htt.alpha.shooter.fps/com.unity3d.player.UnityPlayerActivity} user=UserHandle{0}
11-10 14:53:37.617 31972 21349 I Finsky:background: [1148] IQ: handled package removed
11-10 14:53:37.617 12933 12933 V BaseDepthController: Applying blur: 0 to Surface(name=com.google.android.apps.nexuslauncher/com.google.android.apps.nexuslauncher.NexusLauncherActivity)/@0x828e58a
11-10 14:53:37.618  7174  7215 I Finsky  : [1043] AIM: Got app ownership map. App counts: . Unique apps: 0
11-10 14:53:37.618  7174  7215 E Finsky  : [1043] [Counters] attempted to use a non-positive increment for: 4752
11-10 14:53:37.618   759   759 E CompositionEngine: [Home to launcher blur layer#154819] Invalid device requested composition type change: Client (1) --> Device (2)
11-10 14:53:37.619  1884  1915 D LauncherAppsService: getActivityLaunchIntent callingPackage=com.android.systemui component=ComponentInfo{com.inotesapp.inotes/com.inotesapp.inotes.MainActivity} user=UserHandle{0}
11-10 14:53:37.620  1884  2819 D LauncherAppsService: getActivityLaunchIntent callingPackage=com.android.systemui component=ComponentInfo{com.instagram.android/com.instagram.android.activity.MainTabActivity} user=UserHandle{0}
11-10 14:53:37.620  7174  7218 E Finsky  : [1046] [Counters] attempted to use a non-positive increment for: 4753
11-10 14:53:37.620  1884  5670 D LauncherAppsService: getActivityLaunchIntent callingPackage=com.android.systemui component=ComponentInfo{com.kendamanomics.app/com.kendamanomics.app.MainActivity} user=UserHandle{0}
11-10 14:53:37.621  1884  2819 D LauncherAppsService: getActivityLaunchIntent callingPackage=com.android.systemui component=ComponentInfo{com.libratone/com.libratone.v3.activities.HomeActivity} user=UserHandle{0}
11-10 14:53:37.621  1431  2167 W USF     : USF_API: Drop flicker data, cannot find sampling_id:84682!
11-10 14:53:37.621  1884  5670 D LauncherAppsService: getActivityLaunchIntent callingPackage=com.android.systemui component=ComponentInfo{com.linkedin.android/com.linkedin.android.authenticator.LaunchActivityDefault} user=UserHandle{0}
11-10 14:53:37.622  1884  2819 D LauncherAppsService: getActivityLaunchIntent callingPackage=com.android.systemui component=ComponentInfo{com.mcdonalds.mobileapp/com.mcdonalds.mobileapp.SplashActivity} user=UserHandle{0}
11-10 14:53:37.622  1884  5670 D LauncherAppsService: getActivityLaunchIntent callingPackage=com.android.systemui component=ComponentInfo{com.microsoft.appmanager/com.microsoft.appmanager.StartUpCoreActivity} user=UserHandle{0}
11-10 14:53:37.623  1884  2819 D LauncherAppsService: getActivityLaunchIntent callingPackage=com.android.systemui component=ComponentInfo{com.microsoft.office.excel/com.microsoft.office.apphost.LaunchActivity} user=UserHandle{0}
11-10 14:53:37.623  1884  5670 D LauncherAppsService: getActivityLaunchIntent callingPackage=com.android.systemui component=ComponentInfo{com.microsoft.office.onenote/com.microsoft.office.onenote.ui.ONMSplashActivity} user=UserHandle{0}
11-10 14:53:37.624  7174  7220 I Finsky  : [1048] AIM: AppInfoManager-Perf > OnDeviceAppInfo > cacheHitCount=0, cacheMissCount=1. Missed  in cache (limit 10) : [com.example.mobiledigger]
11-10 14:53:37.625  1884  2819 D LauncherAppsService: getActivityLaunchIntent callingPackage=com.android.systemui component=ComponentInfo{com.microsoft.office.word/com.microsoft.office.apphost.LaunchActivity} user=UserHandle{0}
11-10 14:53:37.626 12933 12933 V BaseDepthController: Applying blur: 0 to Surface(name=com.google.android.apps.nexuslauncher/com.google.android.apps.nexuslauncher.NexusLauncherActivity)/@0x828e58a
11-10 14:53:37.626 31972 31972 I Finsky:background: [2] agim - Deduping intent android.intent.action.PACKAGE_ADDED
11-10 14:53:37.626  1884  1915 D LauncherAppsService: getActivityLaunchIntent callingPackage=com.android.systemui component=ComponentInfo{com.microsoft.rdc.androidx/com.microsoft.windowsapp.ui.HomeActivity} user=UserHandle{0}
11-10 14:53:37.628  7174  7220 I Finsky  : [1048] AIM: Got app ownership map. App counts: . Unique apps: 0
11-10 14:53:37.628  7174  7220 E Finsky  : [1048] [Counters] attempted to use a non-positive increment for: 4752
11-10 14:53:37.628  1884  2819 D LauncherAppsService: getActivityLaunchIntent callingPackage=com.android.systemui component=ComponentInfo{com.microsoft.teams/com.microsoft.skype.teams.Launcher} user=UserHandle{0}
11-10 14:53:37.629  1884  2819 D LauncherAppsService: getActivityLaunchIntent callingPackage=com.android.systemui component=ComponentInfo{com.microsoft.windowsintune.companyportal/com.microsoft.windowsintune.companyportal.views.SplashActivity} user=UserHandle{0}
11-10 14:53:37.630  1884  2819 D LauncherAppsService: getActivityLaunchIntent callingPackage=com.android.systemui component=ComponentInfo{com.mojang.minecraftpe/com.mojang.minecraftpe.MainActivity} user=UserHandle{0}
11-10 14:53:37.630  1884  2819 D LauncherAppsService: getActivityLaunchIntent callingPackage=com.android.systemui component=ComponentInfo{com.movile.playkids.pkxd/com.movile.playkids.pkxd.base.UnityPlayerActivity} user=UserHandle{0}
11-10 14:53:37.631  1884  1915 D LauncherAppsService: getActivityLaunchIntent callingPackage=com.android.systemui component=ComponentInfo{com.musicpay.app/com.musicpay.app.MainActivity} user=UserHandle{0}
11-10 14:53:37.631  1431  2167 W USF     : USF_API: Drop flicker data, cannot find sampling_id:84682!
11-10 14:53:37.631  7174  7215 E Finsky  : [1043] [Counters] attempted to use a non-positive increment for: 4753
11-10 14:53:37.631  1884  2819 D LauncherAppsService: getActivityLaunchIntent callingPackage=com.android.systemui component=ComponentInfo{com.netflix.mediaclient/com.netflix.mediaclient.ui.launch.UIWebViewActivity} user=UserHandle{0}
11-10 14:53:37.632  1884  1915 D LauncherAppsService: getActivityLaunchIntent callingPackage=com.android.systemui component=ComponentInfo{com.nexar.spider.web.shooting.puzzles/com.unity3d.player.UnityPlayerActivity} user=UserHandle{0}
11-10 14:53:37.632  1884  1915 D LauncherAppsService: getActivityLaunchIntent callingPackage=com.android.systemui component=ComponentInfo{com.okta.android.auth/com.okta.android.auth.activity.SplashActivity} user=UserHandle{0}
11-10 14:53:37.632  1884  2819 D LauncherAppsService: getActivityLaunchIntent callingPackage=com.android.systemui component=ComponentInfo{com.onebutton.mrsuper2/com.onebutton.cpp.AppActivity} user=UserHandle{0}
11-10 14:53:37.633 31972 21343 I Finsky:background: [1145] Wrote row to frosting DB: 134024
11-10 14:53:37.633  1884  1915 D LauncherAppsService: getActivityLaunchIntent callingPackage=com.android.systemui component=ComponentInfo{com.onepassword.android/com.onepassword.android.app.StartActivity} user=UserHandle{0}
11-10 14:53:37.633  1884  2819 D LauncherAppsService: getActivityLaunchIntent callingPackage=com.android.systemui component=ComponentInfo{com.openai.chatgpt/com.openai.chatgpt.MainActivity} user=UserHandle{0}
11-10 14:53:37.634 12933 12933 V BaseDepthController: Applying blur: 0 to Surface(name=com.google.android.apps.nexuslauncher/com.google.android.apps.nexuslauncher.NexusLauncherActivity)/@0x828e58a
11-10 14:53:37.635 31972 21343 I Finsky:background: [1145] Wrote row to frosting DB: 134025
11-10 14:53:37.637 31972 21343 I Finsky:background: [1145] Wrote row to frosting DB: 134026
11-10 14:53:37.637  1884  1915 D LauncherAppsService: getActivityLaunchIntent callingPackage=com.android.systemui component=ComponentInfo{com.orange.contultauorange/com.orange.contultauorange.presentation.entry.EntryActivity} user=UserHandle{0}
11-10 14:53:37.639  1884  5670 V Configuration: Updating configuration, locales updated from [] to [en_US,ro_RO]
11-10 14:53:37.639  1884  5670 V Configuration: Updating configuration, locales updated from [] to [en_US]
11-10 14:53:37.639  1884  5670 V Configuration: Updating configuration, locales updated from [] to [en_US,ro_RO]
11-10 14:53:37.639  1884  5670 V Configuration: Updating configuration, locales updated from [] to [en_US,ro_RO]
11-10 14:53:37.639  1884  5670 V Configuration: Updating configuration, locales updated from [] to [en_US,ro_RO]
11-10 14:53:37.639  1884  5670 V Configuration: Updating configuration, locales updated from [] to [en_US]
11-10 14:53:37.639  1884  5670 V Configuration: Updating configuration, locales updated from [] to [en_US,ro_RO]
11-10 14:53:37.639  1884  5670 V Configuration: Updating configuration, locales updated from [] to [en_US,ro_RO]
11-10 14:53:37.639  1884  5670 V Configuration: Updating configuration, locales updated from [] to [en_US,ro_RO]
11-10 14:53:37.639  1884  5670 V Configuration: Updating configuration, locales updated from [] to [en_US]
11-10 14:53:37.639  1884  5670 V Configuration: Updating configuration, locales updated from [] to [en_US,ro_RO]
11-10 14:53:37.639  1884  5670 V Configuration: Updating configuration, locales updated from [] to [en_US,ro_RO]
11-10 14:53:37.639  1884  5670 V Configuration: Updating configuration, locales updated from [] to [en_US,ro_RO]
11-10 14:53:37.639  1884  5670 V Configuration: Updating configuration, locales updated from [] to [en_US]
11-10 14:53:37.639  1884  5670 V Configuration: Updating configuration, locales updated from [] to [en_US,ro_RO]
11-10 14:53:37.639  1884  5670 V Configuration: Updating configuration, locales updated from [] to [en_US,ro_RO]
11-10 14:53:37.639  1884  5670 V Configuration: Updating configuration, locales updated from [] to [en_US,ro_RO]
11-10 14:53:37.639  1884  5670 V Configuration: Updating configuration, locales updated from [] to [en_US,ro_RO]
11-10 14:53:37.639  1884  5670 V Configuration: Updating configuration, locales updated from [] to [en_US]
11-10 14:53:37.639  1884  5670 V Configuration: Updating configuration, locales updated from [] to [en_US]
11-10 14:53:37.639  1884  5670 V Configuration: Updating configuration, locales updated from [] to [en_US]
11-10 14:53:37.639  1884  5670 V Configuration: Updating configuration, locales updated from [] to [en_US,ro_RO]
11-10 14:53:37.639  1884  5670 V Configuration: Updating configuration, locales updated from [] to [en_US,ro_RO]
11-10 14:53:37.639  1884  5670 V Configuration: Updating configuration, locales updated from [] to [en_US]
11-10 14:53:37.639  1884  5670 V Configuration: Updating configuration, locales updated from [] to [en_US,ro_RO]
11-10 14:53:37.639  1884  5670 V Configuration: Updating configuration, locales updated from [] to [en_US,ro_RO]
11-10 14:53:37.639  1884  5670 V Configuration: Updating configuration, locales updated from [] to [en_US,ro_RO]
11-10 14:53:37.639  1884  5670 V Configuration: Updating configuration, locales updated from [] to [en_US,ro_RO]
11-10 14:53:37.639  1884  5670 V Configuration: Updating configuration, locales updated from [] to [en_US,ro_RO]
11-10 14:53:37.639  1884  5670 V Configuration: Updating configuration, locales updated from [] to [en_US,ro_RO]
11-10 14:53:37.639  1884  5670 V Configuration: Updating configuration, locales updated from [] to [en_US]
11-10 14:53:37.639  1884  5670 V Configuration: Updating configuration, locales updated from [] to [en_US,ro_RO]
11-10 14:53:37.640  1884  5670 V Configuration: Updating configuration, locales updated from [] to [en_US]
11-10 14:53:37.640  1884  5670 V Configuration: Updating configuration, locales updated from [] to [en_US,ro_RO]
11-10 14:53:37.640  1884  5670 V Configuration: Updating configuration, locales updated from [] to [en_US,ro_RO]
11-10 14:53:37.640  1884  5670 V Configuration: Updating configuration, locales updated from [] to [en_US,ro_RO]
11-10 14:53:37.640  1884  5670 V Configuration: Updating configuration, locales updated from [] to [en_US]
11-10 14:53:37.640  1884  5670 V Configuration: Updating configuration, locales updated from [] to [en_US,ro_RO]
11-10 14:53:37.640  1884  5670 V Configuration: Updating configuration, locales updated from [] to [en_US]
11-10 14:53:37.640  1884  5670 V Configuration: Updating configuration, locales updated from [] to [en_US,ro_RO]
11-10 14:53:37.640  1884  5670 V Configuration: Updating configuration, locales updated from [] to [en_US,ro_RO]
11-10 14:53:37.640  1884  5670 V Configuration: Updating configuration, locales updated from [] to [en_US,ro_RO]
11-10 14:53:37.640  1884  5670 V Configuration: Updating configuration, locales updated from [] to [en_US,ro_RO]
11-10 14:53:37.640  1884  5670 V Configuration: Updating configuration, locales updated from [] to [en_US,ro_RO]
11-10 14:53:37.640  1884  5670 V Configuration: Updating configuration, locales updated from [] to [en_US,ro_RO]
11-10 14:53:37.640  1884  5670 V Configuration: Updating configuration, locales updated from [] to [ro_RO,en_US]
11-10 14:53:37.640  1884  5670 V Configuration: Updating configuration, locales updated from [] to [en_US,ro_RO]
11-10 14:53:37.640  1884  5670 V Configuration: Updating configuration, locales updated from [] to [en_US,ro_RO]
11-10 14:53:37.640  1884  5670 V Configuration: Updating configuration, locales updated from [] to [en_US,ro_RO]
11-10 14:53:37.640  1884  5670 V Configuration: Updating configuration, locales updated from [] to [en_US,ro_RO]
11-10 14:53:37.640  1884  5670 V Configuration: Updating configuration, locales updated from [] to [en_US,ro_RO]
11-10 14:53:37.640  1884  5670 V Configuration: Updating configuration, locales updated from [] to [en_US,ro_RO]
11-10 14:53:37.640  1884  5670 V Configuration: Updating configuration, locales updated from [] to [en_US,ro_RO]
11-10 14:53:37.640  1884  5670 V Configuration: Updating configuration, locales updated from [] to [en_US,ro_RO]
11-10 14:53:37.640  1884  5670 V Configuration: Updating configuration, locales updated from [] to [en_US,ro_RO]
11-10 14:53:37.640  1884  5670 V Configuration: Updating configuration, locales updated from [] to [en_US,ro_RO]
11-10 14:53:37.640  1884  5670 V Configuration: Updating configuration, locales updated from [] to [en_US,ro_RO]
11-10 14:53:37.640  1884  5670 V Configuration: Updating configuration, locales updated from [] to [en_US,ro_RO]
11-10 14:53:37.640  1884  5670 V Configuration: Updating configuration, locales updated from [] to [en_US,ro_RO]
11-10 14:53:37.640  1884  5670 V Configuration: Updating configuration, locales updated from [] to [en_US,ro_RO]
11-10 14:53:37.640  1884  5670 V Configuration: Updating configuration, locales updated from [] to [en_US,ro_RO]
11-10 14:53:37.640  1884  5670 V Configuration: Updating configuration, locales updated from [] to [en_US,ro_RO]
11-10 14:53:37.640  1884  5670 V Configuration: Updating configuration, locales updated from [] to [en_US,ro_RO]
11-10 14:53:37.640  1884  5670 V Configuration: Updating configuration, locales updated from [] to [en_US,ro_RO]
11-10 14:53:37.640  1884  5670 V Configuration: Updating configuration, locales updated from [] to [en_US,ro_RO]
11-10 14:53:37.640  1884  5670 V Configuration: Updating configuration, locales updated from [] to [ro_RO,en_US]
11-10 14:53:37.640  1884  5670 V Configuration: Updating configuration, locales updated from [] to [en_US,ro_RO]
11-10 14:53:37.640  1884  5670 V Configuration: Updating configuration, locales updated from [] to [en_US,ro_RO]
11-10 14:53:37.640  1884  5670 V Configuration: Updating configuration, locales updated from [] to [en_US,ro_RO]
11-10 14:53:37.640  1884  5670 V Configuration: Updating configuration, locales updated from [] to [en_US,ro_RO]
11-10 14:53:37.640  1884  5670 V Configuration: Updating configuration, locales updated from [] to [en_US,ro_RO]
11-10 14:53:37.640  1884  5670 V Configuration: Updating configuration, locales updated from [] to [en_US,ro_RO]
11-10 14:53:37.640  1884  5670 V Configuration: Updating configuration, locales updated from [] to [en_US,ro_RO]
11-10 14:53:37.640  1884  5670 V Configuration: Updating configuration, locales updated from [] to [en_US,ro_RO]
11-10 14:53:37.640  1884  5670 V Configuration: Updating configuration, locales updated from [] to [en_US,ro_RO]
11-10 14:53:37.640  1884  5670 V Configuration: Updating configuration, locales updated from [] to [ro_RO,en_US]
11-10 14:53:37.640  1884  5670 V Configuration: Updating configuration, locales updated from [] to [en_US,ro_RO]
11-10 14:53:37.640  1884  5670 V Configuration: Updating configuration, locales updated from [] to [en_US,ro_RO]
11-10 14:53:37.640  1884  5670 V Configuration: Updating configuration, locales updated from [] to [en_US]
11-10 14:53:37.640 31972 21343 I Finsky:background: [1145] Wrote row to frosting DB: 134027
11-10 14:53:37.640  1884  5670 V Configuration: Updating configuration, locales updated from [] to [en_US,ro_RO]
11-10 14:53:37.640  1884  5670 V Configuration: Updating configuration, locales updated from [] to [en_US,ro_RO]
11-10 14:53:37.640  1884  5670 V Configuration: Updating configuration, locales updated from [] to [en_US,ro_RO]
11-10 14:53:37.640  1884  5670 V Configuration: Updating configuration, locales updated from [] to [en_US,ro_RO]
11-10 14:53:37.640  1884  5670 V Configuration: Updating configuration, locales updated from [] to [en_US,ro_RO]
11-10 14:53:37.640  1884  5670 V Configuration: Updating configuration, locales updated from [] to [ro_RO,en_US]
11-10 14:53:37.640  1884  5670 V Configuration: Updating configuration, locales updated from [] to [en_US,ro_RO]
11-10 14:53:37.640  1884  5670 V Configuration: Updating configuration, locales updated from [] to [en_US]
11-10 14:53:37.640  1884  5670 V Configuration: Updating configuration, locales updated from [] to [ro_RO]
11-10 14:53:37.640  1884  5670 V Configuration: Updating configuration, locales updated from [] to [en_US,ro_RO]
11-10 14:53:37.640  1884  5670 V Configuration: Updating configuration, locales updated from [] to [en_US,ro_RO]
11-10 14:53:37.640  1884  5670 V Configuration: Updating configuration, locales updated from [] to [en_US,ro_RO]
11-10 14:53:37.640  1884  5670 V Configuration: Updating configuration, locales updated from [] to [en_US,ro_RO]
11-10 14:53:37.640  1884  5670 V Configuration: Updating configuration, locales updated from [] to [en_US,ro_RO]
11-10 14:53:37.640  1884  5670 V Configuration: Updating configuration, locales updated from [] to [ro_RO,en_US]
11-10 14:53:37.640  1884  5670 V Configuration: Updating configuration, locales updated from [] to [en_US]
11-10 14:53:37.640  1884  5670 V Configuration: Updating configuration, locales updated from [] to [en_US,ro_RO]
11-10 14:53:37.640  1884  5670 V Configuration: Updating configuration, locales updated from [] to [ro_RO]
11-10 14:53:37.640  1884  5670 V Configuration: Updating configuration, locales updated from [] to [en_US,ro_RO]
11-10 14:53:37.640  1884  5670 V Configuration: Updating configuration, locales updated from [] to [en_US,ro_RO]
11-10 14:53:37.640  1884  5670 V Configuration: Updating configuration, locales updated from [] to [en_US,ro_RO]
11-10 14:53:37.641  1884  5670 V Configuration: Updating configuration, locales updated from [] to [en_US,ro_RO]
11-10 14:53:37.641  1884  5670 V Configuration: Updating configuration, locales updated from [] to [en_US,ro_RO]
11-10 14:53:37.641  1884  5670 V Configuration: Updating configuration, locales updated from [] to [en_US]
11-10 14:53:37.641  1884  5670 V Configuration: Updating configuration, locales updated from [] to [en_US]
11-10 14:53:37.641  1884  5670 V Configuration: Updating configuration, locales updated from [] to [ro_RO,en_US]
11-10 14:53:37.641  1884  5670 V Configuration: Updating configuration, locales updated from [] to [en_US,ro_RO]
11-10 14:53:37.641  1884  5670 V Configuration: Updating configuration, locales updated from [] to [en_US,ro_RO]
11-10 14:53:37.641  1884  5670 V Configuration: Updating configuration, locales updated from [] to [en_US,ro_RO]
11-10 14:53:37.641  1884  5670 V Configuration: Updating configuration, locales updated from [] to [en_US,ro_RO]
11-10 14:53:37.641  1884  5670 V Configuration: Updating configuration, locales updated from [] to [en_US,ro_RO]
11-10 14:53:37.641  1884  5670 V Configuration: Updating configuration, locales updated from [] to [en_US,ro_RO]
11-10 14:53:37.641  1884  5670 V Configuration: Updating configuration, locales updated from [] to [en_US]
11-10 14:53:37.641  1884  5670 V Configuration: Updating configuration, locales updated from [] to [en_US,ro_RO]
11-10 14:53:37.641  1884  5670 V Configuration: Updating configuration, locales updated from [] to [en_US]
11-10 14:53:37.641  1884  5670 V Configuration: Updating configuration, locales updated from [] to [en_US,ro_RO]
11-10 14:53:37.641  1884  5670 V Configuration: Updating configuration, locales updated from [] to [en_US,ro_RO]
11-10 14:53:37.641  1884  5670 V Configuration: Updating configuration, locales updated from [] to [en_US,ro_RO]
11-10 14:53:37.641  1884  5670 V Configuration: Updating configuration, locales updated from [] to [en_US]
11-10 14:53:37.641  1884  5670 V Configuration: Updating configuration, locales updated from [] to [en_US,ro_RO]
11-10 14:53:37.641  1884  5670 V Configuration: Updating configuration, locales updated from [] to [en_US]
11-10 14:53:37.641  1884  5670 V Configuration: Updating configuration, locales updated from [] to [en_US,ro_RO]
11-10 14:53:37.641  1884  5670 V Configuration: Updating configuration, locales updated from [] to [en_US,ro_RO]
11-10 14:53:37.641  1884  5670 V Configuration: Updating configuration, locales updated from [] to [en_US,ro_RO]
11-10 14:53:37.641  1884  5670 V Configuration: Updating configuration, locales updated from [] to [en_US,ro_RO]
11-10 14:53:37.641  1884  5670 V Configuration: Updating configuration, locales updated from [] to [en_US,ro_RO]
11-10 14:53:37.641  1884  5670 V Configuration: Updating configuration, locales updated from [] to [en_US,ro_RO]
11-10 14:53:37.641  1884  5670 V Configuration: Updating configuration, locales updated from [] to [en_US,ro_RO]
11-10 14:53:37.641  1884  5670 V Configuration: Updating configuration, locales updated from [] to [en_US,ro_RO]
11-10 14:53:37.641  1884  5670 V Configuration: Updating configuration, locales updated from [] to [en_US,ro_RO]
11-10 14:53:37.641  1884  5670 V Configuration: Updating configuration, locales updated from [] to [en_US,ro_RO]
11-10 14:53:37.641  1884  5670 V Configuration: Updating configuration, locales updated from [] to [en_US,ro_RO]
11-10 14:53:37.641  1884  5670 V Configuration: Updating configuration, locales updated from [] to [en_US,ro_RO]
11-10 14:53:37.641  1884  5670 V Configuration: Updating configuration, locales updated from [] to [en_US,ro_RO]
11-10 14:53:37.641  1884  5670 V Configuration: Updating configuration, locales updated from [] to [en_US,ro_RO]
11-10 14:53:37.641  1884  5670 V Configuration: Updating configuration, locales updated from [] to [en_US,ro_RO]
11-10 14:53:37.641  1884  5670 V Configuration: Updating configuration, locales updated from [] to [en_US,ro_RO]
11-10 14:53:37.641  1884  5670 V Configuration: Updating configuration, locales updated from [] to [en_US,ro_RO]
11-10 14:53:37.641  1884  5670 V Configuration: Updating configuration, locales updated from [] to [en_US,ro_RO]
11-10 14:53:37.641  1884  5670 V Configuration: Updating configuration, locales updated from [] to [en_US,ro_RO]
11-10 14:53:37.641  1884  5670 V Configuration: Updating configuration, locales updated from [] to [en_US,ro_RO]
11-10 14:53:37.641  1884  5670 V Configuration: Updating configuration, locales updated from [] to [en_US,ro_RO]
11-10 14:53:37.641  1884  5670 V Configuration: Updating configuration, locales updated from [] to [en_US,ro_RO]
11-10 14:53:37.641  1884  5670 V Configuration: Updating configuration, locales updated from [] to [en_US,ro_RO]
11-10 14:53:37.641  1884  5670 D IntervalStats: Unable to parse usage stats packages: [137, 276, 315, 316, 324, 333, 336, 337, 339, 340, 357, 363, 371, 372, 374, 391, 395, 402, 411, 413, 414, 421, 427, 433, 437, 457, 459, 460, 461, 464, 465, 471, 472, 487, 488, 489, 490, 494, 495, 509, 510, 511, 512, 513, 514, 515, 517, 518, 519, 520, 523, 529, 531, 532, 534, 538, 539, 540, 546, 547, 549, 553, 554, 556, 568, 583, 589, 595, 597, 598, 599, 600, 601, 602, 605, 606, 611, 623, 624, 625, 627, 628, 629, 630, 631, 632, 633, 634, 635, 637, 638, 640, 654, 657, 658, 660, 661, 663, 666, 672, 691, 692, 693, 694, 696, 697, 698, 699, 701, 702, 703, 704, 705, 706, 707, 708, 709, 710, 711, 712, 714, 715, 721]
11-10 14:53:37.641  1884  1956 W AccessibilityWindowsPopulator: Windows change within in 2 frames continuously over 500 ms and notify windows changed immediately
11-10 14:53:37.641  1431  2167 W USF     : USF_API: Drop flicker data, cannot find sampling_id:84682!
11-10 14:53:37.648 31972 31972 I Finsky:background: [2] agim - Received: android.intent.action.PACKAGE_ADDED, [F8SdPmz-nDnkHAASXyGhRL_JSafYynzTZ1KyLvYja6g]
11-10 14:53:37.651  1431  2167 W USF     : USF_API: Drop flicker data, cannot find sampling_id:84682!
11-10 14:53:37.651 12933 12933 V BaseDepthController: Applying blur: 0 to Surface(name=com.google.android.apps.nexuslauncher/com.google.android.apps.nexuslauncher.NexusLauncherActivity)/@0x828e58a
11-10 14:53:37.655  1884  5670 D LauncherAppsService: getActivityLaunchIntent callingPackage=com.android.systemui component=ComponentInfo{com.paurau.SlowMoRun/com.unity3d.player.UnityPlayerActivity} user=UserHandle{0}
11-10 14:53:37.659 12933 12933 V BaseDepthController: Applying blur: 0 to Surface(name=com.google.android.apps.nexuslauncher/com.google.android.apps.nexuslauncher.NexusLauncherActivity)/@0x828e58a
11-10 14:53:37.660 14132 21346 I EuiccGoogle: [1122] EuiccServiceImpl.onGetEuiccProfileInfoList: onGetEuiccProfileInfoList: Profile nickname = 1GLOBAL.
11-10 14:53:37.660 14132 21346 I EuiccGoogle: [1122] EuiccServiceImpl.onGetEuiccProfileInfoList: onGetEuiccProfileInfoList: Profile info = EuiccProfileInfo (nickname=1GLOBAL, serviceProviderName=1GLOBAL, profileName=1GLOBAL, profileClass=2, state=0, CarrierIdentifier=CarrierIdentifier{mcc=204,mnc=08,spn=null,imsi=null,gid1=547275554B3030656E,gid2=547275554B3030656E,carrierid=-1,specificCarrierId=-1}, policyRules=0, accessRules=[cert: 52F308E2848EBF1FEA098A565D54A17B1CA9747D pkg: com.revolut.revolut access: 1, cert: BB9216C690E2EC5CF9FEF6E4D02E7B40ED159143 pkg: com.revolut.revolut access: 1], iccid=894447861[****]).
11-10 14:53:37.661  1431  2167 W USF     : USF_API: Drop flicker data, cannot find sampling_id:84682!
11-10 14:53:37.661  3130  3339 D EuiccConnector: handleMessage: E msg.what=6
11-10 14:53:37.662  3130  3339 D EuiccConnector: processMsg: ConnectedState
11-10 14:53:37.662  3130  3339 D EuiccConnector: handleMessage: X
11-10 14:53:37.662  1884  5659 D LauncherAppsService: getActivityLaunchIntent callingPackage=com.android.systemui component=ComponentInfo{com.rarlab.rar/com.rarlab.rar.MainActivity} user=UserHandle{0}
11-10 14:53:37.663  1884  5670 D LauncherAppsService: getActivityLaunchIntent callingPackage=com.android.systemui component=ComponentInfo{com.reddit.frontpage/launcher.default} user=UserHandle{0}
11-10 14:53:37.665  1884  5670 D LauncherAppsService: getActivityLaunchIntent callingPackage=com.android.systemui component=ComponentInfo{com.redhands.twoplayergames/com.unity3d.player.UnityPlayerActivity} user=UserHandle{0}
11-10 14:53:37.665  1884  5666 D LauncherAppsService: getActivityLaunchIntent callingPackage=com.android.systemui component=ComponentInfo{com.revolut.revolut/com.revolut.ui.login.pin.LoginActivity} user=UserHandle{0}
11-10 14:53:37.666  1884  5670 D LauncherAppsService: getActivityLaunchIntent callingPackage=com.android.systemui component=ComponentInfo{com.rlg.future.robot.transform.car.racing/com.unity3d.player.UnityPlayerActivity} user=UserHandle{0}
11-10 14:53:37.667  1884  5666 D LauncherAppsService: getActivityLaunchIntent callingPackage=com.android.systemui component=ComponentInfo{com.sameday.client.mobile/com.sameday.client.mobile.MainActivity} user=UserHandle{0}
11-10 14:53:37.667  1884  5666 D LauncherAppsService: getActivityLaunchIntent callingPackage=com.android.systemui component=ComponentInfo{com.smmservice.authenticator/com.smmservice.authenticator.presentation.ui.activity.MainActivity} user=UserHandle{0}
11-10 14:53:37.668  1884  4379 D LauncherAppsService: getActivityLaunchIntent callingPackage=com.android.systemui component=ComponentInfo{com.soundcloud.android/com.soundcloud.android.launcher.LauncherActivity} user=UserHandle{0}
11-10 14:53:37.669  1884  5666 D LauncherAppsService: getActivityLaunchIntent callingPackage=com.android.systemui component=ComponentInfo{com.splendapps.decibel/com.splendapps.decibel.MainActivity} user=UserHandle{0}
11-10 14:53:37.670  1884  5659 D LauncherAppsService: getActivityLaunchIntent callingPackage=com.android.systemui component=ComponentInfo{com.starplay.spider.fighter.openworld/com.superlevel.fighting.GameActivity} user=UserHandle{0}
11-10 14:53:37.671  1884  5670 D LauncherAppsService: getActivityLaunchIntent callingPackage=com.android.systemui component=ComponentInfo{com.twitter.android/com.twitter.android.StartActivity} user=UserHandle{0}
11-10 14:53:37.671  1431  2167 W USF     : USF_API: Drop flicker data, cannot find sampling_id:84682!
11-10 14:53:37.671  1884  5670 D LauncherAppsService: getActivityLaunchIntent callingPackage=com.android.systemui component=ComponentInfo{com.upromania.superup/com.gcd.ro.solde.superup.ui.splash.SuperUpSplashActivity} user=UserHandle{0}
11-10 14:53:37.672  1884  5670 D LauncherAppsService: getActivityLaunchIntent callingPackage=com.android.systemui component=ComponentInfo{com.wallapop/com.wallapop.activities.HomeActivity} user=UserHandle{0}
11-10 14:53:37.673  1884  5659 D LauncherAppsService: getActivityLaunchIntent callingPackage=com.android.systemui component=ComponentInfo{com.waze/com.waze.FreeMapAppActivity} user=UserHandle{0}
11-10 14:53:37.673  1884  5670 D LauncherAppsService: getActivityLaunchIntent callingPackage=com.android.systemui component=ComponentInfo{com.whatsapp/com.whatsapp.Main} user=UserHandle{0}
11-10 14:53:37.674  1884  5659 D LauncherAppsService: getActivityLaunchIntent callingPackage=com.android.systemui component=ComponentInfo{com.zhiliaoapp.musically/com.ss.android.ugc.aweme.splash.SplashActivity} user=UserHandle{0}
11-10 14:53:37.675 31972 31972 I Finsky:background: [2] agim - Deduping intent android.intent.action.PACKAGE_ADDED
11-10 14:53:37.676 12933 12933 V BaseDepthController: Applying blur: 0 to Surface(name=com.google.android.apps.nexuslauncher/com.google.android.apps.nexuslauncher.NexusLauncherActivity)/@0x828e58a
11-10 14:53:37.677 31972 31972 D ActivityThread: Package [com.example.mobiledigger] reported as REPLACED, but missing application info. Assuming REMOVED.
11-10 14:53:37.677 31972 21343 I Finsky:background: [1145] Wrote row to frosting DB: 134028
11-10 14:53:37.677 31972 32021 I Finsky:background: [1107] RECEIVER_PACKAGE_MONITOR_BACKGROUND#logWorkEndAndFinishGoAsync: SUCCESS
11-10 14:53:37.678  1884  5659 D LauncherAppsService: getActivityLaunchIntent callingPackage=com.android.systemui component=ComponentInfo{de.mobile.android.app/de.mobile.android.app.splash.Splash} user=UserHandle{0}
11-10 14:53:37.678 31972 31972 D ActivityThread: Package [com.example.mobiledigger] reported as REPLACED, but missing application info. Assuming REMOVED.
11-10 14:53:37.678  1884  5666 D LauncherAppsService: getActivityLaunchIntent callingPackage=com.android.systemui component=ComponentInfo{epson.print/epson.print.WellcomeScreenActivity} user=UserHandle{0}
11-10 14:53:37.679  7174  7211 I Finsky  : [1039] AIM: AppInfoManager-Perf > ItemModel > CacheSize=190, cacheHitCount=0, cacheMissCount=0, total appsWithNoServerDataCount=4. Missed  in cache (limit 10) : []
11-10 14:53:37.680  1884  5659 D LauncherAppsService: getActivityLaunchIntent callingPackage=com.android.systemui component=ComponentInfo{fr.vinted/com.vinted.feature.shell.MDActivity} user=UserHandle{0}
