10-30 22:30:52.073  9182  9232 D WaveformGenerator: ✅ Waveform generated: 256 samples
10-30 22:30:54.340  9182  9182 D WaveformGenerator: LaunchedEffect triggered for file: 04. Avar Garden - Vertigo (Leonor Remix).flac
10-30 22:30:54.414  9182  9182 D WaveformGenerator: Starting waveform generation for: 04. Avar Garden - Vertigo (Leonor Remix).flac
10-30 22:30:54.414  9182  9182 D WaveformGenerator: File size: 42.1MB
10-30 22:30:54.416  9182  9227 D WaveformGenerator: Generating waveform for: 04. Avar Garden - Vertigo (Leonor Remix).flac
10-30 22:30:54.416  9182  9227 D WaveformGenerator: Requesting 256 samples for any duration
10-30 22:30:54.417  9182  9227 D WaveformGenerator: ⏱️ PROFILING: Starting waveform generation for URI: content://com.android.externalstorage.documents/tree/primary%3AResults/document/primary%3AResults%2FLiked%2F04.%20Avar%20Garden%20-%20Vertigo%20(Leonor%20Remix).flac
10-30 22:30:54.417  9182  9227 D WaveformGenerator: ⏱️ PROFILING: Target samples: 256
10-30 22:30:54.444  9182  9227 D WaveformGenerator: ⏱️ PROFILING: Extractor setup took 27ms
10-30 22:30:54.451  9182  9227 D WaveformGenerator: ⏱️ PROFILING: Track selection took 6ms
10-30 22:30:54.452  9182  9227 D WaveformGenerator: Audio format: audio/raw, Duration: 393s, Target samples: 256
10-30 22:30:54.482  9182  9227 D WaveformGenerator: ⏱️ PROFILING: Codec creation and start took 29ms
10-30 22:30:54.483  9182  9227 D WaveformGenerator: 🔀 Using PARALLEL processing with 6 threads
10-30 22:30:54.485  9182  9227 D WaveformGenerator: ⏱️ PROFILING: Parallel - Duration: 393s, Samples per thread: 42
10-30 22:30:54.487  9182  9235 D WaveformGenerator: ⏱️ PROFILING: Thread 1 - Processing segment 65s to 131s
10-30 22:30:54.487  9182  9230 D WaveformGenerator: ⏱️ PROFILING: Thread 3 - Processing segment 196s to 262s
10-30 22:30:54.487  9182  9236 D WaveformGenerator: ⏱️ PROFILING: Thread 4 - Processing segment 262s to 328s
10-30 22:30:54.490  9182  9234 D WaveformGenerator: ⏱️ PROFILING: Thread 0 - Processing segment 0s to 65s
10-30 22:30:54.490  9182  9232 D WaveformGenerator: ⏱️ PROFILING: Thread 2 - Processing segment 131s to 196s
10-30 22:30:54.491  9182  9229 D WaveformGenerator: ⏱️ PROFILING: Thread 5 - Processing segment 328s to 393s
10-30 22:30:54.587  9182  9230 D WaveformGenerator: ⏱️ PROFILING: Thread 3 - Setup: Extractor 54ms, Codec 45ms
10-30 22:30:54.600  9182  9235 D WaveformGenerator: ⏱️ PROFILING: Thread 1 - Setup: Extractor 61ms, Codec 50ms
10-30 22:30:54.605  9182  9229 D WaveformGenerator: ⏱️ PROFILING: Thread 5 - Setup: Extractor 57ms, Codec 55ms
10-30 22:30:54.618  9182  9234 D WaveformGenerator: ⏱️ PROFILING: Thread 0 - Setup: Extractor 57ms, Codec 70ms
10-30 22:30:54.652  9182  9232 D WaveformGenerator: ⏱️ PROFILING: Thread 2 - Setup: Extractor 114ms, Codec 46ms
10-30 22:30:54.670  9182  9236 D WaveformGenerator: ⏱️ PROFILING: Thread 4 - Setup: Extractor 141ms, Codec 40ms
10-30 22:30:54.947  9182  9232 D WaveformGenerator: ⏱️ PROFILING: Thread 2 - Seek: 84ms, Decode: 165ms
10-30 22:30:54.947  9182  9232 D WaveformGenerator: ⏱️ PROFILING: Thread 2 - Complete in 459ms, collected 42 samples
10-30 22:30:54.950  9182  9229 D WaveformGenerator: ⏱️ PROFILING: Thread 5 - Seek: 132ms, Decode: 175ms
10-30 22:30:54.950  9182  9229 D WaveformGenerator: ⏱️ PROFILING: Thread 5 - Complete in 460ms, collected 42 samples
10-30 22:30:54.961  9182  9234 D WaveformGenerator: ⏱️ PROFILING: Thread 0 - Seek: 115ms, Decode: 180ms
10-30 22:30:54.961  9182  9234 D WaveformGenerator: ⏱️ PROFILING: Thread 0 - Complete in 475ms, collected 42 samples
10-30 22:30:54.968  9182  9230 D WaveformGenerator: ⏱️ PROFILING: Thread 3 - Seek: 129ms, Decode: 212ms
10-30 22:30:54.968  9182  9230 D WaveformGenerator: ⏱️ PROFILING: Thread 3 - Complete in 481ms, collected 42 samples
10-30 22:30:54.977  9182  9235 D WaveformGenerator: ⏱️ PROFILING: Thread 1 - Seek: 123ms, Decode: 209ms
10-30 22:30:54.978  9182  9235 D WaveformGenerator: ⏱️ PROFILING: Thread 1 - Complete in 492ms, collected 42 samples
10-30 22:30:55.013  9182  9236 D WaveformGenerator: ⏱️ PROFILING: Thread 4 - Seek: 128ms, Decode: 165ms
10-30 22:30:55.013  9182  9236 D WaveformGenerator: ⏱️ PROFILING: Thread 4 - Complete in 526ms, collected 42 samples
10-30 22:30:55.017  9182  9235 D WaveformGenerator: ⏱️ PROFILING: Parallel - Combined 252 samples from 6 threads
10-30 22:30:55.018  9182  9235 D WaveformGenerator: ⏱️ PROFILING: PCM extraction took 536ms for 252 samples
10-30 22:30:55.018  9182  9235 D WaveformGenerator: ⏱️ PROFILING: Average time per sample: 2ms
10-30 22:30:55.018  9182  9235 D WaveformGenerator: Extracted 252 PCM samples
10-30 22:30:55.018  9182  9235 D WaveformGenerator: ⏱️ PROFILING: Downsampling took 0ms
10-30 22:30:55.018  9182  9235 D WaveformGenerator: ⏱️ PROFILING: ===== TOTAL GENERATION TIME: 601ms =====
10-30 22:30:55.019  9182  9235 D WaveformGenerator: ⏱️ PROFILING: Breakdown - Extractor: 27ms, Track: 6ms, Codec: 29ms, Extraction: 536ms, Downsample: 0ms
10-30 22:30:55.019  9182  9235 D WaveformGenerator: Generated waveform with 256 samples
10-30 22:30:55.019  9182  9235 D WaveformGenerator: ✅ Waveform generated: 256 samples
10-30 22:30:57.763  9182  9182 D WaveformGenerator: LaunchedEffect triggered for file: Notre Dame - Moshi Moshi.wav
10-30 22:30:57.836  9182  9182 D WaveformGenerator: Starting waveform generation for: Notre Dame - Moshi Moshi.wav
10-30 22:30:57.836  9182  9182 D WaveformGenerator: File size: 58.9MB
10-30 22:30:57.837  9182  9391 D WaveformGenerator: Generating waveform for: Notre Dame - Moshi Moshi.wav
10-30 22:30:57.838  9182  9391 D WaveformGenerator: Requesting 256 samples for any duration
10-30 22:30:57.839  9182  9391 D WaveformGenerator: ⏱️ PROFILING: Starting waveform generation for URI: content://com.android.externalstorage.documents/tree/primary%3AResults/document/primary%3AResults%2FLiked%2FNotre%20Dame%20-%20Moshi%20Moshi.wav
10-30 22:30:57.840  9182  9391 D WaveformGenerator: ⏱️ PROFILING: Target samples: 256
10-30 22:30:57.883  9182  9391 D WaveformGenerator: ⏱️ PROFILING: Extractor setup took 43ms
10-30 22:30:57.887  9182  9391 D WaveformGenerator: ⏱️ PROFILING: Track selection took 4ms
10-30 22:30:57.887  9182  9391 D WaveformGenerator: Audio format: audio/raw, Duration: 350s, Target samples: 256
10-30 22:30:57.937  9182  9391 D WaveformGenerator: ⏱️ PROFILING: Codec creation and start took 49ms
10-30 22:30:57.938  9182  9391 D WaveformGenerator: 🔀 Using PARALLEL processing with 6 threads
10-30 22:30:57.950  9182  9391 D WaveformGenerator: ⏱️ PROFILING: Parallel - Duration: 350s, Samples per thread: 42
10-30 22:30:57.956  9182  9234 D WaveformGenerator: ⏱️ PROFILING: Thread 1 - Processing segment 58s to 116s
10-30 22:30:57.956  9182  9236 D WaveformGenerator: ⏱️ PROFILING: Thread 0 - Processing segment 0s to 58s
10-30 22:30:57.958  9182  9229 D WaveformGenerator: ⏱️ PROFILING: Thread 3 - Processing segment 175s to 233s
10-30 22:30:57.958  9182  9392 D WaveformGenerator: ⏱️ PROFILING: Thread 4 - Processing segment 233s to 291s
10-30 22:30:57.959  9182  9235 D WaveformGenerator: ⏱️ PROFILING: Thread 2 - Processing segment 116s to 175s
10-30 22:30:57.959  9182  9228 D WaveformGenerator: ⏱️ PROFILING: Thread 5 - Processing segment 291s to 350s
10-30 22:30:58.050  9182  9235 D WaveformGenerator: ⏱️ PROFILING: Thread 2 - Setup: Extractor 49ms, Codec 42ms
10-30 22:30:58.077  9182  9229 D WaveformGenerator: ⏱️ PROFILING: Thread 3 - Setup: Extractor 86ms, Codec 32ms
10-30 22:30:58.084  9182  9234 D WaveformGenerator: ⏱️ PROFILING: Thread 1 - Setup: Extractor 84ms, Codec 44ms
10-30 22:30:58.085  9182  9228 D WaveformGenerator: ⏱️ PROFILING: Thread 5 - Setup: Extractor 83ms, Codec 42ms
10-30 22:30:58.085  9182  9236 D WaveformGenerator: ⏱️ PROFILING: Thread 0 - Setup: Extractor 91ms, Codec 37ms
10-30 22:30:58.093  9182  9392 D WaveformGenerator: ⏱️ PROFILING: Thread 4 - Setup: Extractor 94ms, Codec 41ms
10-30 22:30:58.605  9182  9236 D WaveformGenerator: ⏱️ PROFILING: Thread 0 - Seek: 46ms, Decode: 432ms
10-30 22:30:58.606  9182  9236 D WaveformGenerator: ⏱️ PROFILING: Thread 0 - Complete in 651ms, collected 42 samples
10-30 22:30:58.610  9182  9228 D WaveformGenerator: ⏱️ PROFILING: Thread 5 - Seek: 65ms, Decode: 415ms
10-30 22:30:58.610  9182  9228 D WaveformGenerator: ⏱️ PROFILING: Thread 5 - Complete in 653ms, collected 42 samples
10-30 22:30:58.636  9182  9235 D WaveformGenerator: ⏱️ PROFILING: Thread 2 - Seek: 37ms, Decode: 507ms
10-30 22:30:58.636  9182  9235 D WaveformGenerator: ⏱️ PROFILING: Thread 2 - Complete in 680ms, collected 42 samples
10-30 22:30:58.644  9182  9229 D WaveformGenerator: ⏱️ PROFILING: Thread 3 - Seek: 67ms, Decode: 461ms
10-30 22:30:58.644  9182  9229 D WaveformGenerator: ⏱️ PROFILING: Thread 3 - Complete in 688ms, collected 42 samples
10-30 22:30:58.659  9182  9392 D WaveformGenerator: ⏱️ PROFILING: Thread 4 - Seek: 51ms, Decode: 473ms
10-30 22:30:58.659  9182  9392 D WaveformGenerator: ⏱️ PROFILING: Thread 4 - Complete in 702ms, collected 42 samples
10-30 22:30:58.673  9182  9234 D WaveformGenerator: ⏱️ PROFILING: Thread 1 - Seek: 42ms, Decode: 505ms
10-30 22:30:58.673  9182  9234 D WaveformGenerator: ⏱️ PROFILING: Thread 1 - Complete in 717ms, collected 42 samples
10-30 22:30:58.675  9182  9234 D WaveformGenerator: ⏱️ PROFILING: Parallel - Combined 252 samples from 6 threads
10-30 22:30:58.675  9182  9234 D WaveformGenerator: ⏱️ PROFILING: PCM extraction took 737ms for 252 samples
10-30 22:30:58.676  9182  9234 D WaveformGenerator: ⏱️ PROFILING: Average time per sample: 2ms
10-30 22:30:58.676  9182  9234 D WaveformGenerator: Extracted 252 PCM samples
10-30 22:30:58.676  9182  9234 D WaveformGenerator: ⏱️ PROFILING: Downsampling took 0ms
10-30 22:30:58.676  9182  9234 D WaveformGenerator: ⏱️ PROFILING: ===== TOTAL GENERATION TIME: 838ms =====
10-30 22:30:58.676  9182  9234 D WaveformGenerator: ⏱️ PROFILING: Breakdown - Extractor: 43ms, Track: 4ms, Codec: 49ms, Extraction: 737ms, Downsample: 0ms
10-30 22:30:58.676  9182  9234 D WaveformGenerator: Generated waveform with 256 samples
10-30 22:30:58.677  9182  9234 D WaveformGenerator: ✅ Waveform generated: 256 samples
10-30 22:31:02.722  9182  9182 D WaveformGenerator: LaunchedEffect triggered for file: 01. SicTric, Mingo Marrero - Gozando (Original Mix).flac
10-30 22:31:02.795  9182  9182 D WaveformGenerator: Starting waveform generation for: 01. SicTric, Mingo Marrero - Gozando (Original Mix).flac
10-30 22:31:02.796  9182  9182 D WaveformGenerator: File size: 38.8MB
10-30 22:31:02.797  9182  9234 D WaveformGenerator: Generating waveform for: 01. SicTric, Mingo Marrero - Gozando (Original Mix).flac
10-30 22:31:02.797  9182  9234 D WaveformGenerator: Requesting 256 samples for any duration
10-30 22:31:02.799  9182  9234 D WaveformGenerator: ⏱️ PROFILING: Starting waveform generation for URI: content://com.android.externalstorage.documents/tree/primary%3AResults/document/primary%3AResults%2FLiked%2F01.%20SicTric%2C%20Mingo%20Marrero%20-%20Gozando%20(Original%20Mix).flac
10-30 22:31:02.799  9182  9234 D WaveformGenerator: ⏱️ PROFILING: Target samples: 256
10-30 22:31:02.833  9182  9234 D WaveformGenerator: ⏱️ PROFILING: Extractor setup took 34ms
10-30 22:31:02.836  9182  9234 D WaveformGenerator: ⏱️ PROFILING: Track selection took 3ms
10-30 22:31:02.837  9182  9234 D WaveformGenerator: Audio format: audio/raw, Duration: 317s, Target samples: 256
10-30 22:31:02.884  9182  9234 D WaveformGenerator: ⏱️ PROFILING: Codec creation and start took 47ms
10-30 22:31:02.884  9182  9234 D WaveformGenerator: 🔀 Using PARALLEL processing with 6 threads
10-30 22:31:02.897  9182  9234 D WaveformGenerator: ⏱️ PROFILING: Parallel - Duration: 317s, Samples per thread: 42
10-30 22:31:02.899  9182  9392 D WaveformGenerator: ⏱️ PROFILING: Thread 1 - Processing segment 52s to 105s
10-30 22:31:02.899  9182  9229 D WaveformGenerator: ⏱️ PROFILING: Thread 0 - Processing segment 0s to 52s
10-30 22:31:02.900  9182  9235 D WaveformGenerator: ⏱️ PROFILING: Thread 2 - Processing segment 105s to 158s
10-30 22:31:02.900  9182  9236 D WaveformGenerator: ⏱️ PROFILING: Thread 3 - Processing segment 158s to 211s
10-30 22:31:02.900  9182  9228 D WaveformGenerator: ⏱️ PROFILING: Thread 4 - Processing segment 211s to 264s
10-30 22:31:02.901  9182  9230 D WaveformGenerator: ⏱️ PROFILING: Thread 5 - Processing segment 264s to 317s
10-30 22:31:02.995  9182  9229 D WaveformGenerator: ⏱️ PROFILING: Thread 0 - Setup: Extractor 62ms, Codec 32ms
10-30 22:31:02.996  9182  9228 D WaveformGenerator: ⏱️ PROFILING: Thread 4 - Setup: Extractor 62ms, Codec 34ms
10-30 22:31:03.009  9182  9230 D WaveformGenerator: ⏱️ PROFILING: Thread 5 - Setup: Extractor 57ms, Codec 50ms
10-30 22:31:03.032  9182  9392 D WaveformGenerator: ⏱️ PROFILING: Thread 1 - Setup: Extractor 85ms, Codec 47ms
10-30 22:31:03.033  9182  9235 D WaveformGenerator: ⏱️ PROFILING: Thread 2 - Setup: Extractor 84ms, Codec 48ms
10-30 22:31:03.038  9182  9236 D WaveformGenerator: ⏱️ PROFILING: Thread 3 - Setup: Extractor 102ms, Codec 34ms
10-30 22:31:03.287  9182  9229 D WaveformGenerator: ⏱️ PROFILING: Thread 0 - Seek: 73ms, Decode: 170ms
10-30 22:31:03.288  9182  9229 D WaveformGenerator: ⏱️ PROFILING: Thread 0 - Complete in 390ms, collected 42 samples
10-30 22:31:03.297  9182  9230 D WaveformGenerator: ⏱️ PROFILING: Thread 5 - Seek: 69ms, Decode: 176ms
10-30 22:31:03.297  9182  9230 D WaveformGenerator: ⏱️ PROFILING: Thread 5 - Complete in 396ms, collected 42 samples
10-30 22:31:03.308  9182  9228 D WaveformGenerator: ⏱️ PROFILING: Thread 4 - Seek: 93ms, Decode: 169ms
10-30 22:31:03.308  9182  9228 D WaveformGenerator: ⏱️ PROFILING: Thread 4 - Complete in 408ms, collected 42 samples
10-30 22:31:03.315  9182  9236 D WaveformGenerator: ⏱️ PROFILING: Thread 3 - Seek: 59ms, Decode: 170ms
10-30 22:31:03.315  9182  9236 D WaveformGenerator: ⏱️ PROFILING: Thread 3 - Complete in 415ms, collected 42 samples
10-30 22:31:03.317  9182  9392 D WaveformGenerator: ⏱️ PROFILING: Thread 1 - Seek: 81ms, Decode: 161ms
10-30 22:31:03.317  9182  9392 D WaveformGenerator: ⏱️ PROFILING: Thread 1 - Complete in 418ms, collected 42 samples
10-30 22:31:03.329  9182  9235 D WaveformGenerator: ⏱️ PROFILING: Thread 2 - Seek: 72ms, Decode: 178ms
10-30 22:31:03.330  9182  9235 D WaveformGenerator: ⏱️ PROFILING: Thread 2 - Complete in 431ms, collected 42 samples
10-30 22:31:03.332  9182  9235 D WaveformGenerator: ⏱️ PROFILING: Parallel - Combined 252 samples from 6 threads
10-30 22:31:03.333  9182  9235 D WaveformGenerator: ⏱️ PROFILING: PCM extraction took 448ms for 252 samples
10-30 22:31:03.333  9182  9235 D WaveformGenerator: ⏱️ PROFILING: Average time per sample: 1ms
10-30 22:31:03.333  9182  9235 D WaveformGenerator: Extracted 252 PCM samples
10-30 22:31:03.333  9182  9235 D WaveformGenerator: ⏱️ PROFILING: Downsampling took 0ms
10-30 22:31:03.334  9182  9235 D WaveformGenerator: ⏱️ PROFILING: ===== TOTAL GENERATION TIME: 536ms =====
10-30 22:31:03.334  9182  9235 D WaveformGenerator: ⏱️ PROFILING: Breakdown - Extractor: 34ms, Track: 3ms, Codec: 47ms, Extraction: 448ms, Downsample: 0ms
10-30 22:31:03.334  9182  9235 D WaveformGenerator: Generated waveform with 256 samples
10-30 22:31:03.334  9182  9235 D WaveformGenerator: ✅ Waveform generated: 256 samples
10-30 22:31:07.962  9182  9182 D WaveformGenerator: LaunchedEffect triggered for file: 01. Ilony - It's A New Day (Original Mix).flac
10-30 22:31:08.036  9182  9182 D WaveformGenerator: Starting waveform generation for: 01. Ilony - It's A New Day (Original Mix).flac
10-30 22:31:08.037  9182  9182 D WaveformGenerator: File size: 43.4MB
10-30 22:31:08.040  9182  9236 D WaveformGenerator: Generating waveform for: 01. Ilony - It's A New Day (Original Mix).flac
10-30 22:31:08.044  9182  9236 D WaveformGenerator: Requesting 256 samples for any duration
10-30 22:31:08.048  9182  9236 D WaveformGenerator: ⏱️ PROFILING: Starting waveform generation for URI: content://com.android.externalstorage.documents/tree/primary%3AResults/document/primary%3AResults%2FLiked%2F01.%20Ilony%20-%20It's%20A%20New%20Day%20(Original%20Mix).flac
10-30 22:31:08.050  9182  9236 D WaveformGenerator: ⏱️ PROFILING: Target samples: 256
10-30 22:31:08.088  9182  9236 D WaveformGenerator: ⏱️ PROFILING: Extractor setup took 36ms
10-30 22:31:08.095  9182  9236 D WaveformGenerator: ⏱️ PROFILING: Track selection took 7ms
10-30 22:31:08.095  9182  9236 D WaveformGenerator: Audio format: audio/raw, Duration: 410s, Target samples: 256
10-30 22:31:08.134  9182  9236 D WaveformGenerator: ⏱️ PROFILING: Codec creation and start took 38ms
10-30 22:31:08.134  9182  9236 D WaveformGenerator: 🔀 Using PARALLEL processing with 6 threads
10-30 22:31:08.142  9182  9236 D WaveformGenerator: ⏱️ PROFILING: Parallel - Duration: 410s, Samples per thread: 42
10-30 22:31:08.143  9182  9392 D WaveformGenerator: ⏱️ PROFILING: Thread 2 - Processing segment 136s to 205s
10-30 22:31:08.143  9182  9228 D WaveformGenerator: ⏱️ PROFILING: Thread 3 - Processing segment 205s to 273s
10-30 22:31:08.143  9182  9229 D WaveformGenerator: ⏱️ PROFILING: Thread 4 - Processing segment 273s to 342s
10-30 22:31:08.144  9182  9232 D WaveformGenerator: ⏱️ PROFILING: Thread 5 - Processing segment 342s to 410s
10-30 22:31:08.144  9182  9230 D WaveformGenerator: ⏱️ PROFILING: Thread 0 - Processing segment 0s to 68s
10-30 22:31:08.146  9182  9235 D WaveformGenerator: ⏱️ PROFILING: Thread 1 - Processing segment 68s to 136s
10-30 22:31:08.226  9182  9235 D WaveformGenerator: ⏱️ PROFILING: Thread 1 - Setup: Extractor 47ms, Codec 33ms
10-30 22:31:08.258  9182  9228 D WaveformGenerator: ⏱️ PROFILING: Thread 3 - Setup: Extractor 74ms, Codec 41ms
10-30 22:31:08.263  9182  9392 D WaveformGenerator: ⏱️ PROFILING: Thread 2 - Setup: Extractor 75ms, Codec 45ms
10-30 22:31:08.266  9182  9232 D WaveformGenerator: ⏱️ PROFILING: Thread 5 - Setup: Extractor 78ms, Codec 44ms
10-30 22:31:08.273  9182  9230 D WaveformGenerator: ⏱️ PROFILING: Thread 0 - Setup: Extractor 89ms, Codec 38ms
10-30 22:31:08.276  9182  9229 D WaveformGenerator: ⏱️ PROFILING: Thread 4 - Setup: Extractor 77ms, Codec 55ms
10-30 22:31:08.519  9182  9235 D WaveformGenerator: ⏱️ PROFILING: Thread 1 - Seek: 95ms, Decode: 157ms
10-30 22:31:08.519  9182  9235 D WaveformGenerator: ⏱️ PROFILING: Thread 1 - Complete in 374ms, collected 42 samples
10-30 22:31:08.529  9182  9392 D WaveformGenerator: ⏱️ PROFILING: Thread 2 - Seek: 62ms, Decode: 152ms
10-30 22:31:08.529  9182  9392 D WaveformGenerator: ⏱️ PROFILING: Thread 2 - Complete in 386ms, collected 42 samples
10-30 22:31:08.535  9182  9228 D WaveformGenerator: ⏱️ PROFILING: Thread 3 - Seek: 70ms, Decode: 162ms
10-30 22:31:08.535  9182  9228 D WaveformGenerator: ⏱️ PROFILING: Thread 3 - Complete in 392ms, collected 42 samples
10-30 22:31:08.543  9182  9230 D WaveformGenerator: ⏱️ PROFILING: Thread 0 - Seek: 89ms, Decode: 138ms
10-30 22:31:08.543  9182  9230 D WaveformGenerator: ⏱️ PROFILING: Thread 0 - Complete in 399ms, collected 42 samples
10-30 22:31:08.570  9182  9232 D WaveformGenerator: ⏱️ PROFILING: Thread 5 - Seek: 105ms, Decode: 156ms
10-30 22:31:08.571  9182  9232 D WaveformGenerator: ⏱️ PROFILING: Thread 5 - Complete in 427ms, collected 42 samples
10-30 22:31:08.613  9182  9229 D WaveformGenerator: ⏱️ PROFILING: Thread 4 - Seek: 97ms, Decode: 195ms
10-30 22:31:08.613  9182  9229 D WaveformGenerator: ⏱️ PROFILING: Thread 4 - Complete in 470ms, collected 42 samples
10-30 22:31:08.618  9182  9229 D WaveformGenerator: ⏱️ PROFILING: Parallel - Combined 252 samples from 6 threads
10-30 22:31:08.619  9182  9229 D WaveformGenerator: ⏱️ PROFILING: PCM extraction took 485ms for 252 samples
10-30 22:31:08.619  9182  9229 D WaveformGenerator: ⏱️ PROFILING: Average time per sample: 1ms
10-30 22:31:08.619  9182  9229 D WaveformGenerator: Extracted 252 PCM samples
10-30 22:31:08.620  9182  9229 D WaveformGenerator: ⏱️ PROFILING: Downsampling took 0ms
10-30 22:31:08.620  9182  9229 D WaveformGenerator: ⏱️ PROFILING: ===== TOTAL GENERATION TIME: 573ms =====
10-30 22:31:08.620  9182  9229 D WaveformGenerator: ⏱️ PROFILING: Breakdown - Extractor: 36ms, Track: 7ms, Codec: 38ms, Extraction: 485ms, Downsample: 0ms
10-30 22:31:08.620  9182  9229 D WaveformGenerator: Generated waveform with 256 samples
10-30 22:31:08.621  9182  9229 D WaveformGenerator: ✅ Waveform generated: 256 samples
10-30 22:34:58.362 11074 11074 D WaveformGenerator: LaunchedEffect triggered for file: null
10-30 22:34:58.457 11074 11074 D WaveformGenerator: No current file, clearing waveform data
10-30 22:35:08.810 11074 11074 D WaveformGenerator: LaunchedEffect triggered for file: The Magician VS The Police - When The Night Is Over Roxanne (Claptone Remix).mp3
10-30 22:35:08.885 11074 11074 D WaveformGenerator: Starting waveform generation for: The Magician VS The Police - When The Night Is Over Roxanne (Claptone Remix).mp3
10-30 22:35:08.885 11074 11074 D WaveformGenerator: File size: 13.1MB
10-30 22:35:08.888 11074 11113 D WaveformGenerator: Generating waveform for: The Magician VS The Police - When The Night Is Over Roxanne (Claptone Remix).mp3
10-30 22:35:08.892 11074 11113 D WaveformGenerator: Requesting 256 samples for any duration
10-30 22:35:08.897 11074 11113 D WaveformGenerator: ⏱️ PROFILING: Starting waveform generation for URI: content://com.android.externalstorage.documents/tree/primary%3AAndroid%2Fmedia%2Fcom.whatsapp%2FWhatsApp%2FMedia%2FWhatsApp%20Documents%2FPrivate/document/primary%3AAndroid%2Fmedia%2Fcom.whatsapp%2FWhatsApp%2FMedia%2FWhatsApp%20Documents%2FPrivate%2FThe%20Magician%20VS%20The%20Police%20-%20When%20The%20Night%20Is%20Over%20Roxanne%20(Claptone%20Remix).mp3
10-30 22:35:08.898 11074 11113 D WaveformGenerator: ⏱️ PROFILING: Target samples: 256
10-30 22:35:08.944 11074 11113 D WaveformGenerator: ⏱️ PROFILING: Extractor setup took 46ms
10-30 22:35:08.947 11074 11113 D WaveformGenerator: ⏱️ PROFILING: Track selection took 3ms
10-30 22:35:08.947 11074 11113 D WaveformGenerator: Audio format: audio/mpeg, Duration: 341s, Target samples: 256
10-30 22:35:08.995 11074 11113 D WaveformGenerator: ⏱️ PROFILING: Codec creation and start took 48ms
10-30 22:35:08.995 11074 11113 D WaveformGenerator: 🔀 Using PARALLEL processing with 6 threads
10-30 22:35:09.000 11074 11113 D WaveformGenerator: ⏱️ PROFILING: Parallel - Duration: 341s, Samples per thread: 42
10-30 22:35:09.002 11074 11116 D WaveformGenerator: ⏱️ PROFILING: Thread 0 - Processing segment 0s to 56s
10-30 22:35:09.002 11074 11121 D WaveformGenerator: ⏱️ PROFILING: Thread 2 - Processing segment 113s to 170s
10-30 22:35:09.003 11074 11117 D WaveformGenerator: ⏱️ PROFILING: Thread 4 - Processing segment 227s to 284s
10-30 22:35:09.006 11074 11119 D WaveformGenerator: ⏱️ PROFILING: Thread 5 - Processing segment 284s to 341s
10-30 22:35:09.007 11074 11118 D WaveformGenerator: ⏱️ PROFILING: Thread 3 - Processing segment 170s to 227s
10-30 22:35:09.009 11074 11120 D WaveformGenerator: ⏱️ PROFILING: Thread 1 - Processing segment 56s to 113s
10-30 22:35:09.096 11074 11121 D WaveformGenerator: ⏱️ PROFILING: Thread 2 - Setup: Extractor 42ms, Codec 51ms
10-30 22:35:09.116 11074 11118 D WaveformGenerator: ⏱️ PROFILING: Thread 3 - Setup: Extractor 52ms, Codec 57ms
10-30 22:35:09.130 11074 11116 D WaveformGenerator: ⏱️ PROFILING: Thread 0 - Setup: Extractor 80ms, Codec 48ms
10-30 22:35:09.168 11074 11117 D WaveformGenerator: ⏱️ PROFILING: Thread 4 - Setup: Extractor 78ms, Codec 83ms
10-30 22:35:09.175 11074 11119 D WaveformGenerator: ⏱️ PROFILING: Thread 5 - Setup: Extractor 94ms, Codec 73ms
10-30 22:35:09.181 11074 11120 D WaveformGenerator: ⏱️ PROFILING: Thread 1 - Setup: Extractor 99ms, Codec 71ms
10-30 22:35:09.921 11074 11121 D WaveformGenerator: ⏱️ PROFILING: Thread 2 - Seek: 518ms, Decode: 266ms
10-30 22:35:09.922 11074 11121 D WaveformGenerator: ⏱️ PROFILING: Thread 2 - Complete in 920ms, collected 42 samples
10-30 22:35:09.960 11074 11116 D WaveformGenerator: ⏱️ PROFILING: Thread 0 - Seek: 505ms, Decode: 277ms
10-30 22:35:09.962 11074 11116 D WaveformGenerator: ⏱️ PROFILING: Thread 0 - Complete in 960ms, collected 42 samples
10-30 22:35:10.021 11074 11119 D WaveformGenerator: ⏱️ PROFILING: Thread 5 - Seek: 542ms, Decode: 263ms
10-30 22:35:10.021 11074 11119 D WaveformGenerator: ⏱️ PROFILING: Thread 5 - Complete in 1018ms, collected 41 samples
10-30 22:35:10.059 11074 11120 D WaveformGenerator: ⏱️ PROFILING: Thread 1 - Seek: 603ms, Decode: 232ms
10-30 22:35:10.059 11074 11120 D WaveformGenerator: ⏱️ PROFILING: Thread 1 - Complete in 1057ms, collected 42 samples
10-30 22:35:10.060 11074 11117 D WaveformGenerator: ⏱️ PROFILING: Thread 4 - Seek: 572ms, Decode: 275ms
10-30 22:35:10.060 11074 11117 D WaveformGenerator: ⏱️ PROFILING: Thread 4 - Complete in 1057ms, collected 42 samples
10-30 22:35:10.082 11074 11118 D WaveformGenerator: ⏱️ PROFILING: Thread 3 - Seek: 596ms, Decode: 328ms
10-30 22:35:10.082 11074 11118 D WaveformGenerator: ⏱️ PROFILING: Thread 3 - Complete in 1078ms, collected 42 samples
10-30 22:35:10.085 11074 11118 D WaveformGenerator: ⏱️ PROFILING: Parallel - Combined 251 samples from 6 threads
10-30 22:35:10.086 11074 11118 D WaveformGenerator: ⏱️ PROFILING: PCM extraction took 1091ms for 251 samples
10-30 22:35:10.086 11074 11118 D WaveformGenerator: ⏱️ PROFILING: Average time per sample: 4ms
10-30 22:35:10.086 11074 11118 D WaveformGenerator: Extracted 251 PCM samples
10-30 22:35:10.087 11074 11118 D WaveformGenerator: ⏱️ PROFILING: Downsampling took 0ms
10-30 22:35:10.087 11074 11118 D WaveformGenerator: ⏱️ PROFILING: ===== TOTAL GENERATION TIME: 1191ms =====
10-30 22:35:10.087 11074 11118 D WaveformGenerator: ⏱️ PROFILING: Breakdown - Extractor: 46ms, Track: 3ms, Codec: 48ms, Extraction: 1091ms, Downsample: 0ms
10-30 22:35:10.087 11074 11118 D WaveformGenerator: Generated waveform with 256 samples
10-30 22:35:10.088 11074 11118 D WaveformGenerator: ✅ Waveform generated: 256 samples
10-30 22:35:14.515 11074 11074 D WaveformGenerator: LaunchedEffect triggered for file: Meera (NO) - No Title Yet (Original Mix).flac
10-30 22:35:14.588 11074 11074 D WaveformGenerator: Starting waveform generation for: Meera (NO) - No Title Yet (Original Mix).flac
10-30 22:35:14.588 11074 11074 D WaveformGenerator: File size: 53.1MB
10-30 22:35:14.592 11074 11120 D WaveformGenerator: Generating waveform for: Meera (NO) - No Title Yet (Original Mix).flac
10-30 22:35:14.593 11074 11120 D WaveformGenerator: Requesting 256 samples for any duration
10-30 22:35:14.593 11074 11120 D WaveformGenerator: ⏱️ PROFILING: Starting waveform generation for URI: content://com.android.externalstorage.documents/tree/primary%3AResults/document/primary%3AResults%2FLiked%2FMeera%20(NO)%20-%20No%20Title%20Yet%20(Original%20Mix).flac
10-30 22:35:14.593 11074 11120 D WaveformGenerator: ⏱️ PROFILING: Target samples: 256
10-30 22:35:14.642 11074 11120 D WaveformGenerator: ⏱️ PROFILING: Extractor setup took 48ms
10-30 22:35:14.647 11074 11120 D WaveformGenerator: ⏱️ PROFILING: Track selection took 4ms
10-30 22:35:14.648 11074 11120 D WaveformGenerator: Audio format: audio/raw, Duration: 488s, Target samples: 256
10-30 22:35:14.698 11074 11120 D WaveformGenerator: ⏱️ PROFILING: Codec creation and start took 50ms
10-30 22:35:14.699 11074 11120 D WaveformGenerator: 🔀 Using PARALLEL processing with 6 threads
10-30 22:35:14.704 11074 11120 D WaveformGenerator: ⏱️ PROFILING: Parallel - Duration: 488s, Samples per thread: 42
10-30 22:35:14.705 11074 11421 D WaveformGenerator: ⏱️ PROFILING: Thread 0 - Processing segment 0s to 81s
10-30 22:35:14.706 11074 11117 D WaveformGenerator: ⏱️ PROFILING: Thread 1 - Processing segment 81s to 162s
10-30 22:35:14.706 11074 11119 D WaveformGenerator: ⏱️ PROFILING: Thread 2 - Processing segment 162s to 244s
10-30 22:35:14.707 11074 11419 D WaveformGenerator: ⏱️ PROFILING: Thread 3 - Processing segment 244s to 325s
10-30 22:35:14.710 11074 11120 D WaveformGenerator: ⏱️ PROFILING: Thread 5 - Processing segment 406s to 488s
10-30 22:35:14.711 11074 11420 D WaveformGenerator: ⏱️ PROFILING: Thread 4 - Processing segment 325s to 406s
10-30 22:35:14.809 11074 11419 D WaveformGenerator: ⏱️ PROFILING: Thread 3 - Setup: Extractor 49ms, Codec 48ms
10-30 22:35:14.812 11074 11117 D WaveformGenerator: ⏱️ PROFILING: Thread 1 - Setup: Extractor 48ms, Codec 56ms
10-30 22:35:14.813 11074 11420 D WaveformGenerator: ⏱️ PROFILING: Thread 4 - Setup: Extractor 64ms, Codec 37ms
10-30 22:35:14.828 11074 11120 D WaveformGenerator: ⏱️ PROFILING: Thread 5 - Setup: Extractor 62ms, Codec 53ms
10-30 22:35:14.856 11074 11421 D WaveformGenerator: ⏱️ PROFILING: Thread 0 - Setup: Extractor 109ms, Codec 41ms
10-30 22:35:14.857 11074 11119 D WaveformGenerator: ⏱️ PROFILING: Thread 2 - Setup: Extractor 96ms, Codec 52ms
10-30 22:35:15.109 11074 11117 D WaveformGenerator: ⏱️ PROFILING: Thread 1 - Seek: 80ms, Decode: 166ms
10-30 22:35:15.109 11074 11117 D WaveformGenerator: ⏱️ PROFILING: Thread 1 - Complete in 403ms, collected 42 samples
10-30 22:35:15.123 11074 11120 D WaveformGenerator: ⏱️ PROFILING: Thread 5 - Seek: 81ms, Decode: 164ms
10-30 22:35:15.125 11074 11120 D WaveformGenerator: ⏱️ PROFILING: Thread 5 - Complete in 414ms, collected 42 samples
10-30 22:35:15.126 11074 11119 D WaveformGenerator: ⏱️ PROFILING: Thread 2 - Seek: 61ms, Decode: 163ms
10-30 22:35:15.128 11074 11119 D WaveformGenerator: ⏱️ PROFILING: Thread 2 - Complete in 422ms, collected 42 samples
10-30 22:35:15.135 11074 11419 D WaveformGenerator: ⏱️ PROFILING: Thread 3 - Seek: 76ms, Decode: 203ms
10-30 22:35:15.136 11074 11419 D WaveformGenerator: ⏱️ PROFILING: Thread 3 - Complete in 428ms, collected 42 samples
10-30 22:35:15.142 11074 11421 D WaveformGenerator: ⏱️ PROFILING: Thread 0 - Seek: 54ms, Decode: 188ms
10-30 22:35:15.143 11074 11421 D WaveformGenerator: ⏱️ PROFILING: Thread 0 - Complete in 438ms, collected 42 samples
10-30 22:35:15.150 11074 11420 D WaveformGenerator: ⏱️ PROFILING: Thread 4 - Seek: 73ms, Decode: 217ms
10-30 22:35:15.151 11074 11420 D WaveformGenerator: ⏱️ PROFILING: Thread 4 - Complete in 443ms, collected 42 samples
10-30 22:35:15.156 11074 11420 D WaveformGenerator: ⏱️ PROFILING: Parallel - Combined 252 samples from 6 threads
10-30 22:35:15.157 11074 11420 D WaveformGenerator: ⏱️ PROFILING: PCM extraction took 459ms for 252 samples
10-30 22:35:15.157 11074 11420 D WaveformGenerator: ⏱️ PROFILING: Average time per sample: 1ms
10-30 22:35:15.157 11074 11420 D WaveformGenerator: Extracted 252 PCM samples
10-30 22:35:15.158 11074 11420 D WaveformGenerator: ⏱️ PROFILING: Downsampling took 0ms
10-30 22:35:15.158 11074 11420 D WaveformGenerator: ⏱️ PROFILING: ===== TOTAL GENERATION TIME: 565ms =====
10-30 22:35:15.158 11074 11420 D WaveformGenerator: ⏱️ PROFILING: Breakdown - Extractor: 48ms, Track: 4ms, Codec: 50ms, Extraction: 459ms, Downsample: 0ms
10-30 22:35:15.158 11074 11420 D WaveformGenerator: Generated waveform with 256 samples
10-30 22:35:15.158 11074 11420 D WaveformGenerator: ✅ Waveform generated: 256 samples
10-30 22:35:18.674 11074 11074 D WaveformGenerator: LaunchedEffect triggered for file: Danidane - Spirit Soul [VILLAHANGAR].aiff
10-30 22:35:18.751 11074 11074 D WaveformGenerator: Starting waveform generation for: Danidane - Spirit Soul [VILLAHANGAR].aiff
10-30 22:35:18.751 11074 11074 D WaveformGenerator: File size: 53.0MB
10-30 22:35:18.752 11074 11420 D WaveformGenerator: Generating waveform for: Danidane - Spirit Soul [VILLAHANGAR].aiff
10-30 22:35:18.752 11074 11420 D WaveformGenerator: Requesting 256 samples for any duration
10-30 22:35:18.753 11074 11420 D WaveformGenerator: ⏱️ PROFILING: Starting waveform generation for URI: content://com.android.externalstorage.documents/tree/primary%3AResults/document/primary%3AResults%2FLiked%2FDanidane%20-%20Spirit%20Soul%20%5BVILLAHANGAR%5D.aiff
10-30 22:35:18.754 11074 11420 D WaveformGenerator: ⏱️ PROFILING: Target samples: 256
10-30 22:35:18.754 11074 11420 D WaveformGenerator: 🎵 AIFF format detected - Using libvlc decoder
10-30 22:35:18.756 11074 11420 D WaveformGenerator: 🎵 Starting AIFF waveform generation
10-30 22:35:18.903 11074 11420 D WaveformGenerator: ⏱️ PROFILING: AIFF copy to temp took 147ms
10-30 22:35:18.904 11074 11420 D WaveformGenerator: 📊 Valid AIFF file detected: AIFF
10-30 22:35:18.904 11074 11420 D WaveformGenerator: 📦 Found chunk: COMT, size: 26
10-30 22:35:18.904 11074 11420 D WaveformGenerator: 📦 Found chunk: COMM, size: 18
10-30 22:35:18.904 11074 11420 D WaveformGenerator: 🎵 COMM: channels=2, bits=16
10-30 22:35:18.905 11074 11420 D WaveformGenerator: 📦 Found chunk: SSND, size: 55435492
10-30 22:35:18.905 11074 11420 D WaveformGenerator: 🎵 SSND found at offset 88, size: 55435484 bytes
10-30 22:35:18.905 11074 11420 D WaveformGenerator: 📊 Sampling AIFF: frameSize=4, ssndSize=55435484
10-30 22:35:18.947 11074 11420 D WaveformGenerator: ✅ Generated AIFF waveform:
10-30 22:35:18.947 11074 11420 D WaveformGenerator:    📊 Min: 10, Max: 71, Avg: 44
10-30 22:35:18.948 11074 11420 D WaveformGenerator:    📊 First 10 samples: 10, 61, 58, 26, 56, 15, 57, 11, 10, 57
10-30 22:35:18.948 11074 11420 D WaveformGenerator:    📊 Last 10 samples: 57, 22, 57, 57, 12, 58, 24, 58, 10, 22
10-30 22:35:18.952 11074 11420 D WaveformGenerator:    📊 Standard deviation: 17 (✅ GOOD VARIATION)
10-30 22:35:18.953 11074 11420 D WaveformGenerator: ⏱️ PROFILING: AIFF parsing and waveform generation took 49ms
10-30 22:35:18.953 11074 11420 D WaveformGenerator: ⏱️ PROFILING: Total AIFF waveform generation: 197ms
10-30 22:35:18.960 11074 11420 D WaveformGenerator: ⏱️ PROFILING: ===== TOTAL AIFF GENERATION TIME: 208ms =====
10-30 22:35:18.960 11074 11420 D WaveformGenerator: ✅ AIFF waveform generated: 256 samples
10-30 22:35:18.960 11074 11420 D WaveformGenerator: ✅ Waveform generated: 256 samples
10-30 22:35:33.584 11074 11074 D WaveformGenerator: LaunchedEffect triggered for file: LEVEL UP (IT) - Amber (Extended Mix) [QulaqAs].aiff
10-30 22:35:33.660 11074 11074 D WaveformGenerator: Starting waveform generation for: LEVEL UP (IT) - Amber (Extended Mix) [QulaqAs].aiff
10-30 22:35:33.661 11074 11074 D WaveformGenerator: File size: 68.6MB
10-30 22:35:33.661 11074 11119 D WaveformGenerator: Generating waveform for: LEVEL UP (IT) - Amber (Extended Mix) [QulaqAs].aiff
10-30 22:35:33.661 11074 11119 D WaveformGenerator: Requesting 256 samples for any duration
10-30 22:35:33.662 11074 11119 D WaveformGenerator: ⏱️ PROFILING: Starting waveform generation for URI: content://com.android.externalstorage.documents/tree/primary%3AResults/document/primary%3AResults%2FLiked%2FLEVEL%20UP%20(IT)%20-%20Amber%20(Extended%20Mix)%20%5BQulaqAs%5D.aiff
10-30 22:35:33.662 11074 11119 D WaveformGenerator: ⏱️ PROFILING: Target samples: 256
10-30 22:35:33.662 11074 11119 D WaveformGenerator: 🎵 AIFF format detected - Using libvlc decoder
10-30 22:35:33.663 11074 11119 D WaveformGenerator: 🎵 Starting AIFF waveform generation
10-30 22:35:33.852 11074 11119 D WaveformGenerator: ⏱️ PROFILING: AIFF copy to temp took 187ms
10-30 22:35:33.852 11074 11119 D WaveformGenerator: 📊 Valid AIFF file detected: AIFF
10-30 22:35:33.853 11074 11119 D WaveformGenerator: 📦 Found chunk: COMT, size: 26
10-30 22:35:33.853 11074 11119 D WaveformGenerator: 📦 Found chunk: COMM, size: 18
10-30 22:35:33.853 11074 11119 D WaveformGenerator: 🎵 COMM: channels=2, bits=16
10-30 22:35:33.853 11074 11119 D WaveformGenerator: 📦 Found chunk: SSND, size: 71655828
10-30 22:35:33.853 11074 11119 D WaveformGenerator: 🎵 SSND found at offset 88, size: 71655820 bytes
10-30 22:35:33.853 11074 11119 D WaveformGenerator: 📊 Sampling AIFF: frameSize=4, ssndSize=71655820
10-30 22:35:33.859 11074 11119 D WaveformGenerator: ✅ Generated AIFF waveform:
10-30 22:35:33.860 11074 11119 D WaveformGenerator:    📊 Min: 10, Max: 62, Avg: 41
10-30 22:35:33.861 11074 11119 D WaveformGenerator:    📊 First 10 samples: 10, 57, 57, 10, 10, 57, 58, 10, 10, 58
10-30 22:35:33.861 11074 11119 D WaveformGenerator:    📊 Last 10 samples: 22, 10, 57, 44, 10, 10, 57, 57, 22, 10
10-30 22:35:33.861 11074 11119 D WaveformGenerator:    📊 Standard deviation: 20 (✅ GOOD VARIATION)
10-30 22:35:33.861 11074 11119 D WaveformGenerator: ⏱️ PROFILING: AIFF parsing and waveform generation took 9ms
10-30 22:35:33.861 11074 11119 D WaveformGenerator: ⏱️ PROFILING: Total AIFF waveform generation: 199ms
10-30 22:35:33.874 11074 11119 D WaveformGenerator: ⏱️ PROFILING: ===== TOTAL AIFF GENERATION TIME: 212ms =====
10-30 22:35:33.875 11074 11119 D WaveformGenerator: ✅ AIFF waveform generated: 256 samples
10-30 22:35:33.875 11074 11119 D WaveformGenerator: ✅ Waveform generated: 256 samples
10-30 22:35:55.167 11074 11074 D WaveformGenerator: LaunchedEffect triggered for file: Zerø Phase, ALDO, 4Step - ANDALE (Extended Mix) [UNION RECORDS (IT)].aiff
10-30 22:35:55.245 11074 11074 D WaveformGenerator: Starting waveform generation for: Zerø Phase, ALDO, 4Step - ANDALE (Extended Mix) [UNION RECORDS (IT)].aiff
10-30 22:35:55.245 11074 11074 D WaveformGenerator: File size: 37.3MB
10-30 22:35:55.247 11074 11420 D WaveformGenerator: Generating waveform for: Zerø Phase, ALDO, 4Step - ANDALE (Extended Mix) [UNION RECORDS (IT)].aiff
10-30 22:35:55.248 11074 11420 D WaveformGenerator: Requesting 256 samples for any duration
10-30 22:35:55.248 11074 11420 D WaveformGenerator: ⏱️ PROFILING: Starting waveform generation for URI: content://com.android.externalstorage.documents/tree/primary%3AResults/document/primary%3AResults%2FLiked%2FZer%C3%B8%20Phase%2C%20ALDO%2C%204Step%20-%20ANDALE%20(Extended%20Mix)%20%5BUNION%20RECORDS%20(IT)%5D.aiff
10-30 22:35:55.249 11074 11420 D WaveformGenerator: ⏱️ PROFILING: Target samples: 256
10-30 22:35:55.249 11074 11420 D WaveformGenerator: 🎵 AIFF format detected - Using libvlc decoder
10-30 22:35:55.249 11074 11420 D WaveformGenerator: 🎵 Starting AIFF waveform generation
10-30 22:35:55.353 11074 11420 D WaveformGenerator: ⏱️ PROFILING: AIFF copy to temp took 103ms
10-30 22:35:55.353 11074 11420 D WaveformGenerator: 📊 Valid AIFF file detected: AIFF
10-30 22:35:55.353 11074 11420 D WaveformGenerator: 📦 Found chunk: COMT, size: 26
10-30 22:35:55.353 11074 11420 D WaveformGenerator: 📦 Found chunk: COMM, size: 18
10-30 22:35:55.353 11074 11420 D WaveformGenerator: 🎵 COMM: channels=2, bits=16
10-30 22:35:55.353 11074 11420 D WaveformGenerator: 📦 Found chunk: SSND, size: 38743624
10-30 22:35:55.353 11074 11420 D WaveformGenerator: 🎵 SSND found at offset 88, size: 38743616 bytes
10-30 22:35:55.354 11074 11420 D WaveformGenerator: 📊 Sampling AIFF: frameSize=4, ssndSize=38743616
10-30 22:35:55.359 11074 11420 D WaveformGenerator: ✅ Generated AIFF waveform:
10-30 22:35:55.359 11074 11420 D WaveformGenerator:    📊 Min: 10, Max: 59, Avg: 42
10-30 22:35:55.359 11074 11420 D WaveformGenerator:    📊 First 10 samples: 45, 17, 42, 10, 58, 58, 57, 58, 10, 14
10-30 22:35:55.359 11074 11420 D WaveformGenerator:    📊 Last 10 samples: 58, 55, 10, 23, 13, 14, 58, 10, 10, 10
10-30 22:35:55.359 11074 11420 D WaveformGenerator:    📊 Standard deviation: 17 (✅ GOOD VARIATION)
10-30 22:35:55.360 11074 11420 D WaveformGenerator: ⏱️ PROFILING: AIFF parsing and waveform generation took 7ms
10-30 22:35:55.360 11074 11420 D WaveformGenerator: ⏱️ PROFILING: Total AIFF waveform generation: 111ms
10-30 22:35:55.366 11074 11420 D WaveformGenerator: ⏱️ PROFILING: ===== TOTAL AIFF GENERATION TIME: 118ms =====
10-30 22:35:55.366 11074 11420 D WaveformGenerator: ✅ AIFF waveform generated: 256 samples
10-30 22:35:55.366 11074 11420 D WaveformGenerator: ✅ Waveform generated: 256 samples
10-30 22:38:19.354 12399 12399 D WaveformGenerator: LaunchedEffect triggered for file: null
10-30 22:38:19.434 12399 12399 D WaveformGenerator: No current file, clearing waveform data
10-30 22:38:21.216 12399 12399 D WaveformGenerator: LaunchedEffect triggered for file: The Magician VS The Police - When The Night Is Over Roxanne (Claptone Remix).mp3
10-30 22:38:21.290 12399 12399 D WaveformGenerator: Starting waveform generation for: The Magician VS The Police - When The Night Is Over Roxanne (Claptone Remix).mp3
10-30 22:38:21.290 12399 12399 D WaveformGenerator: File size: 13.1MB
10-30 22:38:21.292 12399 12441 D WaveformGenerator: Generating waveform for: The Magician VS The Police - When The Night Is Over Roxanne (Claptone Remix).mp3
10-30 22:38:21.297 12399 12441 D WaveformGenerator: Requesting 256 samples for any duration
10-30 22:38:21.300 12399 12441 D WaveformGenerator: ⏱️ PROFILING: Starting waveform generation for URI: content://com.android.externalstorage.documents/tree/primary%3AAndroid%2Fmedia%2Fcom.whatsapp%2FWhatsApp%2FMedia%2FWhatsApp%20Documents%2FPrivate/document/primary%3AAndroid%2Fmedia%2Fcom.whatsapp%2FWhatsApp%2FMedia%2FWhatsApp%20Documents%2FPrivate%2FThe%20Magician%20VS%20The%20Police%20-%20When%20The%20Night%20Is%20Over%20Roxanne%20(Claptone%20Remix).mp3
10-30 22:38:21.300 12399 12441 D WaveformGenerator: ⏱️ PROFILING: Target samples: 256
10-30 22:38:21.324 12399 12441 D WaveformGenerator: ⏱️ PROFILING: Extractor setup took 23ms
10-30 22:38:21.327 12399 12441 D WaveformGenerator: ⏱️ PROFILING: Track selection took 3ms
10-30 22:38:21.328 12399 12441 D WaveformGenerator: Audio format: audio/mpeg, Duration: 341s, Target samples: 256
10-30 22:38:21.403 12399 12441 D WaveformGenerator: ⏱️ PROFILING: Codec creation and start took 74ms
10-30 22:38:21.404 12399 12441 D WaveformGenerator: 🔀 Using PARALLEL processing with 6 threads
10-30 22:38:21.409 12399 12441 D WaveformGenerator: ⏱️ PROFILING: Parallel - Duration: 341s, Samples per thread: 42
10-30 22:38:21.412 12399 12447 D WaveformGenerator: ⏱️ PROFILING: Thread 0 - Processing segment 0s to 56s
10-30 22:38:21.413 12399 12440 D WaveformGenerator: ⏱️ PROFILING: Thread 1 - Processing segment 56s to 113s
10-30 22:38:21.413 12399 12439 D WaveformGenerator: ⏱️ PROFILING: Thread 2 - Processing segment 113s to 170s
10-30 22:38:21.415 12399 12522 D WaveformGenerator: ⏱️ PROFILING: Thread 5 - Processing segment 284s to 341s
10-30 22:38:21.415 12399 12446 D WaveformGenerator: ⏱️ PROFILING: Thread 4 - Processing segment 227s to 284s
10-30 22:38:21.419 12399 12443 D WaveformGenerator: ⏱️ PROFILING: Thread 3 - Processing segment 170s to 227s
10-30 22:38:21.484 12399 12446 D WaveformGenerator: ⏱️ PROFILING: Thread 4 - Setup: Extractor 28ms, Codec 41ms
10-30 22:38:21.486 12399 12447 D WaveformGenerator: ⏱️ PROFILING: Thread 0 - Setup: Extractor 30ms, Codec 42ms
10-30 22:38:21.498 12399 12440 D WaveformGenerator: ⏱️ PROFILING: Thread 1 - Setup: Extractor 47ms, Codec 35ms
10-30 22:38:21.499 12399 12522 D WaveformGenerator: ⏱️ PROFILING: Thread 5 - Setup: Extractor 34ms, Codec 47ms
10-30 22:38:21.501 12399 12443 D WaveformGenerator: ⏱️ PROFILING: Thread 3 - Setup: Extractor 30ms, Codec 51ms
10-30 22:38:21.502 12399 12439 D WaveformGenerator: ⏱️ PROFILING: Thread 2 - Setup: Extractor 49ms, Codec 36ms
10-30 22:38:22.048 12399 12522 D WaveformGenerator: ⏱️ PROFILING: Thread 5 - Seek: 334ms, Decode: 167ms
10-30 22:38:22.048 12399 12522 D WaveformGenerator: ⏱️ PROFILING: Thread 5 - Complete in 634ms, collected 41 samples
10-30 22:38:22.061 12399 12447 D WaveformGenerator: ⏱️ PROFILING: Thread 0 - Seek: 351ms, Decode: 179ms
10-30 22:38:22.061 12399 12447 D WaveformGenerator: ⏱️ PROFILING: Thread 0 - Complete in 649ms, collected 42 samples
10-30 22:38:22.091 12399 12439 D WaveformGenerator: ⏱️ PROFILING: Thread 2 - Seek: 390ms, Decode: 154ms
10-30 22:38:22.092 12399 12439 D WaveformGenerator: ⏱️ PROFILING: Thread 2 - Complete in 679ms, collected 42 samples
10-30 22:38:22.120 12399 12440 D WaveformGenerator: ⏱️ PROFILING: Thread 1 - Seek: 392ms, Decode: 186ms
10-30 22:38:22.121 12399 12440 D WaveformGenerator: ⏱️ PROFILING: Thread 1 - Complete in 708ms, collected 42 samples
10-30 22:38:22.140 12399 12443 D WaveformGenerator: ⏱️ PROFILING: Thread 3 - Seek: 417ms, Decode: 182ms
10-30 22:38:22.140 12399 12443 D WaveformGenerator: ⏱️ PROFILING: Thread 3 - Complete in 722ms, collected 42 samples
10-30 22:38:22.149 12399 12446 D WaveformGenerator: ⏱️ PROFILING: Thread 4 - Seek: 422ms, Decode: 201ms
10-30 22:38:22.149 12399 12446 D WaveformGenerator: ⏱️ PROFILING: Thread 4 - Complete in 735ms, collected 42 samples
10-30 22:38:22.152 12399 12446 D WaveformGenerator: ⏱️ PROFILING: Parallel - Combined 251 samples from 6 threads
10-30 22:38:22.152 12399 12446 D WaveformGenerator: ⏱️ PROFILING: PCM extraction took 748ms for 251 samples
10-30 22:38:22.153 12399 12446 D WaveformGenerator: ⏱️ PROFILING: Average time per sample: 2ms
10-30 22:38:22.153 12399 12446 D WaveformGenerator: Extracted 251 PCM samples
10-30 22:38:22.153 12399 12446 D WaveformGenerator: ⏱️ PROFILING: Downsampling took 0ms
10-30 22:38:22.154 12399 12446 D WaveformGenerator: ⏱️ PROFILING: ===== TOTAL GENERATION TIME: 854ms =====
10-30 22:38:22.154 12399 12446 D WaveformGenerator: ⏱️ PROFILING: Breakdown - Extractor: 23ms, Track: 3ms, Codec: 74ms, Extraction: 748ms, Downsample: 0ms
10-30 22:38:22.155 12399 12446 D WaveformGenerator: Generated waveform with 256 samples
10-30 22:38:22.155 12399 12446 D WaveformGenerator: ✅ Waveform generated: 256 samples
10-30 22:38:29.100 12399 12399 D WaveformGenerator: LaunchedEffect triggered for file: Danidane - Spirit Soul [VILLAHANGAR].aiff
10-30 22:38:29.180 12399 12399 D WaveformGenerator: Starting waveform generation for: Danidane - Spirit Soul [VILLAHANGAR].aiff
10-30 22:38:29.181 12399 12399 D WaveformGenerator: File size: 53.0MB
10-30 22:38:29.183 12399 12440 D WaveformGenerator: Generating waveform for: Danidane - Spirit Soul [VILLAHANGAR].aiff
10-30 22:38:29.183 12399 12440 D WaveformGenerator: Requesting 256 samples for any duration
10-30 22:38:29.184 12399 12440 D WaveformGenerator: ⏱️ PROFILING: Starting waveform generation for URI: content://com.android.externalstorage.documents/tree/primary%3AResults/document/primary%3AResults%2FLiked%2FDanidane%20-%20Spirit%20Soul%20%5BVILLAHANGAR%5D.aiff
10-30 22:38:29.184 12399 12440 D WaveformGenerator: ⏱️ PROFILING: Target samples: 256
10-30 22:38:29.185 12399 12440 D WaveformGenerator: 🎵 AIFF format detected - Using libvlc decoder
10-30 22:38:29.187 12399 12440 D WaveformGenerator: 🎵 Starting AIFF waveform generation
10-30 22:38:29.522 12399 12440 D WaveformGenerator: ⏱️ PROFILING: AIFF copy to temp took 335ms
10-30 22:38:29.524 12399 12440 D WaveformGenerator: 📊 Valid AIFF file detected: AIFF
10-30 22:38:29.525 12399 12440 D WaveformGenerator: 📦 Found chunk: COMT, size: 26
10-30 22:38:29.526 12399 12440 D WaveformGenerator: 📦 Found chunk: COMM, size: 18
10-30 22:38:29.527 12399 12440 D WaveformGenerator: 🎵 COMM: channels=2, bits=16
10-30 22:38:29.527 12399 12440 D WaveformGenerator: 📦 Found chunk: SSND, size: 55435492
10-30 22:38:29.529 12399 12440 D WaveformGenerator: 🎵 SSND found at offset 88, size: 55435484 bytes
10-30 22:38:29.530 12399 12440 D WaveformGenerator: 📊 Sampling AIFF: frameSize=4, ssndSize=55435484
10-30 22:38:29.650 12399 12440 D WaveformGenerator: ✅ Generated AIFF waveform:
10-30 22:38:29.650 12399 12440 D WaveformGenerator:    📊 Min: 15, Max: 100, Avg: 79
10-30 22:38:29.650 12399 12440 D WaveformGenerator:    📊 First 10 samples: 15, 100, 100, 52, 100, 30, 100, 22, 15, 100
10-30 22:38:29.650 12399 12440 D WaveformGenerator:    📊 Last 10 samples: 100, 44, 100, 100, 24, 100, 49, 100, 15, 45
10-30 22:38:29.657 12399 12440 D WaveformGenerator:    📊 Standard deviation: 28 (✅ GOOD VARIATION)
10-30 22:38:29.657 12399 12440 D WaveformGenerator: ⏱️ PROFILING: AIFF parsing and waveform generation took 135ms
10-30 22:38:29.658 12399 12440 D WaveformGenerator: ⏱️ PROFILING: Total AIFF waveform generation: 472ms
10-30 22:38:29.666 12399 12440 D WaveformGenerator: ⏱️ PROFILING: ===== TOTAL AIFF GENERATION TIME: 481ms =====
10-30 22:38:29.666 12399 12440 D WaveformGenerator: ✅ AIFF waveform generated: 256 samples
10-30 22:38:29.666 12399 12440 D WaveformGenerator: ✅ Waveform generated: 256 samples
10-30 22:38:37.335 12399 12399 D WaveformGenerator: LaunchedEffect triggered for file: Teddy Wong ft. Mikey V - Doing My Thing (Teddy's Warehouse Mix) [Brobot Records].aiff
10-30 22:38:37.406 12399 12399 D WaveformGenerator: Starting waveform generation for: Teddy Wong ft. Mikey V - Doing My Thing (Teddy's Warehouse Mix) [Brobot Records].aiff
10-30 22:38:37.406 12399 12399 D WaveformGenerator: File size: 66.8MB
10-30 22:38:37.408 12399 12446 D WaveformGenerator: Generating waveform for: Teddy Wong ft. Mikey V - Doing My Thing (Teddy's Warehouse Mix) [Brobot Records].aiff
10-30 22:38:37.409 12399 12446 D WaveformGenerator: Requesting 256 samples for any duration
10-30 22:38:37.412 12399 12446 D WaveformGenerator: ⏱️ PROFILING: Starting waveform generation for URI: content://com.android.externalstorage.documents/tree/primary%3AResults/document/primary%3AResults%2FLiked%2FTeddy%20Wong%20ft.%20Mikey%20V%20-%20Doing%20My%20Thing%20(Teddy's%20Warehouse%20Mix)%20%5BBrobot%20Records%5D.aiff
10-30 22:38:37.413 12399 12446 D WaveformGenerator: ⏱️ PROFILING: Target samples: 256
10-30 22:38:37.414 12399 12446 D WaveformGenerator: 🎵 AIFF format detected - Using libvlc decoder
10-30 22:38:37.416 12399 12446 D WaveformGenerator: 🎵 Starting AIFF waveform generation
10-30 22:38:37.651 12399 12446 D WaveformGenerator: ⏱️ PROFILING: AIFF copy to temp took 233ms
10-30 22:38:37.651 12399 12446 D WaveformGenerator: 📊 Valid AIFF file detected: AIFF
10-30 22:38:37.651 12399 12446 D WaveformGenerator: 📦 Found chunk: COMT, size: 26
10-30 22:38:37.652 12399 12446 D WaveformGenerator: 📦 Found chunk: COMM, size: 18
10-30 22:38:37.652 12399 12446 D WaveformGenerator: 🎵 COMM: channels=2, bits=16
10-30 22:38:37.652 12399 12446 D WaveformGenerator: 📦 Found chunk: SSND, size: 69535996
10-30 22:38:37.652 12399 12446 D WaveformGenerator: 🎵 SSND found at offset 88, size: 69535988 bytes
10-30 22:38:37.652 12399 12446 D WaveformGenerator: 📊 Sampling AIFF: frameSize=4, ssndSize=69535988
10-30 22:38:37.664 12399 12446 D WaveformGenerator: ✅ Generated AIFF waveform:
