11-10 15:05:22.559  1431  2167 W USF     : USF_API: Drop flicker data, cannot find sampling_id:84682!
11-10 15:05:22.568  7174  7218 I Finsky  : [1046] AIM: AppInfoManager-Perf > getApps > data collection finished
11-10 15:05:22.568  7174  7218 I Finsky  : [1046] AIM: AppInfoManager-Perf > maybeDestroyAppInfoManager is called. actives = 2
11-10 15:05:22.568  7174  7218 I Finsky  : [1046] AIM: AppInfoManager-Perf > getApps > data collection finished
11-10 15:05:22.568  7174  7218 I Finsky  : [1046] AIM: AppInfoManager-Perf > maybeDestroyAppInfoManager is called. actives = 1
11-10 15:05:22.569  1431  2167 W USF     : USF_API: Drop flicker data, cannot find sampling_id:84682!
11-10 15:05:22.571  1884  3104 D LauncherAppsService: getActivityLaunchIntent callingPackage=com.android.systemui component=ComponentInfo{com.brightstripe.parcels/com.brightstripe.parcels.MainActivity} user=UserHandle{0}
11-10 15:05:22.579  1431  2167 W USF     : USF_API: Drop flicker data, cannot find sampling_id:84682!
11-10 15:05:22.590  1431  2167 W USF     : USF_API: Drop flicker data, cannot find sampling_id:84682!
11-10 15:05:22.592  1884  2447 D LauncherAppsService: getActivityLaunchIntent callingPackage=com.android.systemui component=ComponentInfo{com.cargus.cma/com.cargus.cma.MainActivity} user=UserHandle{0}
11-10 15:05:22.596  1884  2447 D LauncherAppsService: getActivityLaunchIntent callingPackage=com.android.systemui component=ComponentInfo{com.catalogViva/com.catalogViva.MainActivity} user=UserHandle{0}
11-10 15:05:22.599  1431  2167 W USF     : USF_API: Drop flicker data, cannot find sampling_id:84682!
11-10 15:05:22.601  1884  5659 D LauncherAppsService: getActivityLaunchIntent callingPackage=com.android.systemui component=ComponentInfo{com.davidgiga1993.mixingstationpro/org.devcore.mixingstation.android.lib.AndroidLauncher} user=UserHandle{0}
11-10 15:05:22.604  1884  5659 D LauncherAppsService: getActivityLaunchIntent callingPackage=com.android.systemui component=ComponentInfo{com.digitaldreamlabs.retrodrive/com.digitaldreamlabs.retrodrive.OverDriveActivity} user=UserHandle{0}
11-10 15:05:22.605  1884  5659 D LauncherAppsService: getActivityLaunchIntent callingPackage=com.android.systemui component=ComponentInfo{com.discord/com.discord.main.MainDefault} user=UserHandle{0}
11-10 15:05:22.607  1884  2447 D LauncherAppsService: getActivityLaunchIntent callingPackage=com.android.systemui component=ComponentInfo{com.disney.disneyplus/com.bamtechmedia.dominguez.main.MainActivity} user=UserHandle{0}
11-10 15:05:22.609  1431  2167 W USF     : USF_API: Drop flicker data, cannot find sampling_id:84682!
11-10 15:05:22.610  1884  2447 D LauncherAppsService: getActivityLaunchIntent callingPackage=com.android.systemui component=ComponentInfo{com.duosecurity.duomobile/com.duosecurity.duomobile.account_list.AccountListActivity} user=UserHandle{0}
11-10 15:05:22.611  1884  2447 D LauncherAppsService: getActivityLaunchIntent callingPackage=com.android.systemui component=ComponentInfo{com.ebay.kleinanzeigen/ebk.ui.splash.SplashActivity} user=UserHandle{0}
11-10 15:05:22.612  1884  2447 D LauncherAppsService: getActivityLaunchIntent callingPackage=com.android.systemui component=ComponentInfo{com.ebay.mobile/com.ebay.mobile.home.impl.main.MainActivity} user=UserHandle{0}
11-10 15:05:22.613  1884  3104 D LauncherAppsService: getActivityLaunchIntent callingPackage=com.android.systemui component=ComponentInfo{com.einnovation.temu/com.baogong.splash.activity.MainFrameActivity} user=UserHandle{0}
11-10 15:05:22.614  1884  5659 D LauncherAppsService: getActivityLaunchIntent callingPackage=com.android.systemui component=ComponentInfo{com.example.mobiledigger/com.example.mobiledigger.MainActivity} user=UserHandle{0}
11-10 15:05:22.615 25498 25582 I SoLoader: Preparing SO source: DirectorySoSource[root = /vendor/lib64 flags = 2]
11-10 15:05:22.615  1884  5659 D LauncherAppsService: getActivityLaunchIntent callingPackage=com.android.systemui component=ComponentInfo{com.facebook.katana/com.facebook.katana.LoginActivity} user=UserHandle{0}
11-10 15:05:22.616  1884  5659 D LauncherAppsService: getActivityLaunchIntent callingPackage=com.android.systemui component=ComponentInfo{com.facebook.orca/com.facebook.orca.auth.StartScreenActivity} user=UserHandle{0}
11-10 15:05:22.619  1431  2167 W USF     : USF_API: Drop flicker data, cannot find sampling_id:84682!
11-10 15:05:22.619  1884  2447 D LauncherAppsService: getActivityLaunchIntent callingPackage=com.android.systemui component=ComponentInfo{com.fun.mxw/io.dcloud.PandoraEntry} user=UserHandle{0}
11-10 15:05:22.620  1884  2447 D LauncherAppsService: getActivityLaunchIntent callingPackage=com.android.systemui component=ComponentInfo{com.games.webmaster/com.unity3d.player.UnityPlayerActivity} user=UserHandle{0}
11-10 15:05:22.621  1884  2447 D LauncherAppsService: getActivityLaunchIntent callingPackage=com.android.systemui component=ComponentInfo{com.games.whodiesfirst/com.unity3d.player.UnityPlayerActivity} user=UserHandle{0}
11-10 15:05:22.623  1884  2447 D LauncherAppsService: getActivityLaunchIntent callingPackage=com.android.systemui component=ComponentInfo{com.ghisler.android.TotalCommander/com.ghisler.android.TotalCommander.TotalCommander} user=UserHandle{0}
11-10 15:05:22.625 25498 25582 I SoLoader: Preparing SO source: DirectorySoSource[root = /system/lib64 flags = 2]
11-10 15:05:22.626 25498 25582 I SoLoader: Preparing SO source: ApplicationSoSource[DirectorySoSource[root = /data/app/~~fa7mkXdI1-FiW79Tx-_OLA==/com.microsoft.office.outlook-csQJ0IBiUcnF5NteALRTQQ==/lib/arm64 flags = 0]]
11-10 15:05:22.627  1884  4367 D LauncherAppsService: getActivityLaunchIntent callingPackage=com.android.systemui component=ComponentInfo{com.globalfun.ben10ae.google/com.globalfun.FullActivity} user=UserHandle{0}
11-10 15:05:22.628  1884  4367 D LauncherAppsService: getActivityLaunchIntent callingPackage=com.android.systemui component=ComponentInfo{com.google.android.apps.authenticator2/com.google.android.apps.authenticator2.main.MainActivity} user=UserHandle{0}
11-10 15:05:22.629  1431  2167 W USF     : USF_API: Drop flicker data, cannot find sampling_id:84682!
11-10 15:05:22.629 25498 25582 I SoLoader: Preparing SO source: BackupSoSource[root = /data/data/com.microsoft.office.outlook/lib-main flags = 1 apks = [/data/app/~~fa7mkXdI1-FiW79Tx-_OLA==/com.microsoft.office.outlook-csQJ0IBiUcnF5NteALRTQQ==/base.apk]]
11-10 15:05:22.629 25498 25582 I SoLoader: init finish: 4 SO sources prepared
11-10 15:05:22.629 25498 25582 W SoLoader: SoLoader initialized: 0
11-10 15:05:22.631  1884  4367 D LauncherAppsService: getActivityLaunchIntent callingPackage=com.android.systemui component=ComponentInfo{com.google.android.apps.bard/com.google.android.apps.bard.shellapp.BardEntryPointActivity} user=UserHandle{0}
11-10 15:05:22.634  1884  4367 D LauncherAppsService: getActivityLaunchIntent callingPackage=com.android.systemui component=ComponentInfo{com.google.android.apps.chromecast.app/com.google.android.apps.chromecast.app.DiscoveryActivity} user=UserHandle{0}
11-10 15:05:22.639  1431  2167 W USF     : USF_API: Drop flicker data, cannot find sampling_id:84682!
11-10 15:05:22.639  1884  2447 D LauncherAppsService: getActivityLaunchIntent callingPackage=com.android.systemui component=ComponentInfo{com.google.android.apps.fitness/com.google.android.apps.fitness.welcome.WelcomeActivity} user=UserHandle{0}
11-10 15:05:22.641 25498 25573 I PartnerAssetManager: No files to download for partner: Msai
11-10 15:05:22.642 25498 25573 I outlook.platformSDK: Attempting to create partner[Msai]
11-10 15:05:22.642  1884  5659 D LauncherAppsService: getActivityLaunchIntent callingPackage=com.android.systemui component=ComponentInfo{com.google.android.apps.searchlite/com.google.android.apps.searchlite.ui.SearchActivity} user=UserHandle{0}
11-10 15:05:22.644  1884  5659 D LauncherAppsService: getActivityLaunchIntent callingPackage=com.android.systemui component=ComponentInfo{com.google.android.apps.subscriptions.red/com.google.android.apps.subscriptions.red.LauncherActivity} user=UserHandle{0}
11-10 15:05:22.645  1884  3104 D LauncherAppsService: getActivityLaunchIntent callingPackage=com.android.systemui component=ComponentInfo{com.google.android.apps.translate/com.google.android.apps.translate.TranslateActivity} user=UserHandle{0}
11-10 15:05:22.646  1884  5659 D LauncherAppsService: getActivityLaunchIntent callingPackage=com.android.systemui component=ComponentInfo{com.google.android.keep/com.google.android.keep.activities.BrowseActivity} user=UserHandle{0}
11-10 15:05:22.647  1884  3104 D LauncherAppsService: getActivityLaunchIntent callingPackage=com.android.systemui component=ComponentInfo{com.gtsy.capturing.heroes/com.unity3d.player.UnityPlayerActivity} user=UserHandle{0}
11-10 15:05:22.648  1884  3104 D LauncherAppsService: getActivityLaunchIntent callingPackage=com.android.systemui component=ComponentInfo{com.hb.spider.games.fighting.hero/com.unity3d.player.UnityPlayerActivity} user=UserHandle{0}
11-10 15:05:22.648  1431  2167 W USF     : USF_API: Drop flicker data, cannot find sampling_id:84682!
11-10 15:05:22.649  1884  3104 D LauncherAppsService: getActivityLaunchIntent callingPackage=com.android.systemui component=ComponentInfo{com.htt.alpha.shooter.fps/com.unity3d.player.UnityPlayerActivity} user=UserHandle{0}
11-10 15:05:22.650  1884  3104 D LauncherAppsService: getActivityLaunchIntent callingPackage=com.android.systemui component=ComponentInfo{com.inotesapp.inotes/com.inotesapp.inotes.MainActivity} user=UserHandle{0}
11-10 15:05:22.651  1884  3104 D LauncherAppsService: getActivityLaunchIntent callingPackage=com.android.systemui component=ComponentInfo{com.instagram.android/com.instagram.android.activity.MainTabActivity} user=UserHandle{0}
11-10 15:05:22.653  1884  3104 D LauncherAppsService: getActivityLaunchIntent callingPackage=com.android.systemui component=ComponentInfo{com.kendamanomics.app/com.kendamanomics.app.MainActivity} user=UserHandle{0}
11-10 15:05:22.655  1884  5659 D LauncherAppsService: getActivityLaunchIntent callingPackage=com.android.systemui component=ComponentInfo{com.libratone/com.libratone.v3.activities.HomeActivity} user=UserHandle{0}
11-10 15:05:22.655  1884  5659 D LauncherAppsService: getActivityLaunchIntent callingPackage=com.android.systemui component=ComponentInfo{com.linkedin.android/com.linkedin.android.authenticator.LaunchActivityDefault} user=UserHandle{0}
11-10 15:05:22.656  1884  5659 D LauncherAppsService: getActivityLaunchIntent callingPackage=com.android.systemui component=ComponentInfo{com.mcdonalds.mobileapp/com.mcdonalds.mobileapp.SplashActivity} user=UserHandle{0}
11-10 15:05:22.657  1884  5659 D LauncherAppsService: getActivityLaunchIntent callingPackage=com.android.systemui component=ComponentInfo{com.microsoft.appmanager/com.microsoft.appmanager.StartUpCoreActivity} user=UserHandle{0}
11-10 15:05:22.658  1884  5659 D LauncherAppsService: getActivityLaunchIntent callingPackage=com.android.systemui component=ComponentInfo{com.microsoft.office.excel/com.microsoft.office.apphost.LaunchActivity} user=UserHandle{0}
11-10 15:05:22.659  1431  2167 W USF     : USF_API: Drop flicker data, cannot find sampling_id:84682!
11-10 15:05:22.659  1884  5659 D LauncherAppsService: getActivityLaunchIntent callingPackage=com.android.systemui component=ComponentInfo{com.microsoft.office.onenote/com.microsoft.office.onenote.ui.ONMSplashActivity} user=UserHandle{0}
11-10 15:05:22.660  1884  5659 D LauncherAppsService: getActivityLaunchIntent callingPackage=com.android.systemui component=ComponentInfo{com.microsoft.office.word/com.microsoft.office.apphost.LaunchActivity} user=UserHandle{0}
11-10 15:05:22.661  1884  5659 D LauncherAppsService: getActivityLaunchIntent callingPackage=com.android.systemui component=ComponentInfo{com.microsoft.rdc.androidx/com.microsoft.windowsapp.ui.HomeActivity} user=UserHandle{0}
11-10 15:05:22.662  1884  5659 D LauncherAppsService: getActivityLaunchIntent callingPackage=com.android.systemui component=ComponentInfo{com.microsoft.teams/com.microsoft.skype.teams.Launcher} user=UserHandle{0}
11-10 15:05:22.663  1884  5659 D LauncherAppsService: getActivityLaunchIntent callingPackage=com.android.systemui component=ComponentInfo{com.microsoft.windowsintune.companyportal/com.microsoft.windowsintune.companyportal.views.SplashActivity} user=UserHandle{0}
11-10 15:05:22.664  1884  3104 D LauncherAppsService: getActivityLaunchIntent callingPackage=com.android.systemui component=ComponentInfo{com.mojang.minecraftpe/com.mojang.minecraftpe.MainActivity} user=UserHandle{0}
11-10 15:05:22.665  1884  5659 D LauncherAppsService: getActivityLaunchIntent callingPackage=com.android.systemui component=ComponentInfo{com.movile.playkids.pkxd/com.movile.playkids.pkxd.base.UnityPlayerActivity} user=UserHandle{0}
11-10 15:05:22.667  1884  5659 D LauncherAppsService: getActivityLaunchIntent callingPackage=com.android.systemui component=ComponentInfo{com.musicpay.app/com.musicpay.app.MainActivity} user=UserHandle{0}
11-10 15:05:22.668  1431  2167 W USF     : USF_API: Drop flicker data, cannot find sampling_id:84682!
11-10 15:05:22.670  1884  2447 D LauncherAppsService: getActivityLaunchIntent callingPackage=com.android.systemui component=ComponentInfo{com.netflix.mediaclient/com.netflix.mediaclient.ui.launch.UIWebViewActivity} user=UserHandle{0}
11-10 15:05:22.670 25498 25682 I MSMAM - o.zzff: Recursively tagging intent {0} with identity {1}
11-10 15:05:22.670  1884  2447 D LauncherAppsService: getActivityLaunchIntent callingPackage=com.android.systemui component=ComponentInfo{com.nexar.spider.web.shooting.puzzles/com.unity3d.player.UnityPlayerActivity} user=UserHandle{0}
11-10 15:05:22.672  1884  2447 D LauncherAppsService: getActivityLaunchIntent callingPackage=com.android.systemui component=ComponentInfo{com.okta.android.auth/com.okta.android.auth.activity.SplashActivity} user=UserHandle{0}
11-10 15:05:22.672  1884  2447 D LauncherAppsService: getActivityLaunchIntent callingPackage=com.android.systemui component=ComponentInfo{com.onebutton.mrsuper2/com.onebutton.cpp.AppActivity} user=UserHandle{0}
11-10 15:05:22.673  1884  2447 D LauncherAppsService: getActivityLaunchIntent callingPackage=com.android.systemui component=ComponentInfo{com.onepassword.android/com.onepassword.android.app.StartActivity} user=UserHandle{0}
11-10 15:05:22.673  7174  7210 I Finsky  : [1038] WM::SCH: Logging work initialize for 12-1
11-10 15:05:22.674  1884  2447 D LauncherAppsService: getActivityLaunchIntent callingPackage=com.android.systemui component=ComponentInfo{com.openai.chatgpt/com.openai.chatgpt.MainActivity} user=UserHandle{0}
11-10 15:05:22.676  1884  2447 D LauncherAppsService: getActivityLaunchIntent callingPackage=com.android.systemui component=ComponentInfo{com.orange.contultauorange/com.orange.contultauorange.presentation.entry.EntryActivity} user=UserHandle{0}
11-10 15:05:22.678  1884  3104 D LauncherAppsService: getActivityLaunchIntent callingPackage=com.android.systemui component=ComponentInfo{com.paurau.SlowMoRun/com.unity3d.player.UnityPlayerActivity} user=UserHandle{0}
11-10 15:05:22.679  1431  2167 W USF     : USF_API: Drop flicker data, cannot find sampling_id:84682!
11-10 15:05:22.679  1884  2447 D LauncherAppsService: getActivityLaunchIntent callingPackage=com.android.systemui component=ComponentInfo{com.rarlab.rar/com.rarlab.rar.MainActivity} user=UserHandle{0}
11-10 15:05:22.680  1884  2447 D LauncherAppsService: getActivityLaunchIntent callingPackage=com.android.systemui component=ComponentInfo{com.reddit.frontpage/launcher.default} user=UserHandle{0}
11-10 15:05:22.681  1884  2447 D LauncherAppsService: getActivityLaunchIntent callingPackage=com.android.systemui component=ComponentInfo{com.redhands.twoplayergames/com.unity3d.player.UnityPlayerActivity} user=UserHandle{0}
11-10 15:05:22.683  1884  2447 D LauncherAppsService: getActivityLaunchIntent callingPackage=com.android.systemui component=ComponentInfo{com.revolut.revolut/com.revolut.ui.login.pin.LoginActivity} user=UserHandle{0}
11-10 15:05:22.684  1884  4367 D LauncherAppsService: getActivityLaunchIntent callingPackage=com.android.systemui component=ComponentInfo{com.rlg.future.robot.transform.car.racing/com.unity3d.player.UnityPlayerActivity} user=UserHandle{0}
11-10 15:05:22.686  1432  1491 D CHRE    : @ 549189.994: Parsed nanoapp message from host: app ID 0x476f6f676c00103b endpoint 0x8005 msgType 1 payload size 8
11-10 15:05:22.689  1431  2167 W USF     : USF_API: Drop flicker data, cannot find sampling_id:84682!
11-10 15:05:22.694  1884  4367 D LauncherAppsService: getActivityLaunchIntent callingPackage=com.android.systemui component=ComponentInfo{com.sameday.client.mobile/com.sameday.client.mobile.MainActivity} user=UserHandle{0}
11-10 15:05:22.695  1884  2447 D LauncherAppsService: getActivityLaunchIntent callingPackage=com.android.systemui component=ComponentInfo{com.smmservice.authenticator/com.smmservice.authenticator.presentation.ui.activity.MainActivity} user=UserHandle{0}
11-10 15:05:22.696  1884  5666 D LauncherAppsService: getActivityLaunchIntent callingPackage=com.android.systemui component=ComponentInfo{com.soundcloud.android/com.soundcloud.android.launcher.LauncherActivity} user=UserHandle{0}
11-10 15:05:22.697  1884  5666 D LauncherAppsService: getActivityLaunchIntent callingPackage=com.android.systemui component=ComponentInfo{com.splendapps.decibel/com.splendapps.decibel.MainActivity} user=UserHandle{0}
11-10 15:05:22.697  1884  5666 D LauncherAppsService: getActivityLaunchIntent callingPackage=com.android.systemui component=ComponentInfo{com.starplay.spider.fighter.openworld/com.superlevel.fighting.GameActivity} user=UserHandle{0}
11-10 15:05:22.698  1884  5659 D LauncherAppsService: getActivityLaunchIntent callingPackage=com.android.systemui component=ComponentInfo{com.twitter.android/com.twitter.android.StartActivity} user=UserHandle{0}
11-10 15:05:22.699  1431  2167 W USF     : USF_API: Drop flicker data, cannot find sampling_id:84682!
11-10 15:05:22.702  1884  5666 D LauncherAppsService: getActivityLaunchIntent callingPackage=com.android.systemui component=ComponentInfo{com.upromania.superup/com.gcd.ro.solde.superup.ui.splash.SuperUpSplashActivity} user=UserHandle{0}
11-10 15:05:22.705  1884  2447 D LauncherAppsService: getActivityLaunchIntent callingPackage=com.android.systemui component=ComponentInfo{com.wallapop/com.wallapop.activities.HomeActivity} user=UserHandle{0}
11-10 15:05:22.706  1884  2447 D LauncherAppsService: getActivityLaunchIntent callingPackage=com.android.systemui component=ComponentInfo{com.waze/com.waze.FreeMapAppActivity} user=UserHandle{0}
11-10 15:05:22.707  1884  5659 D LauncherAppsService: getActivityLaunchIntent callingPackage=com.android.systemui component=ComponentInfo{com.whatsapp/com.whatsapp.Main} user=UserHandle{0}
11-10 15:05:22.708  1431  2167 W USF     : USF_API: Drop flicker data, cannot find sampling_id:84682!
11-10 15:05:22.711  1884  5659 D LauncherAppsService: getActivityLaunchIntent callingPackage=com.android.systemui component=ComponentInfo{com.zhiliaoapp.musically/com.ss.android.ugc.aweme.splash.SplashActivity} user=UserHandle{0}
11-10 15:05:22.712  1884  5659 D LauncherAppsService: getActivityLaunchIntent callingPackage=com.android.systemui component=ComponentInfo{de.mobile.android.app/de.mobile.android.app.splash.Splash} user=UserHandle{0}
11-10 15:05:22.714 25498 25942 I HxFcmTokenUpdater: FCM token updated successfully in HxCore
11-10 15:05:22.715  1884  5659 D LauncherAppsService: getActivityLaunchIntent callingPackage=com.android.systemui component=ComponentInfo{epson.print/epson.print.WellcomeScreenActivity} user=UserHandle{0}
11-10 15:05:22.717  7174  7215 I Finsky  : [1043] SCH: Scheduling phonesky job Id: 12-1, CT: 1762779921922, Constraints: [{ L: 15000, D: 86400000, C: CHARGING_NONE, I: IDLE_NONE, N: NET_ANY, B: BATTERY_ANY }]
11-10 15:05:22.718  1431  2167 W USF     : USF_API: Drop flicker data, cannot find sampling_id:84682!
11-10 15:05:22.721  1884  5659 D LauncherAppsService: getActivityLaunchIntent callingPackage=com.android.systemui component=ComponentInfo{fr.vinted/com.vinted.feature.shell.MDActivity} user=UserHandle{0}
11-10 15:05:22.723  2765  2767 I deeptouch: I0000 00:00:1762779922.723805    2767 tf_lite_classifier.cc:342] DeepPress candidate dropped due to large touch displacement (=43.4806)
11-10 15:05:22.723  2765  2767 I deeptouch: I0000 00:00:1762779922.723982    2767 tf_lite_classifier.cc:413] Event stream classified as kNone
11-10 15:05:22.725  1884  5659 D LauncherAppsService: getActivityLaunchIntent callingPackage=com.android.systemui component=ComponentInfo{io.supercent.linkedcubic/com.unity3d.player.UnityPlayerActivity} user=UserHandle{0}
11-10 15:05:22.728  1431  2167 W USF     : USF_API: Drop flicker data, cannot find sampling_id:84682!
11-10 15:05:22.738  1431  2167 W USF     : USF_API: Drop flicker data, cannot find sampling_id:84682!
11-10 15:05:22.745  1428  2108 D BTAudioSessionAidl: GetSupportedLatencyModes - Supported LatencyMode= FREE
11-10 15:05:22.745  1884  3104 D LauncherAppsService: getActivityLaunchIntent callingPackage=com.android.systemui component=ComponentInfo{io.voodoo.holeio/com.google.firebase.MessagingUnityPlayerActivity} user=UserHandle{0}
11-10 15:05:22.746  1884  3104 D LauncherAppsService: getActivityLaunchIntent callingPackage=com.android.systemui component=ComponentInfo{io.voodoo.paper2/com.unity3d.player.UnityPlayerActivity} user=UserHandle{0}
11-10 15:05:22.747  1884  5659 D LauncherAppsService: getActivityLaunchIntent callingPackage=com.android.systemui component=ComponentInfo{nl.marktplaats.android/com.horizon.android.feature.feeds.homepage.SpringboardActivity} user=UserHandle{0}
11-10 15:05:22.748  1431  2167 W USF     : USF_API: Drop flicker data, cannot find sampling_id:84682!
11-10 15:05:22.755 30907 25938 I NearbyDiscovery: (REDACTED) processGrantSlicePermission: %s
11-10 15:05:22.757  1884  5659 D LauncherAppsService: getActivityLaunchIntent callingPackage=com.android.systemui component=ComponentInfo{org.chromium.webapk.a15bc299c036bd0c4_v2/org.chromium.webapk.shell_apk.h2o.H2OOpaqueMainActivity} user=UserHandle{0}
11-10 15:05:22.758  1431  2167 W USF     : USF_API: Drop flicker data, cannot find sampling_id:84682!
11-10 15:05:22.766  1884  5666 D LauncherAppsService: getActivityLaunchIntent callingPackage=com.android.systemui component=ComponentInfo{org.chromium.webapk.acf6f8d2b6ee0ba22_v2/org.chromium.webapk.shell_apk.h2o.H2OOpaqueMainActivity} user=UserHandle{0}
11-10 15:05:22.768  1431  2167 W USF     : USF_API: Drop flicker data, cannot find sampling_id:84682!
11-10 15:05:22.778  1431  2167 W USF     : USF_API: Drop flicker data, cannot find sampling_id:84682!
11-10 15:05:22.781  1884  4758 D LauncherAppsService: getActivityLaunchIntent callingPackage=com.android.systemui component=ComponentInfo{org.devcore.mixingstation/org.devcore.ms.android.MsAndroidLauncher} user=UserHandle{0}
11-10 15:05:22.788  1431  2167 W USF     : USF_API: Drop flicker data, cannot find sampling_id:84682!
11-10 15:05:22.791  1432  1491 D CHRE    : @ 549190.095: Parsed nanoapp message from host: app ID 0x476f6f676c00103b endpoint 0x8005 msgType 1 payload size 6
11-10 15:05:22.796  1884  3104 D LauncherAppsService: getActivityLaunchIntent callingPackage=com.android.systemui component=ComponentInfo{org.intoorbit.spectrum/org.intoorbit.spectrum.SpectrumActivity} user=UserHandle{0}
11-10 15:05:22.797 25498 25662 I WM-WorkerWrapper: Worker result SUCCESS for Work [ id=65a73147-d9b0-45fd-8b27-0244fa9fb1fd, tags={ com.microsoft.office.outlook.fcm.FcmTokenUpdateJob, FcmTokenUpdateJob } ]
11-10 15:05:22.798  1431  2167 W USF     : USF_API: Drop flicker data, cannot find sampling_id:84682!
11-10 15:05:22.799  7174  7215 I Finsky  : [1043] SCH: Scheduling 1 system job(s)
11-10 15:05:22.808  1431  2167 W USF     : USF_API: Drop flicker data, cannot find sampling_id:84682!
11-10 15:05:22.818  1431  2167 W USF     : USF_API: Drop flicker data, cannot find sampling_id:84682!
11-10 15:05:22.828  1431  2167 W USF     : USF_API: Drop flicker data, cannot find sampling_id:84682!
11-10 15:05:22.829  1884  5473 D LauncherAppsService: getActivityLaunchIntent callingPackage=com.android.systemui component=ComponentInfo{org.localsend.localsend_app/org.localsend.localsend_app.MainActivity} user=UserHandle{0}
11-10 15:05:22.831  1884  5473 D LauncherAppsService: getActivityLaunchIntent callingPackage=com.android.systemui component=ComponentInfo{org.telegram.messenger/org.telegram.messenger.DefaultIcon} user=UserHandle{0}
11-10 15:05:22.833  2772  2772 W WindowRootViewBinder: Multiple blur values emitted in the same frame
11-10 15:05:22.835  1884  5666 D LauncherAppsService: getActivityLaunchIntent callingPackage=com.android.systemui component=ComponentInfo{org.videolan.vlc/org.videolan.vlc.StartActivity} user=UserHandle{0}
11-10 15:05:22.837  1884  5666 D LauncherAppsService: getActivityLaunchIntent callingPackage=com.android.systemui component=ComponentInfo{ro.mercador/pl.tablica2.app.startup.activity.StartupActivity} user=UserHandle{0}
11-10 15:05:22.838  1431  2167 W USF     : USF_API: Drop flicker data, cannot find sampling_id:84682!
11-10 15:05:22.840  2772  2772 W WindowRootViewBinder: Multiple blur values emitted in the same frame
11-10 15:05:22.840  1884  5666 D LauncherAppsService: getActivityLaunchIntent callingPackage=com.android.systemui component=ComponentInfo{ro.orange.tvlive/app.solocoo.tv.solocoo.login.splash.SplashActivity} user=UserHandle{0}
11-10 15:05:22.841  2772  2772 W WindowRootViewBinder: Multiple blur values emitted in the same frame
11-10 15:05:22.842  1884  5666 D LauncherAppsService: getActivityLaunchIntent callingPackage=com.android.systemui component=ComponentInfo{ro.raiffeisen.eToken/ro.raiffeisen.eToken.launcher.LauncherActivity} user=UserHandle{0}
11-10 15:05:22.845  1884  4367 D LauncherAppsService: getActivityLaunchIntent callingPackage=com.android.systemui component=ComponentInfo{ro.raiffeisen.smartmobile/ro.raiffeisen.smartmobile.presentation.main.LauncherActivity} user=UserHandle{0}
11-10 15:05:22.847  2772  2772 W WindowRootViewBinder: Multiple blur values emitted in the same frame
11-10 15:05:22.848  1431  2167 W USF     : USF_API: Drop flicker data, cannot find sampling_id:84682!
11-10 15:05:22.849  2772  2772 W WindowRootViewBinder: Multiple blur values emitted in the same frame
11-10 15:05:22.852 25498 25498 D AppCenterCrashes: The memory running level (40) was saved.
11-10 15:05:22.852  2772  2860 D StatusBar##isHomeStatusBarAllowed: newValue: true
11-10 15:05:22.852  2772  2860 D StatusBar##chips: newValue: Chips[allowed=true numChips=0]
11-10 15:05:22.856  2772  2772 W WindowRootViewBinder: Multiple blur values emitted in the same frame
11-10 15:05:22.857  7174  7215 I Finsky  : [1043] SCH: Scheduling system job Id: 9706, L: 14123, D: 66038111, C: false, I: false, N: 1
11-10 15:05:22.858  2772  2772 W WindowRootViewBinder: Multiple blur values emitted in the same frame
11-10 15:05:22.858  1431  2167 W USF     : USF_API: Drop flicker data, cannot find sampling_id:84682!
11-10 15:05:22.860 24892 24986 I AiAiTextClassifier: GenerateLinks did not find valid links, returning empty result
11-10 15:05:22.865  2772  2772 W WindowRootViewBinder: Multiple blur values emitted in the same frame
11-10 15:05:22.865  2772  2772 W WindowRootViewBinder: Multiple blur values emitted in the same frame
11-10 15:05:22.868  1431  2167 W USF     : USF_API: Drop flicker data, cannot find sampling_id:84682!
11-10 15:05:22.872  2772  2772 W WindowRootViewBinder: Multiple blur values emitted in the same frame
11-10 15:05:22.876  1884  2920 W SignedPackage: Cannot get ApplicationInfo for package: com.google.android.devicelockcontroller
11-10 15:05:22.878  1431  2167 W USF     : USF_API: Drop flicker data, cannot find sampling_id:84682!
11-10 15:05:22.884 25498 25582 W SoLoader: SoLoader already initialized
11-10 15:05:22.885  2772  2772 W WindowRootViewBinder: Multiple blur values emitted in the same frame
11-10 15:05:22.885  2772  2772 W WindowRootViewBinder: Multiple blur values emitted in the same frame
11-10 15:05:22.888  1431  2167 W USF     : USF_API: Drop flicker data, cannot find sampling_id:84682!
11-10 15:05:22.890  2772  2772 W WindowRootViewBinder: Multiple blur values emitted in the same frame
11-10 15:05:22.891  2772  2772 W WindowRootViewBinder: Multiple blur values emitted in the same frame
11-10 15:05:22.891  2772  2772 W WindowRootViewBinder: Multiple blur values emitted in the same frame
11-10 15:05:22.896  2772  2772 W WindowRootViewBinder: Multiple blur values emitted in the same frame
11-10 15:05:22.896  2772  2772 W WindowRootViewBinder: Multiple blur values emitted in the same frame
11-10 15:05:22.896  2772  2772 W WindowRootViewBinder: Multiple blur values emitted in the same frame
11-10 15:05:22.898  1431  2167 W USF     : USF_API: Drop flicker data, cannot find sampling_id:84682!
11-10 15:05:22.899  2772  2772 W WindowRootViewBinder: Multiple blur values emitted in the same frame
11-10 15:05:22.899  2772  2772 W WindowRootViewBinder: Multiple blur values emitted in the same frame
11-10 15:05:22.902  4488  4494 W SQLiteConnectionPool: A SQLiteConnection object for database '/data/user/0/com.google.android.gms/databases/metadata.db' was leaked!  Please fix your application to end transactions in progress properly and to close the database when it is no longer needed.
11-10 15:05:22.902  4488  4494 W System  : A resource failed to call SQLiteConnection.close. 
11-10 15:05:22.908  1431  2167 W USF     : USF_API: Drop flicker data, cannot find sampling_id:84682!
11-10 15:05:22.912  2772  2772 W WindowRootViewBinder: Multiple blur values emitted in the same frame
11-10 15:05:22.918  1431  2167 W USF     : USF_API: Drop flicker data, cannot find sampling_id:84682!
11-10 15:05:22.918  2772  2772 W WindowRootViewBinder: Multiple blur values emitted in the same frame
11-10 15:05:22.923  2772  2772 W WindowRootViewBinder: Multiple blur values emitted in the same frame
11-10 15:05:22.924  2772  2772 W WindowRootViewBinder: Multiple blur values emitted in the same frame
11-10 15:05:22.924  2772  2772 W WindowRootViewBinder: Multiple blur values emitted in the same frame
11-10 15:05:22.928  1431  2167 W USF     : USF_API: Drop flicker data, cannot find sampling_id:84682!
11-10 15:05:22.930  2772  2772 W WindowRootViewBinder: Multiple blur values emitted in the same frame
11-10 15:05:22.933  2772  2772 W WindowRootViewBinder: Multiple blur values emitted in the same frame
11-10 15:05:22.933  2772  2772 W WindowRootViewBinder: Multiple blur values emitted in the same frame
11-10 15:05:22.938  1431  2167 W USF     : USF_API: Drop flicker data, cannot find sampling_id:84682!
11-10 15:05:22.939 25498 25648 V CleanupACBootHandler: AC db not found
11-10 15:05:22.948  1431  2167 W USF     : USF_API: Drop flicker data, cannot find sampling_id:84682!
11-10 15:05:22.953  1428  2108 D BTAudioSessionAidl: GetSupportedLatencyModes - Supported LatencyMode= FREE
11-10 15:05:22.956 25498 25648 I FeatureSnapshot: checkpoint reached, setting last known good to current snapshot
11-10 15:05:22.958  2772  2772 W WindowRootViewBinder: Multiple blur values emitted in the same frame
11-10 15:05:22.958  1431  2167 W USF     : USF_API: Drop flicker data, cannot find sampling_id:84682!
11-10 15:05:22.967  2772  2772 W BlurUtils: resetEarlyWakeup invoked when lastAppliedBlur 1 is non-zero, this means that the early wakeup signal was reset while blur was still active
11-10 15:05:22.968  2772  2772 D MediaViewHolder: marquee while longPressText.getHandler() is null
11-10 15:05:22.968  2772  2772 D MediaViewHolder: java.lang.Exception
11-10 15:05:22.968  2772  2772 D MediaViewHolder: 	at com.android.systemui.media.controls.ui.view.MediaViewHolder.marquee(go/retraceme 35c560f4412157a9f5c54bad19ffaff84d5ba5d6800f1854afef861b9d6af321:13)
11-10 15:05:22.968  2772  2772 D MediaViewHolder: 	at com.android.systemui.media.controls.ui.controller.MediaControlPanel.closeGuts(go/retraceme 35c560f4412157a9f5c54bad19ffaff84d5ba5d6800f1854afef861b9d6af321:6)
11-10 15:05:22.968  2772  2772 D MediaViewHolder: 	at com.android.systemui.media.controls.ui.controller.MediaCarouselController.closeGuts(go/retraceme 35c560f4412157a9f5c54bad19ffaff84d5ba5d6800f1854afef861b9d6af321:30)
11-10 15:05:22.968  2772  2772 D MediaViewHolder: 	at com.android.systemui.shade.NotificationPanelViewController.endClosing(go/retraceme 35c560f4412157a9f5c54bad19ffaff84d5ba5d6800f1854afef861b9d6af321:41)
11-10 15:05:22.968  2772  2772 D MediaViewHolder: 	at com.android.systemui.shade.NotificationPanelViewController.notifyExpandingFinished(go/retraceme 35c560f4412157a9f5c54bad19ffaff84d5ba5d6800f1854afef861b9d6af321:1)
11-10 15:05:22.968  2772  2772 D MediaViewHolder: 	at com.android.systemui.shade.NotificationPanelViewController.onFlingEnd(go/retraceme 35c560f4412157a9f5c54bad19ffaff84d5ba5d6800f1854afef861b9d6af321:44)
11-10 15:05:22.968  2772  2772 D MediaViewHolder: 	at com.android.systemui.shade.NotificationPanelViewController$6.onAnimationEnd(go/retraceme 35c560f4412157a9f5c54bad19ffaff84d5ba5d6800f1854afef861b9d6af321:74)
11-10 15:05:22.968  2772  2772 D MediaViewHolder: 	at android.animation.Animator$AnimatorListener.onAnimationEnd(Animator.java:784)
11-10 15:05:22.968  2772  2772 D MediaViewHolder: 	at android.animation.Animator$AnimatorCaller$$ExternalSyntheticLambda1.call(D8$$SyntheticClass:0)
11-10 15:05:22.968  2772  2772 D MediaViewHolder: 	at android.animation.Animator.callOnList(Animator.java:742)
11-10 15:05:22.968  2772  2772 D MediaViewHolder: 	at android.animation.Animator.notifyListeners(Animator.java:640)
11-10 15:05:22.968  2772  2772 D MediaViewHolder: 	at android.animation.Animator.notifyEndListeners(Animator.java:665)
11-10 15:05:22.968  2772  2772 D MediaViewHolder: 	at android.animation.Animator.completeEndAnimation(Animator.java:708)
11-10 15:05:22.968  2772  2772 D MediaViewHolder: 	at android.animation.ValueAnimator.completeEndAnimation(ValueAnimator.java:1336)
11-10 15:05:22.968  2772  2772 D MediaViewHolder: 	at android.animation.Animator.lambda$notifyEndListenersFromEndAnimation$0(Animator.java:692)
11-10 15:05:22.968  2772  2772 D MediaViewHolder: 	at android.animation.Animator.$r8$lambda$vqRTc3pKTROGRt8AIq6jHFDWrEs(Unknown Source:0)
11-10 15:05:22.968  2772  2772 D MediaViewHolder: 	at android.animation.Animator$$ExternalSyntheticLambda0.run(D8$$SyntheticClass:0)
11-10 15:05:22.968  2772  2772 D MediaViewHolder: 	at android.animation.AnimationHandler.lambda$postEndAnimationCallback$1(AnimationHandler.java:382)
11-10 15:05:22.968  2772  2772 D MediaViewHolder: 	at android.animation.AnimationHandler.$r8$lambda$cI3rukYIb_VjDv2y_olauD4FmZA(Unknown Source:0)
11-10 15:05:22.968  2772  2772 D MediaViewHolder: 	at android.animation.AnimationHandler$$ExternalSyntheticLambda1.doFrame(D8$$SyntheticClass:0)
11-10 15:05:22.968  2772  2772 D MediaViewHolder: 	at android.view.Choreographer$CallbackRecord.run(Choreographer.java:1568)
11-10 15:05:22.968  2772  2772 D MediaViewHolder: 	at android.view.Choreographer$CallbackRecord.run(Choreographer.java:1579)
11-10 15:05:22.968  2772  2772 D MediaViewHolder: 	at android.view.Choreographer.doCallbacks(Choreographer.java:1179)
11-10 15:05:22.968  2772  2772 D MediaViewHolder: 	at android.view.Choreographer.doFrame(Choreographer.java:1104)
11-10 15:05:22.968  2772  2772 D MediaViewHolder: 	at android.view.Choreographer$FrameDisplayEventReceiver.run(Choreographer.java:1553)
11-10 15:05:22.968  2772  2772 D MediaViewHolder: 	at android.os.Handler.handleCallback(Handler.java:1041)
11-10 15:05:22.968  2772  2772 D MediaViewHolder: 	at android.os.Handler.dispatchMessage(Handler.java:103)
11-10 15:05:22.968  2772  2772 D MediaViewHolder: 	at android.os.Looper.dispatchMessage(Looper.java:315)
11-10 15:05:22.968  2772  2772 D MediaViewHolder: 	at android.os.Looper.loopOnce(Looper.java:251)
11-10 15:05:22.968  2772  2772 D MediaViewHolder: 	at android.os.Looper.loop(Looper.java:349)
11-10 15:05:22.968  2772  2772 D MediaViewHolder: 	at android.app.ActivityThread.main(ActivityThread.java:9041)
11-10 15:05:22.968  2772  2772 D MediaViewHolder: 	at java.lang.reflect.Method.invoke(Native Method)
11-10 15:05:22.968  2772  2772 D MediaViewHolder: 	at com.android.internal.os.RuntimeInit$MethodAndArgsCaller.run(RuntimeInit.java:593)
11-10 15:05:22.968  2772  2772 D MediaViewHolder: 	at com.android.internal.os.ZygoteInit.main(ZygoteInit.java:929)
11-10 15:05:22.968  2772  2772 D MediaViewHolder: marquee while longPressText.getHandler() is null
11-10 15:05:22.968  2772  2772 D MediaViewHolder: java.lang.Exception
11-10 15:05:22.968  2772  2772 D MediaViewHolder: 	at com.android.systemui.media.controls.ui.view.MediaViewHolder.marquee(go/retraceme 35c560f4412157a9f5c54bad19ffaff84d5ba5d6800f1854afef861b9d6af321:13)
11-10 15:05:22.968  2772  2772 D MediaViewHolder: 	at com.android.systemui.media.controls.ui.controller.MediaControlPanel.closeGuts(go/retraceme 35c560f4412157a9f5c54bad19ffaff84d5ba5d6800f1854afef861b9d6af321:6)
11-10 15:05:22.968  2772  2772 D MediaViewHolder: 	at com.android.systemui.media.controls.ui.controller.MediaCarouselController.closeGuts(go/retraceme 35c560f4412157a9f5c54bad19ffaff84d5ba5d6800f1854afef861b9d6af321:30)
11-10 15:05:22.968  2772  2772 D MediaViewHolder: 	at com.android.systemui.shade.NotificationPanelViewController.endClosing(go/retraceme 35c560f4412157a9f5c54bad19ffaff84d5ba5d6800f1854afef861b9d6af321:41)
11-10 15:05:22.968  2772  2772 D MediaViewHolder: 	at com.android.systemui.shade.NotificationPanelViewController.notifyExpandingFinished(go/retraceme 35c560f4412157a9f5c54bad19ffaff84d5ba5d6800f1854afef861b9d6af321:1)
11-10 15:05:22.968  2772  2772 D MediaViewHolder: 	at com.android.systemui.shade.NotificationPanelViewController.onFlingEnd(go/retraceme 35c560f4412157a9f5c54bad19ffaff84d5ba5d6800f1854afef861b9d6af321:44)
11-10 15:05:22.968  2772  2772 D MediaViewHolder: 	at com.android.systemui.shade.NotificationPanelViewController$6.onAnimationEnd(go/retraceme 35c560f4412157a9f5c54bad19ffaff84d5ba5d6800f1854afef861b9d6af321:74)
11-10 15:05:22.968  2772  2772 D MediaViewHolder: 	at android.animation.Animator$AnimatorListener.onAnimationEnd(Animator.java:784)
11-10 15:05:22.968  2772  2772 D MediaViewHolder: 	at android.animation.Animator$AnimatorCaller$$ExternalSyntheticLambda1.call(D8$$SyntheticClass:0)
11-10 15:05:22.968  2772  2772 D MediaViewHolder: 	at android.animation.Animator.callOnList(Animator.java:742)
11-10 15:05:22.968  2772  2772 D MediaViewHolder: 	at android.animation.Animator.notifyListeners(Animator.java:640)
11-10 15:05:22.968  2772  2772 D MediaViewHolder: 	at android.animation.Animator.notifyEndListeners(Animator.java:665)
11-10 15:05:22.968  2772  2772 D MediaViewHolder: 	at android.animation.Animator.completeEndAnimation(Animator.java:708)
11-10 15:05:22.968  2772  2772 D MediaViewHolder: 	at android.animation.ValueAnimator.completeEndAnimation(ValueAnimator.java:1336)
11-10 15:05:22.968  2772  2772 D MediaViewHolder: 	at android.animation.Animator.lambda$notifyEndListenersFromEndAnimation$0(Animator.java:692)
11-10 15:05:22.968  2772  2772 D MediaViewHolder: 	at android.animation.Animator.$r8$lambda$vqRTc3pKTROGRt8AIq6jHFDWrEs(Unknown Source:0)
11-10 15:05:22.968  2772  2772 D MediaViewHolder: 	at android.animation.Animator$$ExternalSyntheticLambda0.run(D8$$SyntheticClass:0)
11-10 15:05:22.968  2772  2772 D MediaViewHolder: 	at android.animation.AnimationHandler.lambda$postEndAnimationCallback$1(AnimationHandler.java:382)
11-10 15:05:22.968  2772  2772 D MediaViewHolder: 	at android.animation.AnimationHandler.$r8$lambda$cI3rukYIb_VjDv2y_olauD4FmZA(Unknown Source:0)
11-10 15:05:22.968  2772  2772 D MediaViewHolder: 	at android.animation.AnimationHandler$$ExternalSyntheticLambda1.doFrame(D8$$SyntheticClass:0)
11-10 15:05:22.968  2772  2772 D MediaViewHolder: 	at android.view.Choreographer$CallbackRecord.run(Choreographer.java:1568)
11-10 15:05:22.968  2772  2772 D MediaViewHolder: 	at android.view.Choreographer$CallbackRecord.run(Choreographer.java:1579)
11-10 15:05:22.968  2772  2772 D MediaViewHolder: 	at android.view.Choreographer.doCallbacks(Choreographer.java:1179)
11-10 15:05:22.968  2772  2772 D MediaViewHolder: 	at android.view.Choreographer.doFrame(Choreographer.java:1104)
11-10 15:05:22.968  2772  2772 D MediaViewHolder: 	at android.view.Choreographer$FrameDisplayEventReceiver.run(Choreographer.java:1553)
11-10 15:05:22.968  2772  2772 D MediaViewHolder: 	at android.os.Handler.handleCallback(Handler.java:1041)
11-10 15:05:22.968  2772  2772 D MediaViewHolder: 	at android.os.Handler.dispatchMessage(Handler.java:103)
11-10 15:05:22.968  2772  2772 D MediaViewHolder: 	at android.os.Looper.dispatchMessage(Looper.java:315)
11-10 15:05:22.968  2772  2772 D MediaViewHolder: 	at android.os.Looper.loopOnce(Looper.java:251)
11-10 15:05:22.968  2772  2772 D MediaViewHolder: 	at android.os.Looper.loop(Looper.java:349)
11-10 15:05:22.968  2772  2772 D MediaViewHolder: 	at android.app.ActivityThread.main(ActivityThread.java:9041)
11-10 15:05:22.968  2772  2772 D MediaViewHolder: 	at java.lang.reflect.Method.invoke(Native Method)
11-10 15:05:22.968  2772  2772 D MediaViewHolder: 	at com.android.internal.os.RuntimeInit$MethodAndArgsCaller.run(RuntimeInit.java:593)
11-10 15:05:22.968  2772  2772 D MediaViewHolder: 	at com.android.internal.os.ZygoteInit.main(ZygoteInit.java:929)
11-10 15:05:22.968  2772  2772 D MediaViewHolder: marquee while longPressText.getHandler() is null
11-10 15:05:22.968  2772  2772 D MediaViewHolder: java.lang.Exception
11-10 15:05:22.968  2772  2772 D MediaViewHolder: 	at com.android.systemui.media.controls.ui.view.MediaViewHolder.marquee(go/retraceme 35c560f4412157a9f5c54bad19ffaff84d5ba5d6800f1854afef861b9d6af321:13)
11-10 15:05:22.968  2772  2772 D MediaViewHolder: 	at com.android.systemui.media.controls.ui.controller.MediaControlPanel.closeGuts(go/retraceme 35c560f4412157a9f5c54bad19ffaff84d5ba5d6800f1854afef861b9d6af321:6)
11-10 15:05:22.968  2772  2772 D MediaViewHolder: 	at com.android.systemui.media.controls.ui.controller.MediaCarouselController.closeGuts(go/retraceme 35c560f4412157a9f5c54bad19ffaff84d5ba5d6800f1854afef861b9d6af321:30)
11-10 15:05:22.968  2772  2772 D MediaViewHolder: 	at com.android.systemui.shade.NotificationPanelViewController.endClosing(go/retraceme 35c560f4412157a9f5c54bad19ffaff84d5ba5d6800f1854afef861b9d6af321:41)
11-10 15:05:22.968  2772  2772 D MediaViewHolder: 	at com.android.systemui.shade.NotificationPanelViewController.notifyExpandingFinished(go/retraceme 35c560f4412157a9f5c54bad19ffaff84d5ba5d6800f1854afef861b9d6af321:1)
11-10 15:05:22.968  2772  2772 D MediaViewHolder: 	at com.android.systemui.shade.NotificationPanelViewController.onFlingEnd(go/retraceme 35c560f4412157a9f5c54bad19ffaff84d5ba5d6800f1854afef861b9d6af321:44)
11-10 15:05:22.968  2772  2772 D MediaViewHolder: 	at com.android.systemui.shade.NotificationPanelViewController$6.onAnimationEnd(go/retraceme 35c560f4412157a9f5c54bad19ffaff84d5ba5d6800f1854afef861b9d6af321:74)
11-10 15:05:22.968  2772  2772 D MediaViewHolder: 	at android.animation.Animator$AnimatorListener.onAnimationEnd(Animator.java:784)
11-10 15:05:22.968  2772  2772 D MediaViewHolder: 	at android.animation.Animator$AnimatorCaller$$ExternalSyntheticLambda1.call(D8$$SyntheticClass:0)
11-10 15:05:22.968  2772  2772 D MediaViewHolder: 	at android.animation.Animator.callOnList(Animator.java:742)
11-10 15:05:22.968  2772  2772 D MediaViewHolder: 	at android.animation.Animator.notifyListeners(Animator.java:640)
11-10 15:05:22.968  2772  2772 D MediaViewHolder: 	at android.animation.Animator.notifyEndListeners(Animator.java:665)
11-10 15:05:22.968  2772  2772 D MediaViewHolder: 	at android.animation.Animator.completeEndAnimation(Animator.java:708)
11-10 15:05:22.968  2772  2772 D MediaViewHolder: 	at android.animation.ValueAnimator.completeEndAnimation(ValueAnimator.java:1336)
11-10 15:05:22.968  2772  2772 D MediaViewHolder: 	at android.animation.Animator.lambda$notifyEndListenersFromEndAnimation$0(Animator.java:692)
11-10 15:05:22.968  2772  2772 D MediaViewHolder: 	at android.animation.Animator.$r8$lambda$vqRTc3pKTROGRt8AIq6jHFDWrEs(Unknown Source:0)
11-10 15:05:22.968  2772  2772 D MediaViewHolder: 	at android.animation.Animator$$ExternalSyntheticLambda0.run(D8$$SyntheticClass:0)
11-10 15:05:22.968  2772  2772 D MediaViewHolder: 	at android.animation.AnimationHandler.lambda$postEndAnimationCallback$1(AnimationHandler.java:382)
11-10 15:05:22.968  2772  2772 D MediaViewHolder: 	at android.animation.AnimationHandler.$r8$lambda$cI3rukYIb_VjDv2y_olauD4FmZA(Unknown Source:0)
11-10 15:05:22.968  2772  2772 D MediaViewHolder: 	at android.animation.AnimationHandler$$ExternalSyntheticLambda1.doFrame(D8$$SyntheticClass:0)
11-10 15:05:22.968  2772  2772 D MediaViewHolder: 	at android.view.Choreographer$CallbackRecord.run(Choreographer.java:1568)
11-10 15:05:22.968  2772  2772 D MediaViewHolder: 	at android.view.Choreographer$CallbackRecord.run(Choreographer.java:1579)
11-10 15:05:22.968  2772  2772 D MediaViewHolder: 	at android.view.Choreographer.doCallbacks(Choreographer.java:1179)
11-10 15:05:22.968  2772  2772 D MediaViewHolder: 	at android.view.Choreographer.doFrame(Choreographer.java:1104)
11-10 15:05:22.968  2772  2772 D MediaViewHolder: 	at android.view.Choreographer$FrameDisplayEventReceiver.run(Choreographer.java:1553)
11-10 15:05:22.968  2772  2772 D MediaViewHolder: 	at android.os.Handler.handleCallback(Handler.java:1041)
11-10 15:05:22.968  2772  2772 D MediaViewHolder: 	at android.os.Handler.dispatchMessage(Handler.java:103)
11-10 15:05:22.968  2772  2772 D MediaViewHolder: 	at android.os.Looper.dispatchMessage(Looper.java:315)
11-10 15:05:22.968  2772  2772 D MediaViewHolder: 	at android.os.Looper.loopOnce(Looper.java:251)
11-10 15:05:22.968  2772  2772 D MediaViewHolder: 	at android.os.Looper.loop(Looper.java:349)
11-10 15:05:22.968  2772  2772 D MediaViewHolder: 	at android.app.ActivityThread.main(ActivityThread.java:9041)
11-10 15:05:22.968  2772  2772 D MediaViewHolder: 	at java.lang.reflect.Method.invoke(Native Method)
11-10 15:05:22.968  2772  2772 D MediaViewHolder: 	at com.android.internal.os.RuntimeInit$MethodAndArgsCaller.run(RuntimeInit.java:593)
11-10 15:05:22.968  2772  2772 D MediaViewHolder: 	at com.android.internal.os.ZygoteInit.main(ZygoteInit.java:929)
11-10 15:05:22.969  2772  2772 E NotifRow: Magnetic state changed from IDLE to IDLE on a null swiped listener, or the logging key of the listener is null
11-10 15:05:22.970  1431  2167 W USF     : USF_API: Drop flicker data, cannot find sampling_id:84682!
11-10 15:05:22.975   759   849 W VsyncModulator: setTransactionSchedule: Unexpected EarlyEnd EarlyWakeupInfo{token: binder:0xb400007223e8a850, trace: com.android.systemui.statusbar.BlurUtils, isStartRequest: false}
11-10 15:05:22.979  2772  2772 D WindowOnBackDispatcher: setTopOnBackInvokedCallback (unwrapped): null
11-10 15:05:22.980 24892 24993 I AiAiTextClassifier: GenerateLinks did not find valid links, returning empty result
11-10 15:05:22.981  1431  2167 W USF     : USF_API: Drop flicker data, cannot find sampling_id:84682!
11-10 15:05:22.987  1884  1958 I ImeTracker: system_server:cf74d343: onRequestShow at ORIGIN_SERVER reason CONTROLS_CHANGED fromUser false
11-10 15:05:22.989  1884  5659 D CoreBackPreview: Window{dae031a u0 NotificationShade}: Setting back callback null
11-10 15:05:22.990 32743 32743 I ImeTracker: system_server:cf74d343: onCancelled at PHASE_CLIENT_ON_CONTROLS_CHANGED
11-10 15:05:22.990  1431  2167 W USF     : USF_API: Drop flicker data, cannot find sampling_id:84682!
11-10 15:05:22.992 30907 25936 W SQLiteLog: (28) double-quoted string literal: "com.example.mobiledigger"
11-10 15:05:22.993 32743 32743 D ImeBackDispatcher: switch root view (mImeCallbacks.size=1)
11-10 15:05:22.993 32743 32743 D WindowOnBackDispatcher: setTopOnBackInvokedCallback (unwrapped): android.view.ViewRootImpl$$ExternalSyntheticLambda12@19e475a
11-10 15:05:22.994 32743 32743 D WindowOnBackDispatcher: setTopOnBackInvokedCallback (unwrapped): android.view.ImeBackAnimationController@132710a
11-10 15:05:22.996  1884  3682 D CoreBackPreview: Window{c2f6af0 u0 com.whatsapp/com.whatsapp.Conversation}: Setting back callback OnBackInvokedCallbackInfo{mCallback=android.window.IOnBackInvokedCallback$Stub$Proxy@a6d7510, mPriority=0, mIsAnimationCallback=false, mOverrideBehavior=0}
11-10 15:05:22.997  1884  2447 D CoreBackPreview: Window{c2f6af0 u0 com.whatsapp/com.whatsapp.Conversation}: Setting back callback OnBackInvokedCallbackInfo{mCallback=android.window.IOnBackInvokedCallback$Stub$Proxy@1bbfbc5, mPriority=0, mIsAnimationCallback=true, mOverrideBehavior=0}
11-10 15:05:23.000  1431  2167 W USF     : USF_API: Drop flicker data, cannot find sampling_id:84682!
11-10 15:05:23.010  1431  2167 W USF     : USF_API: Drop flicker data, cannot find sampling_id:84682!
11-10 15:05:23.018  2772  2772 D DLObserver: remove listener: com.android.systemui.dock.DockManagerExtensionsKt$retrieveIsDocked$1$callback$1@f8585a5
11-10 15:05:23.020  1431  2167 W USF     : USF_API: Drop flicker data, cannot find sampling_id:84682!
11-10 15:05:23.021  2772  2772 D DLObserver: remove listener: com.android.systemui.dock.DockManagerExtensionsKt$retrieveIsDocked$1$callback$1@d305d7a
11-10 15:05:23.025  2772  2853 W Looper  : Drained
11-10 15:05:23.026  2772  2772 D DLObserver: remove listener: com.android.systemui.dock.DockManagerExtensionsKt$retrieveIsDocked$1$callback$1@6061017
11-10 15:05:23.029  2772  2772 D DLObserver: remove listener: com.android.systemui.dock.DockManagerExtensionsKt$retrieveIsDocked$1$callback$1@e9485ed
11-10 15:05:23.030  1431  2167 W USF     : USF_API: Drop flicker data, cannot find sampling_id:84682!
