10-30 22:56:24.304 18343 18387 D WaveformGenerator: ⏱️ PROFILING: Target samples: 256
10-30 22:56:24.315 18343 18343 D WaveformGenerator: 📺 SharedWaveformDisplay - Received waveform: 256 samples
10-30 22:56:24.315 18343 18343 D WaveformGenerator: 📺 SharedWaveformDisplay - Min: 30, Max: 85, Avg: 66
10-30 22:56:24.315 18343 18343 D WaveformGenerator: 📺 SharedWaveformDisplay - First 10: 50, 38, 33, 45, 69, 82, 69, 43, 30, 34
10-30 22:56:24.322 18343 18387 D WaveformGenerator: ⏱️ PROFILING: Extractor setup took 17ms
10-30 22:56:24.326 18343 18387 D WaveformGenerator: ⏱️ PROFILING: Track selection took 4ms
10-30 22:56:24.326 18343 18387 D WaveformGenerator: Audio format: audio/mpeg, Duration: 345s, Target samples: 256
10-30 22:56:24.376 18343 18387 D WaveformGenerator: ⏱️ PROFILING: Codec creation and start took 49ms
10-30 22:56:24.377 18343 18387 D WaveformGenerator: 🔀 Using PARALLEL processing with 6 threads
10-30 22:56:24.380 18343 18387 D WaveformGenerator: ⏱️ PROFILING: Parallel - Duration: 345s, Samples per thread: 42
10-30 22:56:24.381 18343 18385 D WaveformGenerator: ⏱️ PROFILING: Thread 1 - Processing segment 57s to 115s
10-30 22:56:24.381 18343 18391 D WaveformGenerator: ⏱️ PROFILING: Thread 0 - Processing segment 0s to 57s
10-30 22:56:24.382 18343 18392 D WaveformGenerator: ⏱️ PROFILING: Thread 3 - Processing segment 172s to 230s
10-30 22:56:24.383 18343 18386 D WaveformGenerator: ⏱️ PROFILING: Thread 2 - Processing segment 115s to 172s
10-30 22:56:24.383 18343 18388 D WaveformGenerator: ⏱️ PROFILING: Thread 5 - Processing segment 287s to 345s
10-30 22:56:24.383 18343 18394 D WaveformGenerator: ⏱️ PROFILING: Thread 4 - Processing segment 230s to 287s
10-30 22:56:24.439 18343 18386 D WaveformGenerator: ⏱️ PROFILING: Thread 2 - Setup: Extractor 23ms, Codec 33ms
10-30 22:56:24.443 18343 18388 D WaveformGenerator: ⏱️ PROFILING: Thread 5 - Setup: Extractor 25ms, Codec 34ms
10-30 22:56:24.445 18343 18385 D WaveformGenerator: ⏱️ PROFILING: Thread 1 - Setup: Extractor 26ms, Codec 37ms
10-30 22:56:24.446 18343 18392 D WaveformGenerator: ⏱️ PROFILING: Thread 3 - Setup: Extractor 29ms, Codec 35ms
10-30 22:56:24.452 18343 18391 D WaveformGenerator: ⏱️ PROFILING: Thread 0 - Setup: Extractor 26ms, Codec 44ms
10-30 22:56:24.455 18343 18394 D WaveformGenerator: ⏱️ PROFILING: Thread 4 - Setup: Extractor 30ms, Codec 40ms
10-30 22:56:24.895 18343 18392 D WaveformGenerator: ⏱️ PROFILING: Thread 3 - Seek: 255ms, Decode: 147ms
10-30 22:56:24.895 18343 18386 D WaveformGenerator: ⏱️ PROFILING: Thread 2 - Seek: 263ms, Decode: 147ms
10-30 22:56:24.895 18343 18392 D WaveformGenerator: ⏱️ PROFILING: Thread 3 - Complete in 513ms, collected 41 samples
10-30 22:56:24.896 18343 18386 D WaveformGenerator: ⏱️ PROFILING: Thread 2 - Complete in 513ms, collected 41 samples
10-30 22:56:24.909 18343 18385 D WaveformGenerator: ⏱️ PROFILING: Thread 1 - Seek: 267ms, Decode: 154ms
10-30 22:56:24.909 18343 18394 D WaveformGenerator: ⏱️ PROFILING: Thread 4 - Seek: 258ms, Decode: 150ms
10-30 22:56:24.909 18343 18385 D WaveformGenerator: ⏱️ PROFILING: Thread 1 - Complete in 528ms, collected 41 samples
10-30 22:56:24.909 18343 18394 D WaveformGenerator: ⏱️ PROFILING: Thread 4 - Complete in 526ms, collected 41 samples
10-30 22:56:24.916 18343 18388 D WaveformGenerator: ⏱️ PROFILING: Thread 5 - Seek: 263ms, Decode: 164ms
10-30 22:56:24.917 18343 18388 D WaveformGenerator: ⏱️ PROFILING: Thread 5 - Complete in 534ms, collected 40 samples
10-30 22:56:24.929 18343 18391 D WaveformGenerator: ⏱️ PROFILING: Thread 0 - Seek: 276ms, Decode: 153ms
10-30 22:56:24.929 18343 18391 D WaveformGenerator: ⏱️ PROFILING: Thread 0 - Complete in 548ms, collected 41 samples
10-30 22:56:24.934 18343 18391 D WaveformGenerator: ⏱️ PROFILING: Parallel - Combined 245 samples from 6 threads
10-30 22:56:24.934 18343 18391 D WaveformGenerator: ⏱️ PROFILING: PCM extraction took 557ms for 245 samples
10-30 22:56:24.935 18343 18391 D WaveformGenerator: ⏱️ PROFILING: Average time per sample: 2ms
10-30 22:56:24.935 18343 18391 D WaveformGenerator: Extracted 245 PCM samples
10-30 22:56:24.935 18343 18391 D WaveformGenerator: ⏱️ PROFILING: Downsampling took 0ms
10-30 22:56:24.935 18343 18391 D WaveformGenerator: ⏱️ PROFILING: ===== TOTAL GENERATION TIME: 631ms =====
10-30 22:56:24.935 18343 18391 D WaveformGenerator: ⏱️ PROFILING: Breakdown - Extractor: 17ms, Track: 4ms, Codec: 49ms, Extraction: 557ms, Downsample: 0ms
10-30 22:56:24.936 18343 18391 D WaveformGenerator: Generated waveform with 256 samples
10-30 22:56:24.936 18343 18391 D WaveformGenerator: ✅ Waveform generated: 256 samples
10-30 22:56:24.936 18343 18391 D WaveformGenerator: 📊 UI State - Min: 0, Max: 100, Avg: 61
10-30 22:56:24.937 18343 18391 D WaveformGenerator: 📊 UI State - First 10: 0, 0, 100, 93, 90, 100, 36, 2, 0, 7
10-30 22:56:24.937 18343 18343 D WaveformGenerator: 📊 UI State UPDATED - waveformData is now NOT NULL (256 samples)
10-30 22:56:24.983 18343 18343 D WaveformGenerator: 📺 SharedWaveformDisplay - Received waveform: 256 samples
10-30 22:56:24.984 18343 18343 D WaveformGenerator: 📺 SharedWaveformDisplay - Min: 0, Max: 100, Avg: 61
10-30 22:56:24.984 18343 18343 D WaveformGenerator: 📺 SharedWaveformDisplay - First 10: 0, 0, 100, 93, 90, 100, 36, 2, 0, 7
10-30 22:56:57.981 18343 18343 D WaveformGenerator: LaunchedEffect triggered for file: Ralmoon - Naia [Electric Eden Records].aiff
10-30 22:56:58.056 18343 18343 D WaveformGenerator: Starting waveform generation for: Ralmoon - Naia [Electric Eden Records].aiff
10-30 22:56:58.057 18343 18343 D WaveformGenerator: File size: 64.7MB
10-30 22:56:58.059 18343 18388 D WaveformGenerator: Generating waveform for: Ralmoon - Naia [Electric Eden Records].aiff
10-30 22:56:58.059 18343 18388 D WaveformGenerator: Requesting 256 samples for any duration
10-30 22:56:58.060 18343 18388 D WaveformGenerator: ⏱️ PROFILING: Starting waveform generation for URI: content://com.android.externalstorage.documents/tree/primary%3AResults/document/primary%3AResults%2FLiked%2FRalmoon%20-%20Naia%20%5BElectric%20Eden%20Records%5D.aiff
10-30 22:56:58.061 18343 18388 D WaveformGenerator: ⏱️ PROFILING: Target samples: 256
10-30 22:56:58.062 18343 18388 D WaveformGenerator: 🎵 AIFF format detected - Using libvlc decoder
10-30 22:56:58.062 18343 18388 D WaveformGenerator: 🎵 Starting AIFF waveform generation
10-30 22:56:58.077 18343 18343 D WaveformGenerator: 📺 SharedWaveformDisplay - Received waveform: 256 samples
10-30 22:56:58.077 18343 18343 D WaveformGenerator: 📺 SharedWaveformDisplay - Min: 0, Max: 100, Avg: 61
10-30 22:56:58.077 18343 18343 D WaveformGenerator: 📺 SharedWaveformDisplay - First 10: 0, 0, 100, 93, 90, 100, 36, 2, 0, 7
10-30 22:56:58.184 18343 18388 D WaveformGenerator: ⏱️ PROFILING: AIFF copy to temp took 120ms
10-30 22:56:58.184 18343 18388 D WaveformGenerator: 📊 Valid AIFF file detected: AIFF
10-30 22:56:58.184 18343 18388 D WaveformGenerator: 📦 Found chunk: NAME, size: 28
10-30 22:56:58.184 18343 18388 D WaveformGenerator: 📦 Found chunk: COMM, size: 18
10-30 22:56:58.184 18343 18388 D WaveformGenerator: 🎵 COMM: channels=2, bits=16
10-30 22:56:58.184 18343 18388 D WaveformGenerator: 📦 Found chunk: SSND, size: 64524040
10-30 22:56:58.184 18343 18388 D WaveformGenerator: 🎵 SSND found at offset 90, size: 64524032 bytes
10-30 22:56:58.184 18343 18388 D WaveformGenerator: 📊 Sampling AIFF: frameSize=4, ssndSize=64524032
10-30 22:56:58.191 18343 18388 D WaveformGenerator:    📊 Smoothed and compressed range (original: 45, new: 30-85)
10-30 22:56:58.191 18343 18388 D WaveformGenerator: ✅ Generated AIFF waveform:
10-30 22:56:58.191 18343 18388 D WaveformGenerator:    📊 Min: 30, Max: 85, Avg: 66
10-30 22:56:58.191 18343 18388 D WaveformGenerator:    📊 First 10 samples: 43, 55, 54, 55, 55, 58, 60, 59, 58, 65
10-30 22:56:58.191 18343 18388 D WaveformGenerator:    📊 Last 10 samples: 65, 60, 56, 55, 54, 54, 49, 45, 36, 30
10-30 22:56:58.191 18343 18388 D WaveformGenerator:    📊 Standard deviation: 7 (✅ GOOD VARIATION)
10-30 22:56:58.191 18343 18388 D WaveformGenerator: ⏱️ PROFILING: AIFF parsing and waveform generation took 7ms
10-30 22:56:58.192 18343 18388 D WaveformGenerator: ⏱️ PROFILING: Total AIFF waveform generation: 129ms
10-30 22:56:58.199 18343 18388 D WaveformGenerator: ⏱️ PROFILING: ===== TOTAL AIFF GENERATION TIME: 139ms =====
10-30 22:56:58.199 18343 18388 D WaveformGenerator: ✅ AIFF waveform generated: 256 samples
10-30 22:56:58.199 18343 18388 D WaveformGenerator: ✅ Waveform generated: 256 samples
10-30 22:56:58.199 18343 18388 D WaveformGenerator: 📊 UI State - Min: 30, Max: 85, Avg: 66
10-30 22:56:58.199 18343 18388 D WaveformGenerator: 📊 UI State - First 10: 43, 55, 54, 55, 55, 58, 60, 59, 58, 65
10-30 22:56:58.200 18343 18343 D WaveformGenerator: 📊 UI State UPDATED - waveformData is now NOT NULL (256 samples)
10-30 22:56:58.233 18343 18343 D WaveformGenerator: 📺 SharedWaveformDisplay - Received waveform: 256 samples
10-30 22:56:58.233 18343 18343 D WaveformGenerator: 📺 SharedWaveformDisplay - Min: 30, Max: 85, Avg: 66
10-30 22:56:58.233 18343 18343 D WaveformGenerator: 📺 SharedWaveformDisplay - First 10: 43, 55, 54, 55, 55, 58, 60, 59, 58, 65
10-30 22:57:01.270 18343 18343 D WaveformGenerator: LaunchedEffect triggered for file: 08 - Ngnari Konon (Vega DJ Tools) (feat. Oumou Sangaré).flac
10-30 22:57:01.343 18343 18343 D WaveformGenerator: Starting waveform generation for: 08 - Ngnari Konon (Vega DJ Tools) (feat. Oumou Sangaré).flac
10-30 22:57:01.343 18343 18343 D WaveformGenerator: File size: 40.3MB
10-30 22:57:01.345 18343 18391 D WaveformGenerator: Generating waveform for: 08 - Ngnari Konon (Vega DJ Tools) (feat. Oumou Sangaré).flac
10-30 22:57:01.347 18343 18391 D WaveformGenerator: Requesting 256 samples for any duration
10-30 22:57:01.348 18343 18391 D WaveformGenerator: ⏱️ PROFILING: Starting waveform generation for URI: content://com.android.externalstorage.documents/tree/primary%3AResults/document/primary%3AResults%2FLiked%2F08%20-%20Ngnari%20Konon%20(Vega%20DJ%20Tools)%20(feat.%20Oumou%20Sangar%C3%A9).flac
10-30 22:57:01.349 18343 18391 D WaveformGenerator: ⏱️ PROFILING: Target samples: 256
10-30 22:57:01.357 18343 18343 D WaveformGenerator: 📺 SharedWaveformDisplay - Received waveform: 256 samples
10-30 22:57:01.357 18343 18343 D WaveformGenerator: 📺 SharedWaveformDisplay - Min: 30, Max: 85, Avg: 66
10-30 22:57:01.357 18343 18343 D WaveformGenerator: 📺 SharedWaveformDisplay - First 10: 43, 55, 54, 55, 55, 58, 60, 59, 58, 65
10-30 22:57:01.382 18343 18391 D WaveformGenerator: ⏱️ PROFILING: Extractor setup took 33ms
10-30 22:57:01.383 18343 18391 D WaveformGenerator: ⏱️ PROFILING: Track selection took 1ms
10-30 22:57:01.384 18343 18391 D WaveformGenerator: Audio format: audio/raw, Duration: 409s, Target samples: 256
10-30 22:57:01.425 18343 18391 D WaveformGenerator: ⏱️ PROFILING: Codec creation and start took 38ms
10-30 22:57:01.427 18343 18391 D WaveformGenerator: 🔀 Using PARALLEL processing with 6 threads
10-30 22:57:01.433 18343 18391 D WaveformGenerator: ⏱️ PROFILING: Parallel - Duration: 409s, Samples per thread: 42
10-30 22:57:01.434 18343 18394 D WaveformGenerator: ⏱️ PROFILING: Thread 0 - Processing segment 0s to 68s
10-30 22:57:01.434 18343 18385 D WaveformGenerator: ⏱️ PROFILING: Thread 1 - Processing segment 68s to 136s
10-30 22:57:01.435 18343 18386 D WaveformGenerator: ⏱️ PROFILING: Thread 3 - Processing segment 204s to 273s
10-30 22:57:01.435 18343 18392 D WaveformGenerator: ⏱️ PROFILING: Thread 2 - Processing segment 136s to 204s
10-30 22:57:01.435 18343 18388 D WaveformGenerator: ⏱️ PROFILING: Thread 4 - Processing segment 273s to 341s
10-30 22:57:01.436 18343 18387 D WaveformGenerator: ⏱️ PROFILING: Thread 5 - Processing segment 341s to 409s
10-30 22:57:01.506 18343 18385 D WaveformGenerator: ⏱️ PROFILING: Thread 1 - Setup: Extractor 43ms, Codec 27ms
10-30 22:57:01.507 18343 18386 D WaveformGenerator: ⏱️ PROFILING: Thread 3 - Setup: Extractor 49ms, Codec 22ms
10-30 22:57:01.509 18343 18394 D WaveformGenerator: ⏱️ PROFILING: Thread 0 - Setup: Extractor 43ms, Codec 28ms
10-30 22:57:01.527 18343 18387 D WaveformGenerator: ⏱️ PROFILING: Thread 5 - Setup: Extractor 55ms, Codec 35ms
10-30 22:57:01.527 18343 18388 D WaveformGenerator: ⏱️ PROFILING: Thread 4 - Setup: Extractor 51ms, Codec 41ms
10-30 22:57:01.545 18343 18392 D WaveformGenerator: ⏱️ PROFILING: Thread 2 - Setup: Extractor 71ms, Codec 39ms
10-30 22:57:01.758 18343 18386 D WaveformGenerator: ⏱️ PROFILING: Thread 3 - Seek: 61ms, Decode: 147ms
10-30 22:57:01.759 18343 18386 D WaveformGenerator: ⏱️ PROFILING: Thread 3 - Complete in 324ms, collected 42 samples
10-30 22:57:01.782 18343 18385 D WaveformGenerator: ⏱️ PROFILING: Thread 1 - Seek: 76ms, Decode: 155ms
10-30 22:57:01.783 18343 18394 D WaveformGenerator: ⏱️ PROFILING: Thread 0 - Seek: 72ms, Decode: 158ms
10-30 22:57:01.783 18343 18385 D WaveformGenerator: ⏱️ PROFILING: Thread 1 - Complete in 349ms, collected 42 samples
10-30 22:57:01.783 18343 18394 D WaveformGenerator: ⏱️ PROFILING: Thread 0 - Complete in 349ms, collected 42 samples
10-30 22:57:01.795 18343 18392 D WaveformGenerator: ⏱️ PROFILING: Thread 2 - Seek: 48ms, Decode: 156ms
10-30 22:57:01.796 18343 18392 D WaveformGenerator: ⏱️ PROFILING: Thread 2 - Complete in 361ms, collected 42 samples
10-30 22:57:01.808 18343 18388 D WaveformGenerator: ⏱️ PROFILING: Thread 4 - Seek: 64ms, Decode: 172ms
10-30 22:57:01.808 18343 18388 D WaveformGenerator: ⏱️ PROFILING: Thread 4 - Complete in 373ms, collected 42 samples
10-30 22:57:01.819 18343 18387 D WaveformGenerator: ⏱️ PROFILING: Thread 5 - Seek: 87ms, Decode: 161ms
10-30 22:57:01.820 18343 18387 D WaveformGenerator: ⏱️ PROFILING: Thread 5 - Complete in 384ms, collected 42 samples
10-30 22:57:01.823 18343 18387 D WaveformGenerator: ⏱️ PROFILING: Parallel - Combined 252 samples from 6 threads
10-30 22:57:01.823 18343 18387 D WaveformGenerator: ⏱️ PROFILING: PCM extraction took 397ms for 252 samples
10-30 22:57:01.823 18343 18387 D WaveformGenerator: ⏱️ PROFILING: Average time per sample: 1ms
10-30 22:57:01.823 18343 18387 D WaveformGenerator: Extracted 252 PCM samples
10-30 22:57:01.824 18343 18387 D WaveformGenerator: ⏱️ PROFILING: Downsampling took 0ms
10-30 22:57:01.824 18343 18387 D WaveformGenerator: ⏱️ PROFILING: ===== TOTAL GENERATION TIME: 477ms =====
10-30 22:57:01.824 18343 18387 D WaveformGenerator: ⏱️ PROFILING: Breakdown - Extractor: 33ms, Track: 1ms, Codec: 38ms, Extraction: 397ms, Downsample: 0ms
10-30 22:57:01.824 18343 18387 D WaveformGenerator: Generated waveform with 256 samples
10-30 22:57:01.825 18343 18387 D WaveformGenerator: ✅ Waveform generated: 256 samples
10-30 22:57:01.825 18343 18387 D WaveformGenerator: 📊 UI State - Min: 0, Max: 99, Avg: 42
10-30 22:57:01.825 18343 18387 D WaveformGenerator: 📊 UI State - First 10: 15, 43, 82, 76, 11, 34, 35, 99, 10, 21
10-30 22:57:01.826 18343 18343 D WaveformGenerator: 📊 UI State UPDATED - waveformData is now NOT NULL (256 samples)
10-30 22:57:01.852 18343 18343 D WaveformGenerator: 📺 SharedWaveformDisplay - Received waveform: 256 samples
10-30 22:57:01.852 18343 18343 D WaveformGenerator: 📺 SharedWaveformDisplay - Min: 0, Max: 99, Avg: 42
10-30 22:57:01.852 18343 18343 D WaveformGenerator: 📺 SharedWaveformDisplay - First 10: 15, 43, 82, 76, 11, 34, 35, 99, 10, 21
10-30 22:59:18.135 19268 19268 D WaveformGenerator: LaunchedEffect triggered for file: null
10-30 22:59:18.201 19268 19268 D WaveformGenerator: No current file, clearing waveform data
10-30 22:59:20.221 19268 19268 D WaveformGenerator: LaunchedEffect triggered for file: Propellerheads - Take California.mp3
10-30 22:59:20.294 19268 19268 D WaveformGenerator: Starting waveform generation for: Propellerheads - Take California.mp3
10-30 22:59:20.295 19268 19268 D WaveformGenerator: File size: 17.1MB
10-30 22:59:20.296 19268 19321 D WaveformGenerator: Generating waveform for: Propellerheads - Take California.mp3
10-30 22:59:20.297 19268 19321 D WaveformGenerator: Requesting 256 samples for any duration
10-30 22:59:20.298 19268 19321 D WaveformGenerator: ⏱️ PROFILING: Starting waveform generation for URI: content://com.android.externalstorage.documents/tree/primary%3AResults/document/primary%3AResults%2FLiked%2FElectronica%2FPropellerheads%20-%20Take%20California.mp3
10-30 22:59:20.298 19268 19321 D WaveformGenerator: ⏱️ PROFILING: Target samples: 256
10-30 22:59:20.318 19268 19321 D WaveformGenerator: ⏱️ PROFILING: Extractor setup took 19ms
10-30 22:59:20.320 19268 19321 D WaveformGenerator: ⏱️ PROFILING: Track selection took 2ms
10-30 22:59:20.320 19268 19321 D WaveformGenerator: Audio format: audio/mpeg, Duration: 448s, Target samples: 256
10-30 22:59:20.370 19268 19321 D WaveformGenerator: ⏱️ PROFILING: Codec creation and start took 49ms
10-30 22:59:20.370 19268 19321 D WaveformGenerator: 🔀 Using PARALLEL processing with 6 threads
10-30 22:59:20.376 19268 19321 D WaveformGenerator: ⏱️ PROFILING: Parallel - Duration: 448s, Samples per thread: 42
10-30 22:59:20.378 19268 19326 D WaveformGenerator: ⏱️ PROFILING: Thread 2 - Processing segment 149s to 224s
10-30 22:59:20.378 19268 19319 D WaveformGenerator: ⏱️ PROFILING: Thread 1 - Processing segment 74s to 149s
10-30 22:59:20.378 19268 19327 D WaveformGenerator: ⏱️ PROFILING: Thread 3 - Processing segment 224s to 298s
10-30 22:59:20.379 19268 19324 D WaveformGenerator: ⏱️ PROFILING: Thread 0 - Processing segment 0s to 74s
10-30 22:59:20.380 19268 19318 D WaveformGenerator: ⏱️ PROFILING: Thread 4 - Processing segment 298s to 373s
10-30 22:59:20.382 19268 19325 D WaveformGenerator: ⏱️ PROFILING: Thread 5 - Processing segment 373s to 448s
10-30 22:59:20.443 19268 19319 D WaveformGenerator: ⏱️ PROFILING: Thread 1 - Setup: Extractor 32ms, Codec 31ms
10-30 22:59:20.449 19268 19324 D WaveformGenerator: ⏱️ PROFILING: Thread 0 - Setup: Extractor 33ms, Codec 37ms
10-30 22:59:20.450 19268 19325 D WaveformGenerator: ⏱️ PROFILING: Thread 5 - Setup: Extractor 22ms, Codec 45ms
10-30 22:59:20.457 19268 19318 D WaveformGenerator: ⏱️ PROFILING: Thread 4 - Setup: Extractor 29ms, Codec 48ms
10-30 22:59:20.458 19268 19327 D WaveformGenerator: ⏱️ PROFILING: Thread 3 - Setup: Extractor 37ms, Codec 37ms
10-30 22:59:20.462 19268 19326 D WaveformGenerator: ⏱️ PROFILING: Thread 2 - Setup: Extractor 33ms, Codec 51ms
10-30 22:59:21.012 19268 19319 D WaveformGenerator: ⏱️ PROFILING: Thread 1 - Seek: 244ms, Decode: 278ms
10-30 22:59:21.012 19268 19319 D WaveformGenerator: ⏱️ PROFILING: Thread 1 - Complete in 634ms, collected 42 samples
10-30 22:59:21.019 19268 19326 D WaveformGenerator: ⏱️ PROFILING: Thread 2 - Seek: 271ms, Decode: 245ms
10-30 22:59:21.019 19268 19326 D WaveformGenerator: ⏱️ PROFILING: Thread 2 - Complete in 641ms, collected 42 samples
10-30 22:59:21.025 19268 19324 D WaveformGenerator: ⏱️ PROFILING: Thread 0 - Seek: 253ms, Decode: 278ms
10-30 22:59:21.025 19268 19324 D WaveformGenerator: ⏱️ PROFILING: Thread 0 - Complete in 647ms, collected 42 samples
10-30 22:59:21.031 19268 19318 D WaveformGenerator: ⏱️ PROFILING: Thread 4 - Seek: 263ms, Decode: 270ms
10-30 22:59:21.032 19268 19318 D WaveformGenerator: ⏱️ PROFILING: Thread 4 - Complete in 651ms, collected 42 samples
10-30 22:59:21.045 19268 19325 D WaveformGenerator: ⏱️ PROFILING: Thread 5 - Seek: 289ms, Decode: 259ms
10-30 22:59:21.045 19268 19325 D WaveformGenerator: ⏱️ PROFILING: Thread 5 - Complete in 663ms, collected 41 samples
10-30 22:59:21.064 19268 19327 D WaveformGenerator: ⏱️ PROFILING: Thread 3 - Seek: 277ms, Decode: 286ms
10-30 22:59:21.064 19268 19327 D WaveformGenerator: ⏱️ PROFILING: Thread 3 - Complete in 686ms, collected 42 samples
10-30 22:59:21.067 19268 19327 D WaveformGenerator: ⏱️ PROFILING: Parallel - Combined 251 samples from 6 threads
10-30 22:59:21.067 19268 19327 D WaveformGenerator: ⏱️ PROFILING: PCM extraction took 697ms for 251 samples
10-30 22:59:21.067 19268 19327 D WaveformGenerator: ⏱️ PROFILING: Average time per sample: 2ms
10-30 22:59:21.068 19268 19327 D WaveformGenerator: Extracted 251 PCM samples
10-30 22:59:21.068 19268 19327 D WaveformGenerator: ⏱️ PROFILING: Downsampling took 0ms
10-30 22:59:21.068 19268 19327 D WaveformGenerator: ⏱️ PROFILING: ===== TOTAL GENERATION TIME: 770ms =====
10-30 22:59:21.068 19268 19327 D WaveformGenerator: ⏱️ PROFILING: Breakdown - Extractor: 19ms, Track: 2ms, Codec: 49ms, Extraction: 697ms, Downsample: 0ms
10-30 22:59:21.068 19268 19327 D WaveformGenerator: Generated waveform with 256 samples
10-30 22:59:21.069 19268 19327 D WaveformGenerator:    📊 Smoothed and compressed range (original: 100, new: 30-85)
10-30 22:59:21.069 19268 19327 D WaveformGenerator: ✅ Waveform generated: 256 samples
10-30 22:59:21.070 19268 19327 D WaveformGenerator: 📊 UI State - Min: 30, Max: 85, Avg: 68
10-30 22:59:21.070 19268 19327 D WaveformGenerator: 📊 UI State - First 10: 30, 31, 34, 34, 32, 32, 34, 37, 38, 37
10-30 22:59:21.072 19268 19268 D WaveformGenerator: 📊 UI State UPDATED - waveformData is now NOT NULL (256 samples)
10-30 22:59:21.150 19268 19268 D WaveformGenerator: 📺 SharedWaveformDisplay - Received waveform: 256 samples
10-30 22:59:21.150 19268 19268 D WaveformGenerator: 📺 SharedWaveformDisplay - Min: 30, Max: 85, Avg: 68
10-30 22:59:21.150 19268 19268 D WaveformGenerator: 📺 SharedWaveformDisplay - First 10: 30, 31, 34, 34, 32, 32, 34, 37, 38, 37
10-30 22:59:27.733 19268 19268 D WaveformGenerator: LaunchedEffect triggered for file: 2LOOP - Heartscape.mp3
10-30 22:59:27.804 19268 19268 D WaveformGenerator: Starting waveform generation for: 2LOOP - Heartscape.mp3
10-30 22:59:27.805 19268 19268 D WaveformGenerator: File size: 14.8MB
10-30 22:59:27.807 19268 19327 D WaveformGenerator: Generating waveform for: 2LOOP - Heartscape.mp3
10-30 22:59:27.808 19268 19327 D WaveformGenerator: Requesting 256 samples for any duration
10-30 22:59:27.810 19268 19327 D WaveformGenerator: ⏱️ PROFILING: Starting waveform generation for URI: content://com.android.externalstorage.documents/tree/primary%3AResults/document/primary%3AResults%2FLiked%2FDUB%2F2LOOP%20-%20Heartscape.mp3
10-30 22:59:27.810 19268 19327 D WaveformGenerator: ⏱️ PROFILING: Target samples: 256
10-30 22:59:27.830 19268 19268 D WaveformGenerator: 📺 SharedWaveformDisplay - Received waveform: 256 samples
10-30 22:59:27.830 19268 19268 D WaveformGenerator: 📺 SharedWaveformDisplay - Min: 30, Max: 85, Avg: 68
10-30 22:59:27.830 19268 19268 D WaveformGenerator: 📺 SharedWaveformDisplay - First 10: 30, 31, 34, 34, 32, 32, 34, 37, 38, 37
10-30 22:59:27.844 19268 19327 D WaveformGenerator: ⏱️ PROFILING: Extractor setup took 33ms
10-30 22:59:27.845 19268 19327 D WaveformGenerator: ⏱️ PROFILING: Track selection took 1ms
10-30 22:59:27.846 19268 19327 D WaveformGenerator: Audio format: audio/mpeg, Duration: 388s, Target samples: 256
10-30 22:59:27.898 19268 19327 D WaveformGenerator: ⏱️ PROFILING: Codec creation and start took 50ms
10-30 22:59:27.899 19268 19327 D WaveformGenerator: 🔀 Using PARALLEL processing with 6 threads
10-30 22:59:27.902 19268 19327 D WaveformGenerator: ⏱️ PROFILING: Parallel - Duration: 388s, Samples per thread: 42
10-30 22:59:27.904 19268 19326 D WaveformGenerator: ⏱️ PROFILING: Thread 2 - Processing segment 129s to 194s
10-30 22:59:27.904 19268 19324 D WaveformGenerator: ⏱️ PROFILING: Thread 1 - Processing segment 64s to 129s
10-30 22:59:27.904 19268 19323 D WaveformGenerator: ⏱️ PROFILING: Thread 4 - Processing segment 258s to 323s
10-30 22:59:27.905 19268 19325 D WaveformGenerator: ⏱️ PROFILING: Thread 3 - Processing segment 194s to 258s
10-30 22:59:27.907 19268 19322 D WaveformGenerator: ⏱️ PROFILING: Thread 5 - Processing segment 323s to 388s
10-30 22:59:27.910 19268 19318 D WaveformGenerator: ⏱️ PROFILING: Thread 0 - Processing segment 0s to 64s
10-30 22:59:27.977 19268 19323 D WaveformGenerator: ⏱️ PROFILING: Thread 4 - Setup: Extractor 22ms, Codec 49ms
10-30 22:59:27.978 19268 19325 D WaveformGenerator: ⏱️ PROFILING: Thread 3 - Setup: Extractor 21ms, Codec 51ms
10-30 22:59:27.979 19268 19324 D WaveformGenerator: ⏱️ PROFILING: Thread 1 - Setup: Extractor 35ms, Codec 40ms
10-30 22:59:27.980 19268 19326 D WaveformGenerator: ⏱️ PROFILING: Thread 2 - Setup: Extractor 35ms, Codec 41ms
10-30 22:59:27.995 19268 19322 D WaveformGenerator: ⏱️ PROFILING: Thread 5 - Setup: Extractor 48ms, Codec 38ms
10-30 22:59:27.996 19268 19318 D WaveformGenerator: ⏱️ PROFILING: Thread 0 - Setup: Extractor 35ms, Codec 49ms
10-30 22:59:28.435 19268 19326 D WaveformGenerator: ⏱️ PROFILING: Thread 2 - Seek: 255ms, Decode: 157ms
10-30 22:59:28.436 19268 19326 D WaveformGenerator: ⏱️ PROFILING: Thread 2 - Complete in 531ms, collected 42 samples
10-30 22:59:28.437 19268 19322 D WaveformGenerator: ⏱️ PROFILING: Thread 5 - Seek: 258ms, Decode: 135ms
10-30 22:59:28.437 19268 19322 D WaveformGenerator: ⏱️ PROFILING: Thread 5 - Complete in 530ms, collected 41 samples
10-30 22:59:28.451 19268 19325 D WaveformGenerator: ⏱️ PROFILING: Thread 3 - Seek: 284ms, Decode: 145ms
10-30 22:59:28.452 19268 19325 D WaveformGenerator: ⏱️ PROFILING: Thread 3 - Complete in 548ms, collected 42 samples
10-30 22:59:28.457 19268 19324 D WaveformGenerator: ⏱️ PROFILING: Thread 1 - Seek: 273ms, Decode: 159ms
10-30 22:59:28.457 19268 19324 D WaveformGenerator: ⏱️ PROFILING: Thread 1 - Complete in 553ms, collected 42 samples
10-30 22:59:28.461 19268 19318 D WaveformGenerator: ⏱️ PROFILING: Thread 0 - Seek: 274ms, Decode: 147ms
10-30 22:59:28.461 19268 19318 D WaveformGenerator: ⏱️ PROFILING: Thread 0 - Complete in 554ms, collected 42 samples
10-30 22:59:28.462 19268 19323 D WaveformGenerator: ⏱️ PROFILING: Thread 4 - Seek: 285ms, Decode: 156ms
10-30 22:59:28.462 19268 19323 D WaveformGenerator: ⏱️ PROFILING: Thread 4 - Complete in 558ms, collected 42 samples
10-30 22:59:28.467 19268 19318 D WaveformGenerator: ⏱️ PROFILING: Parallel - Combined 251 samples from 6 threads
10-30 22:59:28.467 19268 19318 D WaveformGenerator: ⏱️ PROFILING: PCM extraction took 569ms for 251 samples
10-30 22:59:28.468 19268 19318 D WaveformGenerator: ⏱️ PROFILING: Average time per sample: 2ms
10-30 22:59:28.468 19268 19318 D WaveformGenerator: Extracted 251 PCM samples
10-30 22:59:28.468 19268 19318 D WaveformGenerator: ⏱️ PROFILING: Downsampling took 0ms
10-30 22:59:28.468 19268 19318 D WaveformGenerator: ⏱️ PROFILING: ===== TOTAL GENERATION TIME: 659ms =====
10-30 22:59:28.468 19268 19318 D WaveformGenerator: ⏱️ PROFILING: Breakdown - Extractor: 33ms, Track: 1ms, Codec: 50ms, Extraction: 569ms, Downsample: 0ms
10-30 22:59:28.468 19268 19318 D WaveformGenerator: Generated waveform with 256 samples
10-30 22:59:28.469 19268 19318 D WaveformGenerator:    📊 Smoothed and compressed range (original: 100, new: 30-85)
10-30 22:59:28.469 19268 19318 D WaveformGenerator: ✅ Waveform generated: 256 samples
10-30 22:59:28.470 19268 19318 D WaveformGenerator: 📊 UI State - Min: 30, Max: 85, Avg: 57
10-30 22:59:28.470 19268 19318 D WaveformGenerator: 📊 UI State - First 10: 30, 30, 43, 62, 67, 63, 44, 31, 30, 30
10-30 22:59:28.471 19268 19268 D WaveformGenerator: 📊 UI State UPDATED - waveformData is now NOT NULL (256 samples)
10-30 22:59:28.517 19268 19268 D WaveformGenerator: 📺 SharedWaveformDisplay - Received waveform: 256 samples
10-30 22:59:28.517 19268 19268 D WaveformGenerator: 📺 SharedWaveformDisplay - Min: 30, Max: 85, Avg: 57
10-30 22:59:28.517 19268 19268 D WaveformGenerator: 📺 SharedWaveformDisplay - First 10: 30, 30, 43, 62, 67, 63, 44, 31, 30, 30
10-30 22:59:33.348 19268 19268 D WaveformGenerator: LaunchedEffect triggered for file: Space Native - FactorZ (Original Mix) [MK837].aiff
10-30 22:59:33.422 19268 19268 D WaveformGenerator: Starting waveform generation for: Space Native - FactorZ (Original Mix) [MK837].aiff
10-30 22:59:33.422 19268 19268 D WaveformGenerator: File size: 61.1MB
10-30 22:59:33.424 19268 19324 D WaveformGenerator: Generating waveform for: Space Native - FactorZ (Original Mix) [MK837].aiff
10-30 22:59:33.424 19268 19324 D WaveformGenerator: Requesting 256 samples for any duration
10-30 22:59:33.425 19268 19324 D WaveformGenerator: ⏱️ PROFILING: Starting waveform generation for URI: content://com.android.externalstorage.documents/tree/primary%3AResults/document/primary%3AResults%2FLiked%2FDUB%2FSpace%20Native%20-%20FactorZ%20(Original%20Mix)%20%5BMK837%5D.aiff
10-30 22:59:33.425 19268 19324 D WaveformGenerator: ⏱️ PROFILING: Target samples: 256
10-30 22:59:33.425 19268 19324 D WaveformGenerator: 🎵 AIFF format detected - Using libvlc decoder
10-30 22:59:33.426 19268 19324 D WaveformGenerator: 🎵 Starting AIFF waveform generation
10-30 22:59:33.439 19268 19268 D WaveformGenerator: 📺 SharedWaveformDisplay - Received waveform: 256 samples
10-30 22:59:33.439 19268 19268 D WaveformGenerator: 📺 SharedWaveformDisplay - Min: 30, Max: 85, Avg: 57
10-30 22:59:33.439 19268 19268 D WaveformGenerator: 📺 SharedWaveformDisplay - First 10: 30, 30, 43, 62, 67, 63, 44, 31, 30, 30
10-30 22:59:33.576 19268 19324 D WaveformGenerator: ⏱️ PROFILING: AIFF copy to temp took 150ms
10-30 22:59:33.577 19268 19324 D WaveformGenerator: 📊 Valid AIFF file detected: AIFF
10-30 22:59:33.578 19268 19324 D WaveformGenerator: 📦 Found chunk: COMM, size: 18
10-30 22:59:33.578 19268 19324 D WaveformGenerator: 🎵 COMM: channels=2, bits=16
10-30 22:59:33.579 19268 19324 D WaveformGenerator: 📦 Found chunk: SSND, size: 63504008
10-30 22:59:33.579 19268 19324 D WaveformGenerator: 🎵 SSND found at offset 54, size: 63504000 bytes
10-30 22:59:33.580 19268 19324 D WaveformGenerator: 📊 Sampling AIFF: frameSize=4, ssndSize=63504000
10-30 22:59:33.613 19268 19324 D WaveformGenerator:    📊 Smoothed and compressed range (original: 54, new: 30-85)
10-30 22:59:33.613 19268 19324 D WaveformGenerator: ✅ Generated AIFF waveform:
10-30 22:59:33.613 19268 19324 D WaveformGenerator:    📊 Min: 30, Max: 85, Avg: 62
10-30 22:59:33.613 19268 19324 D WaveformGenerator:    📊 First 10 samples: 43, 46, 67, 67, 41, 41, 67, 67, 43, 43
10-30 22:59:33.613 19268 19324 D WaveformGenerator:    📊 Last 10 samples: 75, 67, 41, 41, 67, 67, 41, 30, 32, 30
10-30 22:59:33.617 19268 19324 D WaveformGenerator:    📊 Standard deviation: 11 (✅ GOOD VARIATION)
10-30 22:59:33.618 19268 19324 D WaveformGenerator: ⏱️ PROFILING: AIFF parsing and waveform generation took 42ms
10-30 22:59:33.618 19268 19324 D WaveformGenerator: ⏱️ PROFILING: Total AIFF waveform generation: 192ms
10-30 22:59:33.624 19268 19324 D WaveformGenerator: ⏱️ PROFILING: ===== TOTAL AIFF GENERATION TIME: 200ms =====
10-30 22:59:33.625 19268 19324 D WaveformGenerator: ✅ AIFF waveform generated: 256 samples
10-30 22:59:33.625 19268 19324 D WaveformGenerator: ✅ Waveform generated: 256 samples
10-30 22:59:33.625 19268 19324 D WaveformGenerator: 📊 UI State - Min: 30, Max: 85, Avg: 62
10-30 22:59:33.625 19268 19324 D WaveformGenerator: 📊 UI State - First 10: 43, 46, 67, 67, 41, 41, 67, 67, 43, 43
10-30 22:59:33.626 19268 19268 D WaveformGenerator: 📊 UI State UPDATED - waveformData is now NOT NULL (256 samples)
10-30 22:59:33.661 19268 19268 D WaveformGenerator: 📺 SharedWaveformDisplay - Received waveform: 256 samples
10-30 22:59:33.661 19268 19268 D WaveformGenerator: 📺 SharedWaveformDisplay - Min: 30, Max: 85, Avg: 62
10-30 22:59:33.661 19268 19268 D WaveformGenerator: 📺 SharedWaveformDisplay - First 10: 43, 46, 67, 67, 41, 41, 67, 67, 43, 43
10-30 22:59:40.162 19268 19268 D WaveformGenerator: LaunchedEffect triggered for file: 10. Nicolo Simonelli - Subsidiary (Original Mix).flac
10-30 22:59:40.237 19268 19268 D WaveformGenerator: Starting waveform generation for: 10. Nicolo Simonelli - Subsidiary (Original Mix).flac
10-30 22:59:40.238 19268 19268 D WaveformGenerator: File size: 34.9MB
10-30 22:59:40.240 19268 19324 D WaveformGenerator: Generating waveform for: 10. Nicolo Simonelli - Subsidiary (Original Mix).flac
10-30 22:59:40.241 19268 19324 D WaveformGenerator: Requesting 256 samples for any duration
10-30 22:59:40.243 19268 19324 D WaveformGenerator: ⏱️ PROFILING: Starting waveform generation for URI: content://com.android.externalstorage.documents/tree/primary%3AResults/document/primary%3AResults%2FLiked%2FDUB%2F10.%20Nicolo%20Simonelli%20-%20Subsidiary%20(Original%20Mix).flac
10-30 22:59:40.245 19268 19324 D WaveformGenerator: ⏱️ PROFILING: Target samples: 256
10-30 22:59:40.255 19268 19268 D WaveformGenerator: 📺 SharedWaveformDisplay - Received waveform: 256 samples
10-30 22:59:40.255 19268 19268 D WaveformGenerator: 📺 SharedWaveformDisplay - Min: 30, Max: 85, Avg: 62
10-30 22:59:40.255 19268 19268 D WaveformGenerator: 📺 SharedWaveformDisplay - First 10: 43, 46, 67, 67, 41, 41, 67, 67, 43, 43
10-30 22:59:40.275 19268 19324 D WaveformGenerator: ⏱️ PROFILING: Extractor setup took 30ms
10-30 22:59:40.279 19268 19324 D WaveformGenerator: ⏱️ PROFILING: Track selection took 2ms
10-30 22:59:40.279 19268 19324 D WaveformGenerator: Audio format: audio/raw, Duration: 380s, Target samples: 256
10-30 22:59:40.306 19268 19324 D WaveformGenerator: ⏱️ PROFILING: Codec creation and start took 25ms
10-30 22:59:40.308 19268 19324 D WaveformGenerator: 🔀 Using PARALLEL processing with 6 threads
10-30 22:59:40.310 19268 19324 D WaveformGenerator: ⏱️ PROFILING: Parallel - Duration: 380s, Samples per thread: 42
10-30 22:59:40.312 19268 19318 D WaveformGenerator: ⏱️ PROFILING: Thread 0 - Processing segment 0s to 63s
10-30 22:59:40.312 19268 19323 D WaveformGenerator: ⏱️ PROFILING: Thread 2 - Processing segment 126s to 190s
10-30 22:59:40.312 19268 19325 D WaveformGenerator: ⏱️ PROFILING: Thread 1 - Processing segment 63s to 126s
10-30 22:59:40.312 19268 19542 D WaveformGenerator: ⏱️ PROFILING: Thread 3 - Processing segment 190s to 253s
10-30 22:59:40.313 19268 19613 D WaveformGenerator: ⏱️ PROFILING: Thread 5 - Processing segment 317s to 380s
10-30 22:59:40.315 19268 19326 D WaveformGenerator: ⏱️ PROFILING: Thread 4 - Processing segment 253s to 317s
10-30 22:59:40.392 19268 19318 D WaveformGenerator: ⏱️ PROFILING: Thread 0 - Setup: Extractor 44ms, Codec 35ms
10-30 22:59:40.398 19268 19323 D WaveformGenerator: ⏱️ PROFILING: Thread 2 - Setup: Extractor 39ms, Codec 43ms
10-30 22:59:40.401 19268 19613 D WaveformGenerator: ⏱️ PROFILING: Thread 5 - Setup: Extractor 40ms, Codec 44ms
10-30 22:59:40.410 19268 19326 D WaveformGenerator: ⏱️ PROFILING: Thread 4 - Setup: Extractor 46ms, Codec 48ms
10-30 22:59:40.410 19268 19325 D WaveformGenerator: ⏱️ PROFILING: Thread 1 - Setup: Extractor 44ms, Codec 48ms
10-30 22:59:40.429 19268 19542 D WaveformGenerator: ⏱️ PROFILING: Thread 3 - Setup: Extractor 49ms, Codec 64ms
10-30 22:59:40.672 19268 19318 D WaveformGenerator: ⏱️ PROFILING: Thread 0 - Seek: 84ms, Decode: 154ms
10-30 22:59:40.674 19268 19318 D WaveformGenerator: ⏱️ PROFILING: Thread 0 - Complete in 363ms, collected 42 samples
10-30 22:59:40.677 19268 19613 D WaveformGenerator: ⏱️ PROFILING: Thread 5 - Seek: 67ms, Decode: 162ms
10-30 22:59:40.677 19268 19613 D WaveformGenerator: ⏱️ PROFILING: Thread 5 - Complete in 365ms, collected 42 samples
10-30 22:59:40.687 19268 19542 D WaveformGenerator: ⏱️ PROFILING: Thread 3 - Seek: 69ms, Decode: 142ms
10-30 22:59:40.687 19268 19542 D WaveformGenerator: ⏱️ PROFILING: Thread 3 - Complete in 375ms, collected 42 samples
10-30 22:59:40.700 19268 19323 D WaveformGenerator: ⏱️ PROFILING: Thread 2 - Seek: 76ms, Decode: 184ms
10-30 22:59:40.700 19268 19323 D WaveformGenerator: ⏱️ PROFILING: Thread 2 - Complete in 389ms, collected 42 samples
10-30 22:59:40.715 19268 19326 D WaveformGenerator: ⏱️ PROFILING: Thread 4 - Seek: 93ms, Decode: 170ms
10-30 22:59:40.715 19268 19326 D WaveformGenerator: ⏱️ PROFILING: Thread 4 - Complete in 402ms, collected 42 samples
10-30 22:59:40.719 19268 19325 D WaveformGenerator: ⏱️ PROFILING: Thread 1 - Seek: 79ms, Decode: 183ms
10-30 22:59:40.720 19268 19325 D WaveformGenerator: ⏱️ PROFILING: Thread 1 - Complete in 409ms, collected 42 samples
10-30 22:59:40.723 19268 19325 D WaveformGenerator: ⏱️ PROFILING: Parallel - Combined 252 samples from 6 threads
10-30 22:59:40.724 19268 19325 D WaveformGenerator: ⏱️ PROFILING: PCM extraction took 417ms for 252 samples
10-30 22:59:40.724 19268 19325 D WaveformGenerator: ⏱️ PROFILING: Average time per sample: 1ms
10-30 22:59:40.724 19268 19325 D WaveformGenerator: Extracted 252 PCM samples
10-30 22:59:40.724 19268 19325 D WaveformGenerator: ⏱️ PROFILING: Downsampling took 0ms
10-30 22:59:40.725 19268 19325 D WaveformGenerator: ⏱️ PROFILING: ===== TOTAL GENERATION TIME: 481ms =====
10-30 22:59:40.725 19268 19325 D WaveformGenerator: ⏱️ PROFILING: Breakdown - Extractor: 30ms, Track: 2ms, Codec: 25ms, Extraction: 417ms, Downsample: 0ms
10-30 22:59:40.725 19268 19325 D WaveformGenerator: Generated waveform with 256 samples
10-30 22:59:40.725 19268 19325 D WaveformGenerator:    📊 Smoothed and compressed range (original: 96, new: 30-85)
10-30 22:59:40.726 19268 19325 D WaveformGenerator: ✅ Waveform generated: 256 samples
10-30 22:59:40.727 19268 19325 D WaveformGenerator: 📊 UI State - Min: 30, Max: 85, Avg: 64
10-30 22:59:40.728 19268 19325 D WaveformGenerator: 📊 UI State - First 10: 74, 62, 58, 56, 71, 84, 74, 54, 42, 48
10-30 22:59:40.728 19268 19268 D WaveformGenerator: 📊 UI State UPDATED - waveformData is now NOT NULL (256 samples)
10-30 22:59:40.771 19268 19268 D WaveformGenerator: 📺 SharedWaveformDisplay - Received waveform: 256 samples
10-30 22:59:40.771 19268 19268 D WaveformGenerator: 📺 SharedWaveformDisplay - Min: 30, Max: 85, Avg: 64
10-30 22:59:40.771 19268 19268 D WaveformGenerator: 📺 SharedWaveformDisplay - First 10: 74, 62, 58, 56, 71, 84, 74, 54, 42, 48
10-30 22:59:45.250 19268 19268 D WaveformGenerator: LaunchedEffect triggered for file: A Guy Called Gerald - Fever (Black Dog Remix).mp3
10-30 22:59:45.322 19268 19268 D WaveformGenerator: Starting waveform generation for: A Guy Called Gerald - Fever (Black Dog Remix).mp3
10-30 22:59:45.323 19268 19268 D WaveformGenerator: File size: 14.2MB
10-30 22:59:45.324 19268 19541 D WaveformGenerator: Generating waveform for: A Guy Called Gerald - Fever (Black Dog Remix).mp3
10-30 22:59:45.324 19268 19541 D WaveformGenerator: Requesting 256 samples for any duration
10-30 22:59:45.326 19268 19541 D WaveformGenerator: ⏱️ PROFILING: Starting waveform generation for URI: content://com.android.externalstorage.documents/tree/primary%3AResults/document/primary%3AResults%2FLiked%2FHiFi%20Write%20To%20CD%2FA%20Guy%20Called%20Gerald%20-%20Fever%20(Black%20Dog%20Remix).mp3
10-30 22:59:45.326 19268 19541 D WaveformGenerator: ⏱️ PROFILING: Target samples: 256
10-30 22:59:45.340 19268 19268 D WaveformGenerator: 📺 SharedWaveformDisplay - Received waveform: 256 samples
10-30 22:59:45.340 19268 19268 D WaveformGenerator: 📺 SharedWaveformDisplay - Min: 30, Max: 85, Avg: 64
10-30 22:59:45.340 19268 19268 D WaveformGenerator: 📺 SharedWaveformDisplay - First 10: 74, 62, 58, 56, 71, 84, 74, 54, 42, 48
10-30 22:59:45.347 19268 19541 D WaveformGenerator: ⏱️ PROFILING: Extractor setup took 20ms
10-30 22:59:45.349 19268 19541 D WaveformGenerator: ⏱️ PROFILING: Track selection took 2ms
10-30 22:59:45.350 19268 19541 D WaveformGenerator: Audio format: audio/mpeg, Duration: 372s, Target samples: 256
10-30 22:59:45.378 19268 19541 D WaveformGenerator: ⏱️ PROFILING: Codec creation and start took 28ms
10-30 22:59:45.379 19268 19541 D WaveformGenerator: 🔀 Using PARALLEL processing with 6 threads
10-30 22:59:45.381 19268 19541 D WaveformGenerator: ⏱️ PROFILING: Parallel - Duration: 372s, Samples per thread: 42
10-30 22:59:45.382 19268 19326 D WaveformGenerator: ⏱️ PROFILING: Thread 0 - Processing segment 0s to 62s
10-30 22:59:45.382 19268 19542 D WaveformGenerator: ⏱️ PROFILING: Thread 1 - Processing segment 62s to 124s
10-30 22:59:45.382 19268 19322 D WaveformGenerator: ⏱️ PROFILING: Thread 4 - Processing segment 248s to 310s
10-30 22:59:45.382 19268 19325 D WaveformGenerator: ⏱️ PROFILING: Thread 2 - Processing segment 124s to 186s
10-30 22:59:45.383 19268 19613 D WaveformGenerator: ⏱️ PROFILING: Thread 3 - Processing segment 186s to 248s
10-30 22:59:45.383 19268 19541 D WaveformGenerator: ⏱️ PROFILING: Thread 5 - Processing segment 310s to 372s
10-30 22:59:45.451 19268 19613 D WaveformGenerator: ⏱️ PROFILING: Thread 3 - Setup: Extractor 23ms, Codec 43ms
10-30 22:59:45.465 19268 19322 D WaveformGenerator: ⏱️ PROFILING: Thread 4 - Setup: Extractor 39ms, Codec 44ms
10-30 22:59:45.472 19268 19541 D WaveformGenerator: ⏱️ PROFILING: Thread 5 - Setup: Extractor 46ms, Codec 42ms
10-30 22:59:45.472 19268 19325 D WaveformGenerator: ⏱️ PROFILING: Thread 2 - Setup: Extractor 41ms, Codec 47ms
10-30 22:59:45.477 19268 19326 D WaveformGenerator: ⏱️ PROFILING: Thread 0 - Setup: Extractor 45ms, Codec 49ms
10-30 22:59:45.483 19268 19542 D WaveformGenerator: ⏱️ PROFILING: Thread 1 - Setup: Extractor 56ms, Codec 44ms
10-30 22:59:45.923 19268 19542 D WaveformGenerator: ⏱️ PROFILING: Thread 1 - Seek: 257ms, Decode: 141ms
10-30 22:59:45.923 19268 19542 D WaveformGenerator: ⏱️ PROFILING: Thread 1 - Complete in 541ms, collected 42 samples
10-30 22:59:45.942 19268 19322 D WaveformGenerator: ⏱️ PROFILING: Thread 4 - Seek: 307ms, Decode: 130ms
10-30 22:59:45.943 19268 19322 D WaveformGenerator: ⏱️ PROFILING: Thread 4 - Complete in 561ms, collected 42 samples
10-30 22:59:45.949 19268 19613 D WaveformGenerator: ⏱️ PROFILING: Thread 3 - Seek: 299ms, Decode: 153ms
10-30 22:59:45.949 19268 19326 D WaveformGenerator: ⏱️ PROFILING: Thread 0 - Seek: 282ms, Decode: 145ms
10-30 22:59:45.949 19268 19613 D WaveformGenerator: ⏱️ PROFILING: Thread 3 - Complete in 567ms, collected 42 samples
10-30 22:59:45.950 19268 19326 D WaveformGenerator: ⏱️ PROFILING: Thread 0 - Complete in 567ms, collected 42 samples
10-30 22:59:45.950 19268 19541 D WaveformGenerator: ⏱️ PROFILING: Thread 5 - Seek: 290ms, Decode: 145ms
10-30 22:59:45.951 19268 19541 D WaveformGenerator: ⏱️ PROFILING: Thread 5 - Complete in 568ms, collected 41 samples
10-30 22:59:45.978 19268 19325 D WaveformGenerator: ⏱️ PROFILING: Thread 2 - Seek: 321ms, Decode: 138ms
10-30 22:59:45.979 19268 19325 D WaveformGenerator: ⏱️ PROFILING: Thread 2 - Complete in 597ms, collected 42 samples
10-30 22:59:45.982 19268 19325 D WaveformGenerator: ⏱️ PROFILING: Parallel - Combined 251 samples from 6 threads
10-30 22:59:45.982 19268 19325 D WaveformGenerator: ⏱️ PROFILING: PCM extraction took 604ms for 251 samples
10-30 22:59:45.983 19268 19325 D WaveformGenerator: ⏱️ PROFILING: Average time per sample: 2ms
10-30 22:59:45.983 19268 19325 D WaveformGenerator: Extracted 251 PCM samples
10-30 22:59:45.983 19268 19325 D WaveformGenerator: ⏱️ PROFILING: Downsampling took 0ms
10-30 22:59:45.983 19268 19325 D WaveformGenerator: ⏱️ PROFILING: ===== TOTAL GENERATION TIME: 659ms =====
10-30 22:59:45.983 19268 19325 D WaveformGenerator: ⏱️ PROFILING: Breakdown - Extractor: 20ms, Track: 2ms, Codec: 28ms, Extraction: 604ms, Downsample: 0ms
10-30 22:59:45.984 19268 19325 D WaveformGenerator: Generated waveform with 256 samples
10-30 22:59:45.984 19268 19325 D WaveformGenerator:    📊 Smoothed and compressed range (original: 96, new: 30-85)
10-30 22:59:45.985 19268 19325 D WaveformGenerator: ✅ Waveform generated: 256 samples
10-30 22:59:45.985 19268 19325 D WaveformGenerator: 📊 UI State - Min: 30, Max: 85, Avg: 59
10-30 22:59:45.985 19268 19325 D WaveformGenerator: 📊 UI State - First 10: 34, 42, 46, 44, 42, 47, 50, 53, 62, 66
10-30 22:59:45.986 19268 19268 D WaveformGenerator: 📊 UI State UPDATED - waveformData is now NOT NULL (256 samples)
10-30 22:59:46.027 19268 19268 D WaveformGenerator: 📺 SharedWaveformDisplay - Received waveform: 256 samples
10-30 22:59:46.027 19268 19268 D WaveformGenerator: 📺 SharedWaveformDisplay - Min: 30, Max: 85, Avg: 59
10-30 22:59:46.027 19268 19268 D WaveformGenerator: 📺 SharedWaveformDisplay - First 10: 34, 42, 46, 44, 42, 47, 50, 53, 62, 66
10-30 23:00:21.975 19268 19268 D WaveformGenerator: LaunchedEffect triggered for file: Anna Calvi & Perfume Genius - I See A Darkness.aiff
10-30 23:00:22.057 19268 19268 D WaveformGenerator: Starting waveform generation for: Anna Calvi & Perfume Genius - I See A Darkness.aiff
10-30 23:00:22.058 19268 19268 D WaveformGenerator: File size: 45.2MB
10-30 23:00:22.059 19268 19325 D WaveformGenerator: Generating waveform for: Anna Calvi & Perfume Genius - I See A Darkness.aiff
10-30 23:00:22.060 19268 19325 D WaveformGenerator: Requesting 256 samples for any duration
10-30 23:00:22.062 19268 19325 D WaveformGenerator: ⏱️ PROFILING: Starting waveform generation for URI: content://com.android.externalstorage.documents/tree/primary%3AResults/document/primary%3AResults%2FLiked%2FHiFi%20Write%20To%20CD%2FAnna%20Calvi%20%26%20Perfume%20Genius%20-%20I%20See%20A%20Darkness.aiff
10-30 23:00:22.063 19268 19325 D WaveformGenerator: ⏱️ PROFILING: Target samples: 256
10-30 23:00:22.064 19268 19325 D WaveformGenerator: 🎵 AIFF format detected - Using libvlc decoder
10-30 23:00:22.067 19268 19325 D WaveformGenerator: 🎵 Starting AIFF waveform generation
10-30 23:00:22.076 19268 19268 D WaveformGenerator: 📺 SharedWaveformDisplay - Received waveform: 256 samples
10-30 23:00:22.076 19268 19268 D WaveformGenerator: 📺 SharedWaveformDisplay - Min: 30, Max: 85, Avg: 59
10-30 23:00:22.076 19268 19268 D WaveformGenerator: 📺 SharedWaveformDisplay - First 10: 34, 42, 46, 44, 42, 47, 50, 53, 62, 66
10-30 23:00:22.179 19268 19325 D WaveformGenerator: ⏱️ PROFILING: AIFF copy to temp took 111ms
10-30 23:00:22.180 19268 19325 D WaveformGenerator: 📊 Valid AIFF file detected: AIFF
10-30 23:00:22.180 19268 19325 D WaveformGenerator: 📦 Found chunk: COMT, size: 26
10-30 23:00:22.180 19268 19325 D WaveformGenerator: 📦 Found chunk: COMM, size: 18
10-30 23:00:22.180 19268 19325 D WaveformGenerator: 🎵 COMM: channels=2, bits=16
10-30 23:00:22.180 19268 19325 D WaveformGenerator: 📦 Found chunk: SSND, size: 46807160
10-30 23:00:22.180 19268 19325 D WaveformGenerator: 🎵 SSND found at offset 88, size: 46807152 bytes
10-30 23:00:22.180 19268 19325 D WaveformGenerator: 📊 Sampling AIFF: frameSize=4, ssndSize=46807152
10-30 23:00:22.184 19268 19325 D WaveformGenerator:    📊 Smoothed and compressed range (original: 53, new: 30-85)
10-30 23:00:22.186 19268 19325 D WaveformGenerator: ✅ Generated AIFF waveform:
10-30 23:00:22.186 19268 19325 D WaveformGenerator:    📊 Min: 30, Max: 85, Avg: 63
10-30 23:00:22.186 19268 19325 D WaveformGenerator:    📊 First 10 samples: 30, 30, 43, 70, 71, 46, 48, 72, 83, 78
10-30 23:00:22.187 19268 19325 D WaveformGenerator:    📊 Last 10 samples: 70, 43, 30, 38, 49, 45, 33, 30, 30, 30
10-30 23:00:22.187 19268 19325 D WaveformGenerator:    📊 Standard deviation: 12 (✅ GOOD VARIATION)
10-30 23:00:22.187 19268 19325 D WaveformGenerator: ⏱️ PROFILING: AIFF parsing and waveform generation took 8ms
10-30 23:00:22.187 19268 19325 D WaveformGenerator: ⏱️ PROFILING: Total AIFF waveform generation: 121ms
10-30 23:00:22.193 19268 19325 D WaveformGenerator: ⏱️ PROFILING: ===== TOTAL AIFF GENERATION TIME: 132ms =====
10-30 23:00:22.193 19268 19325 D WaveformGenerator: ✅ AIFF waveform generated: 256 samples
10-30 23:00:22.193 19268 19325 D WaveformGenerator: ✅ Waveform generated: 256 samples
10-30 23:00:22.193 19268 19325 D WaveformGenerator: 📊 UI State - Min: 30, Max: 85, Avg: 63
10-30 23:00:22.194 19268 19325 D WaveformGenerator: 📊 UI State - First 10: 30, 30, 43, 70, 71, 46, 48, 72, 83, 78
10-30 23:00:22.202 19268 19268 D WaveformGenerator: 📊 UI State UPDATED - waveformData is now NOT NULL (256 samples)
10-30 23:00:22.248 19268 19268 D WaveformGenerator: 📺 SharedWaveformDisplay - Received waveform: 256 samples
10-30 23:00:22.248 19268 19268 D WaveformGenerator: 📺 SharedWaveformDisplay - Min: 30, Max: 85, Avg: 63
10-30 23:00:22.248 19268 19268 D WaveformGenerator: 📺 SharedWaveformDisplay - First 10: 30, 30, 43, 70, 71, 46, 48, 72, 83, 78
10-30 23:01:36.448 20021 20021 D WaveformGenerator: LaunchedEffect triggered for file: null
10-30 23:01:36.513 20021 20021 D WaveformGenerator: No current file, clearing waveform data
10-30 23:01:38.610 20021 20021 D WaveformGenerator: LaunchedEffect triggered for file: Propellerheads - Take California.mp3
10-30 23:01:38.681 20021 20021 D WaveformGenerator: Starting waveform generation for: Propellerheads - Take California.mp3
10-30 23:01:38.681 20021 20021 D WaveformGenerator: File size: 17.1MB
10-30 23:01:38.682 20021 20063 D WaveformGenerator: Generating waveform for: Propellerheads - Take California.mp3
10-30 23:01:38.683 20021 20063 D WaveformGenerator: Requesting 256 samples for any duration
10-30 23:01:38.684 20021 20063 D WaveformGenerator: ⏱️ PROFILING: Starting waveform generation for URI: content://com.android.externalstorage.documents/tree/primary%3AResults/document/primary%3AResults%2FLiked%2FElectronica%2FPropellerheads%20-%20Take%20California.mp3
10-30 23:01:38.684 20021 20063 D WaveformGenerator: ⏱️ PROFILING: Target samples: 256
10-30 23:01:38.711 20021 20063 D WaveformGenerator: ⏱️ PROFILING: Extractor setup took 26ms
10-30 23:01:38.714 20021 20063 D WaveformGenerator: ⏱️ PROFILING: Track selection took 3ms
10-30 23:01:38.715 20021 20063 D WaveformGenerator: Audio format: audio/mpeg, Duration: 448s, Target samples: 256
10-30 23:01:38.755 20021 20063 D WaveformGenerator: ⏱️ PROFILING: Codec creation and start took 37ms
10-30 23:01:38.756 20021 20063 D WaveformGenerator: 🔀 Using PARALLEL processing with 6 threads
10-30 23:01:38.760 20021 20063 D WaveformGenerator: ⏱️ PROFILING: Parallel - Duration: 448s, Samples per thread: 42
10-30 23:01:38.763 20021 20059 D WaveformGenerator: ⏱️ PROFILING: Thread 1 - Processing segment 74s to 149s
10-30 23:01:38.763 20021 20065 D WaveformGenerator: ⏱️ PROFILING: Thread 0 - Processing segment 0s to 74s
10-30 23:01:38.763 20021 20068 D WaveformGenerator: ⏱️ PROFILING: Thread 2 - Processing segment 149s to 224s
10-30 23:01:38.764 20021 20062 D WaveformGenerator: ⏱️ PROFILING: Thread 3 - Processing segment 224s to 298s
10-30 23:01:38.765 20021 20066 D WaveformGenerator: ⏱️ PROFILING: Thread 4 - Processing segment 298s to 373s
