--------- beginning of main
11-10 15:16:53.697  1622  7260 W mediaserver: AIBinder_linkToDeath is being called with a non-null cookie and no onUnlink callback set. This might not be intended. AIBinder_DeathRecipient_setOnUnlinked should be called first.
11-10 15:16:53.697  1622  7260 W mediaserver: AIBinder_linkToDeath is being called with a non-null cookie and no onUnlink callback set. This might not be intended. AIBinder_DeathRecipient_setOnUnlinked should be called first.
11-10 15:16:53.697  1622  7260 W mediaserver: AIBinder_linkToDeath is being called with a non-null cookie and no onUnlink callback set. This might not be intended. AIBinder_DeathRecipient_setOnUnlinked should be called first.
11-10 15:16:53.706  1431  2167 W USF     : USF_API: Drop flicker data, cannot find sampling_id:84682!
11-10 15:16:53.707  1622 28267 D GenericSource: FileSource remote
--------- beginning of system
11-10 15:16:53.715  1884  2492 W PackageConfigPersister: App-specific configuration not found for packageName: com.example.mobiledigger and userId: 0
11-10 15:16:53.715  1431  2167 W USF     : USF_API: Drop flicker data, cannot find sampling_id:84682!
11-10 15:16:53.716  1884  2112 W ParceledListSlice: Element #16 is 30568 bytes.
11-10 15:16:53.719  1884  4758 E AppOps  : attributionTag  not declared in manifest of com.example.mobiledigger
11-10 15:16:53.719  1884  4758 E AppOps  : Operation not started: uid=10658 pkg=com.example.mobiledigger(null) op=CONTROL_AUDIO_PARTIAL
11-10 15:16:53.724  1884  2483 E AppOps  : attributionTag  not declared in manifest of com.example.mobiledigger
11-10 15:16:53.724  1884  2483 E AppOps  : Operation not started: uid=10658 pkg=com.example.mobiledigger(null) op=CONTROL_AUDIO
11-10 15:16:53.725  1622 28266 I GenericSource: start
11-10 15:16:53.725  1431  2167 W USF     : USF_API: Drop flicker data, cannot find sampling_id:84682!
11-10 15:16:53.728  1884  2112 I MediaSessionStack: removeSession | record: com.example.mobiledigger/androidx.media3.session.id./1000 (userId=0)
11-10 15:16:53.728  1884  2112 D MediaSessionService: destroySessionLocked: record=com.example.mobiledigger/androidx.media3.session.id./1000 (userId=0)
11-10 15:16:53.728  1884  4375 I MediaSessionStack: removeSession | record: com.example.mobiledigger/MobileDigger/1001 (userId=0)
11-10 15:16:53.728  1884  4375 D MediaSessionService: Media button session is changed to null
11-10 15:16:53.728  1884  4375 D MediaSessionService: destroySessionLocked: record=com.example.mobiledigger/MobileDigger/1001 (userId=0)
11-10 15:16:53.729  1428  2108 D BTAudioSessionAidl: GetSupportedLatencyModes - Supported LatencyMode= FREE
11-10 15:16:53.729  1884  2721 D MediaSessionService: setFgsIfNoSessionIsLinkedToNotification: record=com.example.mobiledigger/androidx.media3.session.id./1000 (userId=0)
11-10 15:16:53.730  1884  2721 D MediaSessionService: setFgsIfNoSessionIsLinkedToNotification: record=com.example.mobiledigger/MobileDigger/1001 (userId=0)
11-10 15:16:53.730  1884  1998 I libprocessgroup: Removed cgroup /sys/fs/cgroup/apps/uid_10658/pid_27116
11-10 15:16:53.730 14050 14050 I MediaPlayerList: onMediaKeyEventSessionChanged: packageName=com.example.mobiledigger
11-10 15:16:53.730 14050 14050 W MediaPlayerList: com.example.mobiledigger is already the active player
11-10 15:16:53.730 14050 14050 I MediaPlayerList: onMediaKeyEventSessionChanged: packageName=com.example.mobiledigger
11-10 15:16:53.730 14050 14050 W MediaPlayerList: com.example.mobiledigger is already the active player
11-10 15:16:53.731 14050 14050 W MediaPlayerWrapper: The session was destroyed com.example.mobiledigger
11-10 15:16:53.730  1408  1408 I Zygote  : Process 27116 exited due to signal 9 (Killed)
11-10 15:16:53.728  1695  1695 I adbd    : Remote process closed the socket (on MSG_PEEK)
11-10 15:16:53.731  1884  2112 W MediaSessionRecord: Ignoring call to destroyed session
11-10 15:16:53.731  1884  2730 D BackgroundInstallControlService: Package event received: 0
11-10 15:16:53.734 24892 24996 I AiAiAutofill: Autofill onFillRequest
11-10 15:16:53.734  4488  4488 I Dtdi    : (REDACTED) [MediaControllerFilter] packageName=%s resolved=%s
11-10 15:16:53.735  1884  2729 D ShortcutService: received package broadcast intent: Intent { act=android.intent.action.PACKAGE_REMOVED dat=package: flg=0x4000010 (has extras) }
11-10 15:16:53.735  1431  2167 W USF     : USF_API: Drop flicker data, cannot find sampling_id:84682!
11-10 15:16:53.736  1884  2686 E AppOps  : attributionTag VCN not declared in manifest of android
11-10 15:16:53.736  1884  2729 D ShortcutService: received package broadcast intent: Intent { act=android.intent.action.PACKAGE_ADDED dat=package: flg=0x4000010 (has extras) }
11-10 15:16:53.736  1884  2729 D ShortcutService: replacing package: com.example.mobiledigger userId=0
11-10 15:16:53.739  3130  3339 D EuiccConnector: handleMessage: E msg.what=1
11-10 15:16:53.739  3130  3339 D EuiccConnector: processMsg: AvailableState
11-10 15:16:53.739  3130  3339 D EuiccConnector: processMsg: UnavailableState
11-10 15:16:53.744  2772  2772 D ControlsListingControllerImpl: ServiceConfig reloaded, count: 1
11-10 15:16:53.744  1884  2736 I SdkSandboxManager: No SDKs used. Skipping SDK data reconcilation for CallingInfo{mUid=10658, mPackageName='com.example.mobiledigger, mAppProcessToken='null'}
11-10 15:16:53.745  1431  2167 W USF     : USF_API: Drop flicker data, cannot find sampling_id:84682!
11-10 15:16:53.746  3130  3449 I SatelliteAppTracker: onPackageUpdateFinished : com.example.mobiledigger
11-10 15:16:53.746  3130  3449 I SatelliteAppTracker: onPackageModified : com.example.mobiledigger
11-10 15:16:53.746  1884  1915 V ActivityManager: Got obituary of 27116:com.example.mobiledigger:music
11-10 15:16:53.746  2951  2951 D ServerContainer: uid 10658 is not cached.
11-10 15:16:53.747  2772  2772 D ControlsListingControllerImpl: ServiceConfig reloaded, count: 1
11-10 15:16:53.748  4488  4488 I Dtdi    : (REDACTED) [MediaControllerFilter] packageName=%s resolved=%s
11-10 15:16:53.748  3130  3339 D EuiccConnector: transitionTo: destState=AvailableState
11-10 15:16:53.750  1884  1884 D ActivityManager: sync unfroze 21319 com.android.keychain for 10
11-10 15:16:53.750 14050 14050 I bluetooth: system/btif/avrcp/avrcp_service.cc:532 SendMediaUpdate: track_changed=true :  play_state=true :  queue=true
11-10 15:16:53.750  1884  1884 D ActivityManager: sync unfroze 19851 com.android.DeviceAsWebcam for 10
11-10 15:16:53.750 14050 14071 W avrcp   : system/profile/avrcp/device.cc:1650 HandleNowPlayingUpdate: Device is not registered for now playing updates
11-10 15:16:53.750 14050 14071 W avrcp   : system/profile/avrcp/device.cc:1742 HandlePlayPosUpdate: Device is not registered for play position updates
11-10 15:16:53.750 14050 14071 W avrcp   : system/profile/avrcp/device.cc:1625 HandleTrackUpdate: Device is not registered for track changed updates
11-10 15:16:53.753  1884  3096 W MediaSessionRecord: Ignoring call to destroyed session
11-10 15:16:53.753  1884  3096 W MediaSessionRecord: Ignoring call to destroyed session
11-10 15:16:53.754  1884  2730 D BackgroundInstallControlService: Package event received: 0
11-10 15:16:53.755  1431  2167 W USF     : USF_API: Drop flicker data, cannot find sampling_id:84682!
11-10 15:16:53.755  4488  4488 I Dtdi    : (REDACTED) [MediaControllerFilter] packageName=%s resolved=%s
11-10 15:16:53.755 32743 32743 D ActivityThread: Package [com.example.mobiledigger] reported as REPLACED, but missing application info. Assuming REMOVED.
11-10 15:16:53.756 12933 12933 D ActivityThread: Package [com.example.mobiledigger] reported as REPLACED, but missing application info. Assuming REMOVED.
11-10 15:16:53.756 25895 25895 D ActivityThread: Package [com.example.mobiledigger] reported as REPLACED, but missing application info. Assuming REMOVED.
11-10 15:16:53.757 31472 31472 D ActivityThread: Package [com.example.mobiledigger] reported as REPLACED, but missing application info. Assuming REMOVED.
11-10 15:16:53.757  3189  3189 D ActivityThread: Package [com.example.mobiledigger] reported as REPLACED, but missing application info. Assuming REMOVED.
11-10 15:16:53.757 18730 18730 D ActivityThread: Package [com.example.mobiledigger] reported as REPLACED, but missing application info. Assuming REMOVED.
11-10 15:16:53.758 10405 10405 D ActivityThread: Package [com.example.mobiledigger] reported as REPLACED, but missing application info. Assuming REMOVED.
11-10 15:16:53.758  5116  5116 D ActivityThread: Package [com.example.mobiledigger] reported as REPLACED, but missing application info. Assuming REMOVED.
11-10 15:16:53.758  9946  9946 D ActivityThread: Package [com.example.mobiledigger] reported as REPLACED, but missing application info. Assuming REMOVED.
11-10 15:16:53.759  3385  3385 D ActivityThread: Package [com.example.mobiledigger] reported as REPLACED, but missing application info. Assuming REMOVED.
11-10 15:16:53.759 23979 23979 D ActivityThread: Package [com.example.mobiledigger] reported as REPLACED, but missing application info. Assuming REMOVED.
11-10 15:16:53.760 15799 15799 D ActivityThread: Package [com.example.mobiledigger] reported as REPLACED, but missing application info. Assuming REMOVED.
11-10 15:16:53.760 30907 30907 D ActivityThread: Package [com.example.mobiledigger] reported as REPLACED, but missing application info. Assuming REMOVED.
11-10 15:16:53.760 31337 31337 D ActivityThread: Package [com.example.mobiledigger] reported as REPLACED, but missing application info. Assuming REMOVED.
11-10 15:16:53.761 22915 22915 D ActivityThread: Package [com.example.mobiledigger] reported as REPLACED, but missing application info. Assuming REMOVED.
11-10 15:16:53.761 12451 12451 D ActivityThread: Package [com.example.mobiledigger] reported as REPLACED, but missing application info. Assuming REMOVED.
11-10 15:16:53.761 24892 24892 D ActivityThread: Package [com.example.mobiledigger] reported as REPLACED, but missing application info. Assuming REMOVED.
11-10 15:16:53.761  4321  4321 D ActivityThread: Package [com.example.mobiledigger] reported as REPLACED, but missing application info. Assuming REMOVED.
11-10 15:16:53.761  3114  3114 D ActivityThread: Package [com.example.mobiledigger] reported as REPLACED, but missing application info. Assuming REMOVED.
11-10 15:16:53.762  7491  7491 D ActivityThread: Package [com.example.mobiledigger] reported as REPLACED, but missing application info. Assuming REMOVED.
11-10 15:16:53.762  9355  9355 D ActivityThread: Package [com.example.mobiledigger] reported as REPLACED, but missing application info. Assuming REMOVED.
11-10 15:16:53.762  3069  3069 D ActivityThread: Package [com.example.mobiledigger] reported as REPLACED, but missing application info. Assuming REMOVED.
11-10 15:16:53.762  1884  1884 I Telecom : CarModeTracker: Package com.example.mobiledigger is not tracked.: SSH.oR@0UI
11-10 15:16:53.762  1884  1884 I Telecom : InCallController: updateCarModeForConnections: car mode apps: : SSH.oR@0UI
11-10 15:16:53.762  4263  4263 D ActivityThread: Package [com.example.mobiledigger] reported as REPLACED, but missing application info. Assuming REMOVED.
11-10 15:16:53.762  1884  1884 I Telecom : InCallController: update carmode current:UserHandle{0} parent:null: SSH.oR@0UI
11-10 15:16:53.762  3056  3056 D ActivityThread: Package [com.example.mobiledigger] reported as REPLACED, but missing application info. Assuming REMOVED.
11-10 15:16:53.763  3160  3160 D ActivityThread: Package [com.example.mobiledigger] reported as REPLACED, but missing application info. Assuming REMOVED.
11-10 15:16:53.763 13160 13160 D ActivityThread: Package [com.example.mobiledigger] reported as REPLACED, but missing application info. Assuming REMOVED.
11-10 15:16:53.762  9251  9251 D ActivityThread: Package [com.example.mobiledigger] reported as REPLACED, but missing application info. Assuming REMOVED.
11-10 15:16:53.763  4366  4366 D ActivityThread: Package [com.example.mobiledigger] reported as REPLACED, but missing application info. Assuming REMOVED.
11-10 15:16:53.763  3107  3107 D ActivityThread: Package [com.example.mobiledigger] reported as REPLACED, but missing application info. Assuming REMOVED.
11-10 15:16:53.763  4346  4346 D ActivityThread: Package [com.example.mobiledigger] reported as REPLACED, but missing application info. Assuming REMOVED.
11-10 15:16:53.763  7852  7852 D ActivityThread: Package [com.example.mobiledigger] reported as REPLACED, but missing application info. Assuming REMOVED.
11-10 15:16:53.764  5882  5882 D ActivityThread: Package [com.example.mobiledigger] reported as REPLACED, but missing application info. Assuming REMOVED.
11-10 15:16:53.764  3639  3639 D ActivityThread: Package [com.example.mobiledigger] reported as REPLACED, but missing application info. Assuming REMOVED.
11-10 15:16:53.764  9994  9994 D ActivityThread: Package [com.example.mobiledigger] reported as REPLACED, but missing application info. Assuming REMOVED.
11-10 15:16:53.764  5979  5979 D ActivityThread: Package [com.example.mobiledigger] reported as REPLACED, but missing application info. Assuming REMOVED.
11-10 15:16:53.764 31972 31972 D ActivityThread: Package [com.example.mobiledigger] reported as REPLACED, but missing application info. Assuming REMOVED.
11-10 15:16:53.764  1622 28271 D CCodec  : allocate(c2.android.aac.decoder)
11-10 15:16:53.765  3141  3141 D ActivityThread: Package [com.example.mobiledigger] reported as REPLACED, but missing application info. Assuming REMOVED.
11-10 15:16:53.765  1431  2167 W USF     : USF_API: Drop flicker data, cannot find sampling_id:84682!
11-10 15:16:53.765  3779  3779 D ActivityThread: Package [com.example.mobiledigger] reported as REPLACED, but missing application info. Assuming REMOVED.
11-10 15:16:53.765  3002  3002 D ActivityThread: Package [com.example.mobiledigger] reported as REPLACED, but missing application info. Assuming REMOVED.
11-10 15:16:53.766  4276  4276 D ActivityThread: Package [com.example.mobiledigger] reported as REPLACED, but missing application info. Assuming REMOVED.
11-10 15:16:53.766  3020  3020 D ActivityThread: Package [com.example.mobiledigger] reported as REPLACED, but missing application info. Assuming REMOVED.
11-10 15:16:53.766  2994  2994 D ActivityThread: Package [com.example.mobiledigger] reported as REPLACED, but missing application info. Assuming REMOVED.
11-10 15:16:53.766  2981  2981 D ActivityThread: Package [com.example.mobiledigger] reported as REPLACED, but missing application info. Assuming REMOVED.
11-10 15:16:53.767  2976  2976 D ActivityThread: Package [com.example.mobiledigger] reported as REPLACED, but missing application info. Assuming REMOVED.
11-10 15:16:53.767  2978  2978 D ActivityThread: Package [com.example.mobiledigger] reported as REPLACED, but missing application info. Assuming REMOVED.
11-10 15:16:53.767  7174  7174 D ActivityThread: Package [com.example.mobiledigger] reported as REPLACED, but missing application info. Assuming REMOVED.
11-10 15:16:53.767  2951  2951 D ActivityThread: Package [com.example.mobiledigger] reported as REPLACED, but missing application info. Assuming REMOVED.
11-10 15:16:53.767 10605 10605 D ActivityThread: Package [com.example.mobiledigger] reported as REPLACED, but missing application info. Assuming REMOVED.
11-10 15:16:53.767  2919  2919 D ActivityThread: Package [com.example.mobiledigger] reported as REPLACED, but missing application info. Assuming REMOVED.
11-10 15:16:53.768  2772  2772 D ActivityThread: Package [com.example.mobiledigger] reported as REPLACED, but missing application info. Assuming REMOVED.
11-10 15:16:53.768  6198  6198 D ActivityThread: Package [com.example.mobiledigger] reported as REPLACED, but missing application info. Assuming REMOVED.
11-10 15:16:53.768  3130  3339 D EuiccConnector: handleMessage: new destination call exit/enter
11-10 15:16:53.768  3130  3339 D EuiccConnector: setupTempStateStackWithStatesToEnter: X mTempStateStackCount=1,curStateInfo: state=UnavailableState,active=true,parent=null
11-10 15:16:53.768  3130  3339 D EuiccConnector: invokeExitMethods: AvailableState
11-10 15:16:53.768  3130  3339 D EuiccConnector: moveTempStackToStateStack: i=0,j=1
11-10 15:16:53.768  3130  3339 D EuiccConnector: moveTempStackToStateStack: X mStateStackTop=1,startingIndex=1,Top=AvailableState
11-10 15:16:53.768  3130  3339 D EuiccConnector: invokeEnterMethods: AvailableState
11-10 15:16:53.768  3130  3339 D EuiccConnector: handleMessage: X
11-10 15:16:53.768  3130  3339 D EuiccConnector: handleMessage: E msg.what=1
11-10 15:16:53.768  3130  3339 D EuiccConnector: processMsg: AvailableState
11-10 15:16:53.768  3130  3339 D EuiccConnector: processMsg: UnavailableState
11-10 15:16:53.769  1622 28271 I CCodec  : setting up 'default' as default (vendor) store
11-10 15:16:53.770  3473  3473 D ActivityThread: Package [com.example.mobiledigger] reported as REPLACED, but missing application info. Assuming REMOVED.
11-10 15:16:53.775  1431  2167 W USF     : USF_API: Drop flicker data, cannot find sampling_id:84682!
11-10 15:16:53.775  1622 28271 W mediaserver: AIBinder_linkToDeath is being called with a non-null cookie and no onUnlink callback set. This might not be intended. AIBinder_DeathRecipient_setOnUnlinked should be called first.
11-10 15:16:53.775  1622 28271 I CCodec  : Created component [c2.android.aac.decoder] for [c2.android.aac.decoder]
11-10 15:16:53.775 19851 19851 D ActivityThread: Package [com.example.mobiledigger] reported as REPLACED, but missing application info. Assuming REMOVED.
11-10 15:16:53.776  1622 28271 D CCodecConfig: read media type: audio/mp4a-latm
11-10 15:16:53.776  3130  3339 D EuiccConnector: transitionTo: destState=AvailableState
11-10 15:16:53.779 25895 25895 D ActivityThread: Package [com.example.mobiledigger] reported as REPLACED, but missing application info. Assuming REMOVED.
11-10 15:16:53.780 12933 12933 D ActivityThread: Package [com.example.mobiledigger] reported as REPLACED, but missing application info. Assuming REMOVED.
11-10 15:16:53.780  1622 28271 D ReflectedParamUpdater: extent() != 1 for single value type: algo.buffers.max-count.values
11-10 15:16:53.780  3130  3339 D EuiccConnector: handleMessage: new destination call exit/enter
11-10 15:16:53.780  3130  3339 D EuiccConnector: setupTempStateStackWithStatesToEnter: X mTempStateStackCount=1,curStateInfo: state=UnavailableState,active=true,parent=null
11-10 15:16:53.780  3130  3339 D EuiccConnector: invokeExitMethods: AvailableState
11-10 15:16:53.781  3130  3339 D EuiccConnector: moveTempStackToStateStack: i=0,j=1
11-10 15:16:53.781  3130  3339 D EuiccConnector: moveTempStackToStateStack: X mStateStackTop=1,startingIndex=1,Top=AvailableState
11-10 15:16:53.781  3130  3339 D EuiccConnector: invokeEnterMethods: AvailableState
11-10 15:16:53.781  3130  3339 D EuiccConnector: handleMessage: X
11-10 15:16:53.781  3189  3189 D ActivityThread: Package [com.example.mobiledigger] reported as REPLACED, but missing application info. Assuming REMOVED.
11-10 15:16:53.781  3130  3339 D EuiccConnector: handleMessage: E msg.what=103
11-10 15:16:53.781  3130  3339 D EuiccConnector: processMsg: AvailableState
11-10 15:16:53.781  3130  3339 D EuiccConnector: deferMessage: msg=103
11-10 15:16:53.781  3130  3339 D EuiccConnector: transitionTo: destState=BindingState
11-10 15:16:53.781  3130  3339 D EuiccConnector: handleMessage: new destination call exit/enter
11-10 15:16:53.781  3130  3339 D EuiccConnector: setupTempStateStackWithStatesToEnter: X mTempStateStackCount=1,curStateInfo: null
11-10 15:16:53.781  3130  3339 D EuiccConnector: invokeExitMethods: AvailableState
11-10 15:16:53.781  3130  3339 D EuiccConnector: invokeExitMethods: UnavailableState
11-10 15:16:53.781  3130  3339 D EuiccConnector: moveTempStackToStateStack: i=0,j=0
11-10 15:16:53.781  3130  3339 D EuiccConnector: moveTempStackToStateStack: X mStateStackTop=0,startingIndex=0,Top=BindingState
11-10 15:16:53.781  3130  3339 D EuiccConnector: invokeEnterMethods: BindingState
11-10 15:16:53.781 30907 30907 D ActivityThread: Package [com.example.mobiledigger] reported as REPLACED, but missing application info. Assuming REMOVED.
11-10 15:16:53.781 23979 23979 D ActivityThread: Package [com.example.mobiledigger] reported as REPLACED, but missing application info. Assuming REMOVED.
11-10 15:16:53.781  4321  4321 D ActivityThread: Package [com.example.mobiledigger] reported as REPLACED, but missing application info. Assuming REMOVED.
11-10 15:16:53.781  4276  4276 D ActivityThread: Package [com.example.mobiledigger] reported as REPLACED, but missing application info. Assuming REMOVED.
11-10 15:16:53.782 10605 10605 D ActivityThread: Package [com.example.mobiledigger] reported as REPLACED, but missing application info. Assuming REMOVED.
11-10 15:16:53.782  3385  3385 D ActivityThread: Package [com.example.mobiledigger] reported as REPLACED, but missing application info. Assuming REMOVED.
11-10 15:16:53.782 15799 15799 D ActivityThread: Package [com.example.mobiledigger] reported as REPLACED, but missing application info. Assuming REMOVED.
11-10 15:16:53.782 24892 24892 D ActivityThread: Package [com.example.mobiledigger] reported as REPLACED, but missing application info. Assuming REMOVED.
11-10 15:16:53.782  3779  3779 D ActivityThread: Package [com.example.mobiledigger] reported as REPLACED, but missing application info. Assuming REMOVED.
11-10 15:16:53.782  7852  7852 D ActivityThread: Package [com.example.mobiledigger] reported as REPLACED, but missing application info. Assuming REMOVED.
11-10 15:16:53.782 31337 31337 D ActivityThread: Package [com.example.mobiledigger] reported as REPLACED, but missing application info. Assuming REMOVED.
11-10 15:16:53.781 31972 31972 D ActivityThread: Package [com.example.mobiledigger] reported as REPLACED, but missing application info. Assuming REMOVED.
11-10 15:16:53.782  9355  9355 D ActivityThread: Package [com.example.mobiledigger] reported as REPLACED, but missing application info. Assuming REMOVED.
11-10 15:16:53.782  5979  5979 D ActivityThread: Package [com.example.mobiledigger] reported as REPLACED, but missing application info. Assuming REMOVED.
11-10 15:16:53.783  5116  5116 D ActivityThread: Package [com.example.mobiledigger] reported as REPLACED, but missing application info. Assuming REMOVED.
11-10 15:16:53.783  5882  5882 D ActivityThread: Package [com.example.mobiledigger] reported as REPLACED, but missing application info. Assuming REMOVED.
11-10 15:16:53.783 13160 13160 D ActivityThread: Package [com.example.mobiledigger] reported as REPLACED, but missing application info. Assuming REMOVED.
11-10 15:16:53.783 19851 19851 D ActivityThread: Package [com.example.mobiledigger] reported as REPLACED, but missing application info. Assuming REMOVED.
11-10 15:16:53.783  1622 28271 D ReflectedParamUpdater: extent() != 1 for single value type: output.subscribed-indices.values
11-10 15:16:53.783 32743 32743 D ActivityThread: Package [com.example.mobiledigger] reported as REPLACED, but missing application info. Assuming REMOVED.
11-10 15:16:53.783  7491  7491 D ActivityThread: Package [com.example.mobiledigger] reported as REPLACED, but missing application info. Assuming REMOVED.
11-10 15:16:53.783  4263  4263 D ActivityThread: Package [com.example.mobiledigger] reported as REPLACED, but missing application info. Assuming REMOVED.
11-10 15:16:53.783  6198  6198 D ActivityThread: Package [com.example.mobiledigger] reported as REPLACED, but missing application info. Assuming REMOVED.
11-10 15:16:53.784  9994  9994 D ActivityThread: Package [com.example.mobiledigger] reported as REPLACED, but missing application info. Assuming REMOVED.
11-10 15:16:53.784  2772  2772 D ActivityThread: Package [com.example.mobiledigger] reported as REPLACED, but missing application info. Assuming REMOVED.
11-10 15:16:53.784 12451 12451 D ActivityThread: Package [com.example.mobiledigger] reported as REPLACED, but missing application info. Assuming REMOVED.
11-10 15:16:53.784  4488  4488 I Dtdi    : (REDACTED) [MediaControllerFilter] packageName=%s resolved=%s
11-10 15:16:53.784  7174  7174 D ActivityThread: Package [com.example.mobiledigger] reported as REPLACED, but missing application info. Assuming REMOVED.
11-10 15:16:53.784  4488  4488 D ActivityThread: Package [com.example.mobiledigger] reported as REPLACED, but missing application info. Assuming REMOVED.
11-10 15:16:53.785  1431  2167 W USF     : USF_API: Drop flicker data, cannot find sampling_id:84682!
11-10 15:16:53.785  9251  9251 D ActivityThread: Package [com.example.mobiledigger] reported as REPLACED, but missing application info. Assuming REMOVED.
11-10 15:16:53.786  4366  4366 D ActivityThread: Package [com.example.mobiledigger] reported as REPLACED, but missing application info. Assuming REMOVED.
11-10 15:16:53.786  4346  4346 D ActivityThread: Package [com.example.mobiledigger] reported as REPLACED, but missing application info. Assuming REMOVED.
11-10 15:16:53.786  3639  3639 D ActivityThread: Package [com.example.mobiledigger] reported as REPLACED, but missing application info. Assuming REMOVED.
11-10 15:16:53.786  3160  3160 D ActivityThread: Package [com.example.mobiledigger] reported as REPLACED, but missing application info. Assuming REMOVED.
11-10 15:16:53.786  3107  3107 D ActivityThread: Package [com.example.mobiledigger] reported as REPLACED, but missing application info. Assuming REMOVED.
11-10 15:16:53.786  3002  3002 D ActivityThread: Package [com.example.mobiledigger] reported as REPLACED, but missing application info. Assuming REMOVED.
11-10 15:16:53.787  3114  3114 D ActivityThread: Package [com.example.mobiledigger] reported as REPLACED, but missing application info. Assuming REMOVED.
11-10 15:16:53.787  3020  3020 D ActivityThread: Package [com.example.mobiledigger] reported as REPLACED, but missing application info. Assuming REMOVED.
11-10 15:16:53.787  3069  3069 D ActivityThread: Package [com.example.mobiledigger] reported as REPLACED, but missing application info. Assuming REMOVED.
11-10 15:16:53.787  2994  2994 D ActivityThread: Package [com.example.mobiledigger] reported as REPLACED, but missing application info. Assuming REMOVED.
11-10 15:16:53.787  3056  3056 D ActivityThread: Package [com.example.mobiledigger] reported as REPLACED, but missing application info. Assuming REMOVED.
11-10 15:16:53.787  3141  3141 D ActivityThread: Package [com.example.mobiledigger] reported as REPLACED, but missing application info. Assuming REMOVED.
11-10 15:16:53.787  3473  3473 D ActivityThread: Package [com.example.mobiledigger] reported as REPLACED, but missing application info. Assuming REMOVED.
11-10 15:16:53.787 31472 31472 D ActivityThread: Package [com.example.mobiledigger] reported as REPLACED, but missing application info. Assuming REMOVED.
11-10 15:16:53.788  2981  2981 D ActivityThread: Package [com.example.mobiledigger] reported as REPLACED, but missing application info. Assuming REMOVED.
11-10 15:16:53.788  2919  2919 D ActivityThread: Package [com.example.mobiledigger] reported as REPLACED, but missing application info. Assuming REMOVED.
11-10 15:16:53.788  9946  9946 D ActivityThread: Package [com.example.mobiledigger] reported as REPLACED, but missing application info. Assuming REMOVED.
11-10 15:16:53.788  1622 28271 D ReflectedParamUpdater: extent() != 1 for single value type: input.buffers.allocator-ids.values
11-10 15:16:53.788  2976  2976 D ActivityThread: Package [com.example.mobiledigger] reported as REPLACED, but missing application info. Assuming REMOVED.
11-10 15:16:53.788 10405 10405 D ActivityThread: Package [com.example.mobiledigger] reported as REPLACED, but missing application info. Assuming REMOVED.
11-10 15:16:53.788  1622 28271 D ReflectedParamUpdater: extent() != 1 for single value type: output.buffers.allocator-ids.values
11-10 15:16:53.788 18730 18730 D ActivityThread: Package [com.example.mobiledigger] reported as REPLACED, but missing application info. Assuming REMOVED.
11-10 15:16:53.788 22915 22915 D ActivityThread: Package [com.example.mobiledigger] reported as REPLACED, but missing application info. Assuming REMOVED.
11-10 15:16:53.790  1622 28271 D ReflectedParamUpdater: extent() != 1 for single value type: algo.buffers.allocator-ids.values
11-10 15:16:53.790  1622 28271 D ReflectedParamUpdater: extent() != 1 for single value type: output.buffers.pool-ids.values
11-10 15:16:53.790  1622 28271 D ReflectedParamUpdater: extent() != 1 for single value type: algo.buffers.pool-ids.values
11-10 15:16:53.788  2978  2978 D ActivityThread: Package [com.example.mobiledigger] reported as REPLACED, but missing application info. Assuming REMOVED.
11-10 15:16:53.793  2951  2951 D ActivityThread: Package [com.example.mobiledigger] reported as REPLACED, but missing application info. Assuming REMOVED.
11-10 15:16:53.794  4488  4488 D ActivityThread: Package [com.example.mobiledigger] reported as REPLACED, but missing application info. Assuming REMOVED.
11-10 15:16:53.795  1431  2167 W USF     : USF_API: Drop flicker data, cannot find sampling_id:84682!
11-10 15:16:53.796  1622 28271 I CCodecConfig: query failed after returning 21 values (BAD_INDEX)
11-10 15:16:53.796  1622 28271 D CCodecConfig: c2 config diff is Dict {
11-10 15:16:53.796  1622 28271 D CCodecConfig:   c2::u32 coded.aac-packaging.value = 0
11-10 15:16:53.796  1622 28271 D CCodecConfig:   c2::u32 coded.bitrate.value = 64000
11-10 15:16:53.796  1622 28271 D CCodecConfig:   c2::u32 coded.pl.level = 0
11-10 15:16:53.796  1622 28271 D CCodecConfig:   c2::u32 coded.pl.profile = 8192
11-10 15:16:53.796  1622 28271 D CCodecConfig:   c2::i32 coding.drc.album-mode.value = 0
11-10 15:16:53.796  1622 28271 D CCodecConfig:   c2::float coding.drc.attenuation-factor.value = 1
11-10 15:16:53.796  1622 28271 D CCodecConfig:   c2::float coding.drc.boost-factor.value = 1
11-10 15:16:53.796  1622 28271 D CCodecConfig:   c2::i32 coding.drc.compression-mode.value = 3
11-10 15:16:53.796  1622 28271 D CCodecConfig:   c2::i32 coding.drc.effect-type.value = 3
11-10 15:16:53.796  1622 28271 D CCodecConfig:   c2::float coding.drc.encoded-level.value = 0.25
11-10 15:16:53.796  1622 28271 D CCodecConfig:   c2::float coding.drc.reference-level.value = -16
11-10 15:16:53.796  1622 28271 D CCodecConfig:   c2::u32 input.buffers.max-size.value = 8192
11-10 15:16:53.796  1622 28271 D CCodecConfig:   c2::u32 input.delay.value = 0
11-10 15:16:53.796  1622 28271 D CCodecConfig:   string input.media-type.value = "audio/mp4a-latm"
11-10 15:16:53.796  1622 28271 D CCodecConfig:   c2::u32 output.delay.value = 2
11-10 15:16:53.796  1622 28271 D CCodecConfig:   c2::float output.drc.output-loudness.value = 0.25
11-10 15:16:53.796  1622 28271 D CCodecConfig:   c2::u32 output.large-frame.max-size = 0
11-10 15:16:53.796  1622 28271 D CCodecConfig:   c2::u32 output.large-frame.threshold-size = 0
11-10 15:16:53.796  1622 28271 D CCodecConfig:   string output.media-type.value = "audio/raw"
11-10 15:16:53.796  1622 28271 D CCodecConfig:   c2::u32 raw.channel-count.value = 1
11-10 15:16:53.796  1622 28271 D CCodecConfig:   c2::u32 raw.channel-mask.value = 0
11-10 15:16:53.796  1622 28271 D CCodecConfig:   c2::u32 raw.max-channel-count.value = 8
11-10 15:16:53.796  1622 28271 D CCodecConfig:   c2::u32 raw.sample-rate.value = 44100
11-10 15:16:53.796  1622 28271 D CCodecConfig: }
11-10 15:16:53.798  1884  1884 D AS.AudioService: received android.intent.action.PACKAGE_ADDED replacing: true archival: false for package com.example.mobiledigger with uid 10658
11-10 15:16:53.799  2772  2772 D ControlsListingControllerImpl: ServiceConfig reloaded, count: 1
11-10 15:16:53.799  2951  2951 D ServerContainer: uid 10658 is not cached.
11-10 15:16:53.799  1622 28270 I MediaCodec: media_quality service unavailable, skipping updatePictureProfile
11-10 15:16:53.800  1488 30711 D NativePermissionController: updatePackagesForUid, UidPackageState{uid: 10658, packageNames: [com.example.mobiledigger]}
11-10 15:16:53.800  1622 28271 D CCodec  : [c2.android.aac.decoder] buffers are bound to CCodec for this session
11-10 15:16:53.800  1622 28271 D CCodecConfig: no c2 equivalents for durationUs
11-10 15:16:53.800  1622 28271 D CCodecConfig: no c2 equivalents for track-id
11-10 15:16:53.800  1622 28271 D CCodecConfig: no c2 equivalents for language
11-10 15:16:53.800  7174  7174 I Finsky  : [2] agiw - Received: android.intent.action.PACKAGE_REMOVED, [F8SdPmz-nDnkHAASXyGhRL_JSafYynzTZ1KyLvYja6g]
11-10 15:16:53.800  1622 28271 D CCodecConfig: no c2 equivalents for encoder-delay
11-10 15:16:53.800  1622 28271 D CCodecConfig: no c2 equivalents for encoder-padding
11-10 15:16:53.800  1622 28271 D CCodecConfig: no c2 equivalents for flags
11-10 15:16:53.800  1884  1994 D ActivityManager: sync unfroze 12090 com.google.android.permissioncontroller for 3
11-10 15:16:53.801  3130  3130 E SmsApplication: com.google.android.apps.messaging lost android:read_cell_broadcasts:  (fixing)
11-10 15:16:53.801  1622 28271 D CCodecConfig: c2 config diff is   c2::u32 raw.channel-count.value = 2
11-10 15:16:53.801  1622 28271 D CCodecConfig:   c2::u32 raw.sample-rate.value = 22050
11-10 15:16:53.802  1884  1917 W AppOpService: Ignored setUidMode call for runtime permission app op: uid = 10140, code = READ_CELL_BROADCASTS, mode = allow, callingUid = 1001, oldMode = allow
11-10 15:16:53.802  1884  4758 W ParceledListSlice: Element #16 is 30568 bytes.
11-10 15:16:53.802  1622 28271 D CCodec  : client requested max input size 248, which is smaller than what component recommended (8192); overriding with component recommendation.
11-10 15:16:53.802  1622 28271 W CCodec  : This behavior is subject to change. It is recommended that app developers double check whether the requested max input size is in reasonable range.
11-10 15:16:53.802  1622 28271 D CCodec  : encoding statistics level = 0
11-10 15:16:53.802  1622 28271 D CCodec  : setup formats input: AMessage(what = 0x00000000) = {
11-10 15:16:53.802  1622 28271 D CCodec  :   int32_t aac-drc-album-mode = 0
11-10 15:16:53.802  1622 28271 D CCodec  :   int32_t aac-drc-boost-level = 127
11-10 15:16:53.802  1622 28271 D CCodec  :   int32_t aac-drc-cut-level = 127
11-10 15:16:53.802  1622 28271 D CCodec  :   int32_t aac-drc-effect-type = 3
11-10 15:16:53.802  1622 28271 D CCodec  :   int32_t aac-encoded-target-level = -1
11-10 15:16:53.802  1622 28271 D CCodec  :   int32_t aac-max-output-channel_count = 8
11-10 15:16:53.802  1622 28271 D CCodec  :   int32_t aac-target-ref-level = 64
11-10 15:16:53.802  1622 28271 D CCodec  :   int32_t bitrate = 64000
11-10 15:16:53.802  1622 28271 D CCodec  :   int32_t channel-count = 2
11-10 15:16:53.802  1622 28271 D CCodec  :   int32_t channel-mask = 0
11-10 15:16:53.802  1622 28271 D CCodec  :   int32_t level = 0
11-10 15:16:53.802  1622 28271 D CCodec  :   int32_t max-input-size = 8192
11-10 15:16:53.802  1622 28271 D CCodec  :   int32_t max-output-channel-count = 8
11-10 15:16:53.802  1622 28271 D CCodec  :   string mime = "audio/mp4a-latm"
11-10 15:16:53.802  1622 28271 D CCodec  :   int32_t profile = 2
11-10 15:16:53.802  1622 28271 D CCodec  :   int32_t sample-rate = 22050
11-10 15:16:53.802  1622 28271 D CCodec  : }
11-10 15:16:53.802  1622 28271 D CCodec  : setup formats output: AMessage(what = 0x00000000) = {
11-10 15:16:53.802  1622 28271 D CCodec  :   int32_t aac-drc-album-mode = 0
11-10 15:16:53.802  1622 28271 D CCodec  :   int32_t aac-drc-boost-level = 127
11-10 15:16:53.802  1622 28271 D CCodec  :   int32_t aac-drc-cut-level = 127
11-10 15:16:53.802  1622 28271 D CCodec  :   int32_t aac-drc-effect-type = 3
11-10 15:16:53.802  1622 28271 D CCodec  :   int32_t aac-drc-output-loudness = -1
11-10 15:16:53.802  1622 28271 D CCodec  :   int32_t aac-encoded-target-level = -1
11-10 15:16:53.802  1622 28271 D CCodec  :   int32_t aac-max-output-channel_count = 8
11-10 15:16:53.802  1622 28271 D CCodec  :   int32_t aac-target-ref-level = 64
11-10 15:16:53.802  1622 28271 D CCodec  :   int32_t buffer-batch-max-output-size = 0
11-10 15:16:53.802  1622 28271 D CCodec  :   int32_t buffer-batch-threshold-output-size = 0
11-10 15:16:53.802  1622 28271 D CCodec  :   int32_t channel-count = 2
11-10 15:16:53.802  1622 28271 D CCodec  :   int32_t channel-mask = 0
11-10 15:16:53.802  1622 28271 D CCodec  :   int32_t max-output-channel-count = 8
11-10 15:16:53.802  1622 28271 D CCodec  :   string mime = "audio/raw"
11-10 15:16:53.802  1622 28271 D CCodec  :   int32_t sample-rate = 22050
11-10 15:16:53.802  1622 28271 D CCodec  :   int32_t encoder-delay = 2112
11-10 15:16:53.802  1622 28271 D CCodec  :   int32_t encoder-padding = 960
11-10 15:16:53.802  1622 28271 D CCodec  :   int32_t android._config-pcm-encoding = 2
11-10 15:16:53.802  1622 28271 D CCodec  : }
11-10 15:16:53.803  1622 28271 I CCodecConfig: query failed after returning 21 values (BAD_INDEX)
11-10 15:16:53.803  1622 28271 E mediaserver: Failed to query component interface for required system resources: 6
11-10 15:16:53.803  1884  2736 I SdkSandboxManager: No SDKs used. Skipping SDK data reconcilation for CallingInfo{mUid=10658, mPackageName='com.example.mobiledigger, mAppProcessToken='null'}
11-10 15:16:53.803  1622 28271 I MediaCodec: MediaCodec will operate in async mode
11-10 15:16:53.803  1622 28270 D MediaCodec: keep callback message for reclaim
11-10 15:16:53.804  1431  2167 W USF     : USF_API: Drop flicker data, cannot find sampling_id:84682!
11-10 15:16:53.805 12933 12955 D PackageUpdatedTask: Package updated: mOp=UPDATE packages=[com.example.mobiledigger], user=UserHandle{0}
11-10 15:16:53.807  1622 28271 D CCodecBufferChannel: [c2.android.aac.decoder#251] Created input block pool with allocatorID 16 => poolID 2995 - OK (0)
11-10 15:16:53.808 31972 31972 I Finsky:background: [2] agim - Received: android.intent.action.PACKAGE_REMOVED, [F8SdPmz-nDnkHAASXyGhRL_JSafYynzTZ1KyLvYja6g]
11-10 15:16:53.809  1884  2465 I RoleService: Granting default roles...
11-10 15:16:53.809  1622 28271 I CCodecBufferChannel: [c2.android.aac.decoder#251] Created output block pool with allocatorID 16 => poolID 39546 - OK
11-10 15:16:53.810 14050 14050 W MediaPlayerWrapper: The session was destroyed com.example.mobiledigger
11-10 15:16:53.810  1884  5670 W MediaSessionRecord: Ignoring call to destroyed session
11-10 15:16:53.810 14050 14050 W MediaControlGattService: Feature MEDIA_STATE support: true
11-10 15:16:53.810  1884  2819 D ActivityManager: sync unfroze 14132 com.google.android.euicc for 6
11-10 15:16:53.811 14050 14050 I BluetoothAdapterProperties: getBondedDevices: length=11
11-10 15:16:53.811  3038  3038 I RegisteredComponentCache: generateComponentsList: New Components => 
11-10 15:16:53.811  3038  3038 I RegisteredComponentCache: ComponentInfo: ResolveInfo{ba5f3c8 com.google.android.tag/com.android.apps.tag.TagViewer m=0x108000 userHandle=UserHandle{0}}, techs: android.nfc.tech.Ndef, 
11-10 15:16:53.811  3038  3038 I RegisteredComponentCache: ComponentInfo: ResolveInfo{a9fec61 com.paypal.android.p2pmobile/com.paypal.android.pdsdk.ui.receive.PayDropReceiveActivity$EntryPoint m=0x108000 userHandle=UserHandle{0}}, techs: android.nfc.tech.IsoDep, 
11-10 15:16:53.811  3038  3038 I RegisteredComponentCache: ComponentInfo: ResolveInfo{4236386 com.paypal.android.p2pmobile/com.paypal.android.pdsdk.ui.send.PayDropSendingStatusActivity$EntryPoint m=0x108000 userHandle=UserHandle{0}}, techs: android.nfc.tech.IsoDep, 
11-10 15:16:53.811  3038  3038 I RegisteredComponentCache: ComponentInfo: ResolveInfo{b086447 com.paypal.android.p2pmobile/com.paypal.android.pdsdk.ui.send.enteramount.PayDropEnterAmountActivity$EntryPoint m=0x108000 userHandle=UserHandle{0}}, techs: android.nfc.tech.IsoDep, 
11-10 15:16:53.811  3038  3038 I RegisteredComponentCache: generateComponentsList: Removed Components => 
11-10 15:16:53.811  3038  3038 I RegisteredComponentCache: ComponentInfo: ResolveInfo{687a667 com.google.android.tag/com.android.apps.tag.TagViewer m=0x108000 userHandle=UserHandle{0}}, techs: android.nfc.tech.Ndef, 
11-10 15:16:53.811  3038  3038 I RegisteredComponentCache: ComponentInfo: ResolveInfo{71f6c14 com.paypal.android.p2pmobile/com.paypal.android.pdsdk.ui.receive.PayDropReceiveActivity$EntryPoint m=0x108000 userHandle=UserHandle{0}}, techs: android.nfc.tech.IsoDep, 
11-10 15:16:53.811  3038  3038 I RegisteredComponentCache: ComponentInfo: ResolveInfo{6c74cbd com.paypal.android.p2pmobile/com.paypal.android.pdsdk.ui.send.PayDropSendingStatusActivity$EntryPoint m=0x108000 userHandle=UserHandle{0}}, techs: android.nfc.tech.IsoDep, 
11-10 15:16:53.811 14050 14050 W MediaControlGattService: Feature PLAYER_NAME support: true
11-10 15:16:53.811  3038  3038 I RegisteredComponentCache: ComponentInfo: ResolveInfo{36b72b2 com.paypal.android.p2pmobile/com.paypal.android.pdsdk.ui.send.enteramount.PayDropEnterAmountActivity$EntryPoint m=0x108000 userHandle=UserHandle{0}}, techs: android.nfc.tech.IsoDep, 
11-10 15:16:53.811 14050 14050 W MediaControlGattService: Feature PLAYER_ICON_URL support: false
11-10 15:16:53.811 14050 14050 W MediaControlGattService: Feature PLAYER_ICON_OBJ_ID support: false
11-10 15:16:53.811 14050 14050 W MediaControlGattService: Feature CURRENT_TRACK_SEGMENT_OBJ_ID support: false
11-10 15:16:53.811 14050 14050 W MediaControlGattService: Feature CURRENT_TRACK_OBJ_ID support: false
11-10 15:16:53.811 14050 14050 W MediaControlGattService: Feature NEXT_TRACK_OBJ_ID support: false
11-10 15:16:53.811 14050 14050 W MediaControlGattService: Feature CURRENT_GROUP_OBJ_ID support: false
11-10 15:16:53.811 14050 14050 W MediaControlGattService: Feature PARENT_GROUP_OBJ_ID support: false
11-10 15:16:53.811 14050 14050 W MediaControlGattService: Feature SEARCH_RESULT_OBJ_ID support: false
11-10 15:16:53.811 14050 14050 W MediaControlGattService: Feature TRACK_TITLE support: true
11-10 15:16:53.811 14050 14050 W MediaControlGattService: Feature TRACK_DURATION support: true
11-10 15:16:53.811 14050 14050 W MediaControlGattService: Feature TRACK_POSITION support: true
11-10 15:16:53.811 14050 14050 W MediaControlGattService: Feature TRACK_POSITION_NOTIFY support: true
11-10 15:16:53.811 14050 14050 W MediaControlGattService: Feature MEDIA_STATE support: true
11-10 15:16:53.811 14050 14050 W MediaControlGattService: Feature MEDIA_STATE support: true
11-10 15:16:53.811 14050 14050 W MediaControlGattService: Feature PLAYBACK_SPEED support: true
11-10 15:16:53.811 14050 14050 W MediaControlGattService: Feature PLAYBACK_SPEED support: true
11-10 15:16:53.811 14050 14050 W MediaControlGattService: Feature PLAYBACK_SPEED support: true
11-10 15:16:53.811 14050 14050 W MediaControlGattService: Feature SEEKING_SPEED support: true
11-10 15:16:53.811 14050 14050 W MediaControlGattService: Feature SEEKING_SPEED support: true
11-10 15:16:53.811 14050 14050 W MediaControlGattService: Feature SEEKING_SPEED support: true
11-10 15:16:53.811 14050 14050 W MediaControlGattService: Feature PLAYING_ORDER_SUPPORTED support: true
11-10 15:16:53.811 14050 14050 W MediaControlGattService: Feature PLAYING_ORDER support: true
11-10 15:16:53.811 14050 14050 W MediaControlGattService: Feature MEDIA_CONTROL_POINT_OPCODES_SUPPORTED support: true
11-10 15:16:53.811 14050 14050 W MediaControlGattService: Feature TRACK_POSITION support: true
11-10 15:16:53.811 14050 14050 W MediaControlGattService: Feature TRACK_POSITION_NOTIFY support: true
11-10 15:16:53.811 14050 14050 W MediaControlGattService: Feature MEDIA_STATE support: true
11-10 15:16:53.811 14050 14050 W MediaControlGattService: Feature MEDIA_STATE support: true
11-10 15:16:53.811 14050 14050 I BluetoothAdapterProperties: getBondedDevices: length=11
11-10 15:16:53.811 14050 14050 W MediaControlGattService: Feature TRACK_TITLE support: true
11-10 15:16:53.811 14050 14050 W MediaControlGattService: Feature TRACK_TITLE support: true
11-10 15:16:53.811 14050 14050 W MediaControlGattService: Feature TRACK_TITLE_NOTIFY support: true
11-10 15:16:53.812 14050 14050 I BluetoothAdapterProperties: getBondedDevices: length=11
11-10 15:16:53.812 14050 14050 W MediaControlGattService: Feature TRACK_DURATION support: true
11-10 15:16:53.816  1884  1884 W binder:1884_15: type=1400 audit(0.0:207015): avc:  denied  { getopt } for  scontext=u:r:system_server:s0 tcontext=u:r:shell:s0 tclass=unix_stream_socket permissive=0
11-10 15:16:53.812 14050 14050 W MediaControlGattService: Feature TRACK_DURATION support: true
11-10 15:16:53.812 14050 14050 W MediaControlGattService: Feature TRACK_DURATION_NOTIFY support: true
11-10 15:16:53.812 14050 14050 I BluetoothAdapterProperties: getBondedDevices: length=11
11-10 15:16:53.812 14050 14050 W MediaControlGattService: Feature MEDIA_STATE support: true
11-10 15:16:53.812 14050 14050 W MediaControlGattService: Feature MEDIA_STATE support: true
11-10 15:16:53.812  1622 28271 D CCodecBufferChannel: [c2.android.aac.decoder#251] Configured output block pool ids 39546 => OK
11-10 15:16:53.812  1642 29094 E Codec2-ComponentInterface: We have a failed config
11-10 15:16:53.813 14132 14132 D ActivityThread: Package [com.example.mobiledigger] reported as REPLACED, but missing application info. Assuming REMOVED.
11-10 15:16:53.813  3130  3339 D EuiccConnector: transitionTo: destState=DisconnectedState
11-10 15:16:53.813  3130  3339 D EuiccConnector: moveDeferredMessageAtFrontOfQueue; what=103
11-10 15:16:53.814  3130  3339 D EuiccConnector: handleMessage: new destination call exit/enter
11-10 15:16:53.814  3130  3339 D EuiccConnector: setupTempStateStackWithStatesToEnter: X mTempStateStackCount=1,curStateInfo: null
11-10 15:16:53.814  3130  3339 D EuiccConnector: invokeExitMethods: BindingState
11-10 15:16:53.814  3130  3339 D EuiccConnector: moveTempStackToStateStack: i=0,j=0
11-10 15:16:53.814  3130  3339 D EuiccConnector: moveTempStackToStateStack: X mStateStackTop=0,startingIndex=0,Top=DisconnectedState
11-10 15:16:53.814  3130  3339 D EuiccConnector: invokeEnterMethods: DisconnectedState
11-10 15:16:53.814  3130  3339 D EuiccConnector: handleMessage: X
11-10 15:16:53.814  3130  3339 D EuiccConnector: handleMessage: E msg.what=103
11-10 15:16:53.814  1431  2167 W USF     : USF_API: Drop flicker data, cannot find sampling_id:84682!
11-10 15:16:53.814  3130  3339 D EuiccConnector: processMsg: DisconnectedState
11-10 15:16:53.814 21319 21319 D ActivityThread: Package [com.example.mobiledigger] reported as REPLACED, but missing application info. Assuming REMOVED.
11-10 15:16:53.814  3130  3339 D EuiccConnector: deferMessage: msg=103
11-10 15:16:53.814  3130  3339 D EuiccConnector: handleMessage: X
11-10 15:16:53.815 24892 24996 I AiAiAutofill: (REDACTED) Candidate Providers: [%s]
11-10 15:16:53.817 14132 14132 D ActivityThread: Package [com.example.mobiledigger] reported as REPLACED, but missing application info. Assuming REMOVED.
11-10 15:16:53.817 21319 21319 D ActivityThread: Package [com.example.mobiledigger] reported as REPLACED, but missing application info. Assuming REMOVED.
11-10 15:16:53.818  1642 28276 D SimpleC2Component: Using output block pool with poolID 39546 => got 39546 - 0
11-10 15:16:53.820 14050 14050 I BluetoothAdapterProperties: getBondedDevices: length=11
11-10 15:16:53.820  1884  2730 D BackgroundInstallControlService: Package event received: 0
11-10 15:16:53.820  1884  2730 D BackgroundInstallControlService: Package event received: 0
11-10 15:16:53.820  1884  2730 D BackgroundInstallControlService: Package event received: 0
11-10 15:16:53.820 14050 14050 W MediaControlGattService: Feature TRACK_CHANGED support: true
11-10 15:16:53.820  1884  2086 D PackageInstallerSession: Marking session 1046630577 as applied
11-10 15:16:53.820 24892 28278 I AiAiEcho: (REDACTED) AppIndexer Package:[%s] UserProfile:[%d] Enabled:[%s].
11-10 15:16:53.820 24892 28278 I AiAiEcho: (REDACTED) AppFetcherImplV2 updateApps package:[%s], userId:[%d], reason:[%s].
11-10 15:16:53.821  1622 28271 W mediaserver: AIBinder_linkToDeath is being called with a non-null cookie and no onUnlink callback set. This might not be intended. AIBinder_DeathRecipient_setOnUnlinked should be called first.
11-10 15:16:53.822  1884  2437 D InstallDependencyHelper: Session complete for 1046630577
11-10 15:16:53.824  1431  2167 W USF     : USF_API: Drop flicker data, cannot find sampling_id:84682!
11-10 15:16:53.827  1642 28276 I C2SoftAacDec: Reconfiguring decoder: 0->44100 Hz, 0->2 channels
11-10 15:16:53.816  1884  1884 W binder:1884_15: type=1400 audit(0.0:207016): avc:  denied  { getopt } for  scontext=u:r:system_server:s0 tcontext=u:r:shell:s0 tclass=unix_stream_socket permissive=0
11-10 15:16:53.816  1884  1884 W binder:1884_15: type=1400 audit(0.0:207017): avc:  denied  { getopt } for  scontext=u:r:system_server:s0 tcontext=u:r:shell:s0 tclass=unix_stream_socket permissive=0
11-10 15:16:53.831  1642 28276 W mediaswcodec: AIBinder_linkToDeath is being called with a non-null cookie and no onUnlink callback set. This might not be intended. AIBinder_DeathRecipient_setOnUnlinked should be called first.
11-10 15:16:53.834  1622 28271 D CCodecConfig: c2 config diff is   c2::u32 raw.channel-mask.value = 12
11-10 15:16:53.834  1622 28271 D CCodecConfig:   c2::u32 raw.sample-rate.value = 44100
11-10 15:16:53.834  1431  2167 W USF     : USF_API: Drop flicker data, cannot find sampling_id:84682!
11-10 15:16:53.834  1622 28271 D CCodecBuffers: [c2.android.aac.decoder#251:Output[N]] popFromStashAndRegister: at 0us, output format changed to AMessage(what = 0x00000000) = {
11-10 15:16:53.834  1622 28271 D CCodecBuffers:   int32_t aac-drc-album-mode = 0
11-10 15:16:53.834  1622 28271 D CCodecBuffers:   int32_t aac-drc-boost-level = 127
11-10 15:16:53.834  1622 28271 D CCodecBuffers:   int32_t aac-drc-cut-level = 127
11-10 15:16:53.834  1622 28271 D CCodecBuffers:   int32_t aac-drc-effect-type = 3
11-10 15:16:53.834  1622 28271 D CCodecBuffers:   int32_t aac-drc-output-loudness = -1
