11-10 15:05:22.198  1884  4325 W AppSearchAppsUtil: 	at android.app.ApplicationPackageManager.getProperty(ApplicationPackageManager.java:3952)
11-10 15:05:22.198  1884  4325 W AppSearchAppsUtil: 	at com.android.server.appsearch.appsindexer.AppsIndexerImpl.doUpdateIncrementalPut(go/retraceme 7965b89a256ee83d6a37d50af223386e31a1f9c90240702ba162172dbd131206:76)
11-10 15:05:22.198  1884  4325 W AppSearchAppsUtil: 	at com.android.server.appsearch.appsindexer.AppsIndexerUserInstance.doUpdate(go/retraceme 7965b89a256ee83d6a37d50af223386e31a1f9c90240702ba162172dbd131206:75)
11-10 15:05:22.198  1884  4325 W AppSearchAppsUtil: 	at com.android.server.appsearch.appsindexer.AppsIndexerUserInstance$$ExternalSyntheticLambda3.run(go/retraceme 7965b89a256ee83d6a37d50af223386e31a1f9c90240702ba162172dbd131206:11)
11-10 15:05:22.198  1884  4325 W AppSearchAppsUtil: 	at com.android.server.appsearch.appsindexer.AppsIndexerUserInstance$$ExternalSyntheticLambda0.run(go/retraceme 7965b89a256ee83d6a37d50af223386e31a1f9c90240702ba162172dbd131206:10)
11-10 15:05:22.198  1884  4325 W AppSearchAppsUtil: 	at java.util.concurrent.ThreadPoolExecutor.runWorker(ThreadPoolExecutor.java:1156)
11-10 15:05:22.198  1884  4325 W AppSearchAppsUtil: 	at java.util.concurrent.ThreadPoolExecutor$Worker.run(ThreadPoolExecutor.java:651)
11-10 15:05:22.198  1884  4325 W AppSearchAppsUtil: 	at java.lang.Thread.run(Thread.java:1119)
11-10 15:05:22.198  1884  4325 W AppSearchAppsUtil: getDynamicAppFunctionSchemasForPackages: Failed to get schema property for package: com.google.android.apps.wellbeing
11-10 15:05:22.198  1884  4325 W AppSearchAppsUtil: android.content.pm.PackageManager$NameNotFoundException
11-10 15:05:22.198  1884  4325 W AppSearchAppsUtil: 	at android.app.ApplicationPackageManager.getPropertyAsUser(ApplicationPackageManager.java:3965)
11-10 15:05:22.198  1884  4325 W AppSearchAppsUtil: 	at android.app.ApplicationPackageManager.getProperty(ApplicationPackageManager.java:3952)
11-10 15:05:22.198  1884  4325 W AppSearchAppsUtil: 	at com.android.server.appsearch.appsindexer.AppsIndexerImpl.doUpdateIncrementalPut(go/retraceme 7965b89a256ee83d6a37d50af223386e31a1f9c90240702ba162172dbd131206:76)
11-10 15:05:22.198  1884  4325 W AppSearchAppsUtil: 	at com.android.server.appsearch.appsindexer.AppsIndexerUserInstance.doUpdate(go/retraceme 7965b89a256ee83d6a37d50af223386e31a1f9c90240702ba162172dbd131206:75)
11-10 15:05:22.198  1884  4325 W AppSearchAppsUtil: 	at com.android.server.appsearch.appsindexer.AppsIndexerUserInstance$$ExternalSyntheticLambda3.run(go/retraceme 7965b89a256ee83d6a37d50af223386e31a1f9c90240702ba162172dbd131206:11)
11-10 15:05:22.198  1884  4325 W AppSearchAppsUtil: 	at com.android.server.appsearch.appsindexer.AppsIndexerUserInstance$$ExternalSyntheticLambda0.run(go/retraceme 7965b89a256ee83d6a37d50af223386e31a1f9c90240702ba162172dbd131206:10)
11-10 15:05:22.198  1884  4325 W AppSearchAppsUtil: 	at java.util.concurrent.ThreadPoolExecutor.runWorker(ThreadPoolExecutor.java:1156)
11-10 15:05:22.198  1884  4325 W AppSearchAppsUtil: 	at java.util.concurrent.ThreadPoolExecutor$Worker.run(ThreadPoolExecutor.java:651)
11-10 15:05:22.198  1884  4325 W AppSearchAppsUtil: 	at java.lang.Thread.run(Thread.java:1119)
11-10 15:05:22.200  1884  2447 V Configuration: Updating configuration, locales updated from [] to [en_US,ro_RO]
11-10 15:05:22.200  1884  2447 V Configuration: Updating configuration, locales updated from [] to [en_US,ro_RO]
11-10 15:05:22.200  1884  2447 V Configuration: Updating configuration, locales updated from [] to [en_US,ro_RO]
11-10 15:05:22.200  1884  2447 V Configuration: Updating configuration, locales updated from [] to [ro_RO,en_US]
11-10 15:05:22.201  1884  2447 V Configuration: Updating configuration, locales updated from [] to [en_US,ro_RO]
11-10 15:05:22.201  1884  2447 V Configuration: Updating configuration, locales updated from [] to [en_US,ro_RO]
11-10 15:05:22.201  1884  2447 V Configuration: Updating configuration, locales updated from [] to [en_US]
11-10 15:05:22.201  1431  2167 W USF     : USF_API: Drop flicker data, cannot find sampling_id:84682!
11-10 15:05:22.201  1884  2447 V Configuration: Updating configuration, locales updated from [] to [en_US,ro_RO]
11-10 15:05:22.201  1884  2447 V Configuration: Updating configuration, locales updated from [] to [en_US,ro_RO]
11-10 15:05:22.201  1884  2447 V Configuration: Updating configuration, locales updated from [] to [en_US,ro_RO]
11-10 15:05:22.201  1884  2447 V Configuration: Updating configuration, locales updated from [] to [en_US,ro_RO]
11-10 15:05:22.201  1884  2447 V Configuration: Updating configuration, locales updated from [] to [en_US,ro_RO]
11-10 15:05:22.200 25498 25582 I outlook.platformSDK: Skipping loading [ComposeDynamicActionBarPartner] since requirements not fulfilled.
11-10 15:05:22.201  1884  2447 V Configuration: Updating configuration, locales updated from [] to [ro_RO,en_US]
11-10 15:05:22.201  1884  2447 V Configuration: Updating configuration, locales updated from [] to [en_US,ro_RO]
11-10 15:05:22.201  1884  2447 V Configuration: Updating configuration, locales updated from [] to [en_US]
11-10 15:05:22.202  1884  2447 V Configuration: Updating configuration, locales updated from [] to [ro_RO]
11-10 15:05:22.202  1884  2447 V Configuration: Updating configuration, locales updated from [] to [en_US,ro_RO]
11-10 15:05:22.202  1884  2447 V Configuration: Updating configuration, locales updated from [] to [en_US,ro_RO]
11-10 15:05:22.202  1884  2447 V Configuration: Updating configuration, locales updated from [] to [en_US,ro_RO]
11-10 15:05:22.202  1884  2447 V Configuration: Updating configuration, locales updated from [] to [en_US,ro_RO]
11-10 15:05:22.202  1884  2447 V Configuration: Updating configuration, locales updated from [] to [en_US,ro_RO]
11-10 15:05:22.202  1884  2447 V Configuration: Updating configuration, locales updated from [] to [ro_RO,en_US]
11-10 15:05:22.202  1884  2447 V Configuration: Updating configuration, locales updated from [] to [en_US]
11-10 15:05:22.202 25498 25582 I outlook.platformSDK: Skipping loading [ContactsPartner] since requirements not fulfilled.
11-10 15:05:22.203 25498 25582 I outlook.platformSDK: Skipping loading [EventComposePartner] since requirements not fulfilled.
11-10 15:05:22.203 25498 25582 I outlook.platformSDK: Skipping loading [FileViewer] since requirements not fulfilled.
11-10 15:05:22.204  1884  5659 D LauncherAppsService: getActivityLaunchIntent callingPackage=com.android.systemui component=ComponentInfo{com.openai.chatgpt/com.openai.chatgpt.MainActivity} user=UserHandle{0}
11-10 15:05:22.205  1884  5659 D LauncherAppsService: getActivityLaunchIntent callingPackage=com.android.systemui component=ComponentInfo{com.orange.contultauorange/com.orange.contultauorange.presentation.entry.EntryActivity} user=UserHandle{0}
11-10 15:05:22.206  1884  5659 D LauncherAppsService: getActivityLaunchIntent callingPackage=com.android.systemui component=ComponentInfo{com.paurau.SlowMoRun/com.unity3d.player.UnityPlayerActivity} user=UserHandle{0}
11-10 15:05:22.207 25498 25582 I outlook.platformSDK: Skipping loading [ScheduleFromEmail] since requirements not fulfilled.
11-10 15:05:22.208 25498 25582 I outlook.platformSDK: Skipping loading [SchedulingAssistant] since requirements not fulfilled.
11-10 15:05:22.208 25498 25582 I outlook.platformSDK: requestLoadContributionsAsyncV2[ReactNativePackagesContribution] - Packages[2]
11-10 15:05:22.208 25498 25582 I outlook.platformSDK: initialize[PlatformSdkRN] -> IsComplete[false]
11-10 15:05:22.209 25498 25582 I outlook.platformSDK: createPartnerAsync called for [PlatformSdkRN]
11-10 15:05:22.209  1884  5659 D LauncherAppsService: getActivityLaunchIntent callingPackage=com.android.systemui component=ComponentInfo{com.rarlab.rar/com.rarlab.rar.MainActivity} user=UserHandle{0}
11-10 15:05:22.210 25498 25582 I PartnerAssetManager: No files to download for partner: PlatformSdkRN
11-10 15:05:22.210  1431  2167 W USF     : USF_API: Drop flicker data, cannot find sampling_id:84682!
11-10 15:05:22.213  1884  5659 D LauncherAppsService: getActivityLaunchIntent callingPackage=com.android.systemui component=ComponentInfo{com.reddit.frontpage/launcher.default} user=UserHandle{0}
11-10 15:05:22.214  1884  5659 D LauncherAppsService: getActivityLaunchIntent callingPackage=com.android.systemui component=ComponentInfo{com.redhands.twoplayergames/com.unity3d.player.UnityPlayerActivity} user=UserHandle{0}
11-10 15:05:22.214  1884  2447 V Configuration: Updating configuration, locales updated from [] to [en_US,ro_RO]
11-10 15:05:22.214  1884  2447 V Configuration: Updating configuration, locales updated from [] to [ro_RO]
11-10 15:05:22.214  1884  2447 V Configuration: Updating configuration, locales updated from [] to [en_US,ro_RO]
11-10 15:05:22.215  1884  2447 V Configuration: Updating configuration, locales updated from [] to [en_US,ro_RO]
11-10 15:05:22.215  1884  2447 V Configuration: Updating configuration, locales updated from [] to [en_US,ro_RO]
11-10 15:05:22.215  1884  2447 V Configuration: Updating configuration, locales updated from [] to [en_US,ro_RO]
11-10 15:05:22.215  1884  2447 V Configuration: Updating configuration, locales updated from [] to [en_US,ro_RO]
11-10 15:05:22.215  1884  2447 V Configuration: Updating configuration, locales updated from [] to [en_US]
11-10 15:05:22.215  1884  2447 V Configuration: Updating configuration, locales updated from [] to [en_US]
11-10 15:05:22.215  1884  2447 V Configuration: Updating configuration, locales updated from [] to [ro_RO,en_US]
11-10 15:05:22.215  1884  2447 V Configuration: Updating configuration, locales updated from [] to [en_US,ro_RO]
11-10 15:05:22.215  1884  2447 V Configuration: Updating configuration, locales updated from [] to [en_US,ro_RO]
11-10 15:05:22.216  1884  2447 V Configuration: Updating configuration, locales updated from [] to [en_US,ro_RO]
11-10 15:05:22.216  1884  2447 V Configuration: Updating configuration, locales updated from [] to [en_US,ro_RO]
11-10 15:05:22.216  1884  2447 V Configuration: Updating configuration, locales updated from [] to [en_US,ro_RO]
11-10 15:05:22.216  1884  2447 V Configuration: Updating configuration, locales updated from [] to [en_US,ro_RO]
11-10 15:05:22.216  1884  2447 V Configuration: Updating configuration, locales updated from [] to [en_US]
11-10 15:05:22.216  1884  2447 V Configuration: Updating configuration, locales updated from [] to [en_US,ro_RO]
11-10 15:05:22.216  1884  2447 V Configuration: Updating configuration, locales updated from [] to [en_US]
11-10 15:05:22.216  1884  2447 V Configuration: Updating configuration, locales updated from [] to [en_US,ro_RO]
11-10 15:05:22.216  1884  2447 V Configuration: Updating configuration, locales updated from [] to [en_US,ro_RO]
11-10 15:05:22.216  1884  2447 V Configuration: Updating configuration, locales updated from [] to [en_US,ro_RO]
11-10 15:05:22.217  1884  2447 V Configuration: Updating configuration, locales updated from [] to [en_US]
11-10 15:05:22.218  7174  7211 I Finsky  : [1039] AIM: AppInfoManager-Perf > OnDeviceAppInfo > cacheHitCount=1, cacheMissCount=0. Missed  in cache (limit 10) : []
11-10 15:05:22.219  7174  7211 I Finsky  : [1039] AIM: Got app ownership map. App counts: . Unique apps: 0
11-10 15:05:22.219  7174  7211 E Finsky  : [1039] [Counters] attempted to use a non-positive increment for: 4752
11-10 15:05:22.220 25498 25582 I outlook.platformSDK: Attempting to create partner[PlatformSdkRN]
11-10 15:05:22.220  1431  2167 W USF     : USF_API: Drop flicker data, cannot find sampling_id:84682!
11-10 15:05:22.221 25498 25582 I outlook.platformSDK: initialize[PlatformSdkRN] <- IsComplete[true]
11-10 15:05:22.221 25498 25582 I outlook.platformSDK: Package[PlatformSdkRN] Contribution[PlatformSdkRnPackagesContribution]
11-10 15:05:22.226 21379 25929 I brb     : Found: 2 changed packages for sequence number: 2452, new sequence number: 2455
11-10 15:05:22.226  1884  3104 D LauncherAppsService: getActivityLaunchIntent callingPackage=com.android.systemui component=ComponentInfo{com.revolut.revolut/com.revolut.ui.login.pin.LoginActivity} user=UserHandle{0}
11-10 15:05:22.229 24789 24789 D ActivityThread: Package [com.example.mobiledigger] reported as REPLACED, but missing application info. Assuming REMOVED.
11-10 15:05:22.229  1884  2447 V Configuration: Updating configuration, locales updated from [] to [en_US,ro_RO]
11-10 15:05:22.229  1431  2167 W USF     : USF_API: Drop sample report, cannot find sampling_id:84682
11-10 15:05:22.229  1884  2920 E ApduServiceInfo: Not adding <aid-group> with empty or invalid AIDs
11-10 15:05:22.230  1884  3104 D LauncherAppsService: getActivityLaunchIntent callingPackage=com.android.systemui component=ComponentInfo{com.rlg.future.robot.transform.car.racing/com.unity3d.player.UnityPlayerActivity} user=UserHandle{0}
11-10 15:05:22.230  1884  5666 D ActivityManager: sync unfroze 24789 com.microsoft.windowsintune.companyportal:omadm_client_process for 6
11-10 15:05:22.230  1431  2167 W USF     : USF_API: Drop flicker data, cannot find sampling_id:84682!
11-10 15:05:22.231  1884  3104 D LauncherAppsService: getActivityLaunchIntent callingPackage=com.android.systemui component=ComponentInfo{com.sameday.client.mobile/com.sameday.client.mobile.MainActivity} user=UserHandle{0}
11-10 15:05:22.236 25498 25498 I OutlookAppComponentFactory: instantiateService, androidx.work.impl.background.systemjob.SystemJobService
11-10 15:05:22.237 24789 24789 D ActivityThread: Package [com.example.mobiledigger] reported as REPLACED, but missing application info. Assuming REMOVED.
11-10 15:05:22.240  1431  2167 W USF     : USF_API: Drop flicker data, cannot find sampling_id:84682!
11-10 15:05:22.240  1884  5473 D LauncherAppsService: getActivityLaunchIntent callingPackage=com.android.systemui component=ComponentInfo{com.smmservice.authenticator/com.smmservice.authenticator.presentation.ui.activity.MainActivity} user=UserHandle{0}
11-10 15:05:22.242  1884  5473 D LauncherAppsService: getActivityLaunchIntent callingPackage=com.android.systemui component=ComponentInfo{com.soundcloud.android/com.soundcloud.android.launcher.LauncherActivity} user=UserHandle{0}
11-10 15:05:22.242  1884  2447 V Configuration: Updating configuration, locales updated from [] to [en_US]
11-10 15:05:22.242  1884  2447 V Configuration: Updating configuration, locales updated from [] to [en_US,ro_RO]
11-10 15:05:22.242  1884  2447 V Configuration: Updating configuration, locales updated from [] to [en_US,ro_RO]
11-10 15:05:22.242  1884  2447 V Configuration: Updating configuration, locales updated from [] to [en_US,ro_RO]
11-10 15:05:22.242  1884  2447 V Configuration: Updating configuration, locales updated from [] to [en_US,ro_RO]
11-10 15:05:22.242  1884  2447 V Configuration: Updating configuration, locales updated from [] to [en_US,ro_RO]
11-10 15:05:22.243  1884  2447 V Configuration: Updating configuration, locales updated from [] to [en_US,ro_RO]
11-10 15:05:22.243  1884  2447 V Configuration: Updating configuration, locales updated from [] to [en_US,ro_RO]
11-10 15:05:22.243  1884  2447 V Configuration: Updating configuration, locales updated from [] to [en_US,ro_RO]
11-10 15:05:22.243  1884  2447 V Configuration: Updating configuration, locales updated from [] to [en_US,ro_RO]
11-10 15:05:22.243  1884  2447 V Configuration: Updating configuration, locales updated from [] to [en_US,ro_RO]
11-10 15:05:22.243  1884  2447 V Configuration: Updating configuration, locales updated from [] to [en_US,ro_RO]
11-10 15:05:22.243  1884  2447 V Configuration: Updating configuration, locales updated from [] to [en_US,ro_RO]
11-10 15:05:22.243  1884  2447 V Configuration: Updating configuration, locales updated from [] to [en_US,ro_RO]
11-10 15:05:22.243  1884  2447 V Configuration: Updating configuration, locales updated from [] to [en_US,ro_RO]
11-10 15:05:22.244  1884  2447 V Configuration: Updating configuration, locales updated from [] to [en_US,ro_RO]
11-10 15:05:22.244  1884  2447 V Configuration: Updating configuration, locales updated from [] to [en_US,ro_RO]
11-10 15:05:22.244  1884  2447 V Configuration: Updating configuration, locales updated from [] to [en_US,ro_RO]
11-10 15:05:22.244  1884  2447 V Configuration: Updating configuration, locales updated from [] to [en_US,ro_RO]
11-10 15:05:22.244  1884  2447 V Configuration: Updating configuration, locales updated from [] to [en_US,ro_RO]
11-10 15:05:22.244  1884  2447 V Configuration: Updating configuration, locales updated from [] to [en_US,ro_RO]
11-10 15:05:22.244  1884  2447 V Configuration: Updating configuration, locales updated from [] to [en_US,ro_RO]
11-10 15:05:22.244  1884  2447 V Configuration: Updating configuration, locales updated from [] to [en_US,ro_RO]
11-10 15:05:22.250  1431  2167 W USF     : USF_API: Drop flicker data, cannot find sampling_id:84682!
11-10 15:05:22.251  7174  7211 I Finsky  : [1039] AIM: Got app ownership map. App counts: . Unique apps: 0
11-10 15:05:22.252  7174  7211 E Finsky  : [1039] [Counters] attempted to use a non-positive increment for: 4752
11-10 15:05:22.253  1884  5659 D LauncherAppsService: getActivityLaunchIntent callingPackage=com.android.systemui component=ComponentInfo{com.splendapps.decibel/com.splendapps.decibel.MainActivity} user=UserHandle{0}
11-10 15:05:22.253  1884  2447 V Configuration: Updating configuration, locales updated from [] to [en_US,ro_RO]
11-10 15:05:22.254  1884  2447 D IntervalStats: Unable to parse usage stats packages: [137, 276, 315, 316, 324, 333, 336, 337, 339, 340, 357, 363, 371, 372, 374, 391, 395, 402, 411, 413, 414, 421, 427, 433, 437, 457, 459, 460, 461, 464, 465, 471, 472, 487, 488, 489, 490, 494, 495, 509, 510, 511, 512, 513, 514, 515, 517, 518, 519, 520, 523, 529, 531, 532, 534, 538, 539, 540, 546, 547, 549, 553, 554, 556, 568, 583, 589, 595, 597, 598, 599, 600, 601, 602, 605, 606, 611, 623, 624, 625, 627, 628, 629, 630, 631, 632, 633, 634, 635, 637, 638, 640, 654, 657, 658, 660, 661, 663, 666, 672, 691, 692, 693, 694, 696, 697, 698, 699, 701, 702, 703, 704, 705, 706, 707, 708, 709, 710, 711, 712, 714, 715, 721]
11-10 15:05:22.255  1884  5659 D LauncherAppsService: getActivityLaunchIntent callingPackage=com.android.systemui component=ComponentInfo{com.starplay.spider.fighter.openworld/com.superlevel.fighting.GameActivity} user=UserHandle{0}
11-10 15:05:22.256  1884  3104 D LauncherAppsService: getActivityLaunchIntent callingPackage=com.android.systemui component=ComponentInfo{com.twitter.android/com.twitter.android.StartActivity} user=UserHandle{0}
11-10 15:05:22.256  7174  7211 E Finsky  : [1039] [Counters] attempted to use a non-positive increment for: 4753
11-10 15:05:22.256 25498 25573 I outlook.platformSDK: minInit -> IsComplete[true]
11-10 15:05:22.256  7174  7211 E Finsky  : [1039] [Counters] attempted to use a non-positive increment for: 4753
11-10 15:05:22.256 25498 25573 I outlook.platformSDK: minInit <- IsComplete[true]
11-10 15:05:22.256  1884  3104 D LauncherAppsService: getActivityLaunchIntent callingPackage=com.android.systemui component=ComponentInfo{com.upromania.superup/com.gcd.ro.solde.superup.ui.splash.SuperUpSplashActivity} user=UserHandle{0}
11-10 15:05:22.258  1884  3104 D LauncherAppsService: getActivityLaunchIntent callingPackage=com.android.systemui component=ComponentInfo{com.wallapop/com.wallapop.activities.HomeActivity} user=UserHandle{0}
11-10 15:05:22.258 25498 25573 I outlook.platformSDK: Skipping loading [ActionableMessages] since requirements not fulfilled.
11-10 15:05:22.259 25498 25573 I outlook.platformSDK: Skipping loading [CalendarCategories] since requirements not fulfilled.
11-10 15:05:22.259 25498 25573 I outlook.platformSDK: Skipping loading [ComposeDynamicActionBarPartner] since requirements not fulfilled.
11-10 15:05:22.259 25498 25573 I outlook.platformSDK: Skipping loading [ContactsPartner] since requirements not fulfilled.
11-10 15:05:22.259  1884  3104 D LauncherAppsService: getActivityLaunchIntent callingPackage=com.android.systemui component=ComponentInfo{com.waze/com.waze.FreeMapAppActivity} user=UserHandle{0}
11-10 15:05:22.260  1431  2167 W USF     : USF_API: Drop flicker data, cannot find sampling_id:84682!
11-10 15:05:22.260  1884  3104 D LauncherAppsService: getActivityLaunchIntent callingPackage=com.android.systemui component=ComponentInfo{com.whatsapp/com.whatsapp.Main} user=UserHandle{0}
11-10 15:05:22.261 25498 25648 I SyncMigrationStatusTracker: Updating MigrationStatus from Undetermined to Unneeded
11-10 15:05:22.265  1884  5659 D LauncherAppsService: getActivityLaunchIntent callingPackage=com.android.systemui component=ComponentInfo{com.zhiliaoapp.musically/com.ss.android.ugc.aweme.splash.SplashActivity} user=UserHandle{0}
11-10 15:05:22.265 25498 25573 I outlook.platformSDK: Skipping loading [EventComposePartner] since requirements not fulfilled.
11-10 15:05:22.266 25498 25573 I outlook.platformSDK: Skipping loading [FileViewer] since requirements not fulfilled.
11-10 15:05:22.268  1884  3104 D LauncherAppsService: getActivityLaunchIntent callingPackage=com.android.systemui component=ComponentInfo{de.mobile.android.app/de.mobile.android.app.splash.Splash} user=UserHandle{0}
11-10 15:05:22.269  1884  3104 D LauncherAppsService: getActivityLaunchIntent callingPackage=com.android.systemui component=ComponentInfo{epson.print/epson.print.WellcomeScreenActivity} user=UserHandle{0}
11-10 15:05:22.270  1431  2167 W USF     : USF_API: Drop flicker data, cannot find sampling_id:84682!
11-10 15:05:22.273  1884  4758 D LauncherAppsService: getActivityLaunchIntent callingPackage=com.android.systemui component=ComponentInfo{fr.vinted/com.vinted.feature.shell.MDActivity} user=UserHandle{0}
11-10 15:05:22.275  1884  3104 D LauncherAppsService: getActivityLaunchIntent callingPackage=com.android.systemui component=ComponentInfo{io.supercent.linkedcubic/com.unity3d.player.UnityPlayerActivity} user=UserHandle{0}
11-10 15:05:22.276  7174  7220 I Finsky  : [1048] AIM: AppInfoManager-Perf > ItemModel > CacheSize=190, cacheHitCount=0, cacheMissCount=0, total appsWithNoServerDataCount=4. Missed  in cache (limit 10) : []
11-10 15:05:22.276  1884  3104 D LauncherAppsService: getActivityLaunchIntent callingPackage=com.android.systemui component=ComponentInfo{io.voodoo.holeio/com.google.firebase.MessagingUnityPlayerActivity} user=UserHandle{0}
11-10 15:05:22.277  1884  3104 D LauncherAppsService: getActivityLaunchIntent callingPackage=com.android.systemui component=ComponentInfo{io.voodoo.paper2/com.unity3d.player.UnityPlayerActivity} user=UserHandle{0}
11-10 15:05:22.277 14132 25928 I EuiccGoogle: [1135] EuiccServiceImpl.onGetEuiccProfileInfoList: onGetEuiccProfileInfoList: Profile nickname = 1GLOBAL.
11-10 15:05:22.277  1884  3104 D LauncherAppsService: getActivityLaunchIntent callingPackage=com.android.systemui component=ComponentInfo{nl.marktplaats.android/com.horizon.android.feature.feeds.homepage.SpringboardActivity} user=UserHandle{0}
11-10 15:05:22.277 14132 25928 I EuiccGoogle: [1135] EuiccServiceImpl.onGetEuiccProfileInfoList: onGetEuiccProfileInfoList: Profile info = EuiccProfileInfo (nickname=1GLOBAL, serviceProviderName=1GLOBAL, profileName=1GLOBAL, profileClass=2, state=0, CarrierIdentifier=CarrierIdentifier{mcc=204,mnc=08,spn=null,imsi=null,gid1=547275554B3030656E,gid2=547275554B3030656E,carrierid=-1,specificCarrierId=-1}, policyRules=0, accessRules=[cert: 52F308E2848EBF1FEA098A565D54A17B1CA9747D pkg: com.revolut.revolut access: 1, cert: BB9216C690E2EC5CF9FEF6E4D02E7B40ED159143 pkg: com.revolut.revolut access: 1], iccid=894447861[****]).
11-10 15:05:22.278  1884  3104 D LauncherAppsService: getActivityLaunchIntent callingPackage=com.android.systemui component=ComponentInfo{org.chromium.webapk.a15bc299c036bd0c4_v2/org.chromium.webapk.shell_apk.h2o.H2OOpaqueMainActivity} user=UserHandle{0}
11-10 15:05:22.279  1884  3104 D LauncherAppsService: getActivityLaunchIntent callingPackage=com.android.systemui component=ComponentInfo{org.chromium.webapk.acf6f8d2b6ee0ba22_v2/org.chromium.webapk.shell_apk.h2o.H2OOpaqueMainActivity} user=UserHandle{0}
11-10 15:05:22.280  1431  2167 W USF     : USF_API: Drop flicker data, cannot find sampling_id:84682!
11-10 15:05:22.280  3130  3339 D EuiccConnector: handleMessage: E msg.what=6
11-10 15:05:22.280  3130  3339 D EuiccConnector: processMsg: ConnectedState
11-10 15:05:22.280  3130  3339 D EuiccConnector: handleMessage: X
11-10 15:05:22.281  1884  2447 D LauncherAppsService: getActivityLaunchIntent callingPackage=com.android.systemui component=ComponentInfo{org.devcore.mixingstation/org.devcore.ms.android.MsAndroidLauncher} user=UserHandle{0}
11-10 15:05:22.281  1884  3104 D LauncherAppsService: getActivityLaunchIntent callingPackage=com.android.systemui component=ComponentInfo{org.intoorbit.spectrum/org.intoorbit.spectrum.SpectrumActivity} user=UserHandle{0}
11-10 15:05:22.282  1884  3104 D LauncherAppsService: getActivityLaunchIntent callingPackage=com.android.systemui component=ComponentInfo{org.localsend.localsend_app/org.localsend.localsend_app.MainActivity} user=UserHandle{0}
11-10 15:05:22.284 25498 25573 I outlook.platformSDK: Skipping loading [ScheduleFromEmail] since requirements not fulfilled.
11-10 15:05:22.284 25498 25573 I outlook.platformSDK: Skipping loading [SchedulingAssistant] since requirements not fulfilled.
11-10 15:05:22.286 25498 25582 I outlook.platformSDK: initialize[Search] -> IsComplete[false]
11-10 15:05:22.286 25498 25582 I outlook.platformSDK: createPartnerAsync called for [Search]
11-10 15:05:22.287 25498 25582 I PartnerAssetManager: No files to download for partner: Search
11-10 15:05:22.287 25498 25582 I outlook.platformSDK: Attempting to create partner[Search]
11-10 15:05:22.288 25498 25573 I outlook.platformSDK: requestLoadContributionsAsyncV2[FirstActivityStartedContribution] - Packages[3]
11-10 15:05:22.288 25498 25573 I outlook.platformSDK: initialize[Add-ins] -> IsComplete[false]
11-10 15:05:22.288 25498 25573 I outlook.platformSDK: createPartnerAsync called for [Add-ins]
11-10 15:05:22.289 25498 25573 I PartnerAssetManager: No files to download for partner: Add-ins
11-10 15:05:22.289 25498 25573 I outlook.platformSDK: Attempting to create partner[Add-ins]
11-10 15:05:22.290  1431  2167 W USF     : USF_API: Drop flicker data, cannot find sampling_id:84682!
11-10 15:05:22.291  1884  3104 D LauncherAppsService: getActivityLaunchIntent callingPackage=com.android.systemui component=ComponentInfo{org.telegram.messenger/org.telegram.messenger.DefaultIcon} user=UserHandle{0}
11-10 15:05:22.293  1884  2447 D LauncherAppsService: getActivityLaunchIntent callingPackage=com.android.systemui component=ComponentInfo{org.videolan.vlc/org.videolan.vlc.StartActivity} user=UserHandle{0}
11-10 15:05:22.294  1884  2447 D LauncherAppsService: getActivityLaunchIntent callingPackage=com.android.systemui component=ComponentInfo{ro.mercador/pl.tablica2.app.startup.activity.StartupActivity} user=UserHandle{0}
11-10 15:05:22.295  1884  2447 D LauncherAppsService: getActivityLaunchIntent callingPackage=com.android.systemui component=ComponentInfo{ro.orange.tvlive/app.solocoo.tv.solocoo.login.splash.SplashActivity} user=UserHandle{0}
11-10 15:05:22.295  1884  2447 D LauncherAppsService: getActivityLaunchIntent callingPackage=com.android.systemui component=ComponentInfo{ro.raiffeisen.eToken/ro.raiffeisen.eToken.launcher.LauncherActivity} user=UserHandle{0}
11-10 15:05:22.296  1884  2447 D LauncherAppsService: getActivityLaunchIntent callingPackage=com.android.systemui component=ComponentInfo{ro.raiffeisen.smartmobile/ro.raiffeisen.smartmobile.presentation.main.LauncherActivity} user=UserHandle{0}
11-10 15:05:22.297  2772  2853 W Looper  : Slow dispatch took 1236ms SysUiBg app=com.android.systemui main=false group=TOP_APP h=android.os.Handler c=com.google.android.systemui.columbus.legacy.actions.LaunchApp$updateAvailableAppsAndShortcutsAsync$1$3@804b3e8 m=0
11-10 15:05:22.297  2772  2853 W Looper  : Slow delivery took 1293ms SysUiBg app=com.android.systemui main=false group=TOP_APP h=android.os.Handler c=com.android.internal.content.PackageMonitor$$ExternalSyntheticLambda0@6417a01 m=0
11-10 15:05:22.300  1431  2167 W USF     : USF_API: Drop flicker data, cannot find sampling_id:84682!
11-10 15:05:22.302  1884  4758 W ParceledListSlice: Element #16 is 30568 bytes.
11-10 15:05:22.309  1431  2167 W USF     : USF_API: Drop flicker data, cannot find sampling_id:84682!
11-10 15:05:22.310  1884  4758 W MediaSessionRecord: Ignoring call to destroyed session
11-10 15:05:22.320  1431  2167 W USF     : USF_API: Drop flicker data, cannot find sampling_id:84682!
11-10 15:05:22.323  1884  4325 E AppSearchAppsIndexerImpl: Certificate not found for package: org.chromium.webapk.a15bc299c036bd0c4_v2
11-10 15:05:22.323  1428  2108 D BTAudioSessionAidl: GetSupportedLatencyModes - Supported LatencyMode= FREE
11-10 15:05:22.328  1884  4325 E AppSearchAppsIndexerImpl: Certificate not found for package: org.chromium.webapk.acf6f8d2b6ee0ba22_v2
11-10 15:05:22.329  1431  2167 W USF     : USF_API: Drop flicker data, cannot find sampling_id:84682!
11-10 15:05:22.339  1431  2167 W USF     : USF_API: Drop flicker data, cannot find sampling_id:84682!
11-10 15:05:22.349  1431  2167 W USF     : USF_API: Drop flicker data, cannot find sampling_id:84682!
11-10 15:05:22.353 21379 25929 I brb     : Handling installed or updated package: com.microsoft.teams
11-10 15:05:22.354 21379 25929 I cip     : Attempting to classify package: com.microsoft.teams using model: bll_1
11-10 15:05:22.355  1430 14081 I bthal.activity: bt_power: AclDataStat: 15:05:21:281 - 15:05:22:355, conn_handle: 11, duration: 1074, acl_data_count: 3, acl_tx_data_count: 2, acl_rx_data_count: 1, total_acl_data_count: 4123
11-10 15:05:22.357 25498 25582 I outlook.platformSDK: initialize[Search] <- IsComplete[true]
11-10 15:05:22.358 25498 25582 I outlook.platformSDK: Package[Search] Contribution[SearchListTabPackageContribution]
11-10 15:05:22.360  1431  2167 W USF     : USF_API: Drop flicker data, cannot find sampling_id:84682!
11-10 15:05:22.370  1431  2167 W USF     : USF_API: Drop flicker data, cannot find sampling_id:84682!
11-10 15:05:22.358 25498 25939 I FcmTokenUpdateJob: Hx FCM token update job starting
11-10 15:05:22.373 25498 25582 I outlook.platformSDK: requestLoadContributionsAsyncV2[ReactNativePackagesContribution] - Loaded[2]
11-10 15:05:22.379  1431  2167 W USF     : USF_API: Drop flicker data, cannot find sampling_id:84682!
11-10 15:05:22.389  1884  2447 D ShortcutService: driveShortcut_4d5b5c80-3541-4fe8-8023-a2649ae5b144 ignored because it isn't pinned by com.android.systemui
11-10 15:05:22.390  1431  2167 W USF     : USF_API: Drop flicker data, cannot find sampling_id:84682!
11-10 15:05:22.400  1431  2167 W USF     : USF_API: Drop flicker data, cannot find sampling_id:84682!
11-10 15:05:22.400  1431  2167 W USF     : USF_API: Drop flicker data, cannot find sampling_id:84682!
11-10 15:05:22.400 25498 25573 I outlook.platformSDK: initialize[Add-ins] <- IsComplete[true]
11-10 15:05:22.400 25498 25573 I outlook.platformSDK: Package[Add-ins] Contribution[AddinsFirstActivityStartedContribution]
11-10 15:05:22.401 25498 25573 I outlook.platformSDK: initialize[Iris] -> IsComplete[false]
11-10 15:05:22.401  1884  4758 D LauncherAppsService: getActivityLaunchIntent callingPackage=com.android.systemui component=ComponentInfo{com.android.chrome/com.google.android.apps.chrome.Main} user=UserHandle{0}
11-10 15:05:22.401 25498 25570 I outlook.platformSDK: createPartnerAsync called for [Iris]
11-10 15:05:22.402 25498 25570 I PartnerAssetManager: No files to download for partner: Iris
11-10 15:05:22.402 25498 25570 I outlook.platformSDK: Attempting to create partner[Iris]
11-10 15:05:22.402  1884  4758 D LauncherAppsService: getActivityLaunchIntent callingPackage=com.android.systemui component=ComponentInfo{com.android.settings/com.android.settings.Settings} user=UserHandle{0}
11-10 15:05:22.403 25498 25570 I Iris    : Iris initialized.
11-10 15:05:22.404  1884  4758 D LauncherAppsService: getActivityLaunchIntent callingPackage=com.android.systemui component=ComponentInfo{com.android.vending/com.android.vending.AssetBrowserActivity} user=UserHandle{0}
11-10 15:05:22.405 25498 25582 W SoLoader: Initializing SoLoader: 0
11-10 15:05:22.405  1884  4758 D LauncherAppsService: getActivityLaunchIntent callingPackage=com.android.systemui component=ComponentInfo{com.google.android.GoogleCamera/com.android.camera.CameraLauncher} user=UserHandle{0}
11-10 15:05:22.406  1884  4758 D LauncherAppsService: getActivityLaunchIntent callingPackage=com.android.systemui component=ComponentInfo{com.google.android.apps.docs/com.google.android.apps.docs.app.NewMainProxyActivity} user=UserHandle{0}
11-10 15:05:22.406 25498 25582 W SoLoader: Recording new base apk path: /data/app/~~fa7mkXdI1-FiW79Tx-_OLA==/com.microsoft.office.outlook-csQJ0IBiUcnF5NteALRTQQ==/base.apk
11-10 15:05:22.406 25498 25582 W SoLoader: Previously recorded 0 base apk paths.
11-10 15:05:22.409  1884  5659 D LauncherAppsService: getActivityLaunchIntent callingPackage=com.android.systemui component=ComponentInfo{com.google.android.apps.maps/com.google.android.maps.MapsActivity} user=UserHandle{0}
11-10 15:05:22.409  1431  2167 W USF     : USF_API: Drop flicker data, cannot find sampling_id:84682!
11-10 15:05:22.410 25498 25573 I outlook.platformSDK: initialize[Iris] <- IsComplete[true]
11-10 15:05:22.411 25498 25573 I outlook.platformSDK: Package[Iris] Contribution[IrisFirstActivityStartedContribution]
11-10 15:05:22.411 25498 25573 I outlook.platformSDK: initialize[Msai] -> IsComplete[false]
11-10 15:05:22.414  1884  5659 D LauncherAppsService: getActivityLaunchIntent callingPackage=com.android.systemui component=ComponentInfo{com.google.android.apps.messaging/com.google.android.apps.messaging.ui.ConversationListActivity} user=UserHandle{0}
11-10 15:05:22.415 25498 25573 I outlook.platformSDK: createPartnerAsync called for [Msai]
11-10 15:05:22.415  1884  5659 D LauncherAppsService: getActivityLaunchIntent callingPackage=com.android.systemui component=ComponentInfo{com.google.android.apps.photos/com.google.android.apps.photos.home.HomeActivity} user=UserHandle{0}
11-10 15:05:22.418  1884  5659 D LauncherAppsService: getActivityLaunchIntent callingPackage=com.android.systemui component=ComponentInfo{com.google.android.apps.tachyon/com.google.android.apps.tachyon.MainActivity} user=UserHandle{0}
11-10 15:05:22.419 10605 10624 W hbox:interactor: Suspending all threads took: 12.059ms
11-10 15:05:22.419  1431  2167 W USF     : USF_API: Drop flicker data, cannot find sampling_id:84682!
11-10 15:05:22.419  1884  5659 D LauncherAppsService: getActivityLaunchIntent callingPackage=com.android.systemui component=ComponentInfo{com.google.android.apps.youtube.music/com.google.android.apps.youtube.music.activities.MusicActivity} user=UserHandle{0}
11-10 15:05:22.420  1884  5659 D LauncherAppsService: getActivityLaunchIntent callingPackage=com.android.systemui component=ComponentInfo{com.google.android.calculator/com.android.calculator2.Calculator} user=UserHandle{0}
11-10 15:05:22.421  1884  2447 D LauncherAppsService: getActivityLaunchIntent callingPackage=com.android.systemui component=ComponentInfo{com.google.android.calendar/com.android.calendar.AllInOneActivity} user=UserHandle{0}
11-10 15:05:22.422  1884  2447 D LauncherAppsService: getActivityLaunchIntent callingPackage=com.android.systemui component=ComponentInfo{com.google.android.contacts/com.android.contacts.activities.PeopleActivity} user=UserHandle{0}
11-10 15:05:22.422  1884  2447 D LauncherAppsService: getActivityLaunchIntent callingPackage=com.android.systemui component=ComponentInfo{com.google.android.deskclock/com.android.deskclock.DeskClock} user=UserHandle{0}
11-10 15:05:22.423  1884  2447 D LauncherAppsService: getActivityLaunchIntent callingPackage=com.android.systemui component=ComponentInfo{com.google.android.dialer/com.google.android.dialer.extensions.GoogleDialtactsActivity} user=UserHandle{0}
11-10 15:05:22.428  1884  5659 D LauncherAppsService: getActivityLaunchIntent callingPackage=com.android.systemui component=ComponentInfo{com.google.android.gm/com.google.android.gm.ConversationListActivityGmail} user=UserHandle{0}
11-10 15:05:22.429  1884  2447 D LauncherAppsService: getActivityLaunchIntent callingPackage=com.android.systemui component=ComponentInfo{com.google.android.youtube/com.google.android.youtube.app.honeycomb.Shell$HomeActivity} user=UserHandle{0}
11-10 15:05:22.429  1884  2447 D LauncherAppsService: getActivityLaunchIntent callingPackage=com.android.systemui component=ComponentInfo{com.Slack/slack.features.home.HomeActivity} user=UserHandle{0}
11-10 15:05:22.430  1884  2447 D LauncherAppsService: getActivityLaunchIntent callingPackage=com.android.systemui component=ComponentInfo{com.aimp.player/com.aimp.player.ui.activities.main.MainActivity} user=UserHandle{0}
11-10 15:05:22.431  1884  2447 D LauncherAppsService: getActivityLaunchIntent callingPackage=com.android.systemui component=ComponentInfo{com.dropbox.android/com.dropbox.android.activity.DropboxBrowser} user=UserHandle{0}
11-10 15:05:22.431  1431  2167 W USF     : USF_API: Drop flicker data, cannot find sampling_id:84682!
11-10 15:05:22.431  1884  2447 D LauncherAppsService: getActivityLaunchIntent callingPackage=com.android.systemui component=ComponentInfo{com.google.android.apps.docs.editors.docs/com.google.android.apps.docs.app.NewMainProxyActivity} user=UserHandle{0}
11-10 15:05:22.441  1431  2167 W USF     : USF_API: Drop flicker data, cannot find sampling_id:84682!
11-10 15:05:22.448  1884  4758 D LauncherAppsService: getActivityLaunchIntent callingPackage=com.android.systemui component=ComponentInfo{com.google.android.apps.docs.editors.sheets/com.google.android.apps.docs.app.NewMainProxyActivity} user=UserHandle{0}
11-10 15:05:22.450  1884  5659 D LauncherAppsService: getActivityLaunchIntent callingPackage=com.android.systemui component=ComponentInfo{com.google.android.apps.docs.editors.slides/com.google.android.apps.docs.app.NewMainProxyActivity} user=UserHandle{0}
11-10 15:05:22.450  1431  2167 W USF     : USF_API: Drop flicker data, cannot find sampling_id:84682!
11-10 15:05:22.453  1884  4758 D LauncherAppsService: getActivityLaunchIntent callingPackage=com.android.systemui component=ComponentInfo{com.google.android.apps.magazines/com.google.apps.dots.android.app.activity.CurrentsStartActivity} user=UserHandle{0}
11-10 15:05:22.454  1884  4758 D LauncherAppsService: getActivityLaunchIntent callingPackage=com.android.systemui component=ComponentInfo{com.google.android.apps.walletnfcrel/com.google.commerce.tapandpay.android.wallet.WalletActivity} user=UserHandle{0}
11-10 15:05:22.455  1884  4758 D LauncherAppsService: getActivityLaunchIntent callingPackage=com.android.systemui component=ComponentInfo{com.google.android.apps.youtube.creator/com.google.android.apps.youtube.creator.main.MainActivity} user=UserHandle{0}
11-10 15:05:22.456  1884  4758 D LauncherAppsService: getActivityLaunchIntent callingPackage=com.android.systemui component=ComponentInfo{com.google.android.play.games/com.google.android.gms.games.ui.destination.main.MainActivity} user=UserHandle{0}
11-10 15:05:22.456  1884  5659 D LauncherAppsService: getActivityLaunchIntent callingPackage=com.android.systemui component=ComponentInfo{com.microsoft.emmx/com.microsoft.ruby.Main} user=UserHandle{0}
11-10 15:05:22.457  1884  5659 D LauncherAppsService: getActivityLaunchIntent callingPackage=com.android.systemui component=ComponentInfo{com.microsoft.office.outlook/com.microsoft.office.outlook.MainActivity} user=UserHandle{0}
11-10 15:05:22.461  1431  2167 W USF     : USF_API: Drop flicker data, cannot find sampling_id:84682!
11-10 15:05:22.462  1884  3104 D LauncherAppsService: getActivityLaunchIntent callingPackage=com.android.systemui component=ComponentInfo{com.paypal.android.p2pmobile/com.paypal.android.p2pmobile.startup.activities.StartupActivity} user=UserHandle{0}
11-10 15:05:22.464  1884  3104 D LauncherAppsService: getActivityLaunchIntent callingPackage=com.android.systemui component=ComponentInfo{com.roblox.client/com.roblox.client.startup.ActivitySplash} user=UserHandle{0}
11-10 15:05:22.465  1884  3104 D LauncherAppsService: getActivityLaunchIntent callingPackage=com.android.systemui component=ComponentInfo{com.shazam.android/com.shazam.android.activities.SplashActivity} user=UserHandle{0}
11-10 15:05:22.467  2772  2772 W FrameTracker: Missed App frame:JANK_APPLICATION, 189128342, 40215029, CUJ=J<NOTIFICATION_SHADE_EXPAND_COLLAPSE::Expand>
11-10 15:05:22.467  2772  2772 W FrameTracker: Missed App frame:UNKNOWN: 3, 189128364, 58590969, CUJ=J<NOTIFICATION_SHADE_EXPAND_COLLAPSE::Expand>
11-10 15:05:22.467  2772  2772 W FrameTracker: Missed SF frame:UNKNOWN: 3, 189128364, 58590969, CUJ=J<NOTIFICATION_SHADE_EXPAND_COLLAPSE::Expand>
11-10 15:05:22.467  2772  2772 W FrameTracker: Missed App frame:JANK_APPLICATION, 189128561, 38103787, CUJ=J<NOTIFICATION_SHADE_EXPAND_COLLAPSE::Expand>
11-10 15:05:22.467  2772  2772 W FrameTracker: Missed App frame:JANK_APPLICATION, 189128773, 18556039, CUJ=J<NOTIFICATION_SHADE_EXPAND_COLLAPSE::Expand>
11-10 15:05:22.467  2772  2772 W FrameTracker: Missed App frame:JANK_APPLICATION, 189129322, 20184193, CUJ=J<NOTIFICATION_SHADE_EXPAND_COLLAPSE::Expand>
11-10 15:05:22.469  1884  3104 D LauncherAppsService: getActivityLaunchIntent callingPackage=com.android.systemui component=ComponentInfo{com.shopify.arrive/com.shopify.arrive.MainActivity} user=UserHandle{0}
11-10 15:05:22.470  1884  3104 D LauncherAppsService: getActivityLaunchIntent callingPackage=com.android.systemui component=ComponentInfo{com.spotify.music/com.spotify.music.MainActivity} user=UserHandle{0}
11-10 15:05:22.471  1884  3104 D LauncherAppsService: getActivityLaunchIntent callingPackage=com.android.systemui component=ComponentInfo{com.ubercab/com.ubercab.presidio.app.core.root.RootActivity} user=UserHandle{0}
11-10 15:05:22.472  1431  2167 W USF     : USF_API: Drop flicker data, cannot find sampling_id:84682!
11-10 15:05:22.472  1884  5473 D LauncherAppsService: getActivityLaunchIntent callingPackage=com.android.systemui component=ComponentInfo{ee.mtakso.client/ee.mtakso.client.activity.SplashHomeActivity} user=UserHandle{0}
11-10 15:05:22.472  1884  5473 D LauncherAppsService: getActivityLaunchIntent callingPackage=com.android.systemui component=ComponentInfo{fr.leboncoin/fr.leboncoin.features.splashscreen.ui.activities.SplashScreenActivity} user=UserHandle{0}
11-10 15:05:22.473  1884  5473 D LauncherAppsService: getActivityLaunchIntent callingPackage=com.android.systemui component=ComponentInfo{ro.emag.android/ro.emag.android.cleancode.app.ActivityStart} user=UserHandle{0}
11-10 15:05:22.478  1884  5473 D LauncherAppsService: getActivityLaunchIntent callingPackage=com.android.systemui component=ComponentInfo{trendyol.com/com.trendyol.common.splash.impl.ui.SplashActivity} user=UserHandle{0}
11-10 15:05:22.479  1884  3104 D LauncherAppsService: getActivityLaunchIntent callingPackage=com.android.systemui component=ComponentInfo{com.android.stk/com.android.stk.StkMain} user=UserHandle{0}
11-10 15:05:22.480  1884  3104 D LauncherAppsService: getActivityLaunchIntent callingPackage=com.android.systemui component=ComponentInfo{com.google.android.apps.nbu.files/com.google.android.apps.nbu.files.home.HomeActivity} user=UserHandle{0}
11-10 15:05:22.481  1884  3104 D LauncherAppsService: getActivityLaunchIntent callingPackage=com.android.systemui component=ComponentInfo{com.google.android.apps.pixel.health/com.google.android.apps.pixel.health.thermometer.ThermometerHomeActivity} user=UserHandle{0}
11-10 15:05:22.481  1431  2167 W USF     : USF_API: Drop flicker data, cannot find sampling_id:84682!
11-10 15:05:22.482  1884  5659 D LauncherAppsService: getActivityLaunchIntent callingPackage=com.android.systemui component=ComponentInfo{com.google.android.apps.recorder/com.google.android.apps.recorder.ui.recordings.MainActivity} user=UserHandle{0}
11-10 15:05:22.483  1884  2447 D LauncherAppsService: getActivityLaunchIntent callingPackage=com.android.systemui component=ComponentInfo{com.google.android.apps.safetyhub/com.google.android.apps.safetyhub.LauncherActivity} user=UserHandle{0}
11-10 15:05:22.485  1884  2447 D LauncherAppsService: getActivityLaunchIntent callingPackage=com.android.systemui component=ComponentInfo{com.google.android.apps.tips/com.google.android.apps.tips.fortnite.p8} user=UserHandle{0}
11-10 15:05:22.489  7174  7210 I Finsky  : [1038] WM::SCH: Logging work initialize for 12-1
11-10 15:05:22.491  1431  2167 W USF     : USF_API: Drop flicker data, cannot find sampling_id:84682!
11-10 15:05:22.497 30907 30907 D BoundBrokerSvc: onUnbind: Intent { act=com.google.android.gms.chromesync.service.firstparty.START dat=chimera-action:/... xflg=0x4 cmp=com.google.android.gms/.chimera.GmsApiService }
11-10 15:05:22.501  1431  2167 W USF     : USF_API: Drop flicker data, cannot find sampling_id:84682!
11-10 15:05:22.504  1884  2447 D LauncherAppsService: getActivityLaunchIntent callingPackage=com.android.systemui component=ComponentInfo{com.google.android.apps.weather/com.google.android.apps.weather.home.HomeActivity} user=UserHandle{0}
11-10 15:05:22.506  1884  2447 D LauncherAppsService: getActivityLaunchIntent callingPackage=com.android.systemui component=ComponentInfo{com.google.android.apps.wellbeing/com.google.android.apps.wellbeing.settings.LauncherActivity} user=UserHandle{0}
11-10 15:05:22.506  1884  2447 D LauncherAppsService: getActivityLaunchIntent callingPackage=com.android.systemui component=ComponentInfo{com.google.android.googlequicksearchbox/com.google.android.googlequicksearchbox.SearchActivity} user=UserHandle{0}
11-10 15:05:22.509 30907 25938 I Auth    : (REDACTED) [SupervisedAccountIntentOperation] onHandleIntent: %s
11-10 15:05:22.510  1884  5473 D LauncherAppsService: getActivityLaunchIntent callingPackage=com.android.systemui component=ComponentInfo{at.willhaben/at.willhaben.MainActivity} user=UserHandle{0}
11-10 15:05:22.510  1431  2167 W USF     : USF_API: Drop flicker data, cannot find sampling_id:84682!
11-10 15:05:22.512  1884  5473 D LauncherAppsService: getActivityLaunchIntent callingPackage=com.android.systemui component=ComponentInfo{battle.iron.suit/com.unity3d.player.UnityPlayerActivity} user=UserHandle{0}
11-10 15:05:22.517  1884  2447 D LauncherAppsService: getActivityLaunchIntent callingPackage=com.android.systemui component=ComponentInfo{com.Garawell.BridgeRace/com.unity3d.player.UnityPlayerActivity} user=UserHandle{0}
11-10 15:05:22.520  1884  5473 D LauncherAppsService: getActivityLaunchIntent callingPackage=com.android.systemui component=ComponentInfo{com.JindoBlu.TwoPlayerGamesChallenge/com.unity3d.player.UnityPlayerActivity} user=UserHandle{0}
11-10 15:05:22.521  1431  2167 W USF     : USF_API: Drop flicker data, cannot find sampling_id:84682!
11-10 15:05:22.521  7174  7215 I Finsky  : [1043] AIM: AppInfoManager-Perf > ItemModel > CacheSize=190, cacheHitCount=0, cacheMissCount=0, total appsWithNoServerDataCount=4. Missed  in cache (limit 10) : []
11-10 15:05:22.522  1884  5473 D LauncherAppsService: getActivityLaunchIntent callingPackage=com.android.systemui component=ComponentInfo{com.Neurononfire.SupremeDuelist/com.google.firebase.MessagingUnityPlayerActivity} user=UserHandle{0}
11-10 15:05:22.523  1884  2447 D LauncherAppsService: getActivityLaunchIntent callingPackage=com.android.systemui component=ComponentInfo{com.alibaba.aliexpresshd/com.aliexpress.app.FirstActivity} user=UserHandle{0}
11-10 15:05:22.525  7174  7215 I Finsky  : [1043] AIM: AppInfoManager-Perf > ItemModel > CacheSize=190, cacheHitCount=0, cacheMissCount=0, total appsWithNoServerDataCount=4. Missed  in cache (limit 10) : []
11-10 15:05:22.529  1884  5473 D LauncherAppsService: getActivityLaunchIntent callingPackage=com.android.systemui component=ComponentInfo{com.alibaba.intl.android.apps.poseidon/com.alibaba.intl.android.apps.poseidon.app.activity.ActivityMainMaterial} user=UserHandle{0}
11-10 15:05:22.530  1884  3104 D LauncherAppsService: getActivityLaunchIntent callingPackage=com.android.systemui component=ComponentInfo{com.anydesk.anydeskandroid/com.anydesk.anydeskandroid.gui.activity.HubActivity} user=UserHandle{0}
11-10 15:05:22.530  1431  2167 W USF     : USF_API: Drop flicker data, cannot find sampling_id:84682!
11-10 15:05:22.531  1884  5473 D LauncherAppsService: getActivityLaunchIntent callingPackage=com.android.systemui component=ComponentInfo{com.aspiro.tidal/com.aspiro.wamp.LoginFragmentActivity} user=UserHandle{0}
11-10 15:05:22.532  1884  3104 D LauncherAppsService: getActivityLaunchIntent callingPackage=com.android.systemui component=ComponentInfo{com.azure.authenticator/com.azure.authenticator.ui.LaunchActivity} user=UserHandle{0}
11-10 15:05:22.533  7174  7218 I Finsky  : [1046] AIM: AppInfoManager-Perf > ItemModel > CacheSize=190, cacheHitCount=0, cacheMissCount=0, total appsWithNoServerDataCount=4. Missed  in cache (limit 10) : []
11-10 15:05:22.534  1884  3104 D LauncherAppsService: getActivityLaunchIntent callingPackage=com.android.systemui component=ComponentInfo{com.bandcamp.android/com.bandcamp.android.view.SplashActivity} user=UserHandle{0}
11-10 15:05:22.540  1431  2167 W USF     : USF_API: Drop flicker data, cannot find sampling_id:84682!
11-10 15:05:22.542  1884  2447 D LauncherAppsService: getActivityLaunchIntent callingPackage=com.android.systemui component=ComponentInfo{com.booking/com.booking.startup.HomeActivity} user=UserHandle{0}
11-10 15:05:22.543  1428  2108 D BTAudioSessionAidl: GetSupportedLatencyModes - Supported LatencyMode= FREE
11-10 15:05:22.550  1431  2167 W USF     : USF_API: Drop flicker data, cannot find sampling_id:84682!
