11-10 14:53:39.805  1431  2167 W USF     : USF_API: Drop flicker data, cannot find sampling_id:84682!
11-10 14:53:39.815  1431  2167 W USF     : USF_API: Drop flicker data, cannot find sampling_id:84682!
11-10 14:53:39.825  1431  2167 W USF     : USF_API: Drop flicker data, cannot find sampling_id:84682!
11-10 14:53:39.835  1431  2167 W USF     : USF_API: Drop flicker data, cannot find sampling_id:84682!
11-10 14:53:39.845  1431  2167 W USF     : USF_API: Drop flicker data, cannot find sampling_id:84682!
11-10 14:53:39.855  1431  2167 W USF     : USF_API: Drop flicker data, cannot find sampling_id:84682!
11-10 14:53:39.865  1431  2167 W USF     : USF_API: Drop flicker data, cannot find sampling_id:84682!
11-10 14:53:39.872 10605 10690 W ahip    : (REDACTED) Slow context fetch for key %s took %s
11-10 14:53:39.873 10605 10689 W ahip    : (REDACTED) Slow context fetch for key %s took %s
11-10 14:53:39.873 10605 10690 I dluy    : (REDACTED) GetContext(%s, %s): Fetch from the %s surface finished with status: %s
11-10 14:53:39.873 10605 10689 I dluy    : (REDACTED) GetContext(%s, %s): Fetch from the %s surface finished with status: %s
11-10 14:53:39.874  1431  2167 W USF     : USF_API: Drop flicker data, cannot find sampling_id:84682!
11-10 14:53:39.875 10605 10691 I duyn    : (REDACTED) ContextResult succeeded for ContextKey: %s. %s
11-10 14:53:39.878 10605 10696 I duyn    : (REDACTED) ContextResult succeeded for ContextKey: %s. %s
11-10 14:53:39.884  1431  2167 W USF     : USF_API: Drop flicker data, cannot find sampling_id:84682!
11-10 14:53:39.894  1431  2167 W USF     : USF_API: Drop flicker data, cannot find sampling_id:84682!
11-10 14:53:39.904  1431  2167 W USF     : USF_API: Drop flicker data, cannot find sampling_id:84682!
11-10 14:53:39.906 10605 10692 I duyz    : (REDACTED) Updating context input '%s' with dynamic class '%s' containing %s entities. %s
11-10 14:53:39.907 10605 10699 I duyz    : (REDACTED) Updating context input '%s' with dynamic class '%s' containing %s entities. %s
11-10 14:53:39.909 10605 10692 I duyz    : (REDACTED) Clearing context input '%s'. %s
11-10 14:53:39.909 10605 10699 I duyz    : (REDACTED) Clearing context input '%s'. %s
11-10 14:53:39.913 10605 10692 I duyt    : (REDACTED) Sending speech biasing context update to SODA with locale %s. %s
11-10 14:53:39.913 10605 10699 I duyt    : (REDACTED) Sending speech biasing context update to SODA with locale %s. %s
11-10 14:53:39.914  1431  2167 W USF     : USF_API: Drop flicker data, cannot find sampling_id:84682!
11-10 14:53:39.918 10605 10690 I efed    : (REDACTED) #getSodaAsrUpdateRequest inserting app domain: %s
11-10 14:53:39.918 10605 10696 I efed    : (REDACTED) #getSodaAsrUpdateRequest inserting app domain: %s
11-10 14:53:39.920 10605 10674 I efwe    : #updateAndGetSnapshot
11-10 14:53:39.921 10605 10696 I efwe    : (REDACTED) Listening for responses for locale %s
11-10 14:53:39.923  1431  2167 W USF     : USF_API: Drop flicker data, cannot find sampling_id:84682!
11-10 14:53:39.933  1431  2167 W USF     : USF_API: Drop flicker data, cannot find sampling_id:84682!
11-10 14:53:39.941  1884  2730 D BackgroundInstallControlService: Package event received: 0
11-10 14:53:39.943  1431  2167 W USF     : USF_API: Drop flicker data, cannot find sampling_id:84682!
11-10 14:53:39.952 10605 10690 I efwe    : (REDACTED) >>> [%s] Emitting request locale: %s, secondaryLocales: %s, resources: %s, requestClient: %s
11-10 14:53:39.953 13160 13186 I efyz    : SRM: AccountScoped session starting on service-side.
11-10 14:53:39.954  1431  2167 W USF     : USF_API: Drop flicker data, cannot find sampling_id:84682!
11-10 14:53:39.957 13160 13201 I efwr    : (REDACTED) <<< [%s] Received request for primary locale %s. Secondary locales: '%s'
11-10 14:53:39.957 13160 13201 I efwr    : (REDACTED) <<< [%s] Requested resources IDs: %s. Note that this is a noop because we currently return all resource for each request.
11-10 14:53:39.958 13160 13186 I efvp    : (REDACTED) [%s] #getImmediateResourceStates with locale %s. Secondary locales: %s
11-10 14:53:39.958 13160 13186 I efvp    : (REDACTED) [%s] SRM initial state enabled (for hotword).
11-10 14:53:39.959 13160 13185 I efvp    : (REDACTED) [%s] #getAndUpdateSodaResourceCollection
11-10 14:53:39.960 13160 13184 I cqyt    : Getting hotwordModelConfig
11-10 14:53:39.960 13160 13197 I DefaultLPManager: #getAvailablePackages
11-10 14:53:39.960 13160 13200 I DefaultLPManager: #getRequestedPackages
11-10 14:53:39.961 10605 10692 I efwe    : (REDACTED) <<< [%s] Reading SodaResourceManager message with initial resourceIds: '%s.'
11-10 14:53:39.961 13160 13185 I DefaultLPManager: #getAvailablePackages
11-10 14:53:39.962 13160 13199 I efvp    : (REDACTED) [%s] #getInstalledLanguagePacks
11-10 14:53:39.962 13160 13199 I efvp    : Skipping stopword download due to disablement by flag.
11-10 14:53:39.962 13160 13183 I cqyt    : Getting hotwordModelConfig
11-10 14:53:39.962 13160 13197 I eico    : #getDownloadableLanguagePacks
11-10 14:53:39.963  1431  2167 W USF     : USF_API: Drop flicker data, cannot find sampling_id:84682!
11-10 14:53:39.963 13160 13200 I ZipLPPopulator: #addNewFileGroups
11-10 14:53:39.963 13160 13200 I eico    : #getDownloadableLanguagePacks
11-10 14:53:39.963 13160 13184 I cqyt    : MDD.refreshFileGroups(hotwordFileGroupPopulator)
11-10 14:53:39.965 13160 13199 I ehyh    : (REDACTED) MDD.getFileGroup(%s)
11-10 14:53:39.965 13160 13184 I cqyf    : (REDACTED) MDD.addFileGroup(%s)
11-10 14:53:39.965 13160 13185 I eico    : #getDownloadableLanguagePacks
11-10 14:53:39.966 13160 13199 I efst    : (REDACTED) [%s] #updateResource begin
11-10 14:53:39.966 13160 13199 I efst    : (REDACTED) [%s] #updateResource end
11-10 14:53:39.968 10605 10695 I efwe    : (REDACTED) <<< [%s] Reading SodaResourceManager message with updated resourceIds: %s. Total set: %s
11-10 14:53:39.973  1431  2167 W USF     : USF_API: Drop flicker data, cannot find sampling_id:84682!
11-10 14:53:39.976 13160 13200 I eidh    : (REDACTED) Loaded languagepack (LP) flag value from latest config %s: %s
11-10 14:53:39.977 13160 13200 W SystemLPSourceImpl: #getRequestedPackages: There is not reason to call this method, as the result is always empty.
11-10 14:53:39.977 13160 13197 I eidh    : (REDACTED) Loaded languagepack (LP) flag value from latest config %s: %s
11-10 14:53:39.977 13160 13200 W LegacyLPSourceImpl: #getRequestedPackages: There is no reason to call this method, as the result is always empty.
11-10 14:53:39.978 13160 13197 W SystemLPSourceImpl: #getAvailablePackages: Note there is not reason to call this method, as getInstalledPackages() returns the same LanguagePacks for this impl.
11-10 14:53:39.979 13160 13184 I SystemLPSourceImpl: (REDACTED) Parsed system partition LanguagePack metadata file: %s
11-10 14:53:39.982 13160 13202 E eiay    : (REDACTED) Unrecognized recognizer for [%s, %d]: %d. Ignoring it and its associated features.
11-10 14:53:39.983  1431  2167 W USF     : USF_API: Drop flicker data, cannot find sampling_id:84682!
11-10 14:53:39.983 13160 13199 E eiay    : (REDACTED) Unrecognized recognizer for [%s, %d]: %d. Ignoring it and its associated features.
11-10 14:53:39.984  1884  2074 V DisplayPowerController[0]: Brightness [0.04813931] reason changing to: 'automatic [ dim ]', previous reason: 'automatic'.
11-10 14:53:39.985  1884  2074 I DisplayPowerController[0]: BrightnessEvent: brt=0.04813931(60.0%), nits=78.19509, lux=18.43245, reason=automatic [ dim ], strat=AutomaticBrightnessStrategy, state=ON, stateReason=DEFAULT_POLICY, policy=DIM, flags=, initBrt=0.08813931, rcmdBrt=0.08813931, preBrt=NaN, preLux=NaN, lastReadLux=18.680008, wasShortTermModelActive=false, autoBrightness=true (default), unclampedBrt=0.08813931, hbmMax=0.377495, hbmMode=off, thrmMax=1.0, rbcStrength=35, powerFactor=1.0, physDisp=Built-in Screen(local:4619827535830457088), logicalId=0, slowChange=false, rampSpeed=0.7047244
11-10 14:53:39.987 13160 13197 W LegacyLPSourceImpl: #getAvailablePackages: Note there is no reason to call this method, as getInstalledPackages() returns the same LanguagePacks for this impl.
11-10 14:53:39.991 13160 13185 I eidh    : (REDACTED) Loaded languagepack (LP) flag value from latest config %s: %s
11-10 14:53:39.991  3107  3686 I PixelDisplayManager: onDisplayChanged(Built-in Screen, 0, local:4619827535830457088): screenOn=true, hbmMode=0, br=0.04813931, product=DeviceProductInfo{name=HK3-A0B-00, manufacturerPnpId=GGL, productId=0, modelYear=null, manufactureDate=ManufactureDate{week=1, year=1990}, connectionToSinkType=1}
11-10 14:53:39.992 13160 13185 W SystemLPSourceImpl: #getAvailablePackages: Note there is not reason to call this method, as getInstalledPackages() returns the same LanguagePacks for this impl.
11-10 14:53:39.992   762 24357 I hwc-display: path=drm, id=0, level=1355, nits=140.433914, brightness=0.087390, DimmingOn=0, Hbm=0, LhbmOn=0, OpRate=120
11-10 14:53:39.992   762 24357 D hwc-display: setMinIdleRefreshRate requester = BRIGHTNESS, brightness = 140.447601 nits, vote minimum refresh rate to 1
11-10 14:53:39.992   762 24357 D hwc-display: Single TE mode votes: [
11-10 14:53:39.992   762 24357 D hwc-display: Voter name : PIXEL_DISP single TE mode ? false
11-10 14:53:39.992   762 24357 D hwc-display: Voter name : TEST single TE mode ? false
11-10 14:53:39.992   762 24357 D hwc-display: Voter name : LHBM single TE mode ? false
11-10 14:53:39.992   762 24357 D hwc-display: Voter name : BRIGHTNESS single TE mode ? false
11-10 14:53:39.992   762 24357 D hwc-display: ]
11-10 14:53:39.992   762 24357 D hwc-display: [PrimaryDisplay] OperationRateManager::onBrightness:dbv=1355
11-10 14:53:39.992 13160 13202 E eiay    : (REDACTED) Unrecognized recognizer for [%s, %d]: %d. Ignoring it and its associated features.
11-10 14:53:39.993 13160 13202 E eiay    : (REDACTED) Unrecognized recognizer for [%s, %d]: %d. Ignoring it and its associated features.
11-10 14:53:39.993  1431  2167 W USF     : USF_API: Drop flicker data, cannot find sampling_id:84682!
11-10 14:53:39.993 13160 13202 E eiay    : (REDACTED) Unrecognized recognizer for [%s, %d]: %d. Ignoring it and its associated features.
11-10 14:53:39.993 13160 13202 E eiay    : (REDACTED) Unrecognized recognizer for [%s, %d]: %d. Ignoring it and its associated features.
11-10 14:53:39.994 13160 13199 E eiay    : (REDACTED) Unrecognized recognizer for [%s, %d]: %d. Ignoring it and its associated features.
11-10 14:53:39.994 13160 13199 E eiay    : (REDACTED) Unrecognized recognizer for [%s, %d]: %d. Ignoring it and its associated features.
11-10 14:53:39.994 13160 13199 E eiay    : (REDACTED) Unrecognized recognizer for [%s, %d]: %d. Ignoring it and its associated features.
11-10 14:53:39.994 13160 13200 E eiay    : (REDACTED) Unrecognized recognizer for [%s, %d]: %d. Ignoring it and its associated features.
11-10 14:53:39.995 13160 13199 E eiay    : (REDACTED) Unrecognized recognizer for [%s, %d]: %d. Ignoring it and its associated features.
11-10 14:53:39.996 13160 13185 W LegacyLPSourceImpl: #getAvailablePackages: Note there is no reason to call this method, as getInstalledPackages() returns the same LanguagePacks for this impl.
11-10 14:53:39.996 13160 13185 I DefaultLPManager: #getInstalledPackages
11-10 14:53:39.996 13160 13183 I cqyt    : MDD.refreshFileGroups(hotwordFileGroupPopulator)
11-10 14:53:39.996 13160 13185 I eico    : #getInstalledPackages from MDD
11-10 14:53:39.996 13160 13185 I eico    : #GetLanguagePackList
11-10 14:53:39.996 13160 13185 I eico    : MDD.getFileGroupsByFilter(langpack-domain_xx-XX_ver_zipfile)
11-10 14:53:39.998 13160 13176 I SystemLPSourceImpl: (REDACTED) Parsed system partition LanguagePack metadata file: %s
11-10 14:53:39.999 13160 13183 I cqyf    : (REDACTED) MDD.addFileGroup(%s)
11-10 14:53:40.000 13160 13200 E eiay    : (REDACTED) Unrecognized recognizer for [%s, %d]: %d. Ignoring it and its associated features.
11-10 14:53:40.000 13160 13200 E eiay    : (REDACTED) Unrecognized recognizer for [%s, %d]: %d. Ignoring it and its associated features.
11-10 14:53:40.000 13160 13200 E eiay    : (REDACTED) Unrecognized recognizer for [%s, %d]: %d. Ignoring it and its associated features.
11-10 14:53:40.000 13160 13202 I LPRequestState: (REDACTED) [%s] #resolveDesiredLanguagePacks
11-10 14:53:40.000 13160 13200 E eiay    : (REDACTED) Unrecognized recognizer for [%s, %d]: %d. Ignoring it and its associated features.
11-10 14:53:40.000 13160 13197 I LPRequestState: (REDACTED) Assigning language pack %s for request %s
11-10 14:53:40.002  1431  2167 W USF     : USF_API: Drop flicker data, cannot find sampling_id:84682!
11-10 14:53:40.003 13160 13184 I SystemLPSourceImpl: (REDACTED) Parsed system partition LanguagePack metadata file: %s
11-10 14:53:40.004 13160 13185 I LPDownloadSettingsState: (REDACTED) Defaulting LP download condition to %s as user has not edited settings.
11-10 14:53:40.004 13160 13183 I LegacyLPSourceImpl: (REDACTED) Parsing legacy read-only LanguagePack metadata file: %s
11-10 14:53:40.004 13160 13182 I LegacyLPSourceImpl: (REDACTED) Parsing legacy read-only LanguagePack metadata file: %s
11-10 14:53:40.005 13160 13176 I LegacyLPSourceImpl: (REDACTED) Parsing legacy read-only LanguagePack metadata file: %s
11-10 14:53:40.005 13160 13185 I ZipLPPopulator: (REDACTED) MDD.addFileGroup: %s
11-10 14:53:40.008   762 24357 I hwc-display: path=drm, id=0, level=1326, nits=134.017883, brightness=0.083340, DimmingOn=0, Hbm=0, LhbmOn=0, OpRate=120
11-10 14:53:40.008   762 24357 D hwc-display: setMinIdleRefreshRate requester = BRIGHTNESS, brightness = 133.921509 nits, vote minimum refresh rate to 1
11-10 14:53:40.008   762 24357 D hwc-display: Single TE mode votes: [
11-10 14:53:40.008   762 24357 D hwc-display: Voter name : PIXEL_DISP single TE mode ? false
11-10 14:53:40.008   762 24357 D hwc-display: Voter name : TEST single TE mode ? false
11-10 14:53:40.008   762 24357 D hwc-display: Voter name : LHBM single TE mode ? false
11-10 14:53:40.008   762 24357 D hwc-display: Voter name : BRIGHTNESS single TE mode ? false
11-10 14:53:40.008   762 24357 D hwc-display: ]
11-10 14:53:40.008   762 24357 D hwc-display: [PrimaryDisplay] OperationRateManager::onBrightness:dbv=1326
11-10 14:53:40.009  1653  1653 D AOC     : A3:MSG: tmd3719_device.cc, 4540: USF: TMD3719: dbv:1355 leakage:0.042927 refresh_rate:120 status:1 op_hz:120 [1]
11-10 14:53:40.013  1431  2167 W USF     : USF_API: Drop flicker data, cannot find sampling_id:84682!
11-10 14:53:40.016   762 24357 I hwc-display: path=drm, id=0, level=1312, nits=130.932556, brightness=0.081392, DimmingOn=0, Hbm=0, LhbmOn=0, OpRate=120
11-10 14:53:40.016   762 24357 D hwc-display: setMinIdleRefreshRate requester = BRIGHTNESS, brightness = 130.830261 nits, vote minimum refresh rate to 1
11-10 14:53:40.016   762 24357 D hwc-display: Single TE mode votes: [
11-10 14:53:40.016   762 24357 D hwc-display: Voter name : PIXEL_DISP single TE mode ? false
11-10 14:53:40.016   762 24357 D hwc-display: Voter name : TEST single TE mode ? false
11-10 14:53:40.016   762 24357 D hwc-display: Voter name : LHBM single TE mode ? false
11-10 14:53:40.016   762 24357 D hwc-display: Voter name : BRIGHTNESS single TE mode ? false
11-10 14:53:40.016   762 24357 D hwc-display: ]
11-10 14:53:40.016   762 24357 D hwc-display: [PrimaryDisplay] OperationRateManager::onBrightness:dbv=1312
11-10 14:53:40.023  1431  2167 W USF     : USF_API: Drop flicker data, cannot find sampling_id:84682!
11-10 14:53:40.024   762 24357 I hwc-display: path=drm, id=0, level=1298, nits=127.883774, brightness=0.079468, DimmingOn=0, Hbm=0, LhbmOn=0, OpRate=120
11-10 14:53:40.024   762 24357 D hwc-display: setMinIdleRefreshRate requester = BRIGHTNESS, brightness = 127.775940 nits, vote minimum refresh rate to 1
11-10 14:53:40.024   762 24357 D hwc-display: Single TE mode votes: [
11-10 14:53:40.024   762 24357 D hwc-display: Voter name : PIXEL_DISP single TE mode ? false
11-10 14:53:40.024   762 24357 D hwc-display: Voter name : TEST single TE mode ? false
11-10 14:53:40.024   762 24357 D hwc-display: Voter name : LHBM single TE mode ? false
11-10 14:53:40.024   762 24357 D hwc-display: Voter name : BRIGHTNESS single TE mode ? false
11-10 14:53:40.024   762 24357 D hwc-display: ]
11-10 14:53:40.024   762 24357 D hwc-display: [PrimaryDisplay] OperationRateManager::onBrightness:dbv=1298
11-10 14:53:40.033  1431  2167 W USF     : USF_API: Drop flicker data, cannot find sampling_id:84682!
11-10 14:53:40.033   762 24357 I hwc-display: path=drm, id=0, level=1285, nits=124.882401, brightness=0.077573, DimmingOn=0, Hbm=0, LhbmOn=0, OpRate=120
11-10 14:53:40.033   762 24357 D hwc-display: setMinIdleRefreshRate requester = BRIGHTNESS, brightness = 124.978439 nits, vote minimum refresh rate to 1
11-10 14:53:40.033   762 24357 D hwc-display: Single TE mode votes: [
11-10 14:53:40.033   762 24357 D hwc-display: Voter name : PIXEL_DISP single TE mode ? false
11-10 14:53:40.033   762 24357 D hwc-display: Voter name : TEST single TE mode ? false
11-10 14:53:40.033   762 24357 D hwc-display: Voter name : LHBM single TE mode ? false
11-10 14:53:40.033   762 24357 D hwc-display: Voter name : BRIGHTNESS single TE mode ? false
11-10 14:53:40.033   762 24357 D hwc-display: ]
11-10 14:53:40.033   762 24357 D hwc-display: [PrimaryDisplay] OperationRateManager::onBrightness:dbv=1285
11-10 14:53:40.038 21379 21397 I cip     : Skipping package: com.twitter.android, it was already classified as: NOT_HARMFUL, and rescan was disabled
11-10 14:53:40.041   762 24357 I hwc-display: path=drm, id=0, level=1271, nits=121.905136, brightness=0.075694, DimmingOn=0, Hbm=0, LhbmOn=0, OpRate=120
11-10 14:53:40.041   762 24357 D hwc-display: setMinIdleRefreshRate requester = BRIGHTNESS, brightness = 122.004234 nits, vote minimum refresh rate to 1
11-10 14:53:40.041   762 24357 D hwc-display: Single TE mode votes: [
11-10 14:53:40.041   762 24357 D hwc-display: Voter name : PIXEL_DISP single TE mode ? false
11-10 14:53:40.041   762 24357 D hwc-display: Voter name : TEST single TE mode ? false
11-10 14:53:40.041   762 24357 D hwc-display: Voter name : LHBM single TE mode ? false
11-10 14:53:40.041   762 24357 D hwc-display: Voter name : BRIGHTNESS single TE mode ? false
11-10 14:53:40.041   762 24357 D hwc-display: ]
11-10 14:53:40.041   762 24357 D hwc-display: [PrimaryDisplay] OperationRateManager::onBrightness:dbv=1271
11-10 14:53:40.042  1431  2167 W USF     : USF_API: Drop flicker data, cannot find sampling_id:84682!
11-10 14:53:40.049   762 24357 I hwc-display: path=drm, id=0, level=1257, nits=118.966331, brightness=0.073839, DimmingOn=0, Hbm=0, LhbmOn=0, OpRate=120
11-10 14:53:40.049   762 24357 D hwc-display: setMinIdleRefreshRate requester = BRIGHTNESS, brightness = 119.067307 nits, vote minimum refresh rate to 1
11-10 14:53:40.049   762 24357 D hwc-display: Single TE mode votes: [
11-10 14:53:40.049   762 24357 D hwc-display: Voter name : PIXEL_DISP single TE mode ? false
11-10 14:53:40.049   762 24357 D hwc-display: Voter name : TEST single TE mode ? false
11-10 14:53:40.049   762 24357 D hwc-display: Voter name : LHBM single TE mode ? false
11-10 14:53:40.049   762 24357 D hwc-display: Voter name : BRIGHTNESS single TE mode ? false
11-10 14:53:40.049   762 24357 D hwc-display: ]
11-10 14:53:40.049   762 24357 D hwc-display: [PrimaryDisplay] OperationRateManager::onBrightness:dbv=1257
11-10 14:53:40.052  1431  2167 W USF     : USF_API: Drop flicker data, cannot find sampling_id:84682!
11-10 14:53:40.055 21379 21397 I brb     : Handling installed or updated package: com.ebay.mobile
11-10 14:53:40.056 21379 21397 I cip     : Attempting to classify package: com.ebay.mobile using model: bll_1
11-10 14:53:40.058   762 24357 I hwc-display: path=drm, id=0, level=1243, nits=116.065620, brightness=0.072007, DimmingOn=0, Hbm=0, LhbmOn=0, OpRate=120
11-10 14:53:40.058   762 24357 D hwc-display: setMinIdleRefreshRate requester = BRIGHTNESS, brightness = 116.167587 nits, vote minimum refresh rate to 1
11-10 14:53:40.058   762 24357 D hwc-display: Single TE mode votes: [
11-10 14:53:40.058   762 24357 D hwc-display: Voter name : PIXEL_DISP single TE mode ? false
11-10 14:53:40.058   762 24357 D hwc-display: Voter name : TEST single TE mode ? false
11-10 14:53:40.058   762 24357 D hwc-display: Voter name : LHBM single TE mode ? false
11-10 14:53:40.058   762 24357 D hwc-display: Voter name : BRIGHTNESS single TE mode ? false
11-10 14:53:40.058   762 24357 D hwc-display: ]
11-10 14:53:40.058   762 24357 D hwc-display: [PrimaryDisplay] OperationRateManager::onBrightness:dbv=1243
11-10 14:53:40.063  1431  2167 W USF     : USF_API: Drop flicker data, cannot find sampling_id:84682!
11-10 14:53:40.065 13160 21405 I cqyf    : (REDACTED) MDD.addFileGroup(%s) returned %b
11-10 14:53:40.065 13160 21405 I cqyt    : MDD refresh completed.
11-10 14:53:40.066 13160 13199 I cqyt    : Trying to get last downloaded model for current locale.
11-10 14:53:40.066 13160 13199 I cqyt    : (REDACTED) MDD.getFileGroup(%s)
11-10 14:53:40.066   762   839 I hwc-display: path=drm, id=0, level=1228, nits=113.188576, brightness=0.070191, DimmingOn=0, Hbm=0, LhbmOn=0, OpRate=120
11-10 14:53:40.066   762   839 D hwc-display: setMinIdleRefreshRate requester = BRIGHTNESS, brightness = 113.107216 nits, vote minimum refresh rate to 1
11-10 14:53:40.066   762   839 D hwc-display: Single TE mode votes: [
11-10 14:53:40.066   762   839 D hwc-display: Voter name : PIXEL_DISP single TE mode ? false
11-10 14:53:40.066   762   839 D hwc-display: Voter name : TEST single TE mode ? false
11-10 14:53:40.066   762   839 D hwc-display: Voter name : LHBM single TE mode ? false
11-10 14:53:40.066   762   839 D hwc-display: Voter name : BRIGHTNESS single TE mode ? false
11-10 14:53:40.066   762   839 D hwc-display: ]
11-10 14:53:40.066   762   839 D hwc-display: [PrimaryDisplay] OperationRateManager::onBrightness:dbv=1228
11-10 14:53:40.072  1431  2167 W USF     : USF_API: Drop flicker data, cannot find sampling_id:84682!
11-10 14:53:40.075   762   839 I hwc-display: path=drm, id=0, level=1214, nits=110.359230, brightness=0.068405, DimmingOn=0, Hbm=0, LhbmOn=0, OpRate=120
11-10 14:53:40.075   762   839 D hwc-display: setMinIdleRefreshRate requester = BRIGHTNESS, brightness = 110.289764 nits, vote minimum refresh rate to 1
11-10 14:53:40.075   762   839 D hwc-display: Single TE mode votes: [
11-10 14:53:40.075   762   839 D hwc-display: Voter name : PIXEL_DISP single TE mode ? false
11-10 14:53:40.075   762   839 D hwc-display: Voter name : TEST single TE mode ? false
11-10 14:53:40.075   762   839 D hwc-display: Voter name : LHBM single TE mode ? false
11-10 14:53:40.075   762   839 D hwc-display: Voter name : BRIGHTNESS single TE mode ? false
11-10 14:53:40.075   762   839 D hwc-display: ]
11-10 14:53:40.075   762   839 D hwc-display: [PrimaryDisplay] OperationRateManager::onBrightness:dbv=1214
11-10 14:53:40.083  1431  2167 W USF     : USF_API: Drop flicker data, cannot find sampling_id:84682!
11-10 14:53:40.083   762   839 I hwc-display: path=drm, id=0, level=1200, nits=107.566185, brightness=0.066642, DimmingOn=0, Hbm=0, LhbmOn=0, OpRate=120
11-10 14:53:40.083   762   839 D hwc-display: setMinIdleRefreshRate requester = BRIGHTNESS, brightness = 107.509666 nits, vote minimum refresh rate to 1
11-10 14:53:40.083   762   839 D hwc-display: Single TE mode votes: [
11-10 14:53:40.083   762   839 D hwc-display: Voter name : PIXEL_DISP single TE mode ? false
11-10 14:53:40.083   762   839 D hwc-display: Voter name : TEST single TE mode ? false
11-10 14:53:40.083   762   839 D hwc-display: Voter name : LHBM single TE mode ? false
11-10 14:53:40.083   762   839 D hwc-display: Voter name : BRIGHTNESS single TE mode ? false
11-10 14:53:40.083   762   839 D hwc-display: ]
11-10 14:53:40.083   762   839 D hwc-display: [PrimaryDisplay] OperationRateManager::onBrightness:dbv=1200
11-10 14:53:40.089 21379 21397 I cip     : Skipping package: com.ebay.mobile, it was already classified as: NOT_HARMFUL, and rescan was disabled
11-10 14:53:40.091   762   839 I hwc-display: path=drm, id=0, level=1186, nits=104.809280, brightness=0.064902, DimmingOn=0, Hbm=0, LhbmOn=0, OpRate=120
11-10 14:53:40.091   762   839 D hwc-display: setMinIdleRefreshRate requester = BRIGHTNESS, brightness = 104.770950 nits, vote minimum refresh rate to 1
11-10 14:53:40.091   762   839 D hwc-display: Single TE mode votes: [
11-10 14:53:40.091   762   839 D hwc-display: Voter name : PIXEL_DISP single TE mode ? false
11-10 14:53:40.091   762   839 D hwc-display: Voter name : TEST single TE mode ? false
11-10 14:53:40.091   762   839 D hwc-display: Voter name : LHBM single TE mode ? false
11-10 14:53:40.091   762   839 D hwc-display: Voter name : BRIGHTNESS single TE mode ? false
11-10 14:53:40.091   762   839 D hwc-display: ]
11-10 14:53:40.091   762   839 D hwc-display: [PrimaryDisplay] OperationRateManager::onBrightness:dbv=1186
11-10 14:53:40.092 21379 21397 I brb     : Handling installed or updated package: com.microsoft.teams
11-10 14:53:40.092 21379 21397 I cip     : Attempting to classify package: com.microsoft.teams using model: bll_1
11-10 14:53:40.093  1431  2167 W USF     : USF_API: Drop flicker data, cannot find sampling_id:84682!
11-10 14:53:40.100   762   839 I hwc-display: path=drm, id=0, level=1172, nits=102.089561, brightness=0.063185, DimmingOn=0, Hbm=0, LhbmOn=0, OpRate=120
11-10 14:53:40.100   762   839 D hwc-display: setMinIdleRefreshRate requester = BRIGHTNESS, brightness = 102.069389 nits, vote minimum refresh rate to 1
11-10 14:53:40.100   762   839 D hwc-display: Single TE mode votes: [
11-10 14:53:40.100   762   839 D hwc-display: Voter name : PIXEL_DISP single TE mode ? false
11-10 14:53:40.100   762   839 D hwc-display: Voter name : TEST single TE mode ? false
11-10 14:53:40.100   762   839 D hwc-display: Voter name : LHBM single TE mode ? false
11-10 14:53:40.100   762   839 D hwc-display: Voter name : BRIGHTNESS single TE mode ? false
11-10 14:53:40.100   762   839 D hwc-display: ]
11-10 14:53:40.100   762   839 D hwc-display: [PrimaryDisplay] OperationRateManager::onBrightness:dbv=1172
11-10 14:53:40.103  1431  2167 W USF     : USF_API: Drop flicker data, cannot find sampling_id:84682!
11-10 14:53:40.108   762   839 I hwc-display: path=drm, id=0, level=1158, nits=99.405281, brightness=0.061490, DimmingOn=0, Hbm=0, LhbmOn=0, OpRate=120
11-10 14:53:40.108   762   839 D hwc-display: setMinIdleRefreshRate requester = BRIGHTNESS, brightness = 99.404915 nits, vote minimum refresh rate to 1
11-10 14:53:40.108   762   839 D hwc-display: Single TE mode votes: [
11-10 14:53:40.108   762   839 D hwc-display: Voter name : PIXEL_DISP single TE mode ? false
11-10 14:53:40.108   762   839 D hwc-display: Voter name : TEST single TE mode ? false
11-10 14:53:40.108   762   839 D hwc-display: Voter name : LHBM single TE mode ? false
11-10 14:53:40.108   762   839 D hwc-display: Voter name : BRIGHTNESS single TE mode ? false
11-10 14:53:40.108   762   839 D hwc-display: ]
11-10 14:53:40.108   762   839 D hwc-display: [PrimaryDisplay] OperationRateManager::onBrightness:dbv=1158
11-10 14:53:40.113  1431  2167 W USF     : USF_API: Drop flicker data, cannot find sampling_id:84682!
11-10 14:53:40.113 21379 21397 I cip     : Skipping package: com.microsoft.teams, it was already classified as: NOT_HARMFUL, and rescan was disabled
11-10 14:53:40.116 21379 21397 I brb     : Handling installed or updated package: com.google.android.apps.docs
11-10 14:53:40.116 21379 21397 I cip     : Attempting to classify package: com.google.android.apps.docs using model: bll_1
11-10 14:53:40.116   762 24357 I hwc-display: path=drm, id=0, level=1144, nits=96.753922, brightness=0.059817, DimmingOn=0, Hbm=0, LhbmOn=0, OpRate=120
11-10 14:53:40.116   762 24357 D hwc-display: setMinIdleRefreshRate requester = BRIGHTNESS, brightness = 96.781929 nits, vote minimum refresh rate to 1
11-10 14:53:40.117   762 24357 D hwc-display: Single TE mode votes: [
11-10 14:53:40.117   762 24357 D hwc-display: Voter name : PIXEL_DISP single TE mode ? false
11-10 14:53:40.117   762 24357 D hwc-display: Voter name : TEST single TE mode ? false
11-10 14:53:40.117   762 24357 D hwc-display: Voter name : LHBM single TE mode ? false
11-10 14:53:40.117   762 24357 D hwc-display: Voter name : BRIGHTNESS single TE mode ? false
11-10 14:53:40.117   762 24357 D hwc-display: ]
11-10 14:53:40.117   762 24357 D hwc-display: [PrimaryDisplay] OperationRateManager::onBrightness:dbv=1144
11-10 14:53:40.122  1431  2167 W USF     : USF_API: Drop flicker data, cannot find sampling_id:84682!
11-10 14:53:40.124  1653  1653 D AOC     : A3:MSG: tmd3719_device.cc, 4540: USF: TMD3719: dbv:1144 leakage:0.030577 refresh_rate:120 status:1 op_hz:120 [0]
11-10 14:53:40.125   762   839 I hwc-display: path=drm, id=0, level=1130, nits=94.144913, brightness=0.058170, DimmingOn=0, Hbm=0, LhbmOn=0, OpRate=120
11-10 14:53:40.125   762   839 D hwc-display: setMinIdleRefreshRate requester = BRIGHTNESS, brightness = 94.194084 nits, vote minimum refresh rate to 1
11-10 14:53:40.125   762   839 D hwc-display: Single TE mode votes: [
11-10 14:53:40.125   762   839 D hwc-display: Voter name : PIXEL_DISP single TE mode ? false
11-10 14:53:40.125   762   839 D hwc-display: Voter name : TEST single TE mode ? false
11-10 14:53:40.125   762   839 D hwc-display: Voter name : LHBM single TE mode ? false
11-10 14:53:40.125   762   839 D hwc-display: Voter name : BRIGHTNESS single TE mode ? false
11-10 14:53:40.125   762   839 D hwc-display: ]
11-10 14:53:40.125   762   839 D hwc-display: [PrimaryDisplay] OperationRateManager::onBrightness:dbv=1130
11-10 14:53:40.132  1431  2167 W USF     : USF_API: Drop flicker data, cannot find sampling_id:84682!
11-10 14:53:40.133   762   839 I hwc-display: path=drm, id=0, level=1116, nits=91.571022, brightness=0.056545, DimmingOn=0, Hbm=0, LhbmOn=0, OpRate=120
11-10 14:53:40.133   762   839 D hwc-display: setMinIdleRefreshRate requester = BRIGHTNESS, brightness = 91.645187 nits, vote minimum refresh rate to 1
11-10 14:53:40.133   762   839 D hwc-display: Single TE mode votes: [
11-10 14:53:40.133   762   839 D hwc-display: Voter name : PIXEL_DISP single TE mode ? false
11-10 14:53:40.133   762   839 D hwc-display: Voter name : TEST single TE mode ? false
11-10 14:53:40.133   762   839 D hwc-display: Voter name : LHBM single TE mode ? false
11-10 14:53:40.133   762   839 D hwc-display: Voter name : BRIGHTNESS single TE mode ? false
11-10 14:53:40.133   762   839 D hwc-display: ]
11-10 14:53:40.133   762   839 D hwc-display: [PrimaryDisplay] OperationRateManager::onBrightness:dbv=1116
11-10 14:53:40.141   762   839 I hwc-display: path=drm, id=0, level=1101, nits=89.035881, brightness=0.054945, DimmingOn=0, Hbm=0, LhbmOn=0, OpRate=120
11-10 14:53:40.141   762   839 D hwc-display: setMinIdleRefreshRate requester = BRIGHTNESS, brightness = 88.958366 nits, vote minimum refresh rate to 1
11-10 14:53:40.141   762   839 D hwc-display: Single TE mode votes: [
11-10 14:53:40.141   762   839 D hwc-display: Voter name : PIXEL_DISP single TE mode ? false
11-10 14:53:40.141   762   839 D hwc-display: Voter name : TEST single TE mode ? false
11-10 14:53:40.141   762   839 D hwc-display: Voter name : LHBM single TE mode ? false
11-10 14:53:40.141   762   839 D hwc-display: Voter name : BRIGHTNESS single TE mode ? false
11-10 14:53:40.141   762   839 D hwc-display: ]
11-10 14:53:40.141   762   839 D hwc-display: [PrimaryDisplay] OperationRateManager::onBrightness:dbv=1101
11-10 14:53:40.143  1431  2167 W USF     : USF_API: Drop flicker data, cannot find sampling_id:84682!
11-10 14:53:40.146 21379 21397 I cip     : Skipping package: com.google.android.apps.docs, it was already classified as: NOT_HARMFUL, and rescan was disabled
11-10 14:53:40.149 21379 21397 I brb     : Handling installed or updated package: nl.marktplaats.android
11-10 14:53:40.149 21379 21397 I cip     : Attempting to classify package: nl.marktplaats.android using model: bll_1
11-10 14:53:40.151   762   839 I hwc-display: path=drm, id=0, level=1087, nits=86.535019, brightness=0.053366, DimmingOn=0, Hbm=0, LhbmOn=0, OpRate=120
11-10 14:53:40.151   762   839 D hwc-display: setMinIdleRefreshRate requester = BRIGHTNESS, brightness = 86.488335 nits, vote minimum refresh rate to 1
11-10 14:53:40.151   762   839 D hwc-display: Single TE mode votes: [
11-10 14:53:40.151   762   839 D hwc-display: Voter name : PIXEL_DISP single TE mode ? false
11-10 14:53:40.151   762   839 D hwc-display: Voter name : TEST single TE mode ? false
11-10 14:53:40.151   762   839 D hwc-display: Voter name : LHBM single TE mode ? false
11-10 14:53:40.151   762   839 D hwc-display: Voter name : BRIGHTNESS single TE mode ? false
11-10 14:53:40.151   762   839 D hwc-display: ]
11-10 14:53:40.151   762   839 D hwc-display: [PrimaryDisplay] OperationRateManager::onBrightness:dbv=1087
11-10 14:53:40.152  1431  2167 W USF     : USF_API: Drop flicker data, cannot find sampling_id:84682!
11-10 14:53:40.158   762   839 I hwc-display: path=drm, id=0, level=1073, nits=84.070671, brightness=0.051810, DimmingOn=0, Hbm=0, LhbmOn=0, OpRate=120
11-10 14:53:40.158   762   839 D hwc-display: setMinIdleRefreshRate requester = BRIGHTNESS, brightness = 84.056854 nits, vote minimum refresh rate to 1
11-10 14:53:40.158   762   839 D hwc-display: Single TE mode votes: [
11-10 14:53:40.158   762   839 D hwc-display: Voter name : PIXEL_DISP single TE mode ? false
11-10 14:53:40.158   762   839 D hwc-display: Voter name : TEST single TE mode ? false
11-10 14:53:40.158   762   839 D hwc-display: Voter name : LHBM single TE mode ? false
11-10 14:53:40.158   762   839 D hwc-display: Voter name : BRIGHTNESS single TE mode ? false
11-10 14:53:40.158   762   839 D hwc-display: ]
11-10 14:53:40.158   762   839 D hwc-display: [PrimaryDisplay] OperationRateManager::onBrightness:dbv=1073
11-10 14:53:40.162  1431  2167 W USF     : USF_API: Drop flicker data, cannot find sampling_id:84682!
11-10 14:53:40.167   762   839 I hwc-display: path=drm, id=0, level=1059, nits=81.643433, brightness=0.050278, DimmingOn=0, Hbm=0, LhbmOn=0, OpRate=120
11-10 14:53:40.167   762   839 D hwc-display: setMinIdleRefreshRate requester = BRIGHTNESS, brightness = 81.661987 nits, vote minimum refresh rate to 1
11-10 14:53:40.167   762   839 D hwc-display: Single TE mode votes: [
11-10 14:53:40.167   762   839 D hwc-display: Voter name : PIXEL_DISP single TE mode ? false
11-10 14:53:40.167   762   839 D hwc-display: Voter name : TEST single TE mode ? false
11-10 14:53:40.167   762   839 D hwc-display: Voter name : LHBM single TE mode ? false
11-10 14:53:40.167   762   839 D hwc-display: Voter name : BRIGHTNESS single TE mode ? false
11-10 14:53:40.167   762   839 D hwc-display: ]
11-10 14:53:40.167   762   839 D hwc-display: [PrimaryDisplay] OperationRateManager::onBrightness:dbv=1059
11-10 14:53:40.169 21379 21397 I cip     : Skipping package: nl.marktplaats.android, it was already classified as: NOT_HARMFUL, and rescan was disabled
11-10 14:53:40.171 21379 21397 I brb     : Handling installed or updated package: com.google.android.apps.photos
11-10 14:53:40.171 21379 21397 I cip     : Attempting to classify package: com.google.android.apps.photos using model: bll_1
11-10 14:53:40.172  1431  2167 W USF     : USF_API: Drop flicker data, cannot find sampling_id:84682!
11-10 14:53:40.175   762 24357 I hwc-display: path=drm, id=0, level=1045, nits=79.251961, brightness=0.048768, DimmingOn=0, Hbm=0, LhbmOn=0, OpRate=120
11-10 14:53:40.175   762 24357 D hwc-display: setMinIdleRefreshRate requester = BRIGHTNESS, brightness = 79.306732 nits, vote minimum refresh rate to 1
11-10 14:53:40.175   762 24357 D hwc-display: Single TE mode votes: [
11-10 14:53:40.175   762 24357 D hwc-display: Voter name : PIXEL_DISP single TE mode ? false
11-10 14:53:40.175   762 24357 D hwc-display: Voter name : TEST single TE mode ? false
11-10 14:53:40.175   762 24357 D hwc-display: Voter name : LHBM single TE mode ? false
11-10 14:53:40.175   762 24357 D hwc-display: Voter name : BRIGHTNESS single TE mode ? false
11-10 14:53:40.175   762 24357 D hwc-display: ]
11-10 14:53:40.175   762 24357 D hwc-display: [PrimaryDisplay] OperationRateManager::onBrightness:dbv=1045
11-10 14:53:40.183   762   839 I hwc-display: path=drm, id=0, level=1039, nits=78.255280, brightness=0.048139, DimmingOn=0, Hbm=0, LhbmOn=0, OpRate=120
11-10 14:53:40.183   762   839 D hwc-display: setMinIdleRefreshRate requester = BRIGHTNESS, brightness = 78.308434 nits, vote minimum refresh rate to 1
11-10 14:53:40.183  1431  2167 W USF     : USF_API: Drop flicker data, cannot find sampling_id:84682!
11-10 14:53:40.183   762   839 D hwc-display: Single TE mode votes: [
11-10 14:53:40.183   762   839 D hwc-display: Voter name : PIXEL_DISP single TE mode ? false
11-10 14:53:40.183   762   839 D hwc-display: Voter name : TEST single TE mode ? false
11-10 14:53:40.183   762   839 D hwc-display: Voter name : LHBM single TE mode ? false
11-10 14:53:40.183   762   839 D hwc-display: Voter name : BRIGHTNESS single TE mode ? false
11-10 14:53:40.183   762   839 D hwc-display: ]
11-10 14:53:40.183   762   839 D hwc-display: [PrimaryDisplay] OperationRateManager::onBrightness:dbv=1039
11-10 14:53:40.183   762   839 D hwc-display: setMinIdleRefreshRate requester = BRIGHTNESS, brightness = 78.308434 nits, vote minimum refresh rate to 1
11-10 14:53:40.183   762   839 D hwc-display: Single TE mode votes: [
11-10 14:53:40.183   762   839 D hwc-display: Voter name : PIXEL_DISP single TE mode ? false
11-10 14:53:40.183   762   839 D hwc-display: Voter name : TEST single TE mode ? false
11-10 14:53:40.183   762   839 D hwc-display: Voter name : LHBM single TE mode ? false
11-10 14:53:40.183   762   839 D hwc-display: Voter name : BRIGHTNESS single TE mode ? false
11-10 14:53:40.183   762   839 D hwc-display: ]
11-10 14:53:40.184   762   839 I hwc-display: path=sysfs, id=0, level=1039, nits=78.255280, brightness=0.048139, DimmingOn=0, Hbm=0, LhbmOn=0, OpRate=120
11-10 14:53:40.185  1653  1653 D AOC     : A3:MSG: tmd3719_device.cc, 4540: USF: TMD3719: dbv:1045 leakage:0.025439 refresh_rate:120 status:1 op_hz:120 [1]
11-10 14:53:40.189  3767  3773 W pixelstats-vendor: Thread Pool max thread count is 0. Cannot cache binder as linkToDeath cannot be implemented. serviceName: android.frameworks.stats.IStats/default
11-10 14:53:40.192  1431  2167 W USF     : USF_API: Drop flicker data, cannot find sampling_id:84682!
11-10 14:53:40.195 21379 21397 I cip     : Skipping package: com.google.android.apps.photos, it was already classified as: NOT_HARMFUL, and rescan was disabled
11-10 14:53:40.202  1431  2167 W USF     : USF_API: Drop flicker data, cannot find sampling_id:84682!
11-10 14:53:40.210 21379 21397 D nativeloader: Load /data/app/~~j-NveiCjcoCYynvAM_u2hQ==/com.google.android.odad-EGbek8fyc_pOiwU6jca0eA==/lib/arm64/libincfs_checker.so using class loader ns clns-9 (caller=/data/app/~~j-NveiCjcoCYynvAM_u2hQ==/com.google.android.odad-EGbek8fyc_pOiwU6jca0eA==/base.apk): ok
11-10 14:53:40.212  1431  2167 W USF     : USF_API: Drop flicker data, cannot find sampling_id:84682!
11-10 14:53:40.222  1431  2167 W USF     : USF_API: Drop flicker data, cannot find sampling_id:84682!
11-10 14:53:40.229  1431  2167 W USF     : USF_API: Drop sample report, cannot find sampling_id:84682
11-10 14:53:40.232  1431  2167 W USF     : USF_API: Drop flicker data, cannot find sampling_id:84682!
11-10 14:53:40.242  1431  2167 W USF     : USF_API: Drop flicker data, cannot find sampling_id:84682!
11-10 14:53:40.249  1653  1653 D AOC     : A3:MSG: tmd3719_device.cc, 4540: USF: TMD3719: dbv:1039 leakage:0.025136 refresh_rate:1 status:1 op_hz:120 [1]
11-10 14:53:40.252  1431  2167 W USF     : USF_API: Drop flicker data, cannot find sampling_id:84682!
11-10 14:53:40.262  1431  2167 W USF     : USF_API: Drop flicker data, cannot find sampling_id:84682!
11-10 14:53:40.272  1431  2167 W USF     : USF_API: Drop flicker data, cannot find sampling_id:84682!
11-10 14:53:40.282  1431  2167 W USF     : USF_API: Drop flicker data, cannot find sampling_id:84682!
11-10 14:53:40.292  1431  2167 W USF     : USF_API: Drop flicker data, cannot find sampling_id:84682!
11-10 14:53:40.303  1431  2167 W USF     : USF_API: Drop flicker data, cannot find sampling_id:84682!
11-10 14:53:40.313  1431  2167 W USF     : USF_API: Drop flicker data, cannot find sampling_id:84682!
11-10 14:53:40.322  1431  2167 W USF     : USF_API: Drop flicker data, cannot find sampling_id:84682!
11-10 14:53:40.332  1431  2167 W USF     : USF_API: Drop flicker data, cannot find sampling_id:84682!
11-10 14:53:40.342  1431  2167 W USF     : USF_API: Drop flicker data, cannot find sampling_id:84682!
11-10 14:53:40.352  1431  2167 W USF     : USF_API: Drop flicker data, cannot find sampling_id:84682!
11-10 14:53:40.362  1431  2167 W USF     : USF_API: Drop flicker data, cannot find sampling_id:84682!
11-10 14:53:40.371  1431  2167 W USF     : USF_API: Drop flicker data, cannot find sampling_id:84682!
11-10 14:53:40.381  1431  2167 W USF     : USF_API: Drop flicker data, cannot find sampling_id:84682!
11-10 14:53:40.387  1653  1653 D AOC     : A3:MSG: tmd3719_device.cc, 590: USF: TMD3719: [ALS]sync_delay_adjustment: 1018250
11-10 14:53:40.391  1431  2167 W USF     : USF_API: Drop flicker data, cannot find sampling_id:84682!
11-10 14:53:40.402  1431  2167 W USF     : USF_API: Drop flicker data, cannot find sampling_id:84682!
11-10 14:53:40.411  1431  2167 W USF     : USF_API: Drop flicker data, cannot find sampling_id:84682!
11-10 14:53:40.421  1431  2167 W USF     : USF_API: Drop flicker data, cannot find sampling_id:84682!
11-10 14:53:40.431  1431  2167 W USF     : USF_API: Drop flicker data, cannot find sampling_id:84682!
11-10 14:53:40.441  1431  2167 W USF     : USF_API: Drop flicker data, cannot find sampling_id:84682!
11-10 14:53:40.445 13160 21405 I cqyf    : (REDACTED) MDD.addFileGroup(%s) returned %b
11-10 14:53:40.445 13160 21405 I cqyt    : MDD refresh completed.
11-10 14:53:40.446 13160 13197 I ZipLPPopulator: (REDACTED) Updated file group for group '%s' from location: %s
11-10 14:53:40.446 13160 13185 I cqyt    : Trying to get last downloaded model for current locale.
11-10 14:53:40.447 13160 13184 I cqyt    : (REDACTED) MDD get/download %s returned successful.
11-10 14:53:40.447 13160 13185 I cqyt    : (REDACTED) MDD.getFileGroup(%s)
11-10 14:53:40.447 13160 13184 I cqyt    : (REDACTED) MDD returned hotwordModelSpec %s
11-10 14:53:40.447 13160 13201 I ZipLPPopulator: #addNewFileGroups complete
11-10 14:53:40.448 13160 13201 I eico    : #getPendingPackages from MDD
11-10 14:53:40.448 13160 13201 I eico    : #GetLanguagePackList
11-10 14:53:40.448 13160 13201 I eico    : MDD.getFileGroupsByFilter(langpack-domain_xx-XX_ver_zipfile)
11-10 14:53:40.449 13160 13176 I cqyt    : (REDACTED) MDD get/download %s returned successful.
11-10 14:53:40.450 13160 13176 I cqyt    : (REDACTED) MDD returned hotwordModelSpec %s
11-10 14:53:40.452  1431  2167 W USF     : USF_API: Drop flicker data, cannot find sampling_id:84682!
11-10 14:53:40.454 13160 13201 I DefaultLPManager: #getPackage
11-10 14:53:40.455 13160 13201 I ZipfileLPSourceImpl: #getPackage
11-10 14:53:40.456 13160 13201 I ZipLPPopulator: #addNewFileGroups
11-10 14:53:40.456 13160 13201 I eico    : #getDownloadableLanguagePacks
11-10 14:53:40.457 13160 13185 I cqyt    : (REDACTED) HotwordModel returned with path: %s
11-10 14:53:40.461 13160 13185 I cqyt    : (REDACTED) Scraping model ID for model of size %d
11-10 14:53:40.461 13160 13185 I cqyt    : (REDACTED) Scraped model ID: %s
11-10 14:53:40.461 13160 13176 I egar    : (REDACTED) Returning hotword model with ID: %s
11-10 14:53:40.461  1431  2167 W USF     : USF_API: Drop flicker data, cannot find sampling_id:84682!
11-10 14:53:40.462 13160 13201 I eidh    : (REDACTED) Loaded languagepack (LP) flag value from latest config %s: %s
11-10 14:53:40.464 13160 13185 E eiay    : (REDACTED) Unrecognized recognizer for [%s, %d]: %d. Ignoring it and its associated features.
11-10 14:53:40.470 13160 13201 I cqyt    : (REDACTED) HotwordModel returned with path: %s
11-10 14:53:40.471  1431  2167 W USF     : USF_API: Drop flicker data, cannot find sampling_id:84682!
11-10 14:53:40.474 13160 13201 I cqyt    : (REDACTED) Scraping model ID for model of size %d
11-10 14:53:40.474 13160 13201 I cqyt    : (REDACTED) Scraped model ID: %s
11-10 14:53:40.474 13160 13185 E eiay    : (REDACTED) Unrecognized recognizer for [%s, %d]: %d. Ignoring it and its associated features.
11-10 14:53:40.475 13160 13185 E eiay    : (REDACTED) Unrecognized recognizer for [%s, %d]: %d. Ignoring it and its associated features.
11-10 14:53:40.475 13160 13183 I egar    : (REDACTED) Returning hotword model with ID: %s
11-10 14:53:40.475 13160 13185 E eiay    : (REDACTED) Unrecognized recognizer for [%s, %d]: %d. Ignoring it and its associated features.
11-10 14:53:40.475 13160 13185 E eiay    : (REDACTED) Unrecognized recognizer for [%s, %d]: %d. Ignoring it and its associated features.
11-10 14:53:40.480 13160 13186 I LPRequestState: (REDACTED) [%s] #resolveDesiredLanguagePacks
11-10 14:53:40.480 13160 13186 I LPRequestState: (REDACTED) Assigning language pack %s for request %s
11-10 14:53:40.481 13160 13186 I LPDownloadSettingsState: (REDACTED) Defaulting LP download condition to %s as user has not edited settings.
11-10 14:53:40.481 13160 13186 I ZipLPPopulator: (REDACTED) MDD.addFileGroup: %s
11-10 14:53:40.481  1431  2167 W USF     : USF_API: Drop flicker data, cannot find sampling_id:84682!
11-10 14:53:40.482 10605 10692 I efwe    : (REDACTED) <<< [%s] Reading SodaResourceManager message with updated resourceIds: %s. Total set: %s
11-10 14:53:40.486 13160 13202 I efvp    : (REDACTED) [%s] SRM initial state for hotword: '%s'
11-10 14:53:40.487 13160 13184 I cqyt    : Getting hotwordModelConfig
11-10 14:53:40.487 10605 10692 I efwe    : (REDACTED) <<< [%s] Reading SodaResourceManager message with initial resourceIds: '%s.'
11-10 14:53:40.488 13160 13184 I cqyt    : MDD.refreshFileGroups(hotwordFileGroupPopulator)
11-10 14:53:40.489 13160 13184 I cqyf    : (REDACTED) MDD.addFileGroup(%s)
11-10 14:53:40.491  1431  2167 W USF     : USF_API: Drop flicker data, cannot find sampling_id:84682!
11-10 14:53:40.500 13160 13197 I ZipLPPopulator: (REDACTED) Updated file group for group '%s' from location: %s
11-10 14:53:40.501 13160 13197 I ZipLPPopulator: #addNewFileGroups complete
11-10 14:53:40.501 13160 21405 I cqyf    : (REDACTED) MDD.addFileGroup(%s) returned %b
11-10 14:53:40.501 13160 21405 I cqyt    : MDD refresh completed.
11-10 14:53:40.501 13160 13200 I ZipLPPopulator: (REDACTED) MDD.getFileGroup(%s)
11-10 14:53:40.501 13160 13200 I cqyt    : (REDACTED) Trying to get latest model with timeout: %dms.
11-10 14:53:40.501 13160 13200 I cqyt    : Trying to get latest model bytes.
11-10 14:53:40.501 13160 13200 I cqyt    : (REDACTED) Trying to get preloaded model for matching URL. (locale=%s)
11-10 14:53:40.501 13160 13200 I cqyt    : Preloaded model not available. Attempting download.
11-10 14:53:40.501 13160 13200 I cqyt    : Trying to get latest MDD Model bytes.
11-10 14:53:40.501  1431  2167 W USF     : USF_API: Drop flicker data, cannot find sampling_id:84682!
11-10 14:53:40.501 13160 13200 I cqyt    : (REDACTED) MDD.getFileGroup(%s)
11-10 14:53:40.502 13160 13176 I ZipfileLPSourceImpl: (REDACTED) MDD.getFileGroup(%s) complete
11-10 14:53:40.502 13160 13200 I cqyt    : (REDACTED) MDD.downloadFileGroup(%s)
11-10 14:53:40.503 13160 13176 I ZipfileLPSourceImpl: (REDACTED) Found LanguagePack metadata file with path: %s
11-10 14:53:40.503 13160 13176 I ZipfileLPSourceImpl: (REDACTED) Returning LanguagePack path for locale %s, version %d from MDD with group name '%s': '%s'
11-10 14:53:40.504 13160 13200 I efvp    : (REDACTED) [%s] Installed LanguagePacks: %s
11-10 14:53:40.505 13160 13200 I efvp    : (REDACTED) [%s] Pending pack: %s
11-10 14:53:40.505 13160 13185 I efvp    : (REDACTED) [%s] #getLatestServerTisidVoiceprint: %s
11-10 14:53:40.505 13160 13185 I efvp    : (REDACTED) [%s] Server Tisid voiceprint queries skipped because ServerTisid-specific flag is disabled.
11-10 14:53:40.506 13160 13186 I crba    : #getTdsidModel
11-10 14:53:40.506 13160 13199 I crba    : #initialize
11-10 14:53:40.506 13160 13200 I crba    : #getTisidModel
11-10 14:53:40.506 13160 13183 I cqyt    : (REDACTED) MDD get/download %s returned successful.
11-10 14:53:40.506 13160 13183 I cqyt    : (REDACTED) MDD returned hotwordModelSpec %s
11-10 14:53:40.511  1431  2167 W USF     : USF_API: Drop flicker data, cannot find sampling_id:84682!
11-10 14:53:40.514 10605 10695 I efwe    : (REDACTED) <<< [%s] Reading SodaResourceManager message with updated resourceIds: %s. Total set: %s
11-10 14:53:40.514 10605 10695 I efwe    : (REDACTED) <<< [%s] SodaResourceManager session emitted all requested resources: %s. Ok to terminate.
11-10 14:53:40.521  1431  2167 W USF     : USF_API: Drop flicker data, cannot find sampling_id:84682!
11-10 14:53:40.528 13160 13185 I cqyt    : (REDACTED) HotwordModel returned with path: %s
11-10 14:53:40.530 13160 13185 I cqyt    : (REDACTED) Scraping model ID for model of size %d
11-10 14:53:40.531 13160 13185 I cqyt    : (REDACTED) Scraped model ID: %s
11-10 14:53:40.531  1431  2167 W USF     : USF_API: Drop flicker data, cannot find sampling_id:84682!
11-10 14:53:40.531 13160 13183 I egar    : (REDACTED) Returning hotword model with ID: %s
11-10 14:53:40.541  1431  2167 W USF     : USF_API: Drop flicker data, cannot find sampling_id:84682!
11-10 14:53:40.545 13160 13185 I crba    : #getTdsidModel
11-10 14:53:40.551  1431  2167 W USF     : USF_API: Drop flicker data, cannot find sampling_id:84682!
11-10 14:53:40.554 13160 13182 I crba    : Didn't find an initialized EnrollmentManager. Updating config.
