11-10 15:25:30.836  1431  2167 W USF     : USF_API: Drop flicker data, cannot find sampling_id:84682!
11-10 15:25:30.845  1431  2167 W USF     : USF_API: Drop flicker data, cannot find sampling_id:84682!
11-10 15:25:30.855  1431  2167 W USF     : USF_API: Drop flicker data, cannot find sampling_id:84682!
11-10 15:25:30.866  1431  2167 W USF     : USF_API: Drop flicker data, cannot find sampling_id:84682!
11-10 15:25:30.875  1431  2167 W USF     : USF_API: Drop flicker data, cannot find sampling_id:84682!
11-10 15:25:30.885  1431  2167 W USF     : USF_API: Drop flicker data, cannot find sampling_id:84682!
11-10 15:25:30.895  1431  2167 W USF     : USF_API: Drop flicker data, cannot find sampling_id:84682!
11-10 15:25:30.905  1431  2167 W USF     : USF_API: Drop flicker data, cannot find sampling_id:84682!
11-10 15:25:30.915  1431  2167 W USF     : USF_API: Drop flicker data, cannot find sampling_id:84682!
11-10 15:25:30.925  1431  2167 W USF     : USF_API: Drop flicker data, cannot find sampling_id:84682!
11-10 15:25:30.930 13160 13182 I cqyt    : (REDACTED) MDD get/download %s returned successful.
11-10 15:25:30.935  1431  2167 W USF     : USF_API: Drop flicker data, cannot find sampling_id:84682!
11-10 15:25:30.935 13160 13184 I cqyt    : (REDACTED) MDD get/download %s returned successful.
11-10 15:25:30.936 13160 13184 I cqyt    : (REDACTED) MDD returned hotwordModelSpec %s
11-10 15:25:30.936 13160 13182 I cqyt    : (REDACTED) MDD returned hotwordModelSpec %s
11-10 15:25:30.945  1431  2167 W USF     : USF_API: Drop flicker data, cannot find sampling_id:84682!
11-10 15:25:30.949 13160 13199 I DefaultLPManager: #getPackage
11-10 15:25:30.950 13160 13199 I ZipfileLPSourceImpl: #getPackage
11-10 15:25:30.950 13160 13199 I ZipLPPopulator: #addNewFileGroups
11-10 15:25:30.950 13160 13199 I eico    : #getDownloadableLanguagePacks
11-10 15:25:30.954 13160 13199 I eidh    : (REDACTED) Loaded languagepack (LP) flag value from latest config %s: %s
11-10 15:25:30.954  1431  2167 W USF     : USF_API: Drop flicker data, cannot find sampling_id:84682!
11-10 15:25:30.959 13160 13197 E eiay    : (REDACTED) Unrecognized recognizer for [%s, %d]: %d. Ignoring it and its associated features.
11-10 15:25:30.964  1431  2167 W USF     : USF_API: Drop flicker data, cannot find sampling_id:84682!
11-10 15:25:30.965 13160 13185 I cqyt    : (REDACTED) HotwordModel returned with path: %s
11-10 15:25:30.967 13160 13197 E eiay    : (REDACTED) Unrecognized recognizer for [%s, %d]: %d. Ignoring it and its associated features.
11-10 15:25:30.967 13160 13197 E eiay    : (REDACTED) Unrecognized recognizer for [%s, %d]: %d. Ignoring it and its associated features.
11-10 15:25:30.967 13160 13197 E eiay    : (REDACTED) Unrecognized recognizer for [%s, %d]: %d. Ignoring it and its associated features.
11-10 15:25:30.968 13160 13185 I cqyt    : (REDACTED) Scraping model ID for model of size %d
11-10 15:25:30.968 13160 13185 I cqyt    : (REDACTED) Scraped model ID: %s
11-10 15:25:30.968 13160 13197 E eiay    : (REDACTED) Unrecognized recognizer for [%s, %d]: %d. Ignoring it and its associated features.
11-10 15:25:30.969 13160 13176 I egar    : (REDACTED) Returning hotword model with ID: %s
11-10 15:25:30.971 13160 13197 I LPRequestState: (REDACTED) [%s] #resolveDesiredLanguagePacks
11-10 15:25:30.972 13160 13197 I LPRequestState: (REDACTED) Assigning language pack %s for request %s
11-10 15:25:30.973 13160 13197 I LPDownloadSettingsState: (REDACTED) Defaulting LP download condition to %s as user has not edited settings.
11-10 15:25:30.973 13160 13185 I ZipLPPopulator: (REDACTED) MDD.addFileGroup: %s
11-10 15:25:30.974  1431  2167 W USF     : USF_API: Drop flicker data, cannot find sampling_id:84682!
11-10 15:25:30.977 13160 13199 I cqyt    : (REDACTED) HotwordModel returned with path: %s
11-10 15:25:30.980 13160 13199 I cqyt    : (REDACTED) Scraping model ID for model of size %d
11-10 15:25:30.980 13160 13199 I cqyt    : (REDACTED) Scraped model ID: %s
11-10 15:25:30.980 13160 13182 I egar    : (REDACTED) Returning hotword model with ID: %s
11-10 15:25:30.984  1431  2167 W USF     : USF_API: Drop flicker data, cannot find sampling_id:84682!
11-10 15:25:30.994  1431  2167 W USF     : USF_API: Drop flicker data, cannot find sampling_id:84682!
11-10 15:25:31.004  1431  2167 W USF     : USF_API: Drop flicker data, cannot find sampling_id:84682!
11-10 15:25:31.014  1431  2167 W USF     : USF_API: Drop flicker data, cannot find sampling_id:84682!
11-10 15:25:31.016 10605 10692 I efwe    : (REDACTED) <<< [%s] Reading SodaResourceManager message with updated resourceIds: %s. Total set: %s
11-10 15:25:31.019 13160 13200 I ZipLPPopulator: (REDACTED) Updated file group for group '%s' from location: %s
11-10 15:25:31.019 13160 13200 I ZipLPPopulator: #addNewFileGroups complete
11-10 15:25:31.019 13160 13200 I ZipLPPopulator: (REDACTED) MDD.getFileGroup(%s)
11-10 15:25:31.023 13160 13182 I ZipfileLPSourceImpl: (REDACTED) MDD.getFileGroup(%s) complete
11-10 15:25:31.024  1431  2167 W USF     : USF_API: Drop flicker data, cannot find sampling_id:84682!
11-10 15:25:31.025 13160 13197 I efvp    : (REDACTED) [%s] SRM initial state for hotword: '%s'
11-10 15:25:31.026 10605 10691 I efwe    : (REDACTED) <<< [%s] Reading SodaResourceManager message with initial resourceIds: '%s.'
11-10 15:25:31.029 13160 13184 I cqyt    : Getting hotwordModelConfig
11-10 15:25:31.030 13160 13182 I ZipfileLPSourceImpl: (REDACTED) Found LanguagePack metadata file with path: %s
11-10 15:25:31.030 13160 13182 I ZipfileLPSourceImpl: (REDACTED) Returning LanguagePack path for locale %s, version %d from MDD with group name '%s': '%s'
11-10 15:25:31.030 13160 13184 I cqyt    : MDD.refreshFileGroups(hotwordFileGroupPopulator)
11-10 15:25:31.032 13160 13197 I efvp    : (REDACTED) [%s] Installed LanguagePacks: %s
11-10 15:25:31.032 13160 13184 I cqyf    : (REDACTED) MDD.addFileGroup(%s)
11-10 15:25:31.032 13160 13197 I efvp    : (REDACTED) [%s] Pending pack: %s
11-10 15:25:31.033 13160 13197 I efvp    : (REDACTED) [%s] #getLatestServerTisidVoiceprint: %s
11-10 15:25:31.033 13160 13197 I efvp    : (REDACTED) [%s] Server Tisid voiceprint queries skipped because ServerTisid-specific flag is disabled.
11-10 15:25:31.033 13160 13197 I crba    : #getTisidModel
11-10 15:25:31.033 13160 13186 I crba    : #getTdsidModel
11-10 15:25:31.033 13160 13186 I crba    : #initialize
11-10 15:25:31.034 13160 30776 I cqyf    : (REDACTED) MDD.addFileGroup(%s) returned %b
11-10 15:25:31.034 13160 30776 I cqyt    : MDD refresh completed.
11-10 15:25:31.034 13160 13201 I cqyt    : (REDACTED) Trying to get latest model with timeout: %dms.
11-10 15:25:31.034 13160 13201 I cqyt    : Trying to get latest model bytes.
11-10 15:25:31.034 13160 13201 I cqyt    : (REDACTED) Trying to get preloaded model for matching URL. (locale=%s)
11-10 15:25:31.034  1431  2167 W USF     : USF_API: Drop flicker data, cannot find sampling_id:84682!
11-10 15:25:31.035 13160 13186 I cqyt    : Preloaded model not available. Attempting download.
11-10 15:25:31.035 13160 13186 I cqyt    : Trying to get latest MDD Model bytes.
11-10 15:25:31.035 13160 13186 I cqyt    : (REDACTED) MDD.getFileGroup(%s)
11-10 15:25:31.036 13160 13202 I cqyt    : (REDACTED) MDD.downloadFileGroup(%s)
11-10 15:25:31.038 13160 13183 I cqyt    : (REDACTED) MDD get/download %s returned successful.
11-10 15:25:31.038 13160 13183 I cqyt    : (REDACTED) MDD returned hotwordModelSpec %s
11-10 15:25:31.040 10605 10691 I efwe    : (REDACTED) <<< [%s] Reading SodaResourceManager message with updated resourceIds: %s. Total set: %s
11-10 15:25:31.041 10605 10691 I efwe    : (REDACTED) <<< [%s] SodaResourceManager session emitted all requested resources: %s. Ok to terminate.
11-10 15:25:31.044 13160 13201 I cqyt    : (REDACTED) HotwordModel returned with path: %s
11-10 15:25:31.045  1431  2167 W USF     : USF_API: Drop flicker data, cannot find sampling_id:84682!
11-10 15:25:31.045 13160 13201 I cqyt    : (REDACTED) Scraping model ID for model of size %d
11-10 15:25:31.045 13160 13201 I cqyt    : (REDACTED) Scraped model ID: %s
11-10 15:25:31.047 13160 13183 I egar    : (REDACTED) Returning hotword model with ID: %s
11-10 15:25:31.055  1431  2167 W USF     : USF_API: Drop flicker data, cannot find sampling_id:84682!
11-10 15:25:31.062 13160 13201 I crba    : #getTdsidModel
11-10 15:25:31.064  1431  2167 W USF     : USF_API: Drop flicker data, cannot find sampling_id:84682!
11-10 15:25:31.070 13160 13176 I crba    : Didn't find an initialized EnrollmentManager. Updating config.
11-10 15:25:31.070 13160 13176 I A       : (REDACTED) updateConfig: Hotword present: %b, LP directory: %s
11-10 15:25:31.074  1431  2167 W USF     : USF_API: Drop flicker data, cannot find sampling_id:84682!
11-10 15:25:31.084  1431  2167 W USF     : USF_API: Drop flicker data, cannot find sampling_id:84682!
11-10 15:25:31.094  1431  2167 W USF     : USF_API: Drop flicker data, cannot find sampling_id:84682!
11-10 15:25:31.104  1431  2167 W USF     : USF_API: Drop flicker data, cannot find sampling_id:84682!
11-10 15:25:31.114  1431  2167 W USF     : USF_API: Drop flicker data, cannot find sampling_id:84682!
11-10 15:25:31.115 30907 30741 I NearbyDiscovery: (REDACTED) processGrantSlicePermission: %s
11-10 15:25:31.124  1431  2167 W USF     : USF_API: Drop flicker data, cannot find sampling_id:84682!
11-10 15:25:31.134  1431  2167 W USF     : USF_API: Drop flicker data, cannot find sampling_id:84682!
11-10 15:25:31.144  1431  2167 W USF     : USF_API: Drop flicker data, cannot find sampling_id:84682!
11-10 15:25:31.154  1431  2167 W USF     : USF_API: Drop flicker data, cannot find sampling_id:84682!
11-10 15:25:31.156 13160 13201 I native  : I0000 00:00:1762781131.135238   13201 enrollment_manager_impl.cc:455] UpdateConfigRequest with timeout: 0
11-10 15:25:31.164  1431  2167 W USF     : USF_API: Drop flicker data, cannot find sampling_id:84682!
11-10 15:25:31.174  1431  2167 W USF     : USF_API: Drop flicker data, cannot find sampling_id:84682!
11-10 15:25:31.184  1431  2167 W USF     : USF_API: Drop flicker data, cannot find sampling_id:84682!
11-10 15:25:31.194  1431  2167 W USF     : USF_API: Drop flicker data, cannot find sampling_id:84682!
11-10 15:25:31.204  1431  2167 W USF     : USF_API: Drop flicker data, cannot find sampling_id:84682!
11-10 15:25:31.214  1431  2167 W USF     : USF_API: Drop flicker data, cannot find sampling_id:84682!
11-10 15:25:31.224  1431  2167 W USF     : USF_API: Drop flicker data, cannot find sampling_id:84682!
11-10 15:25:31.229  1431  2167 W USF     : USF_API: Drop sample report, cannot find sampling_id:84682
11-10 15:25:31.230 30907 14696 I Icing   : IndexChimeraService.getServiceInterface callingPackage=com.google.android.gms componentName=AppsCorpus serviceId=36
11-10 15:25:31.233  1431  2167 W USF     : USF_API: Drop flicker data, cannot find sampling_id:84682!
11-10 15:25:31.244  1431  2167 W USF     : USF_API: Drop flicker data, cannot find sampling_id:84682!
11-10 15:25:31.247 13160 13206 E SpeechMicro: Hotword model is single-channel neuralnet.
11-10 15:25:31.249 13160 13206 I native  : I0000 00:00:1762781131.249824   13206 enrollment_manager_impl.cc:1324] A valid TD-SID creator already exists. No need to re-create.
11-10 15:25:31.251 13160 13206 I native  : I0000 00:00:1762781131.251241   13206 enrollment_manager_impl_utils.cc:81] Using standalone TI-SID pipeline config:/data/user/0/com.google.android.googlequicksearchbox/files/datadownload/shared/public/datadownloadfile_1702414361173/configs/ONDEVICE_LARGE_VOICE_MATCH.config
11-10 15:25:31.252 13160 13206 I native  : I0000 00:00:1762781131.252152   13206 enrollment_manager_impl.cc:1344] A valid TI-SID creator already exists. No need to re-create.
11-10 15:25:31.252 13160 13206 I native  : I0000 00:00:1762781131.252315   13206 enrollment_manager_impl_utils.cc:81] Using standalone TI-SID pipeline config:/data/user/0/com.google.android.googlequicksearchbox/files/datadownload/shared/public/datadownloadfile_1702414361173/configs/ONDEVICE_LARGE_VOICE_MATCH.config
11-10 15:25:31.252 13160 13206 I native  : I0000 00:00:1762781131.252347   13206 enrollment_manager_impl.cc:1067] Attempting to insert stored TD-SID profiles into config.
11-10 15:25:31.252 13160 13206 I native  : I0000 00:00:1762781131.252364   13206 enrollment_manager_impl.cc:1091] Found 0 speakers with existing TDSID models.
11-10 15:25:31.253 13160 13206 W native  : W0000 00:00:1762781131.252606   13206 enrollment_manager_impl.cc:1123] No valid TD-SID models found.
11-10 15:25:31.253 13160 13206 I native  : I0000 00:00:1762781131.253069   13206 enrollment_manager_impl.cc:1429] Retrieved stored TDSID models. Speakers requiring re-training:0
11-10 15:25:31.253 13160 13206 I native  : I0000 00:00:1762781131.253089   13206 enrollment_manager_impl.cc:1140] Attempting to insert stored TI-SID profiles into config.
11-10 15:25:31.253 13160 13206 I native  : I0000 00:00:1762781131.253101   13206 enrollment_manager_impl.cc:1165] Found 0 speakers with existing TI-SID models.
11-10 15:25:31.253 13160 13206 W native  : W0000 00:00:1762781131.253113   13206 enrollment_manager_impl.cc:1197] No valid TI-SID models found.
11-10 15:25:31.253 13160 13206 I native  : I0000 00:00:1762781131.253122   13206 enrollment_manager_impl.cc:1442] Retrieved stored TISID models. Speakers requiring re-training:0
11-10 15:25:31.253 13160 13206 I native  : I0000 00:00:1762781131.253160   13206 enrollment_manager_impl.cc:1452] Retrieved Server TISID models. 
11-10 15:25:31.254  1431  2167 W USF     : USF_API: Drop flicker data, cannot find sampling_id:84682!
11-10 15:25:31.254 13160 13201 I A       : (REDACTED) handleResponse for  %s user(s)
11-10 15:25:31.254 13160 13201 I A       : (REDACTED) Found SodaVmmmClassicWriter. Preparing to propagate model update for status: %s
11-10 15:25:31.254 13160 13201 I A       : Skipping model update propagation to SodaVmmmClassicWriter since speaker model did not change.
11-10 15:25:31.254 13160 13206 I native  : I0000 00:00:1762781131.254867   13206 enrollment_manager_impl.cc:468] Invoking listeners with updated speaker profiles.
11-10 15:25:31.255 13160 13201 I A       : #handleModelUpdate
11-10 15:25:31.255 13160 13201 I A       : (REDACTED) # of TDSID models received: %s
11-10 15:25:31.255 13160 13201 I A       : (REDACTED) Size of TI-SID model bytestring received: %s
11-10 15:25:31.255 13160 13201 I A       : (REDACTED) # of Server TI-SID voiceprints received: %s
11-10 15:25:31.255 13160 13202 I A       : getTextIndependentSpeakerIdModels
11-10 15:25:31.255 13160 13199 I crba    : #initialize
11-10 15:25:31.258 13160 13184 I crba    : Already has an initialized EnrollmentManager.
11-10 15:25:31.258 13160 13201 I A       : getHotwordSpeakerIdModels
11-10 15:25:31.258 13160 13201 I crba    : Returning empty SpeakerId model
11-10 15:25:31.258 13160 13202 I crba    : #initialize
11-10 15:25:31.261 21379 21379 I ContentProtectionServic: CP service destroyed
11-10 15:25:31.263  1884  1884 I RemoteContentProtectionService: Connection status for: ComponentInfo{com.google.android.odad/com.google.android.apps.miphone.odad.contentprotection.ContentProtectionService} changed to: disconnected
11-10 15:25:31.265  1431  2167 W USF     : USF_API: Drop flicker data, cannot find sampling_id:84682!
11-10 15:25:31.275  1431  2167 W USF     : USF_API: Drop flicker data, cannot find sampling_id:84682!
11-10 15:25:31.280 13160 13202 I crba    : #getTdsidModel
11-10 15:25:31.280  1884  2730 D BackgroundInstallControlService: Package event received: 0
11-10 15:25:31.280  1884  2730 D BackgroundInstallControlService: Package event received: 0
11-10 15:25:31.256 13160 13160 W com.google.android.googlequicksearchbox:search: type=1400 audit(0.0:207113): avc:  denied  { read } for  comm=424720546872656164202331 name="/" dev="sda10" ino=3 scontext=u:r:priv_app:s0:c512,c768 tcontext=u:object_r:metadata_file:s0 tclass=dir permissive=0 app=com.google.android.googlequicksearchbox
11-10 15:25:31.284  1431  2167 W USF     : USF_API: Drop flicker data, cannot find sampling_id:84682!
11-10 15:25:31.290 10605 10689 I efwe    : (REDACTED) <<< [%s] Reading SodaResourceManager message with updated resourceIds: %s. Total set: %s
11-10 15:25:31.290 10605 10689 I efwe    : (REDACTED) <<< [%s] SodaResourceManager session emitted all requested resources: %s. Ok to terminate.
11-10 15:25:31.292 30907 30741 W SQLiteLog: (28) double-quoted string literal: "com.example.mobiledigger"
11-10 15:25:31.294  1431  2167 W USF     : USF_API: Drop flicker data, cannot find sampling_id:84682!
11-10 15:25:31.297 30907 30792 I Icing   : Usage reports ok 5, Failed Usage reports 0, indexed 0, rejected 0
11-10 15:25:31.298 30907 31056 I Icing   : IndexChimeraService.getServiceInterface callingPackage=com.google.android.gms componentName=null serviceId=30
11-10 15:25:31.302 13160 13182 I crba    : Didn't find an initialized EnrollmentManager. Updating config.
11-10 15:25:31.302 13160 13182 I A       : (REDACTED) updateConfig: Hotword present: %b, LP directory: %s
11-10 15:25:31.304  1431  2167 W USF     : USF_API: Drop flicker data, cannot find sampling_id:84682!
11-10 15:25:31.306 13160 13202 I native  : I0000 00:00:1762781131.306295   13202 enrollment_manager_impl.cc:455] UpdateConfigRequest with timeout: 0
11-10 15:25:31.314  1431  2167 W USF     : USF_API: Drop flicker data, cannot find sampling_id:84682!
11-10 15:25:31.324  1431  2167 W USF     : USF_API: Drop flicker data, cannot find sampling_id:84682!
11-10 15:25:31.328 30907 30792 I Icing   : Usage reports ok 0, Failed Usage reports 0, indexed 0, rejected 0
11-10 15:25:31.329 30907 30792 I Icing   : Indexing com.google.android.gms-apps from com.google.android.gms
11-10 15:25:31.333 13160 13206 E SpeechMicro: Hotword model is single-channel neuralnet.
11-10 15:25:31.333  1431  2167 W USF     : USF_API: Drop flicker data, cannot find sampling_id:84682!
11-10 15:25:31.338 13160 13206 I native  : I0000 00:00:1762781131.338078   13206 enrollment_manager_impl.cc:1324] A valid TD-SID creator already exists. No need to re-create.
11-10 15:25:31.339 13160 13206 W native  : W0000 00:00:1762781131.339774   13206 language_pack_utils.cc:222] Neither language pack directory nor config file path is set.
11-10 15:25:31.340 13160 13206 W native  : W0000 00:00:1762781131.339888   13206 enrollment_manager_impl_utils.cc:85] No standalone TI-SID pipeline config found:INVALID_ARGUMENT: Could not determine LP directory.
11-10 15:25:31.340 13160 13206 W native  : === Source Location Trace: ===
11-10 15:25:31.340 13160 13206 W native  : speech/soda/utils/language_pack_utils.cc:391
11-10 15:25:31.340 13160 13206 W native  : W0000 00:00:1762781131.340323   13206 enrollment_manager_impl.cc:1341] Could not determine TI-SID version:INVALID_ARGUMENT: No provided LP directory.
11-10 15:25:31.340 13160 13206 W native  : === Source Location Trace: ===
11-10 15:25:31.340 13160 13206 W native  : speech/soda/utils/language_pack_utils.cc:310
11-10 15:25:31.340 13160 13206 W native  : speech/soda/speaker_id/enrollment/enrollment_manager_impl_utils.cc:98
11-10 15:25:31.340 13160 13206 W native  : W0000 00:00:1762781131.340362   13206 language_pack_utils.cc:222] Neither language pack directory nor config file path is set.
11-10 15:25:31.340 13160 13206 W native  : W0000 00:00:1762781131.340374   13206 enrollment_manager_impl_utils.cc:85] No standalone TI-SID pipeline config found:INVALID_ARGUMENT: Could not determine LP directory.
11-10 15:25:31.340 13160 13206 W native  : === Source Location Trace: ===
11-10 15:25:31.340 13160 13206 W native  : speech/soda/utils/language_pack_utils.cc:391
11-10 15:25:31.340 13160 13206 W native  : W0000 00:00:1762781131.340387   13206 enrollment_manager_impl.cc:1360] Unable to select ASR config path: INVALID_ARGUMENT: No provided LP directory.
11-10 15:25:31.340 13160 13206 W native  : === Source Location Trace: ===
11-10 15:25:31.340 13160 13206 W native  : speech/soda/utils/language_pack_utils.cc:310
11-10 15:25:31.340 13160 13206 I native  : I0000 00:00:1762781131.340407   13206 enrollment_manager_impl.cc:1067] Attempting to insert stored TD-SID profiles into config.
11-10 15:25:31.340 13160 13206 I native  : I0000 00:00:1762781131.340453   13206 enrollment_manager_impl.cc:1091] Found 0 speakers with existing TDSID models.
11-10 15:25:31.340 13160 13206 W native  : W0000 00:00:1762781131.340527   13206 enrollment_manager_impl.cc:1123] No valid TD-SID models found.
11-10 15:25:31.340 13160 13206 I native  : I0000 00:00:1762781131.340538   13206 enrollment_manager_impl.cc:1429] Retrieved stored TDSID models. Speakers requiring re-training:0
11-10 15:25:31.340 13160 13206 I native  : I0000 00:00:1762781131.340549   13206 enrollment_manager_impl.cc:1140] Attempting to insert stored TI-SID profiles into config.
11-10 15:25:31.340 13160 13206 I native  : I0000 00:00:1762781131.340560   13206 enrollment_manager_impl.cc:1165] Found 0 speakers with existing TI-SID models.
11-10 15:25:31.340 13160 13206 W native  : W0000 00:00:1762781131.340600   13206 enrollment_manager_impl.cc:1197] No valid TI-SID models found.
11-10 15:25:31.340 13160 13206 I native  : I0000 00:00:1762781131.340610   13206 enrollment_manager_impl.cc:1442] Retrieved stored TISID models. Speakers requiring re-training:0
11-10 15:25:31.340 13160 13206 I native  : I0000 00:00:1762781131.340623   13206 enrollment_manager_impl.cc:1452] Retrieved Server TISID models. 
11-10 15:25:31.341 13160 13202 I A       : (REDACTED) handleResponse for  %s user(s)
11-10 15:25:31.341 13160 13206 I native  : I0000 00:00:1762781131.341286   13206 enrollment_manager_impl.cc:468] Invoking listeners with updated speaker profiles.
11-10 15:25:31.341 13160 13202 I A       : (REDACTED) Found SodaVmmmClassicWriter. Preparing to propagate model update for status: %s
11-10 15:25:31.341 13160 13202 I A       : Skipping model update propagation to SodaVmmmClassicWriter since speaker model did not change.
11-10 15:25:31.341 13160 13202 I A       : #handleModelUpdate
11-10 15:25:31.341 13160 13202 I A       : (REDACTED) # of TDSID models received: %s
11-10 15:25:31.341 13160 13202 I A       : (REDACTED) Size of TI-SID model bytestring received: %s
11-10 15:25:31.341 13160 13202 I A       : (REDACTED) # of Server TI-SID voiceprints received: %s
11-10 15:25:31.342 13160 13199 I A       : getHotwordSpeakerIdModels
11-10 15:25:31.342 13160 13199 I crba    : Returning empty SpeakerId model
11-10 15:25:31.342 13160 13201 I crba    : #initialize
11-10 15:25:31.342 13160 13199 I efvp    : (REDACTED) [%s] SRM initial state for TD-SID: '%s'
11-10 15:25:31.343  1431  2167 W USF     : USF_API: Drop flicker data, cannot find sampling_id:84682!
11-10 15:25:31.344 10605 10691 I efwe    : (REDACTED) <<< [%s] Reading SodaResourceManager message with initial resourceIds: '%s.'
11-10 15:25:31.344 10605 10691 I efwe    : (REDACTED) <<< [%s] SodaResourceManager session emitted all requested resources: %s. Ok to terminate.
11-10 15:25:31.344 10605 10690 I efwe    : (REDACTED) <<< [%s] Reading SodaResourceManager message with initial resourceIds: '%s.'
11-10 15:25:31.344 10605 10690 I efwe    : (REDACTED) <<< [%s] SodaResourceManager session emitted all requested resources: %s. Ok to terminate.
11-10 15:25:31.345 10605 10699 I efwe    : (REDACTED) <<< [%s] Reading SodaResourceManager message with initial resourceIds: '%s.'
11-10 15:25:31.345 10605 10699 I efwe    : (REDACTED) <<< [%s] SodaResourceManager session emitted all requested resources: %s. Ok to terminate.
11-10 15:25:31.345 10605 10690 I efwe    : (REDACTED) <<< [%s] Reading SodaResourceManager message with initial resourceIds: '%s.'
11-10 15:25:31.345 10605 10690 I efwe    : (REDACTED) <<< [%s] SodaResourceManager session emitted all requested resources: %s. Ok to terminate.
11-10 15:25:31.353  1431  2167 W USF     : USF_API: Drop flicker data, cannot find sampling_id:84682!
11-10 15:25:31.360 30907 30792 I Icing   : Indexing done com.google.android.gms-apps
11-10 15:25:31.361 30907 30792 I Icing   : Indexing com.google.android.gms-apps from com.google.android.gms
11-10 15:25:31.362 30907 30792 I Icing   : Indexing done com.google.android.gms-apps
11-10 15:25:31.363  1431  2167 W USF     : USF_API: Drop flicker data, cannot find sampling_id:84682!
11-10 15:25:31.373  1431  2167 W USF     : USF_API: Drop flicker data, cannot find sampling_id:84682!
11-10 15:25:31.377 13160 13182 I crba    : Didn't find an initialized EnrollmentManager. Updating config.
11-10 15:25:31.378 13160 13182 I A       : (REDACTED) updateConfig: Hotword present: %b, LP directory: %s
11-10 15:25:31.383 13160 13201 I native  : I0000 00:00:1762781131.383021   13201 enrollment_manager_impl.cc:455] UpdateConfigRequest with timeout: 0
11-10 15:25:31.383  1431  2167 W USF     : USF_API: Drop flicker data, cannot find sampling_id:84682!
11-10 15:25:31.393  1431  2167 W USF     : USF_API: Drop flicker data, cannot find sampling_id:84682!
11-10 15:25:31.403  1431  2167 W USF     : USF_API: Drop flicker data, cannot find sampling_id:84682!
11-10 15:25:31.405 13160 13206 E SpeechMicro: Hotword model is single-channel neuralnet.
11-10 15:25:31.407 13160 13206 I native  : I0000 00:00:1762781131.407825   13206 enrollment_manager_impl.cc:1324] A valid TD-SID creator already exists. No need to re-create.
11-10 15:25:31.408 13160 13206 I native  : I0000 00:00:1762781131.408329   13206 enrollment_manager_impl_utils.cc:81] Using standalone TI-SID pipeline config:/data/user/0/com.google.android.googlequicksearchbox/files/datadownload/shared/public/datadownloadfile_1702414361173/configs/ONDEVICE_LARGE_VOICE_MATCH.config
11-10 15:25:31.409 13160 13206 I native  : I0000 00:00:1762781131.409067   13206 enrollment_manager_impl.cc:1344] A valid TI-SID creator already exists. No need to re-create.
11-10 15:25:31.409 13160 13206 I native  : I0000 00:00:1762781131.409248   13206 enrollment_manager_impl_utils.cc:81] Using standalone TI-SID pipeline config:/data/user/0/com.google.android.googlequicksearchbox/files/datadownload/shared/public/datadownloadfile_1702414361173/configs/ONDEVICE_LARGE_VOICE_MATCH.config
11-10 15:25:31.409 13160 13206 I native  : I0000 00:00:1762781131.409287   13206 enrollment_manager_impl.cc:1067] Attempting to insert stored TD-SID profiles into config.
11-10 15:25:31.409 13160 13206 I native  : I0000 00:00:1762781131.409308   13206 enrollment_manager_impl.cc:1091] Found 0 speakers with existing TDSID models.
11-10 15:25:31.409 13160 13206 W native  : W0000 00:00:1762781131.409365   13206 enrollment_manager_impl.cc:1123] No valid TD-SID models found.
11-10 15:25:31.409 13160 13206 I native  : I0000 00:00:1762781131.409382   13206 enrollment_manager_impl.cc:1429] Retrieved stored TDSID models. Speakers requiring re-training:0
11-10 15:25:31.409 13160 13206 I native  : I0000 00:00:1762781131.409398   13206 enrollment_manager_impl.cc:1140] Attempting to insert stored TI-SID profiles into config.
11-10 15:25:31.409 13160 13206 I native  : I0000 00:00:1762781131.409414   13206 enrollment_manager_impl.cc:1165] Found 0 speakers with existing TI-SID models.
11-10 15:25:31.409 13160 13206 W native  : W0000 00:00:1762781131.409429   13206 enrollment_manager_impl.cc:1197] No valid TI-SID models found.
11-10 15:25:31.409 13160 13206 I native  : I0000 00:00:1762781131.409442   13206 enrollment_manager_impl.cc:1442] Retrieved stored TISID models. Speakers requiring re-training:0
11-10 15:25:31.409 13160 13206 I native  : I0000 00:00:1762781131.409459   13206 enrollment_manager_impl.cc:1452] Retrieved Server TISID models. 
11-10 15:25:31.410 13160 13201 I A       : (REDACTED) handleResponse for  %s user(s)
11-10 15:25:31.410 13160 13201 I A       : (REDACTED) Found SodaVmmmClassicWriter. Preparing to propagate model update for status: %s
11-10 15:25:31.411 13160 13206 I native  : I0000 00:00:1762781131.410613   13206 enrollment_manager_impl.cc:468] Invoking listeners with updated speaker profiles.
11-10 15:25:31.411 13160 13201 I A       : Skipping model update propagation to SodaVmmmClassicWriter since speaker model did not change.
11-10 15:25:31.411 13160 13201 I A       : #handleModelUpdate
11-10 15:25:31.411 13160 13201 I A       : (REDACTED) # of TDSID models received: %s
11-10 15:25:31.411 13160 13201 I A       : (REDACTED) Size of TI-SID model bytestring received: %s
11-10 15:25:31.412 13160 13201 I A       : (REDACTED) # of Server TI-SID voiceprints received: %s
11-10 15:25:31.412 13160 13202 I A       : getHotwordSpeakerIdModels
11-10 15:25:31.412 13160 13202 I crba    : Returning empty SpeakerId model
11-10 15:25:31.413  1431  2167 W USF     : USF_API: Drop flicker data, cannot find sampling_id:84682!
11-10 15:25:31.413 13160 13199 I efst    : (REDACTED) [%s] No SpeakerId model found
11-10 15:25:31.414 13160 13201 I crba    : #getTdsidModel
11-10 15:25:31.414 13160 13201 I crba    : #initialize
11-10 15:25:31.417 13160 13182 I crba    : Didn't find an initialized EnrollmentManager. Updating config.
11-10 15:25:31.417 13160 13182 I A       : (REDACTED) updateConfig: Hotword present: %b, LP directory: %s
11-10 15:25:31.423 13160 13201 I native  : I0000 00:00:1762781131.423029   13201 enrollment_manager_impl.cc:455] UpdateConfigRequest with timeout: 0
11-10 15:25:31.423  1431  2167 W USF     : USF_API: Drop flicker data, cannot find sampling_id:84682!
11-10 15:25:31.423 10605 10690 I efwe    : (REDACTED) <<< [%s] Reading SodaResourceManager message with updated resourceIds: %s. Total set: %s
11-10 15:25:31.424 10605 10690 I efwe    : (REDACTED) <<< [%s] SodaResourceManager session emitted all requested resources: %s. Ok to terminate.
11-10 15:25:31.433  1431  2167 W USF     : USF_API: Drop flicker data, cannot find sampling_id:84682!
11-10 15:25:31.436 13160 13201 I efst    : (REDACTED) [%s] All resources wrote to PDS and notified client.
11-10 15:25:31.437 13160 13201 I efst    : (REDACTED) [%s] hotwordLatency: %d, tdsidLatency: %d, All resources latency: %d
11-10 15:25:31.437 13160 13182 I efwr    : (REDACTED) [%s] Returning ResourceResponse.
11-10 15:25:31.440 10605 10690 I efwe    : (REDACTED) [%s] SRM session terminated after all resources accounted for: %s.
11-10 15:25:31.442 13160 13206 E SpeechMicro: Hotword model is single-channel neuralnet.
11-10 15:25:31.443  1431  2167 W USF     : USF_API: Drop flicker data, cannot find sampling_id:84682!
11-10 15:25:31.445 13160 13206 I native  : I0000 00:00:1762781131.445082   13206 enrollment_manager_impl.cc:1324] A valid TD-SID creator already exists. No need to re-create.
11-10 15:25:31.445 13160 13206 I native  : I0000 00:00:1762781131.445473   13206 enrollment_manager_impl_utils.cc:81] Using standalone TI-SID pipeline config:/data/user/0/com.google.android.googlequicksearchbox/files/datadownload/shared/public/datadownloadfile_1702414361173/configs/ONDEVICE_LARGE_VOICE_MATCH.config
11-10 15:25:31.446 13160 13206 I native  : I0000 00:00:1762781131.446141   13206 enrollment_manager_impl.cc:1344] A valid TI-SID creator already exists. No need to re-create.
11-10 15:25:31.446 13160 13206 I native  : I0000 00:00:1762781131.446261   13206 enrollment_manager_impl_utils.cc:81] Using standalone TI-SID pipeline config:/data/user/0/com.google.android.googlequicksearchbox/files/datadownload/shared/public/datadownloadfile_1702414361173/configs/ONDEVICE_LARGE_VOICE_MATCH.config
11-10 15:25:31.446 13160 13206 I native  : I0000 00:00:1762781131.446292   13206 enrollment_manager_impl.cc:1067] Attempting to insert stored TD-SID profiles into config.
11-10 15:25:31.446 13160 13206 I native  : I0000 00:00:1762781131.446313   13206 enrollment_manager_impl.cc:1091] Found 0 speakers with existing TDSID models.
11-10 15:25:31.446 13160 13206 W native  : W0000 00:00:1762781131.446691   13206 enrollment_manager_impl.cc:1123] No valid TD-SID models found.
11-10 15:25:31.446 13160 13206 I native  : I0000 00:00:1762781131.446719   13206 enrollment_manager_impl.cc:1429] Retrieved stored TDSID models. Speakers requiring re-training:0
11-10 15:25:31.446 13160 13206 I native  : I0000 00:00:1762781131.446738   13206 enrollment_manager_impl.cc:1140] Attempting to insert stored TI-SID profiles into config.
11-10 15:25:31.446 13160 13206 I native  : I0000 00:00:1762781131.446753   13206 enrollment_manager_impl.cc:1165] Found 0 speakers with existing TI-SID models.
11-10 15:25:31.446 13160 13206 W native  : W0000 00:00:1762781131.446766   13206 enrollment_manager_impl.cc:1197] No valid TI-SID models found.
11-10 15:25:31.446 13160 13206 I native  : I0000 00:00:1762781131.446778   13206 enrollment_manager_impl.cc:1442] Retrieved stored TISID models. Speakers requiring re-training:0
11-10 15:25:31.446 13160 13206 I native  : I0000 00:00:1762781131.446793   13206 enrollment_manager_impl.cc:1452] Retrieved Server TISID models. 
11-10 15:25:31.447 13160 13201 I A       : (REDACTED) handleResponse for  %s user(s)
11-10 15:25:31.447 13160 13201 I A       : (REDACTED) Found SodaVmmmClassicWriter. Preparing to propagate model update for status: %s
11-10 15:25:31.447 13160 13201 I A       : Skipping model update propagation to SodaVmmmClassicWriter since speaker model did not change.
11-10 15:25:31.447 13160 13206 I native  : I0000 00:00:1762781131.447822   13206 enrollment_manager_impl.cc:468] Invoking listeners with updated speaker profiles.
11-10 15:25:31.448 13160 13201 I A       : #handleModelUpdate
11-10 15:25:31.448 13160 13201 I A       : (REDACTED) # of TDSID models received: %s
11-10 15:25:31.448 13160 13202 I A       : getHotwordSpeakerIdModels
11-10 15:25:31.448 13160 13201 I A       : (REDACTED) Size of TI-SID model bytestring received: %s
11-10 15:25:31.448 13160 13202 I crba    : Returning empty SpeakerId model
11-10 15:25:31.448 13160 13201 I A       : (REDACTED) # of Server TI-SID voiceprints received: %s
11-10 15:25:31.449 13160 13201 I crba    : #getTdsidModel
11-10 15:25:31.449 13160 13201 I crba    : #initialize
11-10 15:25:31.452 13160 13182 I crba    : Didn't find an initialized EnrollmentManager. Updating config.
11-10 15:25:31.453 13160 13182 I A       : (REDACTED) updateConfig: Hotword present: %b, LP directory: %s
11-10 15:25:31.454  1431  2167 W USF     : USF_API: Drop flicker data, cannot find sampling_id:84682!
11-10 15:25:31.456 10605 10670 I efdd    : #updateSodaResourcesWithoutReload
11-10 15:25:31.457 10605 10690 I efdd    : #updateSodaResourcesWithoutReload inside sequencer
11-10 15:25:31.458 13160 13201 I native  : I0000 00:00:1762781131.457979   13201 enrollment_manager_impl.cc:455] UpdateConfigRequest with timeout: 0
11-10 15:25:31.460 10605 10670 I efdd    : #checkAsrCompatibility inside sequencer
11-10 15:25:31.461 10605 10670 I efdd    : (REDACTED) #checkAsrCompatibility initializing Soda. Locale: %s. Expected LP version: %d
11-10 15:25:31.461 10605 10670 I efdd    : (REDACTED) Soda cache directory: %s
11-10 15:25:31.462 10605 10670 I efdd    : Hotmatch disabled: flag not enabled
11-10 15:25:31.463  1431  2167 W USF     : USF_API: Drop flicker data, cannot find sampling_id:84682!
11-10 15:25:31.464 10605 10670 I efqq    : SODA instance exists and matches params. Updating callbacks and returning preloaded instance.
11-10 15:25:31.464 10605 10670 I efdd    : #checkAsrCompatibility successful!
11-10 15:25:31.465 10605 10670 I efed    : Compatcheck success for background update.
11-10 15:25:31.466 10605 10670 I efdd    : #backgroundUpdate
11-10 15:25:31.467 10605 10670 I efdd    : #backgroundUpdate inside sequencer
11-10 15:25:31.467 10605 10670 I efdd    : #backgroundUpdate using the existing ASR soda instance.
11-10 15:25:31.473  1431  2167 W USF     : USF_API: Drop flicker data, cannot find sampling_id:84682!
11-10 15:25:31.478 13160 13206 E SpeechMicro: Hotword model is single-channel neuralnet.
11-10 15:25:31.480 13160 13206 I native  : I0000 00:00:1762781131.480226   13206 enrollment_manager_impl.cc:1324] A valid TD-SID creator already exists. No need to re-create.
11-10 15:25:31.480 13160 13206 I native  : I0000 00:00:1762781131.480587   13206 enrollment_manager_impl_utils.cc:81] Using standalone TI-SID pipeline config:/data/user/0/com.google.android.googlequicksearchbox/files/datadownload/shared/public/datadownloadfile_1702414361173/configs/ONDEVICE_LARGE_VOICE_MATCH.config
11-10 15:25:31.481 13160 13206 I native  : I0000 00:00:1762781131.481084   13206 enrollment_manager_impl.cc:1344] A valid TI-SID creator already exists. No need to re-create.
11-10 15:25:31.481 13160 13206 I native  : I0000 00:00:1762781131.481223   13206 enrollment_manager_impl_utils.cc:81] Using standalone TI-SID pipeline config:/data/user/0/com.google.android.googlequicksearchbox/files/datadownload/shared/public/datadownloadfile_1702414361173/configs/ONDEVICE_LARGE_VOICE_MATCH.config
11-10 15:25:31.481 13160 13206 I native  : I0000 00:00:1762781131.481271   13206 enrollment_manager_impl.cc:1067] Attempting to insert stored TD-SID profiles into config.
11-10 15:25:31.481 13160 13206 I native  : I0000 00:00:1762781131.481293   13206 enrollment_manager_impl.cc:1091] Found 0 speakers with existing TDSID models.
11-10 15:25:31.481 13160 13206 W native  : W0000 00:00:1762781131.481374   13206 enrollment_manager_impl.cc:1123] No valid TD-SID models found.
11-10 15:25:31.481 13160 13206 I native  : I0000 00:00:1762781131.481390   13206 enrollment_manager_impl.cc:1429] Retrieved stored TDSID models. Speakers requiring re-training:0
11-10 15:25:31.481 13160 13206 I native  : I0000 00:00:1762781131.481404   13206 enrollment_manager_impl.cc:1140] Attempting to insert stored TI-SID profiles into config.
11-10 15:25:31.481 13160 13206 I native  : I0000 00:00:1762781131.481417   13206 enrollment_manager_impl.cc:1165] Found 0 speakers with existing TI-SID models.
11-10 15:25:31.481 13160 13206 W native  : W0000 00:00:1762781131.481430   13206 enrollment_manager_impl.cc:1197] No valid TI-SID models found.
11-10 15:25:31.481 13160 13206 I native  : I0000 00:00:1762781131.481442   13206 enrollment_manager_impl.cc:1442] Retrieved stored TISID models. Speakers requiring re-training:0
11-10 15:25:31.481 13160 13206 I native  : I0000 00:00:1762781131.481456   13206 enrollment_manager_impl.cc:1452] Retrieved Server TISID models. 
11-10 15:25:31.482 13160 13201 I A       : (REDACTED) handleResponse for  %s user(s)
11-10 15:25:31.482 13160 13206 I native  : I0000 00:00:1762781131.482272   13206 enrollment_manager_impl.cc:468] Invoking listeners with updated speaker profiles.
11-10 15:25:31.482 13160 13201 I A       : (REDACTED) Found SodaVmmmClassicWriter. Preparing to propagate model update for status: %s
11-10 15:25:31.482 13160 13201 I A       : Skipping model update propagation to SodaVmmmClassicWriter since speaker model did not change.
11-10 15:25:31.483 13160 13201 I A       : #handleModelUpdate
11-10 15:25:31.483 13160 13201 I A       : (REDACTED) # of TDSID models received: %s
11-10 15:25:31.483 13160 13201 I A       : (REDACTED) Size of TI-SID model bytestring received: %s
11-10 15:25:31.483  1431  2167 W USF     : USF_API: Drop flicker data, cannot find sampling_id:84682!
11-10 15:25:31.483 13160 13201 I A       : (REDACTED) # of Server TI-SID voiceprints received: %s
11-10 15:25:31.483 13160 13199 I A       : getHotwordSpeakerIdModels
11-10 15:25:31.483 13160 13199 I crba    : Returning empty SpeakerId model
11-10 15:25:31.484 13160 13199 I efvp    : (REDACTED) [%s] No Tdsid update occurred. Skipping callback(s)
11-10 15:25:31.493  1431  2167 W USF     : USF_API: Drop flicker data, cannot find sampling_id:84682!
11-10 15:25:31.501 10605 10670 I native  : I0000 00:00:1762781131.501006   10670 context-module-impl.cc:801] Update context input. (Proto:MessageLite at 0xb40000713c538bd0)
11-10 15:25:31.503  1431  2167 W USF     : USF_API: Drop flicker data, cannot find sampling_id:84682!
11-10 15:25:31.509 10605 10670 I native  : I0000 00:00:1762781131.509311   10670 context-module-impl.cc:808] Update context input for public scope. (Proto:MessageLite at 0xb40000713c538bd0)
11-10 15:25:31.511 10605 10670 I efed    : #backgroundBiasingUpdate succeeded.
11-10 15:25:31.513  1431  2167 W USF     : USF_API: Drop flicker data, cannot find sampling_id:84682!
11-10 15:25:31.513 10605 10696 I duyt    : (REDACTED) Sending speech biasing context update to SODA with locale %s. %s
11-10 15:25:31.514 10605 10674 I efdd    : #checkAsrCompatibility inside sequencer
11-10 15:25:31.518 10605 10692 I efed    : (REDACTED) #getSodaAsrUpdateRequest inserting app domain: %s
11-10 15:25:31.518 10605 10674 I efdd    : (REDACTED) #checkAsrCompatibility initializing Soda. Locale: %s. Expected LP version: %d
11-10 15:25:31.519 10605 10674 I efdd    : (REDACTED) Soda cache directory: %s
11-10 15:25:31.519 10605 10674 I efdd    : Hotmatch disabled: flag not enabled
11-10 15:25:31.519 10605 10674 I efqq    : SODA instance exists and matches params. Updating callbacks and returning preloaded instance.
11-10 15:25:31.520 10605 10674 I efdd    : #checkAsrCompatibility successful!
11-10 15:25:31.523  1431  2167 W USF     : USF_API: Drop flicker data, cannot find sampling_id:84682!
11-10 15:25:31.524 10605 10674 I efed    : Compatcheck success for background update.
11-10 15:25:31.524 10605 10674 I efdd    : #backgroundUpdate
11-10 15:25:31.524 10605 10674 I efdd    : #backgroundUpdate inside sequencer
11-10 15:25:31.526 10605 10674 I efdd    : #backgroundUpdate using the existing ASR soda instance.
11-10 15:25:31.531 10605 10640 I easx    : (REDACTED) AppFlow %s is about to be transmitted
11-10 15:25:31.533  1431  2167 W USF     : USF_API: Drop flicker data, cannot find sampling_id:84682!
11-10 15:25:31.534  1484  1484 I WifiHAL : Creating message to get link statistics; iface = 47
11-10 15:25:31.534 10605 10674 I native  : I0000 00:00:1762781131.534734   10674 context-module-impl.cc:801] Update context input. (Proto:MessageLite at 0xb40000713c490a20)
11-10 15:25:31.540 10605 10674 I native  : I0000 00:00:1762781131.540453   10674 context-module-impl.cc:808] Update context input for public scope. (Proto:MessageLite at 0xb40000713c490a20)
11-10 15:25:31.541 10605 10692 I arsk    : #getOobeStatus: OptedIn [CONTEXT ratelimit_period="10 SECONDS" skipped=6 ]
11-10 15:25:31.542 10605 10674 I efed    : #backgroundBiasingUpdate succeeded.
11-10 15:25:31.543  1431  2167 W USF     : USF_API: Drop flicker data, cannot find sampling_id:84682!
11-10 15:25:31.546 10605 10696 I duyt    : (REDACTED) Sending speech biasing context update to SODA with locale %s. %s
11-10 15:25:31.549 10605 10674 I easx    : (REDACTED) AppFlow %s is about to be transmitted
11-10 15:25:31.552 10605 10670 I efdd    : #checkAsrCompatibility inside sequencer
11-10 15:25:31.553  1431  2167 W USF     : USF_API: Drop flicker data, cannot find sampling_id:84682!
11-10 15:25:31.553 10605 10670 I efdd    : (REDACTED) #checkAsrCompatibility initializing Soda. Locale: %s. Expected LP version: %d
11-10 15:25:31.553 10605 10670 I efdd    : (REDACTED) Soda cache directory: %s
11-10 15:25:31.553 10605 10670 I efdd    : Hotmatch disabled: flag not enabled
11-10 15:25:31.553 10605 10670 I efqq    : SODA instance exists and matches params. Updating callbacks and returning preloaded instance.
11-10 15:25:31.554 10605 10670 I efdd    : #checkAsrCompatibility successful!
11-10 15:25:31.554 10605 10691 I efed    : (REDACTED) #getSodaAsrUpdateRequest inserting app domain: %s
11-10 15:25:31.556 10605 10643 I efed    : Compatcheck success for background update.
11-10 15:25:31.556 10605 10643 I efdd    : #backgroundUpdate
11-10 15:25:31.556 10605 10670 I efdd    : #backgroundUpdate inside sequencer
11-10 15:25:31.557 10605 10670 I efdd    : #backgroundUpdate using the existing ASR soda instance.
11-10 15:25:31.558 10605 10670 I efed    : #backgroundBiasingUpdate succeeded.
11-10 15:25:31.559 10605 10695 I duyt    : (REDACTED) SODA speech biasing context update for %s is complete. %s
11-10 15:25:31.560 10605 10695 I duye    : (REDACTED) Successfully scheduled context update for key: %s for %s.
11-10 15:25:31.561 10605 10674 I easx    : (REDACTED) AppFlow %s is about to be transmitted
11-10 15:25:31.561 10605 10670 I efdd    : #checkAsrCompatibility inside sequencer
11-10 15:25:31.561 10605 10670 I efdd    : (REDACTED) #checkAsrCompatibility initializing Soda. Locale: %s. Expected LP version: %d
11-10 15:25:31.561 10605 10670 I efdd    : (REDACTED) Soda cache directory: %s
11-10 15:25:31.561 10605 10670 I efdd    : Hotmatch disabled: flag not enabled
11-10 15:25:31.562 10605 10670 I efqq    : SODA instance exists and matches params. Updating callbacks and returning preloaded instance.
11-10 15:25:31.562 10605 10670 I efdd    : #checkAsrCompatibility successful!
11-10 15:25:31.562 10605 10670 I efed    : Compatcheck success for background update.
11-10 15:25:31.562 10605 10670 I efdd    : #backgroundUpdate
11-10 15:25:31.563 10605 10670 I efdd    : #backgroundUpdate inside sequencer
11-10 15:25:31.563  1431  2167 W USF     : USF_API: Drop flicker data, cannot find sampling_id:84682!
11-10 15:25:31.563 10605 10670 I efdd    : #backgroundUpdate using the existing ASR soda instance.
11-10 15:25:31.564 10605 10670 I efed    : #backgroundBiasingUpdate succeeded.
11-10 15:25:31.565 10605 10689 I duyt    : (REDACTED) SODA speech biasing context update for %s is complete. %s
11-10 15:25:31.566 10605 10674 I easx    : (REDACTED) AppFlow %s is about to be transmitted
11-10 15:25:31.567 10605 10689 I duye    : (REDACTED) Successfully scheduled context update for key: %s for %s.
11-10 15:25:31.572 10605 10640 I easx    : (REDACTED) AppFlow %s is about to be transmitted
11-10 15:25:31.573  1431  2167 W USF     : USF_API: Drop flicker data, cannot find sampling_id:84682!
11-10 15:25:31.572 10605 10640 I easx    : (REDACTED) AppFlow %s is about to be transmitted
11-10 15:25:31.581 10605 12416 W Binder  : Caught a RuntimeException from the binder stub implementation.
11-10 15:25:31.581 10605 12416 W Binder  : java.lang.UnsupportedOperationException
11-10 15:25:31.581 10605 12416 W Binder  : 	at cfvo.a(PG:3)
11-10 15:25:31.581 10605 12416 W Binder  : 	at cfvo.dispatchTransaction(PG:33)
11-10 15:25:31.581 10605 12416 W Binder  : 	at pxv.onTransact(PG:13)
11-10 15:25:31.581 10605 12416 W Binder  : 	at android.os.Binder.execTransactInternal(Binder.java:1446)
11-10 15:25:31.581 10605 12416 W Binder  : 	at android.os.Binder.execTransact(Binder.java:1385)
11-10 15:25:31.582  1431  2167 W USF     : USF_API: Drop flicker data, cannot find sampling_id:84682!
11-10 15:25:31.592  1431  2167 W USF     : USF_API: Drop flicker data, cannot find sampling_id:84682!
11-10 15:25:31.594 10605 12416 W Binder  : Caught a RuntimeException from the binder stub implementation.
11-10 15:25:31.594 10605 12416 W Binder  : java.lang.UnsupportedOperationException
11-10 15:25:31.594 10605 12416 W Binder  : 	at cfvo.a(PG:3)
11-10 15:25:31.594 10605 12416 W Binder  : 	at cfvo.dispatchTransaction(PG:33)
11-10 15:25:31.594 10605 12416 W Binder  : 	at pxv.onTransact(PG:13)
11-10 15:25:31.594 10605 12416 W Binder  : 	at android.os.Binder.execTransactInternal(Binder.java:1446)
11-10 15:25:31.594 10605 12416 W Binder  : 	at android.os.Binder.execTransact(Binder.java:1385)
11-10 15:25:31.596 10605 12416 W Binder  : Caught a RuntimeException from the binder stub implementation.
11-10 15:25:31.596 10605 12416 W Binder  : java.lang.UnsupportedOperationException
11-10 15:25:31.596 10605 12416 W Binder  : 	at cfvo.a(PG:3)
11-10 15:25:31.596 10605 12416 W Binder  : 	at cfvo.dispatchTransaction(PG:33)
11-10 15:25:31.596 10605 12416 W Binder  : 	at pxv.onTransact(PG:13)
11-10 15:25:31.596 10605 12416 W Binder  : 	at android.os.Binder.execTransactInternal(Binder.java:1446)
11-10 15:25:31.596 10605 12416 W Binder  : 	at android.os.Binder.execTransact(Binder.java:1385)
11-10 15:25:31.599 10605 22411 W Binder  : Caught a RuntimeException from the binder stub implementation.
11-10 15:25:31.599 10605 22411 W Binder  : java.lang.UnsupportedOperationException
11-10 15:25:31.599 10605 22411 W Binder  : 	at cfvo.a(PG:3)
11-10 15:25:31.599 10605 22411 W Binder  : 	at cfvo.dispatchTransaction(PG:33)
11-10 15:25:31.599 10605 22411 W Binder  : 	at pxv.onTransact(PG:13)
11-10 15:25:31.599 10605 22411 W Binder  : 	at android.os.Binder.execTransactInternal(Binder.java:1446)
11-10 15:25:31.599 10605 22411 W Binder  : 	at android.os.Binder.execTransact(Binder.java:1385)
11-10 15:25:31.602 10605 12416 W Binder  : Caught a RuntimeException from the binder stub implementation.
11-10 15:25:31.602 10605 12416 W Binder  : java.lang.UnsupportedOperationException
11-10 15:25:31.602 10605 12416 W Binder  : 	at cfvo.a(PG:3)
11-10 15:25:31.602 10605 12416 W Binder  : 	at cfvo.dispatchTransaction(PG:33)
11-10 15:25:31.602 10605 12416 W Binder  : 	at pxv.onTransact(PG:13)
11-10 15:25:31.602 10605 12416 W Binder  : 	at android.os.Binder.execTransactInternal(Binder.java:1446)
11-10 15:25:31.602 10605 12416 W Binder  : 	at android.os.Binder.execTransact(Binder.java:1385)
11-10 15:25:31.603  1431  2167 W USF     : USF_API: Drop flicker data, cannot find sampling_id:84682!
11-10 15:25:31.604 10605 22411 W Binder  : Caught a RuntimeException from the binder stub implementation.
11-10 15:25:31.604 10605 22411 W Binder  : java.lang.UnsupportedOperationException
11-10 15:25:31.604 10605 22411 W Binder  : 	at cfvo.a(PG:3)
11-10 15:25:31.604 10605 22411 W Binder  : 	at cfvo.dispatchTransaction(PG:33)
11-10 15:25:31.604 10605 22411 W Binder  : 	at pxv.onTransact(PG:13)
11-10 15:25:31.604 10605 22411 W Binder  : 	at android.os.Binder.execTransactInternal(Binder.java:1446)
11-10 15:25:31.604 10605 22411 W Binder  : 	at android.os.Binder.execTransact(Binder.java:1385)
11-10 15:25:31.613  1431  2167 W USF     : USF_API: Drop flicker data, cannot find sampling_id:84682!
11-10 15:25:31.614  1484  1484 I WifiHAL : index: 0 per_rate_size 32, data_rem_len 1152
11-10 15:25:31.614  1484  1484 I WifiHAL : index: 1 per_rate_size 32, data_rem_len 1120
