11-10 15:48:54.625  1884  3682 D LauncherAppsService: getActivityLaunchIntent callingPackage=com.android.systemui component=ComponentInfo{com.starplay.spider.fighter.openworld/com.superlevel.fighting.GameActivity} user=UserHandle{0}
11-10 15:48:54.626  1884  4373 D LauncherAppsService: getActivityLaunchIntent callingPackage=com.android.systemui component=ComponentInfo{com.twitter.android/com.twitter.android.StartActivity} user=UserHandle{0}
11-10 15:48:54.626  1431  2167 W USF     : USF_API: Drop flicker data, cannot find sampling_id:84682!
11-10 15:48:54.627  1884  3682 D LauncherAppsService: getActivityLaunchIntent callingPackage=com.android.systemui component=ComponentInfo{com.upromania.superup/com.gcd.ro.solde.superup.ui.splash.SuperUpSplashActivity} user=UserHandle{0}
11-10 15:48:54.628  1884  5488 D LauncherAppsService: getActivityLaunchIntent callingPackage=com.android.systemui component=ComponentInfo{com.wallapop/com.wallapop.activities.HomeActivity} user=UserHandle{0}
11-10 15:48:54.629  1884  4373 D LauncherAppsService: getActivityLaunchIntent callingPackage=com.android.systemui component=ComponentInfo{com.waze/com.waze.FreeMapAppActivity} user=UserHandle{0}
11-10 15:48:54.630  1884  5488 D LauncherAppsService: getActivityLaunchIntent callingPackage=com.android.systemui component=ComponentInfo{com.whatsapp/com.whatsapp.Main} user=UserHandle{0}
11-10 15:48:54.631  1884  4373 D LauncherAppsService: getActivityLaunchIntent callingPackage=com.android.systemui component=ComponentInfo{com.zhiliaoapp.musically/com.ss.android.ugc.aweme.splash.SplashActivity} user=UserHandle{0}
11-10 15:48:54.633  1884  4373 D LauncherAppsService: getActivityLaunchIntent callingPackage=com.android.systemui component=ComponentInfo{de.mobile.android.app/de.mobile.android.app.splash.Splash} user=UserHandle{0}
11-10 15:48:54.634  1884  4373 D LauncherAppsService: getActivityLaunchIntent callingPackage=com.android.systemui component=ComponentInfo{epson.print/epson.print.WellcomeScreenActivity} user=UserHandle{0}
11-10 15:48:54.635  1884  4373 D LauncherAppsService: getActivityLaunchIntent callingPackage=com.android.systemui component=ComponentInfo{fr.vinted/com.vinted.feature.shell.MDActivity} user=UserHandle{0}
11-10 15:48:54.636  1884  5488 D LauncherAppsService: getActivityLaunchIntent callingPackage=com.android.systemui component=ComponentInfo{io.supercent.linkedcubic/com.unity3d.player.UnityPlayerActivity} user=UserHandle{0}
11-10 15:48:54.636  1431  2167 W USF     : USF_API: Drop flicker data, cannot find sampling_id:84682!
11-10 15:48:54.637  1884  4373 D LauncherAppsService: getActivityLaunchIntent callingPackage=com.android.systemui component=ComponentInfo{io.voodoo.holeio/com.google.firebase.MessagingUnityPlayerActivity} user=UserHandle{0}
11-10 15:48:54.638  1884  4373 D LauncherAppsService: getActivityLaunchIntent callingPackage=com.android.systemui component=ComponentInfo{io.voodoo.paper2/com.unity3d.player.UnityPlayerActivity} user=UserHandle{0}
11-10 15:48:54.639  1884  4373 D LauncherAppsService: getActivityLaunchIntent callingPackage=com.android.systemui component=ComponentInfo{nl.marktplaats.android/com.horizon.android.feature.feeds.homepage.SpringboardActivity} user=UserHandle{0}
11-10 15:48:54.640  1884  5488 D LauncherAppsService: getActivityLaunchIntent callingPackage=com.android.systemui component=ComponentInfo{org.chromium.webapk.a15bc299c036bd0c4_v2/org.chromium.webapk.shell_apk.h2o.H2OOpaqueMainActivity} user=UserHandle{0}
11-10 15:48:54.641  1884  4373 D LauncherAppsService: getActivityLaunchIntent callingPackage=com.android.systemui component=ComponentInfo{org.chromium.webapk.acf6f8d2b6ee0ba22_v2/org.chromium.webapk.shell_apk.h2o.H2OOpaqueMainActivity} user=UserHandle{0}
11-10 15:48:54.642  1884  4373 D LauncherAppsService: getActivityLaunchIntent callingPackage=com.android.systemui component=ComponentInfo{org.devcore.mixingstation/org.devcore.ms.android.MsAndroidLauncher} user=UserHandle{0}
11-10 15:48:54.643  1884  4373 D LauncherAppsService: getActivityLaunchIntent callingPackage=com.android.systemui component=ComponentInfo{org.intoorbit.spectrum/org.intoorbit.spectrum.SpectrumActivity} user=UserHandle{0}
11-10 15:48:54.644  1884  4373 D LauncherAppsService: getActivityLaunchIntent callingPackage=com.android.systemui component=ComponentInfo{org.localsend.localsend_app/org.localsend.localsend_app.MainActivity} user=UserHandle{0}
11-10 15:48:54.645  1884  5488 D LauncherAppsService: getActivityLaunchIntent callingPackage=com.android.systemui component=ComponentInfo{org.telegram.messenger/org.telegram.messenger.DefaultIcon} user=UserHandle{0}
11-10 15:48:54.646  1884  4373 D LauncherAppsService: getActivityLaunchIntent callingPackage=com.android.systemui component=ComponentInfo{org.videolan.vlc/org.videolan.vlc.StartActivity} user=UserHandle{0}
11-10 15:48:54.646  1431  2167 W USF     : USF_API: Drop flicker data, cannot find sampling_id:84682!
11-10 15:48:54.648  1884  5488 D LauncherAppsService: getActivityLaunchIntent callingPackage=com.android.systemui component=ComponentInfo{ro.mercador/pl.tablica2.app.startup.activity.StartupActivity} user=UserHandle{0}
11-10 15:48:54.649  1884  4373 D LauncherAppsService: getActivityLaunchIntent callingPackage=com.android.systemui component=ComponentInfo{ro.orange.tvlive/app.solocoo.tv.solocoo.login.splash.SplashActivity} user=UserHandle{0}
11-10 15:48:54.650  1884  5488 D LauncherAppsService: getActivityLaunchIntent callingPackage=com.android.systemui component=ComponentInfo{ro.raiffeisen.eToken/ro.raiffeisen.eToken.launcher.LauncherActivity} user=UserHandle{0}
11-10 15:48:54.651  1884  5488 D LauncherAppsService: getActivityLaunchIntent callingPackage=com.android.systemui component=ComponentInfo{ro.raiffeisen.smartmobile/ro.raiffeisen.smartmobile.presentation.main.LauncherActivity} user=UserHandle{0}
11-10 15:48:54.654  2772  2853 D MediaDeviceManager: Can not get LocalBluetoothLeBroadcast
11-10 15:48:54.656  1431  2167 W USF     : USF_API: Drop flicker data, cannot find sampling_id:84682!
11-10 15:48:54.661  1884  5488 W MediaSessionRecord: Ignoring call to destroyed session
11-10 15:48:54.661  1884  5488 W MediaSessionRecord: Ignoring call to destroyed session
11-10 15:48:54.664  2772  2853 W Looper  : Drained
11-10 15:48:54.666  1431  2167 W USF     : USF_API: Drop flicker data, cannot find sampling_id:84682!
11-10 15:48:54.676  1431  2167 W USF     : USF_API: Drop flicker data, cannot find sampling_id:84682!
11-10 15:48:54.686  1431  2167 W USF     : USF_API: Drop flicker data, cannot find sampling_id:84682!
11-10 15:48:54.696  1431  2167 W USF     : USF_API: Drop flicker data, cannot find sampling_id:84682!
11-10 15:48:54.706  1431  2167 W USF     : USF_API: Drop flicker data, cannot find sampling_id:84682!
11-10 15:48:54.716  1431  2167 W USF     : USF_API: Drop flicker data, cannot find sampling_id:84682!
11-10 15:48:54.726  1431  2167 W USF     : USF_API: Drop flicker data, cannot find sampling_id:84682!
11-10 15:48:54.736  1431  2167 W USF     : USF_API: Drop flicker data, cannot find sampling_id:84682!
11-10 15:48:54.746  1431  2167 W USF     : USF_API: Drop flicker data, cannot find sampling_id:84682!
11-10 15:48:54.756  1431  2167 W USF     : USF_API: Drop flicker data, cannot find sampling_id:84682!
11-10 15:48:54.766  1431  2167 W USF     : USF_API: Drop flicker data, cannot find sampling_id:84682!
11-10 15:48:54.776  1431  2167 W USF     : USF_API: Drop flicker data, cannot find sampling_id:84682!
11-10 15:48:54.786  1431  2167 W USF     : USF_API: Drop flicker data, cannot find sampling_id:84682!
11-10 15:48:54.796  1431  2167 W USF     : USF_API: Drop flicker data, cannot find sampling_id:84682!
11-10 15:48:54.805  1428  2117 D BTAudioSessionAidl: GetSupportedLatencyModes - Supported LatencyMode= FREE
11-10 15:48:54.806  1431  2167 W USF     : USF_API: Drop flicker data, cannot find sampling_id:84682!
11-10 15:48:54.816  1431  2167 W USF     : USF_API: Drop flicker data, cannot find sampling_id:84682!
11-10 15:48:54.826  1431  2167 W USF     : USF_API: Drop flicker data, cannot find sampling_id:84682!
11-10 15:48:54.836  1431  2167 W USF     : USF_API: Drop flicker data, cannot find sampling_id:84682!
11-10 15:48:54.846  1431  2167 W USF     : USF_API: Drop flicker data, cannot find sampling_id:84682!
11-10 15:48:54.856  1431  2167 W USF     : USF_API: Drop flicker data, cannot find sampling_id:84682!
11-10 15:48:54.866  1431  2167 W USF     : USF_API: Drop flicker data, cannot find sampling_id:84682!
11-10 15:48:54.876  1431  2167 W USF     : USF_API: Drop flicker data, cannot find sampling_id:84682!
11-10 15:48:54.886  1431  2167 W USF     : USF_API: Drop flicker data, cannot find sampling_id:84682!
11-10 15:48:54.896  1431  2167 W USF     : USF_API: Drop flicker data, cannot find sampling_id:84682!
11-10 15:48:54.905  1431  2167 W USF     : USF_API: Drop flicker data, cannot find sampling_id:84682!
11-10 15:48:54.916  1431  2167 W USF     : USF_API: Drop flicker data, cannot find sampling_id:84682!
11-10 15:48:54.925  1431  2167 W USF     : USF_API: Drop flicker data, cannot find sampling_id:84682!
11-10 15:48:54.935  1431  2167 W USF     : USF_API: Drop flicker data, cannot find sampling_id:84682!
11-10 15:48:54.945  1431  2167 W USF     : USF_API: Drop flicker data, cannot find sampling_id:84682!
11-10 15:48:54.956  1431  2167 W USF     : USF_API: Drop flicker data, cannot find sampling_id:84682!
11-10 15:48:54.965  1431  2167 W USF     : USF_API: Drop flicker data, cannot find sampling_id:84682!
11-10 15:48:54.975  1431  2167 W USF     : USF_API: Drop flicker data, cannot find sampling_id:84682!
11-10 15:48:54.985  1431  2167 W USF     : USF_API: Drop flicker data, cannot find sampling_id:84682!
11-10 15:48:54.995  1431  2167 W USF     : USF_API: Drop flicker data, cannot find sampling_id:84682!
11-10 15:48:55.005  1431  2167 W USF     : USF_API: Drop flicker data, cannot find sampling_id:84682!
11-10 15:48:55.005  1428  2117 D BTAudioSessionAidl: GetSupportedLatencyModes - Supported LatencyMode= FREE
11-10 15:48:55.015  1431  2167 W USF     : USF_API: Drop flicker data, cannot find sampling_id:84682!
11-10 15:48:55.025  1431  2167 W USF     : USF_API: Drop flicker data, cannot find sampling_id:84682!
11-10 15:48:55.035  1431  2167 W USF     : USF_API: Drop flicker data, cannot find sampling_id:84682!
11-10 15:48:55.045  1431  2167 W USF     : USF_API: Drop flicker data, cannot find sampling_id:84682!
11-10 15:48:55.055  1431  2167 W USF     : USF_API: Drop flicker data, cannot find sampling_id:84682!
11-10 15:48:55.065  1431  2167 W USF     : USF_API: Drop flicker data, cannot find sampling_id:84682!
11-10 15:48:55.075  1431  2167 W USF     : USF_API: Drop flicker data, cannot find sampling_id:84682!
11-10 15:48:55.085  1431  2167 W USF     : USF_API: Drop flicker data, cannot find sampling_id:84682!
11-10 15:48:55.095  1431  2167 W USF     : USF_API: Drop flicker data, cannot find sampling_id:84682!
11-10 15:48:55.105  1431  2167 W USF     : USF_API: Drop flicker data, cannot find sampling_id:84682!
11-10 15:48:55.115  1431  2167 W USF     : USF_API: Drop flicker data, cannot find sampling_id:84682!
11-10 15:48:55.125  1431  2167 W USF     : USF_API: Drop flicker data, cannot find sampling_id:84682!
11-10 15:48:55.135  1431  2167 W USF     : USF_API: Drop flicker data, cannot find sampling_id:84682!
11-10 15:48:55.145  1431  2167 W USF     : USF_API: Drop flicker data, cannot find sampling_id:84682!
11-10 15:48:55.155  1431  2167 W USF     : USF_API: Drop flicker data, cannot find sampling_id:84682!
11-10 15:48:55.165  1431  2167 W USF     : USF_API: Drop flicker data, cannot find sampling_id:84682!
11-10 15:48:55.175  1431  2167 W USF     : USF_API: Drop flicker data, cannot find sampling_id:84682!
11-10 15:48:55.185  1431  2167 W USF     : USF_API: Drop flicker data, cannot find sampling_id:84682!
11-10 15:48:55.195  1431  2167 W USF     : USF_API: Drop flicker data, cannot find sampling_id:84682!
11-10 15:48:55.205  1431  2167 W USF     : USF_API: Drop flicker data, cannot find sampling_id:84682!
11-10 15:48:55.206  1428  2117 D BTAudioSessionAidl: GetSupportedLatencyModes - Supported LatencyMode= FREE
11-10 15:48:55.215  1431  2167 W USF     : USF_API: Drop flicker data, cannot find sampling_id:84682!
11-10 15:48:55.225  1431  2167 W USF     : USF_API: Drop flicker data, cannot find sampling_id:84682!
11-10 15:48:55.229  1431  2167 W USF     : USF_API: Drop sample report, cannot find sampling_id:84682
11-10 15:48:55.234  1431  2167 W USF     : USF_API: Drop flicker data, cannot find sampling_id:84682!
11-10 15:48:55.244  1431  2167 W USF     : USF_API: Drop flicker data, cannot find sampling_id:84682!
11-10 15:48:55.254  1431  2167 W USF     : USF_API: Drop flicker data, cannot find sampling_id:84682!
11-10 15:48:55.264  1431  2167 W USF     : USF_API: Drop flicker data, cannot find sampling_id:84682!
11-10 15:48:55.274  1431  2167 W USF     : USF_API: Drop flicker data, cannot find sampling_id:84682!
11-10 15:48:55.284  1431  2167 W USF     : USF_API: Drop flicker data, cannot find sampling_id:84682!
11-10 15:48:55.294  1431  2167 W USF     : USF_API: Drop flicker data, cannot find sampling_id:84682!
11-10 15:48:55.304  1431  2167 W USF     : USF_API: Drop flicker data, cannot find sampling_id:84682!
11-10 15:48:55.314  1431  2167 W USF     : USF_API: Drop flicker data, cannot find sampling_id:84682!
11-10 15:48:55.324  1431  2167 W USF     : USF_API: Drop flicker data, cannot find sampling_id:84682!
11-10 15:48:55.334  1431  2167 W USF     : USF_API: Drop flicker data, cannot find sampling_id:84682!
11-10 15:48:55.344  1431  2167 W USF     : USF_API: Drop flicker data, cannot find sampling_id:84682!
11-10 15:48:55.345 12933 13026 D WellbeingModel: ....actionId: pause, packages: com.example.mobiledigger
11-10 15:48:55.346 12933 13026 I WellbeingModel: retrieveActions(): finished
11-10 15:48:55.354  1431  2167 W USF     : USF_API: Drop flicker data, cannot find sampling_id:84682!
11-10 15:48:55.364  1431  2167 W USF     : USF_API: Drop flicker data, cannot find sampling_id:84682!
11-10 15:48:55.374  1431  2167 W USF     : USF_API: Drop flicker data, cannot find sampling_id:84682!
11-10 15:48:55.384  1431  2167 W USF     : USF_API: Drop flicker data, cannot find sampling_id:84682!
11-10 15:48:55.394  1431  2167 W USF     : USF_API: Drop flicker data, cannot find sampling_id:84682!
11-10 15:48:55.404  1431  2167 W USF     : USF_API: Drop flicker data, cannot find sampling_id:84682!
11-10 15:48:55.406  1428  2117 D BTAudioSessionAidl: GetSupportedLatencyModes - Supported LatencyMode= FREE
11-10 15:48:55.414  1431  2167 W USF     : USF_API: Drop flicker data, cannot find sampling_id:84682!
11-10 15:48:55.424  1431  2167 W USF     : USF_API: Drop flicker data, cannot find sampling_id:84682!
11-10 15:48:55.434  1431  2167 W USF     : USF_API: Drop flicker data, cannot find sampling_id:84682!
11-10 15:48:55.444  1431  2167 W USF     : USF_API: Drop flicker data, cannot find sampling_id:84682!
11-10 15:48:55.454  1431  2167 W USF     : USF_API: Drop flicker data, cannot find sampling_id:84682!
11-10 15:48:55.464  1431  2167 W USF     : USF_API: Drop flicker data, cannot find sampling_id:84682!
11-10 15:48:55.474  1431  2167 W USF     : USF_API: Drop flicker data, cannot find sampling_id:84682!
11-10 15:48:55.484  1431  2167 W USF     : USF_API: Drop flicker data, cannot find sampling_id:84682!
11-10 15:48:55.494  1431  2167 W USF     : USF_API: Drop flicker data, cannot find sampling_id:84682!
11-10 15:48:55.504  1431  2167 W USF     : USF_API: Drop flicker data, cannot find sampling_id:84682!
11-10 15:48:55.514  1431  2167 W USF     : USF_API: Drop flicker data, cannot find sampling_id:84682!
11-10 15:48:55.524  1431  2167 W USF     : USF_API: Drop flicker data, cannot find sampling_id:84682!
11-10 15:48:55.534  1431  2167 W USF     : USF_API: Drop flicker data, cannot find sampling_id:84682!
11-10 15:48:55.544  1431  2167 W USF     : USF_API: Drop flicker data, cannot find sampling_id:84682!
11-10 15:48:55.553  1431  2167 W USF     : USF_API: Drop flicker data, cannot find sampling_id:84682!
11-10 15:48:55.564  1431  2167 W USF     : USF_API: Drop flicker data, cannot find sampling_id:84682!
11-10 15:48:55.574  1431  2167 W USF     : USF_API: Drop flicker data, cannot find sampling_id:84682!
11-10 15:48:55.584  1431  2167 W USF     : USF_API: Drop flicker data, cannot find sampling_id:84682!
11-10 15:48:55.594  1431  2167 W USF     : USF_API: Drop flicker data, cannot find sampling_id:84682!
11-10 15:48:55.603  1431  2167 W USF     : USF_API: Drop flicker data, cannot find sampling_id:84682!
11-10 15:48:55.607  1428  2117 D BTAudioSessionAidl: GetSupportedLatencyModes - Supported LatencyMode= FREE
11-10 15:48:55.614  1431  2167 W USF     : USF_API: Drop flicker data, cannot find sampling_id:84682!
11-10 15:48:55.623  1431  2167 W USF     : USF_API: Drop flicker data, cannot find sampling_id:84682!
11-10 15:48:55.633  1431  2167 W USF     : USF_API: Drop flicker data, cannot find sampling_id:84682!
11-10 15:48:55.643  1431  2167 W USF     : USF_API: Drop flicker data, cannot find sampling_id:84682!
11-10 15:48:55.653  1431  2167 W USF     : USF_API: Drop flicker data, cannot find sampling_id:84682!
11-10 15:48:55.663  1431  2167 W USF     : USF_API: Drop flicker data, cannot find sampling_id:84682!
11-10 15:48:55.673  1431  2167 W USF     : USF_API: Drop flicker data, cannot find sampling_id:84682!
11-10 15:48:55.683  1431  2167 W USF     : USF_API: Drop flicker data, cannot find sampling_id:84682!
11-10 15:48:55.693  1431  2167 W USF     : USF_API: Drop flicker data, cannot find sampling_id:84682!
11-10 15:48:55.703  1431  2167 W USF     : USF_API: Drop flicker data, cannot find sampling_id:84682!
11-10 15:48:55.713  1431  2167 W USF     : USF_API: Drop flicker data, cannot find sampling_id:84682!
11-10 15:48:55.723  1431  2167 W USF     : USF_API: Drop flicker data, cannot find sampling_id:84682!
11-10 15:48:55.733  1431  2167 W USF     : USF_API: Drop flicker data, cannot find sampling_id:84682!
11-10 15:48:55.743  1431  2167 W USF     : USF_API: Drop flicker data, cannot find sampling_id:84682!
11-10 15:48:55.753  1431  2167 W USF     : USF_API: Drop flicker data, cannot find sampling_id:84682!
11-10 15:48:55.763  1431  2167 W USF     : USF_API: Drop flicker data, cannot find sampling_id:84682!
11-10 15:48:55.773  1431  2167 W USF     : USF_API: Drop flicker data, cannot find sampling_id:84682!
11-10 15:48:55.784  1431  2167 W USF     : USF_API: Drop flicker data, cannot find sampling_id:84682!
11-10 15:48:55.793  1431  2167 W USF     : USF_API: Drop flicker data, cannot find sampling_id:84682!
11-10 15:48:55.803  1431  2167 W USF     : USF_API: Drop flicker data, cannot find sampling_id:84682!
11-10 15:48:55.807  1428  2117 D BTAudioSessionAidl: GetSupportedLatencyModes - Supported LatencyMode= FREE
11-10 15:48:55.812  4488  6679 I AlarmManager: setExactAndAllowWhileIdle [name: GCM_HB_ALARM type: 2 triggerAtMillis: 553232403]
11-10 15:48:55.813  1431  2167 W USF     : USF_API: Drop flicker data, cannot find sampling_id:84682!
11-10 15:48:55.823  1431  2167 W USF     : USF_API: Drop flicker data, cannot find sampling_id:84682!
11-10 15:48:55.824  1653  1653 D AOC     : A3:MSG: usf_sensor.cc, 1784: USF: Received start sampling request for ICM45631 Accelerometer (active:4).
11-10 15:48:55.827  1432  1491 I CHRE    : @ 551803.134: [AR] ON => IDLE
11-10 15:48:55.830  1432  1491 D CHRE    : @ 551803.137: [ActivityPlatform] type 4, confidence 94
11-10 15:48:55.833  1431  2167 W USF     : USF_API: Drop flicker data, cannot find sampling_id:84682!
11-10 15:48:55.843  1431  2167 W USF     : USF_API: Drop flicker data, cannot find sampling_id:84682!
11-10 15:48:55.848  4488  6679 W LogErrorOperation: onLogError callback failed.
11-10 15:48:55.850  4488  6626 I AlarmManager: setExactAndAllowWhileIdle [name: FcmRetry type: 2 triggerAtMillis: 551912427]
11-10 15:48:55.852  1431  2167 W USF     : USF_API: Drop flicker data, cannot find sampling_id:84682!
11-10 15:48:55.862  1431  2167 W USF     : USF_API: Drop flicker data, cannot find sampling_id:84682!
11-10 15:48:55.868  1884  1994 D ActivityManager: sync unfroze 23969 com.google.android.gm for 3
11-10 15:48:55.872  1431  2167 W USF     : USF_API: Drop flicker data, cannot find sampling_id:84682!
11-10 15:48:55.876  1884  4373 D ConnectivityService: Returning BLOCKED NetworkInfo to uid=10208
11-10 15:48:55.884  1431  2167 W USF     : USF_API: Drop flicker data, cannot find sampling_id:84682!
11-10 15:48:55.886 23969 23969 D ActivityThread: Package [com.example.mobiledigger] reported as REPLACED, but missing application info. Assuming REMOVED.
11-10 15:48:55.887  4488  6758 I AlarmManager: setExactAndAllowWhileIdle [name: GCM_HB_ALARM type: 2 triggerAtMillis: 553232477]
11-10 15:48:55.888 23969 23969 D ActivityThread: Package [com.example.mobiledigger] reported as REPLACED, but missing application info. Assuming REMOVED.
11-10 15:48:55.891  4488  6626 W LogErrorOperation: onLogError callback failed.
11-10 15:48:55.892 10605 10630 I efhm    : (REDACTED) appOpsListener %s %s
11-10 15:48:55.893 10605 10630 I efhm    : (REDACTED) Ignoring irrelevant audio permission changes for package %s
11-10 15:48:55.893  1431  2167 W USF     : USF_API: Drop flicker data, cannot find sampling_id:84682!
11-10 15:48:55.903  1431  2167 W USF     : USF_API: Drop flicker data, cannot find sampling_id:84682!
11-10 15:48:55.911  1884  2730 D BackgroundInstallControlService: Package event received: 0
11-10 15:48:55.912  1431  2167 W USF     : USF_API: Drop flicker data, cannot find sampling_id:84682!
11-10 15:48:55.923  1431  2167 W USF     : USF_API: Drop flicker data, cannot find sampling_id:84682!
11-10 15:48:55.932  1884  5488 D ConnectivityService: Returning UNBLOCKED NetworkInfo to uid=10208
11-10 15:48:55.932  1431  2167 W USF     : USF_API: Drop flicker data, cannot find sampling_id:84682!
11-10 15:48:55.943  1431  2167 W USF     : USF_API: Drop flicker data, cannot find sampling_id:84682!
11-10 15:48:55.952  1431  2167 W USF     : USF_API: Drop flicker data, cannot find sampling_id:84682!
11-10 15:48:55.957  4488  6760 W LogErrorOperation: onLogError callback failed.
11-10 15:48:55.962  1431  2167 W USF     : USF_API: Drop flicker data, cannot find sampling_id:84682!
11-10 15:48:55.972  1431  2167 W USF     : USF_API: Drop flicker data, cannot find sampling_id:84682!
11-10 15:48:55.979 23969 26885 W Binder  : Caught a RuntimeException from the binder stub implementation.
11-10 15:48:55.979 23969 26885 W Binder  : java.lang.UnsupportedOperationException
11-10 15:48:55.979 23969 26885 W Binder  : 	at uht.a(PG:3)
11-10 15:48:55.979 23969 26885 W Binder  : 	at uht.r(PG:34)
11-10 15:48:55.979 23969 26885 W Binder  : 	at kog.onTransact(PG:21)
11-10 15:48:55.979 23969 26885 W Binder  : 	at android.os.Binder.execTransactInternal(Binder.java:1446)
11-10 15:48:55.979 23969 26885 W Binder  : 	at android.os.Binder.execTransact(Binder.java:1385)
11-10 15:48:55.983  1431  2167 W USF     : USF_API: Drop flicker data, cannot find sampling_id:84682!
11-10 15:48:55.985 23969 26885 W Binder  : Caught a RuntimeException from the binder stub implementation.
11-10 15:48:55.985 23969 26885 W Binder  : java.lang.UnsupportedOperationException
11-10 15:48:55.985 23969 26885 W Binder  : 	at uht.a(PG:3)
11-10 15:48:55.985 23969 26885 W Binder  : 	at uht.r(PG:34)
11-10 15:48:55.985 23969 26885 W Binder  : 	at kog.onTransact(PG:21)
11-10 15:48:55.985 23969 26885 W Binder  : 	at android.os.Binder.execTransactInternal(Binder.java:1446)
11-10 15:48:55.985 23969 26885 W Binder  : 	at android.os.Binder.execTransact(Binder.java:1385)
11-10 15:48:55.994  1431  2167 W USF     : USF_API: Drop flicker data, cannot find sampling_id:84682!
11-10 15:48:55.997  1884  2730 D BackgroundInstallControlService: Package event received: 0
11-10 15:48:56.004  1431  2167 W USF     : USF_API: Drop flicker data, cannot find sampling_id:84682!
11-10 15:48:56.008  1428  2117 D BTAudioSessionAidl: GetSupportedLatencyModes - Supported LatencyMode= FREE
11-10 15:48:56.014  1431  2167 W USF     : USF_API: Drop flicker data, cannot find sampling_id:84682!
11-10 15:48:56.015  4488  6760 W LogErrorOperation: onLogError callback failed.
11-10 15:48:56.024  1431  2167 W USF     : USF_API: Drop flicker data, cannot find sampling_id:84682!
11-10 15:48:56.033  1431  2167 W USF     : USF_API: Drop flicker data, cannot find sampling_id:84682!
11-10 15:48:56.039 23969 26885 W Binder  : Caught a RuntimeException from the binder stub implementation.
11-10 15:48:56.039 23969 26885 W Binder  : java.lang.UnsupportedOperationException
11-10 15:48:56.039 23969 26885 W Binder  : 	at uht.a(PG:3)
11-10 15:48:56.039 23969 26885 W Binder  : 	at uht.r(PG:34)
11-10 15:48:56.039 23969 26885 W Binder  : 	at kog.onTransact(PG:21)
11-10 15:48:56.039 23969 26885 W Binder  : 	at android.os.Binder.execTransactInternal(Binder.java:1446)
11-10 15:48:56.039 23969 26885 W Binder  : 	at android.os.Binder.execTransact(Binder.java:1385)
11-10 15:48:56.041 23969 26885 W Binder  : Caught a RuntimeException from the binder stub implementation.
11-10 15:48:56.041 23969 26885 W Binder  : java.lang.UnsupportedOperationException
11-10 15:48:56.041 23969 26885 W Binder  : 	at uht.a(PG:3)
11-10 15:48:56.041 23969 26885 W Binder  : 	at uht.r(PG:34)
11-10 15:48:56.041 23969 26885 W Binder  : 	at kog.onTransact(PG:21)
11-10 15:48:56.041 23969 26885 W Binder  : 	at android.os.Binder.execTransactInternal(Binder.java:1446)
11-10 15:48:56.041 23969 26885 W Binder  : 	at android.os.Binder.execTransact(Binder.java:1385)
11-10 15:48:56.043  1431  2167 W USF     : USF_API: Drop flicker data, cannot find sampling_id:84682!
11-10 15:48:56.053  1431  2167 W USF     : USF_API: Drop flicker data, cannot find sampling_id:84682!
11-10 15:48:56.055  1884  2730 D BackgroundInstallControlService: Package event received: 0
11-10 15:48:56.063  1431  2167 W USF     : USF_API: Drop flicker data, cannot find sampling_id:84682!
11-10 15:48:56.066  1884  2730 D BackgroundInstallControlService: Package event received: 0
11-10 15:48:56.073  1431  2167 W USF     : USF_API: Drop flicker data, cannot find sampling_id:84682!
11-10 15:48:56.082  1431  2167 W USF     : USF_API: Drop flicker data, cannot find sampling_id:84682!
11-10 15:48:56.092  1431  2167 W USF     : USF_API: Drop flicker data, cannot find sampling_id:84682!
11-10 15:48:56.102  1431  2167 W USF     : USF_API: Drop flicker data, cannot find sampling_id:84682!
11-10 15:48:56.112  1431  2167 W USF     : USF_API: Drop flicker data, cannot find sampling_id:84682!
11-10 15:48:56.122  1431  2167 W USF     : USF_API: Drop flicker data, cannot find sampling_id:84682!
11-10 15:48:56.132  1431  2167 W USF     : USF_API: Drop flicker data, cannot find sampling_id:84682!
11-10 15:48:56.142  1431  2167 W USF     : USF_API: Drop flicker data, cannot find sampling_id:84682!
11-10 15:48:56.152  1431  2167 W USF     : USF_API: Drop flicker data, cannot find sampling_id:84682!
11-10 15:48:56.162  1431  2167 W USF     : USF_API: Drop flicker data, cannot find sampling_id:84682!
11-10 15:48:56.169 23969 26885 W Binder  : Caught a RuntimeException from the binder stub implementation.
11-10 15:48:56.169 23969 26885 W Binder  : java.lang.UnsupportedOperationException
11-10 15:48:56.169 23969 26885 W Binder  : 	at uht.a(PG:3)
11-10 15:48:56.169 23969 26885 W Binder  : 	at uht.r(PG:34)
11-10 15:48:56.169 23969 26885 W Binder  : 	at kog.onTransact(PG:21)
11-10 15:48:56.169 23969 26885 W Binder  : 	at android.os.Binder.execTransactInternal(Binder.java:1446)
11-10 15:48:56.169 23969 26885 W Binder  : 	at android.os.Binder.execTransact(Binder.java:1385)
11-10 15:48:56.172  1431  2167 W USF     : USF_API: Drop flicker data, cannot find sampling_id:84682!
11-10 15:48:56.182  1431  2167 W USF     : USF_API: Drop flicker data, cannot find sampling_id:84682!
11-10 15:48:56.192  1431  2167 W USF     : USF_API: Drop flicker data, cannot find sampling_id:84682!
11-10 15:48:56.202  1431  2167 W USF     : USF_API: Drop flicker data, cannot find sampling_id:84682!
11-10 15:48:56.209  1428  2117 D BTAudioSessionAidl: GetSupportedLatencyModes - Supported LatencyMode= FREE
11-10 15:48:56.212  1431  2167 W USF     : USF_API: Drop flicker data, cannot find sampling_id:84682!
11-10 15:48:56.221  1431  2167 W USF     : USF_API: Drop flicker data, cannot find sampling_id:84682!
11-10 15:48:56.229  1431  2167 W USF     : USF_API: Drop sample report, cannot find sampling_id:84682
11-10 15:48:56.232  1431  2167 W USF     : USF_API: Drop flicker data, cannot find sampling_id:84682!
11-10 15:48:56.242  1431  2167 W USF     : USF_API: Drop flicker data, cannot find sampling_id:84682!
11-10 15:48:56.251  1431  2167 W USF     : USF_API: Drop flicker data, cannot find sampling_id:84682!
11-10 15:48:56.261  1431  2167 W USF     : USF_API: Drop flicker data, cannot find sampling_id:84682!
11-10 15:48:56.271  1431  2167 W USF     : USF_API: Drop flicker data, cannot find sampling_id:84682!
11-10 15:48:56.281  1431  2167 W USF     : USF_API: Drop flicker data, cannot find sampling_id:84682!
11-10 15:48:56.292  1431  2167 W USF     : USF_API: Drop flicker data, cannot find sampling_id:84682!
11-10 15:48:56.301  1431  2167 W USF     : USF_API: Drop flicker data, cannot find sampling_id:84682!
11-10 15:48:56.311  1431  2167 W USF     : USF_API: Drop flicker data, cannot find sampling_id:84682!
11-10 15:48:56.321  1431  2167 W USF     : USF_API: Drop flicker data, cannot find sampling_id:84682!
11-10 15:48:56.331  1431  2167 W USF     : USF_API: Drop flicker data, cannot find sampling_id:84682!
11-10 15:48:56.341  1431  2167 W USF     : USF_API: Drop flicker data, cannot find sampling_id:84682!
11-10 15:48:56.351  1431  2167 W USF     : USF_API: Drop flicker data, cannot find sampling_id:84682!
11-10 15:48:56.355 21379 21379 I ContentProtectionServic: CP service destroyed
11-10 15:48:56.361  1884  1884 I RemoteContentProtectionService: Connection status for: ComponentInfo{com.google.android.odad/com.google.android.apps.miphone.odad.contentprotection.ContentProtectionService} changed to: disconnected
11-10 15:48:56.361  1431  2167 W USF     : USF_API: Drop flicker data, cannot find sampling_id:84682!
11-10 15:48:56.363  1488  2119 D StreamHalAidl: [out|ioHandle:21] standby
11-10 15:48:56.363  1488  2119 D StreamHalAidl: [out|ioHandle:21] pause
11-10 15:48:56.364  1428  2118 I AHal::Stream: Stop: stop stream deep-buffer-playback
11-10 15:48:56.364  1428  2118 I AHal::TinyalsaDriverOperations: Stop: pcm_close card_index 0 device 5
11-10 15:48:56.365  1653  1653 D AOC     : F1:MSG: controller.cc, 275: AudioOutCtrl: cmd ID: 0x00c9, tag: 0x36 [cntr = 82457]
11-10 15:48:56.365  1653  1653 D AOC     : F1:MSG: controller.cc, 919: AudioOutCtrl: ipc: audio_output_co, cmd ID: 0x00c9, tag: 0x36, rc: 0
11-10 15:48:56.366  1428  2118 I AHal::Router: Deactivate: deactivate 400002
11-10 15:48:56.366  1428  2118 I AHal::Router: InvalidateLocked: new graph #19751 Edges(0):
11-10 15:48:56.366  1428  2118 I AHal::Router: InvalidateLocked: ============ apply graph #19751 [Mon Nov 10 15:48:56 2025] start ============
11-10 15:48:56.366  1428  2118 I AHal::DeviceInterface: Disconnect: disconnect deep-buffer-playback-0 -> bluetooth-a2dp-device
11-10 15:48:56.367  1428  2118 I AHal::AudioRoutePathController: ResetPath: deep-buffer-playback-0 -> bluetooth-a2dp-device: true
11-10 15:48:56.368  1428  2118 D AHal::BT: SendCommandToMonitorThread: sending command  MonitorCmd::kA2dpRetryStop(4) to monitor thread
11-10 15:48:56.368  1428  2118 I AHal::Bt::A2dpWrapper: SuspendStream: 512
11-10 15:48:56.368 14050 14062 I BTAudioA2dpAIDL: system/audio_hal_interface/aidl/a2dp/a2dp_encoding_aidl.cc:171 SuspendRequest: 
11-10 15:48:56.369 14050 14062 I bluetooth-a2dp: system/btif/src/btif_av.cc:3752 btif_av_stream_started_ready: active_peer=xx:xx:xx:xx:0f:4f state=3 flags=0x0(None) ready=true
11-10 15:48:56.369 14050 14062 I bluetooth-a2dp: system/btif/src/btif_av.cc:3698 btif_av_stream_suspend: 
11-10 15:48:56.369 14050 14071 I bluetooth-a2dp: system/btif/src/btif_av.cc:3067 btif_av_handle_event: peer=xx:xx:xx:xx:0f:4f handle=0x0 event=BTIF_AV_SUSPEND_STREAM_REQ_EVT(0x1e)
11-10 15:48:56.369 14050 14071 I bluetooth-a2dp: system/btif/src/btif_av.cc:2492 ProcessEvent: state=Started peer=xx:xx:xx:xx:0f:4f event=BTIF_AV_SUSPEND_STREAM_REQ_EVT(0x1e) flags=0x0(None) active_peer=true
11-10 15:48:56.369 14050 14071 I bluetooth-a2dp: system/btif/src/btif_av.cc:2512 ProcessEvent: Peer xx:xx:xx:xx:0f:4f : event=BTIF_AV_SUSPEND_STREAM_REQ_EVT(0x1e) flags=0x0(None)
11-10 15:48:56.369 14050 14071 I bluetooth-a2dp: system/btif/src/btif_a2dp_source.cc:822 btif_a2dp_source_set_tx_flush: enable=true state=STATE_RUNNING
11-10 15:48:56.369 14050 14071 I bluetooth-a2dp: system/bta/av/bta_av_api.cc:281 BTA_AvStop: bta_handle=0x41 suspend=true
11-10 15:48:56.369 14050 14071 I bluetooth-a2dp: system/bta/av/bta_av_aact.cc:1902 bta_av_str_stopped: peer xx:xx:xx:xx:0f:4f bta_handle:0x41 audio_open_cnt:1, p_data 0x712be95930 start:1
11-10 15:48:56.369 14050 14071 I bluetooth: system/bta/dm/bta_dm_pm.cc:906 bta_dm_pm_ssr: Found connected service:BTA_ID_AV app_id:1 peer:xx:xx:xx:xx:0f:4f spec_name:sniff_capable
11-10 15:48:56.369 14050 14071 I bluetooth: system/bta/dm/bta_dm_pm.cc:906 bta_dm_pm_ssr: Found connected service:BTA_ID_AG app_id:1 peer:xx:xx:xx:xx:0f:4f spec_name:sniff_capable
11-10 15:48:56.369 14050 14071 I bluetooth: system/bta/dm/bta_dm_pm.cc:906 bta_dm_pm_ssr: Found connected service:BTA_ID_AV app_id:0 peer:xx:xx:xx:xx:0f:4f spec_name:sniff_capable
11-10 15:48:56.370 14050 14071 I bt_btm_pm: system/stack/acl/btm_pm.cc:326 BTM_SetSsrParams: Set sniff subrating state:immediate:active[0] max_latency:0x04b0 min_remote_timeout:0x0002 min_local_timeout:0x0002
11-10 15:48:56.370 14050 14071 I l2c_utils: system/stack/l2cap/l2c_utils.cc:2312 l2cu_set_acl_priority_latency_brcm: Set ACL priority: Normal Mode
11-10 15:48:56.370 14050 14071 I bluetooth-a2dp: system/stack/avdt/avdt_api.cc:617 AVDT_SuspendReq: num_handles=1
11-10 15:48:56.372  1431  2167 W USF     : USF_API: Drop flicker data, cannot find sampling_id:84682!
11-10 15:48:56.377  1653  1653 D AOC     : F1:MSG: controller.cc, 275: AudioOutCtrl: cmd ID: 0x010f, tag: 0x37 [cntr = 82458]
11-10 15:48:56.378  1653  1653 D AOC     : F1:Unregistered Source 5 [DeepBuffer] from Sink 2 [Bluetooth]
11-10 15:48:56.379  1653  1653 D AOC     : F1:AT Map:0 (LL:0), 0 EPs active, Power: Yes, Config: No
11-10 15:48:56.379  1653  1653 D AOC     : F1:Mixer 2 configuration changed: (0)
11-10 15:48:56.379  1653  1653 D AOC     : F1:Sink 2 Configuration changed: ULL (disabled)
11-10 15:48:56.379  1653  1653 D AOC     : F1:SinkBT: A2DP/BLE Output Stopped. (dma:202666, tx:8728 rx:0)
11-10 15:48:56.382  1431  2167 W USF     : USF_API: Drop flicker data, cannot find sampling_id:84682!
11-10 15:48:56.383  1653  1653 D AOC     : F1:MSG: audio_hardware_sink_bt.cc, 1953: new dvfs 0
11-10 15:48:56.383  1653  1653 D AOC     : F1:[Idle Tracker] long no idle:[0] average between idle:[0.299075ms] max no idle:[38.962367ms]
11-10 15:48:56.383  1653  1653 D AOC     : F1:MSG: controller.cc, 919: AudioOutCtrl: ipc: audio_output_co, cmd ID: 0x010f, tag: 0x37, rc: 0
11-10 15:48:56.383  1653  1653 D AOC     : H0:Mixer AMixBT: 480 samples (0000/0000) (OFF SC) multi out OFF
11-10 15:48:56.383  1653  1653 D AOC     : H0:Mixer configuration updated
11-10 15:48:56.383  1653  1653 D AOC     : H0:[Idle Tracker] long no idle:[113] average between idle:[1.569574ms] max no idle:[227.191969ms]
11-10 15:48:56.391  1431  2167 W USF     : USF_API: Drop flicker data, cannot find sampling_id:84682!
11-10 15:48:56.392 14050 14071 E bt_btu_hcif: system/stack/btu/btu_hcif.cc:973 btu_hcif_hdl_command_complete: Command complete for opcode:0x811 should not be handled here
11-10 15:48:56.393 14050 14071 E bt_btu_hcif: system/stack/btu/btu_hcif.cc:973 btu_hcif_hdl_command_complete: Command complete for opcode:0x80d should not be handled here
11-10 15:48:56.397  1430  2253 I bthal.bqr: ParseAdvanceRFStatsEvt: Advance RF Stats: Time Period:202703 ms, Extension id: 1, TW_Pw_iPA_BF: 56, TW_Pw_ePA_BF: 0, TW_Pw_iPA_Div: 9688, TW_Pw_ePA_Div: 2, RSSI_Chain_>-50: 2047, RSSI_Chain_-50_-55: 5957, RSSI_Chain_-55_-60: 1432, RSSI_Chain_-60_-65: 259, RSSI_Chain_-65_-70: 237, RSSI_Chain_-70_-75: 78, RSSI_Chain_-75_-80: 132, RSSI_Chain_-80_-85: 135, RSSI_Chain_-85_-90: 273, RSSI_Chain_<-90: 378, RSSI_Delta_<2: 4781, RSSI_Delta_2_5: 2916, RSSI_Delta_5_8: 1083, RSSI_Delta_8_11: 425, RSSI_Delta_>11: 0
11-10 15:48:56.398  1430  2253 I bthal.flowcontrol: HciEventPreProcess: HCI Event 0xff Opcode 0 Length 85 unhandled by debug_VendorEvent
11-10 15:48:56.400 14050 14071 W btm_acl : system/stack/acl/btm_acl.cc:1484 BTM_ReadRemoteVersion: Unable to find active acl
11-10 15:48:56.400 14050 14071 I bluetooth: system/btif/src/btif_bqr.cc:1006 bqr_delivery_event: len: 82, addr: ff:ff:ff:ff:ff:ff, lmp_ver: 0, manufacturer_id: 0, lmp_subver: 0
11-10 15:48:56.400 14050 14084 I BluetoothQualityReportJni: android/app/jni/com_android_bluetooth_BluetoothQualityReport.cpp:51 bqr_delivery_callback: 
11-10 15:48:56.400 14050 14084 I BluetoothQualityReportNativeInterface: BQR: {
11-10 15:48:56.400 14050 14084 I BluetoothQualityReportNativeInterface:   mAddr: FF:FF:FF:FF:FF:FF, mLmpVer: 0x00, mLmpSubVer: 0x0000, mManufacturerId: 0x0000, mName: , mBluetoothClass: 0,
11-10 15:48:56.400 14050 14084 I BluetoothQualityReportNativeInterface:   BqrCommon: {
11-10 15:48:56.400 14050 14084 I BluetoothQualityReportNativeInterface:     mQualityReportId: RF Stats(0x09), mPacketType: INVALID(0x00), mConnectionHandle: 0x0000, mConnectionRole: 0(0), mTxPowerLevel: 0, mRssi: 0, mSnr: 0, mUnusedAfhChannelCount: 0,
11-10 15:48:56.400 14050 14084 I BluetoothQualityReportNativeInterface:     mAfhSelectUnidealChannelCount: 0, mLsto: 0, mPiconetClock: 0x00000000, mRetransmissionCount: 0, mNoRxCount: 0, mNakCount: 0, mLastTxAckTimestamp: 0x00000000, mFlowOffCount: 0,
11-10 15:48:56.400 14050 14084 I BluetoothQualityReportNativeInterface:     mLastFlowOnTimestamp: 0x00000000, mOverflowCount: 0, mUnderflowCount: 0, mAddr: null, mCalFailedItemCount: 0,
11-10 15:48:56.400 14050 14084 I BluetoothQualityReportNativeInterface:     mTxTotalPackets: 0, mTxUnackPackets: 0, mTxFlushPackets: 0, mTxLastSubeventPackets: 0, mCrcErrorPackets: 0, mRxDupPackets: 0, mRxUnRecvPackets: 0, mCoexInfoMask: 0
11-10 15:48:56.400 14050 14084 I BluetoothQualityReportNativeInterface:   }
11-10 15:48:56.400 14050 14084 I BluetoothQualityReportNativeInterface:   BqrRfStats: {
11-10 15:48:56.400 14050 14084 I BluetoothQualityReportNativeInterface:     mExtensionInfo: 1, mReportTimePeriod: 202703, mTxPoweriPaBf: 56, mTxPowerePaBf: 0, mTxPoweriPaDiv: 9688, mTxPowerePaDiv: 2,
11-10 15:48:56.400 14050 14084 I BluetoothQualityReportNativeInterface:     mRssiChainOver50: 2047, mRssiChain50To55: 5957, mRssiChain55To60: 1432, mRssiChain60To65: 259, mRssiChain65To70: 237, mRssiChain70To75: 78, mRssiChain75To80: 132, mRssiChain80To85: 135, mRssiChain85To90: 273, mRssiChainUnder90: 378,
11-10 15:48:56.400 14050 14084 I BluetoothQualityReportNativeInterface:     mRssiDeltaUnder2: 4781, mRssiDelta2To5: 2916, mRssiDelta5To8: 1083, mRssiDelta8To11: 425, mRssiDeltaOver11: 0
11-10 15:48:56.400 14050 14084 I BluetoothQualityReportNativeInterface:   }
11-10 15:48:56.400 14050 14084 I BluetoothQualityReportNativeInterface: }
11-10 15:48:56.401  1431  2167 W USF     : USF_API: Drop flicker data, cannot find sampling_id:84682!
11-10 15:48:56.401 14050 14076 I bluetooth: system/main/shim/acl.cc:515 OnFlushOccurred: UNIMPLEMENTED
11-10 15:48:56.411  1431  2167 W USF     : USF_API: Drop flicker data, cannot find sampling_id:84682!
11-10 15:48:56.421  1431  2167 W USF     : USF_API: Drop flicker data, cannot find sampling_id:84682!
11-10 15:48:56.431  1431  2167 W USF     : USF_API: Drop flicker data, cannot find sampling_id:84682!
11-10 15:48:56.441 14050 14071 I bluetooth: system/bta/dm/bta_dm_pm.cc:906 bta_dm_pm_ssr: Found connected service:BTA_ID_AV app_id:1 peer:xx:xx:xx:xx:0f:4f spec_name:sniff_capable
11-10 15:48:56.441 14050 14071 I bluetooth: system/bta/dm/bta_dm_pm.cc:906 bta_dm_pm_ssr: Found connected service:BTA_ID_AG app_id:1 peer:xx:xx:xx:xx:0f:4f spec_name:sniff_capable
11-10 15:48:56.441 14050 14071 I bluetooth: system/bta/dm/bta_dm_pm.cc:906 bta_dm_pm_ssr: Found connected service:BTA_ID_AV app_id:0 peer:xx:xx:xx:xx:0f:4f spec_name:sniff_capable
11-10 15:48:56.441 14050 14071 I bt_btm_pm: system/stack/acl/btm_pm.cc:326 BTM_SetSsrParams: Set sniff subrating state:immediate:active[0] max_latency:0x04b0 min_remote_timeout:0x0002 min_local_timeout:0x0002
11-10 15:48:56.441  1431  2167 W USF     : USF_API: Drop flicker data, cannot find sampling_id:84682!
11-10 15:48:56.441 14050 14071 I bluetooth-a2dp: system/btif/src/btif_av.cc:3067 btif_av_handle_event: peer=00:00:00:00:00:00 handle=0x41 event=BTA_AV_SUSPEND_EVT(0xf)
11-10 15:48:56.442 14050 14071 I bluetooth-a2dp: system/btif/src/btif_av.cc:2492 ProcessEvent: state=Started peer=xx:xx:xx:xx:0f:4f event=BTA_AV_SUSPEND_EVT(0xf) flags=0x1(LOCAL_SUSPEND_PENDING) active_peer=true
11-10 15:48:56.442 14050 14071 I bluetooth-a2dp: system/btif/src/btif_av.cc:2563 ProcessEvent: Peer xx:xx:xx:xx:0f:4f : event=BTA_AV_SUSPEND_EVT(0xf) status=0 initiator=true flags=0x1(LOCAL_SUSPEND_PENDING)
11-10 15:48:56.442 14050 14071 I bluetooth-a2dp: system/btif/src/btif_a2dp.cc:114 btif_a2dp_on_suspended: ## ON A2DP SUSPENDED ## p_av_suspend=0x713bec9690
11-10 15:48:56.442 14050 14071 I bluetooth-a2dp: system/btif/src/btif_a2dp_source.cc:792 btif_a2dp_source_on_suspended: state=STATE_RUNNING
11-10 15:48:56.442 14050 14071 I BTAudioA2dpAIDL: system/audio_hal_interface/aidl/a2dp/a2dp_encoding_aidl.cc:493 ack_stream_suspended: result=0
11-10 15:48:56.442  1428  4907 I BTAudioProviderStub: streamSuspended - SessionType=A2DP_HARDWARE_OFFLOAD_ENCODING_DATAPATH, status=SUCCESS
11-10 15:48:56.442  1428  4907 I BTAudioSessionAidl: ReportControlStatus - status=SUCCESS for SessionType=A2DP_HARDWARE_OFFLOAD_ENCODING_DATAPATH, bluetooth_audio=0x0200 suspended
11-10 15:48:56.442  1428  4907 I AHal::Bt::A2dpWrapper: ControlResultHandle: ctrl_cb: 512 suspend SUCCESS
11-10 15:48:56.443  1428  2118 I AHal::Bt::A2dpWrapper: SuspendStream: 512 done
11-10 15:48:56.443  1428  2118 I AHal::BT: Disable: bluetooth-a2dp-device done
11-10 15:48:56.443 14050 14071 I bluetooth-a2dp: system/btif/src/btif_a2dp_source.cc:680 btif_a2dp_source_stop_audio_req: state=STATE_RUNNING
11-10 15:48:56.443  1428  2118 I AHal::Router: LogTransferring: Transferring (1):
11-10 15:48:56.443 14050 14071 I bluetooth-a2dp: system/btif/src/btif_av.cc:2888 btif_report_audio_state: peer=xx:xx:xx:xx:0f:4f state=1
11-10 15:48:56.443  1428  2118 I AHal::Router: LogTransferring:   deep-buffer-playback-0 -> bluetooth-a2dp-device => (null)
11-10 15:48:56.443  1428  2118 I AHal::VoiceCall: Update: reset echo reference device
11-10 15:48:56.443  1428  2118 I AHal::Router: InvalidateLocked: ============ apply graph #19751 end ============
11-10 15:48:56.443 14050 14071 I bluetooth-a2dp: system/btif/src/btif_av.cc:2486 OnExit: state=Started peer=xx:xx:xx:xx:0f:4f
11-10 15:48:56.443 14050 14071 I bluetooth-a2dp: system/btif/src/btif_av.cc:2204 OnEnter: state=Opened peer=xx:xx:xx:xx:0f:4f
11-10 15:48:56.443 14050 14071 I bluetooth-a2dp: system/btif/src/btif_a2dp_source.cc:861 btif_a2dp_source_audio_tx_stop_event: is_streaming=false state=STATE_RUNNING
11-10 15:48:56.443  1428  2118 I ASvc::PeriodicWorker: SetLinkedConfigIds: update linked configs []
11-10 15:48:56.443  1428  2118 D BTAudioSessionAidl: UpdateSourceMetadata - SessionType=LE_AUDIO_HARDWARE_OFFLOAD_ENCODING_DATAPATH has NO session
11-10 15:48:56.443  1428  2118 D BTAudioSessionAidl: UpdateSinkMetadata - SessionType=LE_AUDIO_HARDWARE_OFFLOAD_DECODING_DATAPATH has NO session
11-10 15:48:56.444  1428  2117 D BTAudioSessionAidl: GetSupportedLatencyModes - SessionType=LE_AUDIO_HARDWARE_OFFLOAD_ENCODING_DATAPATH has NO session
11-10 15:48:56.444 14050 14084 I bluetooth-a2dp: android/app/jni/com_android_bluetooth_a2dp.cpp:104 bta2dp_audio_state_callback: xx:xx:xx:xx:0f:4f: state: BTAV_AUDIO_STATE_STOPPED(0x1)
11-10 15:48:56.444  1488  2119 D StreamHalAidl: [out|ioHandle:21] flush
11-10 15:48:56.445  1428  2118 I ASvc::CommandWorker: cw-deep-buffer-playback: Command{flush: Void{}} in StreamOutPausedState
11-10 15:48:56.445  1428  2118 I ASvc::StreamOutSyncStates: FlushDataQueue: flush 0 bytes in data queue
11-10 15:48:56.445  1428  2118 I ASvc::CommandWorker: cw-deep-buffer-playback: Command{standby: Void{}} in StreamOutIdleState
11-10 15:48:56.447 14050 14050 I A2dpStateMachine: Connected: stopped playing: XX:XX:XX:XX:0F:4F
11-10 15:48:56.451  1431  2167 W USF     : USF_API: Drop flicker data, cannot find sampling_id:84682!
11-10 15:48:56.451 14050 14076 I bluetooth: system/main/shim/acl.cc:515 OnFlushOccurred: UNIMPLEMENTED
11-10 15:48:56.456 14050 14071 E bt_btu_hcif: system/stack/btu/btu_hcif.cc:973 btu_hcif_hdl_command_complete: Command complete for opcode:0x811 should not be handled here
11-10 15:48:56.456 14050 14071 E bt_btu_hcif: system/stack/btu/btu_hcif.cc:973 btu_hcif_hdl_command_complete: Command complete for opcode:0x80d should not be handled here
11-10 15:48:56.461  1431  2167 W USF     : USF_API: Drop flicker data, cannot find sampling_id:84682!
11-10 15:48:56.471  1431  2167 W USF     : USF_API: Drop flicker data, cannot find sampling_id:84682!
11-10 15:48:56.481  1431  2167 W USF     : USF_API: Drop flicker data, cannot find sampling_id:84682!
11-10 15:48:56.491  1431  2167 W USF     : USF_API: Drop flicker data, cannot find sampling_id:84682!
11-10 15:48:56.501  1431  2167 W USF     : USF_API: Drop flicker data, cannot find sampling_id:84682!
11-10 15:48:56.511  1431  2167 W USF     : USF_API: Drop flicker data, cannot find sampling_id:84682!
11-10 15:48:56.521  1431  2167 W USF     : USF_API: Drop flicker data, cannot find sampling_id:84682!
11-10 15:48:56.531  1431  2167 W USF     : USF_API: Drop flicker data, cannot find sampling_id:84682!
11-10 15:48:56.541  1431  2167 W USF     : USF_API: Drop flicker data, cannot find sampling_id:84682!
11-10 15:48:56.551  1431  2167 W USF     : USF_API: Drop flicker data, cannot find sampling_id:84682!
11-10 15:48:56.561  1431  2167 W USF     : USF_API: Drop flicker data, cannot find sampling_id:84682!
11-10 15:48:56.570  1431  2167 W USF     : USF_API: Drop flicker data, cannot find sampling_id:84682!
11-10 15:48:56.580  1431  2167 W USF     : USF_API: Drop flicker data, cannot find sampling_id:84682!
11-10 15:48:56.590  1431  2167 W USF     : USF_API: Drop flicker data, cannot find sampling_id:84682!
11-10 15:48:56.600  1431  2167 W USF     : USF_API: Drop flicker data, cannot find sampling_id:84682!
11-10 15:48:56.610  1431  2167 W USF     : USF_API: Drop flicker data, cannot find sampling_id:84682!
11-10 15:48:56.620  1431  2167 W USF     : USF_API: Drop flicker data, cannot find sampling_id:84682!
11-10 15:48:56.630  1431  2167 W USF     : USF_API: Drop flicker data, cannot find sampling_id:84682!
11-10 15:48:56.640  1431  2167 W USF     : USF_API: Drop flicker data, cannot find sampling_id:84682!
11-10 15:48:56.650  1431  2167 W USF     : USF_API: Drop flicker data, cannot find sampling_id:84682!
11-10 15:48:56.660  1431  2167 W USF     : USF_API: Drop flicker data, cannot find sampling_id:84682!
11-10 15:48:56.670  1431  2167 W USF     : USF_API: Drop flicker data, cannot find sampling_id:84682!
11-10 15:48:56.682  1431  2167 W USF     : USF_API: Drop flicker data, cannot find sampling_id:84682!
11-10 15:48:56.690  1431  2167 W USF     : USF_API: Drop flicker data, cannot find sampling_id:84682!
11-10 15:48:56.700  1431  2167 W USF     : USF_API: Drop flicker data, cannot find sampling_id:84682!
11-10 15:48:56.710  1431  2167 W USF     : USF_API: Drop flicker data, cannot find sampling_id:84682!
11-10 15:48:56.720  1431  2167 W USF     : USF_API: Drop flicker data, cannot find sampling_id:84682!
11-10 15:48:56.730  1431  2167 W USF     : USF_API: Drop flicker data, cannot find sampling_id:84682!
11-10 15:48:56.740  1431  2167 W USF     : USF_API: Drop flicker data, cannot find sampling_id:84682!
11-10 15:48:56.750  1431  2167 W USF     : USF_API: Drop flicker data, cannot find sampling_id:84682!
11-10 15:48:56.760  1431  2167 W USF     : USF_API: Drop flicker data, cannot find sampling_id:84682!
11-10 15:48:56.770  1431  2167 W USF     : USF_API: Drop flicker data, cannot find sampling_id:84682!
11-10 15:48:56.780  1431  2167 W USF     : USF_API: Drop flicker data, cannot find sampling_id:84682!
11-10 15:48:56.790  1431  2167 W USF     : USF_API: Drop flicker data, cannot find sampling_id:84682!
11-10 15:48:56.800  1431  2167 W USF     : USF_API: Drop flicker data, cannot find sampling_id:84682!
11-10 15:48:56.810  1431  2167 W USF     : USF_API: Drop flicker data, cannot find sampling_id:84682!
11-10 15:48:56.820  1431  2167 W USF     : USF_API: Drop flicker data, cannot find sampling_id:84682!
11-10 15:48:56.830  1431  2167 W USF     : USF_API: Drop flicker data, cannot find sampling_id:84682!
11-10 15:48:56.840  1431  2167 W USF     : USF_API: Drop flicker data, cannot find sampling_id:84682!
11-10 15:48:56.850  1431  2167 W USF     : USF_API: Drop flicker data, cannot find sampling_id:84682!
11-10 15:48:56.860  1431  2167 W USF     : USF_API: Drop flicker data, cannot find sampling_id:84682!
11-10 15:48:56.870  1431  2167 W USF     : USF_API: Drop flicker data, cannot find sampling_id:84682!
11-10 15:48:56.880  1431  2167 W USF     : USF_API: Drop flicker data, cannot find sampling_id:84682!
11-10 15:48:56.890  1431  2167 W USF     : USF_API: Drop flicker data, cannot find sampling_id:84682!
