11-10 15:32:22.267  2772  2810 D ShellBackPreview: Skipping dispatching onBackCancelled. Start was never dispatched.
11-10 15:32:22.267  2772  2810 D ShellBackPreview: BackAnimationController: finishBackNavigation()
11-10 15:32:22.268  1884  2819 D CoreBackPreview: onBackNavigationDone backType=4, triggerBack=false
11-10 15:32:22.269  1431  2167 W USF     : USF_API: Drop flicker data, cannot find sampling_id:84682!
11-10 15:32:22.269  1432  1491 D CHRE    : @ 550809.572: Parsed nanoapp message from host: app ID 0x476f6f676c00103b endpoint 0x8005 msgType 1 payload size 6
11-10 15:32:22.279  1431  2167 W USF     : USF_API: Drop flicker data, cannot find sampling_id:84682!
11-10 15:32:22.282  1884  4404 W PresentationStatsEventLogger: Bad view state for: -1, state: ViewState: [id=1073741824@667137535, state:d008, currentValue:android.view.autofill.AutofillValue@1, candidateSaveValue:android.view.autofill.AutofillValue@f3958de1]
11-10 15:32:22.289  1431  2167 W USF     : USF_API: Drop flicker data, cannot find sampling_id:84682!
11-10 15:32:22.295 25895 25895 I GoogleInputMethodService: GoogleInputMethodService.onStartInput():1347 onStartInput(EditorInfo{EditorInfo{packageName=com.whatsapp, inputType=2c001, inputTypeString=Normal[MultiLine|CapSentences|AutoCorrect], enableLearning=true, autoCorrection=true, autoComplete=true, imeOptions=40000006, privateImeOptions=null, actionName=DONE, actionLabel=null, initialSelStart=0, initialSelEnd=0, initialCapsMode=3000, label=null, fieldId=2131431181, fieldName=null, extras=Bundle[mParcelledData.dataSize=168], hintText=null, hintLocales=[]}}, true)
11-10 15:32:22.296 25895 25895 W SessionManager: SessionManager.beginSession():53 Try to begin an already begun session [INPUT_SESSION], end it first
11-10 15:32:22.296 25895 25895 W SessionManager: SessionManager.endSession():96 Child session [INPUT_VIEW_SESSION] is not ended while ending session [{INPUT_SESSION=1762781525022, TRAINING_CACHE_SESSION=1762781526576, INPUT_VIEW_SESSION=1762781526571, IME_SESSION=1762781526573}], ending it now.
11-10 15:32:22.296 25895 25895 W SessionManager: SessionManager.endSession():96 Child session [IME_SESSION] is not ended while ending session [{INPUT_SESSION=1762781525022, TRAINING_CACHE_SESSION=1762781526576, INPUT_VIEW_SESSION=1762781526571, IME_SESSION=1762781526573}], ending it now.
11-10 15:32:22.296 25895 25895 I Module  : DeviceLockedStatusModuleProvider$Module.updateDeviceLockedStatus():103 repeatCheckTimes = 1, locked = false
11-10 15:32:22.297  1432  1491 D CHRE    : @ 550809.603: [ActivityPlatform] type 4, confidence 95
11-10 15:32:22.297  1884  4404 W PackageConfigPersister: App-specific configuration not found for packageName: com.whatsapp and userId: 0
11-10 15:32:22.297 24892 25182 W ContentCaptureEvent: Text is not a SpannableString.
11-10 15:32:22.297 24892 25182 W ContentCaptureEvent: Text is not a SpannableString.
11-10 15:32:22.298 24892 25182 W ContentCaptureEvent: Text is not a SpannableString.
11-10 15:32:22.298 24892 25182 W ContentCaptureEvent: Text is not a SpannableString.
11-10 15:32:22.298 24892 25182 W ContentCaptureEvent: Text is not a SpannableString.
11-10 15:32:22.298 24892 25182 W ContentCaptureEvent: Text is not a SpannableString.
11-10 15:32:22.298 24892 25182 W ContentCaptureEvent: Text is not a SpannableString.
11-10 15:32:22.298 24892 25182 W ContentCaptureEvent: Text is not a SpannableString.
11-10 15:32:22.298 24892 25182 W ContentCaptureEvent: Text is not a SpannableString.
11-10 15:32:22.298 24892 25182 W ContentCaptureEvent: Text is not a SpannableString.
11-10 15:32:22.298 24892 25182 W ContentCaptureEvent: Text is not a SpannableString.
11-10 15:32:22.298 24892 25182 W ContentCaptureEvent: Text is not a SpannableString.
11-10 15:32:22.298 24892 25182 W ContentCaptureEvent: Text is not a SpannableString.
11-10 15:32:22.298 24892 25182 W ContentCaptureEvent: Text is not a SpannableString.
11-10 15:32:22.298 24892 25182 W ContentCaptureEvent: Text is not a SpannableString.
11-10 15:32:22.298 24892 25182 W ContentCaptureEvent: Text is not a SpannableString.
11-10 15:32:22.298 24892 25182 W ContentCaptureEvent: Text is not a SpannableString.
11-10 15:32:22.298 24892 25182 W ContentCaptureEvent: Text is not a SpannableString.
11-10 15:32:22.298 24892 25182 W ContentCaptureEvent: Text is not a SpannableString.
11-10 15:32:22.298 24892 25182 W ContentCaptureEvent: Text is not a SpannableString.
11-10 15:32:22.298 25895 25895 I GoogleInputMethodService: GoogleInputMethodService.onStartInputView():1445 onStartInputView(EditorInfo{EditorInfo{packageName=com.whatsapp, inputType=2c001, inputTypeString=Normal[MultiLine|CapSentences|AutoCorrect], enableLearning=true, autoCorrection=true, autoComplete=true, imeOptions=40000006, privateImeOptions=null, actionName=DONE, actionLabel=null, initialSelStart=0, initialSelEnd=0, initialCapsMode=3000, label=null, fieldId=2131431181, fieldName=null, extras=Bundle[mParcelledData.dataSize=168], hintText=null, hintLocales=[]}}, true)
11-10 15:32:22.299  1431  2167 W USF     : USF_API: Drop flicker data, cannot find sampling_id:84682!
11-10 15:32:22.299 25895 25895 I InputBundle: InputBundle.consumeEvent():1033 Skip consuming an event as keyboard status is INACTIVE
11-10 15:32:22.299 24892 25182 W ContentCaptureEvent: Text is not a SpannableString.
11-10 15:32:22.303 25895 25895 I AndroidIME: AbstractIme.onDeactivate():216 LatinIme.onDeactivate()
11-10 15:32:22.303 25895 25895 W SessionManager: SessionManager.endSession():88 Try to end a not begun session [IME_SESSION].
11-10 15:32:22.305 25895 25895 I KeyboardHeightUtil: KeyboardHeightUtil.getOemKeyboardHeightRatio():108 systemKeyboardHeightRatio:1.090000.
11-10 15:32:22.309  1431  2167 W USF     : USF_API: Drop flicker data, cannot find sampling_id:84682!
11-10 15:32:22.315 25895 25895 I AndroidIME: InputBundleManager.loadActiveInputBundleId():528 loadActiveInputBundleId: ro, ime_romanian
11-10 15:32:22.316 25895 25895 I AndroidIME: AbstractIme.onActivate():96 LatinIme.onActivate() : EditorInfo = EditorInfo{packageName=com.whatsapp, inputType=2c001, inputTypeString=Normal[MultiLine|CapSentences|AutoCorrect], enableLearning=true, autoCorrection=true, autoComplete=true, imeOptions=40000006, privateImeOptions=null, actionName=DONE, actionLabel=null, initialSelStart=0, initialSelEnd=0, initialCapsMode=3000, label=null, fieldId=2131431181, fieldName=null, extras=Bundle[mParcelledData.dataSize=168], hintText=null, hintLocales=[]}, IncognitoMode = false, DeviceLocked = false
11-10 15:32:22.316 25895 25895 I Delight5Facilitator: Delight5Facilitator.initializeForIme():741 initializeForIme() : Locale = [ro, en_US], layout = qwerty
11-10 15:32:22.316 25895 25895 I LatinIme: LatinIme.updateEnableInlineSuggestionsOnDecoderSideFlags():1248 inline flag updated to:false
11-10 15:32:22.317 25895 25895 I LatinIme: LatinIme.updateEnableInlineSuggestionsOnDecoderSideFlags():1248 inline flag updated to:false
11-10 15:32:22.318 25895 25895 I LatinIme: LatinIme.resetInputContext():2253 resetInputContext(): reason=1, externalEditsInfo=ExternalEditsInfo{action=0, offset=-1, text=null, originalText=null, edits=null}
11-10 15:32:22.318 25895 25895 I InputBundle: InputBundle.consumeEvent():1033 Skip consuming an event as keyboard status is INACTIVE
11-10 15:32:22.319  1431  2167 W USF     : USF_API: Drop flicker data, cannot find sampling_id:84682!
11-10 15:32:22.319 25895 25895 I KeyboardWrapper: KeyboardWrapper.activateKeyboard():581 activateKeyboard(): type=prime, status=INACTIVE, imeDef=myj{stringId=ime_romanian, language=ro, languageTag=ro, processedConditions={true=true, enable_number_row=false, device=phone, enable_pk_simulator=false}, className=com.google.android.apps.inputmethod.libs.latin5.LatinIme, label=0, keyEventInterpreter=null, inlineComposing=true, autoCapital=true, announceAutoSelectedCandidate=true, statusIcon=0, indicatorIcon=0, indicatorLabel=null, displayAppCompletions=true, extraValues=myc{}, processors=naa@8d7aa1a, unacceptableMetaKeys=4098, languageSpecificSettings=0, asciiCapable=true, alwaysShowSuggestions=false, useAsciiPasswordKeyboard=false, keyboardGroupDef=mzj@6b7ccb4, phenotypeFlagId=0, localizationLanguageTag=null, supportsInlineSuggestion=false}
11-10 15:32:22.319 25895 25895 I KeyboardManager: KeyboardManager.requestKeyboard():249 Creating keyboard prime, imeId=ime_romanian, cacheKey=theme,!gsf,!pgsf,!use_system_font,BORDER,FLAVOR_DPI=XXHDPI,GOOGLE_ICONS,KEYBOARD_WIDTH_CATEGORY=NORMAL,KEY_BORDER_SHAPE=1,LIGHT_THEME=false,PHYSICAL_DIAGONAL=7.7038455,POPUP,SCREEN_SHORTEST_WIDTH=527,SCREEN_SHORTEST_WIDTH_NO_SCALE=527,SW400DP,XXHDPI,bottom4dp,enable_google_fonts_icons=true,enable_popup_on_keypress=true,non_linear_scale,noshadow,overlay_builtin_dynamic_color_dark_base.binarypb:gm3-dark-ff0e0e0e-fff9f9f9-55fb0250fe7ad9f424e950ead0808018,pgsans,silkpopup
11-10 15:32:22.319 25895 25895 I KeyboardWrapper: KeyboardWrapper.onKeyboardReady():224 onKeyboardReady(): type=prime(prime), kb=com.google.android.apps.inputmethod.latin.keyboard.LatinPrimeKeyboard@40fc5aa
11-10 15:32:22.319 25895 25895 I KeyboardWrapper: KeyboardWrapper.doActivateKeyboard():611 doActivateKeyboard(): prime
11-10 15:32:22.321 25895 25895 I KeyboardHeightUtil: KeyboardHeightUtil.calculateMaxKeyboardBodyHeight():50 leave 205 height for app when ime window height:2039, header height:84 and isFullscreenMode:false, so the max keyboard body height is:1750
11-10 15:32:22.321 25895 25895 W TooltipLifecycleManager: TooltipLifecycleManager.dismissTooltips():153 Tooltip with id undo_access_point_promotion_banner not found in tooltipManager.
11-10 15:32:22.321 25895 25895 I GlobeKeyExtension: GlobeKeyExtension.getKeyboardInitialStates():175 
11-10 15:32:22.321 25895 25895 W Keyboard: Keyboard.getKeyboardViewHelper():602 null helper is returned: keyboardDef=mzd{processedConditions={show_comma_key=true, enable_more_candidates_view_for_multilingual=false, layout_9key_split=false, enable_secondary_symbols=false, pref_enable_flick_symbols=false, language=ro-RO, deprecate_long_press_space_for_ime_picker=false, expressions=normal, android_software_xr_api_spatial=false, enable_flick_symbols=true, variant=qwerty, show_period_key=true, device=phone, keyboard_mode=normal, show_secondary_digits=true, enable_preemptive_decode=true, enable_pk_simulator=false}, globalConditions={global_theme_key=theme,!gsf,!pgsf,!use_system_font,BORDER,FLAVOR_DPI=XXHDPI,GOOGLE_ICONS,KEYBOARD_WIDTH_CATEGORY=NORMAL,KEY_BORDER_SHAPE=1,LIGHT_THEME=false,PHYSICAL_DIAGONAL=7.7038455,POPUP,SCREEN_SHORTEST_WIDTH=527,SCREEN_SHORTEST_WIDTH_NO_SCALE=527,SW400DP,XXHDPI,bottom4dp,enable_google_fonts_icons=true,enable_popup_on_keypress=true,non_linear_scale,noshadow,overlay_builtin_dynamic_color_dark_base.binarypb:gm3-dark-ff0e0e0e-fff9f9f9-55fb0250fe7ad9f424e950ead0808018,pgsans,silkpopup, global_locale=ro_RO, global_density_dpi=306, global_orientation=1}, className=.latin.keyboard.LatinPrimeKeyboard, resourceIds=[#0x7f1706d9, #0x7f17089b], initialStates=0, keyboardViewDefs=[mzr{direction=null, id=#0x7f0b0222, isScalable=true, layoutId=#0x7f0e0365, type=BODY, touchable=true, defaultShow=true}, mzr{direction=null, id=#0x7f0b0222, isScalable=false, layoutId=#0x7f0e01fb, type=FLOATING_CANDIDATES, touchable=false, defaultShow=false}, mzr{direction=LOCALE, id=#0x7f0b0222, isScalable=false, layoutId=#0x7f0e0506, type=HEADER, touchable=true, defaultShow=true}], persistentStates=0, persistentStatesPrefKey=null, popupBubbleLayoutId=#0x7f0e05f5, recentKeyLayoutId=0, recentKeyPopupLayoutId=0, recentKeyType=null, rememberRecentKey=NONE, sessionStates=17592186044419}, type=WIDGET, helpersCreated={HEADER=mlk@7f19048, BODY=mlk@b808ee1, FLOATING_CANDIDATES=mlk@44b9406}, context.getResources().getConfiguration(): {1.15 226mcc10mnc [ro_RO] ldltr sw527dp w527dp h1173dp 306dpi lrg long compactNeeded hdr widecg port night finger -keyb/v/h -nav/h winConfig={ mBounds=Rect(0, 0 - 1008, 2244) mAppBounds=Rect(0, 0 - 1008, 2244) mMaxBounds=Rect(0, 0 - 1008, 2244) mDisplayRotation=ROTATION_0 mWindowingMode=fullscreen mActivityType=undefined mAlwaysOnTop=undefined mRotation=ROTATION_0} s.38346 fontWeightAdjustment=0}
11-10 15:32:22.322 25895 25895 I KeyboardHeightUtil: KeyboardHeightUtil.calculateMaxKeyboardBodyHeight():50 leave 205 height for app when ime window height:2039, header height:84 and isFullscreenMode:false, so the max keyboard body height is:1750
11-10 15:32:22.324 25895 25895 I AndroidIME: InputBundleManager.startInput():358 startInput() with mzn[keyboardType=prime, payload=null]
11-10 15:32:22.324 25895 25895 I GlobeKeyExtension: GlobeKeyExtension.onDeactivate():144 
11-10 15:32:22.324 25895 25895 W TooltipLifecycleManager: TooltipLifecycleManager.dismissTooltips():153 Tooltip with id SUGGESTION_VIEW_EDU_MINI_DIALOG not found in tooltipManager.
11-10 15:32:22.324 25895 25895 I NgaExtension: NgaExtension.onDeactivate():581 NgaExtension#onDeactivate [SDG]
11-10 15:32:22.324 25895 25895 W NotificationCenter: NotificationCenter.unregisterListener():480 Listener gph@b6c5378 was not registered for notification class mdv
11-10 15:32:22.324 25895 32436 I NgaDataShareClient: NgaDataShareClient.sendCorrectionsAndEndSession():464 endDataPushSession() [SDG]
11-10 15:32:22.324 25895 32436 I NgaDataShareClient: NgaDataShareClient.sendCorrectionsList():472 sendCorrectionsList() [SDG]
11-10 15:32:22.324 25895 25895 I NgaVoiceInputHandler: NgaVoiceInputHandler.onDeactivateIme():299 VoiceInputHandler:deactivating [SDG]
11-10 15:32:22.324 25895 25895 W NotificationCenter: NotificationCenter.unregisterListener():480 Listener nef@2f41a93 was not registered for notification class neg
11-10 15:32:22.324 25895 25895 W SmartEdit: SmartEdit.setGenAiVoiceEditManager():840 Cannot set LC UI delegate: promotionManager is null
11-10 15:32:22.324 25895 32436 W NgaDataShareClient: NgaDataShareClient.getClientInfo():574 null TriggerApplicationId provided. [SDG]
11-10 15:32:22.324 25895 25895 I NgaInputManager: NgaInputManager.onDeactivate():457 SmartEdit: unloading models false [SDG]
11-10 15:32:22.324 25895 32436 I NgaDataShareClient: NgaDataShareClient.sendCorrectionsList():488 Replace DataShareService.shareCorrections with function call. [SDG]
11-10 15:32:22.324 25895 32436 I NgaDataShareClient: NgaDataShareClient.handleDataShareHelperTask():270 Replace DataShareService.shareCorrections with function call. [SDG]
11-10 15:32:22.324 25895 32436 W NotificationCenter: NotificationCenter.unregisterListener():480 Listener gqo@f7569c1 was not registered for notification class mjf
11-10 15:32:22.325 25895 32436 W NotificationCenter: NotificationCenter.unregisterListener():480 Listener gqn@ac490a7 was not registered for notification class mdv
11-10 15:32:22.325 25895 32436 I DataShareHelper: DataShareHelper.shareCorrections():25 shareCorrections() [SD]
11-10 15:32:22.325 25895 25895 I GlobeKeyExtension: GlobeKeyExtension.onActivate():120 
11-10 15:32:22.325 25895 25895 I NgaExtension: NgaExtension.onActivate():540 NgaExtension#onActivate [SDG]
11-10 15:32:22.325 25895 25895 I NgaVoiceInputHandlerSwitcher: NgaVoiceInputHandlerSwitcher.restorePrimary():229 not switching to primary. fallback is null [SDG]
11-10 15:32:22.325 25895 25895 I NgaVoiceInputHandler: NgaVoiceInputHandler.maybeCreateInputManager():237 VoiceInputHandler:activating [SDG]
11-10 15:32:22.325 25895 25895 I SpeechEnhancementLogger: SpeechEnhancementLogger.logAtInfo():24 Speech enhancement is disabled because device model is not supported [SD]
11-10 15:32:22.325 25895 25895 I ModelessCommandDetector: ModelessCommandDetector.<init>():86 Created modeless command detector with language code ro [SDG]
11-10 15:32:22.325 25895 25895 I NgaExtension: NgaExtension.onActivate():566 NgaExtension: interaction type=4 [SDG]
11-10 15:32:22.325 25895 25895 I PkModeUpdater: PkModeUpdater.onActivate():74 onActivate false true
11-10 15:32:22.325 25895 25895 I AccessoryInputModeManager: AccessoryInputModeManager.onModeStarted():320 Accessory input mode started: null
11-10 15:32:22.325 25895 25895 W SupplementaryKeyboardsWrapper: SupplementaryKeyboardsWrapper.deactivateKeyboard():161 keyboard accessory_candidates_consumer is not activated before!
11-10 15:32:22.325 25895 32343 I KeyboardEventHandler: KeyboardEventHandler.handleKeyboardVisibilityEvent():221 Handling KeyboardVisibilityEvent: KEYBOARD_CLOSED [SD]
11-10 15:32:22.326 25895 25895 I KeyboardModeUtils: KeyboardModeUtils.getKeyboardBottomOffset():435 inch: 0.000000 ydpi: 367.726013 adjustKeyboardBottomByDisplaySize: false currentDensityDpi: 306 defaultDensityDpi: 306 keyboardBottomToScreenPx: 0 keyboardBottomToNavBarPx: -92 navBarHeight: 92
11-10 15:32:22.326 25895 25895 I KeyboardHeightUtil: KeyboardHeightUtil.calculateMaxKeyboardBodyHeight():50 leave 205 height for app when ime window height:2039, header height:84 and isFullscreenMode:false, so the max keyboard body height is:1750
11-10 15:32:22.326 25895 25895 I KeyboardHeightUtil: KeyboardHeightUtil.calculateMaxKeyboardBodyHeight():50 leave 205 height for app when ime window height:2039, header height:84 and isFullscreenMode:false, so the max keyboard body height is:1750
11-10 15:32:22.326 25895 25895 I AndroidIME: KeyboardViewManager.updateKeyboardBottomFrame():480 Set bottomFrameHeight = 19 while holderPaddingBottom = 19; navigationHeight = 92
11-10 15:32:22.326 25895 25895 I KeyboardHeightUtil: KeyboardHeightUtil.calculateMaxKeyboardBodyHeight():50 leave 205 height for app when ime window height:2039, header height:84 and isFullscreenMode:false, so the max keyboard body height is:1750
11-10 15:32:22.326 25895 25895 I KeyboardHeightUtil: KeyboardHeightUtil.calculateMaxKeyboardBodyHeight():50 leave 205 height for app when ime window height:2039, header height:84 and isFullscreenMode:false, so the max keyboard body height is:1750
11-10 15:32:22.326 25895 25895 W ExtensionWrapper: ExtensionWrapper.setExtensionViewVisibility():851 interface moo is not activate
11-10 15:32:22.327 25895 25895 I Module  : DeviceLockedStatusModuleProvider$Module.updateDeviceLockedStatus():103 repeatCheckTimes = 1, locked = false
11-10 15:32:22.327 25895 25895 I VoiceImeExtension: VoiceImeExtension.shouldStartVoiceInputAutomaticallyInCurrentInputBox():378 No private IME option set to start voice input.
11-10 15:32:22.328 25895 32435 W AutoCloseableReference: AutoCloseablePhantomReference.close():42 close() is invoked more than once
11-10 15:32:22.328 25895 25895 I ShortcutsDataManager: AbstractContentDataManager.startImportContentTask():241 startImportContentTask()
11-10 15:32:22.328 25895 25895 I SharingNoticeModule: SharingNoticeModule.shouldPostNotice():199 Sharing notice not show, [max display: 0, actual display: 0].
11-10 15:32:22.329 25895 32426 I SystemHapticSettings: SystemHapticSettings.updateSystemVibrationState():113 update vibration state: true
11-10 15:32:22.329  1431  2167 W USF     : USF_API: Drop flicker data, cannot find sampling_id:84682!
11-10 15:32:22.330 25895 25895 I KeyboardModeUtils: KeyboardModeUtils.getKeyboardBottomOffset():435 inch: 0.000000 ydpi: 367.726013 adjustKeyboardBottomByDisplaySize: false currentDensityDpi: 306 defaultDensityDpi: 306 keyboardBottomToScreenPx: 0 keyboardBottomToNavBarPx: -92 navBarHeight: 92
11-10 15:32:22.330 25895 25895 I KeyboardHeightUtil: KeyboardHeightUtil.calculateMaxKeyboardBodyHeight():50 leave 205 height for app when ime window height:2039, header height:84 and isFullscreenMode:false, so the max keyboard body height is:1750
11-10 15:32:22.330 25895 25895 I KeyboardHeightUtil: KeyboardHeightUtil.calculateMaxKeyboardBodyHeight():50 leave 205 height for app when ime window height:2039, header height:84 and isFullscreenMode:false, so the max keyboard body height is:1750
11-10 15:32:22.330 25895 25895 I AndroidIME: KeyboardViewManager.updateKeyboardBottomFrame():480 Set bottomFrameHeight = 19 while holderPaddingBottom = 19; navigationHeight = 92
11-10 15:32:22.331 25895 32433 I KeyboardEventHandler: KeyboardEventHandler.handleKeyboardVisibilityEvent():221 Handling KeyboardVisibilityEvent: KEYBOARD_OPENED [SD]
11-10 15:32:22.332 25895 25895 I GoogleInputMethodService: GoogleInputMethodService$1.onKeyboardViewShown():324 onKeyboardViewShown: keyboardType=prime, keyboardViewType=HEADER keyboardView=com.google.android.libraries.inputmethod.widgets.SoftKeyboardView{566aa5f V.E...... ........ 0,0-1008,84 aid=33218}
11-10 15:32:22.333 25895 25895 I KeyboardHeightUtil: KeyboardHeightUtil.calculateMaxKeyboardBodyHeight():50 leave 205 height for app when ime window height:2039, header height:84 and isFullscreenMode:false, so the max keyboard body height is:1750
11-10 15:32:22.333 25895 25895 I GoogleInputMethodService: GoogleInputMethodService$1.onKeyboardViewShown():324 onKeyboardViewShown: keyboardType=prime, keyboardViewType=BODY keyboardView=com.google.android.libraries.inputmethod.widgets.SoftKeyboardView{fd7651b V.E...... ........ 0,0-1008,520 aid=33312}
11-10 15:32:22.333 25895 25895 I KeyboardHeightUtil: KeyboardHeightUtil.calculateMaxKeyboardBodyHeight():50 leave 205 height for app when ime window height:2039, header height:84 and isFullscreenMode:false, so the max keyboard body height is:1750
11-10 15:32:22.333 25895 25895 I GlobeKeyExtension: GlobeKeyExtension$1.onKeyboardViewShown():72 maybeDisableLanguageSwitchKeyPref when the keyboard is shown
11-10 15:32:22.333 25895 25895 I GlobeKeyExtension: GlobeKeyExtension.maybeDisableLanguageSwitchKeyPref():200 maybeDisableLanguageSwitchKeyPref hasGlobeKeyBeenDisabled: true, shouldDisableLanguageSwitchKey: true
11-10 15:32:22.333 25895 25895 I NewLanguagePromptExtension: NewLanguagePromptExtension$1.onKeyboardViewShown():98 Not show new language banner: no change in enabled input method entries
11-10 15:32:22.333 25895 25895 I DynamicLayoutHandler: DynamicLayoutHandler.loadDynamicKeys():92 This isn't a dynamic layout.
11-10 15:32:22.333 25895 32436 I SpeechEnhancementLogger: SpeechEnhancementLogger.logAtInfo():24 Speech enhancement is disabled because device model is not supported [SD]
11-10 15:32:22.333 25895 25966 I Delight5Decoder: Delight5DecoderWrapper.setKeyboardLayout():536 setKeyboardLayout()
11-10 15:32:22.333 25895 26294 I ShortcutsDataManager: AbstractContentDataManager$ImportContentTask.doInBackground():257 doInBackground()
11-10 15:32:22.334 25895 26294 I PersonalDictionaryDataHandler: PersonalDictionaryDataHandler.beginProcess():114 LanguageTags = [en-US, ro]
11-10 15:32:22.336 25895 32476 I PackageStatusChecker: PackageStatusChecker.isPackageSuspended():24 Current package suspended=false [SD]
11-10 15:32:22.336  1884  2730 D BackgroundInstallControlService: Package event received: 0
11-10 15:32:22.336  1884  2730 D BackgroundInstallControlService: Package event received: 0
11-10 15:32:22.336  1884  2730 D BackgroundInstallControlService: Package event received: 0
11-10 15:32:22.336  1884  2730 D BackgroundInstallControlService: Package event received: 0
11-10 15:32:22.337 25895 32343 I MultilangConditionManagerImpl: MultilangConditionManagerImpl.isAutomaticSwitchingEnabled():77 Automatic switching disabled because Gboard setting is not shown [SD]
11-10 15:32:22.337 25895 32343 I MultilangConditionManagerImpl: MultilangConditionManagerImpl.isAutomaticSwitchingEnabled():92 Automatic switching disabled because there aren't enough supported keyboard languages [SD]
11-10 15:32:22.337 25895 32343 I EligibilityChecker: EligibilityChecker.triggerProactiveLanguagePackUpdate():523 Never attempted LP download before, triggering download for potential updates [SD]
11-10 15:32:22.337 25895 32343 I EligibilityChecker: EligibilityChecker.getDictationConfigEligibilityForLocale():307 Dictation is enabled. workprofile=false [SD]
11-10 15:32:22.337 25895 32343 I EligibilityChecker: EligibilityChecker.checkLocaleEligibility():504 Dictation is not enabled for unsupported keyboard locale: ro_RO; supported locales: es_ES,en_SG,en_AU,ja_JP,fr_BE,fr_CA,de_CH,de_BE,it_CH,de_DE,en_IN,es_US,it_IT,en_IE,fr_FR,en_US,en_CA,de_AT,fr_CH,en_GB. workprofile=false [SD]
11-10 15:32:22.337 25895 32343 I AsrProviderSelector: AsrProviderSelector.selectProvider():28 SBG path failed. Reason: 28. Trying S3 path. [SD]
11-10 15:32:22.337 25895 32343 I AsrProviderChoice: AsrProviderChoice.setChosenProvider():76 Setting chosen ASR provider to: 0 [SD]
11-10 15:32:22.338 25895 31795 I LanguageDownloadQueue: LanguageDownloadQueue.performLanguageDownload():81 Starting language download job for en-US [SD]
11-10 15:32:22.339  1431  2167 W USF     : USF_API: Drop flicker data, cannot find sampling_id:84682!
11-10 15:32:22.339 25895 31795 I LanguageDownloadQueue: LanguageDownloadQueue.performLanguageDownload():101 Skip download for en-US due to another recent attempt [SD]
11-10 15:32:22.341 25895 32343 I MultilangConditionManagerImpl: MultilangConditionManagerImpl.isAutomaticSwitchingEnabled():77 Automatic switching disabled because Gboard setting is not shown [SD]
11-10 15:32:22.341 25895 32343 I MultilangConditionManagerImpl: MultilangConditionManagerImpl.isAutomaticSwitchingEnabled():92 Automatic switching disabled because there aren't enough supported keyboard languages [SD]
11-10 15:32:22.342 25895 25895 I NgaStateManager: NgaStateManager.setAssistantDictationEligibility():186 AssistantDictationEligibility = 28 [SDG]
11-10 15:32:22.342 25895 25895 I NgaStateManager: NgaStateManager.buildConfigEligibilityPerLanguageTag():304 AssistantDictationEligibility(config, en-US) = 1 [SDG]
11-10 15:32:22.342 25895 25895 I NgaStateManager: NgaStateManager.buildConfigEligibilityPerLanguageTag():304 AssistantDictationEligibility(config, ro-RO) = 28 [SDG]
11-10 15:32:22.342 25895 25895 I NgaStateManager: NgaStateManager.setAssistantDictationEligibility():195 AssistantDictationEligibility(inputField) = 1 [SDG]
11-10 15:32:22.342 25895 32477 I KeyboardEligibilityNotifier: KeyboardEligibilityNotifier.notifyEligibility():76 Keyboard notified that eligibility=NON_ELIGIBLE_UNSUPPORTED_DICTATION_LOCALE [SD]
11-10 15:32:22.343 25895 32434 I KeyboardUiManagerImpl: KeyboardUiManagerImpl.onKeyboardShownAgain():159 #onKeyboardShownAgain scheduled [SD]
11-10 15:32:22.343 25895 32434 I KeyboardUiManagerImpl: KeyboardUiManagerImpl.onKeyboardShownAgain():162 #onKeyboardShownAgain [SD]
11-10 15:32:22.349  1431  2167 W USF     : USF_API: Drop flicker data, cannot find sampling_id:84682!
11-10 15:32:22.353 24892 24946 W ContentCaptureEvent: Text is not a SpannableString.
11-10 15:32:22.359  1431  2167 W USF     : USF_API: Drop flicker data, cannot find sampling_id:84682!
11-10 15:32:22.359 25895 26294 I ShortcutsDataManager: AbstractContentDataManager.importRecords():348 importRecords() : Success : Count = 0
11-10 15:32:22.363 24892 24993 I AiAiTextClassifier: GenerateLinks did not find valid links, returning empty result
11-10 15:32:22.365 24892 24993 I AiAiTranslate: (REDACTED) Detection skips model result for short message. maxConfidenceLangId: %s
11-10 15:32:22.366 24892 24993 I AiAiPeople: (REDACTED) [%d] fragments remain to process, dispatched event [%s]
11-10 15:32:22.366 24892 24976 I AiAiTranslate: (REDACTED) onUpdateConversation, language count: %d, activityId: %s, conversation id : %s
11-10 15:32:22.366 24892 24976 I AiAiTranslate: (REDACTED) updateActivityViews() windowToken: %s
11-10 15:32:22.370 25895 26294 I ShortcutsDataManager: AbstractContentDataManager.importContentData():297 importContentData() : Ending import process
11-10 15:32:22.370 25895 25966 I Delight5Decoder: Delight5DecoderWrapper.unloadLanguageModel():971 unloadLanguageModel() : 4, version [n/a]
11-10 15:32:22.371  1431  2167 W USF     : USF_API: Drop flicker data, cannot find sampling_id:84682!
11-10 15:32:22.372 24892 24976 I AiAiTranslate: onUpdateConversation, no language detected!
11-10 15:32:22.373 25895 25966 I native  : I0000 00:00:1762781542.371198   25966 dynamic-lm-manager.cc:48] Dynamic LM has already been unloaded: /data/user/0/com.google.android.inputmethod.latin/files/personal/Personal.en_US.dict
11-10 15:32:22.381  1431  2167 W USF     : USF_API: Drop flicker data, cannot find sampling_id:84682!
11-10 15:32:22.390  1431  2167 W USF     : USF_API: Drop flicker data, cannot find sampling_id:84682!
11-10 15:32:22.400  1431  2167 W USF     : USF_API: Drop flicker data, cannot find sampling_id:84682!
11-10 15:32:22.405  1432  1491 D CHRE.HAL: Received a nanoapp message from 0x476f6f676c001019 endpoint 0x2: Type 0x1f4 size 12 
11-10 15:32:22.410  1431  2167 W USF     : USF_API: Drop flicker data, cannot find sampling_id:84682!
11-10 15:32:22.416 25895 26294 I PersonalLanguageModelUpdater: PersonalLanguageModelUpdater$UpdateOperation.performInternal():165 run() : Added 1 words and 1 shortcuts
11-10 15:32:22.416 25895 26294 I DynamicLanguageModelOperation: DynamicLanguageModelOperation.perform():43 perform() : 4 : epc : Completed
11-10 15:32:22.416  1432  1491 D CHRE.HAL: Received a nanoapp message from 0x476f6f676c001019 endpoint 0x2: Type 0x1f4 size 12 
11-10 15:32:22.416 25895 25966 I Delight5Decoder: Delight5DecoderWrapper.loadLanguageModel():758 loadLanguageModel() : 4, version [n/a]
11-10 15:32:22.416 25895 25966 I Delight5Decoder: Delight5DecoderWrapper.loadLanguageModel():803 Loaded dynamic LM 4.en
11-10 15:32:22.416 25895 25966 I Delight5Decoder: Delight5DecoderWrapper.unloadLanguageModel():971 unloadLanguageModel() : 4, version [n/a]
11-10 15:32:22.416 25895 25966 I native  : I0000 00:00:1762781542.416736   25966 dynamic-lm-manager.cc:48] Dynamic LM has already been unloaded: /data/user/0/com.google.android.inputmethod.latin/files/personal/Personal.ro.dict
11-10 15:32:22.420 32743   463 D WM-SystemJobScheduler: Scheduling work ID db46b249-c27a-4ac9-90b8-f3695a7379d1Job ID 361387
11-10 15:32:22.420  1431  2167 W USF     : USF_API: Drop flicker data, cannot find sampling_id:84682!
11-10 15:32:22.428 32743   463 D WM-GreedyScheduler: Starting tracking for db46b249-c27a-4ac9-90b8-f3695a7379d1
11-10 15:32:22.429  1431  2167 W USF     : USF_API: Drop flicker data, cannot find sampling_id:84682!
11-10 15:32:22.432 25895 26294 I PersonalLanguageModelUpdater: PersonalLanguageModelUpdater$UpdateOperation.performInternal():165 run() : Added 1 words and 1 shortcuts
11-10 15:32:22.432 25895 26294 I DynamicLanguageModelOperation: DynamicLanguageModelOperation.perform():43 perform() : 4 : epc : Completed
11-10 15:32:22.432 25895 25966 I Delight5Decoder: Delight5DecoderWrapper.loadLanguageModel():758 loadLanguageModel() : 4, version [n/a]
11-10 15:32:22.433 25895 25895 I ShortcutsDataManager: AbstractContentDataManager$ImportContentTask.onPostExecute():268 onPostExecute() : Result = [2,1]
11-10 15:32:22.433 25895 25895 I ShortcutsDataManager: ShortcutsDataManager.onImportFinished():82 onImportFinished() : Result = 2 : Count = 1
11-10 15:32:22.433 25895 25966 I Delight5Decoder: Delight5DecoderWrapper.loadLanguageModel():803 Loaded dynamic LM 4.ro
11-10 15:32:22.434 32743   463 D WM-ConstraintTracker: Cgh: initial state = NetworkState(isConnected=true, isValidated=true, isMetered=false, isNotRoaming=true)
11-10 15:32:22.434 32743   463 D WM-NetworkStateTracker: Registering network callback
11-10 15:32:22.434  1884  5659 D ConnectivityService: requestNetwork for uid/pid:10273/32743 activeRequest: null callbackRequest: 38941 [NetworkRequest [ TRACK_DEFAULT id=38942, [ Capabilities: INTERNET&NOT_RESTRICTED&TRUSTED&NOT_VCN_MANAGED&NOT_BANDWIDTH_CONSTRAINED Uid: 10273 RequestorUid: 10273 RequestorPkg: com.whatsapp UnderlyingNetworks: Null] ], NetworkRequest [ REQUEST id=38943, [ Transports: SATELLITE Capabilities: INTERNET&NOT_RESTRICTED&TRUSTED&NOT_VCN_MANAGED Uid: 10273 RequestorUid: 10273 RequestorPkg: com.whatsapp UnderlyingNetworks: Null] ]] callback flags: 0 order: 2147483647 isUidTracked: false declaredMethods: AVAIL|LOST|NC
11-10 15:32:22.436 32743   467 D WM-GreedyScheduler: Constraints met: Scheduling work ID WorkGenerationalId(workSpecId=db46b249-c27a-4ac9-90b8-f3695a7379d1, generation=0)
11-10 15:32:22.436 32743   467 D WM-Processor: Cfk: processing WorkGenerationalId(workSpecId=db46b249-c27a-4ac9-90b8-f3695a7379d1, generation=0)
11-10 15:32:22.437 32743   470 D WM-NetworkStateTracker: Network capabilities changed: [ Transports: WIFI Capabilities: NOT_METERED&INTERNET&NOT_RESTRICTED&TRUSTED&NOT_VPN&VALIDATED&NOT_ROAMING&FOREGROUND&NOT_CONGESTED&NOT_SUSPENDED&NOT_VCN_MANAGED&NOT_BANDWIDTH_CONSTRAINED LinkUpBandwidth>=138774Kbps LinkDnBandwidth>=87498Kbps TransportInfo: <SSID: <unknown ssid>, BSSID: 02:00:00:00:00:00, MAC: 02:00:00:00:00:00, IP: /192.168.1.9, Security type: 4, Supplicant state: COMPLETED, Wi-Fi standard: 11ax, RSSI: -69, Link speed: 816Mbps, Tx Link speed: 816Mbps, Max Supported Tx Link speed: 2401Mbps, Rx Link speed: 576Mbps, Max Supported Rx Link speed: 2401Mbps, Frequency: 5300MHz, Net ID: -1, Metered hint: false, score: 60, isUsable: true, CarrierMerged: false, SubscriptionId: -1, IsPrimary: -1, Trusted: true, Restricted: false, Ephemeral: false, OEM paid: false, OEM private: false, OSU AP: false, FQDN: <none>, Provider friendly name: <none>, Requesting package name: <none><none>MLO Information: , Is TID-To-Link negotiation supported by the AP: false, AP MLD Address: <none>, AP MLO Link Id: <none>, AP MLO Affiliated links: <none>, Vendor Data: <none>> SignalStrength: -69 UnderlyingNetworks: Null]
11-10 15:32:22.438 32743 32743 D WM-SystemJobService: onStartJob for WorkGenerationalId(workSpecId=db46b249-c27a-4ac9-90b8-f3695a7379d1, generation=0)
11-10 15:32:22.439  1431  2167 W USF     : USF_API: Drop flicker data, cannot find sampling_id:84682!
11-10 15:32:22.439 32743 32743 D WM-WorkerWrapper: Starting work for com.whatsapp.messaging.xmpp.XmppLifecycleWorker
11-10 15:32:22.441  1884  2681 D ConnectivityService: NetReassign [38942 : null  129] [c 1] [a 4] [i 1]
11-10 15:32:22.441 32743   463 D WM-Processor: Work WorkGenerationalId(workSpecId=db46b249-c27a-4ac9-90b8-f3695a7379d1, generation=0) is already enqueued for processing
11-10 15:32:22.444 24892 24993 I AiAiTextClassifier: GenerateLinks did not find valid links, returning empty result
11-10 15:32:22.445 24892 24993 I AiAiTranslate: (REDACTED) Detection skips model result for short message. maxConfidenceLangId: %s
11-10 15:32:22.447 24892 24993 I AiAiTranslate: (REDACTED) maxConfidenceLangId: %s, detectionFromDictionary: %s
11-10 15:32:22.449 24892 24993 I AiAiPeople: (REDACTED) [%d] fragments remain to process, dispatched event [%s]
11-10 15:32:22.449 24892 24976 I AiAiTranslate: (REDACTED) onUpdateConversation, language count: %d, activityId: %s, conversation id : %s
11-10 15:32:22.449 24892 24976 I AiAiTranslate: (REDACTED) updateActivityViews() windowToken: %s
11-10 15:32:22.449  1431  2167 W USF     : USF_API: Drop flicker data, cannot find sampling_id:84682!
11-10 15:32:22.450 24892 24976 I AiAiTranslate: getSourceLanguage() TranslateUserStateLabel is null
11-10 15:32:22.450 24892 24976 I AiAiTranslate: TranslateUserStateLabel is null
11-10 15:32:22.456 24892 24976 I AiAiTranslate: (REDACTED) triggering result: %s, type: %s
11-10 15:32:22.459  1431  2167 W USF     : USF_API: Drop flicker data, cannot find sampling_id:84682!
11-10 15:32:22.469  1431  2167 W USF     : USF_API: Drop flicker data, cannot find sampling_id:84682!
11-10 15:32:22.479  1431  2167 W USF     : USF_API: Drop flicker data, cannot find sampling_id:84682!
11-10 15:32:22.488  1431  2167 W USF     : USF_API: Drop flicker data, cannot find sampling_id:84682!
11-10 15:32:22.499  1431  2167 W USF     : USF_API: Drop flicker data, cannot find sampling_id:84682!
11-10 15:32:22.508  1431  2167 W USF     : USF_API: Drop flicker data, cannot find sampling_id:84682!
11-10 15:32:22.518 25895 25895 W TooltipLifecycleManager: TooltipLifecycleManager.dismissTooltips():153 Tooltip with id spell_check_add_to_dictionary not found in tooltipManager.
11-10 15:32:22.518  1431  2167 W USF     : USF_API: Drop flicker data, cannot find sampling_id:84682!
11-10 15:32:22.528  1431  2167 W USF     : USF_API: Drop flicker data, cannot find sampling_id:84682!
11-10 15:32:22.538  1431  2167 W USF     : USF_API: Drop flicker data, cannot find sampling_id:84682!
11-10 15:32:22.548  1431  2167 W USF     : USF_API: Drop flicker data, cannot find sampling_id:84682!
11-10 15:32:22.558  1431  2167 W USF     : USF_API: Drop flicker data, cannot find sampling_id:84682!
11-10 15:32:22.568  1431  2167 W USF     : USF_API: Drop flicker data, cannot find sampling_id:84682!
11-10 15:32:22.578  1431  2167 W USF     : USF_API: Drop flicker data, cannot find sampling_id:84682!
11-10 15:32:22.588  1431  2167 W USF     : USF_API: Drop flicker data, cannot find sampling_id:84682!
11-10 15:32:22.598  1431  2167 W USF     : USF_API: Drop flicker data, cannot find sampling_id:84682!
11-10 15:32:22.608  1431  2167 W USF     : USF_API: Drop flicker data, cannot find sampling_id:84682!
11-10 15:32:22.618  1431  2167 W USF     : USF_API: Drop flicker data, cannot find sampling_id:84682!
11-10 15:32:22.628  1431  2167 W USF     : USF_API: Drop flicker data, cannot find sampling_id:84682!
11-10 15:32:22.638  1431  2167 W USF     : USF_API: Drop flicker data, cannot find sampling_id:84682!
11-10 15:32:22.648  1431  2167 W USF     : USF_API: Drop flicker data, cannot find sampling_id:84682!
11-10 15:32:22.658  1431  2167 W USF     : USF_API: Drop flicker data, cannot find sampling_id:84682!
11-10 15:32:22.668  1431  2167 W USF     : USF_API: Drop flicker data, cannot find sampling_id:84682!
11-10 15:32:22.668  1431  2167 W USF     : USF_API: Drop flicker data, cannot find sampling_id:84682!
11-10 15:32:22.678  1431  2167 W USF     : USF_API: Drop flicker data, cannot find sampling_id:84682!
11-10 15:32:22.688  1431  2167 W USF     : USF_API: Drop flicker data, cannot find sampling_id:84682!
11-10 15:32:22.689 32743 32734 W MediaPlayer: Use of stream types is deprecated for operations other than volume control
11-10 15:32:22.689 32743 32734 W MediaPlayer: See the documentation of setAudioStreamType() for what to use instead with android.media.AudioAttributes to qualify your playback use case
11-10 15:32:22.695  1622  1167 D NuPlayerDriver: NuPlayerDriver(0xb4000079082adb50) created, clientPid(32743)
11-10 15:32:22.698  1431  2167 W USF     : USF_API: Drop flicker data, cannot find sampling_id:84682!
11-10 15:32:22.699   704   704 I hwservicemanager: getTransport: Cannot find entry android.hardware.media.omx@1.0::IOmx/default in either framework or device VINTF manifest.
11-10 15:32:22.700  1622  1167 D MediaPlayerService: OMX service is not available
11-10 15:32:22.707  1622  1167 W mediaserver: AIBinder_linkToDeath is being called with a non-null cookie and no onUnlink callback set. This might not be intended. AIBinder_DeathRecipient_setOnUnlinked should be called first.
11-10 15:32:22.707  1622  1167 W mediaserver: AIBinder_linkToDeath is being called with a non-null cookie and no onUnlink callback set. This might not be intended. AIBinder_DeathRecipient_setOnUnlinked should be called first.
11-10 15:32:22.707  1622  1167 W mediaserver: AIBinder_linkToDeath is being called with a non-null cookie and no onUnlink callback set. This might not be intended. AIBinder_DeathRecipient_setOnUnlinked should be called first.
11-10 15:32:22.707  1622  1167 W mediaserver: AIBinder_linkToDeath is being called with a non-null cookie and no onUnlink callback set. This might not be intended. AIBinder_DeathRecipient_setOnUnlinked should be called first.
11-10 15:32:22.708  1431  2167 W USF     : USF_API: Drop flicker data, cannot find sampling_id:84682!
11-10 15:32:22.713  1622 32739 D GenericSource: FileSource remote
11-10 15:32:22.718  1431  2167 W USF     : USF_API: Drop flicker data, cannot find sampling_id:84682!
11-10 15:32:22.728  1431  2167 W USF     : USF_API: Drop flicker data, cannot find sampling_id:84682!
11-10 15:32:22.733  1428  4907 I ASvc::AudioExtension: getDcHandler
11-10 15:32:22.734  1428  4907 I ASvc::DcHandler: setIsAnyPlaybackActive: true
11-10 15:32:22.736  1622 32737 I GenericSource: start
11-10 15:32:22.738  1431  2167 W USF     : USF_API: Drop flicker data, cannot find sampling_id:84682!
11-10 15:32:22.748  1431  2167 W USF     : USF_API: Drop flicker data, cannot find sampling_id:84682!
11-10 15:32:22.749  1622 32755 D CCodec  : allocate(c2.android.aac.decoder)
11-10 15:32:22.751  1622 32755 I CCodec  : setting up 'default' as default (vendor) store
11-10 15:32:22.758  1431  2167 W USF     : USF_API: Drop flicker data, cannot find sampling_id:84682!
11-10 15:32:22.758  1642 17828 D AidlBufferPool: bufferpool2 0xb40000774ab61e88 : 0(0 size) total buffers - 0(0 size) used buffers - 0/0 (recycle/alloc) - 0/0 (fetch/transfer)
11-10 15:32:22.758  1642 17828 D AidlBufferPool: bufferpool2 0xb40000774ab6b978 : 0(0 size) total buffers - 0(0 size) used buffers - 11/15 (recycle/alloc) - 4/14 (fetch/transfer)
11-10 15:32:22.758  1642 17828 D AidlBufferPool: bufferpool2 0xb40000774ab6e318 : 0(0 size) total buffers - 0(0 size) used buffers - 0/0 (recycle/alloc) - 0/0 (fetch/transfer)
11-10 15:32:22.758  1642 17828 D AidlBufferPool: bufferpool2 0xb40000774ab688e8 : 0(0 size) total buffers - 0(0 size) used buffers - 0/0 (recycle/alloc) - 0/0 (fetch/transfer)
11-10 15:32:22.758  1642 17828 D AidlBufferPool: bufferpool2 0xb40000774ab75ff8 : 2(8192 size) total buffers - 2(8192 size) used buffers - 259/264 (recycle/alloc) - 5/264 (fetch/transfer)
11-10 15:32:22.758  1642 17828 D AidlBufferPool: bufferpool2 0xb40000774ab71a98 : 0(0 size) total buffers - 0(0 size) used buffers - 0/0 (recycle/alloc) - 0/0 (fetch/transfer)
11-10 15:32:22.758  1642 17828 D AidlBufferPool: bufferpool2 0xb40000774ab61c38 : 4(16384 size) total buffers - 4(16384 size) used buffers - 30/34 (recycle/alloc) - 5/34 (fetch/transfer)
11-10 15:32:22.759  1622 32755 W mediaserver: AIBinder_linkToDeath is being called with a non-null cookie and no onUnlink callback set. This might not be intended. AIBinder_DeathRecipient_setOnUnlinked should be called first.
11-10 15:32:22.759  1622 32755 I CCodec  : Created component [c2.android.aac.decoder] for [c2.android.aac.decoder]
11-10 15:32:22.759  1622 32755 D CCodecConfig: read media type: audio/mp4a-latm
11-10 15:32:22.761  1622 32755 D ReflectedParamUpdater: extent() != 1 for single value type: algo.buffers.max-count.values
11-10 15:32:22.761  1622 32755 D ReflectedParamUpdater: extent() != 1 for single value type: output.subscribed-indices.values
11-10 15:32:22.761  1622 32755 D ReflectedParamUpdater: extent() != 1 for single value type: input.buffers.allocator-ids.values
11-10 15:32:22.761  1622 32755 D ReflectedParamUpdater: extent() != 1 for single value type: output.buffers.allocator-ids.values
11-10 15:32:22.761  1622 32755 D ReflectedParamUpdater: extent() != 1 for single value type: algo.buffers.allocator-ids.values
11-10 15:32:22.761  1622 32755 D ReflectedParamUpdater: extent() != 1 for single value type: output.buffers.pool-ids.values
11-10 15:32:22.762  1622 32755 D ReflectedParamUpdater: extent() != 1 for single value type: algo.buffers.pool-ids.values
11-10 15:32:22.764  1622 32755 I CCodecConfig: query failed after returning 21 values (BAD_INDEX)
11-10 15:32:22.764  1622 32755 D CCodecConfig: c2 config diff is Dict {
11-10 15:32:22.764  1622 32755 D CCodecConfig:   c2::u32 coded.aac-packaging.value = 0
11-10 15:32:22.764  1622 32755 D CCodecConfig:   c2::u32 coded.bitrate.value = 64000
11-10 15:32:22.764  1622 32755 D CCodecConfig:   c2::u32 coded.pl.level = 0
11-10 15:32:22.764  1622 32755 D CCodecConfig:   c2::u32 coded.pl.profile = 8192
11-10 15:32:22.764  1622 32755 D CCodecConfig:   c2::i32 coding.drc.album-mode.value = 0
11-10 15:32:22.764  1622 32755 D CCodecConfig:   c2::float coding.drc.attenuation-factor.value = 1
11-10 15:32:22.764  1622 32755 D CCodecConfig:   c2::float coding.drc.boost-factor.value = 1
11-10 15:32:22.764  1622 32755 D CCodecConfig:   c2::i32 coding.drc.compression-mode.value = 3
11-10 15:32:22.764  1622 32755 D CCodecConfig:   c2::i32 coding.drc.effect-type.value = 3
11-10 15:32:22.764  1622 32755 D CCodecConfig:   c2::float coding.drc.encoded-level.value = 0.25
11-10 15:32:22.764  1622 32755 D CCodecConfig:   c2::float coding.drc.reference-level.value = -16
11-10 15:32:22.764  1622 32755 D CCodecConfig:   c2::u32 input.buffers.max-size.value = 8192
11-10 15:32:22.764  1622 32755 D CCodecConfig:   c2::u32 input.delay.value = 0
11-10 15:32:22.764  1622 32755 D CCodecConfig:   string input.media-type.value = "audio/mp4a-latm"
11-10 15:32:22.764  1622 32755 D CCodecConfig:   c2::u32 output.delay.value = 2
11-10 15:32:22.764  1622 32755 D CCodecConfig:   c2::float output.drc.output-loudness.value = 0.25
11-10 15:32:22.764  1622 32755 D CCodecConfig:   c2::u32 output.large-frame.max-size = 0
11-10 15:32:22.764  1622 32755 D CCodecConfig:   c2::u32 output.large-frame.threshold-size = 0
11-10 15:32:22.764  1622 32755 D CCodecConfig:   string output.media-type.value = "audio/raw"
11-10 15:32:22.764  1622 32755 D CCodecConfig:   c2::u32 raw.channel-count.value = 1
11-10 15:32:22.764  1622 32755 D CCodecConfig:   c2::u32 raw.channel-mask.value = 0
11-10 15:32:22.764  1622 32755 D CCodecConfig:   c2::u32 raw.max-channel-count.value = 8
11-10 15:32:22.764  1622 32755 D CCodecConfig:   c2::u32 raw.sample-rate.value = 44100
11-10 15:32:22.764  1622 32755 D CCodecConfig: }
11-10 15:32:22.765  1622 32744 I MediaCodec: media_quality service unavailable, skipping updatePictureProfile
11-10 15:32:22.766  1622 32755 D CCodec  : [c2.android.aac.decoder] buffers are bound to CCodec for this session
11-10 15:32:22.766  1622 32755 D CCodecConfig: no c2 equivalents for durationUs
11-10 15:32:22.766  1622 32755 D CCodecConfig: no c2 equivalents for track-id
11-10 15:32:22.766  1622 32755 D CCodecConfig: no c2 equivalents for language
11-10 15:32:22.766  1622 32755 D CCodecConfig: no c2 equivalents for encoder-delay
11-10 15:32:22.766  1622 32755 D CCodecConfig: no c2 equivalents for encoder-padding
11-10 15:32:22.766  1622 32755 D CCodecConfig: no c2 equivalents for flags
11-10 15:32:22.767  1622 32755 D CCodecConfig: c2 config diff is   c2::u32 coded.bitrate.value = 128000
11-10 15:32:22.768  1431  2167 W USF     : USF_API: Drop flicker data, cannot find sampling_id:84682!
11-10 15:32:22.768  1622 32755 D CCodec  : client requested max input size 225, which is smaller than what component recommended (8192); overriding with component recommendation.
11-10 15:32:22.768  1622 32755 W CCodec  : This behavior is subject to change. It is recommended that app developers double check whether the requested max input size is in reasonable range.
11-10 15:32:22.768  1622 32755 D CCodec  : encoding statistics level = 0
11-10 15:32:22.768  1622 32755 D CCodec  : setup formats input: AMessage(what = 0x00000000) = {
11-10 15:32:22.768  1622 32755 D CCodec  :   int32_t aac-drc-album-mode = 0
11-10 15:32:22.768  1622 32755 D CCodec  :   int32_t aac-drc-boost-level = 127
11-10 15:32:22.768  1622 32755 D CCodec  :   int32_t aac-drc-cut-level = 127
11-10 15:32:22.768  1622 32755 D CCodec  :   int32_t aac-drc-effect-type = 3
11-10 15:32:22.768  1622 32755 D CCodec  :   int32_t aac-encoded-target-level = -1
11-10 15:32:22.768  1622 32755 D CCodec  :   int32_t aac-max-output-channel_count = 8
11-10 15:32:22.768  1622 32755 D CCodec  :   int32_t aac-target-ref-level = 64
11-10 15:32:22.768  1622 32755 D CCodec  :   int32_t bitrate = 128000
11-10 15:32:22.768  1622 32755 D CCodec  :   int32_t channel-count = 1
11-10 15:32:22.768  1622 32755 D CCodec  :   int32_t channel-mask = 0
11-10 15:32:22.768  1622 32755 D CCodec  :   int32_t level = 0
11-10 15:32:22.768  1622 32755 D CCodec  :   int32_t max-input-size = 8192
11-10 15:32:22.768  1622 32755 D CCodec  :   int32_t max-output-channel-count = 8
11-10 15:32:22.768  1622 32755 D CCodec  :   string mime = "audio/mp4a-latm"
11-10 15:32:22.768  1622 32755 D CCodec  :   int32_t profile = 2
11-10 15:32:22.768  1622 32755 D CCodec  :   int32_t sample-rate = 44100
11-10 15:32:22.768  1622 32755 D CCodec  : }
11-10 15:32:22.768  1622 32755 D CCodec  : setup formats output: AMessage(what = 0x00000000) = {
11-10 15:32:22.768  1622 32755 D CCodec  :   int32_t aac-drc-album-mode = 0
11-10 15:32:22.768  1622 32755 D CCodec  :   int32_t aac-drc-boost-level = 127
11-10 15:32:22.768  1622 32755 D CCodec  :   int32_t aac-drc-cut-level = 127
11-10 15:32:22.768  1622 32755 D CCodec  :   int32_t aac-drc-effect-type = 3
11-10 15:32:22.768  1622 32755 D CCodec  :   int32_t aac-drc-output-loudness = -1
11-10 15:32:22.768  1622 32755 D CCodec  :   int32_t aac-encoded-target-level = -1
11-10 15:32:22.768  1622 32755 D CCodec  :   int32_t aac-max-output-channel_count = 8
11-10 15:32:22.768  1622 32755 D CCodec  :   int32_t aac-target-ref-level = 64
11-10 15:32:22.768  1622 32755 D CCodec  :   int32_t buffer-batch-max-output-size = 0
11-10 15:32:22.768  1622 32755 D CCodec  :   int32_t buffer-batch-threshold-output-size = 0
11-10 15:32:22.768  1622 32755 D CCodec  :   int32_t channel-count = 1
11-10 15:32:22.768  1622 32755 D CCodec  :   int32_t channel-mask = 0
11-10 15:32:22.768  1622 32755 D CCodec  :   int32_t max-output-channel-count = 8
11-10 15:32:22.768  1622 32755 D CCodec  :   string mime = "audio/raw"
11-10 15:32:22.768  1622 32755 D CCodec  :   int32_t sample-rate = 44100
11-10 15:32:22.768  1622 32755 D CCodec  :   int32_t encoder-delay = 2112
11-10 15:32:22.768  1622 32755 D CCodec  :   int32_t encoder-padding = 198
11-10 15:32:22.768  1622 32755 D CCodec  :   int32_t android._config-pcm-encoding = 2
11-10 15:32:22.768  1622 32755 D CCodec  : }
11-10 15:32:22.768  1622 32755 I CCodecConfig: query failed after returning 21 values (BAD_INDEX)
11-10 15:32:22.768  1622 32755 E mediaserver: Failed to query component interface for required system resources: 6
11-10 15:32:22.769  1622 32755 I MediaCodec: MediaCodec will operate in async mode
11-10 15:32:22.769  1622 32744 D MediaCodec: keep callback message for reclaim
