10-21 22:17:42.928 V/FFmpegMediaPlayer-JNI(30959): getCurrentPosition: 82491 (msec)
10-21 22:17:42.928 V/FFmpegMediaPlayer-JNI(30959): getDuration: 346000 (msec)
10-21 22:17:42.963 V/FFmpegMediaPlayer-JNI(30959): getCurrentPosition: 82491 (msec)
10-21 22:17:42.963 V/FFmpegMediaPlayer-JNI(30959): getDuration: 346000 (msec)
10-21 22:17:42.999 V/FFmpegMediaPlayer-JNI(30959): getCurrentPosition: 82631 (msec)
10-21 22:17:43.000 V/FFmpegMediaPlayer-JNI(30959): getDuration: 346000 (msec)
10-21 22:17:43.033 V/FFmpegMediaPlayer-JNI(30959): getCurrentPosition: 82631 (msec)
10-21 22:17:43.034 V/FFmpegMediaPlayer-JNI(30959): getDuration: 346000 (msec)
10-21 22:17:43.069 V/FFmpegMediaPlayer-JNI(30959): getCurrentPosition: 82631 (msec)
10-21 22:17:43.069 V/FFmpegMediaPlayer-JNI(30959): getDuration: 346000 (msec)
10-21 22:17:43.105 V/FFmpegMediaPlayer-JNI(30959): getCurrentPosition: 82631 (msec)
10-21 22:17:43.105 V/FFmpegMediaPlayer-JNI(30959): getDuration: 346000 (msec)
10-21 22:17:43.145 V/FFmpegMediaPlayer-JNI(30959): getCurrentPosition: 82770 (msec)
10-21 22:17:43.145 V/FFmpegMediaPlayer-JNI(30959): getDuration: 346000 (msec)
10-21 22:17:43.178 V/FFmpegMediaPlayer-JNI(30959): getCurrentPosition: 82770 (msec)
10-21 22:17:43.178 V/FFmpegMediaPlayer-JNI(30959): getDuration: 346000 (msec)
10-21 22:17:43.211 V/FFmpegMediaPlayer-JNI(30959): getCurrentPosition: 82770 (msec)
10-21 22:17:43.211 V/FFmpegMediaPlayer-JNI(30959): getDuration: 346000 (msec)
10-21 22:17:43.244 V/FFmpegMediaPlayer-JNI(30959): getCurrentPosition: 82770 (msec)
10-21 22:17:43.244 V/FFmpegMediaPlayer-JNI(30959): getDuration: 346000 (msec)
10-21 22:17:43.266 D/MusicViewModel(30959): sortCurrentFile: Bruce Kirkwood - Better (Mark Picchiotti Extended Nu Disco Remix).aiff with action LIKE
10-21 22:17:43.269 D/MusicViewModel(30959): File operation queued: Bruce Kirkwood - Better (Mark Picchiotti Extended Nu Disco Remix).aiff
10-21 22:17:43.271 D/AudioManager(30959): Stopping all playback before starting new file
10-21 22:17:43.271 V/FFmpegMediaPlayer-JNI(30959): isPlaying: 1
10-21 22:17:43.271 V/FFmpegMediaPlayer-JNI(30959): stop
10-21 22:17:43.281 D/AudioManager(30959): FFmpegMediaPlayer stopped
10-21 22:17:43.281 V/FFmpegMediaPlayer-JNI(30959): reset
10-21 22:17:43.281 D/AudioManager(30959): FFmpegMediaPlayer reset
10-21 22:17:43.282 D/AudioManager(30959): ExoPlayer cleared
10-21 22:17:43.282 D/AudioManager(30959): All playback stopped successfully
10-21 22:17:43.282 V/FFmpegMediaPlayer-JNI(30959): reset
10-21 22:17:43.283 D/AudioManager(30959): Preloaded player released.
10-21 22:17:43.283 D/MusicViewModel(30959): Loading AIFF file: Bruce Kirkwood - Better (Mark Picchiotti Extended Remix).aiff
10-21 22:17:43.283 D/AudioManager(30959): Attempting to play file: Bruce Kirkwood - Better (Mark Picchiotti Extended Remix).aiff
10-21 22:17:43.283 D/AudioManager(30959): File URI: content://com.android.externalstorage.documents/tree/primary%3AAndroid%2Fmedia%2Fcom.whatsapp%2FWhatsApp%2FMedia%2FWhatsApp%20Documents/document/primary%3AAndroid%2Fmedia%2Fcom.whatsapp%2FWhatsApp%2FMedia%2FWhatsApp%20Documents%2FPrivate%2FBruce%20Kirkwood%20-%20Better%20(Mark%20Picchiotti%20Extended%20Remix).aiff
10-21 22:17:43.284 D/AudioManager(30959): Stopping all playback before starting new file
10-21 22:17:43.284 V/FFmpegMediaPlayer-JNI(30959): isPlaying: 0
10-21 22:17:43.284 V/FFmpegMediaPlayer-JNI(30959): reset
10-21 22:17:43.284 D/AudioManager(30959): FFmpegMediaPlayer reset
10-21 22:17:43.284 D/AudioManager(30959): ExoPlayer cleared
10-21 22:17:43.284 D/AudioManager(30959): All playback stopped successfully
10-21 22:17:43.284 D/AudioManager(30959): AIFF file detected: Bruce Kirkwood - Better (Mark Picchiotti Extended Remix).aiff
10-21 22:17:43.284 D/AudioManager(30959): Trying FFmpegMediaPlayer for AIFF (ExoPlayer doesn't support AIFF)
10-21 22:17:43.284 D/AudioManager(30959): FFmpegMediaPlayer is available, attempting playback
10-21 22:17:43.370 D/MediaSessionService( 1795): onSessionPlaybackStateChanged: record=com.soundcloud.android/MediaService::MediaSessionTag/115 (userId=0) playbackState=PlaybackState {state=PLAYING(3), position=4561419, buffered position=0, speed=1.0, updated=91956848, actions=84786, custom actions=[Action:mName='STOP_CAST, mIcon=2131231182, mExtras=null], active item id=-1, error=null}
10-21 22:17:43.468 D/AudioManager(30959): Successfully copied URI to temp file: /data/user/0/com.example.mobiledigger/cache/aiff_temp_4648438650557838994.aiff (58.97MB in 110ms, 536.10MB/s)
10-21 22:17:43.473 D/AudioManager(30959): Cleaned up temp file during cache clear: /data/user/0/com.example.mobiledigger/cache/aiff_temp_8046654057520283941.aiff
10-21 22:17:43.473 D/AudioManager(30959): Created temp file for FFmpeg: /data/user/0/com.example.mobiledigger/cache/aiff_temp_4648438650557838994.aiff
10-21 22:17:43.473 D/AudioManager(30959): Setting FFmpegMediaPlayer data source: /data/user/0/com.example.mobiledigger/cache/aiff_temp_4648438650557838994.aiff
10-21 22:17:43.473 V/FFmpegMediaPlayer-JNI(30959): setDataSource: path /data/user/0/com.example.mobiledigger/cache/aiff_temp_4648438650557838994.aiff
10-21 22:17:43.473 D/AudioManager(30959): FFmpegMediaPlayer setDataSource successful
10-21 22:17:43.493 V/FFmpegMediaPlayer-JNI(30959): notify: 200
10-21 22:17:43.493 V/FFmpegMediaPlayer-JNI(30959): notify: 1
10-21 22:17:43.586 D/AHal::UseCase( 1346): SetActiveTracks: update primary-playback active tracks(0)
10-21 22:17:43.874 D/MediaSessionService( 1795): onSessionPlaybackStateChanged: record=com.soundcloud.android/MediaService::MediaSessionTag/115 (userId=0) playbackState=PlaybackState {state=PLAYING(3), position=4561922, buffered position=0, speed=1.0, updated=91957350, actions=84786, custom actions=[Action:mName='STOP_CAST, mIcon=2131231182, mExtras=null], active item id=-1, error=null}
10-21 22:17:44.378 D/MediaSessionService( 1795): onSessionPlaybackStateChanged: record=com.soundcloud.android/MediaService::MediaSessionTag/115 (userId=0) playbackState=PlaybackState {state=PLAYING(3), position=4562425, buffered position=0, speed=1.0, updated=91957853, actions=84786, custom actions=[Action:mName='STOP_CAST, mIcon=2131231182, mExtras=null], active item id=-1, error=null}
10-21 22:17:44.479 D/AudioManager(30959): FFmpegMediaPlayer prepare (sync) completed
10-21 22:17:44.479 V/FFmpegMediaPlayer-JNI(30959): setAudioStreamType: 3
10-21 22:17:44.480 D/AudioManager(30959): FFmpegMediaPlayer audio stream type set to STREAM_MUSIC
10-21 22:17:44.480 V/FFmpegMediaPlayer-JNI(30959): setVolume: left 1.000000  right 1.000000
10-21 22:17:44.480 D/AudioManager(30959): FFmpegMediaPlayer volume set to maximum
10-21 22:17:44.480 V/FFmpegMediaPlayer-JNI(30959): start
10-21 22:17:44.534 I/AHal::PortRouteManager( 1346): UpdateOrAddPatch: update patch 149, AudioPatch{id: 149, source: [400001/1: primary-playback], sink: [400229/300013: bluetooth-a2dp-device], min frames: 480, latencies: [140]}
10-21 22:17:44.549 D/AHal::UseCase( 1346): SetActiveTracks: update primary-playback active tracks(1)
10-21 22:17:44.559 D/AudioManager(30959): FFmpegMediaPlayer started after proper preparation
10-21 22:17:44.559 D/AudioManager(30959): FFmpegMediaPlayer playback successful for AIFF: Bruce Kirkwood - Better (Mark Picchiotti Extended Remix).aiff
10-21 22:17:44.559 D/MusicViewModel(30959): Playback started successfully for Bruce Kirkwood - Better (Mark Picchiotti Extended Remix).aiff
10-21 22:17:44.566 D/MusicViewModel(30959): MusicService started successfully.
10-21 22:17:44.570 D/MusicViewModel(30959): Preloaded next song: Bruce Kirkwood - Better (Mark Picchiotti Nu Disco Dub Extended).aiff
10-21 22:17:44.602 D/MediaSessionService( 1795): onSessionPlaybackStateChanged: record=com.example.mobiledigger/androidx.media3.session.id./127 (userId=0) playbackState=PlaybackState {state=ERROR(7), position=0, buffered position=0, speed=0.0, updated=91958079, actions=7339703, custom actions=[], active item id=0, error=Source error}
10-21 22:17:44.612 D/MediaSessionService( 1795): onSessionPlaybackStateChanged: record=com.example.mobiledigger/androidx.media3.session.id./127 (userId=0) playbackState=PlaybackState {state=ERROR(7), position=0, buffered position=0, speed=0.0, updated=91958090, actions=7339703, custom actions=[], active item id=0, error=Source error}
10-21 22:17:44.615 D/ResourceManager(30959): 	at com.example.mobiledigger.viewmodel.MusicViewModel.extractDuration(MusicViewModel.kt:1144)
10-21 22:17:44.615 D/ResourceManager(30959): 	at com.example.mobiledigger.viewmodel.MusicViewModel.access$extractDuration(MusicViewModel.kt:53)
10-21 22:17:44.615 D/ResourceManager(30959): 	at com.example.mobiledigger.viewmodel.MusicViewModel$loadCurrentFile$1.invokeSuspend(MusicViewModel.kt:1094)
10-21 22:17:44.619 V/FFmpegMediaPlayer-JNI(30959): getCurrentPosition: 301 (msec)
10-21 22:17:44.619 V/FFmpegMediaPlayer-JNI(30959): getDuration: 349000 (msec)
10-21 22:17:44.620 I/FFmpegMediaPlayer(30959): Info (802,0)
10-21 22:17:44.620 D/AudioManager(30959): FFmpegMediaPlayer info: what=802, extra=0
10-21 22:17:44.620 D/AudioManager(30959): FFmpegMediaPlayer prepared successfully
10-21 22:17:44.621 D/MediaSessionService( 1795): onSessionPlaybackStateChanged: record=com.example.mobiledigger/androidx.media3.session.id./127 (userId=0) playbackState=PlaybackState {state=BUFFERING(6), position=0, buffered position=0, speed=0.0, updated=91958099, actions=7339703, custom actions=[], active item id=0, error=null}
10-21 22:17:44.622 I/System.out(30959): ðŸŽµ File: Bruce Kirkwood - Better (Mark Picchiotti Extended Remix).aiff, Size: 59.0MB, Type: AIFF, Samples/sec: 1
10-21 22:17:44.648 D/ResourceManager(30959): 	at com.example.mobiledigger.viewmodel.MusicViewModel.extractDuration(MusicViewModel.kt:1144)
10-21 22:17:44.648 D/ResourceManager(30959): 	at com.example.mobiledigger.viewmodel.MusicViewModel.access$extractDuration(MusicViewModel.kt:53)
10-21 22:17:44.648 D/ResourceManager(30959): 	at com.example.mobiledigger.viewmodel.MusicViewModel$loadCurrentFile$1.invokeSuspend(MusicViewModel.kt:1094)
10-21 22:17:44.705 V/FFmpegMediaPlayer-JNI(30959): getCurrentPosition: 441 (msec)
10-21 22:17:44.705 V/FFmpegMediaPlayer-JNI(30959): getDuration: 349000 (msec)
10-21 22:17:44.792 V/FFmpegMediaPlayer-JNI(30959): getCurrentPosition: 441 (msec)
10-21 22:17:44.792 V/FFmpegMediaPlayer-JNI(30959): getDuration: 349000 (msec)
10-21 22:17:44.797 D/MusicViewModel(30959): Refreshed all playlists
10-21 22:17:44.800 D/MusicViewModel(30959): Loading liked files from destination folder: Results
10-21 22:17:44.825 V/FFmpegMediaPlayer-JNI(30959): getCurrentPosition: 952 (msec)
10-21 22:17:44.825 V/FFmpegMediaPlayer-JNI(30959): getDuration: 349000 (msec)
10-21 22:17:44.858 V/FFmpegMediaPlayer-JNI(30959): getCurrentPosition: 1300 (msec)
10-21 22:17:44.858 V/FFmpegMediaPlayer-JNI(30959): getDuration: 349000 (msec)
10-21 22:17:44.880 D/MediaSessionService( 1795): onSessionPlaybackStateChanged: record=com.soundcloud.android/MediaService::MediaSessionTag/115 (userId=0) playbackState=PlaybackState {state=PLAYING(3), position=4562929, buffered position=0, speed=1.0, updated=91958357, actions=84786, custom actions=[Action:mName='STOP_CAST, mIcon=2131231182, mExtras=null], active item id=-1, error=null}
10-21 22:17:44.890 D/FileManager(30959): Found AIFF file: Talking Heads, The Cube Guys - Psycho Killer (The Cube Guys Remix).aiff
10-21 22:17:44.912 V/FFmpegMediaPlayer-JNI(30959): getCurrentPosition: 1300 (msec)
10-21 22:17:44.912 V/FFmpegMediaPlayer-JNI(30959): getDuration: 349000 (msec)
10-21 22:17:44.945 V/FFmpegMediaPlayer-JNI(30959): getCurrentPosition: 1300 (msec)
10-21 22:17:44.945 V/FFmpegMediaPlayer-JNI(30959): getDuration: 349000 (msec)
10-21 22:17:44.979 V/FFmpegMediaPlayer-JNI(30959): getCurrentPosition: 1486 (msec)
10-21 22:17:44.979 V/FFmpegMediaPlayer-JNI(30959): getDuration: 349000 (msec)
10-21 22:17:45.012 V/FFmpegMediaPlayer-JNI(30959): getCurrentPosition: 1486 (msec)
10-21 22:17:45.012 V/FFmpegMediaPlayer-JNI(30959): getDuration: 349000 (msec)
10-21 22:17:45.065 V/FFmpegMediaPlayer-JNI(30959): getCurrentPosition: 1486 (msec)
10-21 22:17:45.065 V/FFmpegMediaPlayer-JNI(30959): getDuration: 349000 (msec)
10-21 22:17:45.098 V/FFmpegMediaPlayer-JNI(30959): getCurrentPosition: 1625 (msec)
10-21 22:17:45.098 V/FFmpegMediaPlayer-JNI(30959): getDuration: 349000 (msec)
10-21 22:17:45.131 V/FFmpegMediaPlayer-JNI(30959): getCurrentPosition: 1625 (msec)
10-21 22:17:45.131 V/FFmpegMediaPlayer-JNI(30959): getDuration: 349000 (msec)
10-21 22:17:45.173 V/FFmpegMediaPlayer-JNI(30959): getCurrentPosition: 1625 (msec)
10-21 22:17:45.173 V/FFmpegMediaPlayer-JNI(30959): getDuration: 349000 (msec)
10-21 22:17:45.188 D/MusicViewModel(30959): Found 89 liked files (including subfolders), 76 unique
10-21 22:17:45.190 D/MusicViewModel(30959): Updated liked files StateFlow with 76 files
10-21 22:17:45.203 D/MusicViewModel(30959): Loading rejected files from URI: content://com.android.externalstorage.documents/tree/primary%3AResults/document/primary%3AResults%2FRejected
10-21 22:17:45.234 V/FFmpegMediaPlayer-JNI(30959): getCurrentPosition: 1625 (msec)
10-21 22:17:45.234 V/FFmpegMediaPlayer-JNI(30959): getDuration: 349000 (msec)
10-21 22:17:45.274 V/FFmpegMediaPlayer-JNI(30959): getCurrentPosition: 1764 (msec)
10-21 22:17:45.274 V/FFmpegMediaPlayer-JNI(30959): getDuration: 349000 (msec)
10-21 22:17:45.307 V/FFmpegMediaPlayer-JNI(30959): getCurrentPosition: 1764 (msec)
10-21 22:17:45.307 V/FFmpegMediaPlayer-JNI(30959): getDuration: 349000 (msec)
10-21 22:17:45.340 V/FFmpegMediaPlayer-JNI(30959): getCurrentPosition: 1764 (msec)
10-21 22:17:45.340 V/FFmpegMediaPlayer-JNI(30959): getDuration: 349000 (msec)
10-21 22:17:45.379 V/FFmpegMediaPlayer-JNI(30959): getCurrentPosition: 1904 (msec)
10-21 22:17:45.379 V/FFmpegMediaPlayer-JNI(30959): getDuration: 349000 (msec)
10-21 22:17:45.382 D/MediaSessionService( 1795): onSessionPlaybackStateChanged: record=com.soundcloud.android/MediaService::MediaSessionTag/115 (userId=0) playbackState=PlaybackState {state=PLAYING(3), position=4563431, buffered position=0, speed=1.0, updated=91958859, actions=84786, custom actions=[Action:mName='STOP_CAST, mIcon=2131231182, mExtras=null], active item id=-1, error=null}
10-21 22:17:45.415 V/FFmpegMediaPlayer-JNI(30959): getCurrentPosition: 1904 (msec)
10-21 22:17:45.415 V/FFmpegMediaPlayer-JNI(30959): getDuration: 349000 (msec)
10-21 22:17:45.447 V/FFmpegMediaPlayer-JNI(30959): getCurrentPosition: 1904 (msec)
10-21 22:17:45.447 V/FFmpegMediaPlayer-JNI(30959): getDuration: 349000 (msec)
10-21 22:17:45.497 V/FFmpegMediaPlayer-JNI(30959): getCurrentPosition: 1904 (msec)
10-21 22:17:45.497 V/FFmpegMediaPlayer-JNI(30959): getDuration: 349000 (msec)
10-21 22:17:45.530 V/FFmpegMediaPlayer-JNI(30959): getCurrentPosition: 1904 (msec)
10-21 22:17:45.530 V/FFmpegMediaPlayer-JNI(30959): getDuration: 349000 (msec)
10-21 22:17:45.564 V/FFmpegMediaPlayer-JNI(30959): getCurrentPosition: 2043 (msec)
10-21 22:17:45.564 V/FFmpegMediaPlayer-JNI(30959): getDuration: 349000 (msec)
10-21 22:17:45.617 V/FFmpegMediaPlayer-JNI(30959): getCurrentPosition: 2043 (msec)
10-21 22:17:45.617 V/FFmpegMediaPlayer-JNI(30959): getDuration: 349000 (msec)
10-21 22:17:45.639 D/FileManager(30959): Found AIFF file: Akazio - Lie (Extended Mix) [Addictive Sounds].aiff
10-21 22:17:45.642 D/FileManager(30959): Found AIFF file: Phatclap - Check [Calm Coastline Records] (1).aiff
10-21 22:17:45.645 D/FileManager(30959): Found AIFF file: ZEN (SL) - Missing Line [Ferberite Recordings].aiff
10-21 22:17:45.648 D/FileManager(30959): Found AIFF file: Ramin Helvet, DRIZE - Destiny (Angeldust Mix) [Noetic Resonance].aiff
10-21 22:17:45.650 V/FFmpegMediaPlayer-JNI(30959): getCurrentPosition: 2043 (msec)
10-21 22:17:45.650 V/FFmpegMediaPlayer-JNI(30959): getDuration: 349000 (msec)
10-21 22:17:45.658 D/FileManager(30959): Found AIFF file: Baran Ozhan - Thoughts [Polarity Underground].aiff
10-21 22:17:45.662 D/FileManager(30959): Found AIFF file: Diego Galloso, Noam Garcia, Tibetania - La Simetria [Tibetania Rituals].aiff
10-21 22:17:45.665 D/FileManager(30959): Found AIFF file: Loboski, Soldat & streetflicker - BUMP (Original Mix) [Wobbles & Waffles].aiff
10-21 22:17:45.673 D/MusicViewModel(30959): Found 518 rejected files
10-21 22:17:45.679 D/MusicViewModel(30959): Updated rejected files StateFlow with 518 files
10-21 22:17:45.684 V/FFmpegMediaPlayer-JNI(30959): getCurrentPosition: 2182 (msec)
10-21 22:17:45.684 V/FFmpegMediaPlayer-JNI(30959): getDuration: 349000 (msec)
10-21 22:17:45.738 V/FFmpegMediaPlayer-JNI(30959): getCurrentPosition: 2182 (msec)
10-21 22:17:45.738 V/FFmpegMediaPlayer-JNI(30959): getDuration: 349000 (msec)
10-21 22:17:45.772 V/FFmpegMediaPlayer-JNI(30959): getCurrentPosition: 2182 (msec)
10-21 22:17:45.772 V/FFmpegMediaPlayer-JNI(30959): getDuration: 349000 (msec)
10-21 22:17:45.806 V/FFmpegMediaPlayer-JNI(30959): getCurrentPosition: 2182 (msec)
10-21 22:17:45.806 V/FFmpegMediaPlayer-JNI(30959): getDuration: 349000 (msec)
10-21 22:17:45.860 V/FFmpegMediaPlayer-JNI(30959): getCurrentPosition: 2321 (msec)
10-21 22:17:45.860 V/FFmpegMediaPlayer-JNI(30959): getDuration: 349000 (msec)
10-21 22:17:45.884 D/MediaSessionService( 1795): onSessionPlaybackStateChanged: record=com.soundcloud.android/MediaService::MediaSessionTag/115 (userId=0) playbackState=PlaybackState {state=PLAYING(3), position=4563933, buffered position=0, speed=1.0, updated=91959361, actions=84786, custom actions=[Action:mName='STOP_CAST, mIcon=2131231182, mExtras=null], active item id=-1, error=null}
10-21 22:17:45.894 V/FFmpegMediaPlayer-JNI(30959): getCurrentPosition: 2321 (msec)
10-21 22:17:45.894 V/FFmpegMediaPlayer-JNI(30959): getDuration: 349000 (msec)
10-21 22:17:45.926 V/FFmpegMediaPlayer-JNI(30959): getCurrentPosition: 2321 (msec)
10-21 22:17:45.926 V/FFmpegMediaPlayer-JNI(30959): getDuration: 349000 (msec)
10-21 22:17:45.960 V/FFmpegMediaPlayer-JNI(30959): getCurrentPosition: 2461 (msec)
10-21 22:17:45.960 V/FFmpegMediaPlayer-JNI(30959): getDuration: 349000 (msec)
10-21 22:17:46.003 V/FFmpegMediaPlayer-JNI(30959): getCurrentPosition: 2461 (msec)
10-21 22:17:46.003 V/FFmpegMediaPlayer-JNI(30959): getDuration: 349000 (msec)
10-21 22:17:46.037 V/FFmpegMediaPlayer-JNI(30959): getCurrentPosition: 2461 (msec)
10-21 22:17:46.037 V/FFmpegMediaPlayer-JNI(30959): getDuration: 349000 (msec)
10-21 22:17:46.070 V/FFmpegMediaPlayer-JNI(30959): getCurrentPosition: 2461 (msec)
10-21 22:17:46.071 V/FFmpegMediaPlayer-JNI(30959): getDuration: 349000 (msec)
10-21 22:17:46.123 V/FFmpegMediaPlayer-JNI(30959): getCurrentPosition: 2600 (msec)
10-21 22:17:46.123 V/FFmpegMediaPlayer-JNI(30959): getDuration: 349000 (msec)
10-21 22:17:46.235 V/FFmpegMediaPlayer-JNI(30959): getCurrentPosition: 2739 (msec)
10-21 22:17:46.235 V/FFmpegMediaPlayer-JNI(30959): getDuration: 349000 (msec)
10-21 22:17:46.268 V/FFmpegMediaPlayer-JNI(30959): getCurrentPosition: 2739 (msec)
10-21 22:17:46.269 V/FFmpegMediaPlayer-JNI(30959): getDuration: 349000 (msec)
10-21 22:17:46.301 V/FFmpegMediaPlayer-JNI(30959): getCurrentPosition: 2739 (msec)
10-21 22:17:46.301 V/FFmpegMediaPlayer-JNI(30959): getDuration: 349000 (msec)
10-21 22:17:46.342 V/FFmpegMediaPlayer-JNI(30959): seekTo: 86234(msec)
10-21 22:17:46.344 V/FFmpegMediaPlayer-JNI(30959): notify: 4
10-21 22:17:46.345 V/FFmpegMediaPlayer-JNI(30959): getCurrentPosition: 2739 (msec)
10-21 22:17:46.346 V/FFmpegMediaPlayer-JNI(30959): getDuration: 349000 (msec)
10-21 22:17:46.378 V/FFmpegMediaPlayer-JNI(30959): getCurrentPosition: 86373 (msec)
10-21 22:17:46.378 V/FFmpegMediaPlayer-JNI(30959): getDuration: 349000 (msec)
10-21 22:17:46.387 D/MediaSessionService( 1795): onSessionPlaybackStateChanged: record=com.soundcloud.android/MediaService::MediaSessionTag/115 (userId=0) playbackState=PlaybackState {state=PLAYING(3), position=4564435, buffered position=0, speed=1.0, updated=91959863, actions=84786, custom actions=[Action:mName='STOP_CAST, mIcon=2131231182, mExtras=null], active item id=-1, error=null}
10-21 22:17:46.412 V/FFmpegMediaPlayer-JNI(30959): getCurrentPosition: 86373 (msec)
10-21 22:17:46.412 V/FFmpegMediaPlayer-JNI(30959): getDuration: 349000 (msec)
10-21 22:17:46.460 V/FFmpegMediaPlayer-JNI(30959): getCurrentPosition: 86373 (msec)
10-21 22:17:46.461 V/FFmpegMediaPlayer-JNI(30959): getDuration: 349000 (msec)
10-21 22:17:46.493 V/FFmpegMediaPlayer-JNI(30959): getCurrentPosition: 86373 (msec)
10-21 22:17:46.493 V/FFmpegMediaPlayer-JNI(30959): getDuration: 349000 (msec)
10-21 22:17:46.526 V/FFmpegMediaPlayer-JNI(30959): getCurrentPosition: 86512 (msec)
10-21 22:17:46.526 V/FFmpegMediaPlayer-JNI(30959): getDuration: 349000 (msec)
10-21 22:17:46.560 V/FFmpegMediaPlayer-JNI(30959): getCurrentPosition: 86512 (msec)
10-21 22:17:46.560 V/FFmpegMediaPlayer-JNI(30959): getDuration: 349000 (msec)
10-21 22:17:46.593 V/FFmpegMediaPlayer-JNI(30959): getCurrentPosition: 86512 (msec)
10-21 22:17:46.593 V/FFmpegMediaPlayer-JNI(30959): getDuration: 349000 (msec)
10-21 22:17:46.627 V/FFmpegMediaPlayer-JNI(30959): getCurrentPosition: 86512 (msec)
10-21 22:17:46.627 V/FFmpegMediaPlayer-JNI(30959): getDuration: 349000 (msec)
10-21 22:17:46.661 V/FFmpegMediaPlayer-JNI(30959): getCurrentPosition: 86651 (msec)
10-21 22:17:46.661 V/FFmpegMediaPlayer-JNI(30959): getDuration: 349000 (msec)
10-21 22:17:46.694 V/FFmpegMediaPlayer-JNI(30959): getCurrentPosition: 86651 (msec)
10-21 22:17:46.694 V/FFmpegMediaPlayer-JNI(30959): getDuration: 349000 (msec)
10-21 22:17:46.727 V/FFmpegMediaPlayer-JNI(30959): getCurrentPosition: 86651 (msec)
10-21 22:17:46.727 V/FFmpegMediaPlayer-JNI(30959): getDuration: 349000 (msec)
10-21 22:17:46.760 V/FFmpegMediaPlayer-JNI(30959): getCurrentPosition: 86651 (msec)
10-21 22:17:46.760 V/FFmpegMediaPlayer-JNI(30959): getDuration: 349000 (msec)
10-21 22:17:46.793 V/FFmpegMediaPlayer-JNI(30959): getCurrentPosition: 86791 (msec)
10-21 22:17:46.793 V/FFmpegMediaPlayer-JNI(30959): getDuration: 349000 (msec)
10-21 22:17:46.827 V/FFmpegMediaPlayer-JNI(30959): getCurrentPosition: 86791 (msec)
10-21 22:17:46.827 V/FFmpegMediaPlayer-JNI(30959): getDuration: 349000 (msec)
10-21 22:17:46.860 V/FFmpegMediaPlayer-JNI(30959): getCurrentPosition: 86791 (msec)
10-21 22:17:46.860 V/FFmpegMediaPlayer-JNI(30959): getDuration: 349000 (msec)
10-21 22:17:46.893 D/MediaSessionService( 1795): onSessionPlaybackStateChanged: record=com.soundcloud.android/MediaService::MediaSessionTag/115 (userId=0) playbackState=PlaybackState {state=PLAYING(3), position=4564939, buffered position=0, speed=1.0, updated=91960368, actions=84786, custom actions=[Action:mName='STOP_CAST, mIcon=2131231182, mExtras=null], active item id=-1, error=null}
10-21 22:17:46.894 V/FFmpegMediaPlayer-JNI(30959): getCurrentPosition: 86791 (msec)
10-21 22:17:46.894 V/FFmpegMediaPlayer-JNI(30959): getDuration: 349000 (msec)
10-21 22:17:46.928 V/FFmpegMediaPlayer-JNI(30959): getCurrentPosition: 86791 (msec)
10-21 22:17:46.928 V/FFmpegMediaPlayer-JNI(30959): getDuration: 349000 (msec)
10-21 22:17:46.962 V/FFmpegMediaPlayer-JNI(30959): getCurrentPosition: 86953 (msec)
10-21 22:17:46.962 V/FFmpegMediaPlayer-JNI(30959): getDuration: 349000 (msec)
10-21 22:17:46.995 V/FFmpegMediaPlayer-JNI(30959): getCurrentPosition: 86953 (msec)
10-21 22:17:46.995 V/FFmpegMediaPlayer-JNI(30959): getDuration: 349000 (msec)
10-21 22:17:47.029 V/FFmpegMediaPlayer-JNI(30959): getCurrentPosition: 86953 (msec)
10-21 22:17:47.030 V/FFmpegMediaPlayer-JNI(30959): getDuration: 349000 (msec)
10-21 22:17:47.064 V/FFmpegMediaPlayer-JNI(30959): getCurrentPosition: 86953 (msec)
10-21 22:17:47.064 V/FFmpegMediaPlayer-JNI(30959): getDuration: 349000 (msec)
10-21 22:17:47.098 V/FFmpegMediaPlayer-JNI(30959): getCurrentPosition: 87069 (msec)
10-21 22:17:47.098 V/FFmpegMediaPlayer-JNI(30959): getDuration: 349000 (msec)
10-21 22:17:47.132 V/FFmpegMediaPlayer-JNI(30959): getCurrentPosition: 87069 (msec)
10-21 22:17:47.132 V/FFmpegMediaPlayer-JNI(30959): getDuration: 349000 (msec)
10-21 22:17:47.166 V/FFmpegMediaPlayer-JNI(30959): getCurrentPosition: 87069 (msec)
10-21 22:17:47.166 V/FFmpegMediaPlayer-JNI(30959): getDuration: 349000 (msec)
10-21 22:17:47.199 V/FFmpegMediaPlayer-JNI(30959): getCurrentPosition: 87069 (msec)
10-21 22:17:47.199 V/FFmpegMediaPlayer-JNI(30959): getDuration: 349000 (msec)
10-21 22:17:47.233 V/FFmpegMediaPlayer-JNI(30959): getCurrentPosition: 87232 (msec)
10-21 22:17:47.233 V/FFmpegMediaPlayer-JNI(30959): getDuration: 349000 (msec)
10-21 22:17:47.267 V/FFmpegMediaPlayer-JNI(30959): getCurrentPosition: 87232 (msec)
10-21 22:17:47.267 V/FFmpegMediaPlayer-JNI(30959): getDuration: 349000 (msec)
10-21 22:17:47.300 V/FFmpegMediaPlayer-JNI(30959): getCurrentPosition: 87232 (msec)
10-21 22:17:47.301 V/FFmpegMediaPlayer-JNI(30959): getDuration: 349000 (msec)
10-21 22:17:47.333 V/FFmpegMediaPlayer-JNI(30959): getCurrentPosition: 87232 (msec)
10-21 22:17:47.334 V/FFmpegMediaPlayer-JNI(30959): getDuration: 349000 (msec)
10-21 22:17:47.366 V/FFmpegMediaPlayer-JNI(30959): getCurrentPosition: 87348 (msec)
10-21 22:17:47.366 V/FFmpegMediaPlayer-JNI(30959): getDuration: 349000 (msec)
10-21 22:17:47.397 D/MediaSessionService( 1795): onSessionPlaybackStateChanged: record=com.soundcloud.android/MediaService::MediaSessionTag/115 (userId=0) playbackState=PlaybackState {state=PLAYING(3), position=4565445, buffered position=0, speed=1.0, updated=91960873, actions=84786, custom actions=[Action:mName='STOP_CAST, mIcon=2131231182, mExtras=null], active item id=-1, error=null}
10-21 22:17:47.400 V/FFmpegMediaPlayer-JNI(30959): getCurrentPosition: 87348 (msec)
10-21 22:17:47.400 V/FFmpegMediaPlayer-JNI(30959): getDuration: 349000 (msec)
10-21 22:17:47.434 V/FFmpegMediaPlayer-JNI(30959): getCurrentPosition: 87348 (msec)
10-21 22:17:47.434 V/FFmpegMediaPlayer-JNI(30959): getDuration: 349000 (msec)
10-21 22:17:47.467 V/FFmpegMediaPlayer-JNI(30959): getCurrentPosition: 87348 (msec)
10-21 22:17:47.467 V/FFmpegMediaPlayer-JNI(30959): getDuration: 349000 (msec)
10-21 22:17:47.500 V/FFmpegMediaPlayer-JNI(30959): getCurrentPosition: 87371 (msec)
10-21 22:17:47.500 V/FFmpegMediaPlayer-JNI(30959): getDuration: 349000 (msec)
10-21 22:17:47.534 V/FFmpegMediaPlayer-JNI(30959): getCurrentPosition: 87511 (msec)
10-21 22:17:47.534 V/FFmpegMediaPlayer-JNI(30959): getDuration: 349000 (msec)
10-21 22:17:47.567 V/FFmpegMediaPlayer-JNI(30959): getCurrentPosition: 87511 (msec)
10-21 22:17:47.567 V/FFmpegMediaPlayer-JNI(30959): getDuration: 349000 (msec)
10-21 22:17:47.601 V/FFmpegMediaPlayer-JNI(30959): getCurrentPosition: 87511 (msec)
10-21 22:17:47.601 V/FFmpegMediaPlayer-JNI(30959): getDuration: 349000 (msec)
10-21 22:17:47.634 V/FFmpegMediaPlayer-JNI(30959): getCurrentPosition: 87511 (msec)
10-21 22:17:47.634 V/FFmpegMediaPlayer-JNI(30959): getDuration: 349000 (msec)
10-21 22:17:47.663 D/MediaSessionService( 1795): onSessionPlaybackStateChanged: record=com.example.mobiledigger/androidx.media3.session.id./127 (userId=0) playbackState=PlaybackState {state=BUFFERING(6), position=0, buffered position=0, speed=0.0, updated=91961140, actions=7339703, custom actions=[], active item id=0, error=null}
10-21 22:17:47.667 V/FFmpegMediaPlayer-JNI(30959): getCurrentPosition: 87627 (msec)
10-21 22:17:47.667 V/FFmpegMediaPlayer-JNI(30959): getDuration: 349000 (msec)
10-21 22:17:47.676 D/MediaSessionService( 1795): onSessionPlaybackStateChanged: record=com.example.mobiledigger/androidx.media3.session.id./127 (userId=0) playbackState=PlaybackState {state=ERROR(7), position=0, buffered position=0, speed=0.0, updated=91961153, actions=7339703, custom actions=[], active item id=0, error=Source error}
10-21 22:17:47.686 D/MediaSessionService( 1795): onSessionPlaybackStateChanged: record=com.example.mobiledigger/androidx.media3.session.id./127 (userId=0) playbackState=PlaybackState {state=ERROR(7), position=0, buffered position=0, speed=0.0, updated=91961164, actions=7339703, custom actions=[], active item id=0, error=Source error}
10-21 22:17:47.700 V/FFmpegMediaPlayer-JNI(30959): getCurrentPosition: 87627 (msec)
10-21 22:17:47.700 V/FFmpegMediaPlayer-JNI(30959): getDuration: 349000 (msec)
10-21 22:17:47.734 V/FFmpegMediaPlayer-JNI(30959): getCurrentPosition: 87627 (msec)
10-21 22:17:47.734 V/FFmpegMediaPlayer-JNI(30959): getDuration: 349000 (msec)
10-21 22:17:47.767 V/FFmpegMediaPlayer-JNI(30959): getCurrentPosition: 87627 (msec)
10-21 22:17:47.767 V/FFmpegMediaPlayer-JNI(30959): getDuration: 349000 (msec)
10-21 22:17:47.800 V/FFmpegMediaPlayer-JNI(30959): getCurrentPosition: 87789 (msec)
10-21 22:17:47.800 V/FFmpegMediaPlayer-JNI(30959): getDuration: 349000 (msec)
10-21 22:17:47.834 V/FFmpegMediaPlayer-JNI(30959): getCurrentPosition: 87789 (msec)
10-21 22:17:47.834 V/FFmpegMediaPlayer-JNI(30959): getDuration: 349000 (msec)
10-21 22:17:47.866 V/FFmpegMediaPlayer-JNI(30959): getCurrentPosition: 87789 (msec)
10-21 22:17:47.867 V/FFmpegMediaPlayer-JNI(30959): getDuration: 349000 (msec)
10-21 22:17:47.900 D/MediaSessionService( 1795): onSessionPlaybackStateChanged: record=com.soundcloud.android/MediaService::MediaSessionTag/115 (userId=0) playbackState=PlaybackState {state=PLAYING(3), position=4565948, buffered position=0, speed=1.0, updated=91961376, actions=84786, custom actions=[Action:mName='STOP_CAST, mIcon=2131231182, mExtras=null], active item id=-1, error=null}
10-21 22:17:47.900 V/FFmpegMediaPlayer-JNI(30959): getCurrentPosition: 87789 (msec)
10-21 22:17:47.900 V/FFmpegMediaPlayer-JNI(30959): getDuration: 349000 (msec)
10-21 22:17:47.933 V/FFmpegMediaPlayer-JNI(30959): getCurrentPosition: 87905 (msec)
10-21 22:17:47.933 V/FFmpegMediaPlayer-JNI(30959): getDuration: 349000 (msec)
10-21 22:17:47.967 V/FFmpegMediaPlayer-JNI(30959): getCurrentPosition: 87905 (msec)
10-21 22:17:47.967 V/FFmpegMediaPlayer-JNI(30959): getDuration: 349000 (msec)
10-21 22:17:48.001 V/FFmpegMediaPlayer-JNI(30959): getCurrentPosition: 87905 (msec)
10-21 22:17:48.001 V/FFmpegMediaPlayer-JNI(30959): getDuration: 349000 (msec)
10-21 22:17:48.034 V/FFmpegMediaPlayer-JNI(30959): getCurrentPosition: 87905 (msec)
10-21 22:17:48.034 V/FFmpegMediaPlayer-JNI(30959): getDuration: 349000 (msec)
10-21 22:17:48.068 V/FFmpegMediaPlayer-JNI(30959): getCurrentPosition: 88068 (msec)
10-21 22:17:48.068 V/FFmpegMediaPlayer-JNI(30959): getDuration: 349000 (msec)
10-21 22:17:48.100 V/FFmpegMediaPlayer-JNI(30959): getCurrentPosition: 88068 (msec)
10-21 22:17:48.100 V/FFmpegMediaPlayer-JNI(30959): getDuration: 349000 (msec)
10-21 22:17:48.133 V/FFmpegMediaPlayer-JNI(30959): getCurrentPosition: 88068 (msec)
10-21 22:17:48.134 V/FFmpegMediaPlayer-JNI(30959): getDuration: 349000 (msec)
10-21 22:17:48.166 V/FFmpegMediaPlayer-JNI(30959): getCurrentPosition: 88068 (msec)
10-21 22:17:48.166 V/FFmpegMediaPlayer-JNI(30959): getDuration: 349000 (msec)
10-21 22:17:48.200 V/FFmpegMediaPlayer-JNI(30959): getCurrentPosition: 88184 (msec)
10-21 22:17:48.200 V/FFmpegMediaPlayer-JNI(30959): getDuration: 349000 (msec)
10-21 22:17:48.234 V/FFmpegMediaPlayer-JNI(30959): getCurrentPosition: 88184 (msec)
10-21 22:17:48.234 V/FFmpegMediaPlayer-JNI(30959): getDuration: 349000 (msec)
10-21 22:17:48.266 V/FFmpegMediaPlayer-JNI(30959): getCurrentPosition: 88184 (msec)
10-21 22:17:48.266 V/FFmpegMediaPlayer-JNI(30959): getDuration: 349000 (msec)
10-21 22:17:48.300 V/FFmpegMediaPlayer-JNI(30959): getCurrentPosition: 88184 (msec)
10-21 22:17:48.300 V/FFmpegMediaPlayer-JNI(30959): getDuration: 349000 (msec)
10-21 22:17:48.332 V/FFmpegMediaPlayer-JNI(30959): getCurrentPosition: 88184 (msec)
10-21 22:17:48.332 V/FFmpegMediaPlayer-JNI(30959): getDuration: 349000 (msec)
10-21 22:17:48.366 V/FFmpegMediaPlayer-JNI(30959): getCurrentPosition: 88347 (msec)
10-21 22:17:48.366 V/FFmpegMediaPlayer-JNI(30959): getDuration: 349000 (msec)
10-21 22:17:48.399 V/FFmpegMediaPlayer-JNI(30959): getCurrentPosition: 88347 (msec)
10-21 22:17:48.399 V/FFmpegMediaPlayer-JNI(30959): getDuration: 349000 (msec)
10-21 22:17:48.404 D/MediaSessionService( 1795): onSessionPlaybackStateChanged: record=com.soundcloud.android/MediaService::MediaSessionTag/115 (userId=0) playbackState=PlaybackState {state=PLAYING(3), position=4566452, buffered position=0, speed=1.0, updated=91961880, actions=84786, custom actions=[Action:mName='STOP_CAST, mIcon=2131231182, mExtras=null], active item id=-1, error=null}
10-21 22:17:48.434 V/FFmpegMediaPlayer-JNI(30959): getCurrentPosition: 88347 (msec)
10-21 22:17:48.435 V/FFmpegMediaPlayer-JNI(30959): getDuration: 349000 (msec)
10-21 22:17:48.467 V/FFmpegMediaPlayer-JNI(30959): getCurrentPosition: 88347 (msec)
10-21 22:17:48.467 V/FFmpegMediaPlayer-JNI(30959): getDuration: 349000 (msec)
10-21 22:17:48.501 V/FFmpegMediaPlayer-JNI(30959): getCurrentPosition: 88463 (msec)
10-21 22:17:48.501 V/FFmpegMediaPlayer-JNI(30959): getDuration: 349000 (msec)
10-21 22:17:48.534 V/FFmpegMediaPlayer-JNI(30959): getCurrentPosition: 88463 (msec)
10-21 22:17:48.534 V/FFmpegMediaPlayer-JNI(30959): getDuration: 349000 (msec)
10-21 22:17:48.567 V/FFmpegMediaPlayer-JNI(30959): getCurrentPosition: 88463 (msec)
10-21 22:17:48.567 V/FFmpegMediaPlayer-JNI(30959): getDuration: 349000 (msec)
10-21 22:17:48.600 V/FFmpegMediaPlayer-JNI(30959): getCurrentPosition: 88463 (msec)
10-21 22:17:48.600 V/FFmpegMediaPlayer-JNI(30959): getDuration: 349000 (msec)
10-21 22:17:48.633 V/FFmpegMediaPlayer-JNI(30959): getCurrentPosition: 88625 (msec)
10-21 22:17:48.634 V/FFmpegMediaPlayer-JNI(30959): getDuration: 349000 (msec)
10-21 22:17:48.666 V/FFmpegMediaPlayer-JNI(30959): getCurrentPosition: 88625 (msec)
10-21 22:17:48.666 V/FFmpegMediaPlayer-JNI(30959): getDuration: 349000 (msec)
10-21 22:17:48.700 V/FFmpegMediaPlayer-JNI(30959): getCurrentPosition: 88625 (msec)
10-21 22:17:48.700 V/FFmpegMediaPlayer-JNI(30959): getDuration: 349000 (msec)
10-21 22:17:48.734 V/FFmpegMediaPlayer-JNI(30959): getCurrentPosition: 88625 (msec)
10-21 22:17:48.734 V/FFmpegMediaPlayer-JNI(30959): getDuration: 349000 (msec)
10-21 22:17:48.767 V/FFmpegMediaPlayer-JNI(30959): getCurrentPosition: 88764 (msec)
10-21 22:17:48.767 V/FFmpegMediaPlayer-JNI(30959): getDuration: 349000 (msec)
10-21 22:17:48.800 V/FFmpegMediaPlayer-JNI(30959): getCurrentPosition: 88764 (msec)
10-21 22:17:48.800 V/FFmpegMediaPlayer-JNI(30959): getDuration: 349000 (msec)
10-21 22:17:48.833 V/FFmpegMediaPlayer-JNI(30959): getCurrentPosition: 88764 (msec)
10-21 22:17:48.833 V/FFmpegMediaPlayer-JNI(30959): getDuration: 349000 (msec)
10-21 22:17:48.867 V/FFmpegMediaPlayer-JNI(30959): getCurrentPosition: 88764 (msec)
10-21 22:17:48.867 V/FFmpegMediaPlayer-JNI(30959): getDuration: 349000 (msec)
10-21 22:17:48.899 V/FFmpegMediaPlayer-JNI(30959): getCurrentPosition: 88764 (msec)
10-21 22:17:48.899 V/FFmpegMediaPlayer-JNI(30959): getDuration: 349000 (msec)
10-21 22:17:48.908 D/MediaSessionService( 1795): onSessionPlaybackStateChanged: record=com.soundcloud.android/MediaService::MediaSessionTag/115 (userId=0) playbackState=PlaybackState {state=PLAYING(3), position=4566956, buffered position=0, speed=1.0, updated=91962384, actions=84786, custom actions=[Action:mName='STOP_CAST, mIcon=2131231182, mExtras=null], active item id=-1, error=null}
10-21 22:17:48.933 V/FFmpegMediaPlayer-JNI(30959): getCurrentPosition: 88904 (msec)
10-21 22:17:48.933 V/FFmpegMediaPlayer-JNI(30959): getDuration: 349000 (msec)
10-21 22:17:48.966 V/FFmpegMediaPlayer-JNI(30959): getCurrentPosition: 88904 (msec)
10-21 22:17:48.966 V/FFmpegMediaPlayer-JNI(30959): getDuration: 349000 (msec)
10-21 22:17:48.999 V/FFmpegMediaPlayer-JNI(30959): getCurrentPosition: 88904 (msec)
10-21 22:17:49.000 V/FFmpegMediaPlayer-JNI(30959): getDuration: 349000 (msec)
10-21 22:17:49.033 V/FFmpegMediaPlayer-JNI(30959): getCurrentPosition: 88904 (msec)
10-21 22:17:49.033 V/FFmpegMediaPlayer-JNI(30959): getDuration: 349000 (msec)
10-21 22:17:49.066 V/FFmpegMediaPlayer-JNI(30959): getCurrentPosition: 89043 (msec)
10-21 22:17:49.066 V/FFmpegMediaPlayer-JNI(30959): getDuration: 349000 (msec)
10-21 22:17:49.099 V/FFmpegMediaPlayer-JNI(30959): getCurrentPosition: 89043 (msec)
10-21 22:17:49.099 V/FFmpegMediaPlayer-JNI(30959): getDuration: 349000 (msec)
10-21 22:17:49.133 V/FFmpegMediaPlayer-JNI(30959): getCurrentPosition: 89043 (msec)
10-21 22:17:49.133 V/FFmpegMediaPlayer-JNI(30959): getDuration: 349000 (msec)
10-21 22:17:49.168 V/FFmpegMediaPlayer-JNI(30959): getCurrentPosition: 89043 (msec)
10-21 22:17:49.168 V/FFmpegMediaPlayer-JNI(30959): getDuration: 349000 (msec)
10-21 22:17:49.203 V/FFmpegMediaPlayer-JNI(30959): getCurrentPosition: 89182 (msec)
10-21 22:17:49.203 V/FFmpegMediaPlayer-JNI(30959): getDuration: 349000 (msec)
10-21 22:17:49.238 V/FFmpegMediaPlayer-JNI(30959): getCurrentPosition: 89182 (msec)
10-21 22:17:49.238 V/FFmpegMediaPlayer-JNI(30959): getDuration: 349000 (msec)
10-21 22:17:49.274 V/FFmpegMediaPlayer-JNI(30959): getCurrentPosition: 89182 (msec)
10-21 22:17:49.275 V/FFmpegMediaPlayer-JNI(30959): getDuration: 349000 (msec)
10-21 22:17:49.310 V/FFmpegMediaPlayer-JNI(30959): getCurrentPosition: 89182 (msec)
10-21 22:17:49.310 V/FFmpegMediaPlayer-JNI(30959): getDuration: 349000 (msec)
10-21 22:17:49.345 V/FFmpegMediaPlayer-JNI(30959): getCurrentPosition: 89322 (msec)
10-21 22:17:49.346 V/FFmpegMediaPlayer-JNI(30959): getDuration: 349000 (msec)
10-21 22:17:49.378 V/FFmpegMediaPlayer-JNI(30959): getCurrentPosition: 89322 (msec)
10-21 22:17:49.378 V/FFmpegMediaPlayer-JNI(30959): getDuration: 349000 (msec)
10-21 22:17:49.412 D/MediaSessionService( 1795): onSessionPlaybackStateChanged: record=com.soundcloud.android/MediaService::MediaSessionTag/115 (userId=0) playbackState=PlaybackState {state=PLAYING(3), position=4567460, buffered position=0, speed=1.0, updated=91962888, actions=84786, custom actions=[Action:mName='STOP_CAST, mIcon=2131231182, mExtras=null], active item id=-1, error=null}
10-21 22:17:49.413 V/FFmpegMediaPlayer-JNI(30959): getCurrentPosition: 89322 (msec)
10-21 22:17:49.413 V/FFmpegMediaPlayer-JNI(30959): getDuration: 349000 (msec)
10-21 22:17:49.449 V/FFmpegMediaPlayer-JNI(30959): getCurrentPosition: 89322 (msec)
10-21 22:17:49.449 V/FFmpegMediaPlayer-JNI(30959): getDuration: 349000 (msec)
10-21 22:17:49.484 V/FFmpegMediaPlayer-JNI(30959): getCurrentPosition: 89484 (msec)
10-21 22:17:49.485 V/FFmpegMediaPlayer-JNI(30959): getDuration: 349000 (msec)
10-21 22:17:49.518 V/FFmpegMediaPlayer-JNI(30959): getCurrentPosition: 89484 (msec)
10-21 22:17:49.518 V/FFmpegMediaPlayer-JNI(30959): getDuration: 349000 (msec)
10-21 22:17:49.553 V/FFmpegMediaPlayer-JNI(30959): getCurrentPosition: 89484 (msec)
10-21 22:17:49.553 V/FFmpegMediaPlayer-JNI(30959): getDuration: 349000 (msec)
10-21 22:17:49.589 V/FFmpegMediaPlayer-JNI(30959): getCurrentPosition: 89484 (msec)
10-21 22:17:49.589 V/FFmpegMediaPlayer-JNI(30959): getDuration: 349000 (msec)
10-21 22:17:49.623 V/FFmpegMediaPlayer-JNI(30959): getCurrentPosition: 89624 (msec)
10-21 22:17:49.623 V/FFmpegMediaPlayer-JNI(30959): getDuration: 349000 (msec)
10-21 22:17:49.657 V/FFmpegMediaPlayer-JNI(30959): getCurrentPosition: 89624 (msec)
10-21 22:17:49.657 V/FFmpegMediaPlayer-JNI(30959): getDuration: 349000 (msec)
10-21 22:17:49.692 V/FFmpegMediaPlayer-JNI(30959): getCurrentPosition: 89624 (msec)
10-21 22:17:49.692 V/FFmpegMediaPlayer-JNI(30959): getDuration: 349000 (msec)
10-21 22:17:49.729 V/FFmpegMediaPlayer-JNI(30959): getCurrentPosition: 89624 (msec)
10-21 22:17:49.729 V/FFmpegMediaPlayer-JNI(30959): getDuration: 349000 (msec)
10-21 22:17:49.764 V/FFmpegMediaPlayer-JNI(30959): getCurrentPosition: 89763 (msec)
10-21 22:17:49.764 V/FFmpegMediaPlayer-JNI(30959): getDuration: 349000 (msec)
10-21 22:17:49.797 V/FFmpegMediaPlayer-JNI(30959): getCurrentPosition: 89763 (msec)
10-21 22:17:49.797 V/FFmpegMediaPlayer-JNI(30959): getDuration: 349000 (msec)
10-21 22:17:49.833 V/FFmpegMediaPlayer-JNI(30959): getCurrentPosition: 89763 (msec)
10-21 22:17:49.833 V/FFmpegMediaPlayer-JNI(30959): getDuration: 349000 (msec)
10-21 22:17:49.867 V/FFmpegMediaPlayer-JNI(30959): getCurrentPosition: 89763 (msec)
10-21 22:17:49.867 V/FFmpegMediaPlayer-JNI(30959): getDuration: 349000 (msec)
10-21 22:17:49.902 V/FFmpegMediaPlayer-JNI(30959): getCurrentPosition: 89902 (msec)
10-21 22:17:49.902 V/FFmpegMediaPlayer-JNI(30959): getDuration: 349000 (msec)
10-21 22:17:49.914 D/MediaSessionService( 1795): onSessionPlaybackStateChanged: record=com.soundcloud.android/MediaService::MediaSessionTag/115 (userId=0) playbackState=PlaybackState {state=PLAYING(3), position=4567963, buffered position=0, speed=1.0, updated=91963391, actions=84786, custom actions=[Action:mName='STOP_CAST, mIcon=2131231182, mExtras=null], active item id=-1, error=null}
10-21 22:17:49.937 V/FFmpegMediaPlayer-JNI(30959): getCurrentPosition: 89902 (msec)
10-21 22:17:49.937 V/FFmpegMediaPlayer-JNI(30959): getDuration: 349000 (msec)
10-21 22:17:49.973 V/FFmpegMediaPlayer-JNI(30959): getCurrentPosition: 89902 (msec)
10-21 22:17:49.973 V/FFmpegMediaPlayer-JNI(30959): getDuration: 349000 (msec)
10-21 22:17:50.009 V/FFmpegMediaPlayer-JNI(30959): getCurrentPosition: 89902 (msec)
10-21 22:17:50.009 V/FFmpegMediaPlayer-JNI(30959): getDuration: 349000 (msec)
10-21 22:17:50.045 V/FFmpegMediaPlayer-JNI(30959): getCurrentPosition: 90042 (msec)
10-21 22:17:50.045 V/FFmpegMediaPlayer-JNI(30959): getDuration: 349000 (msec)
10-21 22:17:50.080 V/FFmpegMediaPlayer-JNI(30959): getCurrentPosition: 90042 (msec)
10-21 22:17:50.080 V/FFmpegMediaPlayer-JNI(30959): getDuration: 349000 (msec)
10-21 22:17:50.116 V/FFmpegMediaPlayer-JNI(30959): getCurrentPosition: 90042 (msec)
10-21 22:17:50.116 V/FFmpegMediaPlayer-JNI(30959): getDuration: 349000 (msec)
10-21 22:17:50.151 V/FFmpegMediaPlayer-JNI(30959): getCurrentPosition: 90042 (msec)
10-21 22:17:50.151 V/FFmpegMediaPlayer-JNI(30959): getDuration: 349000 (msec)
10-21 22:17:50.187 V/FFmpegMediaPlayer-JNI(30959): getCurrentPosition: 90181 (msec)
10-21 22:17:50.187 V/FFmpegMediaPlayer-JNI(30959): getDuration: 349000 (msec)
10-21 22:17:50.223 V/FFmpegMediaPlayer-JNI(30959): getCurrentPosition: 90181 (msec)
10-21 22:17:50.223 V/FFmpegMediaPlayer-JNI(30959): getDuration: 349000 (msec)
10-21 22:17:50.258 V/FFmpegMediaPlayer-JNI(30959): getCurrentPosition: 90181 (msec)
10-21 22:17:50.258 V/FFmpegMediaPlayer-JNI(30959): getDuration: 349000 (msec)
10-21 22:17:50.294 V/FFmpegMediaPlayer-JNI(30959): getCurrentPosition: 90181 (msec)
10-21 22:17:50.294 V/FFmpegMediaPlayer-JNI(30959): getDuration: 349000 (msec)
10-21 22:17:50.330 V/FFmpegMediaPlayer-JNI(30959): getCurrentPosition: 90320 (msec)
10-21 22:17:50.330 V/FFmpegMediaPlayer-JNI(30959): getDuration: 349000 (msec)
10-21 22:17:50.364 V/FFmpegMediaPlayer-JNI(30959): getCurrentPosition: 90320 (msec)
10-21 22:17:50.364 V/FFmpegMediaPlayer-JNI(30959): getDuration: 349000 (msec)
10-21 22:17:50.399 V/FFmpegMediaPlayer-JNI(30959): getCurrentPosition: 90320 (msec)
10-21 22:17:50.400 V/FFmpegMediaPlayer-JNI(30959): getDuration: 349000 (msec)
10-21 22:17:50.417 D/MediaSessionService( 1795): onSessionPlaybackStateChanged: record=com.soundcloud.android/MediaService::MediaSessionTag/115 (userId=0) playbackState=PlaybackState {state=PLAYING(3), position=4568465, buffered position=0, speed=1.0, updated=91963893, actions=84786, custom actions=[Action:mName='STOP_CAST, mIcon=2131231182, mExtras=null], active item id=-1, error=null}
10-21 22:17:50.435 V/FFmpegMediaPlayer-JNI(30959): getCurrentPosition: 90320 (msec)
10-21 22:17:50.435 V/FFmpegMediaPlayer-JNI(30959): getDuration: 349000 (msec)
10-21 22:17:50.470 V/FFmpegMediaPlayer-JNI(30959): getCurrentPosition: 90460 (msec)
10-21 22:17:50.471 V/FFmpegMediaPlayer-JNI(30959): getDuration: 349000 (msec)
10-21 22:17:50.504 V/FFmpegMediaPlayer-JNI(30959): getCurrentPosition: 90460 (msec)
10-21 22:17:50.504 V/FFmpegMediaPlayer-JNI(30959): getDuration: 349000 (msec)
10-21 22:17:50.539 V/FFmpegMediaPlayer-JNI(30959): getCurrentPosition: 90460 (msec)
10-21 22:17:50.540 V/FFmpegMediaPlayer-JNI(30959): getDuration: 349000 (msec)
10-21 22:17:50.575 V/FFmpegMediaPlayer-JNI(30959): getCurrentPosition: 90460 (msec)
10-21 22:17:50.575 V/FFmpegMediaPlayer-JNI(30959): getDuration: 349000 (msec)
10-21 22:17:50.611 V/FFmpegMediaPlayer-JNI(30959): getCurrentPosition: 90599 (msec)
10-21 22:17:50.611 V/FFmpegMediaPlayer-JNI(30959): getDuration: 349000 (msec)
10-21 22:17:50.645 V/FFmpegMediaPlayer-JNI(30959): getCurrentPosition: 90599 (msec)
10-21 22:17:50.645 V/FFmpegMediaPlayer-JNI(30959): getDuration: 349000 (msec)
10-21 22:17:50.678 V/FFmpegMediaPlayer-JNI(30959): getCurrentPosition: 90599 (msec)
10-21 22:17:50.678 V/FFmpegMediaPlayer-JNI(30959): getDuration: 349000 (msec)
10-21 22:17:50.714 V/FFmpegMediaPlayer-JNI(30959): getCurrentPosition: 90599 (msec)
10-21 22:17:50.714 V/FFmpegMediaPlayer-JNI(30959): getDuration: 349000 (msec)
10-21 22:17:50.750 V/FFmpegMediaPlayer-JNI(30959): getCurrentPosition: 90738 (msec)
10-21 22:17:50.751 V/FFmpegMediaPlayer-JNI(30959): getDuration: 349000 (msec)
10-21 22:17:50.785 V/FFmpegMediaPlayer-JNI(30959): getCurrentPosition: 90738 (msec)
10-21 22:17:50.785 V/FFmpegMediaPlayer-JNI(30959): getDuration: 349000 (msec)
10-21 22:17:50.820 V/FFmpegMediaPlayer-JNI(30959): getCurrentPosition: 90738 (msec)
10-21 22:17:50.820 V/FFmpegMediaPlayer-JNI(30959): getDuration: 349000 (msec)
10-21 22:17:50.857 V/FFmpegMediaPlayer-JNI(30959): getCurrentPosition: 90738 (msec)
10-21 22:17:50.857 V/FFmpegMediaPlayer-JNI(30959): getDuration: 349000 (msec)
10-21 22:17:50.893 V/FFmpegMediaPlayer-JNI(30959): getCurrentPosition: 90877 (msec)
10-21 22:17:50.893 V/FFmpegMediaPlayer-JNI(30959): getDuration: 349000 (msec)
10-21 22:17:50.918 D/MediaSessionService( 1795): onSessionPlaybackStateChanged: record=com.soundcloud.android/MediaService::MediaSessionTag/115 (userId=0) playbackState=PlaybackState {state=PLAYING(3), position=4568967, buffered position=0, speed=1.0, updated=91964396, actions=84786, custom actions=[Action:mName='STOP_CAST, mIcon=2131231182, mExtras=null], active item id=-1, error=null}
10-21 22:17:50.928 V/FFmpegMediaPlayer-JNI(30959): getCurrentPosition: 90877 (msec)
10-21 22:17:50.928 V/FFmpegMediaPlayer-JNI(30959): getDuration: 349000 (msec)
10-21 22:17:50.963 V/FFmpegMediaPlayer-JNI(30959): getCurrentPosition: 90877 (msec)
10-21 22:17:50.963 V/FFmpegMediaPlayer-JNI(30959): getDuration: 349000 (msec)
10-21 22:17:50.999 V/FFmpegMediaPlayer-JNI(30959): getCurrentPosition: 90877 (msec)
10-21 22:17:50.999 V/FFmpegMediaPlayer-JNI(30959): getDuration: 349000 (msec)
10-21 22:17:51.033 V/FFmpegMediaPlayer-JNI(30959): getCurrentPosition: 91017 (msec)
10-21 22:17:51.033 V/FFmpegMediaPlayer-JNI(30959): getDuration: 349000 (msec)
10-21 22:17:51.067 V/FFmpegMediaPlayer-JNI(30959): getCurrentPosition: 91017 (msec)
10-21 22:17:51.067 V/FFmpegMediaPlayer-JNI(30959): getDuration: 349000 (msec)
10-21 22:17:51.103 V/FFmpegMediaPlayer-JNI(30959): getCurrentPosition: 91017 (msec)
10-21 22:17:51.103 V/FFmpegMediaPlayer-JNI(30959): getDuration: 349000 (msec)
10-21 22:17:51.136 V/FFmpegMediaPlayer-JNI(30959): getCurrentPosition: 91017 (msec)
10-21 22:17:51.136 V/FFmpegMediaPlayer-JNI(30959): getDuration: 349000 (msec)
10-21 22:17:51.174 V/FFmpegMediaPlayer-JNI(30959): getCurrentPosition: 91156 (msec)
10-21 22:17:51.174 V/FFmpegMediaPlayer-JNI(30959): getDuration: 349000 (msec)
10-21 22:17:51.207 V/FFmpegMediaPlayer-JNI(30959): getCurrentPosition: 91156 (msec)
10-21 22:17:51.207 V/FFmpegMediaPlayer-JNI(30959): getDuration: 349000 (msec)
10-21 22:17:51.241 V/FFmpegMediaPlayer-JNI(30959): getCurrentPosition: 91156 (msec)
10-21 22:17:51.241 V/FFmpegMediaPlayer-JNI(30959): getDuration: 349000 (msec)
10-21 22:17:51.276 V/FFmpegMediaPlayer-JNI(30959): getCurrentPosition: 91156 (msec)
10-21 22:17:51.276 V/FFmpegMediaPlayer-JNI(30959): getDuration: 349000 (msec)
10-21 22:17:51.312 V/FFmpegMediaPlayer-JNI(30959): getCurrentPosition: 91295 (msec)
10-21 22:17:51.313 V/FFmpegMediaPlayer-JNI(30959): getDuration: 349000 (msec)
10-21 22:17:51.348 V/FFmpegMediaPlayer-JNI(30959): getCurrentPosition: 91295 (msec)
10-21 22:17:51.348 V/FFmpegMediaPlayer-JNI(30959): getDuration: 349000 (msec)
10-21 22:17:51.383 V/FFmpegMediaPlayer-JNI(30959): getCurrentPosition: 91295 (msec)
10-21 22:17:51.383 V/FFmpegMediaPlayer-JNI(30959): getDuration: 349000 (msec)
10-21 22:17:51.419 V/FFmpegMediaPlayer-JNI(30959): getCurrentPosition: 91295 (msec)
10-21 22:17:51.419 V/FFmpegMediaPlayer-JNI(30959): getDuration: 349000 (msec)
10-21 22:17:51.422 D/MediaSessionService( 1795): onSessionPlaybackStateChanged: record=com.soundcloud.android/MediaService::MediaSessionTag/115 (userId=0) playbackState=PlaybackState {state=PLAYING(3), position=4569469, buffered position=0, speed=1.0, updated=91964897, actions=84786, custom actions=[Action:mName='STOP_CAST, mIcon=2131231182, mExtras=null], active item id=-1, error=null}
10-21 22:17:51.454 V/FFmpegMediaPlayer-JNI(30959): getCurrentPosition: 91435 (msec)
10-21 22:17:51.454 V/FFmpegMediaPlayer-JNI(30959): getDuration: 349000 (msec)
10-21 22:17:51.488 V/FFmpegMediaPlayer-JNI(30959): getCurrentPosition: 91435 (msec)
10-21 22:17:51.488 V/FFmpegMediaPlayer-JNI(30959): getDuration: 349000 (msec)
10-21 22:17:51.523 V/FFmpegMediaPlayer-JNI(30959): getCurrentPosition: 91435 (msec)
10-21 22:17:51.523 V/FFmpegMediaPlayer-JNI(30959): getDuration: 349000 (msec)
10-21 22:17:51.559 V/FFmpegMediaPlayer-JNI(30959): getCurrentPosition: 91435 (msec)
10-21 22:17:51.559 V/FFmpegMediaPlayer-JNI(30959): getDuration: 349000 (msec)
10-21 22:17:51.595 V/FFmpegMediaPlayer-JNI(30959): getCurrentPosition: 91574 (msec)
10-21 22:17:51.595 V/FFmpegMediaPlayer-JNI(30959): getDuration: 349000 (msec)
10-21 22:17:51.629 V/FFmpegMediaPlayer-JNI(30959): getCurrentPosition: 91574 (msec)
10-21 22:17:51.629 V/FFmpegMediaPlayer-JNI(30959): getDuration: 349000 (msec)
10-21 22:17:51.666 V/FFmpegMediaPlayer-JNI(30959): getCurrentPosition: 91574 (msec)
10-21 22:17:51.666 V/FFmpegMediaPlayer-JNI(30959): getDuration: 349000 (msec)
10-21 22:17:51.698 V/FFmpegMediaPlayer-JNI(30959): getCurrentPosition: 91574 (msec)
