10-21 22:16:55.418 V/FFmpegMediaPlayer-JNI(30959): getCurrentPosition: 121243 (msec)
10-21 22:16:55.418 V/FFmpegMediaPlayer-JNI(30959): getDuration: 265000 (msec)
10-21 22:16:55.452 V/FFmpegMediaPlayer-JNI(30959): getCurrentPosition: 121243 (msec)
10-21 22:16:55.452 V/FFmpegMediaPlayer-JNI(30959): getDuration: 265000 (msec)
10-21 22:16:55.486 V/FFmpegMediaPlayer-JNI(30959): getCurrentPosition: 121243 (msec)
10-21 22:16:55.486 V/FFmpegMediaPlayer-JNI(30959): getDuration: 265000 (msec)
10-21 22:16:55.521 V/FFmpegMediaPlayer-JNI(30959): getCurrentPosition: 121243 (msec)
10-21 22:16:55.521 V/FFmpegMediaPlayer-JNI(30959): getDuration: 265000 (msec)
10-21 22:16:55.531 D/MediaSessionService( 1795): onSessionPlaybackStateChanged: record=com.soundcloud.android/MediaService::MediaSessionTag/115 (userId=0) playbackState=PlaybackState {state=PLAYING(3), position=4513580, buffered position=0, speed=1.0, updated=91909008, actions=84786, custom actions=[Action:mName='STOP_CAST, mIcon=2131231182, mExtras=null], active item id=-1, error=null}
10-21 22:16:55.555 V/FFmpegMediaPlayer-JNI(30959): getCurrentPosition: 121383 (msec)
10-21 22:16:55.555 V/FFmpegMediaPlayer-JNI(30959): getDuration: 265000 (msec)
10-21 22:16:55.590 V/FFmpegMediaPlayer-JNI(30959): getCurrentPosition: 121383 (msec)
10-21 22:16:55.590 V/FFmpegMediaPlayer-JNI(30959): getDuration: 265000 (msec)
10-21 22:16:55.624 V/FFmpegMediaPlayer-JNI(30959): getCurrentPosition: 121383 (msec)
10-21 22:16:55.624 V/FFmpegMediaPlayer-JNI(30959): getDuration: 265000 (msec)
10-21 22:16:55.657 V/FFmpegMediaPlayer-JNI(30959): getCurrentPosition: 121383 (msec)
10-21 22:16:55.657 V/FFmpegMediaPlayer-JNI(30959): getDuration: 265000 (msec)
10-21 22:16:55.691 V/FFmpegMediaPlayer-JNI(30959): getCurrentPosition: 121522 (msec)
10-21 22:16:55.691 V/FFmpegMediaPlayer-JNI(30959): getDuration: 265000 (msec)
10-21 22:16:55.725 V/FFmpegMediaPlayer-JNI(30959): getCurrentPosition: 121522 (msec)
10-21 22:16:55.725 V/FFmpegMediaPlayer-JNI(30959): getDuration: 265000 (msec)
10-21 22:16:55.759 V/FFmpegMediaPlayer-JNI(30959): getCurrentPosition: 121522 (msec)
10-21 22:16:55.759 V/FFmpegMediaPlayer-JNI(30959): getDuration: 265000 (msec)
10-21 22:16:55.792 V/FFmpegMediaPlayer-JNI(30959): getCurrentPosition: 121522 (msec)
10-21 22:16:55.793 V/FFmpegMediaPlayer-JNI(30959): getDuration: 265000 (msec)
10-21 22:16:55.825 V/FFmpegMediaPlayer-JNI(30959): getCurrentPosition: 121661 (msec)
10-21 22:16:55.826 V/FFmpegMediaPlayer-JNI(30959): getDuration: 265000 (msec)
10-21 22:16:55.858 V/FFmpegMediaPlayer-JNI(30959): getCurrentPosition: 121661 (msec)
10-21 22:16:55.858 V/FFmpegMediaPlayer-JNI(30959): getDuration: 265000 (msec)
10-21 22:16:55.894 V/FFmpegMediaPlayer-JNI(30959): getCurrentPosition: 121661 (msec)
10-21 22:16:55.894 V/FFmpegMediaPlayer-JNI(30959): getDuration: 265000 (msec)
10-21 22:16:55.930 V/FFmpegMediaPlayer-JNI(30959): getCurrentPosition: 121661 (msec)
10-21 22:16:55.930 V/FFmpegMediaPlayer-JNI(30959): getDuration: 265000 (msec)
10-21 22:16:55.966 V/FFmpegMediaPlayer-JNI(30959): getCurrentPosition: 121801 (msec)
10-21 22:16:55.967 V/FFmpegMediaPlayer-JNI(30959): getDuration: 265000 (msec)
10-21 22:16:56.000 V/FFmpegMediaPlayer-JNI(30959): getCurrentPosition: 121801 (msec)
10-21 22:16:56.001 V/FFmpegMediaPlayer-JNI(30959): getDuration: 265000 (msec)
10-21 22:16:56.035 D/MediaSessionService( 1795): onSessionPlaybackStateChanged: record=com.soundcloud.android/MediaService::MediaSessionTag/115 (userId=0) playbackState=PlaybackState {state=PLAYING(3), position=4514083, buffered position=0, speed=1.0, updated=91909511, actions=84786, custom actions=[Action:mName='STOP_CAST, mIcon=2131231182, mExtras=null], active item id=-1, error=null}
10-21 22:16:56.036 V/FFmpegMediaPlayer-JNI(30959): getCurrentPosition: 121801 (msec)
10-21 22:16:56.036 V/FFmpegMediaPlayer-JNI(30959): getDuration: 265000 (msec)
10-21 22:16:56.074 V/FFmpegMediaPlayer-JNI(30959): getCurrentPosition: 121801 (msec)
10-21 22:16:56.074 V/FFmpegMediaPlayer-JNI(30959): getDuration: 265000 (msec)
10-21 22:16:56.109 V/FFmpegMediaPlayer-JNI(30959): getCurrentPosition: 121940 (msec)
10-21 22:16:56.109 V/FFmpegMediaPlayer-JNI(30959): getDuration: 265000 (msec)
10-21 22:16:56.143 V/FFmpegMediaPlayer-JNI(30959): getCurrentPosition: 121940 (msec)
10-21 22:16:56.143 V/FFmpegMediaPlayer-JNI(30959): getDuration: 265000 (msec)
10-21 22:16:56.179 V/FFmpegMediaPlayer-JNI(30959): getCurrentPosition: 121940 (msec)
10-21 22:16:56.179 V/FFmpegMediaPlayer-JNI(30959): getDuration: 265000 (msec)
10-21 22:16:56.215 V/FFmpegMediaPlayer-JNI(30959): getCurrentPosition: 121940 (msec)
10-21 22:16:56.215 V/FFmpegMediaPlayer-JNI(30959): getDuration: 265000 (msec)
10-21 22:16:56.251 V/FFmpegMediaPlayer-JNI(30959): getCurrentPosition: 122079 (msec)
10-21 22:16:56.252 V/FFmpegMediaPlayer-JNI(30959): getDuration: 265000 (msec)
10-21 22:16:56.286 V/FFmpegMediaPlayer-JNI(30959): getCurrentPosition: 122079 (msec)
10-21 22:16:56.286 V/FFmpegMediaPlayer-JNI(30959): getDuration: 265000 (msec)
10-21 22:16:56.320 V/FFmpegMediaPlayer-JNI(30959): getCurrentPosition: 122079 (msec)
10-21 22:16:56.320 V/FFmpegMediaPlayer-JNI(30959): getDuration: 265000 (msec)
10-21 22:16:56.357 V/FFmpegMediaPlayer-JNI(30959): getCurrentPosition: 122079 (msec)
10-21 22:16:56.357 V/FFmpegMediaPlayer-JNI(30959): getDuration: 265000 (msec)
10-21 22:16:56.394 V/FFmpegMediaPlayer-JNI(30959): getCurrentPosition: 122242 (msec)
10-21 22:16:56.394 V/FFmpegMediaPlayer-JNI(30959): getDuration: 265000 (msec)
10-21 22:16:56.428 V/FFmpegMediaPlayer-JNI(30959): getCurrentPosition: 122242 (msec)
10-21 22:16:56.428 V/FFmpegMediaPlayer-JNI(30959): getDuration: 265000 (msec)
10-21 22:16:56.463 V/FFmpegMediaPlayer-JNI(30959): getCurrentPosition: 122242 (msec)
10-21 22:16:56.463 V/FFmpegMediaPlayer-JNI(30959): getDuration: 265000 (msec)
10-21 22:16:56.500 V/FFmpegMediaPlayer-JNI(30959): getCurrentPosition: 122242 (msec)
10-21 22:16:56.500 V/FFmpegMediaPlayer-JNI(30959): getDuration: 265000 (msec)
10-21 22:16:56.536 V/FFmpegMediaPlayer-JNI(30959): getCurrentPosition: 122358 (msec)
10-21 22:16:56.536 V/FFmpegMediaPlayer-JNI(30959): getDuration: 265000 (msec)
10-21 22:16:56.539 D/MediaSessionService( 1795): onSessionPlaybackStateChanged: record=com.soundcloud.android/MediaService::MediaSessionTag/115 (userId=0) playbackState=PlaybackState {state=PLAYING(3), position=4514587, buffered position=0, speed=1.0, updated=91910015, actions=84786, custom actions=[Action:mName='STOP_CAST, mIcon=2131231182, mExtras=null], active item id=-1, error=null}
10-21 22:16:56.570 V/FFmpegMediaPlayer-JNI(30959): getCurrentPosition: 122358 (msec)
10-21 22:16:56.570 V/FFmpegMediaPlayer-JNI(30959): getDuration: 265000 (msec)
10-21 22:16:56.605 V/FFmpegMediaPlayer-JNI(30959): getCurrentPosition: 122358 (msec)
10-21 22:16:56.605 V/FFmpegMediaPlayer-JNI(30959): getDuration: 265000 (msec)
10-21 22:16:56.639 V/FFmpegMediaPlayer-JNI(30959): getCurrentPosition: 122358 (msec)
10-21 22:16:56.639 V/FFmpegMediaPlayer-JNI(30959): getDuration: 265000 (msec)
10-21 22:16:56.674 V/FFmpegMediaPlayer-JNI(30959): getCurrentPosition: 122521 (msec)
10-21 22:16:56.674 V/FFmpegMediaPlayer-JNI(30959): getDuration: 265000 (msec)
10-21 22:16:56.708 V/FFmpegMediaPlayer-JNI(30959): getCurrentPosition: 122521 (msec)
10-21 22:16:56.708 V/FFmpegMediaPlayer-JNI(30959): getDuration: 265000 (msec)
10-21 22:16:56.741 V/FFmpegMediaPlayer-JNI(30959): getCurrentPosition: 122521 (msec)
10-21 22:16:56.741 V/FFmpegMediaPlayer-JNI(30959): getDuration: 265000 (msec)
10-21 22:16:56.778 V/FFmpegMediaPlayer-JNI(30959): getCurrentPosition: 122521 (msec)
10-21 22:16:56.778 V/FFmpegMediaPlayer-JNI(30959): getDuration: 265000 (msec)
10-21 22:16:56.814 V/FFmpegMediaPlayer-JNI(30959): getCurrentPosition: 122637 (msec)
10-21 22:16:56.815 V/FFmpegMediaPlayer-JNI(30959): getDuration: 265000 (msec)
10-21 22:16:56.847 V/FFmpegMediaPlayer-JNI(30959): getCurrentPosition: 122637 (msec)
10-21 22:16:56.847 V/FFmpegMediaPlayer-JNI(30959): getDuration: 265000 (msec)
10-21 22:16:56.883 V/FFmpegMediaPlayer-JNI(30959): getCurrentPosition: 122637 (msec)
10-21 22:16:56.883 V/FFmpegMediaPlayer-JNI(30959): getDuration: 265000 (msec)
10-21 22:16:56.919 V/FFmpegMediaPlayer-JNI(30959): getCurrentPosition: 122637 (msec)
10-21 22:16:56.919 V/FFmpegMediaPlayer-JNI(30959): getDuration: 265000 (msec)
10-21 22:16:56.954 V/FFmpegMediaPlayer-JNI(30959): getCurrentPosition: 122799 (msec)
10-21 22:16:56.954 V/FFmpegMediaPlayer-JNI(30959): getDuration: 265000 (msec)
10-21 22:16:56.988 V/FFmpegMediaPlayer-JNI(30959): getCurrentPosition: 122799 (msec)
10-21 22:16:56.988 V/FFmpegMediaPlayer-JNI(30959): getDuration: 265000 (msec)
10-21 22:16:57.026 V/FFmpegMediaPlayer-JNI(30959): getCurrentPosition: 122799 (msec)
10-21 22:16:57.026 V/FFmpegMediaPlayer-JNI(30959): getDuration: 265000 (msec)
10-21 22:16:57.044 D/MediaSessionService( 1795): onSessionPlaybackStateChanged: record=com.soundcloud.android/MediaService::MediaSessionTag/115 (userId=0) playbackState=PlaybackState {state=PLAYING(3), position=4515090, buffered position=0, speed=1.0, updated=91910519, actions=84786, custom actions=[Action:mName='STOP_CAST, mIcon=2131231182, mExtras=null], active item id=-1, error=null}
10-21 22:16:57.062 V/FFmpegMediaPlayer-JNI(30959): getCurrentPosition: 122799 (msec)
10-21 22:16:57.062 V/FFmpegMediaPlayer-JNI(30959): getDuration: 265000 (msec)
10-21 22:16:57.095 V/FFmpegMediaPlayer-JNI(30959): getCurrentPosition: 122939 (msec)
10-21 22:16:57.095 V/FFmpegMediaPlayer-JNI(30959): getDuration: 265000 (msec)
10-21 22:16:57.128 V/FFmpegMediaPlayer-JNI(30959): getCurrentPosition: 122939 (msec)
10-21 22:16:57.128 V/FFmpegMediaPlayer-JNI(30959): getDuration: 265000 (msec)
10-21 22:16:57.164 V/FFmpegMediaPlayer-JNI(30959): getCurrentPosition: 122939 (msec)
10-21 22:16:57.164 V/FFmpegMediaPlayer-JNI(30959): getDuration: 265000 (msec)
10-21 22:16:57.200 V/FFmpegMediaPlayer-JNI(30959): getCurrentPosition: 122939 (msec)
10-21 22:16:57.200 V/FFmpegMediaPlayer-JNI(30959): getDuration: 265000 (msec)
10-21 22:16:57.237 V/FFmpegMediaPlayer-JNI(30959): getCurrentPosition: 123055 (msec)
10-21 22:16:57.237 V/FFmpegMediaPlayer-JNI(30959): getDuration: 265000 (msec)
10-21 22:16:57.273 V/FFmpegMediaPlayer-JNI(30959): getCurrentPosition: 123055 (msec)
10-21 22:16:57.273 V/FFmpegMediaPlayer-JNI(30959): getDuration: 265000 (msec)
10-21 22:16:57.308 V/FFmpegMediaPlayer-JNI(30959): getCurrentPosition: 123055 (msec)
10-21 22:16:57.308 V/FFmpegMediaPlayer-JNI(30959): getDuration: 265000 (msec)
10-21 22:16:57.345 V/FFmpegMediaPlayer-JNI(30959): getCurrentPosition: 123055 (msec)
10-21 22:16:57.346 V/FFmpegMediaPlayer-JNI(30959): getDuration: 265000 (msec)
10-21 22:16:57.382 V/FFmpegMediaPlayer-JNI(30959): getCurrentPosition: 123217 (msec)
10-21 22:16:57.383 V/FFmpegMediaPlayer-JNI(30959): getDuration: 265000 (msec)
10-21 22:16:57.417 V/FFmpegMediaPlayer-JNI(30959): getCurrentPosition: 123217 (msec)
10-21 22:16:57.417 V/FFmpegMediaPlayer-JNI(30959): getDuration: 265000 (msec)
10-21 22:16:57.453 V/FFmpegMediaPlayer-JNI(30959): getCurrentPosition: 123217 (msec)
10-21 22:16:57.453 V/FFmpegMediaPlayer-JNI(30959): getDuration: 265000 (msec)
10-21 22:16:57.489 V/FFmpegMediaPlayer-JNI(30959): getCurrentPosition: 123217 (msec)
10-21 22:16:57.489 V/FFmpegMediaPlayer-JNI(30959): getDuration: 265000 (msec)
10-21 22:16:57.526 V/FFmpegMediaPlayer-JNI(30959): getCurrentPosition: 123357 (msec)
10-21 22:16:57.526 V/FFmpegMediaPlayer-JNI(30959): getDuration: 265000 (msec)
10-21 22:16:57.546 D/MediaSessionService( 1795): onSessionPlaybackStateChanged: record=com.soundcloud.android/MediaService::MediaSessionTag/115 (userId=0) playbackState=PlaybackState {state=PLAYING(3), position=4515596, buffered position=0, speed=1.0, updated=91911024, actions=84786, custom actions=[Action:mName='STOP_CAST, mIcon=2131231182, mExtras=null], active item id=-1, error=null}
10-21 22:16:57.560 V/FFmpegMediaPlayer-JNI(30959): getCurrentPosition: 123357 (msec)
10-21 22:16:57.560 V/FFmpegMediaPlayer-JNI(30959): getDuration: 265000 (msec)
10-21 22:16:57.593 V/FFmpegMediaPlayer-JNI(30959): getCurrentPosition: 123357 (msec)
10-21 22:16:57.593 V/FFmpegMediaPlayer-JNI(30959): getDuration: 265000 (msec)
10-21 22:16:57.629 V/FFmpegMediaPlayer-JNI(30959): getCurrentPosition: 123357 (msec)
10-21 22:16:57.629 V/FFmpegMediaPlayer-JNI(30959): getDuration: 265000 (msec)
10-21 22:16:57.666 V/FFmpegMediaPlayer-JNI(30959): getCurrentPosition: 123496 (msec)
10-21 22:16:57.666 V/FFmpegMediaPlayer-JNI(30959): getDuration: 265000 (msec)
10-21 22:16:57.699 V/FFmpegMediaPlayer-JNI(30959): getCurrentPosition: 123496 (msec)
10-21 22:16:57.699 V/FFmpegMediaPlayer-JNI(30959): getDuration: 265000 (msec)
10-21 22:16:57.737 V/FFmpegMediaPlayer-JNI(30959): getCurrentPosition: 123496 (msec)
10-21 22:16:57.737 V/FFmpegMediaPlayer-JNI(30959): getDuration: 265000 (msec)
10-21 22:16:57.779 V/FFmpegMediaPlayer-JNI(30959): getCurrentPosition: 123496 (msec)
10-21 22:16:57.779 V/FFmpegMediaPlayer-JNI(30959): getDuration: 265000 (msec)
10-21 22:16:57.812 V/FFmpegMediaPlayer-JNI(30959): getCurrentPosition: 123635 (msec)
10-21 22:16:57.812 V/FFmpegMediaPlayer-JNI(30959): getDuration: 265000 (msec)
10-21 22:16:57.845 V/FFmpegMediaPlayer-JNI(30959): getCurrentPosition: 123635 (msec)
10-21 22:16:57.845 V/FFmpegMediaPlayer-JNI(30959): getDuration: 265000 (msec)
10-21 22:16:57.877 V/FFmpegMediaPlayer-JNI(30959): getCurrentPosition: 123635 (msec)
10-21 22:16:57.877 V/FFmpegMediaPlayer-JNI(30959): getDuration: 265000 (msec)
10-21 22:16:57.898 D/MusicViewModel(30959): sortCurrentFile: Anna Calvi & Perfume Genius - I See A Darkness.aiff with action DISLIKE
10-21 22:16:57.905 D/MusicViewModel(30959): File operation queued: Anna Calvi & Perfume Genius - I See A Darkness.aiff
10-21 22:16:57.910 V/FFmpegMediaPlayer-JNI(30959): getCurrentPosition: 123635 (msec)
10-21 22:16:57.910 V/FFmpegMediaPlayer-JNI(30959): getDuration: 265000 (msec)
10-21 22:16:57.962 V/FFmpegMediaPlayer-JNI(30959): getCurrentPosition: 123774 (msec)
10-21 22:16:57.963 V/FFmpegMediaPlayer-JNI(30959): getDuration: 265000 (msec)
10-21 22:16:57.995 V/FFmpegMediaPlayer-JNI(30959): getCurrentPosition: 123774 (msec)
10-21 22:16:57.995 V/FFmpegMediaPlayer-JNI(30959): getDuration: 265000 (msec)
10-21 22:16:58.028 V/FFmpegMediaPlayer-JNI(30959): getCurrentPosition: 123774 (msec)
10-21 22:16:58.028 V/FFmpegMediaPlayer-JNI(30959): getDuration: 265000 (msec)
10-21 22:16:58.048 D/MediaSessionService( 1795): onSessionPlaybackStateChanged: record=com.soundcloud.android/MediaService::MediaSessionTag/115 (userId=0) playbackState=PlaybackState {state=PLAYING(3), position=4516097, buffered position=0, speed=1.0, updated=91911525, actions=84786, custom actions=[Action:mName='STOP_CAST, mIcon=2131231182, mExtras=null], active item id=-1, error=null}
10-21 22:16:58.078 V/FFmpegMediaPlayer-JNI(30959): getCurrentPosition: 123774 (msec)
10-21 22:16:58.078 V/FFmpegMediaPlayer-JNI(30959): getDuration: 265000 (msec)
10-21 22:16:58.106 D/MusicViewModel(30959): Refreshed all playlists
10-21 22:16:58.112 V/FFmpegMediaPlayer-JNI(30959): getCurrentPosition: 123914 (msec)
10-21 22:16:58.112 V/FFmpegMediaPlayer-JNI(30959): getDuration: 265000 (msec)
10-21 22:16:58.126 D/MusicViewModel(30959): Loading rejected files from URI: content://com.android.externalstorage.documents/tree/primary%3AResults/document/primary%3AResults%2FRejected
10-21 22:16:58.136 D/MusicViewModel(30959): Found 0 rejected files
10-21 22:16:58.137 D/MusicViewModel(30959): Updated rejected files StateFlow with 0 files
10-21 22:16:58.143 D/MusicViewModel(30959): Loading liked files from destination folder: Results
10-21 22:16:58.171 V/FFmpegMediaPlayer-JNI(30959): getCurrentPosition: 123914 (msec)
10-21 22:16:58.171 V/FFmpegMediaPlayer-JNI(30959): getDuration: 265000 (msec)
10-21 22:16:58.227 V/FFmpegMediaPlayer-JNI(30959): getCurrentPosition: 124053 (msec)
10-21 22:16:58.227 V/FFmpegMediaPlayer-JNI(30959): getDuration: 265000 (msec)
10-21 22:16:58.261 V/FFmpegMediaPlayer-JNI(30959): getCurrentPosition: 124053 (msec)
10-21 22:16:58.261 V/FFmpegMediaPlayer-JNI(30959): getDuration: 265000 (msec)
10-21 22:16:58.293 V/FFmpegMediaPlayer-JNI(30959): getCurrentPosition: 124053 (msec)
10-21 22:16:58.293 V/FFmpegMediaPlayer-JNI(30959): getDuration: 265000 (msec)
10-21 22:16:58.343 V/FFmpegMediaPlayer-JNI(30959): getCurrentPosition: 124053 (msec)
10-21 22:16:58.343 V/FFmpegMediaPlayer-JNI(30959): getDuration: 265000 (msec)
10-21 22:16:58.377 V/FFmpegMediaPlayer-JNI(30959): getCurrentPosition: 124192 (msec)
10-21 22:16:58.377 V/FFmpegMediaPlayer-JNI(30959): getDuration: 265000 (msec)
10-21 22:16:58.410 V/FFmpegMediaPlayer-JNI(30959): getCurrentPosition: 124192 (msec)
10-21 22:16:58.410 V/FFmpegMediaPlayer-JNI(30959): getDuration: 265000 (msec)
10-21 22:16:58.464 V/FFmpegMediaPlayer-JNI(30959): getCurrentPosition: 124192 (msec)
10-21 22:16:58.464 V/FFmpegMediaPlayer-JNI(30959): getDuration: 265000 (msec)
10-21 22:16:58.499 V/FFmpegMediaPlayer-JNI(30959): getCurrentPosition: 124332 (msec)
10-21 22:16:58.499 V/FFmpegMediaPlayer-JNI(30959): getDuration: 265000 (msec)
10-21 22:16:58.532 V/FFmpegMediaPlayer-JNI(30959): getCurrentPosition: 124332 (msec)
10-21 22:16:58.532 V/FFmpegMediaPlayer-JNI(30959): getDuration: 265000 (msec)
10-21 22:16:58.545 D/MusicViewModel(30959): Found 13 liked files (including subfolders), 13 unique
10-21 22:16:58.549 D/MediaSessionService( 1795): onSessionPlaybackStateChanged: record=com.soundcloud.android/MediaService::MediaSessionTag/115 (userId=0) playbackState=PlaybackState {state=PLAYING(3), position=4516599, buffered position=0, speed=1.0, updated=91912027, actions=84786, custom actions=[Action:mName='STOP_CAST, mIcon=2131231182, mExtras=null], active item id=-1, error=null}
10-21 22:16:58.559 D/MusicViewModel(30959): Updated liked files StateFlow with 13 files
10-21 22:16:58.585 V/FFmpegMediaPlayer-JNI(30959): getCurrentPosition: 124332 (msec)
10-21 22:16:58.585 V/FFmpegMediaPlayer-JNI(30959): getDuration: 265000 (msec)
10-21 22:16:58.618 V/FFmpegMediaPlayer-JNI(30959): getCurrentPosition: 124332 (msec)
10-21 22:16:58.618 V/FFmpegMediaPlayer-JNI(30959): getDuration: 265000 (msec)
10-21 22:16:58.651 V/FFmpegMediaPlayer-JNI(30959): getCurrentPosition: 124471 (msec)
10-21 22:16:58.651 V/FFmpegMediaPlayer-JNI(30959): getDuration: 265000 (msec)
10-21 22:16:58.705 V/FFmpegMediaPlayer-JNI(30959): getCurrentPosition: 124471 (msec)
10-21 22:16:58.705 V/FFmpegMediaPlayer-JNI(30959): getDuration: 265000 (msec)
10-21 22:16:58.740 V/FFmpegMediaPlayer-JNI(30959): getCurrentPosition: 124471 (msec)
10-21 22:16:58.740 V/FFmpegMediaPlayer-JNI(30959): getDuration: 265000 (msec)
10-21 22:16:58.775 V/FFmpegMediaPlayer-JNI(30959): getCurrentPosition: 124610 (msec)
10-21 22:16:58.775 V/FFmpegMediaPlayer-JNI(30959): getDuration: 265000 (msec)
10-21 22:16:58.818 V/FFmpegMediaPlayer-JNI(30959): getCurrentPosition: 124610 (msec)
10-21 22:16:58.818 V/FFmpegMediaPlayer-JNI(30959): getDuration: 265000 (msec)
10-21 22:16:58.851 V/FFmpegMediaPlayer-JNI(30959): getCurrentPosition: 124610 (msec)
10-21 22:16:58.851 V/FFmpegMediaPlayer-JNI(30959): getDuration: 265000 (msec)
10-21 22:16:58.885 V/FFmpegMediaPlayer-JNI(30959): getCurrentPosition: 124610 (msec)
10-21 22:16:58.885 V/FFmpegMediaPlayer-JNI(30959): getDuration: 265000 (msec)
10-21 22:16:58.941 V/FFmpegMediaPlayer-JNI(30959): getCurrentPosition: 124773 (msec)
10-21 22:16:58.941 V/FFmpegMediaPlayer-JNI(30959): getDuration: 265000 (msec)
10-21 22:16:58.974 V/FFmpegMediaPlayer-JNI(30959): getCurrentPosition: 124773 (msec)
10-21 22:16:58.974 V/FFmpegMediaPlayer-JNI(30959): getDuration: 265000 (msec)
10-21 22:16:59.007 V/FFmpegMediaPlayer-JNI(30959): getCurrentPosition: 124773 (msec)
10-21 22:16:59.007 V/FFmpegMediaPlayer-JNI(30959): getDuration: 265000 (msec)
10-21 22:16:59.053 D/MediaSessionService( 1795): onSessionPlaybackStateChanged: record=com.soundcloud.android/MediaService::MediaSessionTag/115 (userId=0) playbackState=PlaybackState {state=PLAYING(3), position=4517100, buffered position=0, speed=1.0, updated=91912529, actions=84786, custom actions=[Action:mName='STOP_CAST, mIcon=2131231182, mExtras=null], active item id=-1, error=null}
10-21 22:16:59.062 V/FFmpegMediaPlayer-JNI(30959): getCurrentPosition: 124889 (msec)
10-21 22:16:59.062 V/FFmpegMediaPlayer-JNI(30959): getDuration: 265000 (msec)
10-21 22:16:59.096 V/FFmpegMediaPlayer-JNI(30959): getCurrentPosition: 124889 (msec)
10-21 22:16:59.096 V/FFmpegMediaPlayer-JNI(30959): getDuration: 265000 (msec)
10-21 22:16:59.129 V/FFmpegMediaPlayer-JNI(30959): getCurrentPosition: 124889 (msec)
10-21 22:16:59.129 V/FFmpegMediaPlayer-JNI(30959): getDuration: 265000 (msec)
10-21 22:16:59.161 V/FFmpegMediaPlayer-JNI(30959): getCurrentPosition: 124889 (msec)
10-21 22:16:59.161 V/FFmpegMediaPlayer-JNI(30959): getDuration: 265000 (msec)
10-21 22:16:59.209 V/FFmpegMediaPlayer-JNI(30959): getCurrentPosition: 125052 (msec)
10-21 22:16:59.209 V/FFmpegMediaPlayer-JNI(30959): getDuration: 265000 (msec)
10-21 22:16:59.242 V/FFmpegMediaPlayer-JNI(30959): getCurrentPosition: 125052 (msec)
10-21 22:16:59.243 V/FFmpegMediaPlayer-JNI(30959): getDuration: 265000 (msec)
10-21 22:16:59.276 V/FFmpegMediaPlayer-JNI(30959): getCurrentPosition: 125052 (msec)
10-21 22:16:59.276 V/FFmpegMediaPlayer-JNI(30959): getDuration: 265000 (msec)
10-21 22:16:59.328 V/FFmpegMediaPlayer-JNI(30959): getCurrentPosition: 125168 (msec)
10-21 22:16:59.328 V/FFmpegMediaPlayer-JNI(30959): getDuration: 265000 (msec)
10-21 22:16:59.362 V/FFmpegMediaPlayer-JNI(30959): getCurrentPosition: 125168 (msec)
10-21 22:16:59.362 V/FFmpegMediaPlayer-JNI(30959): getDuration: 265000 (msec)
10-21 22:16:59.396 V/FFmpegMediaPlayer-JNI(30959): getCurrentPosition: 125168 (msec)
10-21 22:16:59.396 V/FFmpegMediaPlayer-JNI(30959): getDuration: 265000 (msec)
10-21 22:16:59.477 V/FFmpegMediaPlayer-JNI(30959): getCurrentPosition: 125168 (msec)
10-21 22:16:59.477 V/FFmpegMediaPlayer-JNI(30959): getDuration: 265000 (msec)
10-21 22:16:59.511 V/FFmpegMediaPlayer-JNI(30959): getCurrentPosition: 125330 (msec)
10-21 22:16:59.511 V/FFmpegMediaPlayer-JNI(30959): getDuration: 265000 (msec)
10-21 22:16:59.550 V/FFmpegMediaPlayer-JNI(30959): getCurrentPosition: 125330 (msec)
10-21 22:16:59.550 V/FFmpegMediaPlayer-JNI(30959): getDuration: 265000 (msec)
10-21 22:16:59.555 D/MediaSessionService( 1795): onSessionPlaybackStateChanged: record=com.soundcloud.android/MediaService::MediaSessionTag/115 (userId=0) playbackState=PlaybackState {state=PLAYING(3), position=4517604, buffered position=0, speed=1.0, updated=91913032, actions=84786, custom actions=[Action:mName='STOP_CAST, mIcon=2131231182, mExtras=null], active item id=-1, error=null}
10-21 22:16:59.584 V/FFmpegMediaPlayer-JNI(30959): getCurrentPosition: 125330 (msec)
10-21 22:16:59.584 V/FFmpegMediaPlayer-JNI(30959): getDuration: 265000 (msec)
10-21 22:16:59.617 V/FFmpegMediaPlayer-JNI(30959): getCurrentPosition: 125446 (msec)
10-21 22:16:59.617 V/FFmpegMediaPlayer-JNI(30959): getDuration: 265000 (msec)
10-21 22:16:59.668 V/FFmpegMediaPlayer-JNI(30959): getCurrentPosition: 125446 (msec)
10-21 22:16:59.668 V/FFmpegMediaPlayer-JNI(30959): getDuration: 265000 (msec)
10-21 22:16:59.700 V/FFmpegMediaPlayer-JNI(30959): getCurrentPosition: 125446 (msec)
10-21 22:16:59.700 V/FFmpegMediaPlayer-JNI(30959): getDuration: 265000 (msec)
10-21 22:16:59.734 V/FFmpegMediaPlayer-JNI(30959): getCurrentPosition: 125446 (msec)
10-21 22:16:59.734 V/FFmpegMediaPlayer-JNI(30959): getDuration: 265000 (msec)
10-21 22:16:59.767 V/FFmpegMediaPlayer-JNI(30959): getCurrentPosition: 125609 (msec)
10-21 22:16:59.767 V/FFmpegMediaPlayer-JNI(30959): getDuration: 265000 (msec)
10-21 22:16:59.807 V/FFmpegMediaPlayer-JNI(30959): getCurrentPosition: 125609 (msec)
10-21 22:16:59.807 V/FFmpegMediaPlayer-JNI(30959): getDuration: 265000 (msec)
10-21 22:16:59.841 V/FFmpegMediaPlayer-JNI(30959): getCurrentPosition: 125609 (msec)
10-21 22:16:59.841 V/FFmpegMediaPlayer-JNI(30959): getDuration: 265000 (msec)
10-21 22:16:59.874 V/FFmpegMediaPlayer-JNI(30959): getCurrentPosition: 125609 (msec)
10-21 22:16:59.875 V/FFmpegMediaPlayer-JNI(30959): getDuration: 265000 (msec)
10-21 22:16:59.907 V/FFmpegMediaPlayer-JNI(30959): getCurrentPosition: 125748 (msec)
10-21 22:16:59.908 V/FFmpegMediaPlayer-JNI(30959): getDuration: 265000 (msec)
10-21 22:16:59.941 V/FFmpegMediaPlayer-JNI(30959): getCurrentPosition: 125748 (msec)
10-21 22:16:59.941 V/FFmpegMediaPlayer-JNI(30959): getDuration: 265000 (msec)
10-21 22:16:59.974 V/FFmpegMediaPlayer-JNI(30959): getCurrentPosition: 125748 (msec)
10-21 22:16:59.974 V/FFmpegMediaPlayer-JNI(30959): getDuration: 265000 (msec)
10-21 22:17:00.008 V/FFmpegMediaPlayer-JNI(30959): getCurrentPosition: 125748 (msec)
10-21 22:17:00.008 V/FFmpegMediaPlayer-JNI(30959): getDuration: 265000 (msec)
10-21 22:17:00.041 V/FFmpegMediaPlayer-JNI(30959): getCurrentPosition: 125887 (msec)
10-21 22:17:00.041 V/FFmpegMediaPlayer-JNI(30959): getDuration: 265000 (msec)
10-21 22:17:00.057 D/MediaSessionService( 1795): onSessionPlaybackStateChanged: record=com.soundcloud.android/MediaService::MediaSessionTag/115 (userId=0) playbackState=PlaybackState {state=PLAYING(3), position=4518105, buffered position=0, speed=1.0, updated=91913533, actions=84786, custom actions=[Action:mName='STOP_CAST, mIcon=2131231182, mExtras=null], active item id=-1, error=null}
10-21 22:17:00.075 V/FFmpegMediaPlayer-JNI(30959): getCurrentPosition: 125887 (msec)
10-21 22:17:00.075 V/FFmpegMediaPlayer-JNI(30959): getDuration: 265000 (msec)
10-21 22:17:00.109 V/FFmpegMediaPlayer-JNI(30959): getCurrentPosition: 125887 (msec)
10-21 22:17:00.109 V/FFmpegMediaPlayer-JNI(30959): getDuration: 265000 (msec)
10-21 22:17:00.143 V/FFmpegMediaPlayer-JNI(30959): getCurrentPosition: 125887 (msec)
10-21 22:17:00.143 V/FFmpegMediaPlayer-JNI(30959): getDuration: 265000 (msec)
10-21 22:17:00.176 V/FFmpegMediaPlayer-JNI(30959): getCurrentPosition: 126027 (msec)
10-21 22:17:00.176 V/FFmpegMediaPlayer-JNI(30959): getDuration: 265000 (msec)
10-21 22:17:00.211 V/FFmpegMediaPlayer-JNI(30959): getCurrentPosition: 126027 (msec)
10-21 22:17:00.211 V/FFmpegMediaPlayer-JNI(30959): getDuration: 265000 (msec)
10-21 22:17:00.244 V/FFmpegMediaPlayer-JNI(30959): getCurrentPosition: 126027 (msec)
10-21 22:17:00.244 V/FFmpegMediaPlayer-JNI(30959): getDuration: 265000 (msec)
10-21 22:17:00.278 V/FFmpegMediaPlayer-JNI(30959): getCurrentPosition: 126027 (msec)
10-21 22:17:00.278 V/FFmpegMediaPlayer-JNI(30959): getDuration: 265000 (msec)
10-21 22:17:00.311 V/FFmpegMediaPlayer-JNI(30959): getCurrentPosition: 126027 (msec)
10-21 22:17:00.311 V/FFmpegMediaPlayer-JNI(30959): getDuration: 265000 (msec)
10-21 22:17:00.345 V/FFmpegMediaPlayer-JNI(30959): getCurrentPosition: 126166 (msec)
10-21 22:17:00.346 V/FFmpegMediaPlayer-JNI(30959): getDuration: 265000 (msec)
10-21 22:17:00.380 V/FFmpegMediaPlayer-JNI(30959): getCurrentPosition: 126166 (msec)
10-21 22:17:00.380 V/FFmpegMediaPlayer-JNI(30959): getDuration: 265000 (msec)
10-21 22:17:00.414 V/FFmpegMediaPlayer-JNI(30959): getCurrentPosition: 126166 (msec)
10-21 22:17:00.414 V/FFmpegMediaPlayer-JNI(30959): getDuration: 265000 (msec)
10-21 22:17:00.448 V/FFmpegMediaPlayer-JNI(30959): getCurrentPosition: 126166 (msec)
10-21 22:17:00.449 V/FFmpegMediaPlayer-JNI(30959): getDuration: 265000 (msec)
10-21 22:17:00.481 V/FFmpegMediaPlayer-JNI(30959): getCurrentPosition: 126305 (msec)
10-21 22:17:00.481 V/FFmpegMediaPlayer-JNI(30959): getDuration: 265000 (msec)
10-21 22:17:00.517 V/FFmpegMediaPlayer-JNI(30959): getCurrentPosition: 126305 (msec)
10-21 22:17:00.517 V/FFmpegMediaPlayer-JNI(30959): getDuration: 265000 (msec)
10-21 22:17:00.551 V/FFmpegMediaPlayer-JNI(30959): getCurrentPosition: 126305 (msec)
10-21 22:17:00.551 V/FFmpegMediaPlayer-JNI(30959): getDuration: 265000 (msec)
10-21 22:17:00.562 D/MediaSessionService( 1795): onSessionPlaybackStateChanged: record=com.soundcloud.android/MediaService::MediaSessionTag/115 (userId=0) playbackState=PlaybackState {state=PLAYING(3), position=4518608, buffered position=0, speed=1.0, updated=91914036, actions=84786, custom actions=[Action:mName='STOP_CAST, mIcon=2131231182, mExtras=null], active item id=-1, error=null}
10-21 22:17:00.585 V/FFmpegMediaPlayer-JNI(30959): getCurrentPosition: 126305 (msec)
10-21 22:17:00.585 V/FFmpegMediaPlayer-JNI(30959): getDuration: 265000 (msec)
10-21 22:17:00.619 V/FFmpegMediaPlayer-JNI(30959): getCurrentPosition: 126445 (msec)
10-21 22:17:00.619 V/FFmpegMediaPlayer-JNI(30959): getDuration: 265000 (msec)
10-21 22:17:00.651 V/FFmpegMediaPlayer-JNI(30959): getCurrentPosition: 126445 (msec)
10-21 22:17:00.651 V/FFmpegMediaPlayer-JNI(30959): getDuration: 265000 (msec)
10-21 22:17:00.684 V/FFmpegMediaPlayer-JNI(30959): getCurrentPosition: 126445 (msec)
10-21 22:17:00.684 V/FFmpegMediaPlayer-JNI(30959): getDuration: 265000 (msec)
10-21 22:17:00.718 V/FFmpegMediaPlayer-JNI(30959): getCurrentPosition: 126445 (msec)
10-21 22:17:00.718 V/FFmpegMediaPlayer-JNI(30959): getDuration: 265000 (msec)
10-21 22:17:00.752 V/FFmpegMediaPlayer-JNI(30959): getCurrentPosition: 126584 (msec)
10-21 22:17:00.752 V/FFmpegMediaPlayer-JNI(30959): getDuration: 265000 (msec)
10-21 22:17:00.785 V/FFmpegMediaPlayer-JNI(30959): getCurrentPosition: 126584 (msec)
10-21 22:17:00.785 V/FFmpegMediaPlayer-JNI(30959): getDuration: 265000 (msec)
10-21 22:17:00.790 D/MusicViewModel(30959): sortCurrentFile: Anna Calvi & Perfume Genius - I See A Darkness.aiff with action DISLIKE
10-21 22:17:00.794 D/MusicViewModel(30959): File operation queued: Anna Calvi & Perfume Genius - I See A Darkness.aiff
10-21 22:17:00.846 V/FFmpegMediaPlayer-JNI(30959): getCurrentPosition: 126584 (msec)
10-21 22:17:00.846 V/FFmpegMediaPlayer-JNI(30959): getDuration: 265000 (msec)
10-21 22:17:00.878 V/FFmpegMediaPlayer-JNI(30959): getCurrentPosition: 126584 (msec)
10-21 22:17:00.878 V/FFmpegMediaPlayer-JNI(30959): getDuration: 265000 (msec)
10-21 22:17:00.912 V/FFmpegMediaPlayer-JNI(30959): getCurrentPosition: 126723 (msec)
10-21 22:17:00.912 V/FFmpegMediaPlayer-JNI(30959): getDuration: 265000 (msec)
10-21 22:17:00.945 V/FFmpegMediaPlayer-JNI(30959): getCurrentPosition: 126723 (msec)
10-21 22:17:00.946 V/FFmpegMediaPlayer-JNI(30959): getDuration: 265000 (msec)
10-21 22:17:00.989 V/FFmpegMediaPlayer-JNI(30959): getCurrentPosition: 126723 (msec)
10-21 22:17:00.989 V/FFmpegMediaPlayer-JNI(30959): getDuration: 265000 (msec)
10-21 22:17:00.995 D/MusicViewModel(30959): Refreshed all playlists
10-21 22:17:01.000 D/MusicViewModel(30959): Loading liked files from destination folder: Results
10-21 22:17:01.023 V/FFmpegMediaPlayer-JNI(30959): getCurrentPosition: 126863 (msec)
10-21 22:17:01.023 V/FFmpegMediaPlayer-JNI(30959): getDuration: 265000 (msec)
10-21 22:17:01.057 V/FFmpegMediaPlayer-JNI(30959): getCurrentPosition: 126863 (msec)
10-21 22:17:01.057 V/FFmpegMediaPlayer-JNI(30959): getDuration: 265000 (msec)
10-21 22:17:01.067 D/MediaSessionService( 1795): onSessionPlaybackStateChanged: record=com.soundcloud.android/MediaService::MediaSessionTag/115 (userId=0) playbackState=PlaybackState {state=PLAYING(3), position=4519115, buffered position=0, speed=1.0, updated=91914543, actions=84786, custom actions=[Action:mName='STOP_CAST, mIcon=2131231182, mExtras=null], active item id=-1, error=null}
10-21 22:17:01.107 V/FFmpegMediaPlayer-JNI(30959): getCurrentPosition: 126863 (msec)
10-21 22:17:01.107 V/FFmpegMediaPlayer-JNI(30959): getDuration: 265000 (msec)
10-21 22:17:01.117 D/FileManager(30959): Found AIFF file: Talking Heads, The Cube Guys - Psycho Killer (The Cube Guys Remix).aiff
10-21 22:17:01.141 V/FFmpegMediaPlayer-JNI(30959): getCurrentPosition: 126863 (msec)
10-21 22:17:01.141 V/FFmpegMediaPlayer-JNI(30959): getDuration: 265000 (msec)
10-21 22:17:01.174 V/FFmpegMediaPlayer-JNI(30959): getCurrentPosition: 127002 (msec)
10-21 22:17:01.174 V/FFmpegMediaPlayer-JNI(30959): getDuration: 265000 (msec)
10-21 22:17:01.226 V/FFmpegMediaPlayer-JNI(30959): getCurrentPosition: 127002 (msec)
10-21 22:17:01.226 V/FFmpegMediaPlayer-JNI(30959): getDuration: 265000 (msec)
10-21 22:17:01.260 V/FFmpegMediaPlayer-JNI(30959): getCurrentPosition: 127002 (msec)
10-21 22:17:01.260 V/FFmpegMediaPlayer-JNI(30959): getDuration: 265000 (msec)
10-21 22:17:01.294 V/FFmpegMediaPlayer-JNI(30959): getCurrentPosition: 127002 (msec)
10-21 22:17:01.294 V/FFmpegMediaPlayer-JNI(30959): getDuration: 265000 (msec)
10-21 22:17:01.346 V/FFmpegMediaPlayer-JNI(30959): getCurrentPosition: 127141 (msec)
10-21 22:17:01.346 V/FFmpegMediaPlayer-JNI(30959): getDuration: 265000 (msec)
10-21 22:17:01.378 V/FFmpegMediaPlayer-JNI(30959): getCurrentPosition: 127141 (msec)
10-21 22:17:01.379 V/FFmpegMediaPlayer-JNI(30959): getDuration: 265000 (msec)
10-21 22:17:01.411 V/FFmpegMediaPlayer-JNI(30959): getCurrentPosition: 127141 (msec)
10-21 22:17:01.411 V/FFmpegMediaPlayer-JNI(30959): getDuration: 265000 (msec)
10-21 22:17:01.465 V/FFmpegMediaPlayer-JNI(30959): getCurrentPosition: 127304 (msec)
10-21 22:17:01.465 V/FFmpegMediaPlayer-JNI(30959): getDuration: 265000 (msec)
10-21 22:17:01.499 V/FFmpegMediaPlayer-JNI(30959): getCurrentPosition: 127304 (msec)
10-21 22:17:01.499 V/FFmpegMediaPlayer-JNI(30959): getDuration: 265000 (msec)
10-21 22:17:01.526 D/MusicViewModel(30959): Found 88 liked files (including subfolders), 75 unique
10-21 22:17:01.527 D/MusicViewModel(30959): Updated liked files StateFlow with 75 files
10-21 22:17:01.537 V/FFmpegMediaPlayer-JNI(30959): getCurrentPosition: 127304 (msec)
10-21 22:17:01.537 V/FFmpegMediaPlayer-JNI(30959): getDuration: 265000 (msec)
10-21 22:17:01.543 D/MusicViewModel(30959): Loading rejected files from URI: content://com.android.externalstorage.documents/tree/primary%3AResults/document/primary%3AResults%2FRejected
10-21 22:17:01.569 D/MediaSessionService( 1795): onSessionPlaybackStateChanged: record=com.soundcloud.android/MediaService::MediaSessionTag/115 (userId=0) playbackState=PlaybackState {state=PLAYING(3), position=4519618, buffered position=0, speed=1.0, updated=91915046, actions=84786, custom actions=[Action:mName='STOP_CAST, mIcon=2131231182, mExtras=null], active item id=-1, error=null}
10-21 22:17:01.585 V/FFmpegMediaPlayer-JNI(30959): getCurrentPosition: 127420 (msec)
10-21 22:17:01.585 V/FFmpegMediaPlayer-JNI(30959): getDuration: 265000 (msec)
10-21 22:17:01.618 V/FFmpegMediaPlayer-JNI(30959): getCurrentPosition: 127420 (msec)
10-21 22:17:01.618 V/FFmpegMediaPlayer-JNI(30959): getDuration: 265000 (msec)
10-21 22:17:01.652 V/FFmpegMediaPlayer-JNI(30959): getCurrentPosition: 127420 (msec)
10-21 22:17:01.652 V/FFmpegMediaPlayer-JNI(30959): getDuration: 265000 (msec)
10-21 22:17:01.698 V/FFmpegMediaPlayer-JNI(30959): getCurrentPosition: 127420 (msec)
10-21 22:17:01.698 V/FFmpegMediaPlayer-JNI(30959): getDuration: 265000 (msec)
10-21 22:17:01.731 V/FFmpegMediaPlayer-JNI(30959): getCurrentPosition: 127583 (msec)
10-21 22:17:01.731 V/FFmpegMediaPlayer-JNI(30959): getDuration: 265000 (msec)
10-21 22:17:01.764 V/FFmpegMediaPlayer-JNI(30959): getCurrentPosition: 127583 (msec)
10-21 22:17:01.764 V/FFmpegMediaPlayer-JNI(30959): getDuration: 265000 (msec)
10-21 22:17:01.805 V/FFmpegMediaPlayer-JNI(30959): getCurrentPosition: 127583 (msec)
10-21 22:17:01.805 V/FFmpegMediaPlayer-JNI(30959): getDuration: 265000 (msec)
10-21 22:17:01.839 V/FFmpegMediaPlayer-JNI(30959): getCurrentPosition: 127583 (msec)
10-21 22:17:01.839 V/FFmpegMediaPlayer-JNI(30959): getDuration: 265000 (msec)
10-21 22:17:01.873 V/FFmpegMediaPlayer-JNI(30959): getCurrentPosition: 127722 (msec)
10-21 22:17:01.873 V/FFmpegMediaPlayer-JNI(30959): getDuration: 265000 (msec)
10-21 22:17:01.925 V/FFmpegMediaPlayer-JNI(30959): getCurrentPosition: 127722 (msec)
10-21 22:17:01.925 V/FFmpegMediaPlayer-JNI(30959): getDuration: 265000 (msec)
10-21 22:17:01.938 D/FileManager(30959): Found AIFF file: Akazio - Lie (Extended Mix) [Addictive Sounds].aiff
10-21 22:17:01.941 D/FileManager(30959): Found AIFF file: Phatclap - Check [Calm Coastline Records] (1).aiff
10-21 22:17:01.944 D/FileManager(30959): Found AIFF file: ZEN (SL) - Missing Line [Ferberite Recordings].aiff
10-21 22:17:01.947 D/FileManager(30959): Found AIFF file: Ramin Helvet, DRIZE - Destiny (Angeldust Mix) [Noetic Resonance].aiff
10-21 22:17:01.955 D/FileManager(30959): Found AIFF file: Baran Ozhan - Thoughts [Polarity Underground].aiff
10-21 22:17:01.958 D/FileManager(30959): Found AIFF file: Diego Galloso, Noam Garcia, Tibetania - La Simetria [Tibetania Rituals].aiff
10-21 22:17:01.959 V/FFmpegMediaPlayer-JNI(30959): getCurrentPosition: 127722 (msec)
10-21 22:17:01.959 V/FFmpegMediaPlayer-JNI(30959): getDuration: 265000 (msec)
10-21 22:17:01.960 D/FileManager(30959): Found AIFF file: Loboski, Soldat & streetflicker - BUMP (Original Mix) [Wobbles & Waffles].aiff
10-21 22:17:01.968 D/MusicViewModel(30959): Found 517 rejected files
10-21 22:17:01.970 D/MusicViewModel(30959): Updated rejected files StateFlow with 517 files
10-21 22:17:02.006 V/FFmpegMediaPlayer-JNI(30959): getCurrentPosition: 127861 (msec)
10-21 22:17:02.006 V/FFmpegMediaPlayer-JNI(30959): getDuration: 265000 (msec)
10-21 22:17:02.045 V/FFmpegMediaPlayer-JNI(30959): getCurrentPosition: 127861 (msec)
10-21 22:17:02.045 V/FFmpegMediaPlayer-JNI(30959): getDuration: 265000 (msec)
10-21 22:17:02.070 D/MediaSessionService( 1795): onSessionPlaybackStateChanged: record=com.soundcloud.android/MediaService::MediaSessionTag/115 (userId=0) playbackState=PlaybackState {state=PLAYING(3), position=4520119, buffered position=0, speed=1.0, updated=91915548, actions=84786, custom actions=[Action:mName='STOP_CAST, mIcon=2131231182, mExtras=null], active item id=-1, error=null}
10-21 22:17:02.078 V/FFmpegMediaPlayer-JNI(30959): getCurrentPosition: 127861 (msec)
10-21 22:17:02.079 V/FFmpegMediaPlayer-JNI(30959): getDuration: 265000 (msec)
10-21 22:17:02.111 V/FFmpegMediaPlayer-JNI(30959): getCurrentPosition: 127861 (msec)
10-21 22:17:02.111 V/FFmpegMediaPlayer-JNI(30959): getDuration: 265000 (msec)
10-21 22:17:02.184 V/FFmpegMediaPlayer-JNI(30959): getCurrentPosition: 128000 (msec)
10-21 22:17:02.184 V/FFmpegMediaPlayer-JNI(30959): getDuration: 265000 (msec)
10-21 22:17:02.316 V/FFmpegMediaPlayer-JNI(30959): getCurrentPosition: 128140 (msec)
10-21 22:17:02.316 V/FFmpegMediaPlayer-JNI(30959): getDuration: 265000 (msec)
10-21 22:17:02.382 V/FFmpegMediaPlayer-JNI(30959): getCurrentPosition: 128140 (msec)
10-21 22:17:02.382 V/FFmpegMediaPlayer-JNI(30959): getDuration: 265000 (msec)
10-21 22:17:02.485 V/FFmpegMediaPlayer-JNI(30959): getCurrentPosition: 128279 (msec)
10-21 22:17:02.485 V/FFmpegMediaPlayer-JNI(30959): getDuration: 265000 (msec)
10-21 22:17:02.558 V/FFmpegMediaPlayer-JNI(30959): getCurrentPosition: 128279 (msec)
10-21 22:17:02.558 V/FFmpegMediaPlayer-JNI(30959): getDuration: 265000 (msec)
10-21 22:17:02.576 D/MediaSessionService( 1795): onSessionPlaybackStateChanged: record=com.soundcloud.android/MediaService::MediaSessionTag/115 (userId=0) playbackState=PlaybackState {state=PLAYING(3), position=4520622, buffered position=0, speed=1.0, updated=91916052, actions=84786, custom actions=[Action:mName='STOP_CAST, mIcon=2131231182, mExtras=null], active item id=-1, error=null}
10-21 22:17:02.616 V/FFmpegMediaPlayer-JNI(30959): getCurrentPosition: 128418 (msec)
10-21 22:17:02.616 V/FFmpegMediaPlayer-JNI(30959): getDuration: 265000 (msec)
10-21 22:17:02.674 V/FFmpegMediaPlayer-JNI(30959): getCurrentPosition: 128418 (msec)
10-21 22:17:02.674 V/FFmpegMediaPlayer-JNI(30959): getDuration: 265000 (msec)
10-21 22:17:02.771 V/FFmpegMediaPlayer-JNI(30959): getCurrentPosition: 128558 (msec)
10-21 22:17:02.771 V/FFmpegMediaPlayer-JNI(30959): getDuration: 265000 (msec)
10-21 22:17:02.838 V/FFmpegMediaPlayer-JNI(30959): getCurrentPosition: 128558 (msec)
10-21 22:17:02.838 V/FFmpegMediaPlayer-JNI(30959): getDuration: 265000 (msec)
10-21 22:17:02.913 V/FFmpegMediaPlayer-JNI(30959): getCurrentPosition: 128697 (msec)
10-21 22:17:02.913 V/FFmpegMediaPlayer-JNI(30959): getDuration: 265000 (msec)
10-21 22:17:02.967 V/FFmpegMediaPlayer-JNI(30959): getCurrentPosition: 128697 (msec)
10-21 22:17:02.967 V/FFmpegMediaPlayer-JNI(30959): getDuration: 265000 (msec)
10-21 22:17:03.012 V/FFmpegMediaPlayer-JNI(30959): getCurrentPosition: 128836 (msec)
10-21 22:17:03.012 V/FFmpegMediaPlayer-JNI(30959): getDuration: 265000 (msec)
10-21 22:17:03.051 V/FFmpegMediaPlayer-JNI(30959): getCurrentPosition: 128836 (msec)
10-21 22:17:03.051 V/FFmpegMediaPlayer-JNI(30959): getDuration: 265000 (msec)
10-21 22:17:03.079 D/MediaSessionService( 1795): onSessionPlaybackStateChanged: record=com.soundcloud.android/MediaService::MediaSessionTag/115 (userId=0) playbackState=PlaybackState {state=PLAYING(3), position=4521127, buffered position=0, speed=1.0, updated=91916555, actions=84786, custom actions=[Action:mName='STOP_CAST, mIcon=2131231182, mExtras=null], active item id=-1, error=null}
10-21 22:17:03.085 V/FFmpegMediaPlayer-JNI(30959): getCurrentPosition: 128836 (msec)
10-21 22:17:03.085 V/FFmpegMediaPlayer-JNI(30959): getDuration: 265000 (msec)
10-21 22:17:03.119 V/FFmpegMediaPlayer-JNI(30959): getCurrentPosition: 128836 (msec)
10-21 22:17:03.119 V/FFmpegMediaPlayer-JNI(30959): getDuration: 265000 (msec)
10-21 22:17:03.154 V/FFmpegMediaPlayer-JNI(30959): getCurrentPosition: 128976 (msec)
10-21 22:17:03.154 V/FFmpegMediaPlayer-JNI(30959): getDuration: 265000 (msec)
10-21 22:17:03.187 V/FFmpegMediaPlayer-JNI(30959): getCurrentPosition: 128976 (msec)
10-21 22:17:03.187 V/FFmpegMediaPlayer-JNI(30959): getDuration: 265000 (msec)
10-21 22:17:03.221 V/FFmpegMediaPlayer-JNI(30959): getCurrentPosition: 128976 (msec)
10-21 22:17:03.221 V/FFmpegMediaPlayer-JNI(30959): getDuration: 265000 (msec)
10-21 22:17:03.258 V/FFmpegMediaPlayer-JNI(30959): getCurrentPosition: 128976 (msec)
10-21 22:17:03.258 V/FFmpegMediaPlayer-JNI(30959): getDuration: 265000 (msec)
10-21 22:17:03.292 V/FFmpegMediaPlayer-JNI(30959): getCurrentPosition: 129115 (msec)
10-21 22:17:03.293 V/FFmpegMediaPlayer-JNI(30959): getDuration: 265000 (msec)
10-21 22:17:03.352 V/FFmpegMediaPlayer-JNI(30959): getCurrentPosition: 129115 (msec)
10-21 22:17:03.352 V/FFmpegMediaPlayer-JNI(30959): getDuration: 265000 (msec)
10-21 22:17:03.439 V/FFmpegMediaPlayer-JNI(30959): getCurrentPosition: 129254 (msec)
10-21 22:17:03.440 V/FFmpegMediaPlayer-JNI(30959): getDuration: 265000 (msec)
10-21 22:17:03.547 V/FFmpegMediaPlayer-JNI(30959): getCurrentPosition: 129254 (msec)
10-21 22:17:03.547 V/FFmpegMediaPlayer-JNI(30959): getDuration: 265000 (msec)
10-21 22:17:03.582 D/MediaSessionService( 1795): onSessionPlaybackStateChanged: record=com.soundcloud.android/MediaService::MediaSessionTag/115 (userId=0) playbackState=PlaybackState {state=PLAYING(3), position=4521631, buffered position=0, speed=1.0, updated=91917059, actions=84786, custom actions=[Action:mName='STOP_CAST, mIcon=2131231182, mExtras=null], active item id=-1, error=null}
10-21 22:17:03.597 V/FFmpegMediaPlayer-JNI(30959): getCurrentPosition: 129394 (msec)
10-21 22:17:03.597 V/FFmpegMediaPlayer-JNI(30959): getDuration: 265000 (msec)
10-21 22:17:03.662 V/FFmpegMediaPlayer-JNI(30959): getCurrentPosition: 129394 (msec)
10-21 22:17:03.662 V/FFmpegMediaPlayer-JNI(30959): getDuration: 265000 (msec)
10-21 22:17:03.697 V/FFmpegMediaPlayer-JNI(30959): getCurrentPosition: 129533 (msec)
10-21 22:17:03.697 V/FFmpegMediaPlayer-JNI(30959): getDuration: 265000 (msec)
10-21 22:17:03.729 V/FFmpegMediaPlayer-JNI(30959): getCurrentPosition: 129533 (msec)
10-21 22:17:03.730 V/FFmpegMediaPlayer-JNI(30959): getDuration: 265000 (msec)
10-21 22:17:03.764 V/FFmpegMediaPlayer-JNI(30959): getCurrentPosition: 129533 (msec)
10-21 22:17:03.764 V/FFmpegMediaPlayer-JNI(30959): getDuration: 265000 (msec)
10-21 22:17:03.798 V/FFmpegMediaPlayer-JNI(30959): getCurrentPosition: 129533 (msec)
10-21 22:17:03.798 V/FFmpegMediaPlayer-JNI(30959): getDuration: 265000 (msec)
10-21 22:17:03.833 V/FFmpegMediaPlayer-JNI(30959): getCurrentPosition: 129533 (msec)
10-21 22:17:03.833 V/FFmpegMediaPlayer-JNI(30959): getDuration: 265000 (msec)
10-21 22:17:03.868 V/FFmpegMediaPlayer-JNI(30959): getCurrentPosition: 129696 (msec)
10-21 22:17:03.869 V/FFmpegMediaPlayer-JNI(30959): getDuration: 265000 (msec)
10-21 22:17:03.902 V/FFmpegMediaPlayer-JNI(30959): getCurrentPosition: 129696 (msec)
10-21 22:17:03.903 V/FFmpegMediaPlayer-JNI(30959): getDuration: 265000 (msec)
10-21 22:17:03.938 V/FFmpegMediaPlayer-JNI(30959): getCurrentPosition: 129696 (msec)
10-21 22:17:03.938 V/FFmpegMediaPlayer-JNI(30959): getDuration: 265000 (msec)
10-21 22:17:03.974 V/FFmpegMediaPlayer-JNI(30959): getCurrentPosition: 129812 (msec)
10-21 22:17:03.975 V/FFmpegMediaPlayer-JNI(30959): getDuration: 265000 (msec)
10-21 22:17:04.012 V/FFmpegMediaPlayer-JNI(30959): getCurrentPosition: 129812 (msec)
10-21 22:17:04.012 V/FFmpegMediaPlayer-JNI(30959): getDuration: 265000 (msec)
10-21 22:17:04.045 V/FFmpegMediaPlayer-JNI(30959): getCurrentPosition: 129812 (msec)
10-21 22:17:04.045 V/FFmpegMediaPlayer-JNI(30959): getDuration: 265000 (msec)
10-21 22:17:04.084 D/MediaSessionService( 1795): onSessionPlaybackStateChanged: record=com.soundcloud.android/MediaService::MediaSessionTag/115 (userId=0) playbackState=PlaybackState {state=PLAYING(3), position=4522133, buffered position=0, speed=1.0, updated=91917561, actions=84786, custom actions=[Action:mName='STOP_CAST, mIcon=2131231182, mExtras=null], active item id=-1, error=null}
10-21 22:17:04.151 V/FFmpegMediaPlayer-JNI(30959): getCurrentPosition: 129974 (msec)
10-21 22:17:04.151 V/FFmpegMediaPlayer-JNI(30959): getDuration: 265000 (msec)
10-21 22:17:04.237 V/FFmpegMediaPlayer-JNI(30959): getCurrentPosition: 129974 (msec)
10-21 22:17:04.237 V/FFmpegMediaPlayer-JNI(30959): getDuration: 265000 (msec)
10-21 22:17:04.326 V/FFmpegMediaPlayer-JNI(30959): getCurrentPosition: 130090 (msec)
10-21 22:17:04.326 V/FFmpegMediaPlayer-JNI(30959): getDuration: 265000 (msec)
10-21 22:17:04.384 V/FFmpegMediaPlayer-JNI(30959): getCurrentPosition: 130090 (msec)
10-21 22:17:04.384 V/FFmpegMediaPlayer-JNI(30959): getDuration: 265000 (msec)
10-21 22:17:04.417 V/FFmpegMediaPlayer-JNI(30959): getCurrentPosition: 130253 (msec)
10-21 22:17:04.417 V/FFmpegMediaPlayer-JNI(30959): getDuration: 265000 (msec)
10-21 22:17:04.454 V/FFmpegMediaPlayer-JNI(30959): getCurrentPosition: 130253 (msec)
10-21 22:17:04.454 V/FFmpegMediaPlayer-JNI(30959): getDuration: 265000 (msec)
10-21 22:17:04.488 V/FFmpegMediaPlayer-JNI(30959): getCurrentPosition: 130253 (msec)
10-21 22:17:04.488 V/FFmpegMediaPlayer-JNI(30959): getDuration: 265000 (msec)
10-21 22:17:04.521 V/FFmpegMediaPlayer-JNI(30959): getCurrentPosition: 130253 (msec)
10-21 22:17:04.521 V/FFmpegMediaPlayer-JNI(30959): getDuration: 265000 (msec)
10-21 22:17:04.554 V/FFmpegMediaPlayer-JNI(30959): getCurrentPosition: 130369 (msec)
10-21 22:17:04.555 V/FFmpegMediaPlayer-JNI(30959): getDuration: 265000 (msec)
10-21 22:17:04.586 D/MediaSessionService( 1795): onSessionPlaybackStateChanged: record=com.soundcloud.android/MediaService::MediaSessionTag/115 (userId=0) playbackState=PlaybackState {state=PLAYING(3), position=4522635, buffered position=0, speed=1.0, updated=91918063, actions=84786, custom actions=[Action:mName='STOP_CAST, mIcon=2131231182, mExtras=null], active item id=-1, error=null}
10-21 22:17:04.589 V/FFmpegMediaPlayer-JNI(30959): getCurrentPosition: 130369 (msec)
10-21 22:17:04.589 V/FFmpegMediaPlayer-JNI(30959): getDuration: 265000 (msec)
10-21 22:17:04.623 V/FFmpegMediaPlayer-JNI(30959): getCurrentPosition: 130369 (msec)
10-21 22:17:04.623 V/FFmpegMediaPlayer-JNI(30959): getDuration: 265000 (msec)
10-21 22:17:04.659 V/FFmpegMediaPlayer-JNI(30959): getCurrentPosition: 130369 (msec)
10-21 22:17:04.659 V/FFmpegMediaPlayer-JNI(30959): getDuration: 265000 (msec)
10-21 22:17:04.694 V/FFmpegMediaPlayer-JNI(30959): getCurrentPosition: 130531 (msec)
10-21 22:17:04.694 V/FFmpegMediaPlayer-JNI(30959): getDuration: 265000 (msec)
10-21 22:17:04.727 V/FFmpegMediaPlayer-JNI(30959): getCurrentPosition: 130531 (msec)
10-21 22:17:04.727 V/FFmpegMediaPlayer-JNI(30959): getDuration: 265000 (msec)
10-21 22:17:04.763 V/FFmpegMediaPlayer-JNI(30959): getCurrentPosition: 130531 (msec)
10-21 22:17:04.763 V/FFmpegMediaPlayer-JNI(30959): getDuration: 265000 (msec)
10-21 22:17:04.798 V/FFmpegMediaPlayer-JNI(30959): getCurrentPosition: 130531 (msec)
10-21 22:17:04.798 V/FFmpegMediaPlayer-JNI(30959): getDuration: 265000 (msec)
10-21 22:17:04.832 V/FFmpegMediaPlayer-JNI(30959): getCurrentPosition: 130648 (msec)
10-21 22:17:04.833 V/FFmpegMediaPlayer-JNI(30959): getDuration: 265000 (msec)
10-21 22:17:04.866 V/FFmpegMediaPlayer-JNI(30959): getCurrentPosition: 130648 (msec)
10-21 22:17:04.866 V/FFmpegMediaPlayer-JNI(30959): getDuration: 265000 (msec)
10-21 22:17:04.890 D/MusicViewModel(30959): Loading AIFF file: 01 Fractal Architect - Show Me [24 Bit Master].aiff
10-21 22:17:04.890 D/AudioManager(30959): Attempting to play file: 01 Fractal Architect - Show Me [24 Bit Master].aiff
10-21 22:17:04.890 D/AudioManager(30959): File URI: content://com.android.externalstorage.documents/tree/primary%3AAndroid%2Fmedia%2Fcom.whatsapp%2FWhatsApp%2FMedia%2FWhatsApp%20Documents/document/primary%3AAndroid%2Fmedia%2Fcom.whatsapp%2FWhatsApp%2FMedia%2FWhatsApp%20Documents%2FPrivate%2F01%20Fractal%20Architect%20-%20Show%20Me%20%5B24%20Bit%20Master%5D.aiff
10-21 22:17:04.890 D/AudioManager(30959): Stopping all playback before starting new file
10-21 22:17:04.890 V/FFmpegMediaPlayer-JNI(30959): isPlaying: 1
10-21 22:17:04.890 V/FFmpegMediaPlayer-JNI(30959): stop
10-21 22:17:04.899 D/AudioManager(30959): FFmpegMediaPlayer stopped
10-21 22:17:04.899 V/FFmpegMediaPlayer-JNI(30959): reset
10-21 22:17:04.899 D/AudioManager(30959): FFmpegMediaPlayer reset
10-21 22:17:04.899 D/AudioManager(30959): ExoPlayer cleared
10-21 22:17:04.899 D/AudioManager(30959): All playback stopped successfully
10-21 22:17:04.899 D/AudioManager(30959): AIFF file detected: 01 Fractal Architect - Show Me [24 Bit Master].aiff
