10-07 07:29:29.631 D/MediaSessionService( 1579): onSessionPlaybackStateChanged: record=com.example.mobiledigger/androidx.media3.session.id./120 (userId=0) playbackState=PlaybackState {state=ERROR(7), position=0, buffered position=0, speed=0.0, updated=116211097, actions=7339703, custom actions=[], active item id=0, error=Source error}
10-07 07:29:29.828 I/WifiHAL ( 1074): In GetCachedScanResultsCommand::handleResponse
10-07 07:29:32.904 I/WifiHAL ( 1074): In GetCachedScanResultsCommand::handleResponse
10-07 07:29:35.980 I/WifiHAL ( 1074): In GetCachedScanResultsCommand::handleResponse
10-07 07:29:38.970 I/WifiHAL ( 1074): In GetCachedScanResultsCommand::handleResponse
10-07 07:29:39.059 I/WifiHAL ( 1074): In GetCachedScanResultsCommand::handleResponse
10-07 07:29:42.152 I/WifiHAL ( 1074): In GetCachedScanResultsCommand::handleResponse
10-07 07:29:45.247 I/WifiHAL ( 1074): In GetCachedScanResultsCommand::handleResponse
10-07 07:29:48.341 I/WifiHAL ( 1074): In GetCachedScanResultsCommand::handleResponse
10-07 07:29:51.415 I/WifiHAL ( 1074): In GetCachedScanResultsCommand::handleResponse
10-07 07:29:54.491 I/WifiHAL ( 1074): In GetCachedScanResultsCommand::handleResponse
10-07 07:29:57.572 I/WifiHAL ( 1074): In GetCachedScanResultsCommand::handleResponse
10-07 07:30:00.648 I/WifiHAL ( 1074): In GetCachedScanResultsCommand::handleResponse
10-07 07:30:03.725 I/WifiHAL ( 1074): In GetCachedScanResultsCommand::handleResponse
10-07 07:30:06.802 I/WifiHAL ( 1074): In GetCachedScanResultsCommand::handleResponse
10-07 07:30:09.865 I/WifiHAL ( 1074): In GetCachedScanResultsCommand::handleResponse
10-07 07:30:12.932 I/WifiHAL ( 1074): In GetCachedScanResultsCommand::handleResponse
10-07 07:30:16.016 I/WifiHAL ( 1074): In GetCachedScanResultsCommand::handleResponse
10-07 07:30:19.103 I/WifiHAL ( 1074): In GetCachedScanResultsCommand::handleResponse
10-07 07:30:22.179 I/WifiHAL ( 1074): In GetCachedScanResultsCommand::handleResponse
10-07 07:30:25.254 I/WifiHAL ( 1074): In GetCachedScanResultsCommand::handleResponse
10-07 07:30:28.354 I/WifiHAL ( 1074): In GetCachedScanResultsCommand::handleResponse
10-07 07:30:31.446 I/WifiHAL ( 1074): In GetCachedScanResultsCommand::handleResponse
10-07 07:30:34.551 I/WifiHAL ( 1074): In GetCachedScanResultsCommand::handleResponse
10-07 07:30:37.647 I/WifiHAL ( 1074): In GetCachedScanResultsCommand::handleResponse
10-07 07:30:40.771 I/WifiHAL ( 1074): In GetCachedScanResultsCommand::handleResponse
10-07 07:30:42.443 I/WifiHAL ( 1074): In GetCachedScanResultsCommand::handleResponse
10-07 07:30:43.856 I/WifiHAL ( 1074): In GetCachedScanResultsCommand::handleResponse
10-07 07:30:46.934 I/WifiHAL ( 1074): In GetCachedScanResultsCommand::handleResponse
10-07 07:30:49.996 I/WifiHAL ( 1074): In GetCachedScanResultsCommand::handleResponse
10-07 07:30:50.756 I/AppExitInfoManager(31685): getExitInfo() exitType: ANR
10-07 07:30:52.732 D/MusicServiceCallback( 7509): HEADPHONE NEXT → map to DISLIKE (single)
10-07 07:30:52.738 D/MusicService( 7509): Notification action: DISLIKE
10-07 07:30:52.739 D/MusicViewModel(29984): Safe sorting file: Roberto Palmero - Amayette [WERE HERE].aiff with action DISLIKE
10-07 07:30:52.809 D/FileManager(29984): Source file found: Roberto Palmero - Amayette [WERE HERE].aiff, exists: true, canRead: true
10-07 07:30:53.068 I/WifiHAL ( 1074): In GetCachedScanResultsCommand::handleResponse
10-07 07:30:54.724 D/AudioManager(29984): ExoPlayer cleared
10-07 07:30:54.726 D/MusicViewModel(29984): Loading AIFF file: Ucha - Fuerza (Original) [VILLAHANGAR].aiff
10-07 07:30:54.726 D/AudioManager(29984): ExoPlayer cleared
10-07 07:30:54.726 D/AudioManager(29984): Trying FFmpegMediaPlayer for AIFF (ExoPlayer doesn't support AIFF)
10-07 07:30:55.934 D/MusicViewModel(29984): Playback started successfully for Ucha - Fuerza (Original) [VILLAHANGAR].aiff
10-07 07:30:55.937 D/MusicViewModel(29984): MusicService started successfully.
10-07 07:30:55.941 D/MusicViewModel(29984): Preloaded next song: Lion, Ikinya - Agua Doce (Shmina Remix) [VILLAHANGAR].aiff
10-07 07:30:55.951 D/MusicService( 7509): Started foreground service with notification
10-07 07:30:55.952 D/MusicService( 7509): updateNotificationData - Title: Ucha - Fuerza (Original) [VILLAHANGAR].aiff, Playing: true, Position: 0, Duration: 0
10-07 07:30:55.955 D/MediaSessionService( 1579): onSessionPlaybackStateChanged: record=com.example.mobiledigger/androidx.media3.session.id./120 (userId=0) playbackState=PlaybackState {state=ERROR(7), position=0, buffered position=0, speed=0.0, updated=116297422, actions=7339703, custom actions=[], active item id=0, error=Source error}
10-07 07:30:55.956 D/MusicService( 7509): Player (MediaSession) onMediaItemTransition reason: 3
10-07 07:30:55.956 D/MediaSessionService( 1579): onSessionPlaybackStateChanged: record=com.example.mobiledigger/androidx.media3.session.id./120 (userId=0) playbackState=PlaybackState {state=ERROR(7), position=0, buffered position=0, speed=0.0, updated=116297423, actions=7339703, custom actions=[], active item id=0, error=Source error}
10-07 07:30:55.958 D/MusicService( 7509): Player (MediaSession) onPlaybackStateChanged: 2, Duration: -9223372036854775807, Position: 0
10-07 07:30:55.965 D/MusicService( 7509): MediaSession player updated - URI: , Title: Ucha - Fuerza (Original) [VILLAHANGAR].aiff, Duration in Meta: 0
10-07 07:30:56.028 D/ResourceManager(29984): 	at com.example.mobiledigger.viewmodel.MusicViewModel.extractDuration(MusicViewModel.kt:1104)
10-07 07:30:56.028 D/ResourceManager(29984): 	at com.example.mobiledigger.viewmodel.MusicViewModel.access$extractDuration(MusicViewModel.kt:52)
10-07 07:30:56.028 D/ResourceManager(29984): 	at com.example.mobiledigger.viewmodel.MusicViewModel$loadCurrentFile$1.invokeSuspend(MusicViewModel.kt:1054)
10-07 07:30:56.068 D/ResourceManager(29984): 	at com.example.mobiledigger.viewmodel.MusicViewModel.extractDuration(MusicViewModel.kt:1104)
10-07 07:30:56.068 D/ResourceManager(29984): 	at com.example.mobiledigger.viewmodel.MusicViewModel.access$extractDuration(MusicViewModel.kt:52)
10-07 07:30:56.068 D/ResourceManager(29984): 	at com.example.mobiledigger.viewmodel.MusicViewModel$loadCurrentFile$1.invokeSuspend(MusicViewModel.kt:1054)
10-07 07:30:56.140 I/WifiHAL ( 1074): In GetCachedScanResultsCommand::handleResponse
10-07 07:30:56.157 D/MusicViewModel(29984): Refreshed all playlists
10-07 07:30:56.160 D/MusicViewModel(29984): Loading liked files from destination folder: Results
10-07 07:30:56.655 D/MusicViewModel(29984): Found 97 liked files (including subfolders), 84 unique
10-07 07:30:56.658 D/MusicViewModel(29984): Updated liked files StateFlow with 84 files
10-07 07:30:56.673 D/MusicViewModel(29984): Loading rejected files from URI: content://com.android.externalstorage.documents/tree/primary%3AResults/document/primary%3AResults%2FRejected
10-07 07:30:56.916 D/MusicViewModel(29984): Found 268 rejected files
10-07 07:30:56.918 D/MusicViewModel(29984): Updated rejected files StateFlow with 268 files
10-07 07:30:58.650 D/MusicViewModel(29984): Periodic cache clearing completed (memory usage: 73%)
10-07 07:30:58.983 E/ExoPlayerImplInternal( 7509): Playback error
10-07 07:30:58.983 E/ExoPlayerImplInternal( 7509):   androidx.media3.exoplayer.ExoPlaybackException: Source error
10-07 07:30:58.983 E/ExoPlayerImplInternal( 7509):       at androidx.media3.exoplayer.ExoPlayerImplInternal.handleIoException(ExoPlayerImplInternal.java:717)
10-07 07:30:58.983 E/ExoPlayerImplInternal( 7509):       at androidx.media3.exoplayer.ExoPlayerImplInternal.handleMessage(ExoPlayerImplInternal.java:689)
10-07 07:30:58.983 E/ExoPlayerImplInternal( 7509):       at android.os.Handler.dispatchMessage(Handler.java:106)
10-07 07:30:58.983 E/ExoPlayerImplInternal( 7509):       at android.os.Looper.dispatchMessage(Looper.java:315)
10-07 07:30:58.983 E/ExoPlayerImplInternal( 7509):       at android.os.Looper.loopOnce(Looper.java:251)
10-07 07:30:58.983 E/ExoPlayerImplInternal( 7509):       at android.os.Looper.loop(Looper.java:349)
10-07 07:30:58.983 E/ExoPlayerImplInternal( 7509):       at android.os.HandlerThread.run(HandlerThread.java:100)
10-07 07:30:58.983 E/ExoPlayerImplInternal( 7509):   Caused by: androidx.media3.datasource.FileDataSource$FileDataSourceException: java.io.FileNotFoundException: : open failed: ENOENT (No such file or directory)
10-07 07:30:58.983 E/ExoPlayerImplInternal( 7509):       at androidx.media3.datasource.FileDataSource.openLocalFile(FileDataSource.java:205)
10-07 07:30:58.983 E/ExoPlayerImplInternal( 7509):       at androidx.media3.datasource.FileDataSource.open(FileDataSource.java:116)
10-07 07:30:58.983 E/ExoPlayerImplInternal( 7509):       at androidx.media3.datasource.DefaultDataSource.open(DefaultDataSource.java:275)
10-07 07:30:58.983 E/ExoPlayerImplInternal( 7509):       at androidx.media3.datasource.StatsDataSource.open(StatsDataSource.java:86)
10-07 07:30:58.983 E/ExoPlayerImplInternal( 7509):       at androidx.media3.exoplayer.source.ProgressiveMediaPeriod$ExtractingLoadable.load(ProgressiveMediaPeriod.java:1029)
10-07 07:30:58.983 E/ExoPlayerImplInternal( 7509):       at androidx.media3.exoplayer.upstream.Loader$LoadTask.run(Loader.java:421)
10-07 07:30:58.983 E/ExoPlayerImplInternal( 7509):       at java.util.concurrent.ThreadPoolExecutor.runWorker(ThreadPoolExecutor.java:1156)
10-07 07:30:58.983 E/ExoPlayerImplInternal( 7509):       at java.util.concurrent.ThreadPoolExecutor$Worker.run(ThreadPoolExecutor.java:651)
10-07 07:30:58.983 E/ExoPlayerImplInternal( 7509):       at java.lang.Thread.run(Thread.java:1119)
10-07 07:30:58.983 E/ExoPlayerImplInternal( 7509):   Caused by: java.io.FileNotFoundException: : open failed: ENOENT (No such file or directory)
10-07 07:30:58.983 E/ExoPlayerImplInternal( 7509):       at libcore.io.IoBridge.open(IoBridge.java:574)
10-07 07:30:58.983 E/ExoPlayerImplInternal( 7509):       at java.io.RandomAccessFile.<init>(RandomAccessFile.java:307)
10-07 07:30:58.983 E/ExoPlayerImplInternal( 7509):       at java.io.RandomAccessFile.<init>(RandomAccessFile.java:237)
10-07 07:30:58.983 E/ExoPlayerImplInternal( 7509):       at java.io.RandomAccessFile.<init>(RandomAccessFile.java:154)
10-07 07:30:58.983 E/ExoPlayerImplInternal( 7509):       at androidx.media3.datasource.FileDataSource.openLocalFile(FileDataSource.java:186)
10-07 07:30:58.983 E/ExoPlayerImplInternal( 7509):       ... 8 more
10-07 07:30:58.983 E/ExoPlayerImplInternal( 7509):   Caused by: android.system.ErrnoException: open failed: ENOENT (No such file or directory)
10-07 07:30:58.983 E/ExoPlayerImplInternal( 7509):       at libcore.io.Linux.open(Native Method)
10-07 07:30:58.983 E/ExoPlayerImplInternal( 7509):       at libcore.io.ForwardingOs.open(ForwardingOs.java:568)
10-07 07:30:58.983 E/ExoPlayerImplInternal( 7509):       at libcore.io.BlockGuardOs.open(BlockGuardOs.java:274)
10-07 07:30:58.983 E/ExoPlayerImplInternal( 7509):       at libcore.io.ForwardingOs.open(ForwardingOs.java:568)
10-07 07:30:58.983 E/ExoPlayerImplInternal( 7509):       at android.app.AndroidForwardingOs.open(AndroidForwardingOs.java:120)
10-07 07:30:58.983 E/ExoPlayerImplInternal( 7509):       at libcore.io.IoBridge.open(IoBridge.java:560)
10-07 07:30:58.983 E/ExoPlayerImplInternal( 7509):       ... 12 more
10-07 07:30:59.004 D/MusicService( 7509): Player (MediaSession) Error: Source error
10-07 07:30:59.004 D/MusicService( 7509): androidx.media3.exoplayer.ExoPlaybackException: Source error
10-07 07:30:59.004 D/MusicService( 7509): 	at androidx.media3.exoplayer.ExoPlayerImplInternal.handleIoException(ExoPlayerImplInternal.java:717)
10-07 07:30:59.004 D/MusicService( 7509): 	at androidx.media3.exoplayer.ExoPlayerImplInternal.handleMessage(ExoPlayerImplInternal.java:689)
10-07 07:30:59.004 D/MusicService( 7509): 	at android.os.Handler.dispatchMessage(Handler.java:106)
10-07 07:30:59.004 D/MusicService( 7509): 	at android.os.Looper.dispatchMessage(Looper.java:315)
10-07 07:30:59.004 D/MusicService( 7509): 	at android.os.Looper.loopOnce(Looper.java:251)
10-07 07:30:59.004 D/MusicService( 7509): 	at android.os.Looper.loop(Looper.java:349)
10-07 07:30:59.004 D/MusicService( 7509): 	at android.os.HandlerThread.run(HandlerThread.java:100)
10-07 07:30:59.004 D/MusicService( 7509): Caused by: androidx.media3.datasource.FileDataSource$FileDataSourceException: java.io.FileNotFoundException: : open failed: ENOENT (No such file or directory)
10-07 07:30:59.004 D/MusicService( 7509): 	at androidx.media3.datasource.FileDataSource.openLocalFile(FileDataSource.java:205)
10-07 07:30:59.004 D/MusicService( 7509): 	at androidx.media3.datasource.FileDataSource.open(FileDataSource.java:116)
10-07 07:30:59.004 D/MusicService( 7509): 	at androidx.media3.datasource.DefaultDataSource.open(DefaultDataSource.java:275)
10-07 07:30:59.004 D/MusicService( 7509): 	at androidx.media3.datasource.StatsDataSource.open(StatsDataSource.java:86)
10-07 07:30:59.004 D/MusicService( 7509): 	at androidx.media3.exoplayer.source.ProgressiveMediaPeriod$ExtractingLoadable.load(ProgressiveMediaPeriod.java:1029)
10-07 07:30:59.004 D/MusicService( 7509): 	at androidx.media3.exoplayer.upstream.Loader$LoadTask.run(Loader.java:421)
10-07 07:30:59.004 D/MusicService( 7509): 	at java.util.concurrent.ThreadPoolExecutor.runWorker(ThreadPoolExecutor.java:1156)
10-07 07:30:59.004 D/MusicService( 7509): 	at java.util.concurrent.ThreadPoolExecutor$Worker.run(ThreadPoolExecutor.java:651)
10-07 07:30:59.004 D/MusicService( 7509): 	at java.lang.Thread.run(Thread.java:1119)
10-07 07:30:59.004 D/MusicService( 7509): Caused by: java.io.FileNotFoundException: : open failed: ENOENT (No such file or directory)
10-07 07:30:59.004 D/MusicService( 7509): 	at libcore.io.IoBridge.open(IoBridge.java:574)
10-07 07:30:59.004 D/MusicService( 7509): 	at java.io.RandomAccessFile.<init>(RandomAccessFile.java:307)
10-07 07:30:59.004 D/MusicService( 7509): 	at java.io.RandomAccessFile.<init>(RandomAccessFile.java:237)
10-07 07:30:59.004 D/MusicService( 7509): 	at java.io.RandomAccessFile.<init>(RandomAccessFile.java:154)
10-07 07:30:59.004 D/MusicService( 7509): 	at androidx.media3.datasource.FileDataSource.openLocalFile(FileDataSource.java:186)
10-07 07:30:59.004 D/MusicService( 7509): 	... 8 more
10-07 07:30:59.004 D/MusicService( 7509): Caused by: android.system.ErrnoException: open failed: ENOENT (No such file or directory)
10-07 07:30:59.004 D/MusicService( 7509): 	at libcore.io.Linux.open(Native Method)
10-07 07:30:59.004 D/MusicService( 7509): 	at libcore.io.ForwardingOs.open(ForwardingOs.java:568)
10-07 07:30:59.004 D/MusicService( 7509): 	at libcore.io.BlockGuardOs.open(BlockGuardOs.java:274)
10-07 07:30:59.004 D/MusicService( 7509): 	at libcore.io.ForwardingOs.open(ForwardingOs.java:568)
10-07 07:30:59.004 D/MusicService( 7509): 	at android.app.AndroidForwardingOs.open(AndroidForwardingOs.java:120)
10-07 07:30:59.004 D/MusicService( 7509): 	at libcore.io.IoBridge.open(IoBridge.java:560)
10-07 07:30:59.004 D/MusicService( 7509): 	... 12 more
10-07 07:30:59.009 D/MediaSessionService( 1579): onSessionPlaybackStateChanged: record=com.example.mobiledigger/androidx.media3.session.id./120 (userId=0) playbackState=PlaybackState {state=ERROR(7), position=0, buffered position=0, speed=0.0, updated=116300475, actions=7339703, custom actions=[], active item id=0, error=Source error}
10-07 07:30:59.012 D/MusicService( 7509): Player (MediaSession) onPlaybackStateChanged: 1, Duration: -9223372036854775807, Position: 0
10-07 07:30:59.023 D/MediaSessionService( 1579): onSessionPlaybackStateChanged: record=com.example.mobiledigger/androidx.media3.session.id./120 (userId=0) playbackState=PlaybackState {state=ERROR(7), position=0, buffered position=0, speed=0.0, updated=116300490, actions=7339703, custom actions=[], active item id=0, error=Source error}
10-07 07:30:59.241 I/WifiHAL ( 1074): In GetCachedScanResultsCommand::handleResponse
10-07 07:31:02.323 I/WifiHAL ( 1074): In GetCachedScanResultsCommand::handleResponse
10-07 07:31:05.421 I/WifiHAL ( 1074): In GetCachedScanResultsCommand::handleResponse
10-07 07:31:08.525 I/WifiHAL ( 1074): In GetCachedScanResultsCommand::handleResponse
10-07 07:31:11.618 I/WifiHAL ( 1074): In GetCachedScanResultsCommand::handleResponse
10-07 07:31:14.696 I/WifiHAL ( 1074): In GetCachedScanResultsCommand::handleResponse
10-07 07:31:17.765 I/WifiHAL ( 1074): In GetCachedScanResultsCommand::handleResponse
10-07 07:31:20.826 I/WifiHAL ( 1074): In GetCachedScanResultsCommand::handleResponse
10-07 07:31:23.891 I/WifiHAL ( 1074): In GetCachedScanResultsCommand::handleResponse
10-07 07:31:26.961 I/WifiHAL ( 1074): In GetCachedScanResultsCommand::handleResponse
10-07 07:31:30.045 I/WifiHAL ( 1074): In GetCachedScanResultsCommand::handleResponse
10-07 07:31:33.135 I/WifiHAL ( 1074): In GetCachedScanResultsCommand::handleResponse
10-07 07:31:36.215 I/WifiHAL ( 1074): In GetCachedScanResultsCommand::handleResponse
10-07 07:31:39.302 I/WifiHAL ( 1074): In GetCachedScanResultsCommand::handleResponse
10-07 07:31:42.381 I/WifiHAL ( 1074): In GetCachedScanResultsCommand::handleResponse
10-07 07:31:44.082 D/MusicViewModel(29984): Safe sorting file: Ucha - Fuerza (Original) [VILLAHANGAR].aiff with action DISLIKE
10-07 07:31:44.107 D/FileManager(29984): Source file found: Ucha - Fuerza (Original) [VILLAHANGAR].aiff, exists: true, canRead: true
10-07 07:31:45.449 I/WifiHAL ( 1074): In GetCachedScanResultsCommand::handleResponse
10-07 07:31:45.779 D/AudioManager(29984): ExoPlayer cleared
10-07 07:31:45.781 D/MusicViewModel(29984): Loading AIFF file: Lion, Ikinya - Agua Doce (Shmina Remix) [VILLAHANGAR].aiff
10-07 07:31:45.781 D/AudioManager(29984): ExoPlayer cleared
10-07 07:31:45.781 D/AudioManager(29984): Trying FFmpegMediaPlayer for AIFF (ExoPlayer doesn't support AIFF)
10-07 07:31:47.000 D/MusicViewModel(29984): Playback started successfully for Lion, Ikinya - Agua Doce (Shmina Remix) [VILLAHANGAR].aiff
10-07 07:31:47.007 D/MusicViewModel(29984): MusicService started successfully.
10-07 07:31:47.012 D/MusicViewModel(29984): Preloaded next song: Kanye West - Closed On Sunday (Hoodia Remix).wav
10-07 07:31:47.022 D/MusicService( 7509): Started foreground service with notification
10-07 07:31:47.023 D/MusicService( 7509): updateNotificationData - Title: Lion, Ikinya - Agua Doce (Shmina Remix) [VILLAHANGAR].aiff, Playing: true, Position: 0, Duration: 0
10-07 07:31:47.030 D/MediaSessionService( 1579): onSessionPlaybackStateChanged: record=com.example.mobiledigger/androidx.media3.session.id./120 (userId=0) playbackState=PlaybackState {state=ERROR(7), position=0, buffered position=0, speed=0.0, updated=116348496, actions=7339703, custom actions=[], active item id=0, error=Source error}
10-07 07:31:47.032 D/MusicService( 7509): Player (MediaSession) onMediaItemTransition reason: 3
10-07 07:31:47.034 D/MediaSessionService( 1579): onSessionPlaybackStateChanged: record=com.example.mobiledigger/androidx.media3.session.id./120 (userId=0) playbackState=PlaybackState {state=ERROR(7), position=0, buffered position=0, speed=0.0, updated=116348500, actions=7339703, custom actions=[], active item id=0, error=Source error}
10-07 07:31:47.041 D/MusicService( 7509): Player (MediaSession) onPlaybackStateChanged: 2, Duration: -9223372036854775807, Position: 0
10-07 07:31:47.054 D/MusicService( 7509): MediaSession player updated - URI: , Title: Lion, Ikinya - Agua Doce (Shmina Remix) [VILLAHANGAR].aiff, Duration in Meta: 0
10-07 07:31:47.092 D/ResourceManager(29984): 	at com.example.mobiledigger.viewmodel.MusicViewModel.extractDuration(MusicViewModel.kt:1104)
10-07 07:31:47.092 D/ResourceManager(29984): 	at com.example.mobiledigger.viewmodel.MusicViewModel.access$extractDuration(MusicViewModel.kt:52)
10-07 07:31:47.092 D/ResourceManager(29984): 	at com.example.mobiledigger.viewmodel.MusicViewModel$loadCurrentFile$1.invokeSuspend(MusicViewModel.kt:1054)
10-07 07:31:47.138 D/ResourceManager(29984): 	at com.example.mobiledigger.viewmodel.MusicViewModel.extractDuration(MusicViewModel.kt:1104)
10-07 07:31:47.138 D/ResourceManager(29984): 	at com.example.mobiledigger.viewmodel.MusicViewModel.access$extractDuration(MusicViewModel.kt:52)
10-07 07:31:47.138 D/ResourceManager(29984): 	at com.example.mobiledigger.viewmodel.MusicViewModel$loadCurrentFile$1.invokeSuspend(MusicViewModel.kt:1054)
10-07 07:31:47.227 D/MusicViewModel(29984): Refreshed all playlists
10-07 07:31:47.230 D/MusicViewModel(29984): Loading liked files from destination folder: Results
10-07 07:31:47.365 W/biledigger:main(29984): Throwing OutOfMemoryError "Failed to allocate a 134215692 byte allocation with 100663296 free bytes and 184MB until OOM, target footprint 175166016, growth limit 268435456" (VmSize 18404512 kB)
10-07 07:31:47.716 D/MusicViewModel(29984): Found 97 liked files (including subfolders), 84 unique
10-07 07:31:47.717 D/MusicViewModel(29984): Updated liked files StateFlow with 84 files
10-07 07:31:47.727 D/MusicViewModel(29984): Loading rejected files from URI: content://com.android.externalstorage.documents/tree/primary%3AResults/document/primary%3AResults%2FRejected
10-07 07:31:47.733 D/MusicViewModel(29984): Found 0 rejected files
10-07 07:31:47.748 D/MusicViewModel(29984): Updated rejected files StateFlow with 0 files
10-07 07:31:48.518 I/WifiHAL ( 1074): In GetCachedScanResultsCommand::handleResponse
10-07 07:31:49.006 I/WifiHAL ( 1074): In GetCachedScanResultsCommand::handleResponse
10-07 07:31:50.063 E/ExoPlayerImplInternal( 7509): Playback error
10-07 07:31:50.063 E/ExoPlayerImplInternal( 7509):   androidx.media3.exoplayer.ExoPlaybackException: Source error
10-07 07:31:50.063 E/ExoPlayerImplInternal( 7509):       at androidx.media3.exoplayer.ExoPlayerImplInternal.handleIoException(ExoPlayerImplInternal.java:717)
10-07 07:31:50.063 E/ExoPlayerImplInternal( 7509):       at androidx.media3.exoplayer.ExoPlayerImplInternal.handleMessage(ExoPlayerImplInternal.java:689)
10-07 07:31:50.063 E/ExoPlayerImplInternal( 7509):       at android.os.Handler.dispatchMessage(Handler.java:106)
10-07 07:31:50.063 E/ExoPlayerImplInternal( 7509):       at android.os.Looper.dispatchMessage(Looper.java:315)
10-07 07:31:50.063 E/ExoPlayerImplInternal( 7509):       at android.os.Looper.loopOnce(Looper.java:251)
10-07 07:31:50.063 E/ExoPlayerImplInternal( 7509):       at android.os.Looper.loop(Looper.java:349)
10-07 07:31:50.063 E/ExoPlayerImplInternal( 7509):       at android.os.HandlerThread.run(HandlerThread.java:100)
10-07 07:31:50.063 E/ExoPlayerImplInternal( 7509):   Caused by: androidx.media3.datasource.FileDataSource$FileDataSourceException: java.io.FileNotFoundException: : open failed: ENOENT (No such file or directory)
10-07 07:31:50.063 E/ExoPlayerImplInternal( 7509):       at androidx.media3.datasource.FileDataSource.openLocalFile(FileDataSource.java:205)
10-07 07:31:50.063 E/ExoPlayerImplInternal( 7509):       at androidx.media3.datasource.FileDataSource.open(FileDataSource.java:116)
10-07 07:31:50.063 E/ExoPlayerImplInternal( 7509):       at androidx.media3.datasource.DefaultDataSource.open(DefaultDataSource.java:275)
10-07 07:31:50.063 E/ExoPlayerImplInternal( 7509):       at androidx.media3.datasource.StatsDataSource.open(StatsDataSource.java:86)
10-07 07:31:50.063 E/ExoPlayerImplInternal( 7509):       at androidx.media3.exoplayer.source.ProgressiveMediaPeriod$ExtractingLoadable.load(ProgressiveMediaPeriod.java:1029)
10-07 07:31:50.063 E/ExoPlayerImplInternal( 7509):       at androidx.media3.exoplayer.upstream.Loader$LoadTask.run(Loader.java:421)
10-07 07:31:50.063 E/ExoPlayerImplInternal( 7509):       at java.util.concurrent.ThreadPoolExecutor.runWorker(ThreadPoolExecutor.java:1156)
10-07 07:31:50.063 E/ExoPlayerImplInternal( 7509):       at java.util.concurrent.ThreadPoolExecutor$Worker.run(ThreadPoolExecutor.java:651)
10-07 07:31:50.063 E/ExoPlayerImplInternal( 7509):       at java.lang.Thread.run(Thread.java:1119)
10-07 07:31:50.063 E/ExoPlayerImplInternal( 7509):   Caused by: java.io.FileNotFoundException: : open failed: ENOENT (No such file or directory)
10-07 07:31:50.063 E/ExoPlayerImplInternal( 7509):       at libcore.io.IoBridge.open(IoBridge.java:574)
10-07 07:31:50.063 E/ExoPlayerImplInternal( 7509):       at java.io.RandomAccessFile.<init>(RandomAccessFile.java:307)
10-07 07:31:50.063 E/ExoPlayerImplInternal( 7509):       at java.io.RandomAccessFile.<init>(RandomAccessFile.java:237)
10-07 07:31:50.063 E/ExoPlayerImplInternal( 7509):       at java.io.RandomAccessFile.<init>(RandomAccessFile.java:154)
10-07 07:31:50.063 E/ExoPlayerImplInternal( 7509):       at androidx.media3.datasource.FileDataSource.openLocalFile(FileDataSource.java:186)
10-07 07:31:50.063 E/ExoPlayerImplInternal( 7509):       ... 8 more
10-07 07:31:50.063 E/ExoPlayerImplInternal( 7509):   Caused by: android.system.ErrnoException: open failed: ENOENT (No such file or directory)
10-07 07:31:50.063 E/ExoPlayerImplInternal( 7509):       at libcore.io.Linux.open(Native Method)
10-07 07:31:50.063 E/ExoPlayerImplInternal( 7509):       at libcore.io.ForwardingOs.open(ForwardingOs.java:568)
10-07 07:31:50.063 E/ExoPlayerImplInternal( 7509):       at libcore.io.BlockGuardOs.open(BlockGuardOs.java:274)
10-07 07:31:50.063 E/ExoPlayerImplInternal( 7509):       at libcore.io.ForwardingOs.open(ForwardingOs.java:568)
10-07 07:31:50.063 E/ExoPlayerImplInternal( 7509):       at android.app.AndroidForwardingOs.open(AndroidForwardingOs.java:120)
10-07 07:31:50.063 E/ExoPlayerImplInternal( 7509):       at libcore.io.IoBridge.open(IoBridge.java:560)
10-07 07:31:50.063 E/ExoPlayerImplInternal( 7509):       ... 12 more
10-07 07:31:50.069 D/MusicService( 7509): Player (MediaSession) Error: Source error
10-07 07:31:50.069 D/MusicService( 7509): androidx.media3.exoplayer.ExoPlaybackException: Source error
10-07 07:31:50.069 D/MusicService( 7509): 	at androidx.media3.exoplayer.ExoPlayerImplInternal.handleIoException(ExoPlayerImplInternal.java:717)
10-07 07:31:50.069 D/MusicService( 7509): 	at androidx.media3.exoplayer.ExoPlayerImplInternal.handleMessage(ExoPlayerImplInternal.java:689)
10-07 07:31:50.069 D/MusicService( 7509): 	at android.os.Handler.dispatchMessage(Handler.java:106)
10-07 07:31:50.069 D/MusicService( 7509): 	at android.os.Looper.dispatchMessage(Looper.java:315)
10-07 07:31:50.069 D/MusicService( 7509): 	at android.os.Looper.loopOnce(Looper.java:251)
10-07 07:31:50.069 D/MusicService( 7509): 	at android.os.Looper.loop(Looper.java:349)
10-07 07:31:50.069 D/MusicService( 7509): 	at android.os.HandlerThread.run(HandlerThread.java:100)
10-07 07:31:50.069 D/MusicService( 7509): Caused by: androidx.media3.datasource.FileDataSource$FileDataSourceException: java.io.FileNotFoundException: : open failed: ENOENT (No such file or directory)
10-07 07:31:50.069 D/MusicService( 7509): 	at androidx.media3.datasource.FileDataSource.openLocalFile(FileDataSource.java:205)
10-07 07:31:50.069 D/MusicService( 7509): 	at androidx.media3.datasource.FileDataSource.open(FileDataSource.java:116)
10-07 07:31:50.069 D/MusicService( 7509): 	at androidx.media3.datasource.DefaultDataSource.open(DefaultDataSource.java:275)
10-07 07:31:50.069 D/MusicService( 7509): 	at androidx.media3.datasource.StatsDataSource.open(StatsDataSource.java:86)
10-07 07:31:50.069 D/MusicService( 7509): 	at androidx.media3.exoplayer.source.ProgressiveMediaPeriod$ExtractingLoadable.load(ProgressiveMediaPeriod.java:1029)
10-07 07:31:50.069 D/MusicService( 7509): 	at androidx.media3.exoplayer.upstream.Loader$LoadTask.run(Loader.java:421)
10-07 07:31:50.069 D/MusicService( 7509): 	at java.util.concurrent.ThreadPoolExecutor.runWorker(ThreadPoolExecutor.java:1156)
10-07 07:31:50.069 D/MusicService( 7509): 	at java.util.concurrent.ThreadPoolExecutor$Worker.run(ThreadPoolExecutor.java:651)
10-07 07:31:50.069 D/MusicService( 7509): 	at java.lang.Thread.run(Thread.java:1119)
10-07 07:31:50.069 D/MusicService( 7509): Caused by: java.io.FileNotFoundException: : open failed: ENOENT (No such file or directory)
10-07 07:31:50.069 D/MusicService( 7509): 	at libcore.io.IoBridge.open(IoBridge.java:574)
10-07 07:31:50.069 D/MusicService( 7509): 	at java.io.RandomAccessFile.<init>(RandomAccessFile.java:307)
10-07 07:31:50.069 D/MusicService( 7509): 	at java.io.RandomAccessFile.<init>(RandomAccessFile.java:237)
10-07 07:31:50.069 D/MusicService( 7509): 	at java.io.RandomAccessFile.<init>(RandomAccessFile.java:154)
10-07 07:31:50.069 D/MusicService( 7509): 	at androidx.media3.datasource.FileDataSource.openLocalFile(FileDataSource.java:186)
10-07 07:31:50.069 D/MusicService( 7509): 	... 8 more
10-07 07:31:50.069 D/MusicService( 7509): Caused by: android.system.ErrnoException: open failed: ENOENT (No such file or directory)
10-07 07:31:50.069 D/MusicService( 7509): 	at libcore.io.Linux.open(Native Method)
10-07 07:31:50.069 D/MusicService( 7509): 	at libcore.io.ForwardingOs.open(ForwardingOs.java:568)
10-07 07:31:50.069 D/MusicService( 7509): 	at libcore.io.BlockGuardOs.open(BlockGuardOs.java:274)
10-07 07:31:50.069 D/MusicService( 7509): 	at libcore.io.ForwardingOs.open(ForwardingOs.java:568)
10-07 07:31:50.069 D/MusicService( 7509): 	at android.app.AndroidForwardingOs.open(AndroidForwardingOs.java:120)
10-07 07:31:50.069 D/MusicService( 7509): 	at libcore.io.IoBridge.open(IoBridge.java:560)
10-07 07:31:50.069 D/MusicService( 7509): 	... 12 more
10-07 07:31:50.070 D/MediaSessionService( 1579): onSessionPlaybackStateChanged: record=com.example.mobiledigger/androidx.media3.session.id./120 (userId=0) playbackState=PlaybackState {state=ERROR(7), position=0, buffered position=0, speed=0.0, updated=116351536, actions=7339703, custom actions=[], active item id=0, error=Source error}
10-07 07:31:50.072 D/MusicService( 7509): Player (MediaSession) onPlaybackStateChanged: 1, Duration: -9223372036854775807, Position: 0
10-07 07:31:50.079 D/MediaSessionService( 1579): onSessionPlaybackStateChanged: record=com.example.mobiledigger/androidx.media3.session.id./120 (userId=0) playbackState=PlaybackState {state=ERROR(7), position=0, buffered position=0, speed=0.0, updated=116351546, actions=7339703, custom actions=[], active item id=0, error=Source error}
10-07 07:31:51.470 D/MusicViewModel(29984): Safe sorting file: Lion, Ikinya - Agua Doce (Shmina Remix) [VILLAHANGAR].aiff with action DISLIKE
10-07 07:31:51.497 D/FileManager(29984): Source file found: Lion, Ikinya - Agua Doce (Shmina Remix) [VILLAHANGAR].aiff, exists: true, canRead: true
10-07 07:31:51.589 I/WifiHAL ( 1074): In GetCachedScanResultsCommand::handleResponse
10-07 07:31:53.098 D/AudioManager(29984): ExoPlayer cleared
10-07 07:31:53.099 D/AudioManager(29984): ExoPlayer cleared
10-07 07:31:53.099 D/AudioManager(29984): ExoPlayer attempting to play URI: content://com.android.externalstorage.documents/tree/primary%3AAndroid%2Fmedia%2Fcom.whatsapp%2FWhatsApp%2FMedia%2FWhatsApp%20Documents/document/primary%3AAndroid%2Fmedia%2Fcom.whatsapp%2FWhatsApp%2FMedia%2FWhatsApp%20Documents%2FPrivate%2FKanye%20West%20-%20Closed%20On%20Sunday%20(Hoodia%20Remix).wav
10-07 07:31:53.103 D/AudioManager(29984): ExoPlayer started successfully
10-07 07:31:53.103 D/AudioManager(29984): ExoPlayer playback successful for: Kanye West - Closed On Sunday (Hoodia Remix).wav
10-07 07:31:53.103 D/MusicViewModel(29984): Playback started successfully for Kanye West - Closed On Sunday (Hoodia Remix).wav
10-07 07:31:53.118 D/MusicViewModel(29984): MusicService started successfully.
10-07 07:31:53.120 D/MusicViewModel(29984): Preloaded next song: THE SWEET ESCAPE (EXTENDED).wav
10-07 07:31:53.124 D/MusicService( 7509): Started foreground service with notification
10-07 07:31:53.125 D/MusicService( 7509): updateNotificationData - Title: Kanye West - Closed On Sunday (Hoodia Remix).wav, Playing: true, Position: 0, Duration: 0
10-07 07:31:53.131 D/MediaSessionService( 1579): onSessionPlaybackStateChanged: record=com.example.mobiledigger/androidx.media3.session.id./120 (userId=0) playbackState=PlaybackState {state=ERROR(7), position=0, buffered position=0, speed=0.0, updated=116354598, actions=7339703, custom actions=[], active item id=0, error=Source error}
10-07 07:31:53.133 D/MusicService( 7509): Player (MediaSession) onMediaItemTransition reason: 3
10-07 07:31:53.136 D/MediaSessionService( 1579): onSessionPlaybackStateChanged: record=com.example.mobiledigger/androidx.media3.session.id./120 (userId=0) playbackState=PlaybackState {state=ERROR(7), position=0, buffered position=0, speed=0.0, updated=116354602, actions=7339703, custom actions=[], active item id=0, error=Source error}
10-07 07:31:53.138 D/MusicService( 7509): Player (MediaSession) onPlaybackStateChanged: 2, Duration: -9223372036854775807, Position: 0
10-07 07:31:53.144 D/MusicService( 7509): MediaSession player updated - URI: , Title: Kanye West - Closed On Sunday (Hoodia Remix).wav, Duration in Meta: 0
10-07 07:31:53.339 D/MusicViewModel(29984): Refreshed all playlists
10-07 07:31:53.343 D/MusicViewModel(29984): Loading liked files from destination folder: Results
10-07 07:31:53.849 D/MusicViewModel(29984): Found 97 liked files (including subfolders), 84 unique
10-07 07:31:53.850 D/MusicViewModel(29984): Updated liked files StateFlow with 84 files
10-07 07:31:53.866 D/MusicViewModel(29984): Loading rejected files from URI: content://com.android.externalstorage.documents/tree/primary%3AResults/document/primary%3AResults%2FRejected
10-07 07:31:54.082 D/MusicViewModel(29984): Found 270 rejected files
10-07 07:31:54.083 D/MusicViewModel(29984): Updated rejected files StateFlow with 270 files
10-07 07:31:54.666 I/WifiHAL ( 1074): In GetCachedScanResultsCommand::handleResponse
10-07 07:31:55.059 I/BugleRcsProvisioning(32174): updateRcsAvailabilityForMultipleSims: hint: NO_HINT, canReshowWelcomeMessage: false
10-07 07:31:55.745 I/BugleRcsProvisioning(32174): updateRcsAvailabilityForMultipleSims: hint: NO_HINT, canReshowWelcomeMessage: false
10-07 07:31:56.159 E/ExoPlayerImplInternal( 7509): Playback error
10-07 07:31:56.159 E/ExoPlayerImplInternal( 7509):   androidx.media3.exoplayer.ExoPlaybackException: Source error
10-07 07:31:56.159 E/ExoPlayerImplInternal( 7509):       at androidx.media3.exoplayer.ExoPlayerImplInternal.handleIoException(ExoPlayerImplInternal.java:717)
10-07 07:31:56.159 E/ExoPlayerImplInternal( 7509):       at androidx.media3.exoplayer.ExoPlayerImplInternal.handleMessage(ExoPlayerImplInternal.java:689)
10-07 07:31:56.159 E/ExoPlayerImplInternal( 7509):       at android.os.Handler.dispatchMessage(Handler.java:106)
10-07 07:31:56.159 E/ExoPlayerImplInternal( 7509):       at android.os.Looper.dispatchMessage(Looper.java:315)
10-07 07:31:56.159 E/ExoPlayerImplInternal( 7509):       at android.os.Looper.loopOnce(Looper.java:251)
10-07 07:31:56.159 E/ExoPlayerImplInternal( 7509):       at android.os.Looper.loop(Looper.java:349)
10-07 07:31:56.159 E/ExoPlayerImplInternal( 7509):       at android.os.HandlerThread.run(HandlerThread.java:100)
10-07 07:31:56.159 E/ExoPlayerImplInternal( 7509):   Caused by: androidx.media3.datasource.FileDataSource$FileDataSourceException: java.io.FileNotFoundException: : open failed: ENOENT (No such file or directory)
10-07 07:31:56.159 E/ExoPlayerImplInternal( 7509):       at androidx.media3.datasource.FileDataSource.openLocalFile(FileDataSource.java:205)
10-07 07:31:56.159 E/ExoPlayerImplInternal( 7509):       at androidx.media3.datasource.FileDataSource.open(FileDataSource.java:116)
10-07 07:31:56.159 E/ExoPlayerImplInternal( 7509):       at androidx.media3.datasource.DefaultDataSource.open(DefaultDataSource.java:275)
10-07 07:31:56.159 E/ExoPlayerImplInternal( 7509):       at androidx.media3.datasource.StatsDataSource.open(StatsDataSource.java:86)
10-07 07:31:56.159 E/ExoPlayerImplInternal( 7509):       at androidx.media3.exoplayer.source.ProgressiveMediaPeriod$ExtractingLoadable.load(ProgressiveMediaPeriod.java:1029)
10-07 07:31:56.159 E/ExoPlayerImplInternal( 7509):       at androidx.media3.exoplayer.upstream.Loader$LoadTask.run(Loader.java:421)
10-07 07:31:56.159 E/ExoPlayerImplInternal( 7509):       at java.util.concurrent.ThreadPoolExecutor.runWorker(ThreadPoolExecutor.java:1156)
10-07 07:31:56.159 E/ExoPlayerImplInternal( 7509):       at java.util.concurrent.ThreadPoolExecutor$Worker.run(ThreadPoolExecutor.java:651)
10-07 07:31:56.159 E/ExoPlayerImplInternal( 7509):       at java.lang.Thread.run(Thread.java:1119)
10-07 07:31:56.159 E/ExoPlayerImplInternal( 7509):   Caused by: java.io.FileNotFoundException: : open failed: ENOENT (No such file or directory)
10-07 07:31:56.159 E/ExoPlayerImplInternal( 7509):       at libcore.io.IoBridge.open(IoBridge.java:574)
10-07 07:31:56.159 E/ExoPlayerImplInternal( 7509):       at java.io.RandomAccessFile.<init>(RandomAccessFile.java:307)
10-07 07:31:56.159 E/ExoPlayerImplInternal( 7509):       at java.io.RandomAccessFile.<init>(RandomAccessFile.java:237)
10-07 07:31:56.159 E/ExoPlayerImplInternal( 7509):       at java.io.RandomAccessFile.<init>(RandomAccessFile.java:154)
10-07 07:31:56.159 E/ExoPlayerImplInternal( 7509):       at androidx.media3.datasource.FileDataSource.openLocalFile(FileDataSource.java:186)
10-07 07:31:56.159 E/ExoPlayerImplInternal( 7509):       ... 8 more
10-07 07:31:56.159 E/ExoPlayerImplInternal( 7509):   Caused by: android.system.ErrnoException: open failed: ENOENT (No such file or directory)
10-07 07:31:56.159 E/ExoPlayerImplInternal( 7509):       at libcore.io.Linux.open(Native Method)
10-07 07:31:56.159 E/ExoPlayerImplInternal( 7509):       at libcore.io.ForwardingOs.open(ForwardingOs.java:568)
10-07 07:31:56.159 E/ExoPlayerImplInternal( 7509):       at libcore.io.BlockGuardOs.open(BlockGuardOs.java:274)
10-07 07:31:56.159 E/ExoPlayerImplInternal( 7509):       at libcore.io.ForwardingOs.open(ForwardingOs.java:568)
10-07 07:31:56.159 E/ExoPlayerImplInternal( 7509):       at android.app.AndroidForwardingOs.open(AndroidForwardingOs.java:120)
10-07 07:31:56.159 E/ExoPlayerImplInternal( 7509):       at libcore.io.IoBridge.open(IoBridge.java:560)
10-07 07:31:56.159 E/ExoPlayerImplInternal( 7509):       ... 12 more
10-07 07:31:56.179 D/MusicService( 7509): Player (MediaSession) Error: Source error
10-07 07:31:56.179 D/MusicService( 7509): androidx.media3.exoplayer.ExoPlaybackException: Source error
10-07 07:31:56.179 D/MusicService( 7509): 	at androidx.media3.exoplayer.ExoPlayerImplInternal.handleIoException(ExoPlayerImplInternal.java:717)
10-07 07:31:56.179 D/MusicService( 7509): 	at androidx.media3.exoplayer.ExoPlayerImplInternal.handleMessage(ExoPlayerImplInternal.java:689)
10-07 07:31:56.179 D/MusicService( 7509): 	at android.os.Handler.dispatchMessage(Handler.java:106)
10-07 07:31:56.179 D/MusicService( 7509): 	at android.os.Looper.dispatchMessage(Looper.java:315)
10-07 07:31:56.179 D/MusicService( 7509): 	at android.os.Looper.loopOnce(Looper.java:251)
10-07 07:31:56.179 D/MusicService( 7509): 	at android.os.Looper.loop(Looper.java:349)
10-07 07:31:56.179 D/MusicService( 7509): 	at android.os.HandlerThread.run(HandlerThread.java:100)
10-07 07:31:56.179 D/MusicService( 7509): Caused by: androidx.media3.datasource.FileDataSource$FileDataSourceException: java.io.FileNotFoundException: : open failed: ENOENT (No such file or directory)
10-07 07:31:56.179 D/MusicService( 7509): 	at androidx.media3.datasource.FileDataSource.openLocalFile(FileDataSource.java:205)
10-07 07:31:56.179 D/MusicService( 7509): 	at androidx.media3.datasource.FileDataSource.open(FileDataSource.java:116)
10-07 07:31:56.179 D/MusicService( 7509): 	at androidx.media3.datasource.DefaultDataSource.open(DefaultDataSource.java:275)
10-07 07:31:56.179 D/MusicService( 7509): 	at androidx.media3.datasource.StatsDataSource.open(StatsDataSource.java:86)
10-07 07:31:56.179 D/MusicService( 7509): 	at androidx.media3.exoplayer.source.ProgressiveMediaPeriod$ExtractingLoadable.load(ProgressiveMediaPeriod.java:1029)
10-07 07:31:56.179 D/MusicService( 7509): 	at androidx.media3.exoplayer.upstream.Loader$LoadTask.run(Loader.java:421)
10-07 07:31:56.179 D/MusicService( 7509): 	at java.util.concurrent.ThreadPoolExecutor.runWorker(ThreadPoolExecutor.java:1156)
10-07 07:31:56.179 D/MusicService( 7509): 	at java.util.concurrent.ThreadPoolExecutor$Worker.run(ThreadPoolExecutor.java:651)
10-07 07:31:56.179 D/MusicService( 7509): 	at java.lang.Thread.run(Thread.java:1119)
10-07 07:31:56.179 D/MusicService( 7509): Caused by: java.io.FileNotFoundException: : open failed: ENOENT (No such file or directory)
10-07 07:31:56.179 D/MusicService( 7509): 	at libcore.io.IoBridge.open(IoBridge.java:574)
10-07 07:31:56.179 D/MusicService( 7509): 	at java.io.RandomAccessFile.<init>(RandomAccessFile.java:307)
10-07 07:31:56.179 D/MusicService( 7509): 	at java.io.RandomAccessFile.<init>(RandomAccessFile.java:237)
10-07 07:31:56.179 D/MusicService( 7509): 	at java.io.RandomAccessFile.<init>(RandomAccessFile.java:154)
10-07 07:31:56.179 D/MusicService( 7509): 	at androidx.media3.datasource.FileDataSource.openLocalFile(FileDataSource.java:186)
10-07 07:31:56.179 D/MusicService( 7509): 	... 8 more
10-07 07:31:56.179 D/MusicService( 7509): Caused by: android.system.ErrnoException: open failed: ENOENT (No such file or directory)
10-07 07:31:56.179 D/MusicService( 7509): 	at libcore.io.Linux.open(Native Method)
10-07 07:31:56.179 D/MusicService( 7509): 	at libcore.io.ForwardingOs.open(ForwardingOs.java:568)
10-07 07:31:56.179 D/MusicService( 7509): 	at libcore.io.BlockGuardOs.open(BlockGuardOs.java:274)
10-07 07:31:56.179 D/MusicService( 7509): 	at libcore.io.ForwardingOs.open(ForwardingOs.java:568)
10-07 07:31:56.179 D/MusicService( 7509): 	at android.app.AndroidForwardingOs.open(AndroidForwardingOs.java:120)
10-07 07:31:56.179 D/MusicService( 7509): 	at libcore.io.IoBridge.open(IoBridge.java:560)
10-07 07:31:56.179 D/MusicService( 7509): 	... 12 more
10-07 07:31:56.183 D/MediaSessionService( 1579): onSessionPlaybackStateChanged: record=com.example.mobiledigger/androidx.media3.session.id./120 (userId=0) playbackState=PlaybackState {state=ERROR(7), position=0, buffered position=0, speed=0.0, updated=116357648, actions=7339703, custom actions=[], active item id=0, error=Source error}
10-07 07:31:56.187 D/MusicService( 7509): Player (MediaSession) onPlaybackStateChanged: 1, Duration: -9223372036854775807, Position: 0
10-07 07:31:56.206 D/MediaSessionService( 1579): onSessionPlaybackStateChanged: record=com.example.mobiledigger/androidx.media3.session.id./120 (userId=0) playbackState=PlaybackState {state=ERROR(7), position=0, buffered position=0, speed=0.0, updated=116357672, actions=7339703, custom actions=[], active item id=0, error=Source error}
10-07 07:31:57.739 I/WifiHAL ( 1074): In GetCachedScanResultsCommand::handleResponse
10-07 07:32:00.820 I/WifiHAL ( 1074): In GetCachedScanResultsCommand::handleResponse
10-07 07:32:03.899 I/WifiHAL ( 1074): In GetCachedScanResultsCommand::handleResponse
10-07 07:32:06.971 I/WifiHAL ( 1074): In GetCachedScanResultsCommand::handleResponse
10-07 07:32:10.056 I/WifiHAL ( 1074): In GetCachedScanResultsCommand::handleResponse
10-07 07:32:13.133 I/WifiHAL ( 1074): In GetCachedScanResultsCommand::handleResponse
10-07 07:32:15.209 I/WifiHAL ( 1074): In GetCachedScanResultsCommand::handleResponse
10-07 07:32:16.203 I/WifiHAL ( 1074): In GetCachedScanResultsCommand::handleResponse
10-07 07:32:19.275 I/WifiHAL ( 1074): In GetCachedScanResultsCommand::handleResponse
10-07 07:32:22.370 I/WifiHAL ( 1074): In GetCachedScanResultsCommand::handleResponse
10-07 07:32:25.452 I/WifiHAL ( 1074): In GetCachedScanResultsCommand::handleResponse
10-07 07:32:28.541 I/WifiHAL ( 1074): In GetCachedScanResultsCommand::handleResponse
10-07 07:32:31.627 I/WifiHAL ( 1074): In GetCachedScanResultsCommand::handleResponse
10-07 07:32:34.721 I/WifiHAL ( 1074): In GetCachedScanResultsCommand::handleResponse
10-07 07:32:37.820 I/WifiHAL ( 1074): In GetCachedScanResultsCommand::handleResponse
10-07 07:32:40.901 I/WifiHAL ( 1074): In GetCachedScanResultsCommand::handleResponse
10-07 07:32:43.998 I/WifiHAL ( 1074): In GetCachedScanResultsCommand::handleResponse
10-07 07:32:47.083 I/WifiHAL ( 1074): In GetCachedScanResultsCommand::handleResponse
10-07 07:32:50.162 I/WifiHAL ( 1074): In GetCachedScanResultsCommand::handleResponse
10-07 07:32:53.241 I/WifiHAL ( 1074): In GetCachedScanResultsCommand::handleResponse
10-07 07:32:56.323 I/WifiHAL ( 1074): In GetCachedScanResultsCommand::handleResponse
10-07 07:32:59.407 I/WifiHAL ( 1074): In GetCachedScanResultsCommand::handleResponse
10-07 07:33:02.491 I/WifiHAL ( 1074): In GetCachedScanResultsCommand::handleResponse
10-07 07:33:05.572 I/WifiHAL ( 1074): In GetCachedScanResultsCommand::handleResponse
10-07 07:33:08.660 I/WifiHAL ( 1074): In GetCachedScanResultsCommand::handleResponse
10-07 07:33:11.734 I/WifiHAL ( 1074): In GetCachedScanResultsCommand::handleResponse
10-07 07:33:14.807 I/WifiHAL ( 1074): In GetCachedScanResultsCommand::handleResponse
10-07 07:33:17.886 I/WifiHAL ( 1074): In GetCachedScanResultsCommand::handleResponse
10-07 07:33:20.975 I/WifiHAL ( 1074): In GetCachedScanResultsCommand::handleResponse
10-07 07:33:21.586 D/MusicViewModel(29984): Safe sorting file: Kanye West - Closed On Sunday (Hoodia Remix).wav with action DISLIKE
10-07 07:33:21.611 D/FileManager(29984): Source file found: Kanye West - Closed On Sunday (Hoodia Remix).wav, exists: true, canRead: true
10-07 07:33:23.353 D/AudioManager(29984): ExoPlayer stopped
10-07 07:33:23.353 D/AudioManager(29984): ExoPlayer cleared
10-07 07:33:23.355 D/AudioManager(29984): ExoPlayer cleared
10-07 07:33:23.356 D/AudioManager(29984): ExoPlayer attempting to play URI: content://com.android.externalstorage.documents/tree/primary%3AAndroid%2Fmedia%2Fcom.whatsapp%2FWhatsApp%2FMedia%2FWhatsApp%20Documents/document/primary%3AAndroid%2Fmedia%2Fcom.whatsapp%2FWhatsApp%2FMedia%2FWhatsApp%20Documents%2FPrivate%2FTHE%20SWEET%20ESCAPE%20(EXTENDED).wav
10-07 07:33:23.357 D/AudioManager(29984): ExoPlayer started successfully
10-07 07:33:23.358 D/AudioManager(29984): ExoPlayer playback successful for: THE SWEET ESCAPE (EXTENDED).wav
10-07 07:33:23.358 D/MusicViewModel(29984): Playback started successfully for THE SWEET ESCAPE (EXTENDED).wav
10-07 07:33:23.362 D/MusicViewModel(29984): MusicService started successfully.
10-07 07:33:23.372 D/MusicViewModel(29984): Preloaded next song: Moeaike - Nativee.wav
10-07 07:33:23.382 D/MusicService( 7509): Started foreground service with notification
10-07 07:33:23.383 D/MusicService( 7509): updateNotificationData - Title: THE SWEET ESCAPE (EXTENDED).wav, Playing: true, Position: 0, Duration: 0
10-07 07:33:23.386 D/MediaSessionService( 1579): onSessionPlaybackStateChanged: record=com.example.mobiledigger/androidx.media3.session.id./120 (userId=0) playbackState=PlaybackState {state=ERROR(7), position=0, buffered position=0, speed=0.0, updated=116444852, actions=7339703, custom actions=[], active item id=0, error=Source error}
10-07 07:33:23.386 D/MusicService( 7509): Player (MediaSession) onMediaItemTransition reason: 3
10-07 07:33:23.387 D/MediaSessionService( 1579): onSessionPlaybackStateChanged: record=com.example.mobiledigger/androidx.media3.session.id./120 (userId=0) playbackState=PlaybackState {state=ERROR(7), position=0, buffered position=0, speed=0.0, updated=116444854, actions=7339703, custom actions=[], active item id=0, error=Source error}
10-07 07:33:23.388 D/MusicService( 7509): Player (MediaSession) onPlaybackStateChanged: 2, Duration: -9223372036854775807, Position: 0
10-07 07:33:23.394 D/MusicService( 7509): MediaSession player updated - URI: , Title: THE SWEET ESCAPE (EXTENDED).wav, Duration in Meta: 0
10-07 07:33:23.616 D/MusicViewModel(29984): Refreshed all playlists
10-07 07:33:23.624 D/MusicViewModel(29984): Loading liked files from destination folder: Results
10-07 07:33:23.642 W/biledigger:main(29984): Throwing OutOfMemoryError "Failed to allocate a 134215692 byte allocation with 100663296 free bytes and 170MB until OOM, target footprint 189829664, growth limit 268435456" (VmSize 18351552 kB)
10-07 07:33:23.984 D/MusicViewModel(29984): Found 0 liked files (including subfolders), 0 unique
10-07 07:33:23.985 D/MusicViewModel(29984): Updated liked files StateFlow with 0 files
10-07 07:33:23.999 D/MusicViewModel(29984): Loading rejected files from URI: content://com.android.externalstorage.documents/tree/primary%3AResults/document/primary%3AResults%2FRejected
10-07 07:33:24.005 D/MusicViewModel(29984): Found 0 rejected files
10-07 07:33:24.029 D/MusicViewModel(29984): Updated rejected files StateFlow with 0 files
10-07 07:33:24.055 I/WifiHAL ( 1074): In GetCachedScanResultsCommand::handleResponse
10-07 07:33:26.405 E/ExoPlayerImplInternal( 7509): Playback error
10-07 07:33:26.405 E/ExoPlayerImplInternal( 7509):   androidx.media3.exoplayer.ExoPlaybackException: Source error
10-07 07:33:26.405 E/ExoPlayerImplInternal( 7509):       at androidx.media3.exoplayer.ExoPlayerImplInternal.handleIoException(ExoPlayerImplInternal.java:717)
10-07 07:33:26.405 E/ExoPlayerImplInternal( 7509):       at androidx.media3.exoplayer.ExoPlayerImplInternal.handleMessage(ExoPlayerImplInternal.java:689)
10-07 07:33:26.405 E/ExoPlayerImplInternal( 7509):       at android.os.Handler.dispatchMessage(Handler.java:106)
10-07 07:33:26.405 E/ExoPlayerImplInternal( 7509):       at android.os.Looper.dispatchMessage(Looper.java:315)
10-07 07:33:26.405 E/ExoPlayerImplInternal( 7509):       at android.os.Looper.loopOnce(Looper.java:251)
10-07 07:33:26.405 E/ExoPlayerImplInternal( 7509):       at android.os.Looper.loop(Looper.java:349)
10-07 07:33:26.405 E/ExoPlayerImplInternal( 7509):       at android.os.HandlerThread.run(HandlerThread.java:100)
10-07 07:33:26.405 E/ExoPlayerImplInternal( 7509):   Caused by: androidx.media3.datasource.FileDataSource$FileDataSourceException: java.io.FileNotFoundException: : open failed: ENOENT (No such file or directory)
10-07 07:33:26.405 E/ExoPlayerImplInternal( 7509):       at androidx.media3.datasource.FileDataSource.openLocalFile(FileDataSource.java:205)
