11-10 14:53:38.274  1884  5668 V Configuration: Updating configuration, locales updated from [] to [en_US,ro_RO]
11-10 14:53:38.274  1884  5668 V Configuration: Updating configuration, locales updated from [] to [en_US]
11-10 14:53:38.274  1884  5668 V Configuration: Updating configuration, locales updated from [] to [en_US,ro_RO]
11-10 14:53:38.274  1884  5668 V Configuration: Updating configuration, locales updated from [] to [en_US,ro_RO]
11-10 14:53:38.274  1884  5668 V Configuration: Updating configuration, locales updated from [] to [en_US,ro_RO]
11-10 14:53:38.274  1884  5668 V Configuration: Updating configuration, locales updated from [] to [en_US,ro_RO]
11-10 14:53:38.274  1884  5668 V Configuration: Updating configuration, locales updated from [] to [en_US]
11-10 14:53:38.274  1884  5668 V Configuration: Updating configuration, locales updated from [] to [en_US]
11-10 14:53:38.274  1884  5668 V Configuration: Updating configuration, locales updated from [] to [en_US]
11-10 14:53:38.274  1884  5668 V Configuration: Updating configuration, locales updated from [] to [en_US,ro_RO]
11-10 14:53:38.274  1884  5668 V Configuration: Updating configuration, locales updated from [] to [en_US,ro_RO]
11-10 14:53:38.274  1884  5668 V Configuration: Updating configuration, locales updated from [] to [en_US]
11-10 14:53:38.274  1884  5668 V Configuration: Updating configuration, locales updated from [] to [en_US,ro_RO]
11-10 14:53:38.274  1884  5668 V Configuration: Updating configuration, locales updated from [] to [en_US,ro_RO]
11-10 14:53:38.274  1884  5668 V Configuration: Updating configuration, locales updated from [] to [en_US,ro_RO]
11-10 14:53:38.274  1884  5668 V Configuration: Updating configuration, locales updated from [] to [en_US,ro_RO]
11-10 14:53:38.274  1884  5668 V Configuration: Updating configuration, locales updated from [] to [en_US,ro_RO]
11-10 14:53:38.274  1884  5668 V Configuration: Updating configuration, locales updated from [] to [en_US,ro_RO]
11-10 14:53:38.274  1884  5668 V Configuration: Updating configuration, locales updated from [] to [en_US]
11-10 14:53:38.274  1884  5668 V Configuration: Updating configuration, locales updated from [] to [en_US,ro_RO]
11-10 14:53:38.274  1884  5668 V Configuration: Updating configuration, locales updated from [] to [en_US]
11-10 14:53:38.274  1884  5668 V Configuration: Updating configuration, locales updated from [] to [en_US,ro_RO]
11-10 14:53:38.274  1884  5668 V Configuration: Updating configuration, locales updated from [] to [en_US,ro_RO]
11-10 14:53:38.275  1884  5668 V Configuration: Updating configuration, locales updated from [] to [en_US,ro_RO]
11-10 14:53:38.275  1884  5668 V Configuration: Updating configuration, locales updated from [] to [en_US]
11-10 14:53:38.275  1884  5668 V Configuration: Updating configuration, locales updated from [] to [en_US,ro_RO]
11-10 14:53:38.275  1884  5668 V Configuration: Updating configuration, locales updated from [] to [en_US]
11-10 14:53:38.275  1884  5668 V Configuration: Updating configuration, locales updated from [] to [en_US,ro_RO]
11-10 14:53:38.275  1884  5668 V Configuration: Updating configuration, locales updated from [] to [en_US,ro_RO]
11-10 14:53:38.275  1884  5668 V Configuration: Updating configuration, locales updated from [] to [en_US,ro_RO]
11-10 14:53:38.275  1884  5668 V Configuration: Updating configuration, locales updated from [] to [en_US,ro_RO]
11-10 14:53:38.275  1884  5668 V Configuration: Updating configuration, locales updated from [] to [en_US,ro_RO]
11-10 14:53:38.275  1884  5668 V Configuration: Updating configuration, locales updated from [] to [en_US,ro_RO]
11-10 14:53:38.275  1884  5668 V Configuration: Updating configuration, locales updated from [] to [ro_RO,en_US]
11-10 14:53:38.275  1884  5668 V Configuration: Updating configuration, locales updated from [] to [en_US,ro_RO]
11-10 14:53:38.275  1884  5668 V Configuration: Updating configuration, locales updated from [] to [en_US,ro_RO]
11-10 14:53:38.275  1884  5668 V Configuration: Updating configuration, locales updated from [] to [en_US,ro_RO]
11-10 14:53:38.275  1884  5668 V Configuration: Updating configuration, locales updated from [] to [en_US,ro_RO]
11-10 14:53:38.275  1884  5668 V Configuration: Updating configuration, locales updated from [] to [en_US,ro_RO]
11-10 14:53:38.275  1884  5668 V Configuration: Updating configuration, locales updated from [] to [en_US,ro_RO]
11-10 14:53:38.275  1884  5668 V Configuration: Updating configuration, locales updated from [] to [en_US,ro_RO]
11-10 14:53:38.275  1884  5668 V Configuration: Updating configuration, locales updated from [] to [en_US,ro_RO]
11-10 14:53:38.275  1884  5668 V Configuration: Updating configuration, locales updated from [] to [en_US,ro_RO]
11-10 14:53:38.275  1884  5668 V Configuration: Updating configuration, locales updated from [] to [en_US,ro_RO]
11-10 14:53:38.275  1884  5668 V Configuration: Updating configuration, locales updated from [] to [en_US,ro_RO]
11-10 14:53:38.275  1884  5668 V Configuration: Updating configuration, locales updated from [] to [en_US,ro_RO]
11-10 14:53:38.275  1884  5668 V Configuration: Updating configuration, locales updated from [] to [en_US,ro_RO]
11-10 14:53:38.275  1884  5668 V Configuration: Updating configuration, locales updated from [] to [en_US,ro_RO]
11-10 14:53:38.275  1884  5668 V Configuration: Updating configuration, locales updated from [] to [en_US,ro_RO]
11-10 14:53:38.275  1884  5668 V Configuration: Updating configuration, locales updated from [] to [en_US,ro_RO]
11-10 14:53:38.275  1884  5668 V Configuration: Updating configuration, locales updated from [] to [en_US,ro_RO]
11-10 14:53:38.275  1884  5668 V Configuration: Updating configuration, locales updated from [] to [en_US,ro_RO]
11-10 14:53:38.275  1884  5668 V Configuration: Updating configuration, locales updated from [] to [en_US,ro_RO]
11-10 14:53:38.275  1884  5668 V Configuration: Updating configuration, locales updated from [] to [ro_RO,en_US]
11-10 14:53:38.275  1884  5668 V Configuration: Updating configuration, locales updated from [] to [en_US,ro_RO]
11-10 14:53:38.275  1884  5668 V Configuration: Updating configuration, locales updated from [] to [en_US,ro_RO]
11-10 14:53:38.275  1884  5668 V Configuration: Updating configuration, locales updated from [] to [en_US,ro_RO]
11-10 14:53:38.275  1884  5668 V Configuration: Updating configuration, locales updated from [] to [en_US,ro_RO]
11-10 14:53:38.275  1884  5668 V Configuration: Updating configuration, locales updated from [] to [en_US,ro_RO]
11-10 14:53:38.275  1884  5668 V Configuration: Updating configuration, locales updated from [] to [en_US,ro_RO]
11-10 14:53:38.275  1884  5668 V Configuration: Updating configuration, locales updated from [] to [en_US,ro_RO]
11-10 14:53:38.275  1884  5668 V Configuration: Updating configuration, locales updated from [] to [en_US,ro_RO]
11-10 14:53:38.275  1884  5668 V Configuration: Updating configuration, locales updated from [] to [en_US,ro_RO]
11-10 14:53:38.275  1884  5668 V Configuration: Updating configuration, locales updated from [] to [ro_RO,en_US]
11-10 14:53:38.275  1884  5668 V Configuration: Updating configuration, locales updated from [] to [en_US,ro_RO]
11-10 14:53:38.275  1884  5668 V Configuration: Updating configuration, locales updated from [] to [en_US,ro_RO]
11-10 14:53:38.275  1884  5668 V Configuration: Updating configuration, locales updated from [] to [en_US]
11-10 14:53:38.275  1884  5668 V Configuration: Updating configuration, locales updated from [] to [en_US,ro_RO]
11-10 14:53:38.275  1884  5668 V Configuration: Updating configuration, locales updated from [] to [en_US,ro_RO]
11-10 14:53:38.275  1884  5668 V Configuration: Updating configuration, locales updated from [] to [en_US,ro_RO]
11-10 14:53:38.275  1884  5668 V Configuration: Updating configuration, locales updated from [] to [en_US,ro_RO]
11-10 14:53:38.275  1884  5668 V Configuration: Updating configuration, locales updated from [] to [en_US,ro_RO]
11-10 14:53:38.275  1884  5668 V Configuration: Updating configuration, locales updated from [] to [ro_RO,en_US]
11-10 14:53:38.275  1884  5668 V Configuration: Updating configuration, locales updated from [] to [en_US,ro_RO]
11-10 14:53:38.275  1884  5668 V Configuration: Updating configuration, locales updated from [] to [en_US]
11-10 14:53:38.275  1884  5668 V Configuration: Updating configuration, locales updated from [] to [ro_RO]
11-10 14:53:38.275  1884  5668 V Configuration: Updating configuration, locales updated from [] to [en_US,ro_RO]
11-10 14:53:38.275  1884  5668 V Configuration: Updating configuration, locales updated from [] to [en_US,ro_RO]
11-10 14:53:38.276  1884  5668 V Configuration: Updating configuration, locales updated from [] to [en_US,ro_RO]
11-10 14:53:38.276  1884  5668 V Configuration: Updating configuration, locales updated from [] to [en_US,ro_RO]
11-10 14:53:38.276  1884  5668 V Configuration: Updating configuration, locales updated from [] to [en_US,ro_RO]
11-10 14:53:38.276  1884  5668 V Configuration: Updating configuration, locales updated from [] to [ro_RO,en_US]
11-10 14:53:38.276  1884  5668 V Configuration: Updating configuration, locales updated from [] to [en_US]
11-10 14:53:38.276  1884  5668 V Configuration: Updating configuration, locales updated from [] to [en_US,ro_RO]
11-10 14:53:38.276  1884  5668 V Configuration: Updating configuration, locales updated from [] to [ro_RO]
11-10 14:53:38.276  1884  5668 V Configuration: Updating configuration, locales updated from [] to [en_US,ro_RO]
11-10 14:53:38.276  1884  5668 V Configuration: Updating configuration, locales updated from [] to [en_US,ro_RO]
11-10 14:53:38.276  1884  5668 V Configuration: Updating configuration, locales updated from [] to [en_US,ro_RO]
11-10 14:53:38.276  1884  5668 V Configuration: Updating configuration, locales updated from [] to [en_US,ro_RO]
11-10 14:53:38.276  1884  5668 V Configuration: Updating configuration, locales updated from [] to [en_US,ro_RO]
11-10 14:53:38.276  1884  5668 V Configuration: Updating configuration, locales updated from [] to [en_US]
11-10 14:53:38.276  1884  5668 V Configuration: Updating configuration, locales updated from [] to [en_US]
11-10 14:53:38.276  1884  5668 V Configuration: Updating configuration, locales updated from [] to [ro_RO,en_US]
11-10 14:53:38.276  1884  5668 V Configuration: Updating configuration, locales updated from [] to [en_US,ro_RO]
11-10 14:53:38.276  1884  5668 V Configuration: Updating configuration, locales updated from [] to [en_US,ro_RO]
11-10 14:53:38.276  1884  5668 V Configuration: Updating configuration, locales updated from [] to [en_US,ro_RO]
11-10 14:53:38.276  1884  5668 V Configuration: Updating configuration, locales updated from [] to [en_US,ro_RO]
11-10 14:53:38.276  1884  5668 V Configuration: Updating configuration, locales updated from [] to [en_US,ro_RO]
11-10 14:53:38.276  1884  5668 V Configuration: Updating configuration, locales updated from [] to [en_US,ro_RO]
11-10 14:53:38.276  1884  5668 V Configuration: Updating configuration, locales updated from [] to [en_US]
11-10 14:53:38.276  1884  5668 V Configuration: Updating configuration, locales updated from [] to [en_US,ro_RO]
11-10 14:53:38.276  1884  5668 V Configuration: Updating configuration, locales updated from [] to [en_US]
11-10 14:53:38.276  1884  5668 V Configuration: Updating configuration, locales updated from [] to [en_US,ro_RO]
11-10 14:53:38.276  1884  5668 V Configuration: Updating configuration, locales updated from [] to [en_US,ro_RO]
11-10 14:53:38.276  1884  5668 V Configuration: Updating configuration, locales updated from [] to [en_US,ro_RO]
11-10 14:53:38.276  1884  5668 V Configuration: Updating configuration, locales updated from [] to [en_US]
11-10 14:53:38.276  1884  5668 V Configuration: Updating configuration, locales updated from [] to [en_US,ro_RO]
11-10 14:53:38.276  1884  5668 V Configuration: Updating configuration, locales updated from [] to [en_US]
11-10 14:53:38.276  1884  5668 V Configuration: Updating configuration, locales updated from [] to [en_US,ro_RO]
11-10 14:53:38.276  1884  5668 V Configuration: Updating configuration, locales updated from [] to [en_US,ro_RO]
11-10 14:53:38.276  1884  5668 V Configuration: Updating configuration, locales updated from [] to [en_US,ro_RO]
11-10 14:53:38.276  1884  5668 V Configuration: Updating configuration, locales updated from [] to [en_US,ro_RO]
11-10 14:53:38.276  1884  5668 V Configuration: Updating configuration, locales updated from [] to [en_US,ro_RO]
11-10 14:53:38.276  1884  5668 V Configuration: Updating configuration, locales updated from [] to [en_US,ro_RO]
11-10 14:53:38.276  1884  5668 V Configuration: Updating configuration, locales updated from [] to [en_US,ro_RO]
11-10 14:53:38.276  1884  5668 V Configuration: Updating configuration, locales updated from [] to [en_US,ro_RO]
11-10 14:53:38.276  1884  5668 V Configuration: Updating configuration, locales updated from [] to [en_US,ro_RO]
11-10 14:53:38.276  1884  5668 V Configuration: Updating configuration, locales updated from [] to [en_US,ro_RO]
11-10 14:53:38.276  1884  5668 V Configuration: Updating configuration, locales updated from [] to [en_US,ro_RO]
11-10 14:53:38.276  1884  5668 V Configuration: Updating configuration, locales updated from [] to [en_US,ro_RO]
11-10 14:53:38.276  1884  5668 V Configuration: Updating configuration, locales updated from [] to [en_US,ro_RO]
11-10 14:53:38.276  1884  5668 V Configuration: Updating configuration, locales updated from [] to [en_US,ro_RO]
11-10 14:53:38.276  1884  5668 V Configuration: Updating configuration, locales updated from [] to [en_US,ro_RO]
11-10 14:53:38.276  1884  5668 V Configuration: Updating configuration, locales updated from [] to [en_US,ro_RO]
11-10 14:53:38.276  1884  5668 V Configuration: Updating configuration, locales updated from [] to [en_US,ro_RO]
11-10 14:53:38.276  1884  5668 V Configuration: Updating configuration, locales updated from [] to [en_US,ro_RO]
11-10 14:53:38.276  1884  5668 V Configuration: Updating configuration, locales updated from [] to [en_US,ro_RO]
11-10 14:53:38.276  1884  5668 V Configuration: Updating configuration, locales updated from [] to [en_US,ro_RO]
11-10 14:53:38.277  1884  5668 V Configuration: Updating configuration, locales updated from [] to [en_US,ro_RO]
11-10 14:53:38.277  1884  5668 V Configuration: Updating configuration, locales updated from [] to [en_US,ro_RO]
11-10 14:53:38.277  1884  5668 V Configuration: Updating configuration, locales updated from [] to [en_US,ro_RO]
11-10 14:53:38.277  1884  5668 D IntervalStats: Unable to parse usage stats packages: [137, 276, 315, 316, 324, 333, 336, 337, 339, 340, 357, 363, 371, 372, 374, 391, 395, 402, 411, 413, 414, 421, 427, 433, 437, 457, 459, 460, 461, 464, 465, 471, 472, 487, 488, 489, 490, 494, 495, 509, 510, 511, 512, 513, 514, 515, 517, 518, 519, 520, 523, 529, 531, 532, 534, 538, 539, 540, 546, 547, 549, 553, 554, 556, 568, 583, 589, 595, 597, 598, 599, 600, 601, 602, 605, 606, 611, 623, 624, 625, 627, 628, 629, 630, 631, 632, 633, 634, 635, 637, 638, 640, 654, 657, 658, 660, 661, 663, 666, 672, 691, 692, 693, 694, 696, 697, 698, 699, 701, 702, 703, 704, 705, 706, 707, 708, 709, 710, 711, 712, 714, 715, 721]
11-10 14:53:38.277  7174  7220 E Finsky  : [1048] [Counters] attempted to use a non-positive increment for: 4753
11-10 14:53:38.277  7174  7220 I Finsky  : [1048] AIM: Got app ownership map. App counts: . Unique apps: 0
11-10 14:53:38.277  7174  7220 E Finsky  : [1048] [Counters] attempted to use a non-positive increment for: 4752
11-10 14:53:38.278  1431  2167 W USF     : USF_API: Drop flicker data, cannot find sampling_id:84682!
11-10 14:53:38.281  7174  7174 I Finsky  : [2] agiw - Deduping intent android.intent.action.PACKAGE_ADDED
11-10 14:53:38.288  1431  2167 W USF     : USF_API: Drop flicker data, cannot find sampling_id:84682!
11-10 14:53:38.290  7174  7174 I Finsky  : [2] agiw - Received: android.intent.action.PACKAGE_ADDED, [F8SdPmz-nDnkHAASXyGhRL_JSafYynzTZ1KyLvYja6g]
11-10 14:53:38.293  7174  7215 E Finsky  : [1043] [Counters] attempted to use a non-positive increment for: 4753
11-10 14:53:38.298  1431  2167 W USF     : USF_API: Drop flicker data, cannot find sampling_id:84682!
11-10 14:53:38.299  7174  7174 I Finsky  : [2] agiw - Deduping intent android.intent.action.PACKAGE_ADDED
11-10 14:53:38.300  7174  7174 D ActivityThread: Package [com.example.mobiledigger] reported as REPLACED, but missing application info. Assuming REMOVED.
11-10 14:53:38.300  7174  7201 I Finsky  : [1030] RECEIVER_PACKAGE_MONITOR#logWorkEndAndFinishGoAsync: SUCCESS
11-10 14:53:38.300  7174  7174 D ActivityThread: Package [com.example.mobiledigger] reported as REPLACED, but missing application info. Assuming REMOVED.
11-10 14:53:38.308  1431  2167 W USF     : USF_API: Drop flicker data, cannot find sampling_id:84682!
11-10 14:53:38.318  1431  2167 W USF     : USF_API: Drop flicker data, cannot find sampling_id:84682!
11-10 14:53:38.320  7174  7218 I Finsky  : [1046] AIM: AppInfoManager-Perf > getApps > data collection finished
11-10 14:53:38.320  7174  7218 I Finsky  : [1046] AIM: AppInfoManager-Perf > maybeDestroyAppInfoManager is called. actives = 2
11-10 14:53:38.321  7174  7218 I Finsky  : [1046] AIM: AppInfoManager-Perf > ItemModel > CacheSize=190, cacheHitCount=0, cacheMissCount=0, total appsWithNoServerDataCount=4. Missed  in cache (limit 10) : []
11-10 14:53:38.328  1431  2167 W USF     : USF_API: Drop flicker data, cannot find sampling_id:84682!
11-10 14:53:38.335 30907 20195 I GmscoreIpa: (REDACTED) Sending update to icing for %d files to MusicRecording corpus.
11-10 14:53:38.338  1431  2167 W USF     : USF_API: Drop flicker data, cannot find sampling_id:84682!
11-10 14:53:38.348  1431  2167 W USF     : USF_API: Drop flicker data, cannot find sampling_id:84682!
11-10 14:53:38.358  1431  2167 W USF     : USF_API: Drop flicker data, cannot find sampling_id:84682!
11-10 14:53:38.362 30907 20195 I GmscoreIpa: (REDACTED) Sending update to icing for %d files to %s corpus.
11-10 14:53:38.368  1431  2167 W USF     : USF_API: Drop flicker data, cannot find sampling_id:84682!
11-10 14:53:38.375 30907 20195 I GmscoreIpa: (REDACTED) Sending update to icing for %d files to %s corpus.
11-10 14:53:38.378  1431  2167 W USF     : USF_API: Drop flicker data, cannot find sampling_id:84682!
11-10 14:53:38.388  1884  5670 V SafetySourceDataValidat: Package: com.android.vending has expected signature
11-10 14:53:38.388  1431  2167 W USF     : USF_API: Drop flicker data, cannot find sampling_id:84682!
11-10 14:53:38.388  1884  5670 V SafetySourceDataValidat: Package: com.android.vending has expected signature
11-10 14:53:38.397  1884  2463 W ActivityManager: pid 20549 has 0 free async space, killing
11-10 14:53:38.397  1884  1994 I ActivityManager: Killing 20549:com.microsoft.office.outlook/u0a300 (adj 915): Async binder space running out while frozen
11-10 14:53:38.398  1431  2167 W USF     : USF_API: Drop flicker data, cannot find sampling_id:84682!
11-10 14:53:38.408  1431  2167 W USF     : USF_API: Drop flicker data, cannot find sampling_id:84682!
11-10 14:53:38.418  1431  2167 W USF     : USF_API: Drop flicker data, cannot find sampling_id:84682!
11-10 14:53:38.428  1431  2167 W USF     : USF_API: Drop flicker data, cannot find sampling_id:84682!
11-10 14:53:38.437  1431  2167 W USF     : USF_API: Drop flicker data, cannot find sampling_id:84682!
11-10 14:53:38.448  1431  2167 W USF     : USF_API: Drop flicker data, cannot find sampling_id:84682!
11-10 14:53:38.458  1431  2167 W USF     : USF_API: Drop flicker data, cannot find sampling_id:84682!
11-10 14:53:38.468  1431  2167 W USF     : USF_API: Drop flicker data, cannot find sampling_id:84682!
11-10 14:53:38.478  1431  2167 W USF     : USF_API: Drop flicker data, cannot find sampling_id:84682!
11-10 14:53:38.487  1431  2167 W USF     : USF_API: Drop flicker data, cannot find sampling_id:84682!
11-10 14:53:38.497  1431  2167 W USF     : USF_API: Drop flicker data, cannot find sampling_id:84682!
11-10 14:53:38.506  1408  1408 I Zygote  : Process 20549 exited due to signal 9 (Killed)
11-10 14:53:38.506  1884  2681 D ConnectivityService: releasing NetworkRequest [ REQUEST id=38746, [ Capabilities: INTERNET&NOT_RESTRICTED&TRUSTED&NOT_VCN_MANAGED&NOT_BANDWIDTH_CONSTRAINED Uid: 10300 RequestorUid: 10300 RequestorPkg: com.microsoft.office.outlook UnderlyingNetworks: Null] ] (release request)
11-10 14:53:38.507  1884  2681 D ConnectivityService: releasing NetworkRequest [ REQUEST id=38750, [ Capabilities: INTERNET&NOT_RESTRICTED&TRUSTED&NOT_VCN_MANAGED&NOT_BANDWIDTH_CONSTRAINED Uid: 10300 RequestorUid: 10300 RequestorPkg: com.microsoft.office.outlook UnderlyingNetworks: Null] ] (release request)
11-10 14:53:38.507  1431  2167 W USF     : USF_API: Drop flicker data, cannot find sampling_id:84682!
11-10 14:53:38.507  1884  1998 I libprocessgroup: Removed cgroup /sys/fs/cgroup/apps/uid_10300/pid_20549
11-10 14:53:38.507  1884  5668 D ActivityManager: sync unfroze 24789 com.microsoft.windowsintune.companyportal:omadm_client_process for 5
11-10 14:53:38.517  1431  2167 W USF     : USF_API: Drop flicker data, cannot find sampling_id:84682!
11-10 14:53:38.517 24789 24789 D ActivityThread: Package [com.example.mobiledigger] reported as REPLACED, but missing application info. Assuming REMOVED.
11-10 14:53:38.518 24789 24789 D ActivityThread: Package [com.example.mobiledigger] reported as REPLACED, but missing application info. Assuming REMOVED.
11-10 14:53:38.528  7174  7218 I Finsky  : [1046] AIM: AppInfoManager-Perf > ItemModel > CacheSize=190, cacheHitCount=0, cacheMissCount=0, total appsWithNoServerDataCount=4. Missed  in cache (limit 10) : []
11-10 14:53:38.529  1431  2167 W USF     : USF_API: Drop flicker data, cannot find sampling_id:84682!
11-10 14:53:38.536  7174  7220 I Finsky  : [1048] AIM: AppInfoManager-Perf > getApps > data collection finished
11-10 14:53:38.536  7174  7220 I Finsky  : [1048] AIM: AppInfoManager-Perf > maybeDestroyAppInfoManager is called. actives = 1
11-10 14:53:38.538  1431  2167 W USF     : USF_API: Drop flicker data, cannot find sampling_id:84682!
11-10 14:53:38.548  1431  2167 W USF     : USF_API: Drop flicker data, cannot find sampling_id:84682!
11-10 14:53:38.558  1431  2167 W USF     : USF_API: Drop flicker data, cannot find sampling_id:84682!
11-10 14:53:38.568  1431  2167 W USF     : USF_API: Drop flicker data, cannot find sampling_id:84682!
11-10 14:53:38.578  1431  2167 W USF     : USF_API: Drop flicker data, cannot find sampling_id:84682!
11-10 14:53:38.588  1431  2167 W USF     : USF_API: Drop flicker data, cannot find sampling_id:84682!
11-10 14:53:38.597  1431  2167 W USF     : USF_API: Drop flicker data, cannot find sampling_id:84682!
11-10 14:53:38.608  1431  2167 W USF     : USF_API: Drop flicker data, cannot find sampling_id:84682!
11-10 14:53:38.617  1431  2167 W USF     : USF_API: Drop flicker data, cannot find sampling_id:84682!
11-10 14:53:38.627  1431  2167 W USF     : USF_API: Drop flicker data, cannot find sampling_id:84682!
11-10 14:53:38.637  1431  2167 W USF     : USF_API: Drop flicker data, cannot find sampling_id:84682!
11-10 14:53:38.647  1431  2167 W USF     : USF_API: Drop flicker data, cannot find sampling_id:84682!
11-10 14:53:38.657  1431  2167 W USF     : USF_API: Drop flicker data, cannot find sampling_id:84682!
11-10 14:53:38.667  1431  2167 W USF     : USF_API: Drop flicker data, cannot find sampling_id:84682!
11-10 14:53:38.677  1431  2167 W USF     : USF_API: Drop flicker data, cannot find sampling_id:84682!
11-10 14:53:38.687  1431  2167 W USF     : USF_API: Drop flicker data, cannot find sampling_id:84682!
11-10 14:53:38.697  1431  2167 W USF     : USF_API: Drop flicker data, cannot find sampling_id:84682!
11-10 14:53:38.707  1431  2167 W USF     : USF_API: Drop flicker data, cannot find sampling_id:84682!
11-10 14:53:38.717  1431  2167 W USF     : USF_API: Drop flicker data, cannot find sampling_id:84682!
11-10 14:53:38.727  1431  2167 W USF     : USF_API: Drop flicker data, cannot find sampling_id:84682!
11-10 14:53:38.737  1431  2167 W USF     : USF_API: Drop flicker data, cannot find sampling_id:84682!
11-10 14:53:38.738  7174  7209 I Finsky  : [1037] WM::SCH: Logging work initialize for 12-1
11-10 14:53:38.747  1431  2167 W USF     : USF_API: Drop flicker data, cannot find sampling_id:84682!
11-10 14:53:38.757  1431  2167 W USF     : USF_API: Drop flicker data, cannot find sampling_id:84682!
11-10 14:53:38.768  1431  2167 W USF     : USF_API: Drop flicker data, cannot find sampling_id:84682!
11-10 14:53:38.777  1431  2167 W USF     : USF_API: Drop flicker data, cannot find sampling_id:84682!
11-10 14:53:38.787  1431  2167 W USF     : USF_API: Drop flicker data, cannot find sampling_id:84682!
11-10 14:53:38.797  1431  2167 W USF     : USF_API: Drop flicker data, cannot find sampling_id:84682!
11-10 14:53:38.806  1431  2167 W USF     : USF_API: Drop flicker data, cannot find sampling_id:84682!
11-10 14:53:38.816  1431  2167 W USF     : USF_API: Drop flicker data, cannot find sampling_id:84682!
11-10 14:53:38.820  7174  7209 I Finsky  : [1037] WM::SCH: Logging work initialize for 12-1
11-10 14:53:38.826  1431  2167 W USF     : USF_API: Drop flicker data, cannot find sampling_id:84682!
11-10 14:53:38.836  1431  2167 W USF     : USF_API: Drop flicker data, cannot find sampling_id:84682!
11-10 14:53:38.846  1431  2167 W USF     : USF_API: Drop flicker data, cannot find sampling_id:84682!
11-10 14:53:38.856  1431  2167 W USF     : USF_API: Drop flicker data, cannot find sampling_id:84682!
11-10 14:53:38.866  1431  2167 W USF     : USF_API: Drop flicker data, cannot find sampling_id:84682!
11-10 14:53:38.876  1431  2167 W USF     : USF_API: Drop flicker data, cannot find sampling_id:84682!
11-10 14:53:38.886  1431  2167 W USF     : USF_API: Drop flicker data, cannot find sampling_id:84682!
11-10 14:53:38.897  1431  2167 W USF     : USF_API: Drop flicker data, cannot find sampling_id:84682!
11-10 14:53:38.899  7174  7215 I Finsky  : [1043] SCH: Scheduling phonesky job Id: 12-1, CT: 1762779218272, Constraints: [{ L: 15000, D: 86400000, C: CHARGING_NONE, I: IDLE_NONE, N: NET_ANY, B: BATTERY_ANY }]
11-10 14:53:38.908  1431  2167 W USF     : USF_API: Drop flicker data, cannot find sampling_id:84682!
11-10 14:53:38.918  1431  2167 W USF     : USF_API: Drop flicker data, cannot find sampling_id:84682!
11-10 14:53:38.928  1431  2167 W USF     : USF_API: Drop flicker data, cannot find sampling_id:84682!
11-10 14:53:38.938  1431  2167 W USF     : USF_API: Drop flicker data, cannot find sampling_id:84682!
11-10 14:53:38.947  1431  2167 W USF     : USF_API: Drop flicker data, cannot find sampling_id:84682!
11-10 14:53:38.957  1431  2167 W USF     : USF_API: Drop flicker data, cannot find sampling_id:84682!
11-10 14:53:38.967  1431  2167 W USF     : USF_API: Drop flicker data, cannot find sampling_id:84682!
11-10 14:53:38.977  1431  2167 W USF     : USF_API: Drop flicker data, cannot find sampling_id:84682!
11-10 14:53:38.987  1431  2167 W USF     : USF_API: Drop flicker data, cannot find sampling_id:84682!
11-10 14:53:38.997  1431  2167 W USF     : USF_API: Drop flicker data, cannot find sampling_id:84682!
11-10 14:53:39.000  2957  3019 W .apps.wellbeing: Reducing the number of considered missed Gc histogram windows from 322 to 100
11-10 14:53:39.007  1431  2167 W USF     : USF_API: Drop flicker data, cannot find sampling_id:84682!
11-10 14:53:39.016  1431  2167 W USF     : USF_API: Drop flicker data, cannot find sampling_id:84682!
11-10 14:53:39.026  1431  2167 W USF     : USF_API: Drop flicker data, cannot find sampling_id:84682!
11-10 14:53:39.034 12933 12955 D PackageUpdatedTask: Package updated: mOp=UPDATE packages=[com.example.mobiledigger], user=UserHandle{0}
11-10 14:53:39.036 24892 21377 I AiAiEcho: (REDACTED) AppIndexer Package:[%s] UserProfile:[%d] Enabled:[%s].
11-10 14:53:39.036 24892 21377 I AiAiEcho: (REDACTED) AppFetcherImplV2 updateApps package:[%s], userId:[%d], reason:[%s].
11-10 14:53:39.036  1431  2167 W USF     : USF_API: Drop flicker data, cannot find sampling_id:84682!
11-10 14:53:39.037  1884  2730 D BackgroundInstallControlService: Package event received: 0
11-10 14:53:39.040  1884  1884 V GrammaticalInflectionUtils: AttributionSource: android.content.AttributionSource@7dd37ea9 does not have READ_SYSTEM_GRAMMATICAL_GENDER permission.
11-10 14:53:39.046  1431  2167 W USF     : USF_API: Drop flicker data, cannot find sampling_id:84682!
11-10 14:53:39.056  1431  2167 W USF     : USF_API: Drop flicker data, cannot find sampling_id:84682!
11-10 14:53:39.062  1408  1408 D Zygote  : Forked child process 21379
11-10 14:53:39.063  1884  1996 I ActivityManager: Start proc 21379:com.google.android.odad/u0a154 for service {com.google.android.odad/com.google.android.apps.miphone.odad.contentprotection.ContentProtectionService}
11-10 14:53:39.065  1431  2167 W USF     : USF_API: Drop flicker data, cannot find sampling_id:84682!
11-10 14:53:39.076  1431  2167 W USF     : USF_API: Drop flicker data, cannot find sampling_id:84682!
11-10 14:53:39.077 21379 21379 W zygote64: Activation of cgroup controller +memory failed in path /sys/fs/cgroup/apps/uid_10154: Invalid argument
11-10 14:53:39.083 21379 21379 I Zygote  : Process 21379 crated for com.google.android.odad
11-10 14:53:39.083 21379 21379 I le.android.odad: Using CollectorTypeCMC GC.
11-10 14:53:39.086  1431  2167 W USF     : USF_API: Drop flicker data, cannot find sampling_id:84682!
11-10 14:53:39.087 21379 21379 E le.android.odad: Not starting debugger since process cannot load the jdwp agent.
11-10 14:53:39.094 21379 21379 D nativeloader: Load libframework-connectivity-tiramisu-jni.so using APEX ns com_android_tethering for caller /apex/com.android.tethering/javalib/framework-connectivity-t.jar: ok
11-10 14:53:39.095  1431  2167 W USF     : USF_API: Drop flicker data, cannot find sampling_id:84682!
11-10 14:53:39.106  1431  2167 W USF     : USF_API: Drop flicker data, cannot find sampling_id:84682!
11-10 14:53:39.107 21379 21379 D ApplicationLoaders: Returning zygote-cached class loader: /system_ext/framework/androidx.window.extensions.jar
11-10 14:53:39.107 21379 21379 D ApplicationLoaders: Returning zygote-cached class loader: /system_ext/framework/androidx.window.sidecar.jar
11-10 14:53:39.115  1431  2167 W USF     : USF_API: Drop flicker data, cannot find sampling_id:84682!
11-10 14:53:39.119  7174  7179 W android.vending: Reducing the number of considered missed Gc histogram windows from 703 to 100
11-10 14:53:39.123 21379 21379 D nativeloader: Configuring clns-9 for other apk /data/app/~~j-NveiCjcoCYynvAM_u2hQ==/com.google.android.odad-EGbek8fyc_pOiwU6jca0eA==/base.apk. target_sdk_version=36, uses_libraries=, library_path=/data/app/~~j-NveiCjcoCYynvAM_u2hQ==/com.google.android.odad-EGbek8fyc_pOiwU6jca0eA==/lib/arm64:/data/app/~~j-NveiCjcoCYynvAM_u2hQ==/com.google.android.odad-EGbek8fyc_pOiwU6jca0eA==/base.apk!/lib/arm64-v8a, permitted_path=/data:/mnt/expand:/data/user/0/com.google.android.odad
11-10 14:53:39.125  1431  2167 W USF     : USF_API: Drop flicker data, cannot find sampling_id:84682!
11-10 14:53:39.132 12933 12955 D AlphabeticIndexCompat: computeSectionName: cs: MobileDigger sectionName: M
11-10 14:53:39.132 12933 12933 D AllAppsStore: setApps: apps.length=148
11-10 14:53:39.132 12933 12933 D AllAppsStore: notifyUpdate: notifying listeners
11-10 14:53:39.132 12933 12933 D ActivityAllAppsContainerView: onAppsUpdated; number of apps: 148
11-10 14:53:39.132 12933 12933 D ActivityAllAppsContainerView: rebindAdapters: force: false
11-10 14:53:39.133 12933 12933 D ActivityAllAppsContainerView: rebindAdapters: Not needed.
11-10 14:53:39.133 12933 12933 D StatsLog: LAUNCHER_ALLAPPS_COUNT
11-10 14:53:39.133 12933 12933 D AlphabeticalAppsList: Clearing FastScrollerSections.
11-10 14:53:39.133 12933 12933 D AlphabeticalAppsList: Adding apps with sections. HasPrivateApps: false
11-10 14:53:39.133 12933 12933 D AlphabeticalAppsList: addAppsWithSections: adding sectionName:  with appInfoTitle: 1Password
11-10 14:53:39.133 12933 12933 D AlphabeticalAppsList: addAppsWithSections: adding sectionName: A with appInfoTitle: AIMP
11-10 14:53:39.133 12933 12933 D AlphabeticalAppsList: addAppsWithSections: adding sectionName: B with appInfoTitle: Bandcamp
11-10 14:53:39.133 12933 12933 D AlphabeticalAppsList: addAppsWithSections: adding sectionName: C with appInfoTitle: Calculator
11-10 14:53:39.133 12933 12933 D AlphabeticalAppsList: addAppsWithSections: adding sectionName: D with appInfoTitle: Digital Wellbeing
11-10 14:53:39.133 12933 12933 D AlphabeticalAppsList: addAppsWithSections: adding sectionName: E with appInfoTitle: eBay
11-10 14:53:39.133 12933 12933 D AlphabeticalAppsList: addAppsWithSections: adding sectionName: F with appInfoTitle: Facebook
11-10 14:53:39.133 12933 12933 D AlphabeticalAppsList: addAppsWithSections: adding sectionName: G with appInfoTitle: Gemini
11-10 14:53:39.133 12933 12933 D AlphabeticalAppsList: addAppsWithSections: adding sectionName: H with appInfoTitle: Hero Capture
11-10 14:53:39.133 12933 12933 D AlphabeticalAppsList: addAppsWithSections: adding sectionName: I with appInfoTitle: Instagram
11-10 14:53:39.133 12933 12933 D AlphabeticalAppsList: addAppsWithSections: adding sectionName: K with appInfoTitle: Keep Notes
11-10 14:53:39.133 12933 12933 D AlphabeticalAppsList: addAppsWithSections: adding sectionName: L with appInfoTitle: Leboncoin
11-10 14:53:39.133 12933 12933 D AlphabeticalAppsList: addAppsWithSections: adding sectionName: M with appInfoTitle: Maps
11-10 14:53:39.133 12933 12933 D AlphabeticalAppsList: addAppsWithSections: adding sectionName: N with appInfoTitle: Netflix
11-10 14:53:39.133 12933 12933 D AlphabeticalAppsList: addAppsWithSections: adding sectionName: O with appInfoTitle: Okta Verify
11-10 14:53:39.133 12933 12933 D AlphabeticalAppsList: addAppsWithSections: adding sectionName: P with appInfoTitle: Paper.io 2
11-10 14:53:39.133 12933 12933 D AlphabeticalAppsList: addAppsWithSections: adding sectionName: R with appInfoTitle: RAR
11-10 14:53:39.133 12933 12933 D AlphabeticalAppsList: addAppsWithSections: adding sectionName: S with appInfoTitle: Safety
11-10 14:53:39.133 12933 12933 D AlphabeticalAppsList: addAppsWithSections: adding sectionName: T with appInfoTitle: Teams
11-10 14:53:39.133 12933 12933 D AlphabeticalAppsList: addAppsWithSections: adding sectionName: U with appInfoTitle: Uber
11-10 14:53:39.133 12933 12933 D AlphabeticalAppsList: addAppsWithSections: adding sectionName: V with appInfoTitle: Vinted
11-10 14:53:39.133 12933 12933 D AlphabeticalAppsList: addAppsWithSections: adding sectionName: W with appInfoTitle: Wallapop
11-10 14:53:39.133 12933 12933 D AlphabeticalAppsList: addAppsWithSections: adding sectionName: X with appInfoTitle: X
11-10 14:53:39.133 12933 12933 D AlphabeticalAppsList: addAppsWithSections: adding sectionName: Y with appInfoTitle: YouTube
11-10 14:53:39.133 12933 12933 D AlphabeticalAppsList: Adding FastScrollSection duplicate to scroll to the bottom.
11-10 14:53:39.133 12933 12933 D AlphabeticalAppsList: Clearing FastScrollerSections.
11-10 14:53:39.134 12933 12933 D AlphabeticalAppsList: Adding FastScrollSection for work edu card.
11-10 14:53:39.134 12933 12933 D AlphabeticalAppsList: Adding apps with sections. HasPrivateApps: false
11-10 14:53:39.134 12933 12933 D AlphabeticalAppsList: addAppsWithSections: adding sectionName:  with appInfoTitle: 1Password
11-10 14:53:39.134 12933 12933 D AlphabeticalAppsList: addAppsWithSections: adding sectionName: A with appInfoTitle: AIMP
11-10 14:53:39.134 12933 12933 D AlphabeticalAppsList: addAppsWithSections: adding sectionName: B with appInfoTitle: Bandcamp
11-10 14:53:39.134 12933 12933 D AlphabeticalAppsList: addAppsWithSections: adding sectionName: C with appInfoTitle: Calculator
11-10 14:53:39.134 12933 12933 D AlphabeticalAppsList: addAppsWithSections: adding sectionName: D with appInfoTitle: Digital Wellbeing
11-10 14:53:39.134 12933 12933 D AlphabeticalAppsList: addAppsWithSections: adding sectionName: E with appInfoTitle: eBay
11-10 14:53:39.134 12933 12933 D AlphabeticalAppsList: addAppsWithSections: adding sectionName: F with appInfoTitle: Facebook
11-10 14:53:39.134 12933 12933 D AlphabeticalAppsList: addAppsWithSections: adding sectionName: G with appInfoTitle: Gemini
11-10 14:53:39.134 12933 12933 D AlphabeticalAppsList: addAppsWithSections: adding sectionName: H with appInfoTitle: Hero Capture
11-10 14:53:39.134 12933 12933 D AlphabeticalAppsList: addAppsWithSections: adding sectionName: I with appInfoTitle: Instagram
11-10 14:53:39.134 12933 12933 D AlphabeticalAppsList: addAppsWithSections: adding sectionName: K with appInfoTitle: Keep Notes
11-10 14:53:39.134 12933 12933 D AlphabeticalAppsList: addAppsWithSections: adding sectionName: L with appInfoTitle: Leboncoin
11-10 14:53:39.134 12933 12933 D AlphabeticalAppsList: addAppsWithSections: adding sectionName: M with appInfoTitle: Maps
11-10 14:53:39.134 12933 12933 D AlphabeticalAppsList: addAppsWithSections: adding sectionName: N with appInfoTitle: Netflix
11-10 14:53:39.134 12933 12933 D AlphabeticalAppsList: addAppsWithSections: adding sectionName: O with appInfoTitle: Okta Verify
11-10 14:53:39.134 12933 12933 D AlphabeticalAppsList: addAppsWithSections: adding sectionName: P with appInfoTitle: Paper.io 2
11-10 14:53:39.134 12933 12933 D AlphabeticalAppsList: addAppsWithSections: adding sectionName: R with appInfoTitle: RAR
11-10 14:53:39.134 12933 12933 D AlphabeticalAppsList: addAppsWithSections: adding sectionName: S with appInfoTitle: Safety
11-10 14:53:39.134 12933 12933 D AlphabeticalAppsList: addAppsWithSections: adding sectionName: T with appInfoTitle: Teams
11-10 14:53:39.134 12933 12933 D AlphabeticalAppsList: addAppsWithSections: adding sectionName: U with appInfoTitle: Uber
11-10 14:53:39.134 12933 12933 D AlphabeticalAppsList: addAppsWithSections: adding sectionName: V with appInfoTitle: Vinted
11-10 14:53:39.134 12933 12933 D AlphabeticalAppsList: addAppsWithSections: adding sectionName: W with appInfoTitle: Wallapop
11-10 14:53:39.134 12933 12933 D AlphabeticalAppsList: addAppsWithSections: adding sectionName: X with appInfoTitle: X
11-10 14:53:39.134 12933 12933 D AlphabeticalAppsList: addAppsWithSections: adding sectionName: Y with appInfoTitle: YouTube
11-10 14:53:39.134 12933 12933 D AlphabeticalAppsList: Adding FastScrollSection duplicate to scroll to the bottom.
11-10 14:53:39.135  1431  2167 W USF     : USF_API: Drop flicker data, cannot find sampling_id:84682!
11-10 14:53:39.138 21379 21379 V GraphicsEnvironment: Currently set values for:
11-10 14:53:39.138 21379 21379 V GraphicsEnvironment:   angle_gl_driver_selection_pkgs=[com.android.angle, com.google.android.apps.tachyon]
11-10 14:53:39.138 21379 21379 V GraphicsEnvironment:   angle_gl_driver_selection_values=[angle, native]
11-10 14:53:39.138 21379 21379 V GraphicsEnvironment: com.google.android.odad is not listed in per-application setting
11-10 14:53:39.138 21379 21379 V GraphicsEnvironment: ANGLE allowlist from config: 
11-10 14:53:39.138 21379 21379 V GraphicsEnvironment: com.google.android.odad is not listed in ANGLE allowlist or settings, returning default
11-10 14:53:39.138 21379 21379 V GraphicsEnvironment: Neither updatable production driver nor prerelease driver is supported.
11-10 14:53:39.146  1431  2167 W USF     : USF_API: Drop flicker data, cannot find sampling_id:84682!
11-10 14:53:39.156  1431  2167 W USF     : USF_API: Drop flicker data, cannot find sampling_id:84682!
11-10 14:53:39.161  1884  2730 D BackgroundInstallControlService: Package event received: 0
11-10 14:53:39.164  1884  2730 D BackgroundInstallControlService: Package event received: 0
11-10 14:53:39.165  1431  2167 W USF     : USF_API: Drop flicker data, cannot find sampling_id:84682!
11-10 14:53:39.175  1431  2167 W USF     : USF_API: Drop flicker data, cannot find sampling_id:84682!
11-10 14:53:39.181 21379 21379 I ContentProtectionServic: CP service created
11-10 14:53:39.183 21379 21379 E ashmem  : Pinning is deprecated since Android Q. Please use trim or other methods.
11-10 14:53:39.184  1884  1884 I RemoteContentProtectionService: Connection status for: ComponentInfo{com.google.android.odad/com.google.android.apps.miphone.odad.contentprotection.ContentProtectionService} changed to: connected
11-10 14:53:39.185 21379 21379 I ContentProtectionServic: CP service onConnected
11-10 14:53:39.185  1431  2167 W USF     : USF_API: Drop flicker data, cannot find sampling_id:84682!
11-10 14:53:39.189 21379 21392 I bxw     : Starting to build the allowlist
11-10 14:53:39.195  1431  2167 W USF     : USF_API: Drop flicker data, cannot find sampling_id:84682!
11-10 14:53:39.205  1431  2167 W USF     : USF_API: Drop flicker data, cannot find sampling_id:84682!
11-10 14:53:39.215  1431  2167 W USF     : USF_API: Drop flicker data, cannot find sampling_id:84682!
11-10 14:53:39.222  7174  7220 I Finsky  : [1048] SCH: Scheduling 1 system job(s)
11-10 14:53:39.224  7174  7220 I Finsky  : [1048] SCH: Scheduling system job Id: 9690, L: 14050, D: 66741688, C: false, I: false, N: 1
11-10 14:53:39.225  1431  2167 W USF     : USF_API: Drop flicker data, cannot find sampling_id:84682!
11-10 14:53:39.230  1431  2167 W USF     : USF_API: Drop sample report, cannot find sampling_id:84682
11-10 14:53:39.235  1431  2167 W USF     : USF_API: Drop flicker data, cannot find sampling_id:84682!
11-10 14:53:39.242  7174  7210 I Finsky  : [1038] [ContentSync] finished, scheduled=true
11-10 14:53:39.242  7174  7215 I Finsky  : [1043] SCH: Scheduling phonesky job Id: 12-1, CT: 1762779217697, Constraints: [{ L: 15000, D: 86400000, C: CHARGING_NONE, I: IDLE_NONE, N: NET_ANY, B: BATTERY_ANY }]
11-10 14:53:39.245  1431  2167 W USF     : USF_API: Drop flicker data, cannot find sampling_id:84682!
11-10 14:53:39.255  1431  2167 W USF     : USF_API: Drop flicker data, cannot find sampling_id:84682!
11-10 14:53:39.265  1431  2167 W USF     : USF_API: Drop flicker data, cannot find sampling_id:84682!
11-10 14:53:39.275  1431  2167 W USF     : USF_API: Drop flicker data, cannot find sampling_id:84682!
11-10 14:53:39.285  1431  2167 W USF     : USF_API: Drop flicker data, cannot find sampling_id:84682!
11-10 14:53:39.286 21379 21392 I bxw     : Potential packages: 123, blocklist size: 6070, allowlist size: 45, latency: PT0.05S
11-10 14:53:39.287 21379 21379 I bxn     : Max lightweight executor threads: 5
11-10 14:53:39.290 21379 21379 I brn     : Starting work type: HANDLE_PACKAGES_CHANGED using foreground service, isShort: false
11-10 14:53:39.291  1884  5659 I ActivityManager: Background started FGS: Allowed [callingPackage: com.google.android.odad; callingUid: 10154; uidState: IMPF; uidBFSL: n/a; intent: Intent { xflg=0x4 cmp=com.google.android.odad/com.google.android.apps.miphone.odad.backgroundwork.impl.WorkService (has extras) }; code:BACKGROUND_ACTIVITY_PERMISSION; tempAllowListReason:<null>; allowWiu:58; targetSdkVersion:36; callerTargetSdkVersion:36; startForegroundCount:0; bindFromPackage:null: isBindService:false]
11-10 14:53:39.295  1431  2167 W USF     : USF_API: Drop flicker data, cannot find sampling_id:84682!
11-10 14:53:39.296 21379 21379 I WorkService: Work service created
11-10 14:53:39.297 21379 21396 I civ     : Started coroutine watchdog: work-service, duration: PT3M
11-10 14:53:39.305  1884  5659 W ForegroundServiceTypeLoggerModule: Foreground service start for UID: 10154 does not have any types
11-10 14:53:39.305  1431  2167 W USF     : USF_API: Drop flicker data, cannot find sampling_id:84682!
11-10 14:53:39.306  1884  2730 D BackgroundInstallControlService: Package event received: 0
11-10 14:53:39.308 21379 21379 I WorkService: Moved work service to foreground
11-10 14:53:39.308 21379 21379 I brn     : Starting the handler for work type: HANDLE_PACKAGES_CHANGED
11-10 14:53:39.309 21379 21379 I WorkService: Work service returning from onStartCommand, work count: 1
11-10 14:53:39.314 21379 21397 I brb     : No reboot detected, boot count: 118
11-10 14:53:39.315  1431  2167 W USF     : USF_API: Drop flicker data, cannot find sampling_id:84682!
11-10 14:53:39.321  7174  7211 I Finsky  : [1039] SCH: Scheduling 1 system job(s)
11-10 14:53:39.321  7174  7211 I Finsky  : [1039] SCH: Scheduling system job Id: 9690, L: 13376, D: 66741589, C: false, I: false, N: 1
11-10 14:53:39.325  1431  2167 W USF     : USF_API: Drop flicker data, cannot find sampling_id:84682!
11-10 14:53:39.327 21379 21397 I brb     : Found: 7 changed packages for sequence number: 2364, new sequence number: 2451
11-10 14:53:39.335  1431  2167 W USF     : USF_API: Drop flicker data, cannot find sampling_id:84682!
11-10 14:53:39.345  1431  2167 W USF     : USF_API: Drop flicker data, cannot find sampling_id:84682!
11-10 14:53:39.355  1431  2167 W USF     : USF_API: Drop flicker data, cannot find sampling_id:84682!
11-10 14:53:39.365  1431  2167 W USF     : USF_API: Drop flicker data, cannot find sampling_id:84682!
11-10 14:53:39.375  1431  2167 W USF     : USF_API: Drop flicker data, cannot find sampling_id:84682!
11-10 14:53:39.385  1431  2167 W USF     : USF_API: Drop flicker data, cannot find sampling_id:84682!
11-10 14:53:39.395  1431  2167 W USF     : USF_API: Drop flicker data, cannot find sampling_id:84682!
11-10 14:53:39.405  1431  2167 W USF     : USF_API: Drop flicker data, cannot find sampling_id:84682!
11-10 14:53:39.416  1431  2167 W USF     : USF_API: Drop flicker data, cannot find sampling_id:84682!
11-10 14:53:39.426  1431  2167 W USF     : USF_API: Drop flicker data, cannot find sampling_id:84682!
11-10 14:53:39.436  1431  2167 W USF     : USF_API: Drop flicker data, cannot find sampling_id:84682!
11-10 14:53:39.440  7174  7209 I Finsky  : [1037] [ContentSync] finished, scheduled=true
11-10 14:53:39.445  1431  2167 W USF     : USF_API: Drop flicker data, cannot find sampling_id:84682!
11-10 14:53:39.455  1431  2167 W USF     : USF_API: Drop flicker data, cannot find sampling_id:84682!
11-10 14:53:39.465  1431  2167 W USF     : USF_API: Drop flicker data, cannot find sampling_id:84682!
11-10 14:53:39.475  1431  2167 W USF     : USF_API: Drop flicker data, cannot find sampling_id:84682!
11-10 14:53:39.485  1431  2167 W USF     : USF_API: Drop flicker data, cannot find sampling_id:84682!
11-10 14:53:39.495  1431  2167 W USF     : USF_API: Drop flicker data, cannot find sampling_id:84682!
11-10 14:53:39.502 21379 21397 I brb     : Handling installed or updated package: com.twitter.android
11-10 14:53:39.502 21379 21397 I cip     : Attempting to classify package: com.twitter.android using model: bll_1
11-10 14:53:39.505  1431  2167 W USF     : USF_API: Drop flicker data, cannot find sampling_id:84682!
11-10 14:53:39.515  1431  2167 W USF     : USF_API: Drop flicker data, cannot find sampling_id:84682!
11-10 14:53:39.525  1431  2167 W USF     : USF_API: Drop flicker data, cannot find sampling_id:84682!
11-10 14:53:39.534  1431  2167 W USF     : USF_API: Drop flicker data, cannot find sampling_id:84682!
11-10 14:53:39.544  1431  2167 W USF     : USF_API: Drop flicker data, cannot find sampling_id:84682!
11-10 14:53:39.554  1431  2167 W USF     : USF_API: Drop flicker data, cannot find sampling_id:84682!
11-10 14:53:39.565  1431  2167 W USF     : USF_API: Drop flicker data, cannot find sampling_id:84682!
11-10 14:53:39.574  1431  2167 W USF     : USF_API: Drop flicker data, cannot find sampling_id:84682!
11-10 14:53:39.584  1431  2167 W USF     : USF_API: Drop flicker data, cannot find sampling_id:84682!
11-10 14:53:39.594  1431  2167 W USF     : USF_API: Drop flicker data, cannot find sampling_id:84682!
11-10 14:53:39.604  1431  2167 W USF     : USF_API: Drop flicker data, cannot find sampling_id:84682!
11-10 14:53:39.614  1431  2167 W USF     : USF_API: Drop flicker data, cannot find sampling_id:84682!
11-10 14:53:39.625  1431  2167 W USF     : USF_API: Drop flicker data, cannot find sampling_id:84682!
11-10 14:53:39.635  1431  2167 W USF     : USF_API: Drop flicker data, cannot find sampling_id:84682!
11-10 14:53:39.645  1431  2167 W USF     : USF_API: Drop flicker data, cannot find sampling_id:84682!
11-10 14:53:39.654  1431  2167 W USF     : USF_API: Drop flicker data, cannot find sampling_id:84682!
11-10 14:53:39.664  1431  2167 W USF     : USF_API: Drop flicker data, cannot find sampling_id:84682!
11-10 14:53:39.674  1431  2167 W USF     : USF_API: Drop flicker data, cannot find sampling_id:84682!
11-10 14:53:39.684  1431  2167 W USF     : USF_API: Drop flicker data, cannot find sampling_id:84682!
11-10 14:53:39.694  1431  2167 W USF     : USF_API: Drop flicker data, cannot find sampling_id:84682!
11-10 14:53:39.704  1431  2167 W USF     : USF_API: Drop flicker data, cannot find sampling_id:84682!
11-10 14:53:39.713  1431  2167 W USF     : USF_API: Drop flicker data, cannot find sampling_id:84682!
11-10 14:53:39.724  1431  2167 W USF     : USF_API: Drop flicker data, cannot find sampling_id:84682!
11-10 14:53:39.734  1431  2167 W USF     : USF_API: Drop flicker data, cannot find sampling_id:84682!
11-10 14:53:39.744  1431  2167 W USF     : USF_API: Drop flicker data, cannot find sampling_id:84682!
11-10 14:53:39.754  1431  2167 W USF     : USF_API: Drop flicker data, cannot find sampling_id:84682!
11-10 14:53:39.764  1431  2167 W USF     : USF_API: Drop flicker data, cannot find sampling_id:84682!
11-10 14:53:39.774  1431  2167 W USF     : USF_API: Drop flicker data, cannot find sampling_id:84682!
11-10 14:53:39.784  1431  2167 W USF     : USF_API: Drop flicker data, cannot find sampling_id:84682!
11-10 14:53:39.796  1431  2167 W USF     : USF_API: Drop flicker data, cannot find sampling_id:84682!
