--------- beginning of main
11-10 15:40:40.401  1431  2167 W USF     : USF_API: Drop flicker data, cannot find sampling_id:84682!
11-10 15:40:40.411  1431  2167 W USF     : USF_API: Drop flicker data, cannot find sampling_id:84682!
11-10 15:40:40.418  4821  4843 D FileManager: ðŸ“ SAF: Found file in '2024-05-26': Electrodynamique - That Is Right [AF004].flac
11-10 15:40:40.419  4821  4843 D FileManager: Loaded 10 files so far...
11-10 15:40:40.421  4821  4843 D FileManager: ðŸ“ SAF: Found file in '2024-05-26': Obsidian - Am Aura [TuNEZ005].flac
11-10 15:40:40.421  1431  2167 W USF     : USF_API: Drop flicker data, cannot find sampling_id:84682!
11-10 15:40:40.421  4821  4843 D FileManager: Loaded 20 files so far...
11-10 15:40:40.423  4821  4843 D FileManager: ðŸ“ SAF: Found file in '2024-05-26': Zone+ and Hameed - Colossus.flac
11-10 15:40:40.423  4821  4843 D FileManager: Loaded 30 files so far...
11-10 15:40:40.424  4821  4843 D FileManager: Starting scanForMusicFiles with extensions: [mp3, wav, flac, aac, ogg, m4a, aif, aiff]
11-10 15:40:40.431  1431  2167 W USF     : USF_API: Drop flicker data, cannot find sampling_id:84682!
11-10 15:40:40.440  1431  2167 W USF     : USF_API: Drop flicker data, cannot find sampling_id:84682!
11-10 15:40:40.450  1431  2167 W USF     : USF_API: Drop flicker data, cannot find sampling_id:84682!
11-10 15:40:40.460  1431  2167 W USF     : USF_API: Drop flicker data, cannot find sampling_id:84682!
11-10 15:40:40.470  1431  2167 W USF     : USF_API: Drop flicker data, cannot find sampling_id:84682!
11-10 15:40:40.479  4821  4843 D FileManager: ðŸ“ SAF: Found file in '2024-05-28': Elsoo - Millenium Bridge.flac
11-10 15:40:40.480  4821  4843 D FileManager: Loaded 10 files so far...
11-10 15:40:40.480  1431  2167 W USF     : USF_API: Drop flicker data, cannot find sampling_id:84682!
11-10 15:40:40.481  4821  4843 D FileManager: ðŸ“ SAF: Found file in '2024-05-28': Ruslan Masalygin - Absheron.flac
11-10 15:40:40.481  4821  4843 D FileManager: Loaded 20 files so far...
11-10 15:40:40.483  4821  4843 D FileManager: ðŸ“ SAF: Found file in '2024-05-28': Trikiu and Yarhz - Sonidos Haiku [WAPMEP034].flac
11-10 15:40:40.483  4821  4843 D FileManager: Loaded 30 files so far...
11-10 15:40:40.484  4821  4843 D FileManager: Starting scanForMusicFiles with extensions: [mp3, wav, flac, aac, ogg, m4a, aif, aiff]
11-10 15:40:40.490  1431  2167 W USF     : USF_API: Drop flicker data, cannot find sampling_id:84682!
11-10 15:40:40.496  2772  2772 W ConstraintSet: id unknown center_vertical_guideline
11-10 15:40:40.496  2772  2772 W ConstraintSet: id unknown action_button_guideline
11-10 15:40:40.496  2772  2772 W ConstraintSet: id unknown icon
11-10 15:40:40.496  2772  2772 W ConstraintSet: id unknown media_seamless
11-10 15:40:40.496  2772  2772 W ConstraintSet: id unknown media_action_barrier_start
11-10 15:40:40.496  2772  2772 W ConstraintSet: id unknown media_action_barrier_end
11-10 15:40:40.496  2772  2772 W ConstraintSet: id unknown media_action_barrier_top
11-10 15:40:40.497  2772  2772 W ConstraintSet: id unknown remove_text
11-10 15:40:40.497  2772  2772 W ConstraintSet: id unknown settings
11-10 15:40:40.497  2772  2772 W ConstraintSet: id unknown dismiss
11-10 15:40:40.497  2772  2772 W ConstraintSet: id unknown cancel
11-10 15:40:40.500  1431  2167 W USF     : USF_API: Drop flicker data, cannot find sampling_id:84682!
11-10 15:40:40.510  1431  2167 W USF     : USF_API: Drop flicker data, cannot find sampling_id:84682!
11-10 15:40:40.520  1431  2167 W USF     : USF_API: Drop flicker data, cannot find sampling_id:84682!
11-10 15:40:40.529  1431  2167 W USF     : USF_API: Drop flicker data, cannot find sampling_id:84682!
11-10 15:40:40.531  1884  2681 D InetDiagMessage: Destroyed 0 sockets, proto=IPPROTO_TCP, family=AF_INET, states=14
11-10 15:40:40.532  1884  2681 D InetDiagMessage: Destroyed 0 sockets, proto=IPPROTO_TCP, family=AF_INET6, states=14
11-10 15:40:40.532  1884  2681 D InetDiagMessage: Destroyed live tcp sockets for uids={10325} in 3ms
11-10 15:40:40.533  1884  2681 D InetDiagMessage: Destroyed 0 sockets, proto=IPPROTO_TCP, family=AF_INET, states=14
11-10 15:40:40.535  1884  2681 D InetDiagMessage: Destroyed 0 sockets, proto=IPPROTO_TCP, family=AF_INET6, states=14
11-10 15:40:40.535  1884  2681 D InetDiagMessage: Destroyed live tcp sockets for uids={20325} in 2ms
11-10 15:40:40.540  1431  2167 W USF     : USF_API: Drop flicker data, cannot find sampling_id:84682!
11-10 15:40:40.545  4821  4843 D FileManager: ðŸ“ SAF: Found file in '2024-05-30': Joss - Justify (Io Mulen Remix) [Arr044].flac
11-10 15:40:40.545  4821  4843 D FileManager: Loaded 10 files so far...
11-10 15:40:40.547  4821  4843 D FileManager: ðŸ“ SAF: Found file in '2024-05-30': Ruslan Masalygin - Absheron (Gudj Remix).flac
11-10 15:40:40.547  4821  4843 D FileManager: Loaded 20 files so far...
11-10 15:40:40.548  4821  4843 D FileManager: ðŸ“ SAF: Found file in '2024-05-30': Xyiz - The People Around [XYIZLH].flac
11-10 15:40:40.549  4821  4843 D FileManager: Loaded 30 files so far...
11-10 15:40:40.552  1431  2167 W USF     : USF_API: Drop flicker data, cannot find sampling_id:84682!
11-10 15:40:40.555  4821  4843 D FileManager: Scanned 314 files from SAF folder: 05. May
11-10 15:40:40.555  4821  4843 D FileManager: loadMusicFiles completed with 314 files
11-10 15:40:40.557  4821  4821 D MusicViewModel: FileManager.loadMusicFiles completed with 314 files
11-10 15:40:40.558  4821  4821 D MusicViewModel: Updated musicFiles state
11-10 15:40:40.559  4821  4821 D MusicViewModel: selectFolder completed successfully
11-10 15:40:40.561  1431  2167 W USF     : USF_API: Drop flicker data, cannot find sampling_id:84682!
11-10 15:40:40.563  4821  4843 D MusicViewModel: Loading liked files from destination folder: Results 3
--------- beginning of system
11-10 15:40:40.567  1884  4398 I AppsFilter: interaction: PackageSetting{f52aa46 com.example.mobiledigger/10658} -> PackageSetting{ac19568 com.dropbox.android/10494} BLOCKED
11-10 15:40:40.567  1884  4398 I AppsFilter: interaction: PackageSetting{f52aa46 com.example.mobiledigger/10658} -> PackageSetting{6627d81 com.anydesk.anydeskandroid/10320} BLOCKED
11-10 15:40:40.567  1884  4398 I AppsFilter: interaction: PackageSetting{f52aa46 com.example.mobiledigger/10658} -> PackageSetting{6627d81 com.anydesk.anydeskandroid/10320} BLOCKED
11-10 15:40:40.567  1884  4398 I AppsFilter: interaction: PackageSetting{f52aa46 com.example.mobiledigger/10658} -> PackageSetting{cf2ee26 com.google.android.documentsui/10090} BLOCKED
11-10 15:40:40.567  1884  4398 I AppsFilter: interaction: PackageSetting{f52aa46 com.example.mobiledigger/10658} -> PackageSetting{4198650 com.google.android.apps.docs/10196} BLOCKED
11-10 15:40:40.571  1431  2167 W USF     : USF_API: Drop flicker data, cannot find sampling_id:84682!
11-10 15:40:40.581  1431  2167 W USF     : USF_API: Drop flicker data, cannot find sampling_id:84682!
11-10 15:40:40.581  1884  4367 I AppsFilter: interaction: PackageSetting{f52aa46 com.example.mobiledigger/10658} -> PackageSetting{ac19568 com.dropbox.android/10494} BLOCKED
11-10 15:40:40.581  1884  4367 I AppsFilter: interaction: PackageSetting{f52aa46 com.example.mobiledigger/10658} -> PackageSetting{6627d81 com.anydesk.anydeskandroid/10320} BLOCKED
11-10 15:40:40.581  1884  4367 I AppsFilter: interaction: PackageSetting{f52aa46 com.example.mobiledigger/10658} -> PackageSetting{6627d81 com.anydesk.anydeskandroid/10320} BLOCKED
11-10 15:40:40.581  1884  4367 I AppsFilter: interaction: PackageSetting{f52aa46 com.example.mobiledigger/10658} -> PackageSetting{cf2ee26 com.google.android.documentsui/10090} BLOCKED
11-10 15:40:40.581  1884  4367 I AppsFilter: interaction: PackageSetting{f52aa46 com.example.mobiledigger/10658} -> PackageSetting{4198650 com.google.android.apps.docs/10196} BLOCKED
11-10 15:40:40.588  4821  4843 D FileManager: Starting scanForMusicFiles with extensions: [mp3, wav, flac, aac, ogg, m4a, aif, aiff]
11-10 15:40:40.590  1431  2167 W USF     : USF_API: Drop flicker data, cannot find sampling_id:84682!
11-10 15:40:40.600  1431  2167 W USF     : USF_API: Drop flicker data, cannot find sampling_id:84682!
11-10 15:40:40.610  1431  2167 W USF     : USF_API: Drop flicker data, cannot find sampling_id:84682!
11-10 15:40:40.620  4821  4843 D FileManager: Starting scanForMusicFiles with extensions: [mp3, wav, flac, aac, ogg, m4a, aif, aiff]
11-10 15:40:40.620  1431  2167 W USF     : USF_API: Drop flicker data, cannot find sampling_id:84682!
11-10 15:40:40.628  4821  4843 D FileManager: Starting scanForMusicFiles with extensions: [mp3, wav, flac, aac, ogg, m4a, aif, aiff]
11-10 15:40:40.630  1431  2167 W USF     : USF_API: Drop flicker data, cannot find sampling_id:84682!
11-10 15:40:40.640  1431  2167 W USF     : USF_API: Drop flicker data, cannot find sampling_id:84682!
11-10 15:40:40.649  1431  2167 W USF     : USF_API: Drop flicker data, cannot find sampling_id:84682!
11-10 15:40:40.652  4821  4843 D FileManager: ðŸ“ SAF: Found file in 'Main': DARUDE - SANDSTORM REMIXES Baur Xtd. Remix.mp3
11-10 15:40:40.653  4821  4843 D FileManager: Loaded 10 files so far...
11-10 15:40:40.654  4821  4843 D FileManager: Starting scanForMusicFiles with extensions: [mp3, wav, flac, aac, ogg, m4a, aif, aiff]
11-10 15:40:40.659  1431  2167 W USF     : USF_API: Drop flicker data, cannot find sampling_id:84682!
11-10 15:40:40.669  1431  2167 W USF     : USF_API: Drop flicker data, cannot find sampling_id:84682!
11-10 15:40:40.679  1431  2167 W USF     : USF_API: Drop flicker data, cannot find sampling_id:84682!
11-10 15:40:40.689  1431  2167 W USF     : USF_API: Drop flicker data, cannot find sampling_id:84682!
11-10 15:40:40.689  4821  4843 D FileManager: ðŸ“ SAF: Found file in 'Balkan': MR. JUVE X RAVA - UH AH IN MAZDA Hoss Xtd. Edit MAJORAT.mp3
11-10 15:40:40.690  4821  4843 D FileManager: Loaded 10 files so far...
11-10 15:40:40.691  4821  4843 D FileManager: ðŸ“ SAF: Found file in 'Balkan': .trashed-1765141755-unknown (1).mp3
11-10 15:40:40.691  4821  4843 D FileManager: Loaded 20 files so far...
11-10 15:40:40.693  4821  4843 D FileManager: Starting scanForMusicFiles with extensions: [mp3, wav, flac, aac, ogg, m4a, aif, aiff]
11-10 15:40:40.697  4821  4879 D FileManager: Found 15 subfolders in content://com.android.externalstorage.documents/tree/primary%3ATrial%20now%2F05.%20May
11-10 15:40:40.699  1431  2167 W USF     : USF_API: Drop flicker data, cannot find sampling_id:84682!
11-10 15:40:40.709  1431  2167 W USF     : USF_API: Drop flicker data, cannot find sampling_id:84682!
11-10 15:40:40.719  1431  2167 W USF     : USF_API: Drop flicker data, cannot find sampling_id:84682!
11-10 15:40:40.727  4821  4843 D FileManager: ðŸ“ SAF: Found file in 'Events': WHIGFIELD - SATURDAY NIGHT Cesar Troncos Xtd. Edit.mp3
11-10 15:40:40.727  4821  4843 D FileManager: Loaded 10 files so far...
11-10 15:40:40.728  4821  4843 D FileManager: ðŸ“ SAF: Found file in 'Events': Darude - Sandstorm Andeen K. Xtd. Remix.mp3
11-10 15:40:40.729  1431  2167 W USF     : USF_API: Drop flicker data, cannot find sampling_id:84682!
11-10 15:40:40.729  4821  4843 D FileManager: Loaded 20 files so far...
11-10 15:40:40.730  4821  4843 D FileManager: Starting scanForMusicFiles with extensions: [mp3, wav, flac, aac, ogg, m4a, aif, aiff]
11-10 15:40:40.739  1431  2167 W USF     : USF_API: Drop flicker data, cannot find sampling_id:84682!
11-10 15:40:40.739  4821  4843 D FileManager: Loaded 80 files so far...
11-10 15:40:40.740  4821  4843 D FileManager: Starting scanForMusicFiles with extensions: [mp3, wav, flac, aac, ogg, m4a, aif, aiff]
11-10 15:40:40.749  1431  2167 W USF     : USF_API: Drop flicker data, cannot find sampling_id:84682!
11-10 15:40:40.750  4821  4843 D FileManager: Starting scanForMusicFiles with extensions: [mp3, wav, flac, aac, ogg, m4a, aif, aiff]
11-10 15:40:40.757  4821  4843 D FileManager: Starting scanForMusicFiles with extensions: [mp3, wav, flac, aac, ogg, m4a, aif, aiff]
11-10 15:40:40.759  1431  2167 W USF     : USF_API: Drop flicker data, cannot find sampling_id:84682!
11-10 15:40:40.764  4821  4843 D FileManager: Found AIFF file: Takkanit and TakiNouN - Initiate Criticism (Extended Mix).aiff
11-10 15:40:40.764  4821  4843 D FileManager: Starting scanForMusicFiles with extensions: [mp3, wav, flac, aac, ogg, m4a, aif, aiff]
11-10 15:40:40.769  1431  2167 W USF     : USF_API: Drop flicker data, cannot find sampling_id:84682!
11-10 15:40:40.771  4821  4843 D FileManager: Found AIFF file: St. Germain - Rose Rouge (Chris Stussy Edit) [Unreleased].aiff
11-10 15:40:40.772  4821  4843 D FileManager: Starting scanForMusicFiles with extensions: [mp3, wav, flac, aac, ogg, m4a, aif, aiff]
11-10 15:40:40.779  1431  2167 W USF     : USF_API: Drop flicker data, cannot find sampling_id:84682!
11-10 15:40:40.783  4821  4843 D FileManager: Found AIFF file: Sonata Collective - Down To The Sound (Extended Mix) [Sola].aiff
11-10 15:40:40.789  1431  2167 W USF     : USF_API: Drop flicker data, cannot find sampling_id:84682!
11-10 15:40:40.790  4821  4827 I biledigger:main: Compiler allocated 13MB to compile void com.example.mobiledigger.ui.components.MusicPlayerScreenKt$MusicPlayerScreen$38$1$29$1$1$5$1$6.invoke(androidx.compose.foundation.layout.ColumnScope, androidx.compose.runtime.Composer, int)
11-10 15:40:40.799  1431  2167 W USF     : USF_API: Drop flicker data, cannot find sampling_id:84682!
11-10 15:40:40.809  1884  4367 I AppsFilter: interaction: PackageSetting{f52aa46 com.example.mobiledigger/10658} -> PackageSetting{ac19568 com.dropbox.android/10494} BLOCKED
11-10 15:40:40.809  1431  2167 W USF     : USF_API: Drop flicker data, cannot find sampling_id:84682!
11-10 15:40:40.809  1884  4367 I AppsFilter: interaction: PackageSetting{f52aa46 com.example.mobiledigger/10658} -> PackageSetting{6627d81 com.anydesk.anydeskandroid/10320} BLOCKED
11-10 15:40:40.809  1884  4367 I AppsFilter: interaction: PackageSetting{f52aa46 com.example.mobiledigger/10658} -> PackageSetting{6627d81 com.anydesk.anydeskandroid/10320} BLOCKED
11-10 15:40:40.809  1884  4367 I AppsFilter: interaction: PackageSetting{f52aa46 com.example.mobiledigger/10658} -> PackageSetting{cf2ee26 com.google.android.documentsui/10090} BLOCKED
11-10 15:40:40.809  1884  4367 I AppsFilter: interaction: PackageSetting{f52aa46 com.example.mobiledigger/10658} -> PackageSetting{4198650 com.google.android.apps.docs/10196} BLOCKED
11-10 15:40:40.814  4821  4843 D FileManager: Starting scanForMusicFiles with extensions: [mp3, wav, flac, aac, ogg, m4a, aif, aiff]
11-10 15:40:40.818  1431  2167 W USF     : USF_API: Drop flicker data, cannot find sampling_id:84682!
11-10 15:40:40.828  1431  2167 W USF     : USF_API: Drop flicker data, cannot find sampling_id:84682!
11-10 15:40:40.830  4821  4843 D MusicViewModel: ðŸ“ Subfolder: DUB - 2 files
11-10 15:40:40.831  4821  4843 D MusicViewModel:   âœ… File with subfolder: Kondo - Plan 13.flac -> DUB
11-10 15:40:40.831  4821  4843 D MusicViewModel:   âœ… File with subfolder: Dust Yard - Liquid.flac -> DUB
11-10 15:40:40.838  1431  2167 W USF     : USF_API: Drop flicker data, cannot find sampling_id:84682!
11-10 15:40:40.841  1884  4367 I AppsFilter: interaction: PackageSetting{f52aa46 com.example.mobiledigger/10658} -> PackageSetting{ac19568 com.dropbox.android/10494} BLOCKED
11-10 15:40:40.841  1884  4367 I AppsFilter: interaction: PackageSetting{f52aa46 com.example.mobiledigger/10658} -> PackageSetting{6627d81 com.anydesk.anydeskandroid/10320} BLOCKED
11-10 15:40:40.841  1884  4367 I AppsFilter: interaction: PackageSetting{f52aa46 com.example.mobiledigger/10658} -> PackageSetting{6627d81 com.anydesk.anydeskandroid/10320} BLOCKED
11-10 15:40:40.841  1884  4367 I AppsFilter: interaction: PackageSetting{f52aa46 com.example.mobiledigger/10658} -> PackageSetting{cf2ee26 com.google.android.documentsui/10090} BLOCKED
11-10 15:40:40.841  1884  4367 I AppsFilter: interaction: PackageSetting{f52aa46 com.example.mobiledigger/10658} -> PackageSetting{4198650 com.google.android.apps.docs/10196} BLOCKED
11-10 15:40:40.848  4821  4843 D FileManager: Starting scanForMusicFiles with extensions: [mp3, wav, flac, aac, ogg, m4a, aif, aiff]
11-10 15:40:40.848  1431  2167 W USF     : USF_API: Drop flicker data, cannot find sampling_id:84682!
11-10 15:40:40.853   893  2872 W powerhal-libperfmgr: The actual duration is way far from the target (291882813 >> 11620000)
11-10 15:40:40.858  1431  2167 W USF     : USF_API: Drop flicker data, cannot find sampling_id:84682!
11-10 15:40:40.868  1431  2167 W USF     : USF_API: Drop flicker data, cannot find sampling_id:84682!
11-10 15:40:40.869  4821  4843 D FileManager: Loaded 10 files so far...
11-10 15:40:40.878  1431  2167 W USF     : USF_API: Drop flicker data, cannot find sampling_id:84682!
11-10 15:40:40.888  1431  2167 W USF     : USF_API: Drop flicker data, cannot find sampling_id:84682!
11-10 15:40:40.898  1431  2167 W USF     : USF_API: Drop flicker data, cannot find sampling_id:84682!
11-10 15:40:40.908  1431  2167 W USF     : USF_API: Drop flicker data, cannot find sampling_id:84682!
11-10 15:40:40.918  1431  2167 W USF     : USF_API: Drop flicker data, cannot find sampling_id:84682!
11-10 15:40:40.928  1431  2167 W USF     : USF_API: Drop flicker data, cannot find sampling_id:84682!
11-10 15:40:40.937  4821  4843 D MusicViewModel: ðŸ“ Subfolder: Main - 19 files
11-10 15:40:40.938  4821  4843 D MusicViewModel:   âœ… File with subfolder: Jan.dro - Drink First.flac -> Main
11-10 15:40:40.938  1431  2167 W USF     : USF_API: Drop flicker data, cannot find sampling_id:84682!
11-10 15:40:40.938  4821  4843 D MusicViewModel:   âœ… File with subfolder: RICCHI E POVERI - SARA PERCHE TI AMO Danny The Menace Xtd. Remix.mp3 -> Main
11-10 15:40:40.946  1884  4367 I AppsFilter: interaction: PackageSetting{f52aa46 com.example.mobiledigger/10658} -> PackageSetting{ac19568 com.dropbox.android/10494} BLOCKED
11-10 15:40:40.946  1884  4367 I AppsFilter: interaction: PackageSetting{f52aa46 com.example.mobiledigger/10658} -> PackageSetting{6627d81 com.anydesk.anydeskandroid/10320} BLOCKED
11-10 15:40:40.946  1884  4367 I AppsFilter: interaction: PackageSetting{f52aa46 com.example.mobiledigger/10658} -> PackageSetting{6627d81 com.anydesk.anydeskandroid/10320} BLOCKED
11-10 15:40:40.946  1884  4367 I AppsFilter: interaction: PackageSetting{f52aa46 com.example.mobiledigger/10658} -> PackageSetting{cf2ee26 com.google.android.documentsui/10090} BLOCKED
11-10 15:40:40.946  1884  4367 I AppsFilter: interaction: PackageSetting{f52aa46 com.example.mobiledigger/10658} -> PackageSetting{4198650 com.google.android.apps.docs/10196} BLOCKED
11-10 15:40:40.948  1431  2167 W USF     : USF_API: Drop flicker data, cannot find sampling_id:84682!
11-10 15:40:40.949  4821  4821 I Choreographer: Skipped 45 frames!  The application may be doing too much work on its main thread.
11-10 15:40:40.954  4821  4843 D FileManager: Starting scanForMusicFiles with extensions: [mp3, wav, flac, aac, ogg, m4a, aif, aiff]
11-10 15:40:40.958  1431  2167 W USF     : USF_API: Drop flicker data, cannot find sampling_id:84682!
11-10 15:40:40.968  1431  2167 W USF     : USF_API: Drop flicker data, cannot find sampling_id:84682!
11-10 15:40:40.978  1431  2167 W USF     : USF_API: Drop flicker data, cannot find sampling_id:84682!
11-10 15:40:40.981  4821  4843 D FileManager: Loaded 10 files so far...
11-10 15:40:40.982  4821  4843 D FileManager: Loaded 20 files so far...
11-10 15:40:40.988  1431  2167 W USF     : USF_API: Drop flicker data, cannot find sampling_id:84682!
11-10 15:40:40.998  1431  2167 W USF     : USF_API: Drop flicker data, cannot find sampling_id:84682!
11-10 15:40:41.008  1431  2167 W USF     : USF_API: Drop flicker data, cannot find sampling_id:84682!
11-10 15:40:41.018  1431  2167 W USF     : USF_API: Drop flicker data, cannot find sampling_id:84682!
11-10 15:40:41.028  1431  2167 W USF     : USF_API: Drop flicker data, cannot find sampling_id:84682!
11-10 15:40:41.029  1884  2484 I ImeTracker: system_server:cb256b5b: setFinished at PHASE_WM_GET_CONTROL_WITH_LEASH with STATUS_TIMEOUT
11-10 15:40:41.038  1431  2167 W USF     : USF_API: Drop flicker data, cannot find sampling_id:84682!
11-10 15:40:41.048  1431  2167 W USF     : USF_API: Drop flicker data, cannot find sampling_id:84682!
11-10 15:40:41.051  4821  4821 D MusicViewModel: Loaded 15 subfolders.
11-10 15:40:41.059  1431  2167 W USF     : USF_API: Drop flicker data, cannot find sampling_id:84682!
11-10 15:40:41.069  1431  2167 W USF     : USF_API: Drop flicker data, cannot find sampling_id:84682!
11-10 15:40:41.071  4821  4843 D MusicViewModel: ðŸ“ Subfolder: Balkan - 25 files
11-10 15:40:41.072  4821  4843 D MusicViewModel:   âœ… File with subfolder: ALEX VELEA X CONNECT R. X SMILEY - ASA CEVA Fred Spinner Xtd. Edit.mp3 -> Balkan
11-10 15:40:41.072  4821  4843 D MusicViewModel:   âœ… File with subfolder: COSTEL BIJU X MIRAJ X SUSANU X TZANCA URAGANU - SA LIPIT K LIPITOAREA Eden Xtd. Edit.mp3 -> Balkan
11-10 15:40:41.077  1884  4367 I AppsFilter: interaction: PackageSetting{f52aa46 com.example.mobiledigger/10658} -> PackageSetting{ac19568 com.dropbox.android/10494} BLOCKED
11-10 15:40:41.077  1884  4367 I AppsFilter: interaction: PackageSetting{f52aa46 com.example.mobiledigger/10658} -> PackageSetting{6627d81 com.anydesk.anydeskandroid/10320} BLOCKED
11-10 15:40:41.077  1884  4367 I AppsFilter: interaction: PackageSetting{f52aa46 com.example.mobiledigger/10658} -> PackageSetting{6627d81 com.anydesk.anydeskandroid/10320} BLOCKED
11-10 15:40:41.077  1884  4367 I AppsFilter: interaction: PackageSetting{f52aa46 com.example.mobiledigger/10658} -> PackageSetting{cf2ee26 com.google.android.documentsui/10090} BLOCKED
11-10 15:40:41.077  1884  4367 I AppsFilter: interaction: PackageSetting{f52aa46 com.example.mobiledigger/10658} -> PackageSetting{4198650 com.google.android.apps.docs/10196} BLOCKED
11-10 15:40:41.079  1431  2167 W USF     : USF_API: Drop flicker data, cannot find sampling_id:84682!
11-10 15:40:41.086  4821  4843 D FileManager: Starting scanForMusicFiles with extensions: [mp3, wav, flac, aac, ogg, m4a, aif, aiff]
11-10 15:40:41.089  1431  2167 W USF     : USF_API: Drop flicker data, cannot find sampling_id:84682!
11-10 15:40:41.092 29449 29494 I PlayCommon: [1130] Preparing logs for uploading
11-10 15:40:41.098  1431  2167 W USF     : USF_API: Drop flicker data, cannot find sampling_id:84682!
11-10 15:40:41.099 29449 29494 I PlayCommon: [1130] Connecting to server: https://play.googleapis.com/play/log?format=raw&proto_v2=true
11-10 15:40:41.103  2772  2772 W ConstraintSet: id unknown center_vertical_guideline
11-10 15:40:41.103  2772  2772 W ConstraintSet: id unknown action_button_guideline
11-10 15:40:41.103  2772  2772 W ConstraintSet: id unknown icon
11-10 15:40:41.103  2772  2772 W ConstraintSet: id unknown media_seamless
11-10 15:40:41.104  2772  2772 W ConstraintSet: id unknown media_action_barrier_start
11-10 15:40:41.104  2772  2772 W ConstraintSet: id unknown media_action_barrier_end
11-10 15:40:41.104  2772  2772 W ConstraintSet: id unknown media_action_barrier_top
11-10 15:40:41.104  2772  2772 W ConstraintSet: id unknown remove_text
11-10 15:40:41.104  2772  2772 W ConstraintSet: id unknown settings
11-10 15:40:41.104  2772  2772 W ConstraintSet: id unknown dismiss
11-10 15:40:41.104  2772  2772 W ConstraintSet: id unknown cancel
11-10 15:40:41.108  1431  2167 W USF     : USF_API: Drop flicker data, cannot find sampling_id:84682!
11-10 15:40:41.118  1431  2167 W USF     : USF_API: Drop flicker data, cannot find sampling_id:84682!
11-10 15:40:41.128  1431  2167 W USF     : USF_API: Drop flicker data, cannot find sampling_id:84682!
11-10 15:40:41.133  4821  4843 D FileManager: Loaded 10 files so far...
11-10 15:40:41.135  4821  4843 D FileManager: Loaded 20 files so far...
11-10 15:40:41.138  1431  2167 W USF     : USF_API: Drop flicker data, cannot find sampling_id:84682!
11-10 15:40:41.148  1431  2167 W USF     : USF_API: Drop flicker data, cannot find sampling_id:84682!
11-10 15:40:41.158  1431  2167 W USF     : USF_API: Drop flicker data, cannot find sampling_id:84682!
11-10 15:40:41.168  1431  2167 W USF     : USF_API: Drop flicker data, cannot find sampling_id:84682!
11-10 15:40:41.178  1431  2167 W USF     : USF_API: Drop flicker data, cannot find sampling_id:84682!
11-10 15:40:41.188  1431  2167 W USF     : USF_API: Drop flicker data, cannot find sampling_id:84682!
11-10 15:40:41.198  1431  2167 W USF     : USF_API: Drop flicker data, cannot find sampling_id:84682!
11-10 15:40:41.208  1431  2167 W USF     : USF_API: Drop flicker data, cannot find sampling_id:84682!
11-10 15:40:41.218  1431  2167 W USF     : USF_API: Drop flicker data, cannot find sampling_id:84682!
11-10 15:40:41.228  1431  2167 W USF     : USF_API: Drop flicker data, cannot find sampling_id:84682!
11-10 15:40:41.229  1431  2167 W USF     : USF_API: Drop sample report, cannot find sampling_id:84682
11-10 15:40:41.238  1431  2167 W USF     : USF_API: Drop flicker data, cannot find sampling_id:84682!
11-10 15:40:41.247  1431  2167 W USF     : USF_API: Drop flicker data, cannot find sampling_id:84682!
11-10 15:40:41.257  1431  2167 W USF     : USF_API: Drop flicker data, cannot find sampling_id:84682!
11-10 15:40:41.268  1431  2167 W USF     : USF_API: Drop flicker data, cannot find sampling_id:84682!
11-10 15:40:41.277  1431  2167 W USF     : USF_API: Drop flicker data, cannot find sampling_id:84682!
11-10 15:40:41.288  1431  2167 W USF     : USF_API: Drop flicker data, cannot find sampling_id:84682!
11-10 15:40:41.297  1431  2167 W USF     : USF_API: Drop flicker data, cannot find sampling_id:84682!
11-10 15:40:41.307  1431  2167 W USF     : USF_API: Drop flicker data, cannot find sampling_id:84682!
11-10 15:40:41.309  4821  4843 D MusicViewModel: ðŸ“ Subfolder: Events - 28 files
11-10 15:40:41.310 29449 29494 I PlayCommon: [1130] Successfully uploaded logs.
11-10 15:40:41.310  4821  4843 D MusicViewModel:   âœ… File with subfolder: DOECHII - ANXIETY Mike D, Xtd. Remix.mp3 -> Events
11-10 15:40:41.311  4821  4843 D MusicViewModel:   âœ… File with subfolder: RARES - CEL MAI FERICIT DE PE PAMANT Alpha Xtd. Remix.mp3 -> Events
11-10 15:40:41.317  1431  2167 W USF     : USF_API: Drop flicker data, cannot find sampling_id:84682!
11-10 15:40:41.320  1884  4367 I AppsFilter: interaction: PackageSetting{f52aa46 com.example.mobiledigger/10658} -> PackageSetting{ac19568 com.dropbox.android/10494} BLOCKED
11-10 15:40:41.320  1884  4367 I AppsFilter: interaction: PackageSetting{f52aa46 com.example.mobiledigger/10658} -> PackageSetting{6627d81 com.anydesk.anydeskandroid/10320} BLOCKED
11-10 15:40:41.320  1884  4367 I AppsFilter: interaction: PackageSetting{f52aa46 com.example.mobiledigger/10658} -> PackageSetting{6627d81 com.anydesk.anydeskandroid/10320} BLOCKED
11-10 15:40:41.320  1884  4367 I AppsFilter: interaction: PackageSetting{f52aa46 com.example.mobiledigger/10658} -> PackageSetting{cf2ee26 com.google.android.documentsui/10090} BLOCKED
11-10 15:40:41.320  1884  4367 I AppsFilter: interaction: PackageSetting{f52aa46 com.example.mobiledigger/10658} -> PackageSetting{4198650 com.google.android.apps.docs/10196} BLOCKED
11-10 15:40:41.327  1431  2167 W USF     : USF_API: Drop flicker data, cannot find sampling_id:84682!
11-10 15:40:41.334  4821  4843 D FileManager: Starting scanForMusicFiles with extensions: [mp3, wav, flac, aac, ogg, m4a, aif, aiff]
11-10 15:40:41.337  1431  2167 W USF     : USF_API: Drop flicker data, cannot find sampling_id:84682!
11-10 15:40:41.347  1431  2167 W USF     : USF_API: Drop flicker data, cannot find sampling_id:84682!
11-10 15:40:41.357  1431  2167 W USF     : USF_API: Drop flicker data, cannot find sampling_id:84682!
11-10 15:40:41.367  1431  2167 W USF     : USF_API: Drop flicker data, cannot find sampling_id:84682!
11-10 15:40:41.369  4821  4843 D MusicViewModel: ðŸ“ Subfolder: Folclor - 2 files
11-10 15:40:41.370  4821  4843 D MusicViewModel:   âœ… File with subfolder: DENIS RAMNICEANU - CUM DA MANDRA DIN SALE Maia Dan Xtd. Redrum.mp3 -> Folclor
11-10 15:40:41.370  4821  4843 D MusicViewModel:   âœ… File with subfolder: MIHAELA GURAU - CA MOLDOVEANCA NU E NIMENI Maia Dan Xtd. Redrum (1).mp3 -> Folclor
11-10 15:40:41.377  1431  2167 W USF     : USF_API: Drop flicker data, cannot find sampling_id:84682!
11-10 15:40:41.387  1431  2167 W USF     : USF_API: Drop flicker data, cannot find sampling_id:84682!
11-10 15:40:41.397  1431  2167 W USF     : USF_API: Drop flicker data, cannot find sampling_id:84682!
11-10 15:40:41.407  1431  2167 W USF     : USF_API: Drop flicker data, cannot find sampling_id:84682!
11-10 15:40:41.417  1431  2167 W USF     : USF_API: Drop flicker data, cannot find sampling_id:84682!
11-10 15:40:41.418  1884  4367 I AppsFilter: interaction: PackageSetting{f52aa46 com.example.mobiledigger/10658} -> PackageSetting{ac19568 com.dropbox.android/10494} BLOCKED
11-10 15:40:41.418  1884  4367 I AppsFilter: interaction: PackageSetting{f52aa46 com.example.mobiledigger/10658} -> PackageSetting{6627d81 com.anydesk.anydeskandroid/10320} BLOCKED
11-10 15:40:41.418  1884  4367 I AppsFilter: interaction: PackageSetting{f52aa46 com.example.mobiledigger/10658} -> PackageSetting{6627d81 com.anydesk.anydeskandroid/10320} BLOCKED
11-10 15:40:41.418  1884  4367 I AppsFilter: interaction: PackageSetting{f52aa46 com.example.mobiledigger/10658} -> PackageSetting{cf2ee26 com.google.android.documentsui/10090} BLOCKED
11-10 15:40:41.418  1884  4367 I AppsFilter: interaction: PackageSetting{f52aa46 com.example.mobiledigger/10658} -> PackageSetting{4198650 com.google.android.apps.docs/10196} BLOCKED
11-10 15:40:41.427  1431  2167 W USF     : USF_API: Drop flicker data, cannot find sampling_id:84682!
11-10 15:40:41.430  4821  4843 D FileManager: Starting scanForMusicFiles with extensions: [mp3, wav, flac, aac, ogg, m4a, aif, aiff]
11-10 15:40:41.439  1431  2167 W USF     : USF_API: Drop flicker data, cannot find sampling_id:84682!
11-10 15:40:41.440  1431  2167 W USF     : USF_API: Drop flicker data, cannot find sampling_id:84682!
11-10 15:40:41.449  1431  2167 W USF     : USF_API: Drop flicker data, cannot find sampling_id:84682!
11-10 15:40:41.459  1431  2167 W USF     : USF_API: Drop flicker data, cannot find sampling_id:84682!
11-10 15:40:41.469  1431  2167 W USF     : USF_API: Drop flicker data, cannot find sampling_id:84682!
11-10 15:40:41.479  1431  2167 W USF     : USF_API: Drop flicker data, cannot find sampling_id:84682!
11-10 15:40:41.489  1431  2167 W USF     : USF_API: Drop flicker data, cannot find sampling_id:84682!
11-10 15:40:41.494  4821  4843 D MusicViewModel: ðŸ“ Subfolder: Petrica - 5 files
11-10 15:40:41.495  4821  4843 D MusicViewModel:   âœ… File with subfolder: mtps - white smoke.flac -> Petrica
11-10 15:40:41.496  4821  4843 D MusicViewModel:   âœ… File with subfolder: Artur Nikolaev - False Equality [TS006].flac -> Petrica
11-10 15:40:41.498  1431  2167 W USF     : USF_API: Drop flicker data, cannot find sampling_id:84682!
11-10 15:40:41.505  1884  4367 I AppsFilter: interaction: PackageSetting{f52aa46 com.example.mobiledigger/10658} -> PackageSetting{ac19568 com.dropbox.android/10494} BLOCKED
11-10 15:40:41.505  1884  4367 I AppsFilter: interaction: PackageSetting{f52aa46 com.example.mobiledigger/10658} -> PackageSetting{6627d81 com.anydesk.anydeskandroid/10320} BLOCKED
11-10 15:40:41.505  1884  4367 I AppsFilter: interaction: PackageSetting{f52aa46 com.example.mobiledigger/10658} -> PackageSetting{6627d81 com.anydesk.anydeskandroid/10320} BLOCKED
11-10 15:40:41.505  1884  4367 I AppsFilter: interaction: PackageSetting{f52aa46 com.example.mobiledigger/10658} -> PackageSetting{cf2ee26 com.google.android.documentsui/10090} BLOCKED
11-10 15:40:41.505  1884  4367 I AppsFilter: interaction: PackageSetting{f52aa46 com.example.mobiledigger/10658} -> PackageSetting{4198650 com.google.android.apps.docs/10196} BLOCKED
11-10 15:40:41.508  1431  2167 W USF     : USF_API: Drop flicker data, cannot find sampling_id:84682!
11-10 15:40:41.518  4821  4843 D FileManager: Starting scanForMusicFiles with extensions: [mp3, wav, flac, aac, ogg, m4a, aif, aiff]
11-10 15:40:41.518  1431  2167 W USF     : USF_API: Drop flicker data, cannot find sampling_id:84682!
11-10 15:40:41.528  1431  2167 W USF     : USF_API: Drop flicker data, cannot find sampling_id:84682!
11-10 15:40:41.538  1431  2167 W USF     : USF_API: Drop flicker data, cannot find sampling_id:84682!
11-10 15:40:41.548  4821  4843 D MusicViewModel: ðŸ“ Subfolder: HiFi - 1 files
11-10 15:40:41.548  1431  2167 W USF     : USF_API: Drop flicker data, cannot find sampling_id:84682!
11-10 15:40:41.548  4821  4843 D MusicViewModel:   âœ… File with subfolder: Hostox - I Feel That....flac -> HiFi
11-10 15:40:41.557  1431  2167 W USF     : USF_API: Drop flicker data, cannot find sampling_id:84682!
11-10 15:40:41.567  1431  2167 W USF     : USF_API: Drop flicker data, cannot find sampling_id:84682!
11-10 15:40:41.577  1431  2167 W USF     : USF_API: Drop flicker data, cannot find sampling_id:84682!
11-10 15:40:41.587  1431  2167 W USF     : USF_API: Drop flicker data, cannot find sampling_id:84682!
11-10 15:40:41.594  1884  4367 I AppsFilter: interaction: PackageSetting{f52aa46 com.example.mobiledigger/10658} -> PackageSetting{ac19568 com.dropbox.android/10494} BLOCKED
11-10 15:40:41.594  1884  4367 I AppsFilter: interaction: PackageSetting{f52aa46 com.example.mobiledigger/10658} -> PackageSetting{6627d81 com.anydesk.anydeskandroid/10320} BLOCKED
11-10 15:40:41.594  1884  4367 I AppsFilter: interaction: PackageSetting{f52aa46 com.example.mobiledigger/10658} -> PackageSetting{6627d81 com.anydesk.anydeskandroid/10320} BLOCKED
11-10 15:40:41.594  1884  4367 I AppsFilter: interaction: PackageSetting{f52aa46 com.example.mobiledigger/10658} -> PackageSetting{cf2ee26 com.google.android.documentsui/10090} BLOCKED
11-10 15:40:41.594  1884  4367 I AppsFilter: interaction: PackageSetting{f52aa46 com.example.mobiledigger/10658} -> PackageSetting{4198650 com.google.android.apps.docs/10196} BLOCKED
11-10 15:40:41.597  1431  2167 W USF     : USF_API: Drop flicker data, cannot find sampling_id:84682!
11-10 15:40:41.606  1431  2167 W USF     : USF_API: Drop flicker data, cannot find sampling_id:84682!
11-10 15:40:41.609  4821  4843 D FileManager: Starting scanForMusicFiles with extensions: [mp3, wav, flac, aac, ogg, m4a, aif, aiff]
11-10 15:40:41.617  1431  2167 W USF     : USF_API: Drop flicker data, cannot find sampling_id:84682!
11-10 15:40:41.625  4821  4843 D FileManager: Found AIFF file: Takkanit and TakiNouN - Initiate Criticism (Extended Mix).aiff
11-10 15:40:41.626  1431  2167 W USF     : USF_API: Drop flicker data, cannot find sampling_id:84682!
11-10 15:40:41.636  1431  2167 W USF     : USF_API: Drop flicker data, cannot find sampling_id:84682!
11-10 15:40:41.646  1431  2167 W USF     : USF_API: Drop flicker data, cannot find sampling_id:84682!
11-10 15:40:41.647  4821  4843 D MusicViewModel: ðŸ“ Subfolder: FourTet - 2 files
11-10 15:40:41.647  4821  4843 D MusicViewModel:   âœ… File with subfolder: Takkanit and TakiNouN - Initiate Criticism (Extended Mix).aiff -> FourTet
11-10 15:40:41.648  4821  4843 D MusicViewModel:   âœ… File with subfolder: Takkanit and TakiNouN - For The People (Extended Mix).aiff -> FourTet
11-10 15:40:41.656  1884  4367 I AppsFilter: interaction: PackageSetting{f52aa46 com.example.mobiledigger/10658} -> PackageSetting{ac19568 com.dropbox.android/10494} BLOCKED
11-10 15:40:41.656  1431  2167 W USF     : USF_API: Drop flicker data, cannot find sampling_id:84682!
11-10 15:40:41.656  1884  4367 I AppsFilter: interaction: PackageSetting{f52aa46 com.example.mobiledigger/10658} -> PackageSetting{6627d81 com.anydesk.anydeskandroid/10320} BLOCKED
11-10 15:40:41.656  1884  4367 I AppsFilter: interaction: PackageSetting{f52aa46 com.example.mobiledigger/10658} -> PackageSetting{6627d81 com.anydesk.anydeskandroid/10320} BLOCKED
11-10 15:40:41.656  1884  4367 I AppsFilter: interaction: PackageSetting{f52aa46 com.example.mobiledigger/10658} -> PackageSetting{cf2ee26 com.google.android.documentsui/10090} BLOCKED
11-10 15:40:41.656  1884  4367 I AppsFilter: interaction: PackageSetting{f52aa46 com.example.mobiledigger/10658} -> PackageSetting{4198650 com.google.android.apps.docs/10196} BLOCKED
11-10 15:40:41.666  1431  2167 W USF     : USF_API: Drop flicker data, cannot find sampling_id:84682!
11-10 15:40:41.672  4821  4843 D FileManager: Starting scanForMusicFiles with extensions: [mp3, wav, flac, aac, ogg, m4a, aif, aiff]
11-10 15:40:41.677  1431  2167 W USF     : USF_API: Drop flicker data, cannot find sampling_id:84682!
11-10 15:40:41.686  4821  4843 D FileManager: Found AIFF file: St. Germain - Rose Rouge (Chris Stussy Edit) [Unreleased].aiff
11-10 15:40:41.687  1431  2167 W USF     : USF_API: Drop flicker data, cannot find sampling_id:84682!
11-10 15:40:41.696  1431  2167 W USF     : USF_API: Drop flicker data, cannot find sampling_id:84682!
11-10 15:40:41.699  1432  1491 D CHRE    : @ 551309.003: Parsed nanoapp message from host: app ID 0x476f6f676c00103b endpoint 0x8005 msgType 1 payload size 8
11-10 15:40:41.703  4821  4843 D MusicViewModel: ðŸ“ Subfolder: Warm Fitil - 1 files
11-10 15:40:41.704  4821  4843 D MusicViewModel:   âœ… File with subfolder: St. Germain - Rose Rouge (Chris Stussy Edit) [Unreleased].aiff -> Warm Fitil
11-10 15:40:41.706  1431  2167 W USF     : USF_API: Drop flicker data, cannot find sampling_id:84682!
11-10 15:40:41.712  1884  4367 I AppsFilter: interaction: PackageSetting{f52aa46 com.example.mobiledigger/10658} -> PackageSetting{ac19568 com.dropbox.android/10494} BLOCKED
11-10 15:40:41.712  1884  4367 I AppsFilter: interaction: PackageSetting{f52aa46 com.example.mobiledigger/10658} -> PackageSetting{6627d81 com.anydesk.anydeskandroid/10320} BLOCKED
11-10 15:40:41.712  1884  4367 I AppsFilter: interaction: PackageSetting{f52aa46 com.example.mobiledigger/10658} -> PackageSetting{6627d81 com.anydesk.anydeskandroid/10320} BLOCKED
11-10 15:40:41.712  1884  4367 I AppsFilter: interaction: PackageSetting{f52aa46 com.example.mobiledigger/10658} -> PackageSetting{cf2ee26 com.google.android.documentsui/10090} BLOCKED
11-10 15:40:41.712  1884  4367 I AppsFilter: interaction: PackageSetting{f52aa46 com.example.mobiledigger/10658} -> PackageSetting{4198650 com.google.android.apps.docs/10196} BLOCKED
11-10 15:40:41.716  1431  2167 W USF     : USF_API: Drop flicker data, cannot find sampling_id:84682!
11-10 15:40:41.724  4821  4843 D FileManager: Starting scanForMusicFiles with extensions: [mp3, wav, flac, aac, ogg, m4a, aif, aiff]
11-10 15:40:41.726  1431  2167 W USF     : USF_API: Drop flicker data, cannot find sampling_id:84682!
11-10 15:40:41.734  2765  2767 I deeptouch: I0000 00:00:1762782041.734757    2767 tf_lite_classifier.cc:413] Event stream classified as kNone
11-10 15:40:41.735  4821  4843 D FileManager: Found AIFF file: Sonata Collective - Down To The Sound (Extended Mix) [Sola].aiff
11-10 15:40:41.736  1431  2167 W USF     : USF_API: Drop flicker data, cannot find sampling_id:84682!
11-10 15:40:41.740  1432  1491 D CHRE    : @ 551309.047: Parsed nanoapp message from host: app ID 0x476f6f676c00103b endpoint 0x8005 msgType 1 payload size 6
11-10 15:40:41.741  4821  4821 D MusicViewModel: ðŸ“ LOAD_CURRENT_FILE() called
11-10 15:40:41.742  4821  4821 D MusicViewModel: ðŸ“ LOAD_CURRENT_FILE() - getting files for playlist: TODO
11-10 15:40:41.742  4821  4821 D MusicViewModel: ðŸ“ LOAD_CURRENT_FILE() - files count: 314, current index: 0
11-10 15:40:41.742  4821  4821 D MusicViewModel: ðŸ“ LOAD_CURRENT_FILE() - loading file: Felipe Valenzuela and Dorian Paic - Persistence [DDC003].flac
11-10 15:40:41.742  4821  4821 D MusicViewModel: ðŸ“ LOAD_CURRENT_FILE() - stored current file
11-10 15:40:41.742  4821  4821 D MusicViewModel: ðŸ“ LOAD_CURRENT_FILE() - updated current playing file to: Felipe Valenzuela and Dorian Paic - Persistence [DDC003].flac (URI: content://com.android.externalstorage.documents/tree/primary%3ATrial%20now%2F05.%20May/document/primary%3ATrial%20now%2F05.%20May%2F2024-05-12%2FFelipe%20Valenzuela%20and%20Dorian%20Paic%20-%20Persistence%20%5BDDC003%5D.flac)
11-10 15:40:41.743  4821  4821 D MusicViewModel: ðŸ“ LOAD_CURRENT_FILE() - preloaded next file: Gabriele Mancino - Dont Brand [Ftpl009].flac
11-10 15:40:41.743  4821  4821 D MusicViewModel: ðŸ“ LOAD_CURRENT_FILE() - checking memory pressure
11-10 15:40:41.743  4821  4821 D MusicViewModel: ðŸ“ LOAD_CURRENT_FILE() - available memory: 237MB
11-10 15:40:41.743  4821  4821 D MusicViewModel: ðŸ“ LOAD_CURRENT_FILE() - calling audioManager.playFile() [IO]
11-10 15:40:41.744  4821  4821 D MusicViewModel: âœ… LOAD_CURRENT_FILE() scheduled async work
11-10 15:40:41.744  4821  4843 D MusicViewModel: ðŸ“ Subfolder: HotSince 82 - 1 files
11-10 15:40:41.745  4821  4843 D MusicViewModel:   âœ… File with subfolder: Sonata Collective - Down To The Sound (Extended Mix) [Sola].aiff -> HotSince 82
11-10 15:40:41.746  1431  2167 W USF     : USF_API: Drop flicker data, cannot find sampling_id:84682!
11-10 15:40:41.747  4821  4881 D AudioManager: ðŸŽµ Starting playback for: Felipe Valenzuela and Dorian Paic - Persistence [DDC003].flac
11-10 15:40:41.749  4821  4881 D AudioManager: ðŸ“ File URI: content://com.android.externalstorage.documents/tree/primary%3ATrial%20now%2F05.%20May/document/primary%3ATrial%20now%2F05.%20May%2F2024-05-12%2FFelipe%20Valenzuela%20and%20Dorian%20Paic%20-%20Persistence%20%5BDDC003%5D.flac
11-10 15:40:41.750  4821  4843 D MusicViewModel: Found 187 liked files (including subfolders), 101 unique
11-10 15:40:41.751  4821  4881 D AudioManager: ðŸ§¹ Ensuring clean state before playback...
11-10 15:40:41.752  4821  4881 D AudioManager: ðŸ›‘ Stopping all playback before starting new file
11-10 15:40:41.753  4821  4881 D AudioManager: ðŸ§¹ Cleaning up VLC backend...
11-10 15:40:41.755  4821  4881 D AudioManager: âœ… VLC reset completed
11-10 15:40:41.755  4821  4881 D AudioManager: ðŸ§¹ Cleaning up FFmpegMediaPlayer...
11-10 15:40:41.756  4821  4881 V FFmpegMediaPlayer-JNI: isPlaying: 0
11-10 15:40:41.756  1431  2167 W USF     : USF_API: Drop flicker data, cannot find sampling_id:84682!
11-10 15:40:41.756  4821  4881 D AudioManager: ðŸ”„ Resetting FFmpegMediaPlayer state...
11-10 15:40:41.756  4821  4881 V FFmpegMediaPlayer-JNI: reset
11-10 15:40:41.756  4821  4881 D AudioManager: âœ… FFmpegMediaPlayer reset completed
11-10 15:40:41.766  1431  2167 W USF     : USF_API: Drop flicker data, cannot find sampling_id:84682!
11-10 15:40:41.776  1431  2167 W USF     : USF_API: Drop flicker data, cannot find sampling_id:84682!
11-10 15:40:41.786  1431  2167 W USF     : USF_API: Drop flicker data, cannot find sampling_id:84682!
11-10 15:40:41.796  1431  2167 W USF     : USF_API: Drop flicker data, cannot find sampling_id:84682!
11-10 15:40:41.805  1431  2167 W USF     : USF_API: Drop flicker data, cannot find sampling_id:84682!
11-10 15:40:41.811  4821  4821 D MusicViewModel: Updated liked files StateFlow with 101 files (sorted by dateAdded)
11-10 15:40:41.811  4821  4821 D VlcAudioBackend: â¹ï¸ Stopped
11-10 15:40:41.811  4821  4821 D AudioManager: ExoPlayer cleared
11-10 15:40:41.812  4821  4821 D WaveformGenerator: LaunchedEffect triggered for file: Felipe Valenzuela and Dorian Paic - Persistence [DDC003].flac
11-10 15:40:41.812  4821  4881 D AudioManager: All playback stopped successfully
11-10 15:40:41.812  4821  4881 D AudioManager: ðŸ”„ Starting VLC playback for: content://com.android.externalstorage.documents/tree/primary%3ATrial%20now%2F05.%20May/document/primary%3ATrial%20now%2F05.%20May%2F2024-05-12%2FFelipe%20Valenzuela%20and%20Dorian%20Paic%20-%20Persistence%20%5BDDC003%5D.flac
11-10 15:40:41.812  4821  4881 D AudioManager: ðŸ”„ Starting copyUriToTempFile for: content://com.android.externalstorage.documents/tree/primary%3ATrial%20now%2F05.%20May/document/primary%3ATrial%20now%2F05.%20May%2F2024-05-12%2FFelipe%20Valenzuela%20and%20Dorian%20Paic%20-%20Persistence%20%5BDDC003%5D.flac
11-10 15:40:41.813  4821  4881 D AudioManager: ðŸ“ Temp file created: /data/user/0/com.example.mobiledigger/cache/aiff_temp_7706392750532161666.aiff
11-10 15:40:41.815  1431  2167 W USF     : USF_API: Drop flicker data, cannot find sampling_id:84682!
11-10 15:40:41.826  4276  4287 D MediaProvider: Open with FUSE. FilePath: /storage/emulated/0/Trial now/05. May/2024-05-12/Felipe Valenzuela and Dorian Paic - Persistence [DDC003].flac. Uid: 10082. Media Capabilities Uid: 0. ShouldRedact: false. ShouldTranscode: false
11-10 15:40:41.826  1431  2167 W USF     : USF_API: Drop flicker data, cannot find sampling_id:84682!
11-10 15:40:41.834  4821  4879 D MusicViewModel: Loading rejected files from URI: content://com.android.externalstorage.documents/tree/primary%3AResults%203/document/primary%3AResults%203%2FRejected
11-10 15:40:41.835  4821  4821 I biledigger:main: Explicit concurrent mark compact GC freed 11MB AllocSpace bytes, 12(252KB) LOS objects, 76% free, 7427KB/31MB, paused 111us,995us total 22.840ms
11-10 15:40:41.835  1884  4367 I AppsFilter: interaction: PackageSetting{f52aa46 com.example.mobiledigger/10658} -> PackageSetting{ac19568 com.dropbox.android/10494} BLOCKED
11-10 15:40:41.835  1884  4367 I AppsFilter: interaction: PackageSetting{f52aa46 com.example.mobiledigger/10658} -> PackageSetting{6627d81 com.anydesk.anydeskandroid/10320} BLOCKED
11-10 15:40:41.835  1884  4367 I AppsFilter: interaction: PackageSetting{f52aa46 com.example.mobiledigger/10658} -> PackageSetting{6627d81 com.anydesk.anydeskandroid/10320} BLOCKED
11-10 15:40:41.835  1884  4367 I AppsFilter: interaction: PackageSetting{f52aa46 com.example.mobiledigger/10658} -> PackageSetting{cf2ee26 com.google.android.documentsui/10090} BLOCKED
11-10 15:40:41.835  1884  4367 I AppsFilter: interaction: PackageSetting{f52aa46 com.example.mobiledigger/10658} -> PackageSetting{4198650 com.google.android.apps.docs/10196} BLOCKED
11-10 15:40:41.836  1431  2167 W USF     : USF_API: Drop flicker data, cannot find sampling_id:84682!
11-10 15:40:41.841  4821  4879 D FileManager: Starting scanForMusicFiles with extensions: [mp3, wav, flac, aac, ogg, m4a, aif, aiff]
11-10 15:40:41.845  1431  2167 W USF     : USF_API: Drop flicker data, cannot find sampling_id:84682!
11-10 15:40:41.854  4821  4881 D AudioManager: ðŸ“Š Copied 10.0MB...
11-10 15:40:41.856  1431  2167 W USF     : USF_API: Drop flicker data, cannot find sampling_id:84682!
11-10 15:40:41.859  4821  4879 D FileManager: Loaded 10 files so far...
11-10 15:40:41.863  4821  4879 D MusicViewModel: Found 15 rejected files
11-10 15:40:41.865  1431  2167 W USF     : USF_API: Drop flicker data, cannot find sampling_id:84682!
11-10 15:40:41.875  1431  2167 W USF     : USF_API: Drop flicker data, cannot find sampling_id:84682!
11-10 15:40:41.877  4821  4881 D AudioManager: ðŸ“Š Copied 20.0MB...
11-10 15:40:41.885  1431  2167 W USF     : USF_API: Drop flicker data, cannot find sampling_id:84682!
11-10 15:40:41.888  4821  4821 D WaveformGenerator: Starting waveform generation for: Felipe Valenzuela and Dorian Paic - Persistence [DDC003].flac
11-10 15:40:41.888  4821  4821 D WaveformGenerator: File size: 30.4MB
11-10 15:40:41.890  4821  4879 D WaveformGenerator: Generating waveform for: Felipe Valenzuela and Dorian Paic - Persistence [DDC003].flac
11-10 15:40:41.894  4821  4879 D WaveformGenerator: Requesting 256 samples for any duration
11-10 15:40:41.896  1431  2167 W USF     : USF_API: Drop flicker data, cannot find sampling_id:84682!
11-10 15:40:41.897  4821  4881 D AudioManager: ðŸ“Š Copied 30.0MB...
11-10 15:40:41.905  1431  2167 W USF     : USF_API: Drop flicker data, cannot find sampling_id:84682!
11-10 15:40:41.915  1431  2167 W USF     : USF_API: Drop flicker data, cannot find sampling_id:84682!
11-10 15:40:41.917  4276  4287 D MediaProvider: Open with FUSE. FilePath: /storage/emulated/0/Trial now/05. May/2024-05-12/Felipe Valenzuela and Dorian Paic - Persistence [DDC003].flac. Uid: 10082. Media Capabilities Uid: 0. ShouldRedact: false. ShouldTranscode: false
11-10 15:40:41.923  4821  4879 W FileSource: offset/length adjusted from 0/576460752303423487 to 0/31843260
11-10 15:40:41.925  1431  2167 W USF     : USF_API: Drop flicker data, cannot find sampling_id:84682!
11-10 15:40:41.935  1431  2167 W USF     : USF_API: Drop flicker data, cannot find sampling_id:84682!
11-10 15:40:41.939  4821  4879 D MediaCodecList: codecHandlesFormat: no format, so no extra checks
11-10 15:40:41.941  4821  4955 D CCodec  : allocate(c2.android.raw.decoder)
11-10 15:40:41.947  1431  2167 W USF     : USF_API: Drop flicker data, cannot find sampling_id:84682!
11-10 15:40:41.957  1431  2167 W USF     : USF_API: Drop flicker data, cannot find sampling_id:84682!
11-10 15:40:41.967  1431  2167 W USF     : USF_API: Drop flicker data, cannot find sampling_id:84682!
11-10 15:40:41.967  4821  4955 I ApexCodecsLazy: ApexCodecs loaded
11-10 15:40:41.967  4821  4955 I Codec2Client: Available Codec2 services: "default" "default1" "default2" "software" "__ApexCodecs__"
11-10 15:40:41.969  4821  4955 I CCodec  : setting up 'default' as default (vendor) store
11-10 15:40:41.975  4821  4881 D AudioManager: âœ… File copy completed, flushed and synced
11-10 15:40:41.976  1642 28026 D AidlBufferPool: bufferpool2 0xb40000774ab61e88 : 0(0 size) total buffers - 0(0 size) used buffers - 0/0 (recycle/alloc) - 0/0 (fetch/transfer)
11-10 15:40:41.976  1642 28026 D AidlBufferPool: bufferpool2 0xb40000774ab6b978 : 0(0 size) total buffers - 0(0 size) used buffers - 11/15 (recycle/alloc) - 4/14 (fetch/transfer)
11-10 15:40:41.976  1642 28026 D AidlBufferPool: bufferpool2 0xb40000774ab6e318 : 0(0 size) total buffers - 0(0 size) used buffers - 0/0 (recycle/alloc) - 0/0 (fetch/transfer)
