11-10 14:59:41.688  1653  1653 D AOC     : A3:MSG: usf_sensor.cc, 1792: USF: Received stop sampling request for ICM45631 Motion Detect (active:-1).
11-10 14:59:41.689  1431  2167 W USF     : USF_API: Drop flicker data, cannot find sampling_id:84682!
11-10 14:59:41.692  1653  1653 D AOC     : A3:MSG: usf_sensor.cc, 2354: USF: Sampling configuration 93432 not found.
11-10 14:59:41.692  1653  1653 D AOC     : A3:MSG: usf_sensor_client.cc, 173: USF: Received kErrNotFound when disabling one shot sensor.
11-10 14:59:41.692  1653  1653 D AOC     : A3:MSG: usf_sensor.cc, 1784: USF: Received start sampling request for ICM45631 Stationary Detect (active:1).
11-10 14:59:41.692  1653  1653 D AOC     : A3:MSG: icm456xy_device.cc, 414: USF: Icm456xyDevice: Sensor 4, period 640000000 ns, latency 0 ns.
11-10 14:59:41.692  1653  1653 D AOC     : A3:MSG: icm456xy_device.cc, 1369: USF: Icm456xyDevice: FIFO enabled: 1, ODR: 200, WM: 1, Intr: 200.
11-10 14:59:41.693  1653  1653 D AOC     : A3:MSG: motion_state_sensor.cc, 328: USF: MoSt: StationaryDetect sampling started with sampling ID 93435.
11-10 14:59:41.694  1884  3096 D LauncherAppsService: getActivityLaunchIntent callingPackage=com.android.systemui component=ComponentInfo{com.google.android.apps.maps/com.google.android.maps.MapsActivity} user=UserHandle{0}
11-10 14:59:41.699  1431  2167 W USF     : USF_API: Drop flicker data, cannot find sampling_id:84682!
11-10 14:59:41.700  1653  1653 D AOC     : A3:MSG: usf_sensor.cc, 1784: USF: Received start sampling request for ICM45631 Accelerometer (active:5).
11-10 14:59:41.703  1884  1915 D LauncherAppsService: getActivityLaunchIntent callingPackage=com.android.systemui component=ComponentInfo{com.google.android.apps.messaging/com.google.android.apps.messaging.ui.ConversationListActivity} user=UserHandle{0}
11-10 14:59:41.707  1653  1653 D AOC     : A3:MSG: usf_sensor.cc, 1784: USF: Received start sampling request for ICM45631 Stationary Detect (active:2).
11-10 14:59:41.707  1653  1653 D AOC     : A3:MSG: usf_sensor.cc, 1784: USF: Received start sampling request for ICM45631 Accelerometer (active:6).
11-10 14:59:41.707  1653  1653 D AOC     : A3:MSG: icm456xy_device.cc, 414: USF: Icm456xyDevice: Sensor 0, period 2500000 ns, latency 5000000 ns.
11-10 14:59:41.709  1431  2167 W USF     : USF_API: Drop flicker data, cannot find sampling_id:84682!
11-10 14:59:41.709  1653  1653 D AOC     : A3:MSG: icm456xy_device.cc, 1369: USF: Icm456xyDevice: FIFO enabled: 1, ODR: 200, WM: 1, Intr: 200.
11-10 14:59:41.711  1884  5666 D LauncherAppsService: getActivityLaunchIntent callingPackage=com.android.systemui component=ComponentInfo{com.google.android.apps.photos/com.google.android.apps.photos.home.HomeActivity} user=UserHandle{0}
11-10 14:59:41.712  1653  1653 D AOC     : A3:MSG: usf_sensor.cc, 1784: USF: Received start sampling request for ICM45631 Gyroscope (active:3).
11-10 14:59:41.712  1653  1653 D AOC     : A3:MSG: icm456xy_device.cc, 414: USF: Icm456xyDevice: Sensor 1, period 2500000 ns, latency 5000000 ns.
11-10 14:59:41.713  1653  1653 D AOC     : A3:MSG: icm456xy_device.cc, 1369: USF: Icm456xyDevice: FIFO enabled: 1, ODR: 400, WM: 2, Intr: 200.
11-10 14:59:41.716  1653  1653 D AOC     : A3:MSG: usf_sensor.cc, 1784: USF: Received start sampling request for ICM45631 FreeFall Detect (active:1).
11-10 14:59:41.716  1653  1653 D AOC     : A3:MSG: icm456xy_device.cc, 414: USF: Icm456xyDevice: Sensor 5, period 640000000 ns, latency 0 ns.
11-10 14:59:41.717  1653  1653 D AOC     : A3:MSG: icm456xy_device.cc, 1369: USF: Icm456xyDevice: FIFO enabled: 1, ODR: 400, WM: 2, Intr: 200.
11-10 14:59:41.717  1432  1491 I CHRE    : @ 548849.015: Received a sampling status update for one shot sensor ICM45631 Stationary Detect
11-10 14:59:41.717  1884  2730 D BackgroundInstallControlService: Package event received: 0
11-10 14:59:41.717  1884  1915 D LauncherAppsService: getActivityLaunchIntent callingPackage=com.android.systemui component=ComponentInfo{com.google.android.apps.tachyon/com.google.android.apps.tachyon.MainActivity} user=UserHandle{0}
11-10 14:59:41.718  1965  1965 D Vibrator: Took 0 ms to wait for the actuator activation.
11-10 14:59:41.719  1431  2167 W USF     : USF_API: Drop flicker data, cannot find sampling_id:84682!
11-10 14:59:41.728  1431  2167 W USF     : USF_API: Drop flicker data, cannot find sampling_id:84682!
11-10 14:59:41.730  1884  5666 D LauncherAppsService: getActivityLaunchIntent callingPackage=com.android.systemui component=ComponentInfo{com.google.android.apps.youtube.music/com.google.android.apps.youtube.music.activities.MusicActivity} user=UserHandle{0}
11-10 14:59:41.731  1432  1491 I CHRE    : @ 548849.031: Received a sampling status update for one shot sensor ICM45631 FreeFall Detect
11-10 14:59:41.731  1884  5666 D LauncherAppsService: getActivityLaunchIntent callingPackage=com.android.systemui component=ComponentInfo{com.google.android.calculator/com.android.calculator2.Calculator} user=UserHandle{0}
11-10 14:59:41.731  1432  1491 D CHRE.HAL: Received a nanoapp message from 0x476f6f676c001016 endpoint 0x5: Type 0x8003 size 1 
11-10 14:59:41.732  1432  1491 D CHRE.HAL: Received a nanoapp message from 0x476f6f676c001019 endpoint 0x2: Type 0x1f4 size 12 
11-10 14:59:41.732  1884  4367 D LauncherAppsService: getActivityLaunchIntent callingPackage=com.android.systemui component=ComponentInfo{com.google.android.calendar/com.android.calendar.AllInOneActivity} user=UserHandle{0}
11-10 14:59:41.732  1432  1491 D CHRE.HAL: Received a nanoapp message from 0x476f6f676c001019 endpoint 0x2: Type 0x1f4 size 12 
11-10 14:59:41.732  1884  5666 D LauncherAppsService: getActivityLaunchIntent callingPackage=com.android.systemui component=ComponentInfo{com.google.android.contacts/com.android.contacts.activities.PeopleActivity} user=UserHandle{0}
11-10 14:59:41.733  1884  5666 D LauncherAppsService: getActivityLaunchIntent callingPackage=com.android.systemui component=ComponentInfo{com.google.android.deskclock/com.android.deskclock.DeskClock} user=UserHandle{0}
11-10 14:59:41.734  1884  5666 D LauncherAppsService: getActivityLaunchIntent callingPackage=com.android.systemui component=ComponentInfo{com.google.android.dialer/com.google.android.dialer.extensions.GoogleDialtactsActivity} user=UserHandle{0}
11-10 14:59:41.734  1884  3096 D LauncherAppsService: getActivityLaunchIntent callingPackage=com.android.systemui component=ComponentInfo{com.google.android.gm/com.google.android.gm.ConversationListActivityGmail} user=UserHandle{0}
11-10 14:59:41.735  1884  3096 D LauncherAppsService: getActivityLaunchIntent callingPackage=com.android.systemui component=ComponentInfo{com.google.android.youtube/com.google.android.youtube.app.honeycomb.Shell$HomeActivity} user=UserHandle{0}
11-10 14:59:41.736  1884  3096 D LauncherAppsService: getActivityLaunchIntent callingPackage=com.android.systemui component=ComponentInfo{com.Slack/slack.features.home.HomeActivity} user=UserHandle{0}
11-10 14:59:41.737  1884  5666 D LauncherAppsService: getActivityLaunchIntent callingPackage=com.android.systemui component=ComponentInfo{com.aimp.player/com.aimp.player.ui.activities.main.MainActivity} user=UserHandle{0}
11-10 14:59:41.737  1884  5666 D LauncherAppsService: getActivityLaunchIntent callingPackage=com.android.systemui component=ComponentInfo{com.dropbox.android/com.dropbox.android.activity.DropboxBrowser} user=UserHandle{0}
11-10 14:59:41.738  1884  4367 D LauncherAppsService: getActivityLaunchIntent callingPackage=com.android.systemui component=ComponentInfo{com.google.android.apps.docs.editors.docs/com.google.android.apps.docs.app.NewMainProxyActivity} user=UserHandle{0}
11-10 14:59:41.738  1884  5666 D LauncherAppsService: getActivityLaunchIntent callingPackage=com.android.systemui component=ComponentInfo{com.google.android.apps.docs.editors.sheets/com.google.android.apps.docs.app.NewMainProxyActivity} user=UserHandle{0}
11-10 14:59:41.738  1431  2167 W USF     : USF_API: Drop flicker data, cannot find sampling_id:84682!
11-10 14:59:41.738  1884  5666 D LauncherAppsService: getActivityLaunchIntent callingPackage=com.android.systemui component=ComponentInfo{com.google.android.apps.docs.editors.slides/com.google.android.apps.docs.app.NewMainProxyActivity} user=UserHandle{0}
11-10 14:59:41.739  1884  4367 D LauncherAppsService: getActivityLaunchIntent callingPackage=com.android.systemui component=ComponentInfo{com.google.android.apps.magazines/com.google.apps.dots.android.app.activity.CurrentsStartActivity} user=UserHandle{0}
11-10 14:59:41.739  1884  5666 D LauncherAppsService: getActivityLaunchIntent callingPackage=com.android.systemui component=ComponentInfo{com.google.android.apps.walletnfcrel/com.google.commerce.tapandpay.android.wallet.WalletActivity} user=UserHandle{0}
11-10 14:59:41.740  1884  5666 D LauncherAppsService: getActivityLaunchIntent callingPackage=com.android.systemui component=ComponentInfo{com.google.android.apps.youtube.creator/com.google.android.apps.youtube.creator.main.MainActivity} user=UserHandle{0}
11-10 14:59:41.740  1884  5666 D LauncherAppsService: getActivityLaunchIntent callingPackage=com.android.systemui component=ComponentInfo{com.google.android.play.games/com.google.android.gms.games.ui.destination.main.MainActivity} user=UserHandle{0}
11-10 14:59:41.741  1884  5666 D LauncherAppsService: getActivityLaunchIntent callingPackage=com.android.systemui component=ComponentInfo{com.microsoft.emmx/com.microsoft.ruby.Main} user=UserHandle{0}
11-10 14:59:41.741  1884  5666 D LauncherAppsService: getActivityLaunchIntent callingPackage=com.android.systemui component=ComponentInfo{com.microsoft.office.outlook/com.microsoft.office.outlook.MainActivity} user=UserHandle{0}
11-10 14:59:41.741  1884  5666 D LauncherAppsService: getActivityLaunchIntent callingPackage=com.android.systemui component=ComponentInfo{com.paypal.android.p2pmobile/com.paypal.android.p2pmobile.startup.activities.StartupActivity} user=UserHandle{0}
11-10 14:59:41.742  1884  5666 D LauncherAppsService: getActivityLaunchIntent callingPackage=com.android.systemui component=ComponentInfo{com.roblox.client/com.roblox.client.startup.ActivitySplash} user=UserHandle{0}
11-10 14:59:41.742  1884  5666 D LauncherAppsService: getActivityLaunchIntent callingPackage=com.android.systemui component=ComponentInfo{com.shazam.android/com.shazam.android.activities.SplashActivity} user=UserHandle{0}
11-10 14:59:41.743  1884  5666 D LauncherAppsService: getActivityLaunchIntent callingPackage=com.android.systemui component=ComponentInfo{com.shopify.arrive/com.shopify.arrive.MainActivity} user=UserHandle{0}
11-10 14:59:41.743  1884  5666 D LauncherAppsService: getActivityLaunchIntent callingPackage=com.android.systemui component=ComponentInfo{com.spotify.music/com.spotify.music.MainActivity} user=UserHandle{0}
11-10 14:59:41.743  1884  5666 D LauncherAppsService: getActivityLaunchIntent callingPackage=com.android.systemui component=ComponentInfo{com.ubercab/com.ubercab.presidio.app.core.root.RootActivity} user=UserHandle{0}
11-10 14:59:41.744  1884  5666 D LauncherAppsService: getActivityLaunchIntent callingPackage=com.android.systemui component=ComponentInfo{ee.mtakso.client/ee.mtakso.client.activity.SplashHomeActivity} user=UserHandle{0}
11-10 14:59:41.745  1884  4367 D LauncherAppsService: getActivityLaunchIntent callingPackage=com.android.systemui component=ComponentInfo{fr.leboncoin/fr.leboncoin.features.splashscreen.ui.activities.SplashScreenActivity} user=UserHandle{0}
11-10 14:59:41.746  1884  4367 D LauncherAppsService: getActivityLaunchIntent callingPackage=com.android.systemui component=ComponentInfo{ro.emag.android/ro.emag.android.cleancode.app.ActivityStart} user=UserHandle{0}
11-10 14:59:41.746  1884  4367 D LauncherAppsService: getActivityLaunchIntent callingPackage=com.android.systemui component=ComponentInfo{trendyol.com/com.trendyol.common.splash.impl.ui.SplashActivity} user=UserHandle{0}
11-10 14:59:41.747  1884  4367 D LauncherAppsService: getActivityLaunchIntent callingPackage=com.android.systemui component=ComponentInfo{com.android.stk/com.android.stk.StkMain} user=UserHandle{0}
11-10 14:59:41.747  1884  4367 D LauncherAppsService: getActivityLaunchIntent callingPackage=com.android.systemui component=ComponentInfo{com.google.android.apps.nbu.files/com.google.android.apps.nbu.files.home.HomeActivity} user=UserHandle{0}
11-10 14:59:41.748  1884  4367 D LauncherAppsService: getActivityLaunchIntent callingPackage=com.android.systemui component=ComponentInfo{com.google.android.apps.pixel.health/com.google.android.apps.pixel.health.thermometer.ThermometerHomeActivity} user=UserHandle{0}
11-10 14:59:41.748  1884  3096 D LauncherAppsService: getActivityLaunchIntent callingPackage=com.android.systemui component=ComponentInfo{com.google.android.apps.recorder/com.google.android.apps.recorder.ui.recordings.MainActivity} user=UserHandle{0}
11-10 14:59:41.748  1431  2167 W USF     : USF_API: Drop flicker data, cannot find sampling_id:84682!
11-10 14:59:41.749  1884  1915 D LauncherAppsService: getActivityLaunchIntent callingPackage=com.android.systemui component=ComponentInfo{com.google.android.apps.safetyhub/com.google.android.apps.safetyhub.LauncherActivity} user=UserHandle{0}
11-10 14:59:41.749  1884  4373 D LauncherAppsService: getActivityLaunchIntent callingPackage=com.android.systemui component=ComponentInfo{com.google.android.apps.tips/com.google.android.apps.tips.fortnite.p8} user=UserHandle{0}
11-10 14:59:41.750  1884  4367 D LauncherAppsService: getActivityLaunchIntent callingPackage=com.android.systemui component=ComponentInfo{com.google.android.apps.weather/com.google.android.apps.weather.home.HomeActivity} user=UserHandle{0}
11-10 14:59:41.750  1884  4367 D LauncherAppsService: getActivityLaunchIntent callingPackage=com.android.systemui component=ComponentInfo{com.google.android.apps.wellbeing/com.google.android.apps.wellbeing.settings.LauncherActivity} user=UserHandle{0}
11-10 14:59:41.751  1884  4367 D LauncherAppsService: getActivityLaunchIntent callingPackage=com.android.systemui component=ComponentInfo{com.google.android.googlequicksearchbox/com.google.android.googlequicksearchbox.SearchActivity} user=UserHandle{0}
11-10 14:59:41.751  1484  1579 I vendor.google.wifi_ext-service-vendor: Wifi: Setting SAR Scenario to 5
11-10 14:59:41.751  1484  1579 E WifiHAL : wifi_select_tx_power_scenario
11-10 14:59:41.751  1884  4373 D LauncherAppsService: getActivityLaunchIntent callingPackage=com.android.systemui component=ComponentInfo{at.willhaben/at.willhaben.MainActivity} user=UserHandle{0}
11-10 14:59:41.752  1884  4373 D LauncherAppsService: getActivityLaunchIntent callingPackage=com.android.systemui component=ComponentInfo{battle.iron.suit/com.unity3d.player.UnityPlayerActivity} user=UserHandle{0}
11-10 14:59:41.752  1884  4373 D LauncherAppsService: getActivityLaunchIntent callingPackage=com.android.systemui component=ComponentInfo{com.Garawell.BridgeRace/com.unity3d.player.UnityPlayerActivity} user=UserHandle{0}
11-10 14:59:41.754  1884  4373 D LauncherAppsService: getActivityLaunchIntent callingPackage=com.android.systemui component=ComponentInfo{com.JindoBlu.TwoPlayerGamesChallenge/com.unity3d.player.UnityPlayerActivity} user=UserHandle{0}
11-10 14:59:41.754  1884  4373 D LauncherAppsService: getActivityLaunchIntent callingPackage=com.android.systemui component=ComponentInfo{com.Neurononfire.SupremeDuelist/com.google.firebase.MessagingUnityPlayerActivity} user=UserHandle{0}
11-10 14:59:41.754  1884  4367 D LauncherAppsService: getActivityLaunchIntent callingPackage=com.android.systemui component=ComponentInfo{com.alibaba.aliexpresshd/com.aliexpress.app.FirstActivity} user=UserHandle{0}
11-10 14:59:41.755  1884  4367 D LauncherAppsService: getActivityLaunchIntent callingPackage=com.android.systemui component=ComponentInfo{com.alibaba.intl.android.apps.poseidon/com.alibaba.intl.android.apps.poseidon.app.activity.ActivityMainMaterial} user=UserHandle{0}
11-10 14:59:41.755  1884  4367 D LauncherAppsService: getActivityLaunchIntent callingPackage=com.android.systemui component=ComponentInfo{com.anydesk.anydeskandroid/com.anydesk.anydeskandroid.gui.activity.HubActivity} user=UserHandle{0}
11-10 14:59:41.756  1884  4367 D LauncherAppsService: getActivityLaunchIntent callingPackage=com.android.systemui component=ComponentInfo{com.aspiro.tidal/com.aspiro.wamp.LoginFragmentActivity} user=UserHandle{0}
11-10 14:59:41.756  1884  4367 D LauncherAppsService: getActivityLaunchIntent callingPackage=com.android.systemui component=ComponentInfo{com.azure.authenticator/com.azure.authenticator.ui.LaunchActivity} user=UserHandle{0}
11-10 14:59:41.757  1884  4367 D LauncherAppsService: getActivityLaunchIntent callingPackage=com.android.systemui component=ComponentInfo{com.bandcamp.android/com.bandcamp.android.view.SplashActivity} user=UserHandle{0}
11-10 14:59:41.757  1884  4367 D LauncherAppsService: getActivityLaunchIntent callingPackage=com.android.systemui component=ComponentInfo{com.booking/com.booking.startup.HomeActivity} user=UserHandle{0}
11-10 14:59:41.758  1884  4367 D LauncherAppsService: getActivityLaunchIntent callingPackage=com.android.systemui component=ComponentInfo{com.brightstripe.parcels/com.brightstripe.parcels.MainActivity} user=UserHandle{0}
11-10 14:59:41.758  1431  2167 W USF     : USF_API: Drop flicker data, cannot find sampling_id:84682!
11-10 14:59:41.758  1884  4367 D LauncherAppsService: getActivityLaunchIntent callingPackage=com.android.systemui component=ComponentInfo{com.cargus.cma/com.cargus.cma.MainActivity} user=UserHandle{0}
11-10 14:59:41.759  1884  4367 D LauncherAppsService: getActivityLaunchIntent callingPackage=com.android.systemui component=ComponentInfo{com.catalogViva/com.catalogViva.MainActivity} user=UserHandle{0}
11-10 14:59:41.759  1884  4367 D LauncherAppsService: getActivityLaunchIntent callingPackage=com.android.systemui component=ComponentInfo{com.davidgiga1993.mixingstationpro/org.devcore.mixingstation.android.lib.AndroidLauncher} user=UserHandle{0}
11-10 14:59:41.760  1884  4367 D LauncherAppsService: getActivityLaunchIntent callingPackage=com.android.systemui component=ComponentInfo{com.digitaldreamlabs.retrodrive/com.digitaldreamlabs.retrodrive.OverDriveActivity} user=UserHandle{0}
11-10 14:59:41.760  1884  4367 D LauncherAppsService: getActivityLaunchIntent callingPackage=com.android.systemui component=ComponentInfo{com.discord/com.discord.main.MainDefault} user=UserHandle{0}
11-10 14:59:41.760  1884  4367 D LauncherAppsService: getActivityLaunchIntent callingPackage=com.android.systemui component=ComponentInfo{com.disney.disneyplus/com.bamtechmedia.dominguez.main.MainActivity} user=UserHandle{0}
11-10 14:59:41.762  1884  1915 D LauncherAppsService: getActivityLaunchIntent callingPackage=com.android.systemui component=ComponentInfo{com.duosecurity.duomobile/com.duosecurity.duomobile.account_list.AccountListActivity} user=UserHandle{0}
11-10 14:59:41.762  1884  1915 D LauncherAppsService: getActivityLaunchIntent callingPackage=com.android.systemui component=ComponentInfo{com.ebay.kleinanzeigen/ebk.ui.splash.SplashActivity} user=UserHandle{0}
11-10 14:59:41.763  1884  1915 D LauncherAppsService: getActivityLaunchIntent callingPackage=com.android.systemui component=ComponentInfo{com.ebay.mobile/com.ebay.mobile.home.impl.main.MainActivity} user=UserHandle{0}
11-10 14:59:41.763  1884  4367 D LauncherAppsService: getActivityLaunchIntent callingPackage=com.android.systemui component=ComponentInfo{com.einnovation.temu/com.baogong.splash.activity.MainFrameActivity} user=UserHandle{0}
11-10 14:59:41.764  1884  4367 D LauncherAppsService: getActivityLaunchIntent callingPackage=com.android.systemui component=ComponentInfo{com.example.mobiledigger/com.example.mobiledigger.MainActivity} user=UserHandle{0}
11-10 14:59:41.764  1884  4373 D LauncherAppsService: getActivityLaunchIntent callingPackage=com.android.systemui component=ComponentInfo{com.facebook.katana/com.facebook.katana.LoginActivity} user=UserHandle{0}
11-10 14:59:41.765  1884  4373 D LauncherAppsService: getActivityLaunchIntent callingPackage=com.android.systemui component=ComponentInfo{com.facebook.orca/com.facebook.orca.auth.StartScreenActivity} user=UserHandle{0}
11-10 14:59:41.765  1884  1915 D LauncherAppsService: getActivityLaunchIntent callingPackage=com.android.systemui component=ComponentInfo{com.fun.mxw/io.dcloud.PandoraEntry} user=UserHandle{0}
11-10 14:59:41.766  1884  4367 D LauncherAppsService: getActivityLaunchIntent callingPackage=com.android.systemui component=ComponentInfo{com.games.webmaster/com.unity3d.player.UnityPlayerActivity} user=UserHandle{0}
11-10 14:59:41.766  1884  4367 D LauncherAppsService: getActivityLaunchIntent callingPackage=com.android.systemui component=ComponentInfo{com.games.whodiesfirst/com.unity3d.player.UnityPlayerActivity} user=UserHandle{0}
11-10 14:59:41.766  1884  4367 D LauncherAppsService: getActivityLaunchIntent callingPackage=com.android.systemui component=ComponentInfo{com.ghisler.android.TotalCommander/com.ghisler.android.TotalCommander.TotalCommander} user=UserHandle{0}
11-10 14:59:41.767  1884  4373 D LauncherAppsService: getActivityLaunchIntent callingPackage=com.android.systemui component=ComponentInfo{com.globalfun.ben10ae.google/com.globalfun.FullActivity} user=UserHandle{0}
11-10 14:59:41.767  1884  5666 D LauncherAppsService: getActivityLaunchIntent callingPackage=com.android.systemui component=ComponentInfo{com.google.android.apps.authenticator2/com.google.android.apps.authenticator2.main.MainActivity} user=UserHandle{0}
11-10 14:59:41.768  1884  5666 D LauncherAppsService: getActivityLaunchIntent callingPackage=com.android.systemui component=ComponentInfo{com.google.android.apps.bard/com.google.android.apps.bard.shellapp.BardEntryPointActivity} user=UserHandle{0}
11-10 14:59:41.768  1431  2167 W USF     : USF_API: Drop flicker data, cannot find sampling_id:84682!
11-10 14:59:41.768  1884  5666 D LauncherAppsService: getActivityLaunchIntent callingPackage=com.android.systemui component=ComponentInfo{com.google.android.apps.chromecast.app/com.google.android.apps.chromecast.app.DiscoveryActivity} user=UserHandle{0}
11-10 14:59:41.768  2978  2978 D GRIL-S  : [25978]> UPDATE_DEVICE_STATE DeviceState: Usb:1, Wifi: 1, Wifi AP: 0, Earpiece: 0, Bluetooth: 1, Wireless charging: 0, Screen: 1, Camera: 0, 0, -, -, Motion: 1, Bluetooth tethering: 0, Voice: 0, Wifi 2.4G: 0, Radio: 1, Bluetooth connected: 1, Bluetooth media: 1, Wifi Band: 2, Wifi AP Band: 0, Wifi call: 0, mmWave: 0, mCellBackhaul: 0, mHallSensor: 0, mDozeStatus: 1, mAppClassInfo: 0, mWifiCapSensorStatus: 0, mCellCapSensorStatus: 0, mBesideHeadHandStatus: 0, mSpeakerStatus: 0, mProtectiveCaseStatus: 0, mWifiSettingStatus: 0, mGpsStatus: 0
11-10 14:59:41.769  1884  5666 D LauncherAppsService: getActivityLaunchIntent callingPackage=com.android.systemui component=ComponentInfo{com.google.android.apps.fitness/com.google.android.apps.fitness.welcome.WelcomeActivity} user=UserHandle{0}
11-10 14:59:41.770  1884  5666 D LauncherAppsService: getActivityLaunchIntent callingPackage=com.android.systemui component=ComponentInfo{com.google.android.apps.searchlite/com.google.android.apps.searchlite.ui.SearchActivity} user=UserHandle{0}
11-10 14:59:41.770  1884  1911 I system_server: Background concurrent mark compact GC freed 68MB AllocSpace bytes, 89(2252KB) LOS objects, 46% free, 111MB/207MB, paused 23.950ms,12.801ms total 1.230s
11-10 14:59:41.770  1884  5666 D LauncherAppsService: getActivityLaunchIntent callingPackage=com.android.systemui component=ComponentInfo{com.google.android.apps.subscriptions.red/com.google.android.apps.subscriptions.red.LauncherActivity} user=UserHandle{0}
11-10 14:59:41.771  1884  5666 D LauncherAppsService: getActivityLaunchIntent callingPackage=com.android.systemui component=ComponentInfo{com.google.android.apps.translate/com.google.android.apps.translate.TranslateActivity} user=UserHandle{0}
11-10 14:59:41.771  1884  4367 D LauncherAppsService: getActivityLaunchIntent callingPackage=com.android.systemui component=ComponentInfo{com.google.android.keep/com.google.android.keep.activities.BrowseActivity} user=UserHandle{0}
11-10 14:59:41.771  1884  4367 D LauncherAppsService: getActivityLaunchIntent callingPackage=com.android.systemui component=ComponentInfo{com.gtsy.capturing.heroes/com.unity3d.player.UnityPlayerActivity} user=UserHandle{0}
11-10 14:59:41.772  1884  4367 D LauncherAppsService: getActivityLaunchIntent callingPackage=com.android.systemui component=ComponentInfo{com.hb.spider.games.fighting.hero/com.unity3d.player.UnityPlayerActivity} user=UserHandle{0}
11-10 14:59:41.772  1884  4367 D LauncherAppsService: getActivityLaunchIntent callingPackage=com.android.systemui component=ComponentInfo{com.htt.alpha.shooter.fps/com.unity3d.player.UnityPlayerActivity} user=UserHandle{0}
11-10 14:59:41.772  1884  5666 D LauncherAppsService: getActivityLaunchIntent callingPackage=com.android.systemui component=ComponentInfo{com.inotesapp.inotes/com.inotesapp.inotes.MainActivity} user=UserHandle{0}
11-10 14:59:41.773  1884  5666 D LauncherAppsService: getActivityLaunchIntent callingPackage=com.android.systemui component=ComponentInfo{com.instagram.android/com.instagram.android.activity.MainTabActivity} user=UserHandle{0}
11-10 14:59:41.773  1884  4367 D LauncherAppsService: getActivityLaunchIntent callingPackage=com.android.systemui component=ComponentInfo{com.kendamanomics.app/com.kendamanomics.app.MainActivity} user=UserHandle{0}
11-10 14:59:41.774  1884  5666 D LauncherAppsService: getActivityLaunchIntent callingPackage=com.android.systemui component=ComponentInfo{com.libratone/com.libratone.v3.activities.HomeActivity} user=UserHandle{0}
11-10 14:59:41.774  1884  4367 D LauncherAppsService: getActivityLaunchIntent callingPackage=com.android.systemui component=ComponentInfo{com.linkedin.android/com.linkedin.android.authenticator.LaunchActivityDefault} user=UserHandle{0}
11-10 14:59:41.775  1884  4367 D LauncherAppsService: getActivityLaunchIntent callingPackage=com.android.systemui component=ComponentInfo{com.mcdonalds.mobileapp/com.mcdonalds.mobileapp.SplashActivity} user=UserHandle{0}
11-10 14:59:41.775  1884  5666 D LauncherAppsService: getActivityLaunchIntent callingPackage=com.android.systemui component=ComponentInfo{com.microsoft.appmanager/com.microsoft.appmanager.StartUpCoreActivity} user=UserHandle{0}
11-10 14:59:41.776  1884  5666 D LauncherAppsService: getActivityLaunchIntent callingPackage=com.android.systemui component=ComponentInfo{com.microsoft.office.excel/com.microsoft.office.apphost.LaunchActivity} user=UserHandle{0}
11-10 14:59:41.776  1884  5666 D LauncherAppsService: getActivityLaunchIntent callingPackage=com.android.systemui component=ComponentInfo{com.microsoft.office.onenote/com.microsoft.office.onenote.ui.ONMSplashActivity} user=UserHandle{0}
11-10 14:59:41.776  1884  5666 D LauncherAppsService: getActivityLaunchIntent callingPackage=com.android.systemui component=ComponentInfo{com.microsoft.office.word/com.microsoft.office.apphost.LaunchActivity} user=UserHandle{0}
11-10 14:59:41.777  1884  5666 D LauncherAppsService: getActivityLaunchIntent callingPackage=com.android.systemui component=ComponentInfo{com.microsoft.rdc.androidx/com.microsoft.windowsapp.ui.HomeActivity} user=UserHandle{0}
11-10 14:59:41.777  1884  4367 D LauncherAppsService: getActivityLaunchIntent callingPackage=com.android.systemui component=ComponentInfo{com.microsoft.teams/com.microsoft.skype.teams.Launcher} user=UserHandle{0}
11-10 14:59:41.777  1884  2488 V AccessibilityUserState: updateShortcutTargets: type:accessibility_shortcut_target_service, current:{com.google.android.marvin.talkback/com.google.android.marvin.talkback.TalkBackService}, new:{com.google.android.marvin.talkback/com.google.android.marvin.talkback.TalkBackService}
11-10 14:59:41.777  1884  2488 V AccessibilityUserState: updateShortcutTargets: type:accessibility_qs_targets, current:{com.android.server.accessibility/ReduceBrightColors}, new:{com.android.server.accessibility/ReduceBrightColors}
11-10 14:59:41.777  1884  2488 V AccessibilityUserState: updateShortcutTargets: type:accessibility_button_targets, current:{}, new:{}
11-10 14:59:41.777  1884  2488 V AccessibilityUserState: updateShortcutTargets: type:accessibility_gesture_targets, current:{}, new:{}
11-10 14:59:41.777  1884  2488 V AccessibilityUserState: updateShortcutTargets: type:accessibility_key_gesture_targets, current:{}, new:{}
11-10 14:59:41.777  1884  4367 D LauncherAppsService: getActivityLaunchIntent callingPackage=com.android.systemui component=ComponentInfo{com.microsoft.windowsintune.companyportal/com.microsoft.windowsintune.companyportal.views.SplashActivity} user=UserHandle{0}
11-10 14:59:41.778  1431  2167 W USF     : USF_API: Drop flicker data, cannot find sampling_id:84682!
11-10 14:59:41.778  1884  4367 D LauncherAppsService: getActivityLaunchIntent callingPackage=com.android.systemui component=ComponentInfo{com.mojang.minecraftpe/com.mojang.minecraftpe.MainActivity} user=UserHandle{0}
11-10 14:59:41.778  1884  4367 D LauncherAppsService: getActivityLaunchIntent callingPackage=com.android.systemui component=ComponentInfo{com.movile.playkids.pkxd/com.movile.playkids.pkxd.base.UnityPlayerActivity} user=UserHandle{0}
11-10 14:59:41.778  1428  2117 D BTAudioSessionAidl: GetSupportedLatencyModes - Supported LatencyMode= FREE
11-10 14:59:41.779  1884  5666 D LauncherAppsService: getActivityLaunchIntent callingPackage=com.android.systemui component=ComponentInfo{com.musicpay.app/com.musicpay.app.MainActivity} user=UserHandle{0}
11-10 14:59:41.779  1884  4367 D LauncherAppsService: getActivityLaunchIntent callingPackage=com.android.systemui component=ComponentInfo{com.netflix.mediaclient/com.netflix.mediaclient.ui.launch.UIWebViewActivity} user=UserHandle{0}
11-10 14:59:41.779  1884  4367 D LauncherAppsService: getActivityLaunchIntent callingPackage=com.android.systemui component=ComponentInfo{com.nexar.spider.web.shooting.puzzles/com.unity3d.player.UnityPlayerActivity} user=UserHandle{0}
11-10 14:59:41.780  1884  4367 D LauncherAppsService: getActivityLaunchIntent callingPackage=com.android.systemui component=ComponentInfo{com.okta.android.auth/com.okta.android.auth.activity.SplashActivity} user=UserHandle{0}
11-10 14:59:41.780  1884  2488 V AccessibilityManagerService: onUserStateChangedLocked for userId: 0, forceUpdate: false
11-10 14:59:41.780  1884  4367 D LauncherAppsService: getActivityLaunchIntent callingPackage=com.android.systemui component=ComponentInfo{com.onebutton.mrsuper2/com.onebutton.cpp.AppActivity} user=UserHandle{0}
11-10 14:59:41.781  1884  4367 D LauncherAppsService: getActivityLaunchIntent callingPackage=com.android.systemui component=ComponentInfo{com.onepassword.android/com.onepassword.android.app.StartActivity} user=UserHandle{0}
11-10 14:59:41.781  1884  5666 D LauncherAppsService: getActivityLaunchIntent callingPackage=com.android.systemui component=ComponentInfo{com.openai.chatgpt/com.openai.chatgpt.MainActivity} user=UserHandle{0}
11-10 14:59:41.781  1884  2488 V AccessibilityUserState: updateShortcutTargets: type:accessibility_shortcut_target_service, current:{com.google.android.marvin.talkback/com.google.android.marvin.talkback.TalkBackService}, new:{com.google.android.marvin.talkback/com.google.android.marvin.talkback.TalkBackService}
11-10 14:59:41.781  1884  2488 V AccessibilityUserState: updateShortcutTargets: type:accessibility_button_targets, current:{}, new:{}
11-10 14:59:41.781  1884  2488 V AccessibilityUserState: updateShortcutTargets: type:accessibility_gesture_targets, current:{}, new:{}
11-10 14:59:41.781  1884  2488 V AccessibilityUserState: updateShortcutTargets: type:accessibility_qs_targets, current:{com.android.server.accessibility/ReduceBrightColors}, new:{com.android.server.accessibility/ReduceBrightColors}
11-10 14:59:41.781  1884  2488 V AccessibilityUserState: updateShortcutTargets: type:accessibility_key_gesture_targets, current:{}, new:{}
11-10 14:59:41.782  1884  4367 D LauncherAppsService: getActivityLaunchIntent callingPackage=com.android.systemui component=ComponentInfo{com.orange.contultauorange/com.orange.contultauorange.presentation.entry.EntryActivity} user=UserHandle{0}
11-10 14:59:41.782  1884  4367 D LauncherAppsService: getActivityLaunchIntent callingPackage=com.android.systemui component=ComponentInfo{com.paurau.SlowMoRun/com.unity3d.player.UnityPlayerActivity} user=UserHandle{0}
11-10 14:59:41.783  1884  4367 D LauncherAppsService: getActivityLaunchIntent callingPackage=com.android.systemui component=ComponentInfo{com.rarlab.rar/com.rarlab.rar.MainActivity} user=UserHandle{0}
11-10 14:59:41.783  1884  2488 W MagnificationConnectionManager: requestConnection duplicated request: connect=false, mConnectionState=DISCONNECTED
11-10 14:59:41.783  1884  2488 V AccessibilityUserState: updateShortcutTargets: type:accessibility_button_targets, current:{}, new:{}
11-10 14:59:41.783  1884  4367 D LauncherAppsService: getActivityLaunchIntent callingPackage=com.android.systemui component=ComponentInfo{com.reddit.frontpage/launcher.default} user=UserHandle{0}
11-10 14:59:41.783  1884  4367 D LauncherAppsService: getActivityLaunchIntent callingPackage=com.android.systemui component=ComponentInfo{com.redhands.twoplayergames/com.unity3d.player.UnityPlayerActivity} user=UserHandle{0}
11-10 14:59:41.784  1884  4367 D LauncherAppsService: getActivityLaunchIntent callingPackage=com.android.systemui component=ComponentInfo{com.revolut.revolut/com.revolut.ui.login.pin.LoginActivity} user=UserHandle{0}
11-10 14:59:41.784  1884  4367 D LauncherAppsService: getActivityLaunchIntent callingPackage=com.android.systemui component=ComponentInfo{com.rlg.future.robot.transform.car.racing/com.unity3d.player.UnityPlayerActivity} user=UserHandle{0}
11-10 14:59:41.785  1965 22387 D Vibrator: waitForComplete: Vibrator is already off
11-10 14:59:41.785  1884  5666 D LauncherAppsService: getActivityLaunchIntent callingPackage=com.android.systemui component=ComponentInfo{com.sameday.client.mobile/com.sameday.client.mobile.MainActivity} user=UserHandle{0}
11-10 14:59:41.785  1884  4367 D LauncherAppsService: getActivityLaunchIntent callingPackage=com.android.systemui component=ComponentInfo{com.smmservice.authenticator/com.smmservice.authenticator.presentation.ui.activity.MainActivity} user=UserHandle{0}
11-10 14:59:41.785  1884  1912 I libbinder.BpBinder: onLastStrongRef automatically unlinking death recipients: 
11-10 14:59:41.786  1884  4367 D LauncherAppsService: getActivityLaunchIntent callingPackage=com.android.systemui component=ComponentInfo{com.soundcloud.android/com.soundcloud.android.launcher.LauncherActivity} user=UserHandle{0}
11-10 14:59:41.786  1884  5666 D LauncherAppsService: getActivityLaunchIntent callingPackage=com.android.systemui component=ComponentInfo{com.splendapps.decibel/com.splendapps.decibel.MainActivity} user=UserHandle{0}
11-10 14:59:41.787  1884  4373 D LauncherAppsService: getActivityLaunchIntent callingPackage=com.android.systemui component=ComponentInfo{com.starplay.spider.fighter.openworld/com.superlevel.fighting.GameActivity} user=UserHandle{0}
11-10 14:59:41.787  1884  5666 D LauncherAppsService: getActivityLaunchIntent callingPackage=com.android.systemui component=ComponentInfo{com.twitter.android/com.twitter.android.StartActivity} user=UserHandle{0}
11-10 14:59:41.787  1884  5666 D LauncherAppsService: getActivityLaunchIntent callingPackage=com.android.systemui component=ComponentInfo{com.upromania.superup/com.gcd.ro.solde.superup.ui.splash.SuperUpSplashActivity} user=UserHandle{0}
11-10 14:59:41.788  1431  2167 W USF     : USF_API: Drop flicker data, cannot find sampling_id:84682!
11-10 14:59:41.788  1884  4373 D LauncherAppsService: getActivityLaunchIntent callingPackage=com.android.systemui component=ComponentInfo{com.wallapop/com.wallapop.activities.HomeActivity} user=UserHandle{0}
11-10 14:59:41.788  1884  5666 D LauncherAppsService: getActivityLaunchIntent callingPackage=com.android.systemui component=ComponentInfo{com.waze/com.waze.FreeMapAppActivity} user=UserHandle{0}
11-10 14:59:41.789  1884  5666 D LauncherAppsService: getActivityLaunchIntent callingPackage=com.android.systemui component=ComponentInfo{com.whatsapp/com.whatsapp.Main} user=UserHandle{0}
11-10 14:59:41.789  1884  5666 D LauncherAppsService: getActivityLaunchIntent callingPackage=com.android.systemui component=ComponentInfo{com.zhiliaoapp.musically/com.ss.android.ugc.aweme.splash.SplashActivity} user=UserHandle{0}
11-10 14:59:41.790  1884  4367 D LauncherAppsService: getActivityLaunchIntent callingPackage=com.android.systemui component=ComponentInfo{de.mobile.android.app/de.mobile.android.app.splash.Splash} user=UserHandle{0}
11-10 14:59:41.791  1884  4367 D LauncherAppsService: getActivityLaunchIntent callingPackage=com.android.systemui component=ComponentInfo{epson.print/epson.print.WellcomeScreenActivity} user=UserHandle{0}
11-10 14:59:41.791  1884  4373 D LauncherAppsService: getActivityLaunchIntent callingPackage=com.android.systemui component=ComponentInfo{fr.vinted/com.vinted.feature.shell.MDActivity} user=UserHandle{0}
11-10 14:59:41.792  1884  4367 D LauncherAppsService: getActivityLaunchIntent callingPackage=com.android.systemui component=ComponentInfo{io.supercent.linkedcubic/com.unity3d.player.UnityPlayerActivity} user=UserHandle{0}
11-10 14:59:41.792  1884  4367 D LauncherAppsService: getActivityLaunchIntent callingPackage=com.android.systemui component=ComponentInfo{io.voodoo.holeio/com.google.firebase.MessagingUnityPlayerActivity} user=UserHandle{0}
11-10 14:59:41.793  1884  5666 D LauncherAppsService: getActivityLaunchIntent callingPackage=com.android.systemui component=ComponentInfo{io.voodoo.paper2/com.unity3d.player.UnityPlayerActivity} user=UserHandle{0}
11-10 14:59:41.793  1884  5666 D LauncherAppsService: getActivityLaunchIntent callingPackage=com.android.systemui component=ComponentInfo{nl.marktplaats.android/com.horizon.android.feature.feeds.homepage.SpringboardActivity} user=UserHandle{0}
11-10 14:59:41.794  1884  4367 D LauncherAppsService: getActivityLaunchIntent callingPackage=com.android.systemui component=ComponentInfo{org.chromium.webapk.a15bc299c036bd0c4_v2/org.chromium.webapk.shell_apk.h2o.H2OOpaqueMainActivity} user=UserHandle{0}
11-10 14:59:41.794  1884  4367 D LauncherAppsService: getActivityLaunchIntent callingPackage=com.android.systemui component=ComponentInfo{org.chromium.webapk.acf6f8d2b6ee0ba22_v2/org.chromium.webapk.shell_apk.h2o.H2OOpaqueMainActivity} user=UserHandle{0}
11-10 14:59:41.794  1884  4367 D LauncherAppsService: getActivityLaunchIntent callingPackage=com.android.systemui component=ComponentInfo{org.devcore.mixingstation/org.devcore.ms.android.MsAndroidLauncher} user=UserHandle{0}
11-10 14:59:41.795  1884  4367 D LauncherAppsService: getActivityLaunchIntent callingPackage=com.android.systemui component=ComponentInfo{org.intoorbit.spectrum/org.intoorbit.spectrum.SpectrumActivity} user=UserHandle{0}
11-10 14:59:41.795  1884  5666 D LauncherAppsService: getActivityLaunchIntent callingPackage=com.android.systemui component=ComponentInfo{org.localsend.localsend_app/org.localsend.localsend_app.MainActivity} user=UserHandle{0}
11-10 14:59:41.796  1884  4373 D LauncherAppsService: getActivityLaunchIntent callingPackage=com.android.systemui component=ComponentInfo{org.telegram.messenger/org.telegram.messenger.DefaultIcon} user=UserHandle{0}
11-10 14:59:41.796  1884  4373 D LauncherAppsService: getActivityLaunchIntent callingPackage=com.android.systemui component=ComponentInfo{org.videolan.vlc/org.videolan.vlc.StartActivity} user=UserHandle{0}
11-10 14:59:41.797  1884  5666 D LauncherAppsService: getActivityLaunchIntent callingPackage=com.android.systemui component=ComponentInfo{ro.mercador/pl.tablica2.app.startup.activity.StartupActivity} user=UserHandle{0}
11-10 14:59:41.797  1884  5666 D LauncherAppsService: getActivityLaunchIntent callingPackage=com.android.systemui component=ComponentInfo{ro.orange.tvlive/app.solocoo.tv.solocoo.login.splash.SplashActivity} user=UserHandle{0}
11-10 14:59:41.798  1431  2167 W USF     : USF_API: Drop flicker data, cannot find sampling_id:84682!
11-10 14:59:41.798  1884  4367 D LauncherAppsService: getActivityLaunchIntent callingPackage=com.android.systemui component=ComponentInfo{ro.raiffeisen.eToken/ro.raiffeisen.eToken.launcher.LauncherActivity} user=UserHandle{0}
11-10 14:59:41.798  1884  4373 D LauncherAppsService: getActivityLaunchIntent callingPackage=com.android.systemui component=ComponentInfo{ro.raiffeisen.smartmobile/ro.raiffeisen.smartmobile.presentation.main.LauncherActivity} user=UserHandle{0}
11-10 14:59:41.800  1884  2488 V AccessibilityUserState: updateShortcutTargets: type:accessibility_shortcut_target_service, current:{com.google.android.marvin.talkback/com.google.android.marvin.talkback.TalkBackService}, new:{com.google.android.marvin.talkback/com.google.android.marvin.talkback.TalkBackService}
11-10 14:59:41.800  1884  2488 V AccessibilityUserState: updateShortcutTargets: type:accessibility_qs_targets, current:{com.android.server.accessibility/ReduceBrightColors}, new:{com.android.server.accessibility/ReduceBrightColors}
11-10 14:59:41.800  1884  2488 V AccessibilityUserState: updateShortcutTargets: type:accessibility_button_targets, current:{}, new:{}
11-10 14:59:41.800  1884  2488 V AccessibilityUserState: updateShortcutTargets: type:accessibility_gesture_targets, current:{}, new:{}
11-10 14:59:41.800  1884  2488 V AccessibilityUserState: updateShortcutTargets: type:accessibility_key_gesture_targets, current:{}, new:{}
11-10 14:59:41.800  1884  2488 V AccessibilityManagerService: onUserStateChangedLocked for userId: 0, forceUpdate: false
11-10 14:59:41.800  2772  2853 D MediaDeviceManager: Can not get LocalBluetoothLeBroadcast
11-10 14:59:41.800  1884  2488 V AccessibilityUserState: updateShortcutTargets: type:accessibility_shortcut_target_service, current:{com.google.android.marvin.talkback/com.google.android.marvin.talkback.TalkBackService}, new:{com.google.android.marvin.talkback/com.google.android.marvin.talkback.TalkBackService}
11-10 14:59:41.800  1884  2488 V AccessibilityUserState: updateShortcutTargets: type:accessibility_button_targets, current:{}, new:{}
11-10 14:59:41.800  1884  2488 V AccessibilityUserState: updateShortcutTargets: type:accessibility_gesture_targets, current:{}, new:{}
11-10 14:59:41.801  1884  2488 V AccessibilityUserState: updateShortcutTargets: type:accessibility_qs_targets, current:{com.android.server.accessibility/ReduceBrightColors}, new:{com.android.server.accessibility/ReduceBrightColors}
11-10 14:59:41.801  1884  2488 V AccessibilityUserState: updateShortcutTargets: type:accessibility_key_gesture_targets, current:{}, new:{}
11-10 14:59:41.801  1884  2488 W MagnificationConnectionManager: requestConnection duplicated request: connect=false, mConnectionState=DISCONNECTED
11-10 14:59:41.802  1884  4367 W MediaSessionRecord: Ignoring call to destroyed session
11-10 14:59:41.803  1884  1915 W MediaSessionRecord: Ignoring call to destroyed session
11-10 14:59:41.805  2772  2853 W Looper  : Drained
11-10 14:59:41.806  1884  1915 W MediaSessionRecord: Ignoring call to destroyed session
11-10 14:59:41.809  1431  2167 W USF     : USF_API: Drop flicker data, cannot find sampling_id:84682!
11-10 14:59:41.812  1884  1912 I libbinder.BpBinder: onLastStrongRef automatically unlinking death recipients: 
11-10 14:59:41.815  2978  3589 D GRIL-S  : [25978]< UPDATE_DEVICE_STATE 
11-10 14:59:41.816  2978  2978 D GRIL-BluetoothSar: setBluetoothModeBasedTxPowerCap invoked with parameters: chain0Cap:[70, 68, 38, 64] chain1Cap:[68, 68, 34, 64] beamformingCap:[58, 58, 22, 50, 58, 58, 22, 50]
11-10 14:59:41.817  1430  1430 I bthal.aidl.sar: setBluetoothModeBasedTxPowerCapPlusHR: 0 Chain 0 Power Cap:<br=70, edr=68, ble=38, hr=64>, Chain 1 Power Cap:<br=68, edr=68, ble=34, hr=64>, Beamforming Power Cap Chain 0: <br=58, edr=58, ble=22, hr=50>, Chain 1:<br=58, edr=58, ble=22, hr=50>
11-10 14:59:41.818  1430  2253 I bthal.aidl.sar: OnEventReceive: (1) Recv Success VSE <[8]{14, 6, 1, 105, 254, 0, 8, 1}>
11-10 14:59:41.818  1430  2253 I bthal.flowcontrol: HciEventPreProcess: HCI Event 0xe Opcode 0xfe69 Length 8 handled by bthal.aidl.sar
11-10 14:59:41.819  1431  2167 W USF     : USF_API: Drop flicker data, cannot find sampling_id:84682!
11-10 14:59:41.825  7174  7218 I Finsky  : [1046] SCH: Scheduling phonesky job Id: 12-1, CT: 1762779581137, Constraints: [{ L: 15000, D: 86400000, C: CHARGING_NONE, I: IDLE_NONE, N: NET_ANY, B: BATTERY_ANY }]
11-10 14:59:41.829  1431  2167 W USF     : USF_API: Drop flicker data, cannot find sampling_id:84682!
11-10 14:59:41.829  1431  2167 W USF     : USF_API: Drop flicker data, cannot find sampling_id:84682!
11-10 14:59:41.830  1884  1913 W System  : A resource failed to call close. 
11-10 14:59:41.839  1431  2167 W USF     : USF_API: Drop flicker data, cannot find sampling_id:84682!
11-10 14:59:41.847  7174  7215 I Finsky  : [1043] AIM: AppInfoManager-Perf > getApps > data collection finished
11-10 14:59:41.849  1431  2167 W USF     : USF_API: Drop flicker data, cannot find sampling_id:84682!
11-10 14:59:41.849  7174  7215 I Finsky  : [1043] AIM: AppInfoManager-Perf > maybeDestroyAppInfoManager is called. actives = 1
11-10 14:59:41.854  1884  4367 V SafetySourceDataValidat: Package: com.android.vending has expected signature
11-10 14:59:41.854  1884  4367 V SafetySourceDataValidat: Package: com.android.vending has expected signature
11-10 14:59:41.859  1431  2167 W USF     : USF_API: Drop flicker data, cannot find sampling_id:84682!
11-10 14:59:41.867 12933 13026 D WellbeingModel: ....actionId: pause, packages: com.example.mobiledigger
11-10 14:59:41.867 12933 13026 I WellbeingModel: retrieveActions(): finished
11-10 14:59:41.868  1431  2167 W USF     : USF_API: Drop flicker data, cannot find sampling_id:84682!
11-10 14:59:41.878  1431  2167 W USF     : USF_API: Drop flicker data, cannot find sampling_id:84682!
11-10 14:59:41.888  1431  2167 W USF     : USF_API: Drop flicker data, cannot find sampling_id:84682!
11-10 14:59:41.898  1431  2167 W USF     : USF_API: Drop flicker data, cannot find sampling_id:84682!
11-10 14:59:41.908  1431  2167 W USF     : USF_API: Drop flicker data, cannot find sampling_id:84682!
11-10 14:59:41.918  1431  2167 W USF     : USF_API: Drop flicker data, cannot find sampling_id:84682!
11-10 14:59:41.928  1431  2167 W USF     : USF_API: Drop flicker data, cannot find sampling_id:84682!
11-10 14:59:41.937  1431  2167 W USF     : USF_API: Drop flicker data, cannot find sampling_id:84682!
11-10 14:59:41.947  1431  2167 W USF     : USF_API: Drop flicker data, cannot find sampling_id:84682!
11-10 14:59:41.957  1431  2167 W USF     : USF_API: Drop flicker data, cannot find sampling_id:84682!
11-10 14:59:41.967  1431  2167 W USF     : USF_API: Drop flicker data, cannot find sampling_id:84682!
11-10 14:59:41.977  1431  2167 W USF     : USF_API: Drop flicker data, cannot find sampling_id:84682!
11-10 14:59:41.979  1428  2117 D BTAudioSessionAidl: GetSupportedLatencyModes - Supported LatencyMode= FREE
11-10 14:59:41.987  1431  2167 W USF     : USF_API: Drop flicker data, cannot find sampling_id:84682!
11-10 14:59:41.997  1431  2167 W USF     : USF_API: Drop flicker data, cannot find sampling_id:84682!
11-10 14:59:42.006  1431  2167 W USF     : USF_API: Drop flicker data, cannot find sampling_id:84682!
11-10 14:59:42.011  1432  1491 D CHRE.HAL: Received a nanoapp message from 0x476f6f676c001019 endpoint 0x2: Type 0x1f4 size 12 
11-10 14:59:42.016  1431  2167 W USF     : USF_API: Drop flicker data, cannot find sampling_id:84682!
11-10 14:59:42.026  1431  2167 W USF     : USF_API: Drop flicker data, cannot find sampling_id:84682!
11-10 14:59:42.029  1432  1491 D CHRE.HAL: Received a nanoapp message from 0x476f6f676c001019 endpoint 0x2: Type 0x1f4 size 12 
11-10 14:59:42.036  1431  2167 W USF     : USF_API: Drop flicker data, cannot find sampling_id:84682!
11-10 14:59:42.037  1965 22390 D Vibrator: waitForComplete: Vibrator is already off
11-10 14:59:42.046  1431  2167 W USF     : USF_API: Drop flicker data, cannot find sampling_id:84682!
11-10 14:59:42.056  1431  2167 W USF     : USF_API: Drop flicker data, cannot find sampling_id:84682!
11-10 14:59:42.066  1431  2167 W USF     : USF_API: Drop flicker data, cannot find sampling_id:84682!
11-10 14:59:42.077  1431  2167 W USF     : USF_API: Drop flicker data, cannot find sampling_id:84682!
11-10 14:59:42.087  1431  2167 W USF     : USF_API: Drop flicker data, cannot find sampling_id:84682!
11-10 14:59:42.097  1431  2167 W USF     : USF_API: Drop flicker data, cannot find sampling_id:84682!
11-10 14:59:42.107  1431  2167 W USF     : USF_API: Drop flicker data, cannot find sampling_id:84682!
11-10 14:59:42.116  1431  2167 W USF     : USF_API: Drop flicker data, cannot find sampling_id:84682!
11-10 14:59:42.126  1431  2167 W USF     : USF_API: Drop flicker data, cannot find sampling_id:84682!
11-10 14:59:42.136  1431  2167 W USF     : USF_API: Drop flicker data, cannot find sampling_id:84682!
11-10 14:59:42.146  1431  2167 W USF     : USF_API: Drop flicker data, cannot find sampling_id:84682!
11-10 14:59:42.156  1431  2167 W USF     : USF_API: Drop flicker data, cannot find sampling_id:84682!
11-10 14:59:42.159  7174  7218 I Finsky  : [1046] SCH: Scheduling 1 system job(s)
11-10 14:59:42.165  1431  2167 W USF     : USF_API: Drop flicker data, cannot find sampling_id:84682!
11-10 14:59:42.167  7174  7218 I Finsky  : [1046] SCH: Scheduling system job Id: 9700, L: 13978, D: 66378751, C: false, I: false, N: 1
11-10 14:59:42.176  1431  2167 W USF     : USF_API: Drop flicker data, cannot find sampling_id:84682!
