11-10 15:48:53.136 14050 14050 I MediaPlayerList: onMediaKeyEventSessionChanged: packageName=com.example.mobiledigger
11-10 15:48:53.136 14050 14050 W MediaPlayerList: com.example.mobiledigger is already the active player
11-10 15:48:53.136  1884  1998 I libprocessgroup: Removed cgroup /sys/fs/cgroup/apps/uid_10658/pid_6065
11-10 15:48:53.139  1884  3682 W MediaSessionRecord: Ignoring call to destroyed session
11-10 15:48:53.141  1431  2167 W USF     : USF_API: Drop flicker data, cannot find sampling_id:84682!
11-10 15:48:53.147  2772  2772 D SsCardRecyclerViewAdapter: Updating Smartspace targets to targets for AOD
11-10 15:48:53.151 12933 12933 I NotificationListener: received notification removed event - com.example.mobiledigger#UserHandle{0},category=-1
11-10 15:48:53.151  1431  2167 W USF     : USF_API: Drop flicker data, cannot find sampling_id:84682!
11-10 15:48:53.156  4488  4488 I Dtdi    : (REDACTED) [MediaControllerFilter] packageName=%s resolved=%s
11-10 15:48:53.157  4488  4488 I Dtdi    : (REDACTED) [MediaControllerFilter] packageName=%s resolved=%s
11-10 15:48:53.159  1884  4399 V ActivityManager: Got obituary of 6065:com.example.mobiledigger:music
11-10 15:48:53.161  1431  2167 W USF     : USF_API: Drop flicker data, cannot find sampling_id:84682!
11-10 15:48:53.163 24892 24927 I AiAiEcho: (REDACTED) %s No tracked ambient data found for ID: %s; for event type: %d, skipping event processing.
11-10 15:48:53.163  1884  4372 W MediaSessionRecord: Ignoring call to destroyed session
11-10 15:48:53.188  1884  1884 W binder:1884_1E: type=1400 audit(0.0:207370): avc:  denied  { getopt } for  scontext=u:r:system_server:s0 tcontext=u:r:shell:s0 tclass=unix_stream_socket permissive=0
11-10 15:48:53.188  1884  1884 W binder:1884_1E: type=1400 audit(0.0:207371): avc:  denied  { getopt } for  scontext=u:r:system_server:s0 tcontext=u:r:shell:s0 tclass=unix_stream_socket permissive=0
11-10 15:48:53.188  1884  1884 W binder:1884_1E: type=1400 audit(0.0:207372): avc:  denied  { getopt } for  scontext=u:r:system_server:s0 tcontext=u:r:shell:s0 tclass=unix_stream_socket permissive=0
11-10 15:48:53.164  1428  2117 D BTAudioSessionAidl: GetSupportedLatencyModes - Supported LatencyMode= FREE
11-10 15:48:53.165  1884  2492 W PackageConfigPersister: App-specific configuration not found for packageName: com.example.mobiledigger and userId: 0
11-10 15:48:53.166 25895 25895 D ActivityThread: Package [com.example.mobiledigger] reported as REPLACED, but missing application info. Assuming REMOVED.
11-10 15:48:53.166  4488  4488 D ActivityThread: Package [com.example.mobiledigger] reported as REPLACED, but missing application info. Assuming REMOVED.
11-10 15:48:53.167  3779  3779 D ActivityThread: Package [com.example.mobiledigger] reported as REPLACED, but missing application info. Assuming REMOVED.
11-10 15:48:53.168 15799 15799 D ActivityThread: Package [com.example.mobiledigger] reported as REPLACED, but missing application info. Assuming REMOVED.
11-10 15:48:53.169 31472 31472 D ActivityThread: Package [com.example.mobiledigger] reported as REPLACED, but missing application info. Assuming REMOVED.
11-10 15:48:53.169  3385  3385 D ActivityThread: Package [com.example.mobiledigger] reported as REPLACED, but missing application info. Assuming REMOVED.
11-10 15:48:53.169 22915 22915 D ActivityThread: Package [com.example.mobiledigger] reported as REPLACED, but missing application info. Assuming REMOVED.
11-10 15:48:53.170  3189  3189 D ActivityThread: Package [com.example.mobiledigger] reported as REPLACED, but missing application info. Assuming REMOVED.
11-10 15:48:53.170  4321  4321 D ActivityThread: Package [com.example.mobiledigger] reported as REPLACED, but missing application info. Assuming REMOVED.
11-10 15:48:53.171 31972 31972 D ActivityThread: Package [com.example.mobiledigger] reported as REPLACED, but missing application info. Assuming REMOVED.
11-10 15:48:53.170  7852  7852 D ActivityThread: Package [com.example.mobiledigger] reported as REPLACED, but missing application info. Assuming REMOVED.
11-10 15:48:53.171  7491  7491 D ActivityThread: Package [com.example.mobiledigger] reported as REPLACED, but missing application info. Assuming REMOVED.
11-10 15:48:53.171  1431  2167 W USF     : USF_API: Drop flicker data, cannot find sampling_id:84682!
11-10 15:48:53.172 12451 12451 D ActivityThread: Package [com.example.mobiledigger] reported as REPLACED, but missing application info. Assuming REMOVED.
11-10 15:48:53.173  3141  3141 D ActivityThread: Package [com.example.mobiledigger] reported as REPLACED, but missing application info. Assuming REMOVED.
11-10 15:48:53.173  3114  3114 D ActivityThread: Package [com.example.mobiledigger] reported as REPLACED, but missing application info. Assuming REMOVED.
11-10 15:48:53.174  3056  3056 D ActivityThread: Package [com.example.mobiledigger] reported as REPLACED, but missing application info. Assuming REMOVED.
11-10 15:48:53.174  3038  3038 D ActivityThread: Package [com.example.mobiledigger] reported as REPLACED, but missing application info. Assuming REMOVED.
11-10 15:48:53.175  3002  3002 D ActivityThread: Package [com.example.mobiledigger] reported as REPLACED, but missing application info. Assuming REMOVED.
11-10 15:48:53.175  3020  3020 D ActivityThread: Package [com.example.mobiledigger] reported as REPLACED, but missing application info. Assuming REMOVED.
11-10 15:48:53.176  2994  2994 D ActivityThread: Package [com.example.mobiledigger] reported as REPLACED, but missing application info. Assuming REMOVED.
11-10 15:48:53.176  2981  2981 D ActivityThread: Package [com.example.mobiledigger] reported as REPLACED, but missing application info. Assuming REMOVED.
11-10 15:48:53.176  4276  4276 D ActivityThread: Package [com.example.mobiledigger] reported as REPLACED, but missing application info. Assuming REMOVED.
11-10 15:48:53.177  2976  2976 D ActivityThread: Package [com.example.mobiledigger] reported as REPLACED, but missing application info. Assuming REMOVED.
11-10 15:48:53.177  4366  4366 D ActivityThread: Package [com.example.mobiledigger] reported as REPLACED, but missing application info. Assuming REMOVED.
11-10 15:48:53.177  4346  4346 D ActivityThread: Package [com.example.mobiledigger] reported as REPLACED, but missing application info. Assuming REMOVED.
11-10 15:48:53.177  2978  2978 D ActivityThread: Package [com.example.mobiledigger] reported as REPLACED, but missing application info. Assuming REMOVED.
11-10 15:48:53.177  3107  3107 D ActivityThread: Package [com.example.mobiledigger] reported as REPLACED, but missing application info. Assuming REMOVED.
11-10 15:48:53.177  9946  9946 D ActivityThread: Package [com.example.mobiledigger] reported as REPLACED, but missing application info. Assuming REMOVED.
11-10 15:48:53.178  3130  3130 D ActivityThread: Package [com.example.mobiledigger] reported as REPLACED, but missing application info. Assuming REMOVED.
11-10 15:48:53.178  2919  2919 D ActivityThread: Package [com.example.mobiledigger] reported as REPLACED, but missing application info. Assuming REMOVED.
11-10 15:48:53.178  3160  3160 D ActivityThread: Package [com.example.mobiledigger] reported as REPLACED, but missing application info. Assuming REMOVED.
11-10 15:48:53.179  2951  2951 D ActivityThread: Package [com.example.mobiledigger] reported as REPLACED, but missing application info. Assuming REMOVED.
11-10 15:48:53.174  3069  3069 D ActivityThread: Package [com.example.mobiledigger] reported as REPLACED, but missing application info. Assuming REMOVED.
11-10 15:48:53.179  1884  1884 D ActivityThread: Package [com.example.mobiledigger] reported as REPLACED, but missing application info. Assuming REMOVED.
11-10 15:48:53.179  3639  3639 D ActivityThread: Package [com.example.mobiledigger] reported as REPLACED, but missing application info. Assuming REMOVED.
11-10 15:48:53.180  5116  5116 D ActivityThread: Package [com.example.mobiledigger] reported as REPLACED, but missing application info. Assuming REMOVED.
11-10 15:48:53.180 11624 11624 D ActivityThread: Package [com.example.mobiledigger] reported as REPLACED, but missing application info. Assuming REMOVED.
11-10 15:48:53.180  3473  3473 D ActivityThread: Package [com.example.mobiledigger] reported as REPLACED, but missing application info. Assuming REMOVED.
11-10 15:48:53.181 10605 10605 D ActivityThread: Package [com.example.mobiledigger] reported as REPLACED, but missing application info. Assuming REMOVED.
11-10 15:48:53.181  4263  4263 D ActivityThread: Package [com.example.mobiledigger] reported as REPLACED, but missing application info. Assuming REMOVED.
11-10 15:48:53.181  1431  2167 W USF     : USF_API: Drop flicker data, cannot find sampling_id:84682!
11-10 15:48:53.182  1884  1956 W AccessibilityWindowsPopulator: The displayInfo of this displayId (0) called back from the surface fligner is null
11-10 15:48:53.182  5882  5882 D ActivityThread: Package [com.example.mobiledigger] reported as REPLACED, but missing application info. Assuming REMOVED.
11-10 15:48:53.182 25895 25895 D ActivityThread: Package [com.example.mobiledigger] reported as REPLACED, but missing application info. Assuming REMOVED.
11-10 15:48:53.182  9994  9994 D ActivityThread: Package [com.example.mobiledigger] reported as REPLACED, but missing application info. Assuming REMOVED.
11-10 15:48:53.182  9946  9946 D ActivityThread: Package [com.example.mobiledigger] reported as REPLACED, but missing application info. Assuming REMOVED.
11-10 15:48:53.183  9251  9251 D ActivityThread: Package [com.example.mobiledigger] reported as REPLACED, but missing application info. Assuming REMOVED.
11-10 15:48:53.183  4488  4488 D ActivityThread: Package [com.example.mobiledigger] reported as REPLACED, but missing application info. Assuming REMOVED.
11-10 15:48:53.183 15799 15799 D ActivityThread: Package [com.example.mobiledigger] reported as REPLACED, but missing application info. Assuming REMOVED.
11-10 15:48:53.184 11624 11624 D ActivityThread: Package [com.example.mobiledigger] reported as REPLACED, but missing application info. Assuming REMOVED.
11-10 15:48:53.184  4276  4276 D ActivityThread: Package [com.example.mobiledigger] reported as REPLACED, but missing application info. Assuming REMOVED.
11-10 15:48:53.184 13160 13160 D ActivityThread: Package [com.example.mobiledigger] reported as REPLACED, but missing application info. Assuming REMOVED.
11-10 15:48:53.185  5116  5116 D ActivityThread: Package [com.example.mobiledigger] reported as REPLACED, but missing application info. Assuming REMOVED.
11-10 15:48:53.185 22915 22915 D ActivityThread: Package [com.example.mobiledigger] reported as REPLACED, but missing application info. Assuming REMOVED.
11-10 15:48:53.185  4321  4321 D ActivityThread: Package [com.example.mobiledigger] reported as REPLACED, but missing application info. Assuming REMOVED.
11-10 15:48:53.186  7852  7852 D ActivityThread: Package [com.example.mobiledigger] reported as REPLACED, but missing application info. Assuming REMOVED.
11-10 15:48:53.186 29449 29449 D ActivityThread: Package [com.example.mobiledigger] reported as REPLACED, but missing application info. Assuming REMOVED.
11-10 15:48:53.186  3473  3473 D ActivityThread: Package [com.example.mobiledigger] reported as REPLACED, but missing application info. Assuming REMOVED.
11-10 15:48:53.186  4366  4366 D ActivityThread: Package [com.example.mobiledigger] reported as REPLACED, but missing application info. Assuming REMOVED.
11-10 15:48:53.186 12451 12451 D ActivityThread: Package [com.example.mobiledigger] reported as REPLACED, but missing application info. Assuming REMOVED.
11-10 15:48:53.187 31472 31472 D ActivityThread: Package [com.example.mobiledigger] reported as REPLACED, but missing application info. Assuming REMOVED.
11-10 15:48:53.187  9355  9355 D ActivityThread: Package [com.example.mobiledigger] reported as REPLACED, but missing application info. Assuming REMOVED.
11-10 15:48:53.187 18730 18730 D ActivityThread: Package [com.example.mobiledigger] reported as REPLACED, but missing application info. Assuming REMOVED.
11-10 15:48:53.187  3056  3056 D ActivityThread: Package [com.example.mobiledigger] reported as REPLACED, but missing application info. Assuming REMOVED.
11-10 15:48:53.187  3002  3002 D ActivityThread: Package [com.example.mobiledigger] reported as REPLACED, but missing application info. Assuming REMOVED.
11-10 15:48:53.188  5979  5979 D ActivityThread: Package [com.example.mobiledigger] reported as REPLACED, but missing application info. Assuming REMOVED.
11-10 15:48:53.188 10405 10405 D ActivityThread: Package [com.example.mobiledigger] reported as REPLACED, but missing application info. Assuming REMOVED.
11-10 15:48:53.188  3130  3130 D ActivityThread: Package [com.example.mobiledigger] reported as REPLACED, but missing application info. Assuming REMOVED.
11-10 15:48:53.188  3779  3779 D ActivityThread: Package [com.example.mobiledigger] reported as REPLACED, but missing application info. Assuming REMOVED.
11-10 15:48:53.188  3020  3020 D ActivityThread: Package [com.example.mobiledigger] reported as REPLACED, but missing application info. Assuming REMOVED.
11-10 15:48:53.188  2951  2951 D ActivityThread: Package [com.example.mobiledigger] reported as REPLACED, but missing application info. Assuming REMOVED.
11-10 15:48:53.188  3385  3385 D ActivityThread: Package [com.example.mobiledigger] reported as REPLACED, but missing application info. Assuming REMOVED.
11-10 15:48:53.188  2919  2919 D ActivityThread: Package [com.example.mobiledigger] reported as REPLACED, but missing application info. Assuming REMOVED.
11-10 15:48:53.188  3189  3189 D ActivityThread: Package [com.example.mobiledigger] reported as REPLACED, but missing application info. Assuming REMOVED.
11-10 15:48:53.188 10605 10605 D ActivityThread: Package [com.example.mobiledigger] reported as REPLACED, but missing application info. Assuming REMOVED.
11-10 15:48:53.189  2978  2978 D ActivityThread: Package [com.example.mobiledigger] reported as REPLACED, but missing application info. Assuming REMOVED.
11-10 15:48:53.189  5979  5979 D ActivityThread: Package [com.example.mobiledigger] reported as REPLACED, but missing application info. Assuming REMOVED.
11-10 15:48:53.189 13160 13160 D ActivityThread: Package [com.example.mobiledigger] reported as REPLACED, but missing application info. Assuming REMOVED.
11-10 15:48:53.189 22899 22899 D ActivityThread: Package [com.example.mobiledigger] reported as REPLACED, but missing application info. Assuming REMOVED.
11-10 15:48:53.189  3114  3114 D ActivityThread: Package [com.example.mobiledigger] reported as REPLACED, but missing application info. Assuming REMOVED.
11-10 15:48:53.189  9355  9355 D ActivityThread: Package [com.example.mobiledigger] reported as REPLACED, but missing application info. Assuming REMOVED.
11-10 15:48:53.189  1884  2086 D PackageInstallerSession: Marking session 1092082537 as applied
11-10 15:48:53.190 31972 31972 D ActivityThread: Package [com.example.mobiledigger] reported as REPLACED, but missing application info. Assuming REMOVED.
11-10 15:48:53.190 30907 30907 D ActivityThread: Package [com.example.mobiledigger] reported as REPLACED, but missing application info. Assuming REMOVED.
11-10 15:48:53.190  3639  3639 D ActivityThread: Package [com.example.mobiledigger] reported as REPLACED, but missing application info. Assuming REMOVED.
11-10 15:48:53.191 10405 10405 D ActivityThread: Package [com.example.mobiledigger] reported as REPLACED, but missing application info. Assuming REMOVED.
11-10 15:48:53.191  3160  3160 D ActivityThread: Package [com.example.mobiledigger] reported as REPLACED, but missing application info. Assuming REMOVED.
11-10 15:48:53.191  1884  1884 D ActivityThread: Package [com.example.mobiledigger] reported as REPLACED, but missing application info. Assuming REMOVED.
11-10 15:48:53.191  1431  2167 W USF     : USF_API: Drop flicker data, cannot find sampling_id:84682!
11-10 15:48:53.191  2976  2976 D ActivityThread: Package [com.example.mobiledigger] reported as REPLACED, but missing application info. Assuming REMOVED.
11-10 15:48:53.191 30263 30263 D ActivityThread: Package [com.example.mobiledigger] reported as REPLACED, but missing application info. Assuming REMOVED.
11-10 15:48:53.191 24892 24927 I AiAiEcho: (REDACTED) Predicting[%d]: %s
11-10 15:48:53.191  3141  3141 D ActivityThread: Package [com.example.mobiledigger] reported as REPLACED, but missing application info. Assuming REMOVED.
11-10 15:48:53.191  2772  2772 D ActivityThread: Package [com.example.mobiledigger] reported as REPLACED, but missing application info. Assuming REMOVED.
11-10 15:48:53.192  2981  2981 D ActivityThread: Package [com.example.mobiledigger] reported as REPLACED, but missing application info. Assuming REMOVED.
11-10 15:48:53.192  3038  3038 D ActivityThread: Package [com.example.mobiledigger] reported as REPLACED, but missing application info. Assuming REMOVED.
11-10 15:48:53.192  2772  2772 D ActivityThread: Package [com.example.mobiledigger] reported as REPLACED, but missing application info. Assuming REMOVED.
11-10 15:48:53.192  3069  3069 D ActivityThread: Package [com.example.mobiledigger] reported as REPLACED, but missing application info. Assuming REMOVED.
11-10 15:48:53.192 30907 30907 D ActivityThread: Package [com.example.mobiledigger] reported as REPLACED, but missing application info. Assuming REMOVED.
11-10 15:48:53.192 24892 24927 I AiAiEcho: (REDACTED) EchoTargets: %s
11-10 15:48:53.192 24892 24927 I AiAiEcho: Filtered by AiAi flag check: %s
11-10 15:48:53.193  3107  3107 D ActivityThread: Package [com.example.mobiledigger] reported as REPLACED, but missing application info. Assuming REMOVED.
11-10 15:48:53.193  1884  2437 D InstallDependencyHelper: Session complete for 1092082537
11-10 15:48:53.194  4263  4263 D ActivityThread: Package [com.example.mobiledigger] reported as REPLACED, but missing application info. Assuming REMOVED.
11-10 15:48:53.194  9994  9994 D ActivityThread: Package [com.example.mobiledigger] reported as REPLACED, but missing application info. Assuming REMOVED.
11-10 15:48:53.195  5882  5882 D ActivityThread: Package [com.example.mobiledigger] reported as REPLACED, but missing application info. Assuming REMOVED.
11-10 15:48:53.195 18730 18730 D ActivityThread: Package [com.example.mobiledigger] reported as REPLACED, but missing application info. Assuming REMOVED.
11-10 15:48:53.195  7491  7491 D ActivityThread: Package [com.example.mobiledigger] reported as REPLACED, but missing application info. Assuming REMOVED.
11-10 15:48:53.195 30263 30263 D ActivityThread: Package [com.example.mobiledigger] reported as REPLACED, but missing application info. Assuming REMOVED.
11-10 15:48:53.196  9251  9251 D ActivityThread: Package [com.example.mobiledigger] reported as REPLACED, but missing application info. Assuming REMOVED.
11-10 15:48:53.196 29449 29449 D ActivityThread: Package [com.example.mobiledigger] reported as REPLACED, but missing application info. Assuming REMOVED.
11-10 15:48:53.197  2994  2994 D ActivityThread: Package [com.example.mobiledigger] reported as REPLACED, but missing application info. Assuming REMOVED.
11-10 15:48:53.197 12933 12933 D ActivityThread: Package [com.example.mobiledigger] reported as REPLACED, but missing application info. Assuming REMOVED.
11-10 15:48:53.197 22899 22899 D ActivityThread: Package [com.example.mobiledigger] reported as REPLACED, but missing application info. Assuming REMOVED.
11-10 15:48:53.197 12933 12933 D ActivityThread: Package [com.example.mobiledigger] reported as REPLACED, but missing application info. Assuming REMOVED.
11-10 15:48:53.198  4346  4346 D ActivityThread: Package [com.example.mobiledigger] reported as REPLACED, but missing application info. Assuming REMOVED.
11-10 15:48:53.200 24892 24892 D ActivityThread: Package [com.example.mobiledigger] reported as REPLACED, but missing application info. Assuming REMOVED.
11-10 15:48:53.201  1431  2167 W USF     : USF_API: Drop flicker data, cannot find sampling_id:84682!
11-10 15:48:53.201 24892 24892 D ActivityThread: Package [com.example.mobiledigger] reported as REPLACED, but missing application info. Assuming REMOVED.
11-10 15:48:53.201 24892 24927 I AiAiEcho: (REDACTED) #weatherSubItemsTwiddler: Weather removes SubtitleSupplementalItem in surface: %s
11-10 15:48:53.202 24892 24927 I AiAiEcho: #remoteViewsTwiddler: feature disabled.
11-10 15:48:53.206  1884  4379 W MediaSessionRecord: Ignoring call to destroyed session
11-10 15:48:53.206  1884  2729 D ShortcutService: received package broadcast intent: Intent { act=android.intent.action.PACKAGE_REMOVED dat=package: flg=0x4000010 (has extras) }
11-10 15:48:53.206  1884  5488 E AppOps  : attributionTag  not declared in manifest of com.example.mobiledigger
11-10 15:48:53.207  1884  5488 E AppOps  : Operation not started: uid=10658 pkg=com.example.mobiledigger(null) op=CONTROL_AUDIO_PARTIAL
11-10 15:48:53.209  1884  2819 E AppOps  : attributionTag  not declared in manifest of com.example.mobiledigger
11-10 15:48:53.209  1884  2819 E AppOps  : Operation not started: uid=10658 pkg=com.example.mobiledigger(null) op=CONTROL_AUDIO
11-10 15:48:53.209  1884  5488 W MediaSessionRecord: Ignoring call to destroyed session
11-10 15:48:53.210  2772  2772 D NotificationMediaManager: Not dismissing 0|com.example.mobiledigger|3|null|10658 because it was removed by the system
11-10 15:48:53.210  1431  2167 W USF     : USF_API: Drop flicker data, cannot find sampling_id:84682!
11-10 15:48:53.212 14050 14050 W MediaPlayerWrapper: The session was destroyed com.example.mobiledigger
11-10 15:48:53.214 12933 12955 D PackageUpdatedTask: Package updated: mOp=UPDATE packages=[com.example.mobiledigger], user=UserHandle{0}
11-10 15:48:53.214  3130  3449 I SatelliteAppTracker: onPackageUpdateFinished : com.example.mobiledigger
11-10 15:48:53.214  3130  3449 I SatelliteAppTracker: onPackageModified : com.example.mobiledigger
11-10 15:48:53.215  3130  3339 D EuiccConnector: handleMessage: E msg.what=1
11-10 15:48:53.215  3130  3339 D EuiccConnector: processMsg: AvailableState
11-10 15:48:53.215  3130  3339 D EuiccConnector: processMsg: UnavailableState
11-10 15:48:53.217  2951  2951 D ServerContainer: uid 10658 is not cached.
11-10 15:48:53.217  2951  2951 D ServerContainer: uid 10658 is not cached.
11-10 15:48:53.218  1884  2736 I SdkSandboxManager: No SDKs used. Skipping SDK data reconcilation for CallingInfo{mUid=10658, mPackageName='com.example.mobiledigger, mAppProcessToken='null'}
11-10 15:48:53.219  1884  2736 I SdkSandboxManager: No SDKs used. Skipping SDK data reconcilation for CallingInfo{mUid=10658, mPackageName='com.example.mobiledigger, mAppProcessToken='null'}
11-10 15:48:53.221  1431  2167 W USF     : USF_API: Drop flicker data, cannot find sampling_id:84682!
11-10 15:48:53.221 29449 29449 I Finsky  : [2] agiw - Received: android.intent.action.PACKAGE_REMOVED, [F8SdPmz-nDnkHAASXyGhRL_JSafYynzTZ1KyLvYja6g]
11-10 15:48:53.221  1884  2437 E AtomicFile: Failed to rename /data/system/install_sessions.xml.new to /data/system/install_sessions.xml
11-10 15:48:53.221  1884  1994 D ActivityManager: sync unfroze 12090 com.google.android.permissioncontroller for 3
11-10 15:48:53.222  1884  2729 D ShortcutService: received package broadcast intent: Intent { act=android.intent.action.PACKAGE_ADDED dat=package: flg=0x4000010 (has extras) }
11-10 15:48:53.222  1884  2729 D ShortcutService: replacing package: com.example.mobiledigger userId=0
11-10 15:48:53.222 24892  6691 I AiAiEcho: (REDACTED) AppIndexer Package:[%s] UserProfile:[%d] Enabled:[%s].
11-10 15:48:53.222 24892  6691 I AiAiEcho: (REDACTED) AppFetcherImplV2 updateApps package:[%s], userId:[%d], reason:[%s].
11-10 15:48:53.222  1884  2686 E AppOps  : attributionTag VCN not declared in manifest of android
11-10 15:48:53.223  3130  3339 D EuiccConnector: transitionTo: destState=AvailableState
11-10 15:48:53.224  1884  5665 W MediaSessionRecord: Ignoring call to destroyed session
11-10 15:48:53.225  2772  2772 D ControlsListingControllerImpl: ServiceConfig reloaded, count: 1
11-10 15:48:53.225 14050 14050 W MediaControlGattService: Feature MEDIA_STATE support: true
11-10 15:48:53.225 14050 14050 I BluetoothAdapterProperties: getBondedDevices: length=11
11-10 15:48:53.225 14050 14050 W MediaControlGattService: Feature PLAYER_NAME support: true
11-10 15:48:53.226 14050 14050 W MediaControlGattService: Feature PLAYER_ICON_URL support: false
11-10 15:48:53.226 14050 14050 W MediaControlGattService: Feature PLAYER_ICON_OBJ_ID support: false
11-10 15:48:53.226 14050 14050 W MediaControlGattService: Feature CURRENT_TRACK_SEGMENT_OBJ_ID support: false
11-10 15:48:53.226 14050 14050 W MediaControlGattService: Feature CURRENT_TRACK_OBJ_ID support: false
11-10 15:48:53.226 14050 14050 W MediaControlGattService: Feature NEXT_TRACK_OBJ_ID support: false
11-10 15:48:53.226 14050 14050 W MediaControlGattService: Feature CURRENT_GROUP_OBJ_ID support: false
11-10 15:48:53.226 14050 14050 W MediaControlGattService: Feature PARENT_GROUP_OBJ_ID support: false
11-10 15:48:53.226 14050 14050 W MediaControlGattService: Feature SEARCH_RESULT_OBJ_ID support: false
11-10 15:48:53.226 14050 14050 W MediaControlGattService: Feature TRACK_TITLE support: true
11-10 15:48:53.226 14050 14050 W MediaControlGattService: Feature TRACK_DURATION support: true
11-10 15:48:53.226 14050 14050 W MediaControlGattService: Feature TRACK_POSITION support: true
11-10 15:48:53.226 14050 14050 W MediaControlGattService: Feature TRACK_POSITION_NOTIFY support: true
11-10 15:48:53.226 14050 14050 W MediaControlGattService: Feature MEDIA_STATE support: true
11-10 15:48:53.226 14050 14050 W MediaControlGattService: Feature MEDIA_STATE support: true
11-10 15:48:53.226 14050 14050 W MediaControlGattService: Feature PLAYBACK_SPEED support: true
11-10 15:48:53.226 14050 14050 W MediaControlGattService: Feature PLAYBACK_SPEED support: true
11-10 15:48:53.226 14050 14050 W MediaControlGattService: Feature PLAYBACK_SPEED support: true
11-10 15:48:53.226 14050 14050 W MediaControlGattService: Feature SEEKING_SPEED support: true
11-10 15:48:53.226 14050 14050 W MediaControlGattService: Feature SEEKING_SPEED support: true
11-10 15:48:53.226 14050 14050 W MediaControlGattService: Feature SEEKING_SPEED support: true
11-10 15:48:53.226 14050 14050 W MediaControlGattService: Feature PLAYING_ORDER_SUPPORTED support: true
11-10 15:48:53.226 14050 14050 W MediaControlGattService: Feature PLAYING_ORDER support: true
11-10 15:48:53.226 14050 14050 W MediaControlGattService: Feature MEDIA_CONTROL_POINT_OPCODES_SUPPORTED support: true
11-10 15:48:53.226 14050 14050 W MediaControlGattService: Feature TRACK_POSITION support: true
11-10 15:48:53.226 14050 14050 W MediaControlGattService: Feature TRACK_POSITION_NOTIFY support: true
11-10 15:48:53.226 14050 14050 W MediaControlGattService: Feature MEDIA_STATE support: true
11-10 15:48:53.226 14050 14050 W MediaControlGattService: Feature MEDIA_STATE support: true
11-10 15:48:53.226  2772  2772 D ControlsListingControllerImpl: ServiceConfig reloaded, count: 1
11-10 15:48:53.226 14050 14050 I BluetoothAdapterProperties: getBondedDevices: length=11
11-10 15:48:53.226 14050 14050 W MediaControlGattService: Feature TRACK_TITLE support: true
11-10 15:48:53.226 14050 14050 W MediaControlGattService: Feature TRACK_TITLE support: true
11-10 15:48:53.226 14050 14050 W MediaControlGattService: Feature TRACK_TITLE_NOTIFY support: true
11-10 15:48:53.227 31972 31972 I Finsky:background: [2] agim - Received: android.intent.action.PACKAGE_REMOVED, [F8SdPmz-nDnkHAASXyGhRL_JSafYynzTZ1KyLvYja6g]
11-10 15:48:53.227 14050 14050 I BluetoothAdapterProperties: getBondedDevices: length=11
11-10 15:48:53.227 14050 14050 W MediaControlGattService: Feature TRACK_DURATION support: true
11-10 15:48:53.227 14050 14050 W MediaControlGattService: Feature TRACK_DURATION support: true
11-10 15:48:53.227 14050 14050 W MediaControlGattService: Feature TRACK_DURATION_NOTIFY support: true
11-10 15:48:53.227  2772  2772 D ControlsListingControllerImpl: ServiceConfig reloaded, count: 1
11-10 15:48:53.228 14050 14050 I BluetoothAdapterProperties: getBondedDevices: length=11
11-10 15:48:53.228 14050 14050 W MediaControlGattService: Feature MEDIA_STATE support: true
11-10 15:48:53.228 14050 14050 W MediaControlGattService: Feature MEDIA_STATE support: true
11-10 15:48:53.228 14050 14050 I BluetoothAdapterProperties: getBondedDevices: length=11
11-10 15:48:53.229 14050 14050 W MediaControlGattService: Feature TRACK_CHANGED support: true
11-10 15:48:53.229 14050 14050 I BluetoothAdapterProperties: getBondedDevices: length=11
11-10 15:48:53.229  1431  2167 W USF     : USF_API: Drop sample report, cannot find sampling_id:84682
11-10 15:48:53.229 14050 14050 W MediaPlayerWrapper: The session was destroyed com.example.mobiledigger
11-10 15:48:53.229  1884  2819 W MediaSessionRecord: Ignoring call to destroyed session
11-10 15:48:53.230  1431  2167 W USF     : USF_API: Drop flicker data, cannot find sampling_id:84682!
11-10 15:48:53.231 12090 12090 D ActivityThread: Package [com.example.mobiledigger] reported as REPLACED, but missing application info. Assuming REMOVED.
11-10 15:48:53.233  1884  1884 D ActivityManager: sync unfroze 23979 com.android.settings for 10
11-10 15:48:53.233 24892 24927 I AiAiEcho: (REDACTED) #postPredictionTargets: Sending updates to UISurface %s with targets# %s (types=[%s])
11-10 15:48:53.233  1884  1884 D ActivityManager: sync unfroze 21319 com.android.keychain for 10
11-10 15:48:53.234  1884  1884 D ActivityManager: sync unfroze 19851 com.android.DeviceAsWebcam for 10
11-10 15:48:53.235 14050 14050 I bluetooth: system/btif/avrcp/avrcp_service.cc:532 SendMediaUpdate: track_changed=true :  play_state=true :  queue=true
11-10 15:48:53.235 14050 14071 W avrcp   : system/profile/avrcp/device.cc:1650 HandleNowPlayingUpdate: Device is not registered for now playing updates
11-10 15:48:53.235 14050 14071 W avrcp   : system/profile/avrcp/device.cc:1742 HandlePlayPosUpdate: Device is not registered for play position updates
11-10 15:48:53.235 14050 14071 W avrcp   : system/profile/avrcp/device.cc:1625 HandleTrackUpdate: Device is not registered for track changed updates
11-10 15:48:53.237 21319 21319 D ActivityThread: Package [com.example.mobiledigger] reported as REPLACED, but missing application info. Assuming REMOVED.
11-10 15:48:53.238 19851 19851 D ActivityThread: Package [com.example.mobiledigger] reported as REPLACED, but missing application info. Assuming REMOVED.
11-10 15:48:53.238  2772  2772 I WeatherSmartspaceView: setFormattedContentDescription: text=13C, iconDescription=Cloudy, contentDescription=Cloudy, 13C
11-10 15:48:53.239  2772  2772 I WeatherSmartspaceView: setFormattedContentDescription: text=13C, iconDescription=Cloudy, contentDescription=Cloudy, 13C
11-10 15:48:53.239 21319 21319 D ActivityThread: Package [com.example.mobiledigger] reported as REPLACED, but missing application info. Assuming REMOVED.
11-10 15:48:53.239  2772  2772 I WeatherData: Weather data parsed CLOUDY ("Cloudy") 13C from Bundle[{description=Cloudy, feedback_intent=null, explanation_intent=Supplier{VAL_PARCELABLE@140+1744}, is_gaia_linked_data=true, use_celsius=true, state=9, temperature=13}]
11-10 15:48:53.239  2772  2772 W SsPagerDots: Total number of pages invalid: 0. Assuming 1 page.
11-10 15:48:53.240  1884  2730 D BackgroundInstallControlService: Package event received: 0
11-10 15:48:53.240 19851 19851 D ActivityThread: Package [com.example.mobiledigger] reported as REPLACED, but missing application info. Assuming REMOVED.
11-10 15:48:53.240 12090 12090 D ActivityThread: Package [com.example.mobiledigger] reported as REPLACED, but missing application info. Assuming REMOVED.
11-10 15:48:53.240  1431  2167 W USF     : USF_API: Drop flicker data, cannot find sampling_id:84682!
11-10 15:48:53.241 23979 23979 D ActivityThread: Package [com.example.mobiledigger] reported as REPLACED, but missing application info. Assuming REMOVED.
11-10 15:48:53.242 23979 23979 D ActivityThread: Package [com.example.mobiledigger] reported as REPLACED, but missing application info. Assuming REMOVED.
11-10 15:48:53.243  1884  1884 I Telecom : CarModeTracker: Package com.example.mobiledigger is not tracked.: SSH.oR@1gs
11-10 15:48:53.243  1884  1884 I Telecom : InCallController: updateCarModeForConnections: car mode apps: : SSH.oR@1gs
11-10 15:48:53.243  1884  1884 I Telecom : InCallController: update carmode current:UserHandle{0} parent:null: SSH.oR@1gs
11-10 15:48:53.243 12090 12090 I SafetyLabelChangedBroadcastReceiver: received broadcast packageName: com.example.mobiledigger, current user: UserHandle{0}, packageChangeEvent: UPDATE, intent user: UserHandle{0}
11-10 15:48:53.247  1884  1884 D AS.AudioService: received android.intent.action.PACKAGE_ADDED replacing: true archival: false for package com.example.mobiledigger with uid 10658
11-10 15:48:53.247  1884  2730 D BackgroundInstallControlService: Package event received: 0
11-10 15:48:53.247  1488 22302 D NativePermissionController: updatePackagesForUid, UidPackageState{uid: 10658, packageNames: [com.example.mobiledigger]}
11-10 15:48:53.248  3130  3339 D EuiccConnector: handleMessage: new destination call exit/enter
11-10 15:48:53.248  3130  3339 D EuiccConnector: setupTempStateStackWithStatesToEnter: X mTempStateStackCount=1,curStateInfo: state=UnavailableState,active=true,parent=null
11-10 15:48:53.248  3130  3339 D EuiccConnector: invokeExitMethods: AvailableState
11-10 15:48:53.248  3130  3339 D EuiccConnector: moveTempStackToStateStack: i=0,j=1
11-10 15:48:53.248  3130  3339 D EuiccConnector: moveTempStackToStateStack: X mStateStackTop=1,startingIndex=1,Top=AvailableState
11-10 15:48:53.248  3130  3339 D EuiccConnector: invokeEnterMethods: AvailableState
11-10 15:48:53.248  3130  3339 D EuiccConnector: handleMessage: X
11-10 15:48:53.248  3130  3339 D EuiccConnector: handleMessage: E msg.what=1
11-10 15:48:53.248  3130  3339 D EuiccConnector: processMsg: AvailableState
11-10 15:48:53.248  3130  3339 D EuiccConnector: processMsg: UnavailableState
11-10 15:48:53.249  3130  3339 D EuiccConnector: transitionTo: destState=AvailableState
11-10 15:48:53.250  1431  2167 W USF     : USF_API: Drop flicker data, cannot find sampling_id:84682!
11-10 15:48:53.252  1884  2465 I RoleService: Granting default roles...
11-10 15:48:53.256  1884  4375 I AS.AudioService: AudioHardening background playback would be muted for com.example.mobiledigger (10658), level: partial
11-10 15:48:53.256  3130  3339 D EuiccConnector: handleMessage: new destination call exit/enter
11-10 15:48:53.257  3130  3339 D EuiccConnector: setupTempStateStackWithStatesToEnter: X mTempStateStackCount=1,curStateInfo: state=UnavailableState,active=true,parent=null
11-10 15:48:53.257  3130  3339 D EuiccConnector: invokeExitMethods: AvailableState
11-10 15:48:53.257  3130  3339 D EuiccConnector: moveTempStackToStateStack: i=0,j=1
11-10 15:48:53.257  3130  3339 D EuiccConnector: moveTempStackToStateStack: X mStateStackTop=1,startingIndex=1,Top=AvailableState
11-10 15:48:53.257  3130  3339 D EuiccConnector: invokeEnterMethods: AvailableState
11-10 15:48:53.257  3130  3339 D EuiccConnector: handleMessage: X
11-10 15:48:53.257  3130  3339 D EuiccConnector: handleMessage: E msg.what=103
11-10 15:48:53.257  3130  3339 D EuiccConnector: processMsg: AvailableState
11-10 15:48:53.257  3130  3339 D EuiccConnector: deferMessage: msg=103
11-10 15:48:53.257  3130  3339 D EuiccConnector: transitionTo: destState=BindingState
11-10 15:48:53.257  3130  3339 D EuiccConnector: handleMessage: new destination call exit/enter
11-10 15:48:53.257  3130  3339 D EuiccConnector: setupTempStateStackWithStatesToEnter: X mTempStateStackCount=1,curStateInfo: null
11-10 15:48:53.257  3130  3339 D EuiccConnector: invokeExitMethods: AvailableState
11-10 15:48:53.257  3130  3339 D EuiccConnector: invokeExitMethods: UnavailableState
11-10 15:48:53.257  3130  3339 D EuiccConnector: moveTempStackToStateStack: i=0,j=0
11-10 15:48:53.257  3130  3339 D EuiccConnector: moveTempStackToStateStack: X mStateStackTop=0,startingIndex=0,Top=BindingState
11-10 15:48:53.257  3130  3339 D EuiccConnector: invokeEnterMethods: BindingState
11-10 15:48:53.258  1884  2920 E RoleControllerServiceImpl: Default/fallback role holder package doesn't qualify for the role, package: com.google.android.retaildemo, role: android.app.role.RETAIL_DEMO, user: 0
11-10 15:48:53.258  1884  2920 E RoleControllerServiceImpl: Default/fallback role holder package doesn't qualify for the role, package: com.google.android.gms.supervision, role: android.app.role.SYSTEM_SUPERVISION, user: 0
11-10 15:48:53.259  3130  3130 E SmsApplication: com.google.android.apps.messaging lost android:read_cell_broadcasts:  (fixing)
11-10 15:48:53.259  1884  5665 W AppOpService: Ignored setUidMode call for runtime permission app op: uid = 10140, code = READ_CELL_BROADCASTS, mode = allow, callingUid = 1001, oldMode = allow
11-10 15:48:53.260 31972 31972 I Finsky:background: [2] IQ: onPackageRemoved com.example.mobiledigger, replacing=true, uninstallingFromPlay=false
11-10 15:48:53.260  1431  2167 W USF     : USF_API: Drop flicker data, cannot find sampling_id:84682!
11-10 15:48:53.261  1884  2730 D BackgroundInstallControlService: Package event received: 0
11-10 15:48:53.265  1884  4379 W AppOpService: Ignored setUidMode call for runtime permission app op: uid = 1001, code = READ_SMS, mode = allow, callingUid = 1001, oldMode = allow
11-10 15:48:53.266  1884  2819 D ActivityManager: sync unfroze 14132 com.google.android.euicc for 6
11-10 15:48:53.266  1884  2730 D BackgroundInstallControlService: Package event received: 0
11-10 15:48:53.267 31972  6695 I Finsky:background: [1198] Wrote row to frosting DB: 134072
11-10 15:48:53.269 14132 14132 D ActivityThread: Package [com.example.mobiledigger] reported as REPLACED, but missing application info. Assuming REMOVED.
11-10 15:48:53.269  1884  4398 W AppOpService: Ignored setUidMode call for runtime permission app op: uid = 1001, code = RECEIVE_SMS, mode = allow, callingUid = 1001, oldMode = allow
11-10 15:48:53.270  1884  4398 W AppOpService: Ignored setUidMode call for runtime permission app op: uid = 1001, code = RECEIVE_WAP_PUSH, mode = allow, callingUid = 1001, oldMode = allow
11-10 15:48:53.270  1884  4379 W AppOpService: Ignored setUidMode call for runtime permission app op: uid = 1001, code = SEND_SMS, mode = allow, callingUid = 1001, oldMode = allow
11-10 15:48:53.270  1431  2167 W USF     : USF_API: Drop flicker data, cannot find sampling_id:84682!
11-10 15:48:53.270 14132 14132 D ActivityThread: Package [com.example.mobiledigger] reported as REPLACED, but missing application info. Assuming REMOVED.
11-10 15:48:53.271  1884  5488 W AppOpService: Ignored setUidMode call for runtime permission app op: uid = 1001, code = READ_CELL_BROADCASTS, mode = allow, callingUid = 1001, oldMode = allow
11-10 15:48:53.274  3130  3130 D CarrierSvcBindHelper: onPackageUpdateFinished: com.example.mobiledigger
11-10 15:48:53.275  3130  3339 D EuiccConnector: transitionTo: destState=DisconnectedState
11-10 15:48:53.275  3130  3339 D EuiccConnector: moveDeferredMessageAtFrontOfQueue; what=103
11-10 15:48:53.275  3130  3339 D EuiccConnector: handleMessage: new destination call exit/enter
11-10 15:48:53.275  3130  3339 D EuiccConnector: setupTempStateStackWithStatesToEnter: X mTempStateStackCount=1,curStateInfo: null
11-10 15:48:53.275  3130  3339 D EuiccConnector: invokeExitMethods: BindingState
11-10 15:48:53.275  3130  3339 D EuiccConnector: moveTempStackToStateStack: i=0,j=0
11-10 15:48:53.275  3130  3339 D EuiccConnector: moveTempStackToStateStack: X mStateStackTop=0,startingIndex=0,Top=DisconnectedState
11-10 15:48:53.275  3130  3339 D EuiccConnector: invokeEnterMethods: DisconnectedState
11-10 15:48:53.275  3130  3339 D EuiccConnector: handleMessage: X
11-10 15:48:53.275  3130  3339 D EuiccConnector: handleMessage: E msg.what=103
11-10 15:48:53.275  3130  3339 D EuiccConnector: processMsg: DisconnectedState
11-10 15:48:53.275  3130  3339 D EuiccConnector: deferMessage: msg=103
11-10 15:48:53.275  3130  3339 D EuiccConnector: handleMessage: X
11-10 15:48:53.276  1884  1884 D AppSearchAppsIndexerManagerS: userid in package receiver: 10658
11-10 15:48:53.278  1884  2730 D BackgroundInstallControlService: Package event received: 0
11-10 15:48:53.279  1884  2730 D BackgroundInstallControlService: Package event received: 0
11-10 15:48:53.280  1431  2167 W USF     : USF_API: Drop flicker data, cannot find sampling_id:84682!
11-10 15:48:53.280  1884  1884 D BackupManagerConstants: getFullBackupIntervalMilliseconds(...) returns 86400000
11-10 15:48:53.280  1884  1884 D BackupManagerConstants: getFullBackupRequiredNetworkType(...) returns 2
11-10 15:48:53.280  1884  1884 D BackupManagerConstants: getFullBackupRequireCharging(...) returns true
11-10 15:48:53.284  3130  3130 D CarrierSvcBindHelper: No carrier app for: 0
11-10 15:48:53.284  3130  3130 D CarrierSvcBindHelper: No carrier app for: 1
11-10 15:48:53.285  3130  3130 D CarrierSvcBindHelper: onPackageModified: com.example.mobiledigger
11-10 15:48:53.285  3130  3130 D CarrierSvcBindHelper: No carrier app for: 0
11-10 15:48:53.285  3130  3130 D CarrierSvcBindHelper: No carrier app for: 1
11-10 15:48:53.289 12090  5910 I PermissionControllerServiceImpl: Updating user sensitive for uid 10658
11-10 15:48:53.290 29449 29449 I Finsky  : [2] AIM: AppInfoCacheUpdater -> invalidating apps: [com.example.mobiledigger]
11-10 15:48:53.290 29449 29449 I Finsky  : [2] AIM: AppInfoManager-Perf > getApps > called for 1 apps
11-10 15:48:53.290  1431  2167 W USF     : USF_API: Drop flicker data, cannot find sampling_id:84682!
11-10 15:48:53.296 31972 31972 I Finsky:background: [2] agim - Received: android.intent.action.PACKAGE_ADDED, [F8SdPmz-nDnkHAASXyGhRL_JSafYynzTZ1KyLvYja6g]
11-10 15:48:53.300 14132 14132 I EuiccGoogle: [2] NetworkFetcher.getFirstActiveEuiccSlotId: isRemovableEsimDefault: false
11-10 15:48:53.301  1431  2167 W USF     : USF_API: Drop flicker data, cannot find sampling_id:84682!
11-10 15:48:53.301  3130  3130 E SmsApplication: com.google.android.apps.messaging lost android:read_cell_broadcasts:  (fixing)
11-10 15:48:53.301  1884  2819 W AppOpService: Ignored setUidMode call for runtime permission app op: uid = 10140, code = READ_CELL_BROADCASTS, mode = allow, callingUid = 1001, oldMode = allow
11-10 15:48:53.302 31972  6708 I Finsky:background: [1200] IQ: handled package removed
11-10 15:48:53.302  1884  2920 I Role    : com.google.android.gms not qualified for android.app.role.SYSTEM_DEPENDENCY_INSTALLER due to missing RequiredComponent{mIntentFilterData=IntentFilterData{mAction='android.content.pm.action.INSTALL_DEPENDENCY', mCategories='[]', mDataScheme='null', mDataType='null'}, mMinTargetSdkVersion=1, mFlags='0', mPermission='android.permission.BIND_DEPENDENCY_INSTALLER', mQueryFlags=0, mMetaData=[]}
11-10 15:48:53.302  1884  2920 E RoleControllerServiceImpl: Default/fallback role holder package doesn't qualify for the role, package: com.google.android.gms, role: android.app.role.SYSTEM_DEPENDENCY_INSTALLER, user: 0
11-10 15:48:53.306  1884  2819 W AppOpService: Ignored setUidMode call for runtime permission app op: uid = 1001, code = READ_SMS, mode = allow, callingUid = 1001, oldMode = allow
11-10 15:48:53.307 14132 14132 I EuiccGoogle: [2] EuiccServiceImpl.onCreate: onCreate DSDS mode: simCardState is 11
11-10 15:48:53.307  1884  2819 W AppOpService: Ignored setUidMode call for runtime permission app op: uid = 1001, code = RECEIVE_SMS, mode = allow, callingUid = 1001, oldMode = allow
11-10 15:48:53.307  1884  2819 W AppOpService: Ignored setUidMode call for runtime permission app op: uid = 1001, code = RECEIVE_WAP_PUSH, mode = allow, callingUid = 1001, oldMode = allow
11-10 15:48:53.307  1884  4379 W AppOpService: Ignored setUidMode call for runtime permission app op: uid = 1001, code = SEND_SMS, mode = allow, callingUid = 1001, oldMode = allow
11-10 15:48:53.307  1884  4379 W AppOpService: Ignored setUidMode call for runtime permission app op: uid = 1001, code = READ_CELL_BROADCASTS, mode = allow, callingUid = 1001, oldMode = allow
11-10 15:48:53.310 14132 14132 I EuiccGoogle: [2] Partner.getResourceEntry$ar$ds$ar$class_merging$ar$class_merging$ar$class_merging: Partner app=com.google.android.euiccoverlay, Resource name=esim_supported_countries, type=string, partnerResId = 0
11-10 15:48:53.310  1431  2167 W USF     : USF_API: Drop flicker data, cannot find sampling_id:84682!
11-10 15:48:53.310 14132 14132 I EuiccGoogle: [2] Partner.getResourceEntry$ar$ds$ar$class_merging$ar$class_merging$ar$class_merging: Partner app=com.google.android.euiccoverlay, Resource name=esim_unsupported_countries, type=string, partnerResId = 2131689525
11-10 15:48:53.312 31972  6695 I Finsky:background: [1198] Wrote row to frosting DB: 134073
11-10 15:48:53.312  1884  4325 W AppSearchAppsUtil: getDynamicAppFunctionSchemasForPackages: Failed to get schema property for package: com.google.android.apps.wellbeing
11-10 15:48:53.312  1884  4325 W AppSearchAppsUtil: android.content.pm.PackageManager$NameNotFoundException
11-10 15:48:53.312  1884  4325 W AppSearchAppsUtil: 	at android.app.ApplicationPackageManager.getPropertyAsUser(ApplicationPackageManager.java:3965)
11-10 15:48:53.312  1884  4325 W AppSearchAppsUtil: 	at android.app.ApplicationPackageManager.getProperty(ApplicationPackageManager.java:3952)
11-10 15:48:53.312  1884  4325 W AppSearchAppsUtil: 	at com.android.server.appsearch.appsindexer.AppsIndexerImpl.doUpdateIncrementalPut(go/retraceme 7965b89a256ee83d6a37d50af223386e31a1f9c90240702ba162172dbd131206:76)
11-10 15:48:53.312  1884  4325 W AppSearchAppsUtil: 	at com.android.server.appsearch.appsindexer.AppsIndexerUserInstance.doUpdate(go/retraceme 7965b89a256ee83d6a37d50af223386e31a1f9c90240702ba162172dbd131206:75)
11-10 15:48:53.312  1884  4325 W AppSearchAppsUtil: 	at com.android.server.appsearch.appsindexer.AppsIndexerUserInstance$$ExternalSyntheticLambda3.run(go/retraceme 7965b89a256ee83d6a37d50af223386e31a1f9c90240702ba162172dbd131206:11)
11-10 15:48:53.312  1884  4325 W AppSearchAppsUtil: 	at com.android.server.appsearch.appsindexer.AppsIndexerUserInstance$$ExternalSyntheticLambda0.run(go/retraceme 7965b89a256ee83d6a37d50af223386e31a1f9c90240702ba162172dbd131206:10)
11-10 15:48:53.312  1884  4325 W AppSearchAppsUtil: 	at java.util.concurrent.ThreadPoolExecutor.runWorker(ThreadPoolExecutor.java:1156)
11-10 15:48:53.312  1884  4325 W AppSearchAppsUtil: 	at java.util.concurrent.ThreadPoolExecutor$Worker.run(ThreadPoolExecutor.java:651)
11-10 15:48:53.312  1884  4325 W AppSearchAppsUtil: 	at java.lang.Thread.run(Thread.java:1119)
11-10 15:48:53.313  1884  4325 W AppSearchAppsUtil: getDynamicAppFunctionSchemasForPackages: Failed to get schema property for package: com.google.android.apps.wearables.maestro.companion
11-10 15:48:53.313  1884  4325 W AppSearchAppsUtil: android.content.pm.PackageManager$NameNotFoundException
11-10 15:48:53.313  1884  4325 W AppSearchAppsUtil: 	at android.app.ApplicationPackageManager.getPropertyAsUser(ApplicationPackageManager.java:3965)
11-10 15:48:53.313  1884  4325 W AppSearchAppsUtil: 	at android.app.ApplicationPackageManager.getProperty(ApplicationPackageManager.java:3952)
11-10 15:48:53.313  1884  4325 W AppSearchAppsUtil: 	at com.android.server.appsearch.appsindexer.AppsIndexerImpl.doUpdateIncrementalPut(go/retraceme 7965b89a256ee83d6a37d50af223386e31a1f9c90240702ba162172dbd131206:76)
11-10 15:48:53.313  1884  4325 W AppSearchAppsUtil: 	at com.android.server.appsearch.appsindexer.AppsIndexerUserInstance.doUpdate(go/retraceme 7965b89a256ee83d6a37d50af223386e31a1f9c90240702ba162172dbd131206:75)
11-10 15:48:53.313  1884  4325 W AppSearchAppsUtil: 	at com.android.server.appsearch.appsindexer.AppsIndexerUserInstance$$ExternalSyntheticLambda3.run(go/retraceme 7965b89a256ee83d6a37d50af223386e31a1f9c90240702ba162172dbd131206:11)
11-10 15:48:53.313  1884  4325 W AppSearchAppsUtil: 	at com.android.server.appsearch.appsindexer.AppsIndexerUserInstance$$ExternalSyntheticLambda0.run(go/retraceme 7965b89a256ee83d6a37d50af223386e31a1f9c90240702ba162172dbd131206:10)
11-10 15:48:53.313  1884  4325 W AppSearchAppsUtil: 	at java.util.concurrent.ThreadPoolExecutor.runWorker(ThreadPoolExecutor.java:1156)
11-10 15:48:53.313  1884  4325 W AppSearchAppsUtil: 	at java.util.concurrent.ThreadPoolExecutor$Worker.run(ThreadPoolExecutor.java:651)
11-10 15:48:53.313  1884  4325 W AppSearchAppsUtil: 	at java.lang.Thread.run(Thread.java:1119)
11-10 15:48:53.314  3130  3130 E SmsApplication: com.google.android.apps.messaging lost android:read_cell_broadcasts:  (fixing)
11-10 15:48:53.315  1884  4379 W AppOpService: Ignored setUidMode call for runtime permission app op: uid = 10140, code = READ_CELL_BROADCASTS, mode = allow, callingUid = 1001, oldMode = allow
11-10 15:48:53.315 12933 12955 D AlphabeticIndexCompat: computeSectionName: cs: MobileDigger sectionName: M
11-10 15:48:53.316 12933 12933 D AllAppsStore: setApps: apps.length=148
11-10 15:48:53.316 12933 12933 D AllAppsStore: notifyUpdate: notifying listeners
11-10 15:48:53.316 12933 12933 D ActivityAllAppsContainerView: onAppsUpdated; number of apps: 148
11-10 15:48:53.316 12933 12933 D ActivityAllAppsContainerView: rebindAdapters: force: false
11-10 15:48:53.317 12933 12933 D ActivityAllAppsContainerView: rebindAdapters: Not needed.
11-10 15:48:53.317 12933 12933 D StatsLog: LAUNCHER_ALLAPPS_COUNT
11-10 15:48:53.318 12933 12933 D AlphabeticalAppsList: Clearing FastScrollerSections.
11-10 15:48:53.318 12933 12933 D AlphabeticalAppsList: Adding apps with sections. HasPrivateApps: false
11-10 15:48:53.318 12933 12933 D AlphabeticalAppsList: addAppsWithSections: adding sectionName:  with appInfoTitle: 1Password
